Archive member included to satisfy reference by file (symbol)

../../Compiler/COMMON/SGL_302j/LIB_ELF/LIBCPK.A(cpk_lib.o)
                              ../../jo_engine/video.o (symbol from plugin) (CPK_Init)
../../Compiler/COMMON/SGL_302j/LIB_ELF/LIBCPK.A(cpk_gfs.o)
                              ../../jo_engine/video.o (symbol from plugin) (CPK_CreateGfsMovie)
../../Compiler/COMMON/SGL_302j/LIB_ELF/LIBCPK.A(cpk_mp.o)
                              ../../Compiler/COMMON/SGL_302j/LIB_ELF/LIBCPK.A(cpk_lib.o) (CPK_MeSetErrCode)
../../Compiler/COMMON/SGL_302j/LIB_ELF/LIBCPK.A(cpk_time.o)
                              ../../Compiler/COMMON/SGL_302j/LIB_ELF/LIBCPK.A(cpk_mp.o) (cpk_InitClock)
../../Compiler/COMMON/SGL_302j/LIB_ELF/LIBCPK.A(cpk_vide.o)
                              ../../Compiler/COMMON/SGL_302j/LIB_ELF/LIBCPK.A(cpk_mp.o) (cpk_InitVideo)
../../Compiler/COMMON/SGL_302j/LIB_ELF/LIBCPK.A(cpk_audi.o)
                              ../../Compiler/COMMON/SGL_302j/LIB_ELF/LIBCPK.A(cpk_mp.o) (cpk_Polling)
../../Compiler/COMMON/SGL_302j/LIB_ELF/LIBCPK.A(cpk_etc.o)
                              ../../Compiler/COMMON/SGL_302j/LIB_ELF/LIBCPK.A(cpk_mp.o) (cpk_bit_msk)
../../Compiler/COMMON/SGL_302j/LIB_ELF/LIBCPK.A(cpk_deb.o)
                              ../../Compiler/COMMON/SGL_302j/LIB_ELF/LIBCPK.A(cpk_mp.o) (cpkd_sys)
../../Compiler/COMMON/SGL_302j/LIB_ELF/LIBCPK.A(slavesh.o)
                              ../../Compiler/COMMON/SGL_302j/LIB_ELF/LIBCPK.A(cpk_vide.o) (SlaveCommand)
../../Compiler/COMMON/SGL_302j/LIB_ELF/LIBCPK.A(cpk_ra15.o)
                              ../../Compiler/COMMON/SGL_302j/LIB_ELF/LIBCPK.A(cpk_vide.o) (cpk_DecIntra15)
../../Compiler/COMMON/SGL_302j/LIB_ELF/LIBCPK.A(cpk_er15.o)
                              ../../Compiler/COMMON/SGL_302j/LIB_ELF/LIBCPK.A(cpk_vide.o) (cpk_DecInter15)
../../Compiler/COMMON/SGL_302j/LIB_ELF/LIBCPK.A(cpk_mc15.o)
                              ../../Compiler/COMMON/SGL_302j/LIB_ELF/LIBCPK.A(cpk_vide.o) (cpk_MakeCodeBook15from24)
../../Compiler/COMMON/SGL_302j/LIB_ELF/LIBCPK.A(cpk_scu.o)
                              ../../Compiler/COMMON/SGL_302j/LIB_ELF/LIBCPK.A(cpk_mp.o) (cpk_InitScuDspDma)
../../Compiler/COMMON/SGL_302j/LIB_ELF/LIBSND.A(snd_main.o)
                              ../../Compiler/COMMON/SGL_302j/LIB_ELF/LIBCPK.A(cpk_audi.o) (SND_StartPcm)
../../Compiler/COMMON/SGL_302j/LIB_ELF/SEGA_SYS.A(sys_exit.o)
                              ../../jo_engine/core.o (symbol from plugin) (SYS_Exit)
../../Compiler/COMMON/SGL_302j/LIB_ELF/SEGA_SYS.A(sys_sub.o)
                              ../../Compiler/COMMON/SGL_302j/LIB_ELF/SEGA_SYS.A(sys_exit.o) (SYSUB_SetStackptr)
../../Compiler/COMMON/SGL_302j/LIB_ELF/LIBCD.A(CDC_CMN.O)
                              ../../Compiler/COMMON/SGL_302j/LIB_ELF/SEGA_SYS.A(sys_exit.o) (CDC_GetCurStat)
../../Compiler/COMMON/SGL_302j/LIB_ELF/LIBCD.A(CDC_DRV.O)
                              ../../jo_engine/audio.o (symbol from plugin) (CDC_CdPlay)
../../Compiler/COMMON/SGL_302j/LIB_ELF/LIBCD.A(CDC_CFS.O)
                              ../../Compiler/COMMON/SGL_302j/LIB_ELF/SEGA_SYS.A(sys_exit.o) (CDC_ChgDir)
../../Compiler/COMMON/SGL_302j/LIB_ELF/LIBCD.A(CDC_REG.O)
                              ../../Compiler/COMMON/SGL_302j/LIB_ELF/SEGA_SYS.A(sys_exit.o) (CDC_GetHirqReq)
../../Compiler/COMMON/SGL_302j/LIB_ELF/LIBCD.A(CDC_SUB.O)
                              ../../Compiler/COMMON/SGL_302j/LIB_ELF/LIBCD.A(CDC_CMN.O) (CDSUB_UpdStatus)
../../Compiler/COMMON/SGL_302j/LIB_ELF/LIBCD.A(GFS.O)
                              ../../jo_engine/fs.o (symbol from plugin) (GFS_Init)
../../Compiler/COMMON/SGL_302j/LIB_ELF/LIBCD.A(GFS_BUF.O)
                              ../../Compiler/COMMON/SGL_302j/LIB_ELF/LIBCD.A(GFS.O) (GFBF_GetNumData)
../../Compiler/COMMON/SGL_302j/LIB_ELF/LIBCD.A(GFS_CDB.O)
                              ../../Compiler/COMMON/SGL_302j/LIB_ELF/LIBCD.A(GFS.O) (GFCB_Close)
../../Compiler/COMMON/SGL_302j/LIB_ELF/LIBCD.A(GFS_CDC.O)
                              ../../Compiler/COMMON/SGL_302j/LIB_ELF/LIBCD.A(GFS.O) (GFCD_SetCdbfs)
../../Compiler/COMMON/SGL_302j/LIB_ELF/LIBCD.A(GFS_CDF.O)
                              ../../Compiler/COMMON/SGL_302j/LIB_ELF/LIBCD.A(GFS.O) (GFCF_Init)
../../Compiler/COMMON/SGL_302j/LIB_ELF/LIBCD.A(GFS_DIR.O)
                              ../../Compiler/COMMON/SGL_302j/LIB_ELF/LIBCD.A(GFS.O) (GFDR_SetupDirTbl)
../../Compiler/COMMON/SGL_302j/LIB_ELF/LIBCD.A(GFS_TRN.O)
                              ../../Compiler/COMMON/SGL_302j/LIB_ELF/LIBCD.A(GFS.O) (GFTR_Setup)
../../Compiler/COMMON/SGL_302j/LIB_ELF/LIBCD.A(CDC_DEV.O)
                              ../../Compiler/COMMON/SGL_302j/LIB_ELF/LIBCD.A(GFS_CDC.O) (CDC_CdSetCon)
../../Compiler/COMMON/SGL_302j/LIB_ELF/LIBCD.A(CDC_SEL.O)
                              ../../Compiler/COMMON/SGL_302j/LIB_ELF/LIBCD.A(GFS_CDC.O) (CDC_SetFiltRange)
../../Compiler/COMMON/SGL_302j/LIB_ELF/LIBCD.A(CDC_BIF.O)
[...]
Memory Configuration

Name             Origin             Length             Attributes
*default*        0x0000000000000000 0xffffffffffffffff

Linker script and memory map

TARGET(elf32-sh)

SLSTART         0x0000000006004000       0x30
                0x0000000006004000                ___Start = .
 *(SLSTART)
 SLSTART        0x0000000006004000       0x28 ../../Compiler/COMMON/SGL_302j/LIB_ELF/LIBSGL.A(sglI00.o)
                0x0000000006004000                SGL_Start
                0x0000000006004002                slStartSGL

.text           0x0000000006004040    0x1f530
 *(.text)
 .text          0x0000000006004040        0x0 ../../Compiler/COMMON/SGL_302j/LIB_ELF/SGLAREA.O
 .text          0x0000000006004040     0xb18c /tmp/ccmuXkDq.ltrans0.ltrans.o
 *fill*         0x000000000600f1cc        0x4 
 .text          0x000000000600f1d0      0xac4 ../../Compiler/COMMON/SGL_302j/LIB_ELF/LIBCPK.A(cpk_lib.o)
                0x000000000600f1d0                CPK_Init
                0x000000000600f1f4                CPK_Finish
                0x000000000600f20c                CPK_CreateMemMovie
                0x000000000600f304                CPK_DestroyMemMovie
                0x000000000600f354                CPK_Task
                0x000000000600f3ac                CPK_VblIn
                0x000000000600f3c4                CPK_Start
                0x000000000600f3f0                CPK_Stop
                0x000000000600f41c                CPK_Pause
                0x000000000600f44c                CPK_GetTime
                0x000000000600f4c0                CPK_SetPcmStreamNo
                0x000000000600f504                CPK_SetPan
                0x000000000600f534                CPK_SetVolume
                0x000000000600f564                CPK_SetSpeed
                0x000000000600f594                CPK_EntryNext
                0x000000000600f5ac                CPK_Change
                0x000000000600f670                CPK_CheckChange
                0x000000000600f688                CPK_SetDecodeAddr
                0x000000000600f6d4                CPK_SetLoadNum
                0x000000000600f710                CPK_GetTimeScale
                0x000000000600f770                CPK_GetPlayStatus
                0x000000000600f7a0                CPK_GetHeader
                0x000000000600f7d0                CPK_IsDispTime
                0x000000000600f82c                CPK_IsKeyframe
                0x000000000600f864                CPK_CompleteDisp
                0x000000000600f8b0                CPK_GetErr
                0x000000000600f8c8                CPK_SetErrFunc
                0x000000000600f8e0                CPK_SetCpu
                0x000000000600f8f8                CPK_GetWriteBuf
                0x000000000600f930                CPK_NotifyWriteSize
                0x000000000600f96c                CPK_PreloadMovie
                0x000000000600f9c4                CPK_PreloadHeader
                0x000000000600fa64                CPK_SetColor
                0x000000000600fa94                CPK_SetKeyOutRange
                0x000000000600fac4                CPK_SetSilenceRate
                0x000000000600faf4                CPK_SetTrModePcm
                0x000000000600fb40                CPK_SetTrModeCd
                0x000000000600fb8c                CPK_AllocScuDsp
                0x000000000600fba4                CPK_FreeScuDsp
                0x000000000600fbbc                CPK_SetStartTrgSize
                0x000000000600fbec                CPK_GetStockSize
                0x000000000600fc40                CPK_GetStockTime
 *fill*         0x000000000600fc94        0xc 
 .text          0x000000000600fca0      0x624 ../../Compiler/COMMON/SGL_302j/LIB_ELF/LIBCPK.A(cpk_gfs.o)
                0x000000000600fca0                CPK_CreateGfsMovie
                0x000000000600fe1c                CPK_DestroyGfsMovie
                0x000000000600fe6c                CPK_GfsCreate
                0x000000000600febc                CPK_GfsSetLoadNum
                0x000000000600ff2c                CPK_GfsStart
                0x000000000600ff44                CPK_GfsTask
                0x000000000600ff90                cpkgfs_loadBuf
                0x00000000060100e0                CPK_GfsPreloadMovie
                0x0000000006010198                CPK_GfsSetTrMode
                0x00000000060101e0                CPK_GfsGetStockSize
                0x000000000601023c                CPK_GfsGetStockTime
 *fill*         0x00000000060102c4        0xc 
 .text          0x00000000060102d0     0x2338 ../../Compiler/COMMON/SGL_302j/LIB_ELF/LIBCPK.A(cpk_mp.o)
                0x00000000060102f4                CPK_MeSetErrCode
                0x000000000601035c                CPK_MeGetErrCode
                0x000000000601036c                CPK_MeSetErrFunc
                0x0000000006010384                CPK_MeSetCpu
                0x00000000060103ac                cpk_InitPcm
                0x00000000060103b8                CPK_MeSetTrModePcm
                0x00000000060103e4                CPK_MeInit
                0x00000000060104bc                CPK_MeFinish
                0x0000000006010520                cpk_CountUpVblCnt
                0x00000000060105b4                CPK_MeVblIn
                0x000000000601062c                CPK_MeCreate
                0x00000000060108b0                CPK_MeDestroy
                0x0000000006010948                CPK_MeGetWrite
                0x00000000060109d4                CPK_MeRenewWrite
                0x0000000006010a78                cpk_ChkCopyFlop
                0x0000000006010b80                CPK_MeGetStockSize
                0x0000000006010b9c                CPK_MeGetStockTime
                0x0000000006010bd4                CPK_MeGetPara
                0x0000000006010be4                CPK_MeGetStatus
                0x0000000006010bf4                CPK_MeGetHeader
                0x0000000006010c08                CPK_MeStart
                0x0000000006010c18                cpk_RemoveReturnNoise
                0x0000000006010c78                CPK_MeAllocScuDsp
                0x0000000006010cac                CPK_MeFreeScuDsp
                0x0000000006010cd0                cpk_CheckDma
                0x0000000006010e50                cpk_WaitDmaFinish
                0x0000000006010e98                CPK_MeStop
                0x0000000006010ed0                cpk_PauseOn
                0x0000000006011034                cpk_PauseOff
                0x00000000060110fc                CPK_MePause
                0x0000000006011168                cpk_HeaderProcess
                0x00000000060113cc                cpk_StartTimer
                0x00000000060114b8                CPK_MeSetDecodeTiming
                0x00000000060114d4                CPK_MeSetColor
                0x00000000060114e4                CPK_MeSetPan
                0x0000000006011508                CPK_MeSetVolume
                0x000000000601152c                CPK_MeSetSpeed
                0x0000000006011560                CPK_MeSetCkeyCutoff
                0x0000000006011570                CPK_MeSetSilenceRate
                0x0000000006011580                CPK_MeSetKomaotoshi
                0x0000000006011590                CPK_MeSetStartTrgSize
                0x000000000601159c                cpk_CheckSeamless
                0x0000000006011634                cpk_StartNext
                0x000000000601170c                CPK_MeEntryNext
                0x000000000601171c                CPK_MeGetEntryNext
                0x000000000601172c                CPK_MeCheckChange
                0x00000000060117ec                CPK_MeChange
                0x0000000006011820                CPK_MeGetHandle
                0x0000000006011850                CPK_MeIsCreate
                0x0000000006011884                cpk_RequestDispFrameOn
                0x0000000006011920                CPK_MeRequestDispFrameOff
                0x0000000006011988                cpk_AudioProcess
                0x0000000006011d74                cpk_FillSilence
                0x0000000006011f4c                cpk_VideoProcess
                0x00000000060122e0                CPK_MeTask
 *fill*         0x0000000006012608        0x8 
 .text          0x0000000006012610      0x8e0 ../../Compiler/COMMON/SGL_302j/LIB_ELF/LIBCPK.A(cpk_time.o)
                0x0000000006012610                cpk_InitClock
                0x0000000006012638                cpk_GetCount
                0x00000000060126ac                cpk_StartClock
                0x00000000060126fc                cpk_GetClock
                0x0000000006012750                cpk_GetTimePcm
                0x0000000006012834                CPK_MeGetTime
                0x0000000006012d04                CPK_MeGetTimeTotal
                0x0000000006012dec                cpk_AudioSize2Sample
                0x0000000006012e2c                cpk_Offset2Time
 .text          0x0000000006012ef0     0x138c ../../Compiler/COMMON/SGL_302j/LIB_ELF/LIBCPK.A(cpk_vide.o)
                0x0000000006012ef0                cpk_InitVideo
                0x0000000006013274                cpk_SeeThrough15
                0x0000000006013b1c                cpk_VideoSampleCvid
                0x0000000006013f90                cpk_VideoSampleNone
 *fill*         0x000000000601427c        0x4 
 .text          0x0000000006014280      0x86e ../../Compiler/COMMON/SGL_302j/LIB_ELF/LIBCPK.A(cpk_audi.o)
                0x0000000006014394                cpk_4ksampleProcess
                0x0000000006014424                cpk_InitPolling
                0x0000000006014450                cpk_Polling
                0x00000000060144c0                cpk_GetSmplingRatePcmLevel
                0x000000000601450c                cpk_ChangePcmPara
                0x0000000006014660                cpk_StartPcm
                0x0000000006014870                cpk_StopPcm
                0x000000000601493c                cpk_RotatePcmbuf
                0x00000000060149d4                cpk_GetPcmWrite
                0x0000000006014a88                cpk_RenewPcmWrite
 *fill*         0x0000000006014aee        0x2 
 .text          0x0000000006014af0      0x20c ../../Compiler/COMMON/SGL_302j/LIB_ELF/LIBCPK.A(cpk_etc.o)
                0x0000000006014af0                cpk_bit_msk
                0x0000000006014b70                cpk_bittbl
                0x0000000006014b78                cpk_MemsetWord
                0x0000000006014b94                cpk_MemsetDword
                0x0000000006014bb0                cpk_MemcpyDword
                0x0000000006014bd4                cpk_MemmoveByte
                0x0000000006014c18                cpk_MemmoveDword
                0x0000000006014c60                cpk_RotateByte
                0x0000000006014cac                cpk_RotateDword
 *fill*         0x0000000006014cfc        0x4 
 .text          0x0000000006014d00      0x184 ../../Compiler/COMMON/SGL_302j/LIB_ELF/LIBCPK.A(cpk_deb.o)
                0x0000000006014d00                CPKD_SetMode
                0x0000000006014d10                CPKD_SetPrintAddr
                0x0000000006014d54                CPKD_Init
                0x0000000006014df8                CPKD_PrintStr
                0x0000000006014e4c                CPKD_PrintData
 *fill*         0x0000000006014e84        0xc 
 .text          0x0000000006014e90       0xfc ../../Compiler/COMMON/SGL_302j/LIB_ELF/LIBCPK.A(slavesh.o)
                0x0000000006014e90                SMPC_SSHON
                0x0000000006014e91                SMPC_SSHOFF
                0x0000000006014e94                InitSlaveSH
                0x0000000006014f3c                SlaveSHmain
 *fill*         0x0000000006014f8c        0x4 
 .text          0x0000000006014f90      0x12a ../../Compiler/COMMON/SGL_302j/LIB_ELF/LIBCPK.A(cpk_ra15.o)
                0x0000000006014f90                cpk_DecIntra15
 *fill*         0x00000000060150ba        0x6 
 .text          0x00000000060150c0      0x152 ../../Compiler/COMMON/SGL_302j/LIB_ELF/LIBCPK.A(cpk_er15.o)
                0x00000000060150c0                cpk_DecInter15
 *fill*         0x0000000006015212        0xe 
 .text          0x0000000006015220      0x2a4 ../../Compiler/COMMON/SGL_302j/LIB_ELF/LIBCPK.A(cpk_mc15.o)
                0x0000000006015220                cpk_MakeCodeBook15from24
 *fill*         0x00000000060154c4        0xc 
 .text          0x00000000060154d0       0xf0 ../../Compiler/COMMON/SGL_302j/LIB_ELF/LIBCPK.A(cpk_scu.o)
                0x00000000060154d0                cpk_InitScuDspDma
                0x00000000060154ec                cpk_TransScuDspDma
                0x0000000006015502                cpk_WaitCompletedScuDspDma
                0x0000000006015510                cpk_IsCompletedScuDspDma
 .text          0x00000000060155c0     0x10b4 ../../Compiler/COMMON/SGL_302j/LIB_ELF/LIBSND.A(snd_main.o)
                0x00000000060155c0                SND_Init
                0x0000000006015738                SND_MoveData
                0x0000000006015784                SND_ChgMap
                0x000000000601585c                SND_SetTlVl
                0x00000000060158bc                SND_ChgEfct
                0x000000000601591c                SND_ChgMix
                0x0000000006015988                SND_ChgMixPrm
                0x0000000006015a10                SND_ChkHard
                0x0000000006015aac                SND_StopDsp
                0x0000000006015b00                SND_OffAllSound
                0x0000000006015b54                SND_StartSeq
                0x0000000006015bd8                SND_StopSeq
                0x0000000006015c38                SND_PauseSeq
                0x0000000006015c98                SND_ContSeq
                0x0000000006015cf8                SND_SetSeqVl
                0x0000000006015d70                SND_ChgTempo
                0x0000000006015dec                SND_CtrlDirMidi
                0x0000000006015ea4                SND_SetSeqPan
                0x0000000006015f18                SND_StartPcm
                0x0000000006016028                SND_StopPcm
                0x0000000006016088                SND_ChgPcm
                0x0000000006016158                SND_StartVlAnl
                0x00000000060161ac                SND_StopVlAnl
                0x0000000006016200                SND_SetCdDaLev
                0x000000000601627c                SND_SetCdDaPan
                0x00000000060162f8                SND_GetSeqStat
                0x0000000006016320                SND_GetSeqPlayPos
                0x000000000601633c                SND_GetPcmPlayAdr
                0x0000000006016364                SND_GetAnlTlVl
                0x0000000006016380                SND_GetAnlHzVl
                0x000000000601653c                SND_SetQSound
                0x00000000060165a8                SND_Set3D_Stat
                0x0000000006016620                SND_Set3D_Init
 *fill*         0x0000000006016674        0xc 
 .text          0x0000000006016680      0x238 ../../Compiler/COMMON/SGL_302j/LIB_ELF/SEGA_SYS.A(sys_exit.o)
                0x0000000006016680                sys_version
                0x00000000060166a0                SYS_Exit
 *fill*         0x00000000060168b8        0x8 
 .text          0x00000000060168c0        0x6 ../../Compiler/COMMON/SGL_302j/LIB_ELF/SEGA_SYS.A(sys_sub.o)
                0x00000000060168c0                SYSUB_SetStackptr
 *fill*         0x00000000060168c6        0xa 
 .text          0x00000000060168d0      0x3a0 ../../Compiler/COMMON/SGL_302j/LIB_ELF/LIBCD.A(CDC_CMN.O)
                0x00000000060168d0                CDC_GetCurStat
                0x0000000006016920                CDC_GetLastStat
                0x0000000006016938                CDC_GetPeriStat
                0x0000000006016a0c                CDC_GetHwInfo
                0x0000000006016a74                CDC_TgetToc
                0x0000000006016ac4                CDC_GetSes
                0x0000000006016b00                CDC_CdInit
                0x0000000006016b84                CDC_CdOpen
                0x0000000006016bac                CDC_DataReady
                0x0000000006016c18                CDC_DataEnd
 .text          0x0000000006016c70      0x130 ../../Compiler/COMMON/SGL_302j/LIB_ELF/LIBCD.A(CDC_DRV.O)
                0x0000000006016c70                CDC_CdPlay
                0x0000000006016d3c                CDC_CdSeek
                0x0000000006016d70                CDC_CdScan
 .text          0x0000000006016da0      0x194 ../../Compiler/COMMON/SGL_302j/LIB_ELF/LIBCD.A(CDC_CFS.O)
                0x0000000006016da0                CDC_ChgDir
                0x0000000006016dd4                CDC_ReadDir
                0x0000000006016e08                CDC_GetFileScope
                0x0000000006016e68                CDC_TgetFileInfo
                0x0000000006016ec4                CDC_ReadFile
                0x0000000006016ef8                CDC_AbortFile
 *fill*         0x0000000006016f34        0xc 
 .text          0x0000000006016f40      0x2dc ../../Compiler/COMMON/SGL_302j/LIB_ELF/LIBCD.A(CDC_REG.O)
                0x0000000006016f40                CDC_GetDataPtr
                0x0000000006016f50                CDC_GetHirqReq
                0x0000000006016f64                CDC_ClrHirqReq
                0x0000000006016f94                CDREG_ClrHirqReq
                0x0000000006016fa4                CDREG_InitHirqReq
                0x0000000006016fcc                CDREG_SetHirqFlag
                0x0000000006016fe0                CDC_GetHirqMsk
                0x0000000006016ff4                CDC_SetHirqMsk
                0x0000000006017004                CDC_GetMpegPtr
                0x0000000006017014                CDREG_TgetData
                0x0000000006017070                CDREG_CmdRsp
                0x0000000006017170                CDREG_WaitHirq
                0x00000000060171e0                CDREG_ReadRsp
 *fill*         0x000000000601721c        0x4 
 .text          0x0000000006017220      0x152 ../../Compiler/COMMON/SGL_302j/LIB_ELF/LIBCD.A(CDC_SUB.O)
                0x0000000006017220                CDSUB_UpdStatus
                0x0000000006017238                CDSUB_UpdCdstat
                0x0000000006017258                CDSUB_CdCmd
                0x00000000060172c8                CDSUB_GetCdstat
                0x0000000006017308                CDSUB_RspToCdstat
                0x0000000006017350                CDSUB_SoftTimer
 *fill*         0x0000000006017372        0xe 
 .text          0x0000000006017380     0x1adc ../../Compiler/COMMON/SGL_302j/LIB_ELF/LIBCD.A(GFS.O)
                0x0000000006017380                gfs_version
                0x00000000060173a0                GFS_Init
                0x0000000006017488                GFS_LoadDir
                0x0000000006017530                GFS_SetDir
                0x0000000006017598                GFS_NameToId
                0x00000000060175fc                GFS_IdToName
                0x0000000006017668                GFS_GetDirInfo
                0x00000000060176d8                GFS_Reset
                0x000000000601775c                GFS_Open
                0x0000000006017810                GFS_Close
                0x0000000006017848                GFS_Seek
                0x00000000060178fc                GFS_Tell
                0x000000000601794c                GFS_IsEof
                0x00000000060179a0                GFS_ByteToSct
                0x00000000060179fc                GFS_GetFileSize
                0x0000000006017a58                GFS_GetFileInfo
                0x0000000006017acc                GFS_GetNumCdbuf
                0x0000000006017af4                GFS_Load
                0x0000000006017bb8                GFS_Fread
                0x0000000006017c54                gfs_waitRead
                0x0000000006017cfc                GFS_NwFread
                0x0000000006017e08                GFS_NwCdRead
                0x0000000006017e80                GFS_NwIsComplete
                0x0000000006017eb8                GFS_NwStop
                0x0000000006017f24                GFS_NwGetStat
                0x0000000006017fa0                gfs_recovRdErr
                0x0000000006017fd0                GFS_NwExecOne
                0x0000000006018090                GFS_NwExecServer
                0x000000000601810c                GFS_SetGmode
                0x0000000006018170                GFS_SetTmode
                0x00000000060181dc                GFS_SetReadPara
                0x0000000006018240                GFS_SetTransPara
                0x00000000060182ac                GFS_SetTrFunc
                0x0000000006018310                GFS_StartTrans
                0x000000000601835c                GFS_CdMovePickup
                0x00000000060183c8                GFS_SetErrFunc
                0x00000000060183f4                GFS_GetErrStat
                0x0000000006018418                GFS_ConvTno
                0x0000000006018440                gfs_chgRoot
                0x000000000601850c                gfs_aborttrans
                0x0000000006018518                gfs_mngSetupFuncTbl
                0x000000000601854c                gfs_mngInitWork
                0x00000000060185f0                gfs_mngGetNumFile
                0x0000000006018658                GFS_mngAllocGrp
                0x00000000060186a0                gfs_mngFreeGrp
                0x00000000060186ac                gfs_mngTermAccess
                0x0000000006018730                gfs_mngSetErrCode
                0x00000000060187b0                gfs_svrSearchHndl
                0x00000000060187f0                gfs_svrAddHndl
                0x000000000601882c                gfs_svrRemoveHndl
                0x0000000006018888                GFS_OpenSub
                0x00000000060188e0                gfs_loadVol
                0x00000000060189a4                gfs_getRootDir
                0x0000000006018aa0                gfs_loadRootDir
                0x0000000006018b28                gfs_flowIn
                0x0000000006018bd0                gfs_transData
                0x0000000006018c74                GFS_GetFad
                0x0000000006018ccc                gfs_SetSct
                0x0000000006018d0c                gfs_GetFinfo
                0x0000000006018d4c                gfs_closeSub
                0x0000000006018d88                gfs_getGmode
                0x0000000006018d94                gfs_isTaskDone
                0x0000000006018de8                gfs_convFinStat
 *fill*         0x0000000006018e5c        0x4 
 .text          0x0000000006018e60      0x106 ../../Compiler/COMMON/SGL_302j/LIB_ELF/LIBCD.A(GFS_BUF.O)
                0x0000000006018e90                GFBF_GetTranData
                0x0000000006018eb8                GFBF_GetNumData
                0x0000000006018ee8                GFBF_GetSrcPk
                0x0000000006018f10                GFBF_GetSctData
                0x0000000006018f34                GFBF_RtnPk
                0x0000000006018f5c                gfbf_getSctDt
 *fill*         0x0000000006018f66        0xa 
 .text          0x0000000006018f70      0x600 ../../Compiler/COMMON/SGL_302j/LIB_ELF/LIBCD.A(GFS_CDB.O)
                0x0000000006018f70                GFCB_Setup
                0x0000000006019090                GFCB_Close
                0x00000000060190b8                GFCB_GetLenData
                0x0000000006019164                GFCB_GetLenRoom
                0x0000000006019170                GFCB_SetFilt
                0x00000000060191d8                GFCB_DeleteAllData
                0x0000000006019200                GFCB_Tell
                0x0000000006019210                gfcb_getSctNum
                0x0000000006019260                GFCB_Seek
                0x000000000601935c                GFCB_GetSrcPack
                0x000000000601943c                GFCB_GetSctData
                0x0000000006019474                GFCB_GetDstPack
                0x0000000006019480                GFCB_RtnPk
                0x00000000060194c8                GFCB_MovePickup
                0x00000000060194e4                GFCB_SetCon
                0x0000000006019518                GFCB_GetPickup
                0x0000000006019540                GFCB_IsPuOwner
                0x0000000006019558                GFCB_UngetPickup
 .text          0x0000000006019570     0x1a10 ../../Compiler/COMMON/SGL_302j/LIB_ELF/LIBCD.A(GFS_CDC.O)
                0x0000000006019570                GFCD_SetCdbfs
                0x000000000601959c                GFCD_Init
                0x00000000060197a0                GFCD_AllocFilt
                0x00000000060197dc                GFCD_FreeFilt
                0x000000000601980c                GFCD_AllocBuf
                0x0000000006019840                GFCD_FreeBuf
                0x00000000060198e4                GFCD_GetBaseFad
                0x0000000006019918                GFCD_GetPickup
                0x000000000601994c                GFCD_UngetPickup
                0x0000000006019978                GFCD_IsPuOwner
                0x000000000601999c                GFCD_SetFilt
                0x0000000006019a60                GFCD_GetFilt
                0x0000000006019aa8                GFCD_SetCon
                0x0000000006019b00                GFCD_Play
                0x0000000006019b60                GFCD_GetLenData
                0x0000000006019bc8                GFCD_ReqData
                0x0000000006019c24                GFCD_EndData
                0x0000000006019c6c                GFCD_DelSctData
                0x0000000006019cc4                GFCD_CheckDelSctData
                0x0000000006019cf4                GFCD_GetStat
                0x0000000006019da8                GFCD_MovePickup
                0x0000000006019df4                GFCD_MoveSctData
                0x0000000006019e68                GFCD_CheckMove
                0x0000000006019e8c                GFCD_GetSctInfo
                0x0000000006019ed4                GFCD_ChgDir
                0x0000000006019f48                GFCD_SetFiltCon
                0x000000000601a030                GFCD_GetFileInfo
                0x000000000601a10c                GFCD_GetBufSiz
                0x000000000601a144                GFCD_ExecServer
                0x000000000601a218                gfcd_isIdleTask
                0x000000000601a2a4                gfcd_doTask
                0x000000000601a350                GFCD_SetTimer
                0x000000000601a364                GFCD_WaitServer
                0x000000000601a3a0                gfcd_doSetFiltTsk
                0x000000000601a564                gfcd_doSetConTsk
                0x000000000601a5f4                gfcd_doGetLenDataTsk
                0x000000000601a748                gfcd_doReqDataTsk
                0x000000000601a7e8                gfcd_doDelSctDataTsk
                0x000000000601a91c                gfcd_doMoveSctTsk
                0x000000000601aa80                gfcd_doChgDirTsk
                0x000000000601ac7c                gfcd_doSetFiltConTsk
                0x000000000601adc0                gfcd_checkEflag
                0x000000000601ade4                gfcd_initCdbMng
                0x000000000601ae64                gfcd_setStat
                0x000000000601ae90                GFCD_SetCsctFunc
                0x000000000601aeac                GFCD_ChkScdqFlag
                0x000000000601aed0                GFCD_ClrScdqFlag
                0x000000000601aeec                GFCD_WaitScdqFlag
                0x000000000601af30                GFCD_WaitPause
 .text          0x000000000601af80      0x8d8 ../../Compiler/COMMON/SGL_302j/LIB_ELF/LIBCD.A(GFS_CDF.O)
                0x000000000601af80                GFCF_Init
                0x000000000601b020                GFCF_Setup
                0x000000000601b168                GFCF_SetSct
                0x000000000601b1ac                GFCF_GetFileInfo
                0x000000000601b220                GFCF_FlowInBuf
                0x000000000601b374                GFCF_StopInBuf
                0x000000000601b414                GFCF_Recover
                0x000000000601b45c                GFCF_Tell
                0x000000000601b474                GFCF_Seek
                0x000000000601b48c                GFCF_MovePickup
                0x000000000601b528                GFCF_cnvIntlvOfs
                0x000000000601b57c                GFCF_GetStat
                0x000000000601b614                gfcf_getSctSize
                0x000000000601b650                gfcf_isCdOk
                0x000000000601b710                gfcf_getPlayRange
 *fill*         0x000000000601b858        0x8 
 .text          0x000000000601b860      0x92c ../../Compiler/COMMON/SGL_302j/LIB_ELF/LIBCD.A(GFS_DIR.O)
                0x000000000601b860                GFDR_SetupDirTbl
                0x000000000601b8d4                GFDR_NameToId
                0x000000000601b934                GFDR_GetInfoDirId
                0x000000000601b948                GFDR_GetInfoDirName
                0x000000000601b95c                GFDR_GetAtrDirId
                0x000000000601b974                GFDR_GetAtrDirName
                0x000000000601b98c                GFDR_ChgRoot
                0x000000000601b9a4                GFDR_ChgDir
                0x000000000601ba18                gfdr_setupDirIdTbl
                0x000000000601ba9c                gfdr_setupDirNameTbl
                0x000000000601bb48                gfdr_open
                0x000000000601bb70                gfdr_read
                0x000000000601bc30                gfdr_readByte
                0x000000000601bc5c                gfdr_readWord
                0x000000000601bc88                gfdr_readWordNB
                0x000000000601bcdc                gfdr_readLongNB
                0x000000000601bd28                gfdr_readLongNM
                0x000000000601bd50                gfdr_setNextRec
                0x000000000601bdd4                gfdr_readDirEnt
                0x000000000601c150                gfdr_setDirrecCd
 *fill*         0x000000000601c18c        0x4 
 .text          0x000000000601c190      0x9c6 ../../Compiler/COMMON/SGL_302j/LIB_ELF/LIBCD.A(GFS_TRN.O)
                0x000000000601c1c0                GFTR_Setup
                0x000000000601c204                GFTR_SetMode
                0x000000000601c218                GFTR_SetUnit
                0x000000000601c224                GFTR_SetTransPara
                0x000000000601c258                GFTR_GetTransPara
                0x000000000601c264                GFTR_GetNumTrans
                0x000000000601c270                GFTR_SetTransMax
                0x000000000601c27c                GFTR_Start
                0x000000000601c288                GFTR_Pause
                0x000000000601c294                GFTR_Stop
                0x000000000601c34c                GFTR_Exec
                0x000000000601c3d0                GFTR_Idle
                0x000000000601c448                GFTR_ExecSvr
                0x000000000601c550                gftr_getSrcPack
                0x000000000601c5d8                gftr_getDstPack
                0x000000000601c634                gftr_reqScu
                0x000000000601c640                gftr_execScu
                0x000000000601c6dc                gftr_remScu
                0x000000000601c710                gfdma_canUse
                0x000000000601c71c                gfdma_exec
                0x000000000601c78c                gfdma_getBytecnt
                0x000000000601c7c4                gftr_reqDma0
                0x000000000601c7dc                gftr_execSdma0
                0x000000000601c800                gftr_remDma0
                0x000000000601c818                gftr_reqDma1
                0x000000000601c830                gftr_execSdma1
                0x000000000601c854                gftr_remDma1
                0x000000000601c86c                gftr_reqCpu
                0x000000000601c878                gftr_execCpu
                0x000000000601c8b8                gftr_remCpu
                0x000000000601c8c4                gftr_reqTrn
                0x000000000601c934                gftr_execTrn
                0x000000000601ca0c                gftr_remTrn
                0x000000000601ca80                gftr_copyFrac
                0x000000000601caa8                GFTR_GetLenData
                0x000000000601cab4                GFTR_GetLenRoom
                0x000000000601cacc                GFTR_GetDstPack
                0x000000000601cb00                GFTR_RtnDstPk
                0x000000000601cb1c                GFTR_GetData
                0x000000000601cb30                GFTR_SetData
                0x000000000601cb44                GFTR_SetTransFunc
 *fill*         0x000000000601cb56        0xa 
 .text          0x000000000601cb60       0xa8 ../../Compiler/COMMON/SGL_302j/LIB_ELF/LIBCD.A(CDC_DEV.O)
                0x000000000601cb60                CDC_CdSetCon
                0x000000000601cb90                CDC_CdGetCon
                0x000000000601cbcc                CDC_CdGetLastBuf
 *fill*         0x000000000601cc08        0x8 
 .text          0x000000000601cc10      0x2b8 ../../Compiler/COMMON/SGL_302j/LIB_ELF/LIBCD.A(CDC_SEL.O)
                0x000000000601cc10                CDC_SetFiltRange
                0x000000000601cc44                CDC_GetFiltRange
                0x000000000601cc9c                CDC_SetFiltSubh
                0x000000000601cd0c                CDC_GetFiltSubh
                0x000000000601cd88                CDC_SetFiltMode
                0x000000000601cdbc                CDC_GetFiltMode
                0x000000000601ce00                CDC_SetFiltCon
                0x000000000601ce40                CDC_GetFiltCon
                0x000000000601ce94                CDC_ResetSelector
 *fill*         0x000000000601cec8        0x8 
 .text          0x000000000601ced0      0x270 ../../Compiler/COMMON/SGL_302j/LIB_ELF/LIBCD.A(CDC_BIF.O)
                0x000000000601ced0                CDC_GetBufSiz
                0x000000000601cf2c                CDC_GetSctNum
                0x000000000601cf70                CDC_CalActSiz
                0x000000000601cfac                CDC_GetActSiz
                0x000000000601d02c                CDC_GetSctInfo
                0x000000000601d0ac                CDC_ExeFadSearch
                0x000000000601d0e4                CDC_GetFadSearch
 .text          0x000000000601d140      0x1e4 ../../Compiler/COMMON/SGL_302j/LIB_ELF/LIBCD.A(CDC_BIO.O)
                0x000000000601d140                CDC_SetSctLen
                0x000000000601d174                CDC_GetSctData
                0x000000000601d1b0                CDC_DelSctData
                0x000000000601d1ec                CDC_GetdelSctData
                0x000000000601d228                CDC_PutSctData
                0x000000000601d260                CDC_CopySctData
                0x000000000601d2a4                CDC_MoveSctData
                0x000000000601d2e8                CDC_GetCopyErr
 *fill*         0x000000000601d324        0xc 
 .text          0x000000000601d330        0x0 ../../Compiler/COMMON/SGL_302j/LIB_ELF/LIBSGL.A(sglA15.o)
 .text          0x000000000601d330        0x0 ../../Compiler/COMMON/SGL_302j/LIB_ELF/LIBSGL.A(sglA20.o)
 .text          0x000000000601d330        0x0 ../../Compiler/COMMON/SGL_302j/LIB_ELF/LIBSGL.A(sglA21.o)
 .text          0x000000000601d330        0x0 ../../Compiler/COMMON/SGL_302j/LIB_ELF/LIBSGL.A(sglA27.o)
 .text          0x000000000601d330        0x0 ../../Compiler/COMMON/SGL_302j/LIB_ELF/LIBSGL.A(sglB001.o)
 .text          0x000000000601d330        0x0 ../../Compiler/COMMON/SGL_302j/LIB_ELF/LIBSGL.A(sglB011.o)
 .text          0x000000000601d330        0x0 ../../Compiler/COMMON/SGL_302j/LIB_ELF/LIBSGL.A(sglB014.o)
 .text          0x000000000601d330        0x0 ../../Compiler/COMMON/SGL_302j/LIB_ELF/LIBSGL.A(sglB015.o)
 .text          0x000000000601d330        0x0 ../../Compiler/COMMON/SGL_302j/LIB_ELF/LIBSGL.A(sglB016.o)
 .text          0x000000000601d330        0x0 ../../Compiler/COMMON/SGL_302j/LIB_ELF/LIBSGL.A(sglB020.o)
 .text          0x000000000601d330        0x0 ../../Compiler/COMMON/SGL_302j/LIB_ELF/LIBSGL.A(sglB021.o)
 .text          0x000000000601d330        0x0 ../../Compiler/COMMON/SGL_302j/LIB_ELF/LIBSGL.A(sglB023.o)
 .text          0x000000000601d330        0x0 ../../Compiler/COMMON/SGL_302j/LIB_ELF/LIBSGL.A(sglB032.o)
 .text          0x000000000601d330        0x0 ../../Compiler/COMMON/SGL_302j/LIB_ELF/LIBSGL.A(sglB035.o)
 .text          0x000000000601d330        0x0 ../../Compiler/COMMON/SGL_302j/LIB_ELF/LIBSGL.A(sglB036.o)
 .text          0x000000000601d330        0x0 ../../Compiler/COMMON/SGL_302j/LIB_ELF/LIBSGL.A(sglB038.o)
 .text          0x000000000601d330        0x0 ../../Compiler/COMMON/SGL_302j/LIB_ELF/LIBSGL.A(sglB039.o)
 .text          0x000000000601d330        0x0 ../../Compiler/COMMON/SGL_302j/LIB_ELF/LIBSGL.A(sglB040.o)
 .text          0x000000000601d330        0x0 ../../Compiler/COMMON/SGL_302j/LIB_ELF/LIBSGL.A(sglB041.o)
 .text          0x000000000601d330        0x0 ../../Compiler/COMMON/SGL_302j/LIB_ELF/LIBSGL.A(sglB043.o)
 .text          0x000000000601d330        0x0 ../../Compiler/COMMON/SGL_302j/LIB_ELF/LIBSGL.A(sglB047.o)
 .text          0x000000000601d330        0x0 ../../Compiler/COMMON/SGL_302j/LIB_ELF/LIBSGL.A(sglB048.o)
 .text          0x000000000601d330        0x0 ../../Compiler/COMMON/SGL_302j/LIB_ELF/LIBSGL.A(sglB056.o)
 .text          0x000000000601d330        0x0 ../../Compiler/COMMON/SGL_302j/LIB_ELF/LIBSGL.A(sglB059.o)
 .text          0x000000000601d330        0x0 ../../Compiler/COMMON/SGL_302j/LIB_ELF/LIBSGL.A(sglB060.o)
 .text          0x000000000601d330        0x0 ../../Compiler/COMMON/SGL_302j/LIB_ELF/LIBSGL.A(sglB063.o)
 .text          0x000000000601d330        0x0 ../../Compiler/COMMON/SGL_302j/LIB_ELF/LIBSGL.A(sglB087.o)
 .text          0x000000000601d330        0x0 ../../Compiler/COMMON/SGL_302j/LIB_ELF/LIBSGL.A(sglB088.o)
 .text          0x000000000601d330        0x0 ../../Compiler/COMMON/SGL_302j/LIB_ELF/LIBSGL.A(sglB090.o)
 .text          0x000000000601d330        0x0 ../../Compiler/COMMON/SGL_302j/LIB_ELF/LIBSGL.A(sglB200.o)
 .text          0x000000000601d330        0x0 ../../Compiler/COMMON/SGL_302j/LIB_ELF/LIBSGL.A(sglC04.o)
 .text          0x000000000601d330        0x0 ../../Compiler/COMMON/SGL_302j/LIB_ELF/LIBSGL.A(sglC05.o)
 .text          0x000000000601d330        0x0 ../../Compiler/COMMON/SGL_302j/LIB_ELF/LIBSGL.A(sglC06.o)
 .text          0x000000000601d330        0x0 ../../Compiler/COMMON/SGL_302j/LIB_ELF/LIBSGL.A(sglC07.o)
 .text          0x000000000601d330        0x0 ../../Compiler/COMMON/SGL_302j/LIB_ELF/LIBSGL.A(sglC08.o)
 .text          0x000000000601d330        0x0 ../../Compiler/COMMON/SGL_302j/LIB_ELF/LIBSGL.A(sglC17.o)
 .text          0x000000000601d330        0x0 ../../Compiler/COMMON/SGL_302j/LIB_ELF/LIBSGL.A(sglC19.o)
 .text          0x000000000601d330        0x0 ../../Compiler/COMMON/SGL_302j/LIB_ELF/LIBSGL.A(sglC20.o)
 .text          0x000000000601d330        0x0 ../../Compiler/COMMON/SGL_302j/LIB_ELF/LIBSGL.A(sglC21.o)
 .text          0x000000000601d330        0x0 ../../Compiler/COMMON/SGL_302j/LIB_ELF/LIBSGL.A(sglD00.o)
 .text          0x000000000601d330        0x0 ../../Compiler/COMMON/SGL_302j/LIB_ELF/LIBSGL.A(sglD01.o)
 .text          0x000000000601d330        0x0 ../../Compiler/COMMON/SGL_302j/LIB_ELF/LIBSGL.A(sglD03.o)
 .text          0x000000000601d330        0x0 ../../Compiler/COMMON/SGL_302j/LIB_ELF/LIBSGL.A(sglD12.o)
 .text          0x000000000601d330        0x0 ../../Compiler/COMMON/SGL_302j/LIB_ELF/LIBSGL.A(sglD14.o)
 .text          0x000000000601d330        0x0 ../../Compiler/COMMON/SGL_302j/LIB_ELF/LIBSGL.A(sglD15.o)
 .text          0x000000000601d330        0x0 ../../Compiler/COMMON/SGL_302j/LIB_ELF/LIBSGL.A(sglD16.o)
 .text          0x000000000601d330        0x0 ../../Compiler/COMMON/SGL_302j/LIB_ELF/LIBSGL.A(sglD17.o)
 .text          0x000000000601d330        0x0 ../../Compiler/COMMON/SGL_302j/LIB_ELF/LIBSGL.A(sglD18.o)
 .text          0x000000000601d330        0x0 ../../Compiler/COMMON/SGL_302j/LIB_ELF/LIBSGL.A(sglF00.o)
 .text          0x000000000601d330        0x0 ../../Compiler/COMMON/SGL_302j/LIB_ELF/LIBSGL.A(sglF05.o)
 .text          0x000000000601d330        0x0 ../../Compiler/COMMON/SGL_302j/LIB_ELF/LIBSGL.A(sglF08.o)
 .text          0x000000000601d330        0x0 ../../Compiler/COMMON/SGL_302j/LIB_ELF/LIBSGL.A(sglG00.o)
 .text          0x000000000601d330        0x0 ../../Compiler/COMMON/SGL_302j/LIB_ELF/LIBSGL.A(sglG01.o)
 .text          0x000000000601d330        0x0 ../../Compiler/COMMON/SGL_302j/LIB_ELF/LIBSGL.A(sglG19.o)
 .text          0x000000000601d330        0x0 ../../Compiler/COMMON/SGL_302j/LIB_ELF/LIBSGL.A(sglG21.o)
 .text          0x000000000601d330        0x0 ../../Compiler/COMMON/SGL_302j/LIB_ELF/LIBSGL.A(sglG22.o)
 .text          0x000000000601d330        0x0 ../../Compiler/COMMON/SGL_302j/LIB_ELF/LIBSGL.A(sglG25.o)
 .text          0x000000000601d330        0x0 ../../Compiler/COMMON/SGL_302j/LIB_ELF/LIBSGL.A(sglH00.o)
 .text          0x000000000601d330        0x0 ../../Compiler/COMMON/SGL_302j/LIB_ELF/LIBSGL.A(sglH01.o)
 .text          0x000000000601d330        0x0 ../../Compiler/COMMON/SGL_302j/LIB_ELF/LIBSGL.A(sglH02.o)
 .text          0x000000000601d330        0x0 ../../Compiler/COMMON/SGL_302j/LIB_ELF/LIBSGL.A(sglH04.o)
 .text          0x000000000601d330        0x0 ../../Compiler/COMMON/SGL_302j/LIB_ELF/LIBSGL.A(sglI01.o)
 .text          0x000000000601d330        0x0 ../../Compiler/COMMON/SGL_302j/LIB_ELF/LIBSGL.A(sglI04.o)
 .text          0x000000000601d330      0x128 ../../Compiler/COMMON/SGL_302j/LIB_ELF/LIBSGL.A(sglIc0.o)
                0x000000000601d330                slInitSystem
 *fill*         0x000000000601d458        0x8 
 .text          0x000000000601d460        0x0 ../../Compiler/COMMON/SGL_302j/LIB_ELF/LIBSGL.A(sglJ01.o)
 .text          0x000000000601d460        0x0 ../../Compiler/COMMON/SGL_302j/LIB_ELF/LIBSGL.A(sglJ02.o)
 .text          0x000000000601d460        0x0 ../../Compiler/COMMON/SGL_302j/LIB_ELF/LIBSGL.A(sglJ03.o)
 .text          0x000000000601d460        0x0 ../../Compiler/COMMON/SGL_302j/LIB_ELF/LIBSGL.A(sglJ04.o)
 .text          0x000000000601d460        0x0 ../../Compiler/COMMON/SGL_302j/LIB_ELF/LIBSGL.A(sglJ05.o)
 .text          0x000000000601d460        0x0 ../../Compiler/COMMON/SGL_302j/LIB_ELF/LIBSGL.A(sglK01.o)
 .text          0x000000000601d460        0x0 ../../Compiler/COMMON/SGL_302j/LIB_ELF/LIBSGL.A(sglM01.o)
 .text          0x000000000601d460        0x0 ../../Compiler/COMMON/SGL_302j/LIB_ELF/LIBSGL.A(sglA00.o)
 .text          0x000000000601d460        0x0 ../../Compiler/COMMON/SGL_302j/LIB_ELF/LIBSGL.A(sglA01.o)
 .text          0x000000000601d460        0x0 ../../Compiler/COMMON/SGL_302j/LIB_ELF/LIBSGL.A(sglB000.o)
 .text          0x000000000601d460        0x0 ../../Compiler/COMMON/SGL_302j/LIB_ELF/LIBSGL.A(sglC00.o)
 .text          0x000000000601d460        0x0 ../../Compiler/COMMON/SGL_302j/LIB_ELF/LIBSGL.A(sglD02.o)
 .text          0x000000000601d460        0x0 ../../Compiler/COMMON/SGL_302j/LIB_ELF/LIBSGL.A(sglI00.o)
 .text          0x000000000601d460        0x0 ../../Compiler/COMMON/SGL_302j/LIB_ELF/LIBSGL.A(sglH03.o)
 .text          0x000000000601d460       0x52 /home/gabriel/Documents/joengine/Compiler/LINUX/bin/../lib/gcc/sh-none-elf/8.2.0/libgcc.a(_ashiftrt.o)
                0x000000000601d460                __ashiftrt_r4_31
                0x000000000601d460                __ashiftrt_r4_32
                0x000000000601d466                __ashiftrt_r4_30
                0x000000000601d468                __ashiftrt_r4_29
                0x000000000601d46a                __ashiftrt_r4_28
                0x000000000601d46c                __ashiftrt_r4_27
                0x000000000601d46e                __ashiftrt_r4_26
                0x000000000601d470                __ashiftrt_r4_25
                0x000000000601d472                __ashiftrt_r4_24
                0x000000000601d47a                __ashiftrt_r4_23
                0x000000000601d47c                __ashiftrt_r4_22
                0x000000000601d47e                __ashiftrt_r4_21
                0x000000000601d480                __ashiftrt_r4_20
                0x000000000601d482                __ashiftrt_r4_19
                0x000000000601d484                __ashiftrt_r4_18
                0x000000000601d486                __ashiftrt_r4_17
                0x000000000601d488                __ashiftrt_r4_16
                0x000000000601d48e                __ashiftrt_r4_15
                0x000000000601d490                __ashiftrt_r4_14
                0x000000000601d492                __ashiftrt_r4_13
                0x000000000601d494                __ashiftrt_r4_12
                0x000000000601d496                __ashiftrt_r4_11
                0x000000000601d498                __ashiftrt_r4_10
                0x000000000601d49a                __ashiftrt_r4_9
                0x000000000601d49c                __ashiftrt_r4_8
                0x000000000601d49e                __ashiftrt_r4_7
                0x000000000601d4a0                __ashiftrt_r4_6
                0x000000000601d4a2                __ashiftrt_r4_5
                0x000000000601d4a4                __ashiftrt_r4_4
                0x000000000601d4a6                __ashiftrt_r4_3
                0x000000000601d4a8                __ashiftrt_r4_2
                0x000000000601d4aa                __ashiftrt_r4_1
                0x000000000601d4ae                __ashiftrt_r4_0
 *fill*         0x000000000601d4b2        0x2 
 .text          0x000000000601d4b4       0x80 /home/gabriel/Documents/joengine/Compiler/LINUX/bin/../lib/gcc/sh-none-elf/8.2.0/libgcc.a(_ashiftrt_n.o)
                0x000000000601d4b4                __ashrsi3
 .text          0x000000000601d534       0xa0 /home/gabriel/Documents/joengine/Compiler/LINUX/bin/../lib/gcc/sh-none-elf/8.2.0/libgcc.a(_sdivsi3.o)
                0x000000000601d534                __sdivsi3
 .text          0x000000000601d5d4       0x6c /home/gabriel/Documents/joengine/Compiler/LINUX/bin/../lib/gcc/sh-none-elf/8.2.0/libgcc.a(_udivsi3.o)
                0x000000000601d5f6                __udivsi3
 .text          0x000000000601d640      0x134 /home/gabriel/Documents/joengine/Compiler/LINUX/bin/../lib/gcc/sh-none-elf/8.2.0/libgcc.a(_mul_sf.o)
                0x000000000601d640                __mulsf3
 .text          0x000000000601d774       0xdc /home/gabriel/Documents/joengine/Compiler/LINUX/bin/../lib/gcc/sh-none-elf/8.2.0/libgcc.a(_div_sf.o)
                0x000000000601d774                __divsf3
 .text          0x000000000601d850       0x7c /home/gabriel/Documents/joengine/Compiler/LINUX/bin/../lib/gcc/sh-none-elf/8.2.0/libgcc.a(_sf_to_si.o)
                0x000000000601d850                __fixsfsi
 .text          0x000000000601d8cc        0x0 /home/gabriel/Documents/joengine/Compiler/LINUX/bin/../lib/gcc/sh-none-elf/8.2.0/libgcc.a(_thenan_sf.o)
 .text          0x000000000601d8cc       0x94 /home/gabriel/Documents/joengine/Compiler/LINUX/bin/../lib/gcc/sh-none-elf/8.2.0/libgcc.a(_usi_to_sf.o)
                0x000000000601d8cc                __floatunsisf
 .text          0x000000000601d960      0x114 /home/gabriel/Documents/joengine/Compiler/LINUX/bin/../lib/gcc/sh-none-elf/8.2.0/libgcc.a(_pack_sf.o)
                0x000000000601d960                __pack_f
 .text          0x000000000601da74       0xa0 /home/gabriel/Documents/joengine/Compiler/LINUX/bin/../lib/gcc/sh-none-elf/8.2.0/libgcc.a(_unpack_sf.o)
                0x000000000601da74                __unpack_f
 .text          0x000000000601db14       0x1e /home/gabriel/Documents/joengine/Compiler/LINUX/bin/../lib/gcc/sh-none-elf/8.2.0/../../../../sh-none-elf/lib/libc.a(lib_a-memcmp.o)
                0x000000000601db14                memcmp
 *fill*         0x000000000601db32        0x2 
 .text          0x000000000601db34       0x94 /home/gabriel/Documents/joengine/Compiler/LINUX/bin/../lib/gcc/sh-none-elf/8.2.0/../../../../sh-none-elf/lib/libc.a(lib_a-memcpy.o)
                0x000000000601db34                memcpy
 .text          0x000000000601dbc8       0x40 /home/gabriel/Documents/joengine/Compiler/LINUX/bin/../lib/gcc/sh-none-elf/8.2.0/../../../../sh-none-elf/lib/libc.a(lib_a-memset.o)
                0x000000000601dbc8                memset
 .text          0x000000000601dc08       0x8c /home/gabriel/Documents/joengine/Compiler/LINUX/bin/../lib/gcc/sh-none-elf/8.2.0/../../../../sh-none-elf/lib/libc.a(lib_a-sprintf.o)
                0x000000000601dc08                _sprintf_r
                0x000000000601dc48                sprintf
 .text          0x000000000601dc94       0x2a /home/gabriel/Documents/joengine/Compiler/LINUX/bin/../lib/gcc/sh-none-elf/8.2.0/../../../../sh-none-elf/lib/libc.a(lib_a-strncmp.o)
                0x000000000601dc94                strncmp
 .text          0x000000000601dcbe       0x32 /home/gabriel/Documents/joengine/Compiler/LINUX/bin/../lib/gcc/sh-none-elf/8.2.0/../../../../sh-none-elf/lib/libc.a(lib_a-strncpy.o)
                0x000000000601dcbe                strncpy
 .text          0x000000000601dcf0     0x1378 /home/gabriel/Documents/joengine/Compiler/LINUX/bin/../lib/gcc/sh-none-elf/8.2.0/../../../../sh-none-elf/lib/libc.a(lib_a-svfprintf.o)
                0x000000000601dcf0                _svfprintf_r
 .text          0x000000000601f068      0xef4 /home/gabriel/Documents/joengine/Compiler/LINUX/bin/../lib/gcc/sh-none-elf/8.2.0/../../../../sh-none-elf/lib/libc.a(lib_a-dtoa.o)
                0x000000000601f19c                _dtoa_r
 .text          0x000000000601ff5c        0x0 /home/gabriel/Documents/joengine/Compiler/LINUX/bin/../lib/gcc/sh-none-elf/8.2.0/../../../../sh-none-elf/lib/libc.a(lib_a-impure.o)
 .text          0x000000000601ff5c       0x40 /home/gabriel/Documents/joengine/Compiler/LINUX/bin/../lib/gcc/sh-none-elf/8.2.0/../../../../sh-none-elf/lib/libc.a(lib_a-localeconv.o)
                0x000000000601ff5c                __localeconv_l
                0x000000000601ff64                _localeconv_r
                0x000000000601ff80                localeconv
 .text          0x000000000601ff9c       0xa8 /home/gabriel/Documents/joengine/Compiler/LINUX/bin/../lib/gcc/sh-none-elf/8.2.0/../../../../sh-none-elf/lib/libc.a(lib_a-locale.o)
                0x000000000601ff9c                _setlocale_r
                0x000000000601ffe8                __locale_mb_cur_max
                0x0000000006020008                __locale_ctype_ptr_l
                0x0000000006020012                __locale_ctype_ptr
                0x0000000006020030                setlocale
 .text          0x0000000006020044       0x4c /home/gabriel/Documents/joengine/Compiler/LINUX/bin/../lib/gcc/sh-none-elf/8.2.0/../../../../sh-none-elf/lib/libc.a(lib_a-mbtowc_r.o)
                0x0000000006020044                _mbtowc_r
                0x0000000006020068                __ascii_mbtowc
 .text          0x0000000006020090       0x1c /home/gabriel/Documents/joengine/Compiler/LINUX/bin/../lib/gcc/sh-none-elf/8.2.0/../../../../sh-none-elf/lib/libc.a(lib_a-memchr.o)
                0x0000000006020090                memchr
 .text          0x00000000060200ac      0xa9c /home/gabriel/Documents/joengine/Compiler/LINUX/bin/../lib/gcc/sh-none-elf/8.2.0/../../../../sh-none-elf/lib/libc.a(lib_a-mprec.o)
                0x00000000060200ac                _Balloc
                0x0000000006020120                _Bfree
                0x0000000006020138                __multadd
                0x00000000060201e0                __s2b
                0x00000000060202a0                __hi0bits
                0x00000000060202f4                __lo0bits
                0x0000000006020358                __i2b
                0x0000000006020374                __multiply
                0x00000000060204b8                __pow5mult
                0x0000000006020574                __lshift
                0x0000000006020668                __mcmp
                0x00000000060206a0                __mdiff
                0x000000000602077c                __ulp
                0x00000000060207e8                __b2d
                0x00000000060208d0                __d2b
                0x00000000060209bc                __ratio
                0x0000000006020a40                _mprec_log10
                0x0000000006020a98                __copybits
                0x0000000006020adc                __any_on
 .text          0x0000000006020b48       0x34 /home/gabriel/Documents/joengine/Compiler/LINUX/bin/../lib/gcc/sh-none-elf/8.2.0/../../../../sh-none-elf/lib/libc.a(lib_a-nano-callocr.o)
                0x0000000006020b48                _calloc_r
 .text          0x0000000006020b7c       0xf4 /home/gabriel/Documents/joengine/Compiler/LINUX/bin/../lib/gcc/sh-none-elf/8.2.0/../../../../sh-none-elf/lib/libc.a(lib_a-nano-mallocr.o)
                0x0000000006020b7c                _malloc_r
 .text          0x0000000006020c70       0x30 /home/gabriel/Documents/joengine/Compiler/LINUX/bin/../lib/gcc/sh-none-elf/8.2.0/../../../../sh-none-elf/lib/libc.a(lib_a-sbrkr.o)
                0x0000000006020c70                _sbrk_r
 .text          0x0000000006020ca0       0x38 /home/gabriel/Documents/joengine/Compiler/LINUX/bin/../lib/gcc/sh-none-elf/8.2.0/../../../../sh-none-elf/lib/libc.a(lib_a-strcmp.o)
                0x0000000006020ca0                strcmp
 .text          0x0000000006020cd8       0x20 /home/gabriel/Documents/joengine/Compiler/LINUX/bin/../lib/gcc/sh-none-elf/8.2.0/../../../../sh-none-elf/lib/libc.a(lib_a-strlen.o)
                0x0000000006020cd8                strlen
 .text          0x0000000006020cf8      0xa60 /home/gabriel/Documents/joengine/Compiler/LINUX/bin/../lib/gcc/sh-none-elf/8.2.0/../../../../sh-none-elf/lib/libc.a(lib_a-svfiprintf.o)
                0x0000000006020cf8                __ssprint_r
                0x0000000006020e2c                _svfiprintf_r
 .text          0x0000000006021758      0x25c /home/gabriel/Documents/joengine/Compiler/LINUX/bin/../lib/gcc/sh-none-elf/8.2.0/../../../../sh-none-elf/lib/libc.a(lib_a-syscalls.o)
                0x00000000060217d0                _read
                0x00000000060217e0                _lseek
                0x00000000060217f0                _write
                0x0000000006021800                _close
                0x0000000006021810                _link
                0x0000000006021814                _sbrk
                0x000000000602186c                _fstat
                0x0000000006021876                _open
                0x0000000006021888                _creat
                0x0000000006021898                _unlink
                0x000000000602189c                isatty
                0x00000000060218a0                _isatty
                0x00000000060218a4                _exit
                0x00000000060218b4                _kill
                0x00000000060218c8                _getpid
                0x00000000060218cc                _raise
                0x00000000060218d0                _stat
                0x00000000060218e0                _chmod
                0x00000000060218f0                _chown
                0x0000000006021900                _utime
                0x0000000006021914                _fork
                0x0000000006021920                _wait
                0x0000000006021930                _execve
                0x0000000006021940                _execv
                0x0000000006021950                _pipe
                0x000000000602195c                _times
                0x0000000006021960                _gettimeofday
                0x0000000006021988                __setup_argv_and_call_main
 .text          0x00000000060219b4       0x14 /home/gabriel/Documents/joengine/Compiler/LINUX/bin/../lib/gcc/sh-none-elf/8.2.0/../../../../sh-none-elf/lib/libc.a(lib_a-trap.o)
                0x00000000060219b4                __trap34
 .text          0x00000000060219c8       0x40 /home/gabriel/Documents/joengine/Compiler/LINUX/bin/../lib/gcc/sh-none-elf/8.2.0/../../../../sh-none-elf/lib/libc.a(lib_a-wctomb_r.o)
                0x00000000060219c8                _wctomb_r
                0x00000000060219e8                __ascii_wctomb
 .text          0x0000000006021a08       0x18 /home/gabriel/Documents/joengine/Compiler/LINUX/bin/../lib/gcc/sh-none-elf/8.2.0/../../../../sh-none-elf/lib/libc.a(lib_a-abort.o)
                0x0000000006021a08                abort
 .text          0x0000000006021a20        0x0 /home/gabriel/Documents/joengine/Compiler/LINUX/bin/../lib/gcc/sh-none-elf/8.2.0/../../../../sh-none-elf/lib/libc.a(lib_a-ctype_.o)
 .text          0x0000000006021a20       0x3c /home/gabriel/Documents/joengine/Compiler/LINUX/bin/../lib/gcc/sh-none-elf/8.2.0/../../../../sh-none-elf/lib/libc.a(lib_a-memmove.o)
                0x0000000006021a20                memmove
 .text          0x0000000006021a5c        0x8 /home/gabriel/Documents/joengine/Compiler/LINUX/bin/../lib/gcc/sh-none-elf/8.2.0/../../../../sh-none-elf/lib/libc.a(lib_a-mlock.o)
                0x0000000006021a5c                __malloc_lock
                0x0000000006021a60                __malloc_unlock
 .text          0x0000000006021a64       0xc8 /home/gabriel/Documents/joengine/Compiler/LINUX/bin/../lib/gcc/sh-none-elf/8.2.0/../../../../sh-none-elf/lib/libc.a(lib_a-nano-freer.o)
                0x0000000006021a64                _free_r
 .text          0x0000000006021b2c       0x7c /home/gabriel/Documents/joengine/Compiler/LINUX/bin/../lib/gcc/sh-none-elf/8.2.0/../../../../sh-none-elf/lib/libc.a(lib_a-nano-reallocr.o)
                0x0000000006021b2c                _realloc_r
 .text          0x0000000006021ba8      0x1b0 /home/gabriel/Documents/joengine/Compiler/LINUX/bin/../lib/gcc/sh-none-elf/8.2.0/../../../../sh-none-elf/lib/libc.a(lib_a-signal.o)
                0x0000000006021ba8                _init_signal_r
                0x0000000006021be4                _signal_r
                0x0000000006021c30                _raise_r
                0x0000000006021ca8                __sigtramp_r
                0x0000000006021d0c                raise
                0x0000000006021d20                signal
                0x0000000006021d34                _init_signal
                0x0000000006021d44                __sigtramp
 .text          0x0000000006021d58       0x40 /home/gabriel/Documents/joengine/Compiler/LINUX/bin/../lib/gcc/sh-none-elf/8.2.0/../../../../sh-none-elf/lib/libc.a(lib_a-signalr.o)
                0x0000000006021d58                _kill_r
                0x0000000006021d8c                _getpid_r
 .text          0x0000000006021d98       0x16 /home/gabriel/Documents/joengine/Compiler/LINUX/bin/../lib/gcc/sh-none-elf/8.2.0/../../../../sh-none-elf/lib/libc.a(lib_a-nano-msizer.o)
                0x0000000006021d98                _malloc_usable_size_r
 *fill*         0x0000000006021dae        0x2 
 .text          0x0000000006021db0       0xbc /home/gabriel/Documents/joengine/Compiler/LINUX/bin/../lib/gcc/sh-none-elf/8.2.0/libgcc.a(_ashiftlt.o)
                0x0000000006021db0                __ashlsi3
                0x0000000006021db4                __ashlsi3_r0
 .text          0x0000000006021e6c       0xbc /home/gabriel/Documents/joengine/Compiler/LINUX/bin/../lib/gcc/sh-none-elf/8.2.0/libgcc.a(_lshiftrt.o)
                0x0000000006021e6c                __lshrsi3
                0x0000000006021e70                __lshrsi3_r0
 .text          0x0000000006021f28      0x258 /home/gabriel/Documents/joengine/Compiler/LINUX/bin/../lib/gcc/sh-none-elf/8.2.0/libgcc.a(_udivdi3.o)
                0x0000000006021f28                __udivdi3
 .text          0x0000000006022180      0x2bc /home/gabriel/Documents/joengine/Compiler/LINUX/bin/../lib/gcc/sh-none-elf/8.2.0/libgcc.a(_umoddi3.o)
                0x0000000006022180                __umoddi3
 .text          0x000000000602243c      0x3b4 /home/gabriel/Documents/joengine/Compiler/LINUX/bin/../lib/gcc/sh-none-elf/8.2.0/libgcc.a(_addsub_df.o)
                0x000000000602274c                __adddf3
                0x000000000602279c                __subdf3
 .text          0x00000000060227f0      0x208 /home/gabriel/Documents/joengine/Compiler/LINUX/bin/../lib/gcc/sh-none-elf/8.2.0/libgcc.a(_mul_df.o)
                0x00000000060227f0                __muldf3
 .text          0x00000000060229f8      0x130 /home/gabriel/Documents/joengine/Compiler/LINUX/bin/../lib/gcc/sh-none-elf/8.2.0/libgcc.a(_div_df.o)
                0x00000000060229f8                __divdf3
 .text          0x0000000006022b28       0x58 /home/gabriel/Documents/joengine/Compiler/LINUX/bin/../lib/gcc/sh-none-elf/8.2.0/libgcc.a(_eq_df.o)
                0x0000000006022b28                __eqdf2
 .text          0x0000000006022b80       0x58 /home/gabriel/Documents/joengine/Compiler/LINUX/bin/../lib/gcc/sh-none-elf/8.2.0/libgcc.a(_ne_df.o)
                0x0000000006022b80                __nedf2
 .text          0x0000000006022bd8       0x50 /home/gabriel/Documents/joengine/Compiler/LINUX/bin/../lib/gcc/sh-none-elf/8.2.0/libgcc.a(_gt_df.o)
                0x0000000006022bd8                __gtdf2
 .text          0x0000000006022c28       0x50 /home/gabriel/Documents/joengine/Compiler/LINUX/bin/../lib/gcc/sh-none-elf/8.2.0/libgcc.a(_ge_df.o)
                0x0000000006022c28                __gedf2
 .text          0x0000000006022c78       0x58 /home/gabriel/Documents/joengine/Compiler/LINUX/bin/../lib/gcc/sh-none-elf/8.2.0/libgcc.a(_lt_df.o)
                0x0000000006022c78                __ltdf2
 .text          0x0000000006022cd0       0x58 /home/gabriel/Documents/joengine/Compiler/LINUX/bin/../lib/gcc/sh-none-elf/8.2.0/libgcc.a(_le_df.o)
                0x0000000006022cd0                __ledf2
 .text          0x0000000006022d28       0x40 /home/gabriel/Documents/joengine/Compiler/LINUX/bin/../lib/gcc/sh-none-elf/8.2.0/libgcc.a(_unord_df.o)
                0x0000000006022d28                __unorddf2
 .text          0x0000000006022d68       0xa8 /home/gabriel/Documents/joengine/Compiler/LINUX/bin/../lib/gcc/sh-none-elf/8.2.0/libgcc.a(_si_to_df.o)
                0x0000000006022d68                __floatsidf
 .text          0x0000000006022e10       0xa4 /home/gabriel/Documents/joengine/Compiler/LINUX/bin/../lib/gcc/sh-none-elf/8.2.0/libgcc.a(_df_to_si.o)
                0x0000000006022e10                __fixdfsi
 .text          0x0000000006022eb4        0x0 /home/gabriel/Documents/joengine/Compiler/LINUX/bin/../lib/gcc/sh-none-elf/8.2.0/libgcc.a(_thenan_df.o)
 .text          0x0000000006022eb4       0x88 /home/gabriel/Documents/joengine/Compiler/LINUX/bin/../lib/gcc/sh-none-elf/8.2.0/libgcc.a(_usi_to_df.o)
                0x0000000006022eb4                __floatunsidf
 *fill*         0x0000000006022f3c        0x4 
 .text          0x0000000006022f40       0x60 /home/gabriel/Documents/joengine/Compiler/LINUX/bin/../lib/gcc/sh-none-elf/8.2.0/libgcc.a(_udiv_qrnnd_16.o)
                0x0000000006022f40                __udiv_qrnnd_16
 .text          0x0000000006022fa0        0x0 /home/gabriel/Documents/joengine/Compiler/LINUX/bin/../lib/gcc/sh-none-elf/8.2.0/libgcc.a(_clz.o)
 .text          0x0000000006022fa0       0x58 /home/gabriel/Documents/joengine/Compiler/LINUX/bin/../lib/gcc/sh-none-elf/8.2.0/libgcc.a(_clzsi2.o)
                0x0000000006022fa0                __clzsi2
 .text          0x0000000006022ff8      0x25c /home/gabriel/Documents/joengine/Compiler/LINUX/bin/../lib/gcc/sh-none-elf/8.2.0/libgcc.a(_pack_df.o)
                0x0000000006022ff8                __pack_d
 .text          0x0000000006023254       0xcc /home/gabriel/Documents/joengine/Compiler/LINUX/bin/../lib/gcc/sh-none-elf/8.2.0/libgcc.a(_unpack_df.o)
                0x0000000006023254                __unpack_d
 .text          0x0000000006023320       0xc8 /home/gabriel/Documents/joengine/Compiler/LINUX/bin/../lib/gcc/sh-none-elf/8.2.0/libgcc.a(_fpcmp_parts_df.o)
                0x0000000006023320                __fpcmp_parts_d
 *(.strings)
 *(SEGA_P)
 *(.eh_frame_hdr)
 *(.eh_frame)
 .eh_frame      0x00000000060233e8       0xa8 /home/gabriel/Documents/joengine/Compiler/LINUX/bin/../lib/gcc/sh-none-elf/8.2.0/libgcc.a(_udivdi3.o)
 .eh_frame      0x0000000006023490       0xdc /home/gabriel/Documents/joengine/Compiler/LINUX/bin/../lib/gcc/sh-none-elf/8.2.0/libgcc.a(_umoddi3.o)
                0x000000000602356c                __etext = .

.text.startup   0x0000000006023570      0x6b0
 .text.startup  0x0000000006023570      0x6a8 /tmp/ccmuXkDq.ltrans0.ltrans.o
                0x0000000006023570                main

SLPROG          0x0000000006023c20    0x124f0
                0x0000000006023c20                __slprog_start = .
 *(SLPROG)
 SLPROG         0x0000000006023c20     0x6540 ../../Compiler/COMMON/SGL_302j/LIB_ELF/SGLAREA.O
                0x0000000006023c20                MasterStack
                0x0000000006023c24                SlaveStack
                0x0000000006023c28                MaxVertices
                0x0000000006023c2a                MaxPolygons
                0x0000000006023c2c                SortList
                0x0000000006023c30                SortListSize
                0x0000000006023c34                TransList
                0x0000000006023c38                Zbuffer
                0x0000000006023c3c                SpriteBuf
                0x0000000006023c40                SpriteBufSize
                0x0000000006023c44                Pbuffer
                0x0000000006023c48                CommandBuf
                0x0000000006023c4c                CLOfstBuf
                0x0000000006023c50                PCM_Work
                0x0000000006023c54                PCM_WkSize
                0x0000000006023c58                MaxEvents
                0x0000000006023c5a                EventSize
                0x0000000006023c5c                MaxWorks
                0x0000000006023c5e                WorkSize
                0x0000000006023c60                RemainEvent
                0x0000000006023d60                RemainWork
                0x0000000006024160                EventBuf
                0x0000000006026160                WorkBuf
 SLPROG         0x000000000602a160       0x18 ../../Compiler/COMMON/SGL_302j/LIB_ELF/LIBSGL.A(sglA15.o)
                0x000000000602a160                slSlaveFunc
 *fill*         0x000000000602a178        0x8 
 SLPROG         0x000000000602a180      0x42c ../../Compiler/COMMON/SGL_302j/LIB_ELF/LIBSGL.A(sglA20.o)
                0x000000000602a180                slInitMatrix
                0x000000000602a18a                slPushUnitMatrix
                0x000000000602a19e                slUnitMatrix
 *fill*         0x000000000602a5ac        0x4 
 SLPROG         0x000000000602a5b0       0x48 ../../Compiler/COMMON/SGL_302j/LIB_ELF/LIBSGL.A(sglA21.o)
                0x000000000602a5b0                slPushMatrix
                0x000000000602a5e4                slPopMatrix
                0x000000000602a5e4                slDecMatrixPtr
 *fill*         0x000000000602a5f8        0x8 
 SLPROG         0x000000000602a600       0x50 ../../Compiler/COMMON/SGL_302j/LIB_ELF/LIBSGL.A(sglA27.o)
                0x000000000602a600                slTranslate
 SLPROG         0x000000000602a650       0x20 ../../Compiler/COMMON/SGL_302j/LIB_ELF/LIBSGL.A(sglB001.o)
                0x000000000602a650                slTVOn
                0x000000000602a65a                slTVOff
 SLPROG         0x000000000602a670       0x24 ../../Compiler/COMMON/SGL_302j/LIB_ELF/LIBSGL.A(sglB011.o)
                0x000000000602a670                slBitMapNbg1
 *fill*         0x000000000602a694        0xc 
 SLPROG         0x000000000602a6a0        0x8 ../../Compiler/COMMON/SGL_302j/LIB_ELF/LIBSGL.A(sglB014.o)
                0x000000000602a6a0                slScrTransparent
 *fill*         0x000000000602a6a8        0x8 
 SLPROG         0x000000000602a6b0      0x40c ../../Compiler/COMMON/SGL_302j/LIB_ELF/LIBSGL.A(sglB015.o)
                0x000000000602a6b0                slScrAutoDisp
 *fill*         0x000000000602aabc        0x4 
 SLPROG         0x000000000602aac0        0xc ../../Compiler/COMMON/SGL_302j/LIB_ELF/LIBSGL.A(sglB016.o)
                0x000000000602aac0                slBack1ColSet
 *fill*         0x000000000602aacc        0x4 
 SLPROG         0x000000000602aad0       0x10 ../../Compiler/COMMON/SGL_302j/LIB_ELF/LIBSGL.A(sglB020.o)
                0x000000000602aad0                slColorCalc
 SLPROG         0x000000000602aae0        0xc ../../Compiler/COMMON/SGL_302j/LIB_ELF/LIBSGL.A(sglB021.o)
                0x000000000602aae0                slColorCalcOn
 *fill*         0x000000000602aaec        0x4 
 SLPROG         0x000000000602aaf0        0xc ../../Compiler/COMMON/SGL_302j/LIB_ELF/LIBSGL.A(sglB023.o)
                0x000000000602aaf0                slColRate
 *fill*         0x000000000602aafc        0x4 
 SLPROG         0x000000000602ab00       0xb4 ../../Compiler/COMMON/SGL_302j/LIB_ELF/LIBSGL.A(sglB032.o)
                0x000000000602ab00                slMapNbg1
 *fill*         0x000000000602abb4        0xc 
 SLPROG         0x000000000602abc0       0xd4 ../../Compiler/COMMON/SGL_302j/LIB_ELF/LIBSGL.A(sglB035.o)
                0x000000000602abc0                sl1MapRA
                0x000000000602ac52                rbank_set
 *fill*         0x000000000602ac94        0xc 
 SLPROG         0x000000000602aca0       0xa0 ../../Compiler/COMMON/SGL_302j/LIB_ELF/LIBSGL.A(sglB036.o)
                0x000000000602aca0                sl1MapRB
 SLPROG         0x000000000602ad40       0x70 ../../Compiler/COMMON/SGL_302j/LIB_ELF/LIBSGL.A(sglB038.o)
                0x000000000602ad40                slRparaInitSet
 SLPROG         0x000000000602adb0       0x7e ../../Compiler/COMMON/SGL_302j/LIB_ELF/LIBSGL.A(sglB039.o)
                0x000000000602adb0                slMakeKtable
 *fill*         0x000000000602ae2e        0x2 
 SLPROG         0x000000000602ae30       0x58 ../../Compiler/COMMON/SGL_302j/LIB_ELF/LIBSGL.A(sglB040.o)
                0x000000000602ae30                slKtableRA
 *fill*         0x000000000602ae88        0x8 
 SLPROG         0x000000000602ae90       0x5c ../../Compiler/COMMON/SGL_302j/LIB_ELF/LIBSGL.A(sglB041.o)
                0x000000000602ae90                slKtableRB
 *fill*         0x000000000602aeec        0x4 
 SLPROG         0x000000000602aef0        0x8 ../../Compiler/COMMON/SGL_302j/LIB_ELF/LIBSGL.A(sglB043.o)
                0x000000000602aef0                slRparaMode
 *fill*         0x000000000602aef8        0x8 
 SLPROG         0x000000000602af00        0xc ../../Compiler/COMMON/SGL_302j/LIB_ELF/LIBSGL.A(sglB047.o)
                0x000000000602af00                slOverRA
 *fill*         0x000000000602af0c        0x4 
 SLPROG         0x000000000602af10       0x10 ../../Compiler/COMMON/SGL_302j/LIB_ELF/LIBSGL.A(sglB048.o)
                0x000000000602af10                slOverRB
 SLPROG         0x000000000602af20        0xc ../../Compiler/COMMON/SGL_302j/LIB_ELF/LIBSGL.A(sglB056.o)
                0x000000000602af20                slPlaneNbg1
 *fill*         0x000000000602af2c        0x4 
 SLPROG         0x000000000602af30        0xc ../../Compiler/COMMON/SGL_302j/LIB_ELF/LIBSGL.A(sglB059.o)
                0x000000000602af30                slPlaneRA
 *fill*         0x000000000602af3c        0x4 
 SLPROG         0x000000000602af40       0x10 ../../Compiler/COMMON/SGL_302j/LIB_ELF/LIBSGL.A(sglB060.o)
                0x000000000602af40                slPlaneRB
 SLPROG         0x000000000602af50        0xc ../../Compiler/COMMON/SGL_302j/LIB_ELF/LIBSGL.A(sglB063.o)
                0x000000000602af50                slPriority
 *fill*         0x000000000602af5c        0x4 
 SLPROG         0x000000000602af60       0x18 ../../Compiler/COMMON/SGL_302j/LIB_ELF/LIBSGL.A(sglB087.o)
                0x000000000602af60                slLineScrollTable0
 *fill*         0x000000000602af78        0x8 
 SLPROG         0x000000000602af80        0x8 ../../Compiler/COMMON/SGL_302j/LIB_ELF/LIBSGL.A(sglB088.o)
                0x000000000602af80                slLineScrollTable1
 *fill*         0x000000000602af88        0x8 
 SLPROG         0x000000000602af90        0xc ../../Compiler/COMMON/SGL_302j/LIB_ELF/LIBSGL.A(sglB090.o)
                0x000000000602af90                slLineScrollMode
 *fill*         0x000000000602af9c        0x4 
 SLPROG         0x000000000602afa0      0x114 ../../Compiler/COMMON/SGL_302j/LIB_ELF/LIBSGL.A(sglB200.o)
                0x000000000602afa0                slCharRbg0
                0x000000000602afac                slCharNbg0
                0x000000000602afb8                slCharNbg1
                0x000000000602afc4                slCharNbg2
                0x000000000602afda                slCharNbg3
                0x000000000602aff2                slPageRbg0
                0x000000000602b008                slPageNbg1
                0x000000000602b010                slPageNbg2
                0x000000000602b018                slPageNbg3
                0x000000000602b024                slPageNbg0
 *fill*         0x000000000602b0b4        0xc 
 SLPROG         0x000000000602b0c0       0x2c ../../Compiler/COMMON/SGL_302j/LIB_ELF/LIBSGL.A(sglC04.o)
                0x000000000602b0c0                slZdspLevel
 *fill*         0x000000000602b0ec        0x4 
 SLPROG         0x000000000602b0f0       0x78 ../../Compiler/COMMON/SGL_302j/LIB_ELF/LIBSGL.A(sglC05.o)
                0x000000000602b0f0                slSetSprite
 *fill*         0x000000000602b168        0x8 
 SLPROG         0x000000000602b170       0xfa ../../Compiler/COMMON/SGL_302j/LIB_ELF/LIBSGL.A(sglC06.o)
                0x000000000602b170                slDispSprite
 *fill*         0x000000000602b26a        0x6 
 SLPROG         0x000000000602b270      0x162 ../../Compiler/COMMON/SGL_302j/LIB_ELF/LIBSGL.A(sglC07.o)
                0x000000000602b276                slPutSprite
 *fill*         0x000000000602b3d2        0xe 
 SLPROG         0x000000000602b3e0     0x1218 ../../Compiler/COMMON/SGL_302j/LIB_ELF/LIBSGL.A(sglC08.o)
                0x000000000602b3e0                slPutPolygon
                0x000000000602c05c                MsCalcDepthFlat
 *fill*         0x000000000602c5f8        0x8 
 SLPROG         0x000000000602c600       0x4c ../../Compiler/COMMON/SGL_302j/LIB_ELF/LIBSGL.A(sglC17.o)
                0x000000000602c600                slDispSpriteHV
 *fill*         0x000000000602c64c        0x4 
 SLPROG         0x000000000602c650       0xd4 ../../Compiler/COMMON/SGL_302j/LIB_ELF/LIBSGL.A(sglC19.o)
                0x000000000602c650                slDispSprite4P
 *fill*         0x000000000602c724        0xc 
 SLPROG         0x000000000602c730       0x40 ../../Compiler/COMMON/SGL_302j/LIB_ELF/LIBSGL.A(sglC20.o)
                0x000000000602c730                SpriteEntry
 SLPROG         0x000000000602c770      0x4ae ../../Compiler/COMMON/SGL_302j/LIB_ELF/LIBSGL.A(sglC21.o)
                0x000000000602c7f8                RotSprite
                0x000000000602c886                SetSprPosition
 *fill*         0x000000000602cc1e        0x2 
 SLPROG         0x000000000602cc20       0x84 ../../Compiler/COMMON/SGL_302j/LIB_ELF/LIBSGL.A(sglD00.o)
                0x000000000602cc20                slDMACopy
                0x000000000602cc20                slCpuDMACopy
                0x000000000602cc7a                slCashPurge
                0x000000000602cc7a                CSH_AllClr
 *fill*         0x000000000602cca4        0xc 
 SLPROG         0x000000000602ccb0       0xa0 ../../Compiler/COMMON/SGL_302j/LIB_ELF/LIBSGL.A(sglD01.o)
                0x000000000602ccb0                slDMAXCopy
 SLPROG         0x000000000602cd50        0xc ../../Compiler/COMMON/SGL_302j/LIB_ELF/LIBSGL.A(sglD03.o)
                0x000000000602cd50                slDMAStatus
 *fill*         0x000000000602cd5c        0x4 
 SLPROG         0x000000000602cd60       0x14 ../../Compiler/COMMON/SGL_302j/LIB_ELF/LIBSGL.A(sglD12.o)
                0x000000000602cd60                DMA_CpuMemCopy4
 *fill*         0x000000000602cd74        0xc 
 SLPROG         0x000000000602cd80       0x18 ../../Compiler/COMMON/SGL_302j/LIB_ELF/LIBSGL.A(sglD14.o)
                0x000000000602cd80                DMA_CpuResult
 *fill*         0x000000000602cd98        0x8 
 SLPROG         0x000000000602cda0       0x20 ../../Compiler/COMMON/SGL_302j/LIB_ELF/LIBSGL.A(sglD15.o)
                0x000000000602cda0                CSH_Purge
 SLPROG         0x000000000602cdc0       0x84 ../../Compiler/COMMON/SGL_302j/LIB_ELF/LIBSGL.A(sglD16.o)
                0x000000000602cdc0                DMA_ScuSetPrm
                0x000000000602ce08                DMA_SCU_PRM0
 *fill*         0x000000000602ce44        0xc 
 SLPROG         0x000000000602ce50       0x88 ../../Compiler/COMMON/SGL_302j/LIB_ELF/LIBSGL.A(sglD17.o)
                0x000000000602ce50                DMA_ScuStart
 *fill*         0x000000000602ced8        0x8 
 SLPROG         0x000000000602cee0       0x34 ../../Compiler/COMMON/SGL_302j/LIB_ELF/LIBSGL.A(sglD18.o)
                0x000000000602cee0                DMA_ScuGetStatus
 *fill*         0x000000000602cf14        0xc 
 SLPROG         0x000000000602cf20       0x4e ../../Compiler/COMMON/SGL_302j/LIB_ELF/LIBSGL.A(sglF00.o)
                0x000000000602cf20                slCurScrn
                0x000000000602cf30                slCurColor
                0x000000000602cf3a                slLocate
                0x000000000602cf6c                CurrentScreen
 *fill*         0x000000000602cf6e        0x2 
 SLPROG         0x000000000602cf70       0x1c ../../Compiler/COMMON/SGL_302j/LIB_ELF/LIBSGL.A(sglF05.o)
                0x000000000602cf70                slPrint
 *fill*         0x000000000602cf8c        0x4 
 SLPROG         0x000000000602cf90       0x34 ../../Compiler/COMMON/SGL_302j/LIB_ELF/LIBSGL.A(sglF08.o)
                0x000000000602cf90                slDec2Hex
 *fill*         0x000000000602cfc4        0xc 
 SLPROG         0x000000000602cfd0      0x1d0 ../../Compiler/COMMON/SGL_302j/LIB_ELF/LIBSGL.A(sglG00.o)
                0x000000000602cfd0                slInitSound
                0x000000000602d0d4                slWaitSound
                0x000000000602d0ec                slSndFlush
 SLPROG         0x000000000602d1a0       0x18 ../../Compiler/COMMON/SGL_302j/LIB_ELF/LIBSGL.A(sglG01.o)
                0x000000000602d1a0                slSndVolume
 *fill*         0x000000000602d1b8        0x8 
 SLPROG         0x000000000602d1c0       0x4c ../../Compiler/COMMON/SGL_302j/LIB_ELF/LIBSGL.A(sglG19.o)
                0x000000000602d1c0                slCDDAOn
 *fill*         0x000000000602d20c        0x4 
 SLPROG         0x000000000602d210      0x1e0 ../../Compiler/COMMON/SGL_302j/LIB_ELF/LIBSGL.A(sglG21.o)
                0x000000000602d218                slPCMOn
                0x000000000602d336                slSndPCMNum
 SLPROG         0x000000000602d3f0       0x48 ../../Compiler/COMMON/SGL_302j/LIB_ELF/LIBSGL.A(sglG22.o)
                0x000000000602d3f0                slPCMOff
 *fill*         0x000000000602d438        0x8 
 SLPROG         0x000000000602d440       0x18 ../../Compiler/COMMON/SGL_302j/LIB_ELF/LIBSGL.A(sglG25.o)
                0x000000000602d440                slPCMStat
 *fill*         0x000000000602d458        0x8 
 SLPROG         0x000000000602d460      0xfc8 ../../Compiler/COMMON/SGL_302j/LIB_ELF/LIBSGL.A(sglH00.o)
                0x000000000602d478                slGetPortDir1
                0x000000000602d480                slGetPortDir2
                0x000000000602d488                slSetPortDir1
                0x000000000602d4b2                slSetPortDir2
                0x000000000602d4ec                slGetPortData1
                0x000000000602d4f4                slGetPortData2
                0x000000000602d4fc                slSetPortData1
                0x000000000602d506                slSetPortData2
                0x000000000602d518                slGetPortSelect1
                0x000000000602d522                slGetPortSelect2
                0x000000000602d52c                slSetPortSelect1
                0x000000000602d560                slSetPortSelect2
                0x000000000602d59c                slGetPortExt1
                0x000000000602d5a6                slGetPortExt2
                0x000000000602d5b0                slSetPortExt1
                0x000000000602d5e0                slSetPortExt2
                0x000000000602d754                slSmpcDirectAccess
                0x000000000602d7d4                slInitPeripheral
                0x000000000602d866                slSetResultBuffer
                0x000000000602d8f2                slCheckIntBackSet
                0x000000000602d8fe                slIntBackCancel
                0x000000000602d928                slCheckReset
                0x000000000602d932                slClearReset
                0x000000000602daf8                slSmpcCashSend
                0x000000000602dbb4                slSmpcCashBlow
                0x000000000602dc90                slGetOptimize
                0x000000000602dc9a                slSetOptimize
                0x000000000602dcc0                slGetPortMode1
                0x000000000602dccc                slGetPortMode2
                0x000000000602dcda                slSetPortMode1
                0x000000000602dd18                slSetPortMode2
                0x000000000602dea4                slRequestCommand
                0x000000000602df14                Smpc_Status
                0x000000000602df18                Smpc_Result
                0x000000000602df1c                Smpc_Peripheral
                0x000000000602df22                Per_Connect1
                0x000000000602df23                Per_Connect2
                0x000000000602df44                SmpcStatusBuf
 *fill*         0x000000000602e428        0x8 
 SLPROG         0x000000000602e430       0xa8 ../../Compiler/COMMON/SGL_302j/LIB_ELF/LIBSGL.A(sglH01.o)
                0x000000000602e430                slGetLanguage
                0x000000000602e43a                slSetLanguage
                0x000000000602e45c                slGetSoundEffect
                0x000000000602e468                slSetSoundEffect
                0x000000000602e484                slGetSoundOutput
                0x000000000602e490                slSetSoundOutput
                0x000000000602e4ac                slGetHelpWindow
                0x000000000602e4b8                slSetHelpWindow
 *fill*         0x000000000602e4d8        0x8 
 SLPROG         0x000000000602e4e0      0x470 ../../Compiler/COMMON/SGL_302j/LIB_ELF/LIBSGL.A(sglH02.o)
                0x000000000602e8d0                smpc_pfr_tbl
                0x000000000602e910                smpc_ptf_tbl
 SLPROG         0x000000000602e950       0x60 ../../Compiler/COMMON/SGL_302j/LIB_ELF/LIBSGL.A(sglH04.o)
                0x000000000602e950                slComPrmIntBack
                0x000000000602e964                slComPrmSetMemory
                0x000000000602e97a                slComPrmSetTime
 SLPROG         0x000000000602e9b0      0x3a4 ../../Compiler/COMMON/SGL_302j/LIB_ELF/LIBSGL.A(sglI01.o)
                0x000000000602e9b0                slInitSynch
                0x000000000602e9ca                slSynch
                0x000000000602eac0                slRandom
                0x000000000602eade                PCM_EndCheck
                0x000000000602eb9a                RetPCMBuf
                0x000000000602ec34                PCM_Buf
                0x000000000602ecd4                Sound_Buf
 *fill*         0x000000000602ed54        0xc 
 SLPROG         0x000000000602ed60       0x10 ../../Compiler/COMMON/SGL_302j/LIB_ELF/LIBSGL.A(sglI04.o)
                0x000000000602ed60                slIntFunction
 SLPROG         0x000000000602ed70      0x3d0 ../../Compiler/COMMON/SGL_302j/LIB_ELF/LIBSGL.A(sglJ01.o)
                0x000000000602ed70                SlaveControl
                0x000000000602f12c                ErasePolygonData
 SLPROG         0x000000000602f140     0x12b8 ../../Compiler/COMMON/SGL_302j/LIB_ELF/LIBSGL.A(sglJ02.o)
                0x000000000602f140                sbMakePolygon
                0x000000000602f328                sbCalcPolygon
                0x0000000006030060                SetTexture
                0x000000000603006c                SetPolygon
                0x0000000006030074                SetPosition
                0x00000000060300ac                stvtc_4
                0x0000000006030164                stvtc_3
                0x0000000006030374                stvtc_1
                0x0000000006030388                stvtc_2
                0x000000000603039c                stvtc_0
 *fill*         0x00000000060303f8        0x8 
 SLPROG         0x0000000006030400      0x140 ../../Compiler/COMMON/SGL_302j/LIB_ELF/LIBSGL.A(sglJ03.o)
                0x0000000006030400                sbMakeDMATable
 SLPROG         0x0000000006030540      0x470 ../../Compiler/COMMON/SGL_302j/LIB_ELF/LIBSGL.A(sglJ04.o)
                0x000000000603059e                sbMakeSprite
                0x0000000006030604                sbMakeRotSprite
 SLPROG         0x00000000060309b0       0x3c ../../Compiler/COMMON/SGL_302j/LIB_ELF/LIBSGL.A(sglJ05.o)
                0x00000000060309b0                sbSortEntry
 *fill*         0x00000000060309ec        0x4 
 SLPROG         0x00000000060309f0       0x6a ../../Compiler/COMMON/SGL_302j/LIB_ELF/LIBSGL.A(sglM01.o)
                0x00000000060309f0                slSetDepthLimit
                0x0000000006030a1c                slSetDepthTbl
                0x0000000006030a4c                DepthWorkArea
 *fill*         0x0000000006030a5a        0x6 
 SLPROG         0x0000000006030a60       0x20 ../../Compiler/COMMON/SGL_302j/LIB_ELF/LIBSGL.A(sglA00.o)
                0x0000000006030a60                set_imask
                0x0000000006030a60                _builtin_set_imask
                0x0000000006030a74                get_imask
                0x0000000006030a74                _builtin_get_imask
 SLPROG         0x0000000006030a80     0x411e ../../Compiler/COMMON/SGL_302j/LIB_ELF/LIBSGL.A(sglA01.o)
                0x0000000006030a80                slSin
                0x0000000006030aa4                slCos
                0x0000000006030ac8                GetSinCos
                0x0000000006030b5c                sin_cos_index_tbl
                0x0000000006030b9c                sin_tbl
 *fill*         0x0000000006034b9e        0x2 
 SLPROG         0x0000000006034ba0      0xbd0 ../../Compiler/COMMON/SGL_302j/LIB_ELF/LIBSGL.A(sglB000.o)
                0x0000000006034ba0                slInitScroll
                0x0000000006034cc0                setASC_1to8
                0x0000000006034cf0                setASC_4to8
                0x0000000006034e00                TVSizeTbl
                0x0000000006034e80                TVModeTbl
                0x0000000006035058                SGL_ASCII_CG
 SLPROG         0x0000000006035770      0x134 ../../Compiler/COMMON/SGL_302j/LIB_ELF/LIBSGL.A(sglC00.o)
                0x0000000006035770                slInitSprite
 *fill*         0x00000000060358a4        0xc 
 SLPROG         0x00000000060358b0       0x10 ../../Compiler/COMMON/SGL_302j/LIB_ELF/LIBSGL.A(sglD02.o)
                0x00000000060358b0                slDMAWait
 SLPROG         0x00000000060358c0      0x75c ../../Compiler/COMMON/SGL_302j/LIB_ELF/LIBSGL.A(sglI00.o)
                0x0000000006035bb0                slInitInterrupt
 *fill*         0x000000000603601c        0x4 
 SLPROG         0x0000000006036020       0xf0 ../../Compiler/COMMON/SGL_302j/LIB_ELF/LIBSGL.A(sglH03.o)
                0x0000000006036084                slSmpcIntBack
                0x0000000006036110                __slprog_end = .

.tors           0x0000000006036110        0x0
                0x0000000006036110                ___ctors = .
 *(.ctors)
                0x0000000006036110                ___ctors_end = .
                0x0000000006036110                ___dtors = .
 *(.dtors)
                0x0000000006036110                ___dtors_end = .

.data           0x0000000006036110     0x6e50
 *(.data)
 .data          0x0000000006036110        0x0 ../../Compiler/COMMON/SGL_302j/LIB_ELF/SGLAREA.O
 .data          0x0000000006036110     0x680c /tmp/ccmuXkDq.ltrans0.ltrans.o
 *fill*         0x000000000603c91c        0x4 
 .data          0x000000000603c920        0x0 ../../Compiler/COMMON/SGL_302j/LIB_ELF/LIBCPK.A(cpk_lib.o)
 .data          0x000000000603c920        0x0 ../../Compiler/COMMON/SGL_302j/LIB_ELF/LIBCPK.A(cpk_gfs.o)
 .data          0x000000000603c920        0x0 ../../Compiler/COMMON/SGL_302j/LIB_ELF/LIBCPK.A(cpk_mp.o)
 .data          0x000000000603c920        0x0 ../../Compiler/COMMON/SGL_302j/LIB_ELF/LIBCPK.A(cpk_time.o)
 .data          0x000000000603c920        0x0 ../../Compiler/COMMON/SGL_302j/LIB_ELF/LIBCPK.A(cpk_vide.o)
 .data          0x000000000603c920        0x0 ../../Compiler/COMMON/SGL_302j/LIB_ELF/LIBCPK.A(cpk_audi.o)
 .data          0x000000000603c920        0x0 ../../Compiler/COMMON/SGL_302j/LIB_ELF/LIBCPK.A(cpk_etc.o)
 .data          0x000000000603c920        0x0 ../../Compiler/COMMON/SGL_302j/LIB_ELF/LIBCPK.A(cpk_deb.o)
 .data          0x000000000603c920       0x1c ../../Compiler/COMMON/SGL_302j/LIB_ELF/LIBCPK.A(slavesh.o)
                0x000000000603c920                SlaveCommand
                0x000000000603c924                SlaveState
                0x000000000603c928                SlaveParam
                0x000000000603c92c                SlaveSHEntry
                0x000000000603c930                SMPC_COM
                0x000000000603c934                SMPC_RET
                0x000000000603c938                SMPC_SF
 *fill*         0x000000000603c93c        0x4 
 .data          0x000000000603c940        0x0 ../../Compiler/COMMON/SGL_302j/LIB_ELF/LIBCPK.A(cpk_ra15.o)
 .data          0x000000000603c940        0x0 ../../Compiler/COMMON/SGL_302j/LIB_ELF/LIBCPK.A(cpk_er15.o)
 .data          0x000000000603c940        0x0 ../../Compiler/COMMON/SGL_302j/LIB_ELF/LIBCPK.A(cpk_mc15.o)
 .data          0x000000000603c940        0x0 ../../Compiler/COMMON/SGL_302j/LIB_ELF/LIBCPK.A(cpk_scu.o)
 .data          0x000000000603c940        0x0 ../../Compiler/COMMON/SGL_302j/LIB_ELF/LIBSND.A(snd_main.o)
 .data          0x000000000603c940        0x0 ../../Compiler/COMMON/SGL_302j/LIB_ELF/SEGA_SYS.A(sys_exit.o)
 .data          0x000000000603c940        0x0 ../../Compiler/COMMON/SGL_302j/LIB_ELF/SEGA_SYS.A(sys_sub.o)
 .data          0x000000000603c940        0x0 ../../Compiler/COMMON/SGL_302j/LIB_ELF/LIBCD.A(CDC_CMN.O)
 .data          0x000000000603c940        0x0 ../../Compiler/COMMON/SGL_302j/LIB_ELF/LIBCD.A(CDC_DRV.O)
 .data          0x000000000603c940        0x0 ../../Compiler/COMMON/SGL_302j/LIB_ELF/LIBCD.A(CDC_CFS.O)
 .data          0x000000000603c940        0x0 ../../Compiler/COMMON/SGL_302j/LIB_ELF/LIBCD.A(CDC_REG.O)
 .data          0x000000000603c940        0x0 ../../Compiler/COMMON/SGL_302j/LIB_ELF/LIBCD.A(CDC_SUB.O)
 .data          0x000000000603c940        0x0 ../../Compiler/COMMON/SGL_302j/LIB_ELF/LIBCD.A(GFS.O)
 .data          0x000000000603c940        0x0 ../../Compiler/COMMON/SGL_302j/LIB_ELF/LIBCD.A(GFS_BUF.O)
 .data          0x000000000603c940        0x0 ../../Compiler/COMMON/SGL_302j/LIB_ELF/LIBCD.A(GFS_CDB.O)
 .data          0x000000000603c940        0x0 ../../Compiler/COMMON/SGL_302j/LIB_ELF/LIBCD.A(GFS_CDC.O)
 .data          0x000000000603c940        0x0 ../../Compiler/COMMON/SGL_302j/LIB_ELF/LIBCD.A(GFS_CDF.O)
 .data          0x000000000603c940        0x0 ../../Compiler/COMMON/SGL_302j/LIB_ELF/LIBCD.A(GFS_DIR.O)
 .data          0x000000000603c940        0x0 ../../Compiler/COMMON/SGL_302j/LIB_ELF/LIBCD.A(GFS_TRN.O)
 .data          0x000000000603c940        0x0 ../../Compiler/COMMON/SGL_302j/LIB_ELF/LIBCD.A(CDC_DEV.O)
 .data          0x000000000603c940        0x0 ../../Compiler/COMMON/SGL_302j/LIB_ELF/LIBCD.A(CDC_SEL.O)
 .data          0x000000000603c940        0x0 ../../Compiler/COMMON/SGL_302j/LIB_ELF/LIBCD.A(CDC_BIF.O)
 .data          0x000000000603c940        0x0 ../../Compiler/COMMON/SGL_302j/LIB_ELF/LIBCD.A(CDC_BIO.O)
 .data          0x000000000603c940        0x0 ../../Compiler/COMMON/SGL_302j/LIB_ELF/LIBSGL.A(sglA15.o)
 .data          0x000000000603c940        0x0 ../../Compiler/COMMON/SGL_302j/LIB_ELF/LIBSGL.A(sglA20.o)
 .data          0x000000000603c940        0x0 ../../Compiler/COMMON/SGL_302j/LIB_ELF/LIBSGL.A(sglA21.o)
 .data          0x000000000603c940        0x0 ../../Compiler/COMMON/SGL_302j/LIB_ELF/LIBSGL.A(sglA27.o)
 .data          0x000000000603c940        0x0 ../../Compiler/COMMON/SGL_302j/LIB_ELF/LIBSGL.A(sglB001.o)
 .data          0x000000000603c940        0x0 ../../Compiler/COMMON/SGL_302j/LIB_ELF/LIBSGL.A(sglB011.o)
 .data          0x000000000603c940        0x0 ../../Compiler/COMMON/SGL_302j/LIB_ELF/LIBSGL.A(sglB014.o)
 .data          0x000000000603c940        0x0 ../../Compiler/COMMON/SGL_302j/LIB_ELF/LIBSGL.A(sglB015.o)
 .data          0x000000000603c940        0x0 ../../Compiler/COMMON/SGL_302j/LIB_ELF/LIBSGL.A(sglB016.o)
 .data          0x000000000603c940        0x0 ../../Compiler/COMMON/SGL_302j/LIB_ELF/LIBSGL.A(sglB020.o)
 .data          0x000000000603c940        0x0 ../../Compiler/COMMON/SGL_302j/LIB_ELF/LIBSGL.A(sglB021.o)
 .data          0x000000000603c940        0x0 ../../Compiler/COMMON/SGL_302j/LIB_ELF/LIBSGL.A(sglB023.o)
 .data          0x000000000603c940        0x0 ../../Compiler/COMMON/SGL_302j/LIB_ELF/LIBSGL.A(sglB032.o)
 .data          0x000000000603c940        0x0 ../../Compiler/COMMON/SGL_302j/LIB_ELF/LIBSGL.A(sglB035.o)