Archive member included to satisfy reference by file (symbol)

../../Compiler/COMMON/SGL_302j/LIB_ELF/LIBCPK.A(cpk_lib.o)
                              ../../jo_engine/video.o (symbol from plugin) (CPK_Init)
../../Compiler/COMMON/SGL_302j/LIB_ELF/LIBCPK.A(cpk_gfs.o)
                              ../../jo_engine/video.o (symbol from plugin) (CPK_CreateGfsMovie)
../../Compiler/COMMON/SGL_302j/LIB_ELF/LIBCPK.A(cpk_mp.o)
                              ../../Compiler/COMMON/SGL_302j/LIB_ELF/LIBCPK.A(cpk_lib.o) (CPK_MeSetErrCode)
../../Compiler/COMMON/SGL_302j/LIB_ELF/LIBCPK.A(cpk_time.o)
                              ../../Compiler/COMMON/SGL_302j/LIB_ELF/LIBCPK.A(cpk_mp.o) (cpk_InitClock)
../../Compiler/COMMON/SGL_302j/LIB_ELF/LIBCPK.A(cpk_vide.o)
                              ../../Compiler/COMMON/SGL_302j/LIB_ELF/LIBCPK.A(cpk_mp.o) (cpk_InitVideo)
../../Compiler/COMMON/SGL_302j/LIB_ELF/LIBCPK.A(cpk_audi.o)
                              ../../Compiler/COMMON/SGL_302j/LIB_ELF/LIBCPK.A(cpk_mp.o) (cpk_Polling)
../../Compiler/COMMON/SGL_302j/LIB_ELF/LIBCPK.A(cpk_etc.o)
                              ../../Compiler/COMMON/SGL_302j/LIB_ELF/LIBCPK.A(cpk_mp.o) (cpk_bit_msk)
../../Compiler/COMMON/SGL_302j/LIB_ELF/LIBCPK.A(cpk_deb.o)
                              ../../Compiler/COMMON/SGL_302j/LIB_ELF/LIBCPK.A(cpk_mp.o) (cpkd_sys)
../../Compiler/COMMON/SGL_302j/LIB_ELF/LIBCPK.A(slavesh.o)
                              ../../Compiler/COMMON/SGL_302j/LIB_ELF/LIBCPK.A(cpk_vide.o) (SlaveCommand)
../../Compiler/COMMON/SGL_302j/LIB_ELF/LIBCPK.A(cpk_ra15.o)
                              ../../Compiler/COMMON/SGL_302j/LIB_ELF/LIBCPK.A(cpk_vide.o) (cpk_DecIntra15)
../../Compiler/COMMON/SGL_302j/LIB_ELF/LIBCPK.A(cpk_er15.o)
                              ../../Compiler/COMMON/SGL_302j/LIB_ELF/LIBCPK.A(cpk_vide.o) (cpk_DecInter15)
../../Compiler/COMMON/SGL_302j/LIB_ELF/LIBCPK.A(cpk_mc15.o)
                              ../../Compiler/COMMON/SGL_302j/LIB_ELF/LIBCPK.A(cpk_vide.o) (cpk_MakeCodeBook15from24)
../../Compiler/COMMON/SGL_302j/LIB_ELF/LIBCPK.A(cpk_scu.o)
                              ../../Compiler/COMMON/SGL_302j/LIB_ELF/LIBCPK.A(cpk_mp.o) (cpk_InitScuDspDma)
../../Compiler/COMMON/SGL_302j/LIB_ELF/LIBSND.A(snd_main.o)
                              ../../Compiler/COMMON/SGL_302j/LIB_ELF/LIBCPK.A(cpk_audi.o) (SND_StartPcm)
../../Compiler/COMMON/SGL_302j/LIB_ELF/SEGA_SYS.A(sys_exit.o)
                              ../../jo_engine/core.o (symbol from plugin) (SYS_Exit)
../../Compiler/COMMON/SGL_302j/LIB_ELF/SEGA_SYS.A(sys_sub.o)
                              ../../Compiler/COMMON/SGL_302j/LIB_ELF/SEGA_SYS.A(sys_exit.o) (SYSUB_SetStackptr)
../../Compiler/COMMON/SGL_302j/LIB_ELF/LIBCD.A(CDC_CMN.O)
                              ../../Compiler/COMMON/SGL_302j/LIB_ELF/SEGA_SYS.A(sys_exit.o) (CDC_GetCurStat)
../../Compiler/COMMON/SGL_302j/LIB_ELF/LIBCD.A(CDC_DRV.O)
                              ../../jo_engine/audio.o (symbol from plugin) (CDC_CdPlay)
../../Compiler/COMMON/SGL_302j/LIB_ELF/LIBCD.A(CDC_CFS.O)
                              ../../Compiler/COMMON/SGL_302j/LIB_ELF/SEGA_SYS.A(sys_exit.o) (CDC_ChgDir)
../../Compiler/COMMON/SGL_302j/LIB_ELF/LIBCD.A(CDC_REG.O)
                              ../../Compiler/COMMON/SGL_302j/LIB_ELF/SEGA_SYS.A(sys_exit.o) (CDC_GetHirqReq)
../../Compiler/COMMON/SGL_302j/LIB_ELF/LIBCD.A(CDC_SUB.O)
                              ../../Compiler/COMMON/SGL_302j/LIB_ELF/LIBCD.A(CDC_CMN.O) (CDSUB_UpdStatus)
../../Compiler/COMMON/SGL_302j/LIB_ELF/LIBCD.A(GFS.O)
                              ../../jo_engine/fs.o (symbol from plugin) (GFS_Init)
../../Compiler/COMMON/SGL_302j/LIB_ELF/LIBCD.A(GFS_BUF.O)
                              ../../Compiler/COMMON/SGL_302j/LIB_ELF/LIBCD.A(GFS.O) (GFBF_GetNumData)
../../Compiler/COMMON/SGL_302j/LIB_ELF/LIBCD.A(GFS_CDB.O)
                              ../../Compiler/COMMON/SGL_302j/LIB_ELF/LIBCD.A(GFS.O) (GFCB_Close)
../../Compiler/COMMON/SGL_302j/LIB_ELF/LIBCD.A(GFS_CDC.O)
                              ../../Compiler/COMMON/SGL_302j/LIB_ELF/LIBCD.A(GFS.O) (GFCD_SetCdbfs)
../../Compiler/COMMON/SGL_302j/LIB_ELF/LIBCD.A(GFS_CDF.O)
                              ../../Compiler/COMMON/SGL_302j/LIB_ELF/LIBCD.A(GFS.O) (GFCF_Init)
../../Compiler/COMMON/SGL_302j/LIB_ELF/LIBCD.A(GFS_DIR.O)
                              ../../Compiler/COMMON/SGL_302j/LIB_ELF/LIBCD.A(GFS.O) (GFDR_SetupDirTbl)
../../Compiler/COMMON/SGL_302j/LIB_ELF/LIBCD.A(GFS_TRN.O)
                              ../../Compiler/COMMON/SGL_302j/LIB_ELF/LIBCD.A(GFS.O) (GFTR_Setup)
../../Compiler/COMMON/SGL_302j/LIB_ELF/LIBCD.A(CDC_DEV.O)
                              ../../Compiler/COMMON/SGL_302j/LIB_ELF/LIBCD.A(GFS_CDC.O) (CDC_CdSetCon)
../../Compiler/COMMON/SGL_302j/LIB_ELF/LIBCD.A(CDC_SEL.O)
                              ../../Compiler/COMMON/SGL_302j/LIB_ELF/LIBCD.A(GFS_CDC.O) (CDC_SetFiltRange)
../../Compiler/COMMON/SGL_302j/LIB_ELF/LIBCD.A(CDC_BIF.O)
[...]
Memory Configuration

Name             Origin             Length             Attributes
*default*        0x0000000000000000 0xffffffffffffffff

Linker script and memory map


SLSTART         0x0000000006004000       0x30
                0x0000000006004000                ___Start = .
 *(SLSTART)
 SLSTART        0x0000000006004000       0x28 ../../Compiler/COMMON/SGL_302j/LIB_ELF/LIBSGL.A(sglI00.o)
                0x0000000006004000                SGL_Start
                0x0000000006004002                slStartSGL

.text           0x0000000006004040    0x1e360
 *(.text)
 .text          0x0000000006004040        0x0 ../../Compiler/COMMON/SGL_302j/LIB_ELF/SGLAREA.O
 .text          0x0000000006004040     0xa488 /tmp/ccdg8ukq.ltrans0.ltrans.o
 *fill*         0x000000000600e4c8        0x8 
 .text          0x000000000600e4d0      0xac4 ../../Compiler/COMMON/SGL_302j/LIB_ELF/LIBCPK.A(cpk_lib.o)
                0x000000000600e4d0                CPK_Init
                0x000000000600e4f4                CPK_Finish
                0x000000000600e50c                CPK_CreateMemMovie
                0x000000000600e604                CPK_DestroyMemMovie
                0x000000000600e654                CPK_Task
                0x000000000600e6ac                CPK_VblIn
                0x000000000600e6c4                CPK_Start
                0x000000000600e6f0                CPK_Stop
                0x000000000600e71c                CPK_Pause
                0x000000000600e74c                CPK_GetTime
                0x000000000600e7c0                CPK_SetPcmStreamNo
                0x000000000600e804                CPK_SetPan
                0x000000000600e834                CPK_SetVolume
                0x000000000600e864                CPK_SetSpeed
                0x000000000600e894                CPK_EntryNext
                0x000000000600e8ac                CPK_Change
                0x000000000600e970                CPK_CheckChange
                0x000000000600e988                CPK_SetDecodeAddr
                0x000000000600e9d4                CPK_SetLoadNum
                0x000000000600ea10                CPK_GetTimeScale
                0x000000000600ea70                CPK_GetPlayStatus
                0x000000000600eaa0                CPK_GetHeader
                0x000000000600ead0                CPK_IsDispTime
                0x000000000600eb2c                CPK_IsKeyframe
                0x000000000600eb64                CPK_CompleteDisp
                0x000000000600ebb0                CPK_GetErr
                0x000000000600ebc8                CPK_SetErrFunc
                0x000000000600ebe0                CPK_SetCpu
                0x000000000600ebf8                CPK_GetWriteBuf
                0x000000000600ec30                CPK_NotifyWriteSize
                0x000000000600ec6c                CPK_PreloadMovie
                0x000000000600ecc4                CPK_PreloadHeader
                0x000000000600ed64                CPK_SetColor
                0x000000000600ed94                CPK_SetKeyOutRange
                0x000000000600edc4                CPK_SetSilenceRate
                0x000000000600edf4                CPK_SetTrModePcm
                0x000000000600ee40                CPK_SetTrModeCd
                0x000000000600ee8c                CPK_AllocScuDsp
                0x000000000600eea4                CPK_FreeScuDsp
                0x000000000600eebc                CPK_SetStartTrgSize
                0x000000000600eeec                CPK_GetStockSize
                0x000000000600ef40                CPK_GetStockTime
 *fill*         0x000000000600ef94        0xc 
 .text          0x000000000600efa0      0x624 ../../Compiler/COMMON/SGL_302j/LIB_ELF/LIBCPK.A(cpk_gfs.o)
                0x000000000600efa0                CPK_CreateGfsMovie
                0x000000000600f11c                CPK_DestroyGfsMovie
                0x000000000600f16c                CPK_GfsCreate
                0x000000000600f1bc                CPK_GfsSetLoadNum
                0x000000000600f22c                CPK_GfsStart
                0x000000000600f244                CPK_GfsTask
                0x000000000600f290                cpkgfs_loadBuf
                0x000000000600f3e0                CPK_GfsPreloadMovie
                0x000000000600f498                CPK_GfsSetTrMode
                0x000000000600f4e0                CPK_GfsGetStockSize
                0x000000000600f53c                CPK_GfsGetStockTime
 *fill*         0x000000000600f5c4        0xc 
 .text          0x000000000600f5d0     0x2338 ../../Compiler/COMMON/SGL_302j/LIB_ELF/LIBCPK.A(cpk_mp.o)
                0x000000000600f5f4                CPK_MeSetErrCode
                0x000000000600f65c                CPK_MeGetErrCode
                0x000000000600f66c                CPK_MeSetErrFunc
                0x000000000600f684                CPK_MeSetCpu
                0x000000000600f6ac                cpk_InitPcm
                0x000000000600f6b8                CPK_MeSetTrModePcm
                0x000000000600f6e4                CPK_MeInit
                0x000000000600f7bc                CPK_MeFinish
                0x000000000600f820                cpk_CountUpVblCnt
                0x000000000600f8b4                CPK_MeVblIn
                0x000000000600f92c                CPK_MeCreate
                0x000000000600fbb0                CPK_MeDestroy
                0x000000000600fc48                CPK_MeGetWrite
                0x000000000600fcd4                CPK_MeRenewWrite
                0x000000000600fd78                cpk_ChkCopyFlop
                0x000000000600fe80                CPK_MeGetStockSize
                0x000000000600fe9c                CPK_MeGetStockTime
                0x000000000600fed4                CPK_MeGetPara
                0x000000000600fee4                CPK_MeGetStatus
                0x000000000600fef4                CPK_MeGetHeader
                0x000000000600ff08                CPK_MeStart
                0x000000000600ff18                cpk_RemoveReturnNoise
                0x000000000600ff78                CPK_MeAllocScuDsp
                0x000000000600ffac                CPK_MeFreeScuDsp
                0x000000000600ffd0                cpk_CheckDma
                0x0000000006010150                cpk_WaitDmaFinish
                0x0000000006010198                CPK_MeStop
                0x00000000060101d0                cpk_PauseOn
                0x0000000006010334                cpk_PauseOff
                0x00000000060103fc                CPK_MePause
                0x0000000006010468                cpk_HeaderProcess
                0x00000000060106cc                cpk_StartTimer
                0x00000000060107b8                CPK_MeSetDecodeTiming
                0x00000000060107d4                CPK_MeSetColor
                0x00000000060107e4                CPK_MeSetPan
                0x0000000006010808                CPK_MeSetVolume
                0x000000000601082c                CPK_MeSetSpeed
                0x0000000006010860                CPK_MeSetCkeyCutoff
                0x0000000006010870                CPK_MeSetSilenceRate
                0x0000000006010880                CPK_MeSetKomaotoshi
                0x0000000006010890                CPK_MeSetStartTrgSize
                0x000000000601089c                cpk_CheckSeamless
                0x0000000006010934                cpk_StartNext
                0x0000000006010a0c                CPK_MeEntryNext
                0x0000000006010a1c                CPK_MeGetEntryNext
                0x0000000006010a2c                CPK_MeCheckChange
                0x0000000006010aec                CPK_MeChange
                0x0000000006010b20                CPK_MeGetHandle
                0x0000000006010b50                CPK_MeIsCreate
                0x0000000006010b84                cpk_RequestDispFrameOn
                0x0000000006010c20                CPK_MeRequestDispFrameOff
                0x0000000006010c88                cpk_AudioProcess
                0x0000000006011074                cpk_FillSilence
                0x000000000601124c                cpk_VideoProcess
                0x00000000060115e0                CPK_MeTask
 *fill*         0x0000000006011908        0x8 
 .text          0x0000000006011910      0x8e0 ../../Compiler/COMMON/SGL_302j/LIB_ELF/LIBCPK.A(cpk_time.o)
                0x0000000006011910                cpk_InitClock
                0x0000000006011938                cpk_GetCount
                0x00000000060119ac                cpk_StartClock
                0x00000000060119fc                cpk_GetClock
                0x0000000006011a50                cpk_GetTimePcm
                0x0000000006011b34                CPK_MeGetTime
                0x0000000006012004                CPK_MeGetTimeTotal
                0x00000000060120ec                cpk_AudioSize2Sample
                0x000000000601212c                cpk_Offset2Time
 .text          0x00000000060121f0     0x138c ../../Compiler/COMMON/SGL_302j/LIB_ELF/LIBCPK.A(cpk_vide.o)
                0x00000000060121f0                cpk_InitVideo
                0x0000000006012574                cpk_SeeThrough15
                0x0000000006012e1c                cpk_VideoSampleCvid
                0x0000000006013290                cpk_VideoSampleNone
 *fill*         0x000000000601357c        0x4 
 .text          0x0000000006013580      0x86e ../../Compiler/COMMON/SGL_302j/LIB_ELF/LIBCPK.A(cpk_audi.o)
                0x0000000006013694                cpk_4ksampleProcess
                0x0000000006013724                cpk_InitPolling
                0x0000000006013750                cpk_Polling
                0x00000000060137c0                cpk_GetSmplingRatePcmLevel
                0x000000000601380c                cpk_ChangePcmPara
                0x0000000006013960                cpk_StartPcm
                0x0000000006013b70                cpk_StopPcm
                0x0000000006013c3c                cpk_RotatePcmbuf
                0x0000000006013cd4                cpk_GetPcmWrite
                0x0000000006013d88                cpk_RenewPcmWrite
 *fill*         0x0000000006013dee        0x2 
 .text          0x0000000006013df0      0x20c ../../Compiler/COMMON/SGL_302j/LIB_ELF/LIBCPK.A(cpk_etc.o)
                0x0000000006013df0                cpk_bit_msk
                0x0000000006013e70                cpk_bittbl
                0x0000000006013e78                cpk_MemsetWord
                0x0000000006013e94                cpk_MemsetDword
                0x0000000006013eb0                cpk_MemcpyDword
                0x0000000006013ed4                cpk_MemmoveByte
                0x0000000006013f18                cpk_MemmoveDword
                0x0000000006013f60                cpk_RotateByte
                0x0000000006013fac                cpk_RotateDword
 *fill*         0x0000000006013ffc        0x4 
 .text          0x0000000006014000      0x184 ../../Compiler/COMMON/SGL_302j/LIB_ELF/LIBCPK.A(cpk_deb.o)
                0x0000000006014000                CPKD_SetMode
                0x0000000006014010                CPKD_SetPrintAddr
                0x0000000006014054                CPKD_Init
                0x00000000060140f8                CPKD_PrintStr
                0x000000000601414c                CPKD_PrintData
 *fill*         0x0000000006014184        0xc 
 .text          0x0000000006014190       0xfc ../../Compiler/COMMON/SGL_302j/LIB_ELF/LIBCPK.A(slavesh.o)
                0x0000000006014190                SMPC_SSHON
                0x0000000006014191                SMPC_SSHOFF
                0x0000000006014194                InitSlaveSH
                0x000000000601423c                SlaveSHmain
 *fill*         0x000000000601428c        0x4 
 .text          0x0000000006014290      0x12a ../../Compiler/COMMON/SGL_302j/LIB_ELF/LIBCPK.A(cpk_ra15.o)
                0x0000000006014290                cpk_DecIntra15
 *fill*         0x00000000060143ba        0x6 
 .text          0x00000000060143c0      0x152 ../../Compiler/COMMON/SGL_302j/LIB_ELF/LIBCPK.A(cpk_er15.o)
                0x00000000060143c0                cpk_DecInter15
 *fill*         0x0000000006014512        0xe 
 .text          0x0000000006014520      0x2a4 ../../Compiler/COMMON/SGL_302j/LIB_ELF/LIBCPK.A(cpk_mc15.o)
                0x0000000006014520                cpk_MakeCodeBook15from24
 *fill*         0x00000000060147c4        0xc 
 .text          0x00000000060147d0       0xf0 ../../Compiler/COMMON/SGL_302j/LIB_ELF/LIBCPK.A(cpk_scu.o)
                0x00000000060147d0                cpk_InitScuDspDma
                0x00000000060147ec                cpk_TransScuDspDma
                0x0000000006014802                cpk_WaitCompletedScuDspDma
                0x0000000006014810                cpk_IsCompletedScuDspDma
 .text          0x00000000060148c0     0x10b4 ../../Compiler/COMMON/SGL_302j/LIB_ELF/LIBSND.A(snd_main.o)
                0x00000000060148c0                SND_Init
                0x0000000006014a38                SND_MoveData
                0x0000000006014a84                SND_ChgMap
                0x0000000006014b5c                SND_SetTlVl
                0x0000000006014bbc                SND_ChgEfct
                0x0000000006014c1c                SND_ChgMix
                0x0000000006014c88                SND_ChgMixPrm
                0x0000000006014d10                SND_ChkHard
                0x0000000006014dac                SND_StopDsp
                0x0000000006014e00                SND_OffAllSound
                0x0000000006014e54                SND_StartSeq
                0x0000000006014ed8                SND_StopSeq
                0x0000000006014f38                SND_PauseSeq
                0x0000000006014f98                SND_ContSeq
                0x0000000006014ff8                SND_SetSeqVl
                0x0000000006015070                SND_ChgTempo
                0x00000000060150ec                SND_CtrlDirMidi
                0x00000000060151a4                SND_SetSeqPan
                0x0000000006015218                SND_StartPcm
                0x0000000006015328                SND_StopPcm
                0x0000000006015388                SND_ChgPcm
                0x0000000006015458                SND_StartVlAnl
                0x00000000060154ac                SND_StopVlAnl
                0x0000000006015500                SND_SetCdDaLev
                0x000000000601557c                SND_SetCdDaPan
                0x00000000060155f8                SND_GetSeqStat
                0x0000000006015620                SND_GetSeqPlayPos
                0x000000000601563c                SND_GetPcmPlayAdr
                0x0000000006015664                SND_GetAnlTlVl
                0x0000000006015680                SND_GetAnlHzVl
                0x000000000601583c                SND_SetQSound
                0x00000000060158a8                SND_Set3D_Stat
                0x0000000006015920                SND_Set3D_Init
 *fill*         0x0000000006015974        0xc 
 .text          0x0000000006015980      0x238 ../../Compiler/COMMON/SGL_302j/LIB_ELF/SEGA_SYS.A(sys_exit.o)
                0x0000000006015980                sys_version
                0x00000000060159a0                SYS_Exit
 *fill*         0x0000000006015bb8        0x8 
 .text          0x0000000006015bc0        0x6 ../../Compiler/COMMON/SGL_302j/LIB_ELF/SEGA_SYS.A(sys_sub.o)
                0x0000000006015bc0                SYSUB_SetStackptr
 *fill*         0x0000000006015bc6        0xa 
 .text          0x0000000006015bd0      0x3a0 ../../Compiler/COMMON/SGL_302j/LIB_ELF/LIBCD.A(CDC_CMN.O)
                0x0000000006015bd0                CDC_GetCurStat
                0x0000000006015c20                CDC_GetLastStat
                0x0000000006015c38                CDC_GetPeriStat
                0x0000000006015d0c                CDC_GetHwInfo
                0x0000000006015d74                CDC_TgetToc
                0x0000000006015dc4                CDC_GetSes
                0x0000000006015e00                CDC_CdInit
                0x0000000006015e84                CDC_CdOpen
                0x0000000006015eac                CDC_DataReady
                0x0000000006015f18                CDC_DataEnd
 .text          0x0000000006015f70      0x130 ../../Compiler/COMMON/SGL_302j/LIB_ELF/LIBCD.A(CDC_DRV.O)
                0x0000000006015f70                CDC_CdPlay
                0x000000000601603c                CDC_CdSeek
                0x0000000006016070                CDC_CdScan
 .text          0x00000000060160a0      0x194 ../../Compiler/COMMON/SGL_302j/LIB_ELF/LIBCD.A(CDC_CFS.O)
                0x00000000060160a0                CDC_ChgDir
                0x00000000060160d4                CDC_ReadDir
                0x0000000006016108                CDC_GetFileScope
                0x0000000006016168                CDC_TgetFileInfo
                0x00000000060161c4                CDC_ReadFile
                0x00000000060161f8                CDC_AbortFile
 *fill*         0x0000000006016234        0xc 
 .text          0x0000000006016240      0x2dc ../../Compiler/COMMON/SGL_302j/LIB_ELF/LIBCD.A(CDC_REG.O)
                0x0000000006016240                CDC_GetDataPtr
                0x0000000006016250                CDC_GetHirqReq
                0x0000000006016264                CDC_ClrHirqReq
                0x0000000006016294                CDREG_ClrHirqReq
                0x00000000060162a4                CDREG_InitHirqReq
                0x00000000060162cc                CDREG_SetHirqFlag
                0x00000000060162e0                CDC_GetHirqMsk
                0x00000000060162f4                CDC_SetHirqMsk
                0x0000000006016304                CDC_GetMpegPtr
                0x0000000006016314                CDREG_TgetData
                0x0000000006016370                CDREG_CmdRsp
                0x0000000006016470                CDREG_WaitHirq
                0x00000000060164e0                CDREG_ReadRsp
 *fill*         0x000000000601651c        0x4 
 .text          0x0000000006016520      0x152 ../../Compiler/COMMON/SGL_302j/LIB_ELF/LIBCD.A(CDC_SUB.O)
                0x0000000006016520                CDSUB_UpdStatus
                0x0000000006016538                CDSUB_UpdCdstat
                0x0000000006016558                CDSUB_CdCmd
                0x00000000060165c8                CDSUB_GetCdstat
                0x0000000006016608                CDSUB_RspToCdstat
                0x0000000006016650                CDSUB_SoftTimer
 *fill*         0x0000000006016672        0xe 
 .text          0x0000000006016680     0x1adc ../../Compiler/COMMON/SGL_302j/LIB_ELF/LIBCD.A(GFS.O)
                0x0000000006016680                gfs_version
                0x00000000060166a0                GFS_Init
                0x0000000006016788                GFS_LoadDir
                0x0000000006016830                GFS_SetDir
                0x0000000006016898                GFS_NameToId
                0x00000000060168fc                GFS_IdToName
                0x0000000006016968                GFS_GetDirInfo
                0x00000000060169d8                GFS_Reset
                0x0000000006016a5c                GFS_Open
                0x0000000006016b10                GFS_Close
                0x0000000006016b48                GFS_Seek
                0x0000000006016bfc                GFS_Tell
                0x0000000006016c4c                GFS_IsEof
                0x0000000006016ca0                GFS_ByteToSct
                0x0000000006016cfc                GFS_GetFileSize
                0x0000000006016d58                GFS_GetFileInfo
                0x0000000006016dcc                GFS_GetNumCdbuf
                0x0000000006016df4                GFS_Load
                0x0000000006016eb8                GFS_Fread
                0x0000000006016f54                gfs_waitRead
                0x0000000006016ffc                GFS_NwFread
                0x0000000006017108                GFS_NwCdRead
                0x0000000006017180                GFS_NwIsComplete
                0x00000000060171b8                GFS_NwStop
                0x0000000006017224                GFS_NwGetStat
                0x00000000060172a0                gfs_recovRdErr
                0x00000000060172d0                GFS_NwExecOne
                0x0000000006017390                GFS_NwExecServer
                0x000000000601740c                GFS_SetGmode
                0x0000000006017470                GFS_SetTmode
                0x00000000060174dc                GFS_SetReadPara
                0x0000000006017540                GFS_SetTransPara
                0x00000000060175ac                GFS_SetTrFunc
                0x0000000006017610                GFS_StartTrans
                0x000000000601765c                GFS_CdMovePickup
                0x00000000060176c8                GFS_SetErrFunc
                0x00000000060176f4                GFS_GetErrStat
                0x0000000006017718                GFS_ConvTno
                0x0000000006017740                gfs_chgRoot
                0x000000000601780c                gfs_aborttrans
                0x0000000006017818                gfs_mngSetupFuncTbl
                0x000000000601784c                gfs_mngInitWork
                0x00000000060178f0                gfs_mngGetNumFile
                0x0000000006017958                GFS_mngAllocGrp
                0x00000000060179a0                gfs_mngFreeGrp
                0x00000000060179ac                gfs_mngTermAccess
                0x0000000006017a30                gfs_mngSetErrCode
                0x0000000006017ab0                gfs_svrSearchHndl
                0x0000000006017af0                gfs_svrAddHndl
                0x0000000006017b2c                gfs_svrRemoveHndl
                0x0000000006017b88                GFS_OpenSub
                0x0000000006017be0                gfs_loadVol
                0x0000000006017ca4                gfs_getRootDir
                0x0000000006017da0                gfs_loadRootDir
                0x0000000006017e28                gfs_flowIn
                0x0000000006017ed0                gfs_transData
                0x0000000006017f74                GFS_GetFad
                0x0000000006017fcc                gfs_SetSct
                0x000000000601800c                gfs_GetFinfo
                0x000000000601804c                gfs_closeSub
                0x0000000006018088                gfs_getGmode
                0x0000000006018094                gfs_isTaskDone
                0x00000000060180e8                gfs_convFinStat
 *fill*         0x000000000601815c        0x4 
 .text          0x0000000006018160      0x106 ../../Compiler/COMMON/SGL_302j/LIB_ELF/LIBCD.A(GFS_BUF.O)
                0x0000000006018190                GFBF_GetTranData
                0x00000000060181b8                GFBF_GetNumData
                0x00000000060181e8                GFBF_GetSrcPk
                0x0000000006018210                GFBF_GetSctData
                0x0000000006018234                GFBF_RtnPk
                0x000000000601825c                gfbf_getSctDt
 *fill*         0x0000000006018266        0xa 
 .text          0x0000000006018270      0x600 ../../Compiler/COMMON/SGL_302j/LIB_ELF/LIBCD.A(GFS_CDB.O)
                0x0000000006018270                GFCB_Setup
                0x0000000006018390                GFCB_Close
                0x00000000060183b8                GFCB_GetLenData
                0x0000000006018464                GFCB_GetLenRoom
                0x0000000006018470                GFCB_SetFilt
                0x00000000060184d8                GFCB_DeleteAllData
                0x0000000006018500                GFCB_Tell
                0x0000000006018510                gfcb_getSctNum
                0x0000000006018560                GFCB_Seek
                0x000000000601865c                GFCB_GetSrcPack
                0x000000000601873c                GFCB_GetSctData
                0x0000000006018774                GFCB_GetDstPack
                0x0000000006018780                GFCB_RtnPk
                0x00000000060187c8                GFCB_MovePickup
                0x00000000060187e4                GFCB_SetCon
                0x0000000006018818                GFCB_GetPickup
                0x0000000006018840                GFCB_IsPuOwner
                0x0000000006018858                GFCB_UngetPickup
 .text          0x0000000006018870     0x1a10 ../../Compiler/COMMON/SGL_302j/LIB_ELF/LIBCD.A(GFS_CDC.O)
                0x0000000006018870                GFCD_SetCdbfs
                0x000000000601889c                GFCD_Init
                0x0000000006018aa0                GFCD_AllocFilt
                0x0000000006018adc                GFCD_FreeFilt
                0x0000000006018b0c                GFCD_AllocBuf
                0x0000000006018b40                GFCD_FreeBuf
                0x0000000006018be4                GFCD_GetBaseFad
                0x0000000006018c18                GFCD_GetPickup
                0x0000000006018c4c                GFCD_UngetPickup
                0x0000000006018c78                GFCD_IsPuOwner
                0x0000000006018c9c                GFCD_SetFilt
                0x0000000006018d60                GFCD_GetFilt
                0x0000000006018da8                GFCD_SetCon
                0x0000000006018e00                GFCD_Play
                0x0000000006018e60                GFCD_GetLenData
                0x0000000006018ec8                GFCD_ReqData
                0x0000000006018f24                GFCD_EndData
                0x0000000006018f6c                GFCD_DelSctData
                0x0000000006018fc4                GFCD_CheckDelSctData
                0x0000000006018ff4                GFCD_GetStat
                0x00000000060190a8                GFCD_MovePickup
                0x00000000060190f4                GFCD_MoveSctData
                0x0000000006019168                GFCD_CheckMove
                0x000000000601918c                GFCD_GetSctInfo
                0x00000000060191d4                GFCD_ChgDir
                0x0000000006019248                GFCD_SetFiltCon
                0x0000000006019330                GFCD_GetFileInfo
                0x000000000601940c                GFCD_GetBufSiz
                0x0000000006019444                GFCD_ExecServer
                0x0000000006019518                gfcd_isIdleTask
                0x00000000060195a4                gfcd_doTask
                0x0000000006019650                GFCD_SetTimer
                0x0000000006019664                GFCD_WaitServer
                0x00000000060196a0                gfcd_doSetFiltTsk
                0x0000000006019864                gfcd_doSetConTsk
                0x00000000060198f4                gfcd_doGetLenDataTsk
                0x0000000006019a48                gfcd_doReqDataTsk
                0x0000000006019ae8                gfcd_doDelSctDataTsk
                0x0000000006019c1c                gfcd_doMoveSctTsk
                0x0000000006019d80                gfcd_doChgDirTsk
                0x0000000006019f7c                gfcd_doSetFiltConTsk
                0x000000000601a0c0                gfcd_checkEflag
                0x000000000601a0e4                gfcd_initCdbMng
                0x000000000601a164                gfcd_setStat
                0x000000000601a190                GFCD_SetCsctFunc
                0x000000000601a1ac                GFCD_ChkScdqFlag
                0x000000000601a1d0                GFCD_ClrScdqFlag
                0x000000000601a1ec                GFCD_WaitScdqFlag
                0x000000000601a230                GFCD_WaitPause
 .text          0x000000000601a280      0x8d8 ../../Compiler/COMMON/SGL_302j/LIB_ELF/LIBCD.A(GFS_CDF.O)
                0x000000000601a280                GFCF_Init
                0x000000000601a320                GFCF_Setup
                0x000000000601a468                GFCF_SetSct
                0x000000000601a4ac                GFCF_GetFileInfo
                0x000000000601a520                GFCF_FlowInBuf
                0x000000000601a674                GFCF_StopInBuf
                0x000000000601a714                GFCF_Recover
                0x000000000601a75c                GFCF_Tell
                0x000000000601a774                GFCF_Seek
                0x000000000601a78c                GFCF_MovePickup
                0x000000000601a828                GFCF_cnvIntlvOfs
                0x000000000601a87c                GFCF_GetStat
                0x000000000601a914                gfcf_getSctSize
                0x000000000601a950                gfcf_isCdOk
                0x000000000601aa10                gfcf_getPlayRange
 *fill*         0x000000000601ab58        0x8 
 .text          0x000000000601ab60      0x92c ../../Compiler/COMMON/SGL_302j/LIB_ELF/LIBCD.A(GFS_DIR.O)
                0x000000000601ab60                GFDR_SetupDirTbl
                0x000000000601abd4                GFDR_NameToId
                0x000000000601ac34                GFDR_GetInfoDirId
                0x000000000601ac48                GFDR_GetInfoDirName
                0x000000000601ac5c                GFDR_GetAtrDirId
                0x000000000601ac74                GFDR_GetAtrDirName
                0x000000000601ac8c                GFDR_ChgRoot
                0x000000000601aca4                GFDR_ChgDir
                0x000000000601ad18                gfdr_setupDirIdTbl
                0x000000000601ad9c                gfdr_setupDirNameTbl
                0x000000000601ae48                gfdr_open
                0x000000000601ae70                gfdr_read
                0x000000000601af30                gfdr_readByte
                0x000000000601af5c                gfdr_readWord
                0x000000000601af88                gfdr_readWordNB
                0x000000000601afdc                gfdr_readLongNB
                0x000000000601b028                gfdr_readLongNM
                0x000000000601b050                gfdr_setNextRec
                0x000000000601b0d4                gfdr_readDirEnt
                0x000000000601b450                gfdr_setDirrecCd
 *fill*         0x000000000601b48c        0x4 
 .text          0x000000000601b490      0x9c6 ../../Compiler/COMMON/SGL_302j/LIB_ELF/LIBCD.A(GFS_TRN.O)
                0x000000000601b4c0                GFTR_Setup
                0x000000000601b504                GFTR_SetMode
                0x000000000601b518                GFTR_SetUnit
                0x000000000601b524                GFTR_SetTransPara
                0x000000000601b558                GFTR_GetTransPara
                0x000000000601b564                GFTR_GetNumTrans
                0x000000000601b570                GFTR_SetTransMax
                0x000000000601b57c                GFTR_Start
                0x000000000601b588                GFTR_Pause
                0x000000000601b594                GFTR_Stop
                0x000000000601b64c                GFTR_Exec
                0x000000000601b6d0                GFTR_Idle
                0x000000000601b748                GFTR_ExecSvr
                0x000000000601b850                gftr_getSrcPack
                0x000000000601b8d8                gftr_getDstPack
                0x000000000601b934                gftr_reqScu
                0x000000000601b940                gftr_execScu
                0x000000000601b9dc                gftr_remScu
                0x000000000601ba10                gfdma_canUse
                0x000000000601ba1c                gfdma_exec
                0x000000000601ba8c                gfdma_getBytecnt
                0x000000000601bac4                gftr_reqDma0
                0x000000000601badc                gftr_execSdma0
                0x000000000601bb00                gftr_remDma0
                0x000000000601bb18                gftr_reqDma1
                0x000000000601bb30                gftr_execSdma1
                0x000000000601bb54                gftr_remDma1
                0x000000000601bb6c                gftr_reqCpu
                0x000000000601bb78                gftr_execCpu
                0x000000000601bbb8                gftr_remCpu
                0x000000000601bbc4                gftr_reqTrn
                0x000000000601bc34                gftr_execTrn
                0x000000000601bd0c                gftr_remTrn
                0x000000000601bd80                gftr_copyFrac
                0x000000000601bda8                GFTR_GetLenData
                0x000000000601bdb4                GFTR_GetLenRoom
                0x000000000601bdcc                GFTR_GetDstPack
                0x000000000601be00                GFTR_RtnDstPk
                0x000000000601be1c                GFTR_GetData
                0x000000000601be30                GFTR_SetData
                0x000000000601be44                GFTR_SetTransFunc
 *fill*         0x000000000601be56        0xa 
 .text          0x000000000601be60       0xa8 ../../Compiler/COMMON/SGL_302j/LIB_ELF/LIBCD.A(CDC_DEV.O)
                0x000000000601be60                CDC_CdSetCon
                0x000000000601be90                CDC_CdGetCon
                0x000000000601becc                CDC_CdGetLastBuf
 *fill*         0x000000000601bf08        0x8 
 .text          0x000000000601bf10      0x2b8 ../../Compiler/COMMON/SGL_302j/LIB_ELF/LIBCD.A(CDC_SEL.O)
                0x000000000601bf10                CDC_SetFiltRange
                0x000000000601bf44                CDC_GetFiltRange
                0x000000000601bf9c                CDC_SetFiltSubh
                0x000000000601c00c                CDC_GetFiltSubh
                0x000000000601c088                CDC_SetFiltMode
                0x000000000601c0bc                CDC_GetFiltMode
                0x000000000601c100                CDC_SetFiltCon
                0x000000000601c140                CDC_GetFiltCon
                0x000000000601c194                CDC_ResetSelector
 *fill*         0x000000000601c1c8        0x8 
 .text          0x000000000601c1d0      0x270 ../../Compiler/COMMON/SGL_302j/LIB_ELF/LIBCD.A(CDC_BIF.O)
                0x000000000601c1d0                CDC_GetBufSiz
                0x000000000601c22c                CDC_GetSctNum
                0x000000000601c270                CDC_CalActSiz
                0x000000000601c2ac                CDC_GetActSiz
                0x000000000601c32c                CDC_GetSctInfo
                0x000000000601c3ac                CDC_ExeFadSearch
                0x000000000601c3e4                CDC_GetFadSearch
 .text          0x000000000601c440      0x1e4 ../../Compiler/COMMON/SGL_302j/LIB_ELF/LIBCD.A(CDC_BIO.O)
                0x000000000601c440                CDC_SetSctLen
                0x000000000601c474                CDC_GetSctData
                0x000000000601c4b0                CDC_DelSctData
                0x000000000601c4ec                CDC_GetdelSctData
                0x000000000601c528                CDC_PutSctData
                0x000000000601c560                CDC_CopySctData
                0x000000000601c5a4                CDC_MoveSctData
                0x000000000601c5e8                CDC_GetCopyErr
 *fill*         0x000000000601c624        0xc 
 .text          0x000000000601c630        0x0 ../../Compiler/COMMON/SGL_302j/LIB_ELF/LIBSGL.A(sglA15.o)
 .text          0x000000000601c630        0x0 ../../Compiler/COMMON/SGL_302j/LIB_ELF/LIBSGL.A(sglA20.o)
 .text          0x000000000601c630        0x0 ../../Compiler/COMMON/SGL_302j/LIB_ELF/LIBSGL.A(sglA21.o)
 .text          0x000000000601c630        0x0 ../../Compiler/COMMON/SGL_302j/LIB_ELF/LIBSGL.A(sglA27.o)
 .text          0x000000000601c630        0x0 ../../Compiler/COMMON/SGL_302j/LIB_ELF/LIBSGL.A(sglB001.o)
 .text          0x000000000601c630        0x0 ../../Compiler/COMMON/SGL_302j/LIB_ELF/LIBSGL.A(sglB011.o)
 .text          0x000000000601c630        0x0 ../../Compiler/COMMON/SGL_302j/LIB_ELF/LIBSGL.A(sglB014.o)
 .text          0x000000000601c630        0x0 ../../Compiler/COMMON/SGL_302j/LIB_ELF/LIBSGL.A(sglB015.o)
 .text          0x000000000601c630        0x0 ../../Compiler/COMMON/SGL_302j/LIB_ELF/LIBSGL.A(sglB016.o)
 .text          0x000000000601c630        0x0 ../../Compiler/COMMON/SGL_302j/LIB_ELF/LIBSGL.A(sglB020.o)
 .text          0x000000000601c630        0x0 ../../Compiler/COMMON/SGL_302j/LIB_ELF/LIBSGL.A(sglB021.o)
 .text          0x000000000601c630        0x0 ../../Compiler/COMMON/SGL_302j/LIB_ELF/LIBSGL.A(sglB023.o)
 .text          0x000000000601c630        0x0 ../../Compiler/COMMON/SGL_302j/LIB_ELF/LIBSGL.A(sglB031.o)
 .text          0x000000000601c630        0x0 ../../Compiler/COMMON/SGL_302j/LIB_ELF/LIBSGL.A(sglB032.o)
 .text          0x000000000601c630        0x0 ../../Compiler/COMMON/SGL_302j/LIB_ELF/LIBSGL.A(sglB033.o)
 .text          0x000000000601c630        0x0 ../../Compiler/COMMON/SGL_302j/LIB_ELF/LIBSGL.A(sglB034.o)
 .text          0x000000000601c630        0x0 ../../Compiler/COMMON/SGL_302j/LIB_ELF/LIBSGL.A(sglB035.o)
 .text          0x000000000601c630        0x0 ../../Compiler/COMMON/SGL_302j/LIB_ELF/LIBSGL.A(sglB036.o)
 .text          0x000000000601c630        0x0 ../../Compiler/COMMON/SGL_302j/LIB_ELF/LIBSGL.A(sglB038.o)
 .text          0x000000000601c630        0x0 ../../Compiler/COMMON/SGL_302j/LIB_ELF/LIBSGL.A(sglB039.o)
 .text          0x000000000601c630        0x0 ../../Compiler/COMMON/SGL_302j/LIB_ELF/LIBSGL.A(sglB040.o)
 .text          0x000000000601c630        0x0 ../../Compiler/COMMON/SGL_302j/LIB_ELF/LIBSGL.A(sglB041.o)
 .text          0x000000000601c630        0x0 ../../Compiler/COMMON/SGL_302j/LIB_ELF/LIBSGL.A(sglB043.o)
 .text          0x000000000601c630        0x0 ../../Compiler/COMMON/SGL_302j/LIB_ELF/LIBSGL.A(sglB047.o)
 .text          0x000000000601c630        0x0 ../../Compiler/COMMON/SGL_302j/LIB_ELF/LIBSGL.A(sglB048.o)
 .text          0x000000000601c630        0x0 ../../Compiler/COMMON/SGL_302j/LIB_ELF/LIBSGL.A(sglB055.o)
 .text          0x000000000601c630        0x0 ../../Compiler/COMMON/SGL_302j/LIB_ELF/LIBSGL.A(sglB056.o)
 .text          0x000000000601c630        0x0 ../../Compiler/COMMON/SGL_302j/LIB_ELF/LIBSGL.A(sglB057.o)
 .text          0x000000000601c630        0x0 ../../Compiler/COMMON/SGL_302j/LIB_ELF/LIBSGL.A(sglB058.o)
 .text          0x000000000601c630        0x0 ../../Compiler/COMMON/SGL_302j/LIB_ELF/LIBSGL.A(sglB059.o)
 .text          0x000000000601c630        0x0 ../../Compiler/COMMON/SGL_302j/LIB_ELF/LIBSGL.A(sglB060.o)
 .text          0x000000000601c630        0x0 ../../Compiler/COMMON/SGL_302j/LIB_ELF/LIBSGL.A(sglB063.o)
 .text          0x000000000601c630        0x0 ../../Compiler/COMMON/SGL_302j/LIB_ELF/LIBSGL.A(sglB087.o)
 .text          0x000000000601c630        0x0 ../../Compiler/COMMON/SGL_302j/LIB_ELF/LIBSGL.A(sglB088.o)
 .text          0x000000000601c630        0x0 ../../Compiler/COMMON/SGL_302j/LIB_ELF/LIBSGL.A(sglB090.o)
 .text          0x000000000601c630        0x0 ../../Compiler/COMMON/SGL_302j/LIB_ELF/LIBSGL.A(sglB200.o)
 .text          0x000000000601c630        0x0 ../../Compiler/COMMON/SGL_302j/LIB_ELF/LIBSGL.A(sglC04.o)
 .text          0x000000000601c630        0x0 ../../Compiler/COMMON/SGL_302j/LIB_ELF/LIBSGL.A(sglC05.o)
 .text          0x000000000601c630        0x0 ../../Compiler/COMMON/SGL_302j/LIB_ELF/LIBSGL.A(sglC06.o)
 .text          0x000000000601c630        0x0 ../../Compiler/COMMON/SGL_302j/LIB_ELF/LIBSGL.A(sglC07.o)
 .text          0x000000000601c630        0x0 ../../Compiler/COMMON/SGL_302j/LIB_ELF/LIBSGL.A(sglC08.o)
 .text          0x000000000601c630        0x0 ../../Compiler/COMMON/SGL_302j/LIB_ELF/LIBSGL.A(sglC17.o)
 .text          0x000000000601c630        0x0 ../../Compiler/COMMON/SGL_302j/LIB_ELF/LIBSGL.A(sglC19.o)
 .text          0x000000000601c630        0x0 ../../Compiler/COMMON/SGL_302j/LIB_ELF/LIBSGL.A(sglC20.o)
 .text          0x000000000601c630        0x0 ../../Compiler/COMMON/SGL_302j/LIB_ELF/LIBSGL.A(sglC21.o)
 .text          0x000000000601c630        0x0 ../../Compiler/COMMON/SGL_302j/LIB_ELF/LIBSGL.A(sglD00.o)
 .text          0x000000000601c630        0x0 ../../Compiler/COMMON/SGL_302j/LIB_ELF/LIBSGL.A(sglD01.o)
 .text          0x000000000601c630        0x0 ../../Compiler/COMMON/SGL_302j/LIB_ELF/LIBSGL.A(sglD03.o)
 .text          0x000000000601c630        0x0 ../../Compiler/COMMON/SGL_302j/LIB_ELF/LIBSGL.A(sglD12.o)
 .text          0x000000000601c630        0x0 ../../Compiler/COMMON/SGL_302j/LIB_ELF/LIBSGL.A(sglD14.o)
 .text          0x000000000601c630        0x0 ../../Compiler/COMMON/SGL_302j/LIB_ELF/LIBSGL.A(sglD15.o)
 .text          0x000000000601c630        0x0 ../../Compiler/COMMON/SGL_302j/LIB_ELF/LIBSGL.A(sglD16.o)
 .text          0x000000000601c630        0x0 ../../Compiler/COMMON/SGL_302j/LIB_ELF/LIBSGL.A(sglD17.o)
 .text          0x000000000601c630        0x0 ../../Compiler/COMMON/SGL_302j/LIB_ELF/LIBSGL.A(sglD18.o)
 .text          0x000000000601c630        0x0 ../../Compiler/COMMON/SGL_302j/LIB_ELF/LIBSGL.A(sglF08.o)
 .text          0x000000000601c630        0x0 ../../Compiler/COMMON/SGL_302j/LIB_ELF/LIBSGL.A(sglG00.o)
 .text          0x000000000601c630        0x0 ../../Compiler/COMMON/SGL_302j/LIB_ELF/LIBSGL.A(sglG01.o)
 .text          0x000000000601c630        0x0 ../../Compiler/COMMON/SGL_302j/LIB_ELF/LIBSGL.A(sglG19.o)
 .text          0x000000000601c630        0x0 ../../Compiler/COMMON/SGL_302j/LIB_ELF/LIBSGL.A(sglG21.o)
 .text          0x000000000601c630        0x0 ../../Compiler/COMMON/SGL_302j/LIB_ELF/LIBSGL.A(sglG22.o)
 .text          0x000000000601c630        0x0 ../../Compiler/COMMON/SGL_302j/LIB_ELF/LIBSGL.A(sglG25.o)
 .text          0x000000000601c630        0x0 ../../Compiler/COMMON/SGL_302j/LIB_ELF/LIBSGL.A(sglH00.o)
 .text          0x000000000601c630        0x0 ../../Compiler/COMMON/SGL_302j/LIB_ELF/LIBSGL.A(sglH01.o)
 .text          0x000000000601c630        0x0 ../../Compiler/COMMON/SGL_302j/LIB_ELF/LIBSGL.A(sglH02.o)
 .text          0x000000000601c630        0x0 ../../Compiler/COMMON/SGL_302j/LIB_ELF/LIBSGL.A(sglH04.o)
 .text          0x000000000601c630        0x0 ../../Compiler/COMMON/SGL_302j/LIB_ELF/LIBSGL.A(sglI01.o)
 .text          0x000000000601c630        0x0 ../../Compiler/COMMON/SGL_302j/LIB_ELF/LIBSGL.A(sglI04.o)
 .text          0x000000000601c630      0x128 ../../Compiler/COMMON/SGL_302j/LIB_ELF/LIBSGL.A(sglIc0.o)
                0x000000000601c630                slInitSystem
 *fill*         0x000000000601c758        0x8 
 .text          0x000000000601c760        0x0 ../../Compiler/COMMON/SGL_302j/LIB_ELF/LIBSGL.A(sglJ01.o)
 .text          0x000000000601c760        0x0 ../../Compiler/COMMON/SGL_302j/LIB_ELF/LIBSGL.A(sglJ02.o)
 .text          0x000000000601c760        0x0 ../../Compiler/COMMON/SGL_302j/LIB_ELF/LIBSGL.A(sglJ03.o)
 .text          0x000000000601c760        0x0 ../../Compiler/COMMON/SGL_302j/LIB_ELF/LIBSGL.A(sglJ04.o)
 .text          0x000000000601c760        0x0 ../../Compiler/COMMON/SGL_302j/LIB_ELF/LIBSGL.A(sglJ05.o)
 .text          0x000000000601c760        0x0 ../../Compiler/COMMON/SGL_302j/LIB_ELF/LIBSGL.A(sglK01.o)
 .text          0x000000000601c760        0x0 ../../Compiler/COMMON/SGL_302j/LIB_ELF/LIBSGL.A(sglM01.o)
 .text          0x000000000601c760        0x0 ../../Compiler/COMMON/SGL_302j/LIB_ELF/LIBSGL.A(sglA00.o)
 .text          0x000000000601c760        0x0 ../../Compiler/COMMON/SGL_302j/LIB_ELF/LIBSGL.A(sglA01.o)
 .text          0x000000000601c760        0x0 ../../Compiler/COMMON/SGL_302j/LIB_ELF/LIBSGL.A(sglB000.o)
 .text          0x000000000601c760        0x0 ../../Compiler/COMMON/SGL_302j/LIB_ELF/LIBSGL.A(sglC00.o)
 .text          0x000000000601c760        0x0 ../../Compiler/COMMON/SGL_302j/LIB_ELF/LIBSGL.A(sglD02.o)
 .text          0x000000000601c760        0x0 ../../Compiler/COMMON/SGL_302j/LIB_ELF/LIBSGL.A(sglI00.o)
 .text          0x000000000601c760        0x0 ../../Compiler/COMMON/SGL_302j/LIB_ELF/LIBSGL.A(sglH03.o)
 .text          0x000000000601c760       0x52 /home/sansigolo/Documents/joengine/Compiler/LINUX/bin/../lib/gcc/sh-none-elf/8.2.0/libgcc.a(_ashiftrt.o)
                0x000000000601c760                __ashiftrt_r4_31
                0x000000000601c760                __ashiftrt_r4_32
                0x000000000601c766                __ashiftrt_r4_30
                0x000000000601c768                __ashiftrt_r4_29
                0x000000000601c76a                __ashiftrt_r4_28
                0x000000000601c76c                __ashiftrt_r4_27
                0x000000000601c76e                __ashiftrt_r4_26
                0x000000000601c770                __ashiftrt_r4_25
                0x000000000601c772                __ashiftrt_r4_24
                0x000000000601c77a                __ashiftrt_r4_23
                0x000000000601c77c                __ashiftrt_r4_22
                0x000000000601c77e                __ashiftrt_r4_21
                0x000000000601c780                __ashiftrt_r4_20
                0x000000000601c782                __ashiftrt_r4_19
                0x000000000601c784                __ashiftrt_r4_18
                0x000000000601c786                __ashiftrt_r4_17
                0x000000000601c788                __ashiftrt_r4_16
                0x000000000601c78e                __ashiftrt_r4_15
                0x000000000601c790                __ashiftrt_r4_14
                0x000000000601c792                __ashiftrt_r4_13
                0x000000000601c794                __ashiftrt_r4_12
                0x000000000601c796                __ashiftrt_r4_11
                0x000000000601c798                __ashiftrt_r4_10
                0x000000000601c79a                __ashiftrt_r4_9
                0x000000000601c79c                __ashiftrt_r4_8
                0x000000000601c79e                __ashiftrt_r4_7
                0x000000000601c7a0                __ashiftrt_r4_6
                0x000000000601c7a2                __ashiftrt_r4_5
                0x000000000601c7a4                __ashiftrt_r4_4
                0x000000000601c7a6                __ashiftrt_r4_3
                0x000000000601c7a8                __ashiftrt_r4_2
                0x000000000601c7aa                __ashiftrt_r4_1
                0x000000000601c7ae                __ashiftrt_r4_0
 *fill*         0x000000000601c7b2        0x2 
 .text          0x000000000601c7b4       0x80 /home/sansigolo/Documents/joengine/Compiler/LINUX/bin/../lib/gcc/sh-none-elf/8.2.0/libgcc.a(_ashiftrt_n.o)
                0x000000000601c7b4                __ashrsi3
 .text          0x000000000601c834       0xa0 /home/sansigolo/Documents/joengine/Compiler/LINUX/bin/../lib/gcc/sh-none-elf/8.2.0/libgcc.a(_sdivsi3.o)
                0x000000000601c834                __sdivsi3
 .text          0x000000000601c8d4       0x6c /home/sansigolo/Documents/joengine/Compiler/LINUX/bin/../lib/gcc/sh-none-elf/8.2.0/libgcc.a(_udivsi3.o)
                0x000000000601c8f6                __udivsi3
 .text          0x000000000601c940       0x1e /home/sansigolo/Documents/joengine/Compiler/LINUX/bin/../lib/gcc/sh-none-elf/8.2.0/../../../../sh-none-elf/lib/libc.a(lib_a-memcmp.o)
                0x000000000601c940                memcmp
 *fill*         0x000000000601c95e        0x2 
 .text          0x000000000601c960       0x94 /home/sansigolo/Documents/joengine/Compiler/LINUX/bin/../lib/gcc/sh-none-elf/8.2.0/../../../../sh-none-elf/lib/libc.a(lib_a-memcpy.o)
                0x000000000601c960                memcpy
 .text          0x000000000601c9f4       0x40 /home/sansigolo/Documents/joengine/Compiler/LINUX/bin/../lib/gcc/sh-none-elf/8.2.0/../../../../sh-none-elf/lib/libc.a(lib_a-memset.o)
                0x000000000601c9f4                memset
 .text          0x000000000601ca34       0x8c /home/sansigolo/Documents/joengine/Compiler/LINUX/bin/../lib/gcc/sh-none-elf/8.2.0/../../../../sh-none-elf/lib/libc.a(lib_a-sprintf.o)
                0x000000000601ca34                _sprintf_r
                0x000000000601ca74                sprintf
 .text          0x000000000601cac0       0x2a /home/sansigolo/Documents/joengine/Compiler/LINUX/bin/../lib/gcc/sh-none-elf/8.2.0/../../../../sh-none-elf/lib/libc.a(lib_a-strncmp.o)
                0x000000000601cac0                strncmp
 .text          0x000000000601caea       0x32 /home/sansigolo/Documents/joengine/Compiler/LINUX/bin/../lib/gcc/sh-none-elf/8.2.0/../../../../sh-none-elf/lib/libc.a(lib_a-strncpy.o)
                0x000000000601caea                strncpy
 .text          0x000000000601cb1c     0x1378 /home/sansigolo/Documents/joengine/Compiler/LINUX/bin/../lib/gcc/sh-none-elf/8.2.0/../../../../sh-none-elf/lib/libc.a(lib_a-svfprintf.o)
                0x000000000601cb1c                _svfprintf_r
 .text          0x000000000601de94      0xef4 /home/sansigolo/Documents/joengine/Compiler/LINUX/bin/../lib/gcc/sh-none-elf/8.2.0/../../../../sh-none-elf/lib/libc.a(lib_a-dtoa.o)
                0x000000000601dfc8                _dtoa_r
 .text          0x000000000601ed88        0x0 /home/sansigolo/Documents/joengine/Compiler/LINUX/bin/../lib/gcc/sh-none-elf/8.2.0/../../../../sh-none-elf/lib/libc.a(lib_a-impure.o)
 .text          0x000000000601ed88       0x40 /home/sansigolo/Documents/joengine/Compiler/LINUX/bin/../lib/gcc/sh-none-elf/8.2.0/../../../../sh-none-elf/lib/libc.a(lib_a-localeconv.o)
                0x000000000601ed88                __localeconv_l
                0x000000000601ed90                _localeconv_r
                0x000000000601edac                localeconv
 .text          0x000000000601edc8       0xa8 /home/sansigolo/Documents/joengine/Compiler/LINUX/bin/../lib/gcc/sh-none-elf/8.2.0/../../../../sh-none-elf/lib/libc.a(lib_a-locale.o)
                0x000000000601edc8                _setlocale_r
                0x000000000601ee14                __locale_mb_cur_max
                0x000000000601ee34                __locale_ctype_ptr_l
                0x000000000601ee3e                __locale_ctype_ptr
                0x000000000601ee5c                setlocale
 .text          0x000000000601ee70       0x4c /home/sansigolo/Documents/joengine/Compiler/LINUX/bin/../lib/gcc/sh-none-elf/8.2.0/../../../../sh-none-elf/lib/libc.a(lib_a-mbtowc_r.o)
                0x000000000601ee70                _mbtowc_r
                0x000000000601ee94                __ascii_mbtowc
 .text          0x000000000601eebc       0x1c /home/sansigolo/Documents/joengine/Compiler/LINUX/bin/../lib/gcc/sh-none-elf/8.2.0/../../../../sh-none-elf/lib/libc.a(lib_a-memchr.o)
                0x000000000601eebc                memchr
 .text          0x000000000601eed8      0xa9c /home/sansigolo/Documents/joengine/Compiler/LINUX/bin/../lib/gcc/sh-none-elf/8.2.0/../../../../sh-none-elf/lib/libc.a(lib_a-mprec.o)
                0x000000000601eed8                _Balloc
                0x000000000601ef4c                _Bfree
                0x000000000601ef64                __multadd
                0x000000000601f00c                __s2b
                0x000000000601f0cc                __hi0bits
                0x000000000601f120                __lo0bits
                0x000000000601f184                __i2b
                0x000000000601f1a0                __multiply
                0x000000000601f2e4                __pow5mult
                0x000000000601f3a0                __lshift
                0x000000000601f494                __mcmp
                0x000000000601f4cc                __mdiff
                0x000000000601f5a8                __ulp
                0x000000000601f614                __b2d
                0x000000000601f6fc                __d2b
                0x000000000601f7e8                __ratio
                0x000000000601f86c                _mprec_log10
                0x000000000601f8c4                __copybits
                0x000000000601f908                __any_on
 .text          0x000000000601f974       0x34 /home/sansigolo/Documents/joengine/Compiler/LINUX/bin/../lib/gcc/sh-none-elf/8.2.0/../../../../sh-none-elf/lib/libc.a(lib_a-nano-callocr.o)
                0x000000000601f974                _calloc_r
 .text          0x000000000601f9a8       0xf4 /home/sansigolo/Documents/joengine/Compiler/LINUX/bin/../lib/gcc/sh-none-elf/8.2.0/../../../../sh-none-elf/lib/libc.a(lib_a-nano-mallocr.o)
                0x000000000601f9a8                _malloc_r
 .text          0x000000000601fa9c       0x30 /home/sansigolo/Documents/joengine/Compiler/LINUX/bin/../lib/gcc/sh-none-elf/8.2.0/../../../../sh-none-elf/lib/libc.a(lib_a-sbrkr.o)
                0x000000000601fa9c                _sbrk_r
 .text          0x000000000601facc       0x38 /home/sansigolo/Documents/joengine/Compiler/LINUX/bin/../lib/gcc/sh-none-elf/8.2.0/../../../../sh-none-elf/lib/libc.a(lib_a-strcmp.o)
                0x000000000601facc                strcmp
 .text          0x000000000601fb04       0x20 /home/sansigolo/Documents/joengine/Compiler/LINUX/bin/../lib/gcc/sh-none-elf/8.2.0/../../../../sh-none-elf/lib/libc.a(lib_a-strlen.o)
                0x000000000601fb04                strlen
 .text          0x000000000601fb24      0xa60 /home/sansigolo/Documents/joengine/Compiler/LINUX/bin/../lib/gcc/sh-none-elf/8.2.0/../../../../sh-none-elf/lib/libc.a(lib_a-svfiprintf.o)
                0x000000000601fb24                __ssprint_r
                0x000000000601fc58                _svfiprintf_r
 .text          0x0000000006020584      0x25c /home/sansigolo/Documents/joengine/Compiler/LINUX/bin/../lib/gcc/sh-none-elf/8.2.0/../../../../sh-none-elf/lib/libc.a(lib_a-syscalls.o)
                0x00000000060205fc                _read
                0x000000000602060c                _lseek
                0x000000000602061c                _write
                0x000000000602062c                _close
                0x000000000602063c                _link
                0x0000000006020640                _sbrk
                0x0000000006020698                _fstat
                0x00000000060206a2                _open
                0x00000000060206b4                _creat
                0x00000000060206c4                _unlink
                0x00000000060206c8                isatty
                0x00000000060206cc                _isatty
                0x00000000060206d0                _exit
                0x00000000060206e0                _kill
                0x00000000060206f4                _getpid
                0x00000000060206f8                _raise
                0x00000000060206fc                _stat
                0x000000000602070c                _chmod
                0x000000000602071c                _chown
                0x000000000602072c                _utime
                0x0000000006020740                _fork
                0x000000000602074c                _wait
                0x000000000602075c                _execve
                0x000000000602076c                _execv
                0x000000000602077c                _pipe
                0x0000000006020788                _times
                0x000000000602078c                _gettimeofday
                0x00000000060207b4                __setup_argv_and_call_main
 .text          0x00000000060207e0       0x14 /home/sansigolo/Documents/joengine/Compiler/LINUX/bin/../lib/gcc/sh-none-elf/8.2.0/../../../../sh-none-elf/lib/libc.a(lib_a-trap.o)
                0x00000000060207e0                __trap34
 .text          0x00000000060207f4       0x40 /home/sansigolo/Documents/joengine/Compiler/LINUX/bin/../lib/gcc/sh-none-elf/8.2.0/../../../../sh-none-elf/lib/libc.a(lib_a-wctomb_r.o)
                0x00000000060207f4                _wctomb_r
                0x0000000006020814                __ascii_wctomb
 .text          0x0000000006020834       0x18 /home/sansigolo/Documents/joengine/Compiler/LINUX/bin/../lib/gcc/sh-none-elf/8.2.0/../../../../sh-none-elf/lib/libc.a(lib_a-abort.o)
                0x0000000006020834                abort
 .text          0x000000000602084c        0x0 /home/sansigolo/Documents/joengine/Compiler/LINUX/bin/../lib/gcc/sh-none-elf/8.2.0/../../../../sh-none-elf/lib/libc.a(lib_a-ctype_.o)
 .text          0x000000000602084c       0x3c /home/sansigolo/Documents/joengine/Compiler/LINUX/bin/../lib/gcc/sh-none-elf/8.2.0/../../../../sh-none-elf/lib/libc.a(lib_a-memmove.o)
                0x000000000602084c                memmove
 .text          0x0000000006020888        0x8 /home/sansigolo/Documents/joengine/Compiler/LINUX/bin/../lib/gcc/sh-none-elf/8.2.0/../../../../sh-none-elf/lib/libc.a(lib_a-mlock.o)
                0x0000000006020888                __malloc_lock
                0x000000000602088c                __malloc_unlock
 .text          0x0000000006020890       0xc8 /home/sansigolo/Documents/joengine/Compiler/LINUX/bin/../lib/gcc/sh-none-elf/8.2.0/../../../../sh-none-elf/lib/libc.a(lib_a-nano-freer.o)
                0x0000000006020890                _free_r
 .text          0x0000000006020958       0x7c /home/sansigolo/Documents/joengine/Compiler/LINUX/bin/../lib/gcc/sh-none-elf/8.2.0/../../../../sh-none-elf/lib/libc.a(lib_a-nano-reallocr.o)
                0x0000000006020958                _realloc_r
 .text          0x00000000060209d4      0x1b0 /home/sansigolo/Documents/joengine/Compiler/LINUX/bin/../lib/gcc/sh-none-elf/8.2.0/../../../../sh-none-elf/lib/libc.a(lib_a-signal.o)
                0x00000000060209d4                _init_signal_r
                0x0000000006020a10                _signal_r
                0x0000000006020a5c                _raise_r
                0x0000000006020ad4                __sigtramp_r
                0x0000000006020b38                raise
                0x0000000006020b4c                signal
                0x0000000006020b60                _init_signal
                0x0000000006020b70                __sigtramp
 .text          0x0000000006020b84       0x40 /home/sansigolo/Documents/joengine/Compiler/LINUX/bin/../lib/gcc/sh-none-elf/8.2.0/../../../../sh-none-elf/lib/libc.a(lib_a-signalr.o)
                0x0000000006020b84                _kill_r
                0x0000000006020bb8                _getpid_r
 .text          0x0000000006020bc4       0x16 /home/sansigolo/Documents/joengine/Compiler/LINUX/bin/../lib/gcc/sh-none-elf/8.2.0/../../../../sh-none-elf/lib/libc.a(lib_a-nano-msizer.o)
                0x0000000006020bc4                _malloc_usable_size_r
 *fill*         0x0000000006020bda        0x2 
 .text          0x0000000006020bdc       0xbc /home/sansigolo/Documents/joengine/Compiler/LINUX/bin/../lib/gcc/sh-none-elf/8.2.0/libgcc.a(_ashiftlt.o)
                0x0000000006020bdc                __ashlsi3
                0x0000000006020be0                __ashlsi3_r0
 .text          0x0000000006020c98       0xbc /home/sansigolo/Documents/joengine/Compiler/LINUX/bin/../lib/gcc/sh-none-elf/8.2.0/libgcc.a(_lshiftrt.o)
                0x0000000006020c98                __lshrsi3
                0x0000000006020c9c                __lshrsi3_r0
 .text          0x0000000006020d54      0x258 /home/sansigolo/Documents/joengine/Compiler/LINUX/bin/../lib/gcc/sh-none-elf/8.2.0/libgcc.a(_udivdi3.o)
                0x0000000006020d54                __udivdi3
 .text          0x0000000006020fac      0x2bc /home/sansigolo/Documents/joengine/Compiler/LINUX/bin/../lib/gcc/sh-none-elf/8.2.0/libgcc.a(_umoddi3.o)
                0x0000000006020fac                __umoddi3
 .text          0x0000000006021268      0x3b4 /home/sansigolo/Documents/joengine/Compiler/LINUX/bin/../lib/gcc/sh-none-elf/8.2.0/libgcc.a(_addsub_df.o)
                0x0000000006021578                __adddf3
                0x00000000060215c8                __subdf3
 .text          0x000000000602161c      0x208 /home/sansigolo/Documents/joengine/Compiler/LINUX/bin/../lib/gcc/sh-none-elf/8.2.0/libgcc.a(_mul_df.o)
                0x000000000602161c                __muldf3
 .text          0x0000000006021824      0x130 /home/sansigolo/Documents/joengine/Compiler/LINUX/bin/../lib/gcc/sh-none-elf/8.2.0/libgcc.a(_div_df.o)
                0x0000000006021824                __divdf3
 .text          0x0000000006021954       0x58 /home/sansigolo/Documents/joengine/Compiler/LINUX/bin/../lib/gcc/sh-none-elf/8.2.0/libgcc.a(_eq_df.o)
                0x0000000006021954                __eqdf2
 .text          0x00000000060219ac       0x58 /home/sansigolo/Documents/joengine/Compiler/LINUX/bin/../lib/gcc/sh-none-elf/8.2.0/libgcc.a(_ne_df.o)
                0x00000000060219ac                __nedf2
 .text          0x0000000006021a04       0x50 /home/sansigolo/Documents/joengine/Compiler/LINUX/bin/../lib/gcc/sh-none-elf/8.2.0/libgcc.a(_gt_df.o)
                0x0000000006021a04                __gtdf2
 .text          0x0000000006021a54       0x50 /home/sansigolo/Documents/joengine/Compiler/LINUX/bin/../lib/gcc/sh-none-elf/8.2.0/libgcc.a(_ge_df.o)
                0x0000000006021a54                __gedf2
 .text          0x0000000006021aa4       0x58 /home/sansigolo/Documents/joengine/Compiler/LINUX/bin/../lib/gcc/sh-none-elf/8.2.0/libgcc.a(_lt_df.o)
                0x0000000006021aa4                __ltdf2
 .text          0x0000000006021afc       0x58 /home/sansigolo/Documents/joengine/Compiler/LINUX/bin/../lib/gcc/sh-none-elf/8.2.0/libgcc.a(_le_df.o)
                0x0000000006021afc                __ledf2
 .text          0x0000000006021b54       0x40 /home/sansigolo/Documents/joengine/Compiler/LINUX/bin/../lib/gcc/sh-none-elf/8.2.0/libgcc.a(_unord_df.o)
                0x0000000006021b54                __unorddf2
 .text          0x0000000006021b94       0xa8 /home/sansigolo/Documents/joengine/Compiler/LINUX/bin/../lib/gcc/sh-none-elf/8.2.0/libgcc.a(_si_to_df.o)
                0x0000000006021b94                __floatsidf
 .text          0x0000000006021c3c       0xa4 /home/sansigolo/Documents/joengine/Compiler/LINUX/bin/../lib/gcc/sh-none-elf/8.2.0/libgcc.a(_df_to_si.o)
                0x0000000006021c3c                __fixdfsi
 .text          0x0000000006021ce0        0x0 /home/sansigolo/Documents/joengine/Compiler/LINUX/bin/../lib/gcc/sh-none-elf/8.2.0/libgcc.a(_thenan_df.o)
 .text          0x0000000006021ce0       0x88 /home/sansigolo/Documents/joengine/Compiler/LINUX/bin/../lib/gcc/sh-none-elf/8.2.0/libgcc.a(_usi_to_df.o)
                0x0000000006021ce0                __floatunsidf
 .text          0x0000000006021d68       0x60 /home/sansigolo/Documents/joengine/Compiler/LINUX/bin/../lib/gcc/sh-none-elf/8.2.0/libgcc.a(_udiv_qrnnd_16.o)
                0x0000000006021d68                __udiv_qrnnd_16
 .text          0x0000000006021dc8        0x0 /home/sansigolo/Documents/joengine/Compiler/LINUX/bin/../lib/gcc/sh-none-elf/8.2.0/libgcc.a(_clz.o)
 .text          0x0000000006021dc8       0x58 /home/sansigolo/Documents/joengine/Compiler/LINUX/bin/../lib/gcc/sh-none-elf/8.2.0/libgcc.a(_clzsi2.o)
                0x0000000006021dc8                __clzsi2
 .text          0x0000000006021e20      0x25c /home/sansigolo/Documents/joengine/Compiler/LINUX/bin/../lib/gcc/sh-none-elf/8.2.0/libgcc.a(_pack_df.o)
                0x0000000006021e20                __pack_d
 .text          0x000000000602207c       0xcc /home/sansigolo/Documents/joengine/Compiler/LINUX/bin/../lib/gcc/sh-none-elf/8.2.0/libgcc.a(_unpack_df.o)
                0x000000000602207c                __unpack_d
 .text          0x0000000006022148       0xc8 /home/sansigolo/Documents/joengine/Compiler/LINUX/bin/../lib/gcc/sh-none-elf/8.2.0/libgcc.a(_fpcmp_parts_df.o)
                0x0000000006022148                __fpcmp_parts_d
 *(.strings)
 *(SEGA_P)
 *(.eh_frame_hdr)
 *(.eh_frame)
 .eh_frame      0x0000000006022210       0xa8 /home/sansigolo/Documents/joengine/Compiler/LINUX/bin/../lib/gcc/sh-none-elf/8.2.0/libgcc.a(_udivdi3.o)
 .eh_frame      0x00000000060222b8       0xdc /home/sansigolo/Documents/joengine/Compiler/LINUX/bin/../lib/gcc/sh-none-elf/8.2.0/libgcc.a(_umoddi3.o)
                0x0000000006022394                __etext = .

.text.startup   0x00000000060223a0      0x780
 .text.startup  0x00000000060223a0      0x778 /tmp/ccdg8ukq.ltrans0.ltrans.o
                0x00000000060223a0                main

SLPROG          0x0000000006022b20    0x126d0
                0x0000000006022b20                __slprog_start = .
 *(SLPROG)
 SLPROG         0x0000000006022b20     0x6540 ../../Compiler/COMMON/SGL_302j/LIB_ELF/SGLAREA.O
                0x0000000006022b20                MasterStack
                0x0000000006022b24                SlaveStack
                0x0000000006022b28                MaxVertices
                0x0000000006022b2a                MaxPolygons
                0x0000000006022b2c                SortList
                0x0000000006022b30                SortListSize
                0x0000000006022b34                TransList
                0x0000000006022b38                Zbuffer
                0x0000000006022b3c                SpriteBuf
                0x0000000006022b40                SpriteBufSize
                0x0000000006022b44                Pbuffer
                0x0000000006022b48                CommandBuf
                0x0000000006022b4c                CLOfstBuf
                0x0000000006022b50                PCM_Work
                0x0000000006022b54                PCM_WkSize
                0x0000000006022b58                MaxEvents
                0x0000000006022b5a                EventSize
                0x0000000006022b5c                MaxWorks
                0x0000000006022b5e                WorkSize
                0x0000000006022b60                RemainEvent
                0x0000000006022c60                RemainWork
                0x0000000006023060                EventBuf
                0x0000000006025060                WorkBuf
 SLPROG         0x0000000006029060       0x18 ../../Compiler/COMMON/SGL_302j/LIB_ELF/LIBSGL.A(sglA15.o)
                0x0000000006029060                slSlaveFunc
 *fill*         0x0000000006029078        0x8 
 SLPROG         0x0000000006029080      0x42c ../../Compiler/COMMON/SGL_302j/LIB_ELF/LIBSGL.A(sglA20.o)
                0x0000000006029080                slInitMatrix
                0x000000000602908a                slPushUnitMatrix
                0x000000000602909e                slUnitMatrix
 *fill*         0x00000000060294ac        0x4 
 SLPROG         0x00000000060294b0       0x48 ../../Compiler/COMMON/SGL_302j/LIB_ELF/LIBSGL.A(sglA21.o)
                0x00000000060294b0                slPushMatrix
                0x00000000060294e4                slPopMatrix
                0x00000000060294e4                slDecMatrixPtr
 *fill*         0x00000000060294f8        0x8 
 SLPROG         0x0000000006029500       0x50 ../../Compiler/COMMON/SGL_302j/LIB_ELF/LIBSGL.A(sglA27.o)
                0x0000000006029500                slTranslate
 SLPROG         0x0000000006029550       0x20 ../../Compiler/COMMON/SGL_302j/LIB_ELF/LIBSGL.A(sglB001.o)
                0x0000000006029550                slTVOn
                0x000000000602955a                slTVOff
 SLPROG         0x0000000006029570       0x24 ../../Compiler/COMMON/SGL_302j/LIB_ELF/LIBSGL.A(sglB011.o)
                0x0000000006029570                slBitMapNbg1
 *fill*         0x0000000006029594        0xc 
 SLPROG         0x00000000060295a0        0x8 ../../Compiler/COMMON/SGL_302j/LIB_ELF/LIBSGL.A(sglB014.o)
                0x00000000060295a0                slScrTransparent
 *fill*         0x00000000060295a8        0x8 
 SLPROG         0x00000000060295b0      0x40c ../../Compiler/COMMON/SGL_302j/LIB_ELF/LIBSGL.A(sglB015.o)
                0x00000000060295b0                slScrAutoDisp
 *fill*         0x00000000060299bc        0x4 
 SLPROG         0x00000000060299c0        0xc ../../Compiler/COMMON/SGL_302j/LIB_ELF/LIBSGL.A(sglB016.o)
                0x00000000060299c0                slBack1ColSet
 *fill*         0x00000000060299cc        0x4 
 SLPROG         0x00000000060299d0       0x10 ../../Compiler/COMMON/SGL_302j/LIB_ELF/LIBSGL.A(sglB020.o)
                0x00000000060299d0                slColorCalc
 SLPROG         0x00000000060299e0        0xc ../../Compiler/COMMON/SGL_302j/LIB_ELF/LIBSGL.A(sglB021.o)
                0x00000000060299e0                slColorCalcOn
 *fill*         0x00000000060299ec        0x4 
 SLPROG         0x00000000060299f0        0xc ../../Compiler/COMMON/SGL_302j/LIB_ELF/LIBSGL.A(sglB023.o)
                0x00000000060299f0                slColRate
 *fill*         0x00000000060299fc        0x4 
 SLPROG         0x0000000006029a00       0xb0 ../../Compiler/COMMON/SGL_302j/LIB_ELF/LIBSGL.A(sglB031.o)
                0x0000000006029a00                slMapNbg0
 SLPROG         0x0000000006029ab0       0xb4 ../../Compiler/COMMON/SGL_302j/LIB_ELF/LIBSGL.A(sglB032.o)
                0x0000000006029ab0                slMapNbg1
 *fill*         0x0000000006029b64        0xc 
 SLPROG         0x0000000006029b70       0xb0 ../../Compiler/COMMON/SGL_302j/LIB_ELF/LIBSGL.A(sglB033.o)
                0x0000000006029b70                slMapNbg2
 SLPROG         0x0000000006029c20       0xb4 ../../Compiler/COMMON/SGL_302j/LIB_ELF/LIBSGL.A(sglB034.o)
                0x0000000006029c20                slMapNbg3
 *fill*         0x0000000006029cd4        0xc 
 SLPROG         0x0000000006029ce0       0xd4 ../../Compiler/COMMON/SGL_302j/LIB_ELF/LIBSGL.A(sglB035.o)
                0x0000000006029ce0                sl1MapRA
                0x0000000006029d72                rbank_set
 *fill*         0x0000000006029db4        0xc 
 SLPROG         0x0000000006029dc0       0xa0 ../../Compiler/COMMON/SGL_302j/LIB_ELF/LIBSGL.A(sglB036.o)
                0x0000000006029dc0                sl1MapRB
 SLPROG         0x0000000006029e60       0x70 ../../Compiler/COMMON/SGL_302j/LIB_ELF/LIBSGL.A(sglB038.o)
                0x0000000006029e60                slRparaInitSet
 SLPROG         0x0000000006029ed0       0x7e ../../Compiler/COMMON/SGL_302j/LIB_ELF/LIBSGL.A(sglB039.o)
                0x0000000006029ed0                slMakeKtable
 *fill*         0x0000000006029f4e        0x2 
 SLPROG         0x0000000006029f50       0x58 ../../Compiler/COMMON/SGL_302j/LIB_ELF/LIBSGL.A(sglB040.o)
                0x0000000006029f50                slKtableRA
 *fill*         0x0000000006029fa8        0x8 
 SLPROG         0x0000000006029fb0       0x5c ../../Compiler/COMMON/SGL_302j/LIB_ELF/LIBSGL.A(sglB041.o)
                0x0000000006029fb0                slKtableRB
 *fill*         0x000000000602a00c        0x4 
 SLPROG         0x000000000602a010        0x8 ../../Compiler/COMMON/SGL_302j/LIB_ELF/LIBSGL.A(sglB043.o)
                0x000000000602a010                slRparaMode
 *fill*         0x000000000602a018        0x8 
 SLPROG         0x000000000602a020        0xc ../../Compiler/COMMON/SGL_302j/LIB_ELF/LIBSGL.A(sglB047.o)
                0x000000000602a020                slOverRA
 *fill*         0x000000000602a02c        0x4 
 SLPROG         0x000000000602a030       0x10 ../../Compiler/COMMON/SGL_302j/LIB_ELF/LIBSGL.A(sglB048.o)
                0x000000000602a030                slOverRB
 SLPROG         0x000000000602a040        0xc ../../Compiler/COMMON/SGL_302j/LIB_ELF/LIBSGL.A(sglB055.o)
                0x000000000602a040                slPlaneNbg0
 *fill*         0x000000000602a04c        0x4 
 SLPROG         0x000000000602a050        0xc ../../Compiler/COMMON/SGL_302j/LIB_ELF/LIBSGL.A(sglB056.o)
                0x000000000602a050                slPlaneNbg1
 *fill*         0x000000000602a05c        0x4 
 SLPROG         0x000000000602a060       0x10 ../../Compiler/COMMON/SGL_302j/LIB_ELF/LIBSGL.A(sglB057.o)
                0x000000000602a060                slPlaneNbg2
 SLPROG         0x000000000602a070       0x10 ../../Compiler/COMMON/SGL_302j/LIB_ELF/LIBSGL.A(sglB058.o)
                0x000000000602a070                slPlaneNbg3
 SLPROG         0x000000000602a080        0xc ../../Compiler/COMMON/SGL_302j/LIB_ELF/LIBSGL.A(sglB059.o)
                0x000000000602a080                slPlaneRA
 *fill*         0x000000000602a08c        0x4 
 SLPROG         0x000000000602a090       0x10 ../../Compiler/COMMON/SGL_302j/LIB_ELF/LIBSGL.A(sglB060.o)
                0x000000000602a090                slPlaneRB
 SLPROG         0x000000000602a0a0        0xc ../../Compiler/COMMON/SGL_302j/LIB_ELF/LIBSGL.A(sglB063.o)
                0x000000000602a0a0                slPriority
 *fill*         0x000000000602a0ac        0x4 
 SLPROG         0x000000000602a0b0       0x18 ../../Compiler/COMMON/SGL_302j/LIB_ELF/LIBSGL.A(sglB087.o)
                0x000000000602a0b0                slLineScrollTable0
 *fill*         0x000000000602a0c8        0x8 
 SLPROG         0x000000000602a0d0        0x8 ../../Compiler/COMMON/SGL_302j/LIB_ELF/LIBSGL.A(sglB088.o)
                0x000000000602a0d0                slLineScrollTable1
 *fill*         0x000000000602a0d8        0x8 
 SLPROG         0x000000000602a0e0        0xc ../../Compiler/COMMON/SGL_302j/LIB_ELF/LIBSGL.A(sglB090.o)
                0x000000000602a0e0                slLineScrollMode
 *fill*         0x000000000602a0ec        0x4 
 SLPROG         0x000000000602a0f0      0x114 ../../Compiler/COMMON/SGL_302j/LIB_ELF/LIBSGL.A(sglB200.o)
                0x000000000602a0f0                slCharRbg0
                0x000000000602a0fc                slCharNbg0
                0x000000000602a108                slCharNbg1
                0x000000000602a114                slCharNbg2
                0x000000000602a12a                slCharNbg3
                0x000000000602a142                slPageRbg0
                0x000000000602a158                slPageNbg1
                0x000000000602a160                slPageNbg2
                0x000000000602a168                slPageNbg3
                0x000000000602a174                slPageNbg0
 *fill*         0x000000000602a204        0xc 
 SLPROG         0x000000000602a210       0x2c ../../Compiler/COMMON/SGL_302j/LIB_ELF/LIBSGL.A(sglC04.o)
                0x000000000602a210                slZdspLevel
 *fill*         0x000000000602a23c        0x4 
 SLPROG         0x000000000602a240       0x78 ../../Compiler/COMMON/SGL_302j/LIB_ELF/LIBSGL.A(sglC05.o)
                0x000000000602a240                slSetSprite
 *fill*         0x000000000602a2b8        0x8 
 SLPROG         0x000000000602a2c0       0xfa ../../Compiler/COMMON/SGL_302j/LIB_ELF/LIBSGL.A(sglC06.o)
                0x000000000602a2c0                slDispSprite
 *fill*         0x000000000602a3ba        0x6 
 SLPROG         0x000000000602a3c0      0x162 ../../Compiler/COMMON/SGL_302j/LIB_ELF/LIBSGL.A(sglC07.o)
                0x000000000602a3c6                slPutSprite
 *fill*         0x000000000602a522        0xe 
 SLPROG         0x000000000602a530     0x1218 ../../Compiler/COMMON/SGL_302j/LIB_ELF/LIBSGL.A(sglC08.o)
                0x000000000602a530                slPutPolygon
                0x000000000602b1ac                MsCalcDepthFlat
 *fill*         0x000000000602b748        0x8 
 SLPROG         0x000000000602b750       0x4c ../../Compiler/COMMON/SGL_302j/LIB_ELF/LIBSGL.A(sglC17.o)
                0x000000000602b750                slDispSpriteHV
 *fill*         0x000000000602b79c        0x4 
 SLPROG         0x000000000602b7a0       0xd4 ../../Compiler/COMMON/SGL_302j/LIB_ELF/LIBSGL.A(sglC19.o)
                0x000000000602b7a0                slDispSprite4P
 *fill*         0x000000000602b874        0xc 
 SLPROG         0x000000000602b880       0x40 ../../Compiler/COMMON/SGL_302j/LIB_ELF/LIBSGL.A(sglC20.o)
                0x000000000602b880                SpriteEntry
 SLPROG         0x000000000602b8c0      0x4ae ../../Compiler/COMMON/SGL_302j/LIB_ELF/LIBSGL.A(sglC21.o)
                0x000000000602b948                RotSprite
                0x000000000602b9d6                SetSprPosition
 *fill*         0x000000000602bd6e        0x2 
 SLPROG         0x000000000602bd70       0x84 ../../Compiler/COMMON/SGL_302j/LIB_ELF/LIBSGL.A(sglD00.o)
                0x000000000602bd70                slDMACopy
                0x000000000602bd70                slCpuDMACopy
                0x000000000602bdca                slCashPurge
                0x000000000602bdca                CSH_AllClr
 *fill*         0x000000000602bdf4        0xc 
 SLPROG         0x000000000602be00       0xa0 ../../Compiler/COMMON/SGL_302j/LIB_ELF/LIBSGL.A(sglD01.o)
                0x000000000602be00                slDMAXCopy
 SLPROG         0x000000000602bea0        0xc ../../Compiler/COMMON/SGL_302j/LIB_ELF/LIBSGL.A(sglD03.o)
                0x000000000602bea0                slDMAStatus
 *fill*         0x000000000602beac        0x4 
 SLPROG         0x000000000602beb0       0x14 ../../Compiler/COMMON/SGL_302j/LIB_ELF/LIBSGL.A(sglD12.o)
                0x000000000602beb0                DMA_CpuMemCopy4
 *fill*         0x000000000602bec4        0xc 
 SLPROG         0x000000000602bed0       0x18 ../../Compiler/COMMON/SGL_302j/LIB_ELF/LIBSGL.A(sglD14.o)
                0x000000000602bed0                DMA_CpuResult
 *fill*         0x000000000602bee8        0x8 
 SLPROG         0x000000000602bef0       0x20 ../../Compiler/COMMON/SGL_302j/LIB_ELF/LIBSGL.A(sglD15.o)
                0x000000000602bef0                CSH_Purge
 SLPROG         0x000000000602bf10       0x84 ../../Compiler/COMMON/SGL_302j/LIB_ELF/LIBSGL.A(sglD16.o)
                0x000000000602bf10                DMA_ScuSetPrm
                0x000000000602bf58                DMA_SCU_PRM0
 *fill*         0x000000000602bf94        0xc 
 SLPROG         0x000000000602bfa0       0x88 ../../Compiler/COMMON/SGL_302j/LIB_ELF/LIBSGL.A(sglD17.o)
                0x000000000602bfa0                DMA_ScuStart
 *fill*         0x000000000602c028        0x8 
 SLPROG         0x000000000602c030       0x34 ../../Compiler/COMMON/SGL_302j/LIB_ELF/LIBSGL.A(sglD18.o)
                0x000000000602c030                DMA_ScuGetStatus
 *fill*         0x000000000602c064        0xc 
 SLPROG         0x000000000602c070       0x34 ../../Compiler/COMMON/SGL_302j/LIB_ELF/LIBSGL.A(sglF08.o)
                0x000000000602c070                slDec2Hex
 *fill*         0x000000000602c0a4        0xc 
 SLPROG         0x000000000602c0b0      0x1d0 ../../Compiler/COMMON/SGL_302j/LIB_ELF/LIBSGL.A(sglG00.o)
                0x000000000602c0b0                slInitSound
                0x000000000602c1b4                slWaitSound
                0x000000000602c1cc                slSndFlush
 SLPROG         0x000000000602c280       0x18 ../../Compiler/COMMON/SGL_302j/LIB_ELF/LIBSGL.A(sglG01.o)
                0x000000000602c280                slSndVolume
 *fill*         0x000000000602c298        0x8 
 SLPROG         0x000000000602c2a0       0x4c ../../Compiler/COMMON/SGL_302j/LIB_ELF/LIBSGL.A(sglG19.o)
                0x000000000602c2a0                slCDDAOn
 *fill*         0x000000000602c2ec        0x4 
 SLPROG         0x000000000602c2f0      0x1e0 ../../Compiler/COMMON/SGL_302j/LIB_ELF/LIBSGL.A(sglG21.o)
                0x000000000602c2f8                slPCMOn
                0x000000000602c416                slSndPCMNum
 SLPROG         0x000000000602c4d0       0x48 ../../Compiler/COMMON/SGL_302j/LIB_ELF/LIBSGL.A(sglG22.o)
                0x000000000602c4d0                slPCMOff
 *fill*         0x000000000602c518        0x8 
 SLPROG         0x000000000602c520       0x18 ../../Compiler/COMMON/SGL_302j/LIB_ELF/LIBSGL.A(sglG25.o)
                0x000000000602c520                slPCMStat
 *fill*         0x000000000602c538        0x8 
 SLPROG         0x000000000602c540      0xfc8 ../../Compiler/COMMON/SGL_302j/LIB_ELF/LIBSGL.A(sglH00.o)
                0x000000000602c558                slGetPortDir1
                0x000000000602c560                slGetPortDir2
                0x000000000602c568                slSetPortDir1
                0x000000000602c592                slSetPortDir2
                0x000000000602c5cc                slGetPortData1
                0x000000000602c5d4                slGetPortData2
                0x000000000602c5dc                slSetPortData1
                0x000000000602c5e6                slSetPortData2
                0x000000000602c5f8                slGetPortSelect1
                0x000000000602c602                slGetPortSelect2
                0x000000000602c60c                slSetPortSelect1
                0x000000000602c640                slSetPortSelect2
                0x000000000602c67c                slGetPortExt1
                0x000000000602c686                slGetPortExt2
                0x000000000602c690                slSetPortExt1
                0x000000000602c6c0                slSetPortExt2
                0x000000000602c834                slSmpcDirectAccess
                0x000000000602c8b4                slInitPeripheral
                0x000000000602c946                slSetResultBuffer
                0x000000000602c9d2                slCheckIntBackSet
                0x000000000602c9de                slIntBackCancel
                0x000000000602ca08                slCheckReset
                0x000000000602ca12                slClearReset
                0x000000000602cbd8                slSmpcCashSend
                0x000000000602cc94                slSmpcCashBlow
                0x000000000602cd70                slGetOptimize
                0x000000000602cd7a                slSetOptimize
                0x000000000602cda0                slGetPortMode1
                0x000000000602cdac                slGetPortMode2
                0x000000000602cdba                slSetPortMode1
                0x000000000602cdf8                slSetPortMode2
                0x000000000602cf84                slRequestCommand
                0x000000000602cff4                Smpc_Status
                0x000000000602cff8                Smpc_Result
                0x000000000602cffc                Smpc_Peripheral
                0x000000000602d002                Per_Connect1
                0x000000000602d003                Per_Connect2
                0x000000000602d024                SmpcStatusBuf
 *fill*         0x000000000602d508        0x8 
 SLPROG         0x000000000602d510       0xa8 ../../Compiler/COMMON/SGL_302j/LIB_ELF/LIBSGL.A(sglH01.o)
                0x000000000602d510                slGetLanguage
                0x000000000602d51a                slSetLanguage
                0x000000000602d53c                slGetSoundEffect
                0x000000000602d548                slSetSoundEffect
                0x000000000602d564                slGetSoundOutput
                0x000000000602d570                slSetSoundOutput
                0x000000000602d58c                slGetHelpWindow
                0x000000000602d598                slSetHelpWindow
 *fill*         0x000000000602d5b8        0x8 
 SLPROG         0x000000000602d5c0      0x470 ../../Compiler/COMMON/SGL_302j/LIB_ELF/LIBSGL.A(sglH02.o)
                0x000000000602d9b0                smpc_pfr_tbl
                0x000000000602d9f0                smpc_ptf_tbl
 SLPROG         0x000000000602da30       0x60 ../../Compiler/COMMON/SGL_302j/LIB_ELF/LIBSGL.A(sglH04.o)
                0x000000000602da30                slComPrmIntBack
                0x000000000602da44                slComPrmSetMemory
                0x000000000602da5a                slComPrmSetTime
 SLPROG         0x000000000602da90      0x3a4 ../../Compiler/COMMON/SGL_302j/LIB_ELF/LIBSGL.A(sglI01.o)
                0x000000000602da90                slInitSynch
                0x000000000602daaa                slSynch
                0x000000000602dba0                slRandom
                0x000000000602dbbe                PCM_EndCheck
                0x000000000602dc7a                RetPCMBuf
                0x000000000602dd14                PCM_Buf
                0x000000000602ddb4                Sound_Buf
 *fill*         0x000000000602de34        0xc 
 SLPROG         0x000000000602de40       0x10 ../../Compiler/COMMON/SGL_302j/LIB_ELF/LIBSGL.A(sglI04.o)
                0x000000000602de40                slIntFunction
 SLPROG         0x000000000602de50      0x3d0 ../../Compiler/COMMON/SGL_302j/LIB_ELF/LIBSGL.A(sglJ01.o)
                0x000000000602de50                SlaveControl
                0x000000000602e20c                ErasePolygonData
 SLPROG         0x000000000602e220     0x12b8 ../../Compiler/COMMON/SGL_302j/LIB_ELF/LIBSGL.A(sglJ02.o)
                0x000000000602e220                sbMakePolygon
                0x000000000602e408                sbCalcPolygon
                0x000000000602f140                SetTexture
                0x000000000602f14c                SetPolygon
                0x000000000602f154                SetPosition
                0x000000000602f18c                stvtc_4
                0x000000000602f244                stvtc_3
                0x000000000602f454                stvtc_1
                0x000000000602f468                stvtc_2
                0x000000000602f47c                stvtc_0
 *fill*         0x000000000602f4d8        0x8 
 SLPROG         0x000000000602f4e0      0x140 ../../Compiler/COMMON/SGL_302j/LIB_ELF/LIBSGL.A(sglJ03.o)
                0x000000000602f4e0                sbMakeDMATable
 SLPROG         0x000000000602f620      0x470 ../../Compiler/COMMON/SGL_302j/LIB_ELF/LIBSGL.A(sglJ04.o)
                0x000000000602f67e                sbMakeSprite
                0x000000000602f6e4                sbMakeRotSprite
 SLPROG         0x000000000602fa90       0x3c ../../Compiler/COMMON/SGL_302j/LIB_ELF/LIBSGL.A(sglJ05.o)
                0x000000000602fa90                sbSortEntry
 *fill*         0x000000000602facc        0x4 
 SLPROG         0x000000000602fad0       0x6a ../../Compiler/COMMON/SGL_302j/LIB_ELF/LIBSGL.A(sglM01.o)
                0x000000000602fad0                slSetDepthLimit
                0x000000000602fafc                slSetDepthTbl
                0x000000000602fb2c                DepthWorkArea
 *fill*         0x000000000602fb3a        0x6 
 SLPROG         0x000000000602fb40       0x20 ../../Compiler/COMMON/SGL_302j/LIB_ELF/LIBSGL.A(sglA00.o)
                0x000000000602fb40                set_imask
                0x000000000602fb40                _builtin_set_imask
                0x000000000602fb54                get_imask
                0x000000000602fb54                _builtin_get_imask
 SLPROG         0x000000000602fb60     0x411e ../../Compiler/COMMON/SGL_302j/LIB_ELF/LIBSGL.A(sglA01.o)
                0x000000000602fb60                slSin
                0x000000000602fb84                slCos
                0x000000000602fba8                GetSinCos
                0x000000000602fc3c                sin_cos_index_tbl
                0x000000000602fc7c                sin_tbl
 *fill*         0x0000000006033c7e        0x2 
 SLPROG         0x0000000006033c80      0xbd0 ../../Compiler/COMMON/SGL_302j/LIB_ELF/LIBSGL.A(sglB000.o)
                0x0000000006033c80                slInitScroll
                0x0000000006033da0                setASC_1to8
                0x0000000006033dd0                setASC_4to8
                0x0000000006033ee0                TVSizeTbl
                0x0000000006033f60                TVModeTbl
                0x0000000006034138                SGL_ASCII_CG
 SLPROG         0x0000000006034850      0x134 ../../Compiler/COMMON/SGL_302j/LIB_ELF/LIBSGL.A(sglC00.o)
                0x0000000006034850                slInitSprite
 *fill*         0x0000000006034984        0xc 
 SLPROG         0x0000000006034990       0x10 ../../Compiler/COMMON/SGL_302j/LIB_ELF/LIBSGL.A(sglD02.o)
                0x0000000006034990                slDMAWait
 SLPROG         0x00000000060349a0      0x75c ../../Compiler/COMMON/SGL_302j/LIB_ELF/LIBSGL.A(sglI00.o)
                0x0000000006034c90                slInitInterrupt
 *fill*         0x00000000060350fc        0x4 
 SLPROG         0x0000000006035100       0xf0 ../../Compiler/COMMON/SGL_302j/LIB_ELF/LIBSGL.A(sglH03.o)
                0x0000000006035164                slSmpcIntBack
                0x00000000060351f0                __slprog_end = .

.tors           0x00000000060351f0        0x0
                0x00000000060351f0                ___ctors = .
 *(.ctors)
                0x00000000060351f0                ___ctors_end = .
                0x00000000060351f0                ___dtors = .
 *(.dtors)
                0x00000000060351f0                ___dtors_end = .

.data           0x00000000060351f0     0x6e50
 *(.data)
 .data          0x00000000060351f0        0x0 ../../Compiler/COMMON/SGL_302j/LIB_ELF/SGLAREA.O
 .data          0x00000000060351f0     0x680c /tmp/ccdg8ukq.ltrans0.ltrans.o
 *fill*         0x000000000603b9fc        0x4 
 .data          0x000000000603ba00        0x0 ../../Compiler/COMMON/SGL_302j/LIB_ELF/LIBCPK.A(cpk_lib.o)
 .data          0x000000000603ba00        0x0 ../../Compiler/COMMON/SGL_302j/LIB_ELF/LIBCPK.A(cpk_gfs.o)
 .data          0x000000000603ba00        0x0 ../../Compiler/COMMON/SGL_302j/LIB_ELF/LIBCPK.A(cpk_mp.o)
 .data          0x000000000603ba00        0x0 ../../Compiler/COMMON/SGL_302j/LIB_ELF/LIBCPK.A(cpk_time.o)
 .data          0x000000000603ba00        0x0 ../../Compiler/COMMON/SGL_302j/LIB_ELF/LIBCPK.A(cpk_vide.o)
 .data          0x000000000603ba00        0x0 ../../Compiler/COMMON/SGL_302j/LIB_ELF/LIBCPK.A(cpk_audi.o)
 .data          0x000000000603ba00        0x0 ../../Compiler/COMMON/SGL_302j/LIB_ELF/LIBCPK.A(cpk_etc.o)
 .data          0x000000000603ba00        0x0 ../../Compiler/COMMON/SGL_302j/LIB_ELF/LIBCPK.A(cpk_deb.o)
 .data          0x000000000603ba00       0x1c ../../Compiler/COMMON/SGL_302j/LIB_ELF/LIBCPK.A(slavesh.o)
                0x000000000603ba00                SlaveCommand
                0x000000000603ba04                SlaveState
                0x000000000603ba08                SlaveParam
                0x000000000603ba0c                SlaveSHEntry
                0x000000000603ba10                SMPC_COM
                0x000000000603ba14                SMPC_RET
                0x000000000603ba18                SMPC_SF
 *fill*         0x000000000603ba1c        0x4 
 .data          0x000000000603ba20        0x0 ../../Compiler/COMMON/SGL_302j/LIB_ELF/LIBCPK.A(cpk_ra15.o)
 .data          0x000000000603ba20        0x0 ../../Compiler/COMMON/SGL_302j/LIB_ELF/LIBCPK.A(cpk_er15.o)
 .data          0x000000000603ba20        0x0 ../../Compiler/COMMON/SGL_302j/LIB_ELF/LIBCPK.A(cpk_mc15.o)
 .data          0x000000000603ba20        0x0 ../../Compiler/COMMON/SGL_302j/LIB_ELF/LIBCPK.A(cpk_scu.o)
 .data          0x000000000603ba20        0x0 ../../Compiler/COMMON/SGL_302j/LIB_ELF/LIBSND.A(snd_main.o)
 .data          0x000000000603ba20        0x0 ../../Compiler/COMMON/SGL_302j/LIB_ELF/SEGA_SYS.A(sys_exit.o)
 .data          0x000000000603ba20        0x0 ../../Compiler/COMMON/SGL_302j/LIB_ELF/SEGA_SYS.A(sys_sub.o)
 .data          0x000000000603ba20        0x0 ../../Compiler/COMMON/SGL_302j/LIB_ELF/LIBCD.A(CDC_CMN.O)
 .data          0x000000000603ba20        0x0 ../../Compiler/COMMON/SGL_302j/LIB_ELF/LIBCD.A(CDC_DRV.O)
 .data          0x000000000603ba20        0x0 ../../Compiler/COMMON/SGL_302j/LIB_ELF/LIBCD.A(CDC_CFS.O)
 .data          0x000000000603ba20        0x0 ../../Compiler/COMMON/SGL_302j/LIB_ELF/LIBCD.A(CDC_REG.O)
 .data          0x000000000603ba20        0x0 ../../Compiler/COMMON/SGL_302j/LIB_ELF/LIBCD.A(CDC_SUB.O)
 .data          0x000000000603ba20        0x0 ../../Compiler/COMMON/SGL_302j/LIB_ELF/LIBCD.A(GFS.O)
 .data          0x000000000603ba20        0x0 ../../Compiler/COMMON/SGL_302j/LIB_ELF/LIBCD.A(GFS_BUF.O)
 .data          0x000000000603ba20        0x0 ../../Compiler/COMMON/SGL_302j/LIB_ELF/LIBCD.A(GFS_CDB.O)
 .data          0x000000000603ba20        0x0 ../../Compiler/COMMON/SGL_302j/LIB_ELF/LIBCD.A(GFS_CDC.O)
 .data          0x000000000603ba20        0x0 ../../Compiler/COMMON/SGL_302j/LIB_ELF/LIBCD.A(GFS_CDF.O)
 .data          0x000000000603ba20        0x0 ../../Compiler/COMMON/SGL_302j/LIB_ELF/LIBCD.A(GFS_DIR.O)
 .data          0x000000000603ba20        0x0 ../../Compiler/COMMON/SGL_302j/LIB_ELF/LIBCD.A(GFS_TRN.O)
 .data          0x000000000603ba20        0x0 ../../Compiler/COMMON/SGL_302j/LIB_ELF/LIBCD.A(CDC_DEV.O)
 .data          0x000000000603ba20        0x0 ../../Compiler/COMMON/SGL_302j/LIB_ELF/LIBCD.A(CDC_SEL.O)
 .data          0x000000000603ba20        0x0 ../../Compiler/COMMON/SGL_302j/LIB_ELF/LIBCD.A(CDC_BIF.O)
 .data          0x000000000603ba20        0x0 ../../Compiler/COMMON/SGL_302j/LIB_ELF/LIBCD.A(CDC_BIO.O)
 .data          0x000000000603ba20        0x0 ../../Compiler/COMMON/SGL_302j/LIB_ELF/LIBSGL.A(sglA15.o)
 .data          0x000000000603ba20        0x0 ../../Compiler/COMMON/SGL_302j/LIB_ELF/LIBSGL.A(sglA20.o)
 .data          0x000000000603ba20        0x0 ../../Compiler/COMMON/SGL_302j/LIB_ELF/LIBSGL.A(sglA21.o)
 .data          0x000000000603ba20        0x0 ../../Compiler/COMMON/SGL_302j/LIB_ELF/LIBSGL.A(sglA27.o)
 .data          0x000000000603ba20        0x0 ../../Compiler/COMMON/SGL_302j/LIB_ELF/LIBSGL.A(sglB001.o)
 .data          0x000000000603ba20        0x0 ../../Compiler/COMMON/SGL_302j/LIB_ELF/LIBSGL.A(sglB011.o)
 .data          0x000000000603ba20        0x0 ../../Compiler/COMMON/SGL_302j/LIB_ELF/LIBSGL.A(sglB014.o)
 .data          0x000000000603ba20        0x0 ../../Compiler/COMMON/SGL_302j/LIB_ELF/LIBSGL.A(sglB015.o)
 .data          0x000000000603ba20        0x0 ../../Compiler/COMMON/SGL_302j/LIB_ELF/LIBSGL.A(sglB016.o)
 .data          0x000000000603ba20        0x0 ../../Compiler/COMMON/SGL_302j/LIB_ELF/LIBSGL.A(sglB020.o)
 .data          0x000000000603ba20        0x0 ../../Compiler/COMMON/SGL_302j/LIB_ELF/LIBSGL.A(sglB021.o)
 .data          0x000000000603ba20        0x0 ../../Compiler/COMMON/SGL_302j/LIB_ELF/LIBSGL.A(sglB023.o)
 .data          0x000000000603ba20        0x0 ../../Compiler/COMMON/SGL_302j/LIB_ELF/LIBSGL.A(sglB031.o)
 .data          0x000000000603ba20        0x0 ../../Compiler/COMMON/SGL_302j/LIB_ELF/LIBSGL.A(sglB032.o)
 .data          0x000000000603ba20        0x0 ../../Compiler/COMMON/SGL_302j/LIB_ELF/LIBSGL.A(sglB033.o)
 .data          0x000000000603ba20        0x0 ../../Compiler/COMMON/SGL_302j/LIB_ELF/LIBSGL.A(sglB034.o)
 .data          0x000000000603ba20        0x0 ../../Compiler/COMMON/SGL_302j/LIB_ELF/LIBSGL.A(sglB035.o)
 .data          0x000000000603ba20        0x0 ../../Compiler/COMMON/SGL_302j/LIB_ELF/LIBSGL.A(sglB036.o)