Archive member included to satisfy reference by file (symbol)

../../Compiler/SGL_302j/LIB_COFF/SEGA_SYS.A(sys_exit.o)
                              ../../jo_engine/core.o (symbol from plugin) (SYS_Exit)
../../Compiler/SGL_302j/LIB_COFF/SEGA_SYS.A(sys_sub.o)
                              ../../Compiler/SGL_302j/LIB_COFF/SEGA_SYS.A(sys_exit.o) (SYSUB_SetStackptr)
../../Compiler/SGL_302j/LIB_COFF/LIBCD.A(CDC_CMN.O)
                              ../../Compiler/SGL_302j/LIB_COFF/SEGA_SYS.A(sys_exit.o) (CDC_GetCurStat)
../../Compiler/SGL_302j/LIB_COFF/LIBCD.A(CDC_CFS.O)
                              ../../Compiler/SGL_302j/LIB_COFF/SEGA_SYS.A(sys_exit.o) (CDC_ChgDir)
../../Compiler/SGL_302j/LIB_COFF/LIBCD.A(CDC_REG.O)
                              ../../Compiler/SGL_302j/LIB_COFF/SEGA_SYS.A(sys_exit.o) (CDC_GetHirqReq)
../../Compiler/SGL_302j/LIB_COFF/LIBCD.A(CDC_SUB.O)
                              ../../Compiler/SGL_302j/LIB_COFF/LIBCD.A(CDC_CMN.O) (CDSUB_UpdStatus)
../../Compiler/SGL_302j/LIB_COFF/LIBCD.A(GFS.O)
                              ../../jo_engine/fs.o (symbol from plugin) (GFS_Init)
../../Compiler/SGL_302j/LIB_COFF/LIBCD.A(GFS_BUF.O)
                              ../../Compiler/SGL_302j/LIB_COFF/LIBCD.A(GFS.O) (GFBF_GetNumData)
../../Compiler/SGL_302j/LIB_COFF/LIBCD.A(GFS_CDB.O)
                              ../../Compiler/SGL_302j/LIB_COFF/LIBCD.A(GFS.O) (GFCB_Close)
../../Compiler/SGL_302j/LIB_COFF/LIBCD.A(GFS_CDC.O)
                              ../../Compiler/SGL_302j/LIB_COFF/LIBCD.A(GFS.O) (GFCD_SetCdbfs)
../../Compiler/SGL_302j/LIB_COFF/LIBCD.A(GFS_CDF.O)
                              ../../Compiler/SGL_302j/LIB_COFF/LIBCD.A(GFS.O) (GFCF_Init)
../../Compiler/SGL_302j/LIB_COFF/LIBCD.A(GFS_DIR.O)
                              ../../Compiler/SGL_302j/LIB_COFF/LIBCD.A(GFS.O) (GFDR_SetupDirTbl)
../../Compiler/SGL_302j/LIB_COFF/LIBCD.A(GFS_TRN.O)
                              ../../Compiler/SGL_302j/LIB_COFF/LIBCD.A(GFS.O) (GFTR_Setup)
../../Compiler/SGL_302j/LIB_COFF/LIBCD.A(CDC_DRV.O)
                              ../../Compiler/SGL_302j/LIB_COFF/LIBCD.A(GFS_CDC.O) (CDC_CdPlay)
../../Compiler/SGL_302j/LIB_COFF/LIBCD.A(CDC_DEV.O)
                              ../../Compiler/SGL_302j/LIB_COFF/LIBCD.A(GFS_CDC.O) (CDC_CdSetCon)
../../Compiler/SGL_302j/LIB_COFF/LIBCD.A(CDC_SEL.O)
                              ../../Compiler/SGL_302j/LIB_COFF/LIBCD.A(GFS_CDC.O) (CDC_SetFiltRange)
../../Compiler/SGL_302j/LIB_COFF/LIBCD.A(CDC_BIF.O)
                              ../../Compiler/SGL_302j/LIB_COFF/LIBCD.A(GFS_CDC.O) (CDC_GetBufSiz)
../../Compiler/SGL_302j/LIB_COFF/LIBCD.A(CDC_BIO.O)
                              ../../Compiler/SGL_302j/LIB_COFF/LIBCD.A(GFS_CDC.O) (CDC_SetSctLen)
../../Compiler/SGL_302j/LIB_COFF/LIBSGL.A(sglA15.o)
                              ../../jo_engine/core.o (symbol from plugin) (slSlaveFunc)
../../Compiler/SGL_302j/LIB_COFF/LIBSGL.A(sglA20.o)
                              ../../jo_engine/core.o (symbol from plugin) (slUnitMatrix)
../../Compiler/SGL_302j/LIB_COFF/LIBSGL.A(sglA21.o)
                              ../../jo_engine/map.o (symbol from plugin) (slPushMatrix)
../../Compiler/SGL_302j/LIB_COFF/LIBSGL.A(sglA27.o)
                              ../../jo_engine/map.o (symbol from plugin) (slTranslate)
../../Compiler/SGL_302j/LIB_COFF/LIBSGL.A(sglB001.o)
                              ../../jo_engine/core.o (symbol from plugin) (slTVOn)
../../Compiler/SGL_302j/LIB_COFF/LIBSGL.A(sglB011.o)
                              ../../jo_engine/core.o (symbol from plugin) (slBitMapNbg1)
../../Compiler/SGL_302j/LIB_COFF/LIBSGL.A(sglB015.o)
                              ../../jo_engine/core.o (symbol from plugin) (slScrAutoDisp)
../../Compiler/SGL_302j/LIB_COFF/LIBSGL.A(sglB016.o)
                              ../../jo_engine/core.o (symbol from plugin) (slBack1ColSet)
../../Compiler/SGL_302j/LIB_COFF/LIBSGL.A(sglB032.o)
                              ../../jo_engine/core.o (symbol from plugin) (slMapNbg1)
../../Compiler/SGL_302j/LIB_COFF/LIBSGL.A(sglB053.o)
                              ../../jo_engine/core.o (symbol from plugin) (slZoomNbg1)
../../Compiler/SGL_302j/LIB_COFF/LIBSGL.A(sglB056.o)
                              ../../jo_engine/core.o (symbol from plugin) (slPlaneNbg1)
../../Compiler/SGL_302j/LIB_COFF/LIBSGL.A(sglB063.o)
                              ../../jo_engine/core.o (symbol from plugin) (slPriority)
../../Compiler/SGL_302j/LIB_COFF/LIBSGL.A(sglB200.o)
                              ../../jo_engine/core.o (symbol from plugin) (slCharNbg0)
../../Compiler/SGL_302j/LIB_COFF/LIBSGL.A(sglC05.o)
                              ../../jo_engine/sprites.o (symbol from plugin) (slSetSprite)
../../Compiler/SGL_302j/LIB_COFF/LIBSGL.A(sglC06.o)
                              ../../jo_engine/sprites.o (symbol from plugin) (slDispSprite)
../../Compiler/SGL_302j/LIB_COFF/LIBSGL.A(sglC07.o)
                              ../../jo_engine/sprites.o (symbol from plugin) (slPutSprite)
[...]
Memory Configuration

Name             Origin             Length             Attributes
*default*        0x0000000000000000 0xffffffffffffffff

Linker script and memory map

TARGET(coff-sh)

SLSTART         0x0000000006004000       0x28
                0x0000000006004000                ___Start = .
 *(SLSTART)
 SLSTART        0x0000000006004000       0x28 ../../Compiler/SGL_302j/LIB_COFF/LIBSGL.A(sglI00.o)
                0x0000000006004000                SGL_Start
                0x0000000006004002                slStartSGL

.text           0x0000000006004040    0x12128
 *(.text)
 .text          0x0000000006004040        0x0 ../../Compiler/SGL_302j/LIB_COFF/SGLAREA.O
 .text          0x0000000006004040     0x53b4 /tmp/ccmYT6Qb.ltrans0.ltrans.o
 *fill*         0x00000000060093f4        0xc 
 .text          0x0000000006009400      0x238 ../../Compiler/SGL_302j/LIB_COFF/SEGA_SYS.A(sys_exit.o)
                0x0000000006009400                sys_version
                0x0000000006009420                SYS_Exit
 *fill*         0x0000000006009638        0x8 
 .text          0x0000000006009640        0x6 ../../Compiler/SGL_302j/LIB_COFF/SEGA_SYS.A(sys_sub.o)
                0x0000000006009640                SYSUB_SetStackptr
 *fill*         0x0000000006009646        0xa 
 .text          0x0000000006009650      0x3a0 ../../Compiler/SGL_302j/LIB_COFF/LIBCD.A(CDC_CMN.O)
                0x0000000006009650                CDC_GetCurStat
                0x00000000060096a0                CDC_GetLastStat
                0x00000000060096b8                CDC_GetPeriStat
                0x000000000600978c                CDC_GetHwInfo
                0x00000000060097f4                CDC_TgetToc
                0x0000000006009844                CDC_GetSes
                0x0000000006009880                CDC_CdInit
                0x0000000006009904                CDC_CdOpen
                0x000000000600992c                CDC_DataReady
                0x0000000006009998                CDC_DataEnd
 .text          0x00000000060099f0      0x194 ../../Compiler/SGL_302j/LIB_COFF/LIBCD.A(CDC_CFS.O)
                0x00000000060099f0                CDC_ChgDir
                0x0000000006009a24                CDC_ReadDir
                0x0000000006009a58                CDC_GetFileScope
                0x0000000006009ab8                CDC_TgetFileInfo
                0x0000000006009b14                CDC_ReadFile
                0x0000000006009b48                CDC_AbortFile
 *fill*         0x0000000006009b84        0xc 
 .text          0x0000000006009b90      0x2dc ../../Compiler/SGL_302j/LIB_COFF/LIBCD.A(CDC_REG.O)
                0x0000000006009b90                CDC_GetDataPtr
                0x0000000006009ba0                CDC_GetHirqReq
                0x0000000006009bb4                CDC_ClrHirqReq
                0x0000000006009be4                CDREG_ClrHirqReq
                0x0000000006009bf4                CDREG_InitHirqReq
                0x0000000006009c1c                CDREG_SetHirqFlag
                0x0000000006009c30                CDC_GetHirqMsk
                0x0000000006009c44                CDC_SetHirqMsk
                0x0000000006009c54                CDC_GetMpegPtr
                0x0000000006009c64                CDREG_TgetData
                0x0000000006009cc0                CDREG_CmdRsp
                0x0000000006009dc0                CDREG_WaitHirq
                0x0000000006009e30                CDREG_ReadRsp
 *fill*         0x0000000006009e6c        0x4 
 .text          0x0000000006009e70      0x152 ../../Compiler/SGL_302j/LIB_COFF/LIBCD.A(CDC_SUB.O)
                0x0000000006009e70                CDSUB_UpdStatus
                0x0000000006009e88                CDSUB_UpdCdstat
                0x0000000006009ea8                CDSUB_CdCmd
                0x0000000006009f18                CDSUB_GetCdstat
                0x0000000006009f58                CDSUB_RspToCdstat
                0x0000000006009fa0                CDSUB_SoftTimer
 *fill*         0x0000000006009fc2        0xe 
 .text          0x0000000006009fd0     0x1adc ../../Compiler/SGL_302j/LIB_COFF/LIBCD.A(GFS.O)
                0x0000000006009fd0                gfs_version
                0x0000000006009ff0                GFS_Init
                0x000000000600a0d8                GFS_LoadDir
                0x000000000600a180                GFS_SetDir
                0x000000000600a1e8                GFS_NameToId
                0x000000000600a24c                GFS_IdToName
                0x000000000600a2b8                GFS_GetDirInfo
                0x000000000600a328                GFS_Reset
                0x000000000600a3ac                GFS_Open
                0x000000000600a460                GFS_Close
                0x000000000600a498                GFS_Seek
                0x000000000600a54c                GFS_Tell
                0x000000000600a59c                GFS_IsEof
                0x000000000600a5f0                GFS_ByteToSct
                0x000000000600a64c                GFS_GetFileSize
                0x000000000600a6a8                GFS_GetFileInfo
                0x000000000600a71c                GFS_GetNumCdbuf
                0x000000000600a744                GFS_Load
                0x000000000600a808                GFS_Fread
                0x000000000600a8a4                gfs_waitRead
                0x000000000600a94c                GFS_NwFread
                0x000000000600aa58                GFS_NwCdRead
                0x000000000600aad0                GFS_NwIsComplete
                0x000000000600ab08                GFS_NwStop
                0x000000000600ab74                GFS_NwGetStat
                0x000000000600abf0                gfs_recovRdErr
                0x000000000600ac20                GFS_NwExecOne
                0x000000000600ace0                GFS_NwExecServer
                0x000000000600ad5c                GFS_SetGmode
                0x000000000600adc0                GFS_SetTmode
                0x000000000600ae2c                GFS_SetReadPara
                0x000000000600ae90                GFS_SetTransPara
                0x000000000600aefc                GFS_SetTrFunc
                0x000000000600af60                GFS_StartTrans
                0x000000000600afac                GFS_CdMovePickup
                0x000000000600b018                GFS_SetErrFunc
                0x000000000600b044                GFS_GetErrStat
                0x000000000600b068                GFS_ConvTno
                0x000000000600b090                gfs_chgRoot
                0x000000000600b15c                gfs_aborttrans
                0x000000000600b168                gfs_mngSetupFuncTbl
                0x000000000600b19c                gfs_mngInitWork
                0x000000000600b240                gfs_mngGetNumFile
                0x000000000600b2a8                GFS_mngAllocGrp
                0x000000000600b2f0                gfs_mngFreeGrp
                0x000000000600b2fc                gfs_mngTermAccess
                0x000000000600b380                gfs_mngSetErrCode
                0x000000000600b400                gfs_svrSearchHndl
                0x000000000600b440                gfs_svrAddHndl
                0x000000000600b47c                gfs_svrRemoveHndl
                0x000000000600b4d8                GFS_OpenSub
                0x000000000600b530                gfs_loadVol
                0x000000000600b5f4                gfs_getRootDir
                0x000000000600b6f0                gfs_loadRootDir
                0x000000000600b778                gfs_flowIn
                0x000000000600b820                gfs_transData
                0x000000000600b8c4                GFS_GetFad
                0x000000000600b91c                gfs_SetSct
                0x000000000600b95c                gfs_GetFinfo
                0x000000000600b99c                gfs_closeSub
                0x000000000600b9d8                gfs_getGmode
                0x000000000600b9e4                gfs_isTaskDone
                0x000000000600ba38                gfs_convFinStat
 *fill*         0x000000000600baac        0x4 
 .text          0x000000000600bab0      0x106 ../../Compiler/SGL_302j/LIB_COFF/LIBCD.A(GFS_BUF.O)
                0x000000000600bae0                GFBF_GetTranData
                0x000000000600bb08                GFBF_GetNumData
                0x000000000600bb38                GFBF_GetSrcPk
                0x000000000600bb60                GFBF_GetSctData
                0x000000000600bb84                GFBF_RtnPk
                0x000000000600bbac                gfbf_getSctDt
 *fill*         0x000000000600bbb6        0xa 
 .text          0x000000000600bbc0      0x600 ../../Compiler/SGL_302j/LIB_COFF/LIBCD.A(GFS_CDB.O)
                0x000000000600bbc0                GFCB_Setup
                0x000000000600bce0                GFCB_Close
                0x000000000600bd08                GFCB_GetLenData
                0x000000000600bdb4                GFCB_GetLenRoom
                0x000000000600bdc0                GFCB_SetFilt
                0x000000000600be28                GFCB_DeleteAllData
                0x000000000600be50                GFCB_Tell
                0x000000000600be60                gfcb_getSctNum
                0x000000000600beb0                GFCB_Seek
                0x000000000600bfac                GFCB_GetSrcPack
                0x000000000600c08c                GFCB_GetSctData
                0x000000000600c0c4                GFCB_GetDstPack
                0x000000000600c0d0                GFCB_RtnPk
                0x000000000600c118                GFCB_MovePickup
                0x000000000600c134                GFCB_SetCon
                0x000000000600c168                GFCB_GetPickup
                0x000000000600c190                GFCB_IsPuOwner
                0x000000000600c1a8                GFCB_UngetPickup
 .text          0x000000000600c1c0     0x1a10 ../../Compiler/SGL_302j/LIB_COFF/LIBCD.A(GFS_CDC.O)
                0x000000000600c1c0                GFCD_SetCdbfs
                0x000000000600c1ec                GFCD_Init
                0x000000000600c3f0                GFCD_AllocFilt
                0x000000000600c42c                GFCD_FreeFilt
                0x000000000600c45c                GFCD_AllocBuf
                0x000000000600c490                GFCD_FreeBuf
                0x000000000600c534                GFCD_GetBaseFad
                0x000000000600c568                GFCD_GetPickup
                0x000000000600c59c                GFCD_UngetPickup
                0x000000000600c5c8                GFCD_IsPuOwner
                0x000000000600c5ec                GFCD_SetFilt
                0x000000000600c6b0                GFCD_GetFilt
                0x000000000600c6f8                GFCD_SetCon
                0x000000000600c750                GFCD_Play
                0x000000000600c7b0                GFCD_GetLenData
                0x000000000600c818                GFCD_ReqData
                0x000000000600c874                GFCD_EndData
                0x000000000600c8bc                GFCD_DelSctData
                0x000000000600c914                GFCD_CheckDelSctData
                0x000000000600c944                GFCD_GetStat
                0x000000000600c9f8                GFCD_MovePickup
                0x000000000600ca44                GFCD_MoveSctData
                0x000000000600cab8                GFCD_CheckMove
                0x000000000600cadc                GFCD_GetSctInfo
                0x000000000600cb24                GFCD_ChgDir
                0x000000000600cb98                GFCD_SetFiltCon
                0x000000000600cc80                GFCD_GetFileInfo
                0x000000000600cd5c                GFCD_GetBufSiz
                0x000000000600cd94                GFCD_ExecServer
                0x000000000600ce68                gfcd_isIdleTask
                0x000000000600cef4                gfcd_doTask
                0x000000000600cfa0                GFCD_SetTimer
                0x000000000600cfb4                GFCD_WaitServer
                0x000000000600cff0                gfcd_doSetFiltTsk
                0x000000000600d1b4                gfcd_doSetConTsk
                0x000000000600d244                gfcd_doGetLenDataTsk
                0x000000000600d398                gfcd_doReqDataTsk
                0x000000000600d438                gfcd_doDelSctDataTsk
                0x000000000600d56c                gfcd_doMoveSctTsk
                0x000000000600d6d0                gfcd_doChgDirTsk
                0x000000000600d8cc                gfcd_doSetFiltConTsk
                0x000000000600da10                gfcd_checkEflag
                0x000000000600da34                gfcd_initCdbMng
                0x000000000600dab4                gfcd_setStat
                0x000000000600dae0                GFCD_SetCsctFunc
                0x000000000600dafc                GFCD_ChkScdqFlag
                0x000000000600db20                GFCD_ClrScdqFlag
                0x000000000600db3c                GFCD_WaitScdqFlag
                0x000000000600db80                GFCD_WaitPause
 .text          0x000000000600dbd0      0x8d8 ../../Compiler/SGL_302j/LIB_COFF/LIBCD.A(GFS_CDF.O)
                0x000000000600dbd0                GFCF_Init
                0x000000000600dc70                GFCF_Setup
                0x000000000600ddb8                GFCF_SetSct
                0x000000000600ddfc                GFCF_GetFileInfo
                0x000000000600de70                GFCF_FlowInBuf
                0x000000000600dfc4                GFCF_StopInBuf
                0x000000000600e064                GFCF_Recover
                0x000000000600e0ac                GFCF_Tell
                0x000000000600e0c4                GFCF_Seek
                0x000000000600e0dc                GFCF_MovePickup
                0x000000000600e178                GFCF_cnvIntlvOfs
                0x000000000600e1cc                GFCF_GetStat
                0x000000000600e264                gfcf_getSctSize
                0x000000000600e2a0                gfcf_isCdOk
                0x000000000600e360                gfcf_getPlayRange
 *fill*         0x000000000600e4a8        0x8 
 .text          0x000000000600e4b0      0x92c ../../Compiler/SGL_302j/LIB_COFF/LIBCD.A(GFS_DIR.O)
                0x000000000600e4b0                GFDR_SetupDirTbl
                0x000000000600e524                GFDR_NameToId
                0x000000000600e584                GFDR_GetInfoDirId
                0x000000000600e598                GFDR_GetInfoDirName
                0x000000000600e5ac                GFDR_GetAtrDirId
                0x000000000600e5c4                GFDR_GetAtrDirName
                0x000000000600e5dc                GFDR_ChgRoot
                0x000000000600e5f4                GFDR_ChgDir
                0x000000000600e668                gfdr_setupDirIdTbl
                0x000000000600e6ec                gfdr_setupDirNameTbl
                0x000000000600e798                gfdr_open
                0x000000000600e7c0                gfdr_read
                0x000000000600e880                gfdr_readByte
                0x000000000600e8ac                gfdr_readWord
                0x000000000600e8d8                gfdr_readWordNB
                0x000000000600e92c                gfdr_readLongNB
                0x000000000600e978                gfdr_readLongNM
                0x000000000600e9a0                gfdr_setNextRec
                0x000000000600ea24                gfdr_readDirEnt
                0x000000000600eda0                gfdr_setDirrecCd
 *fill*         0x000000000600eddc        0x4 
 .text          0x000000000600ede0      0x9c6 ../../Compiler/SGL_302j/LIB_COFF/LIBCD.A(GFS_TRN.O)
                0x000000000600ee10                GFTR_Setup
                0x000000000600ee54                GFTR_SetMode
                0x000000000600ee68                GFTR_SetUnit
                0x000000000600ee74                GFTR_SetTransPara
                0x000000000600eea8                GFTR_GetTransPara
                0x000000000600eeb4                GFTR_GetNumTrans
                0x000000000600eec0                GFTR_SetTransMax
                0x000000000600eecc                GFTR_Start
                0x000000000600eed8                GFTR_Pause
                0x000000000600eee4                GFTR_Stop
                0x000000000600ef9c                GFTR_Exec
                0x000000000600f020                GFTR_Idle
                0x000000000600f098                GFTR_ExecSvr
                0x000000000600f1a0                gftr_getSrcPack
                0x000000000600f228                gftr_getDstPack
                0x000000000600f284                gftr_reqScu
                0x000000000600f290                gftr_execScu
                0x000000000600f32c                gftr_remScu
                0x000000000600f360                gfdma_canUse
                0x000000000600f36c                gfdma_exec
                0x000000000600f3dc                gfdma_getBytecnt
                0x000000000600f414                gftr_reqDma0
                0x000000000600f42c                gftr_execSdma0
                0x000000000600f450                gftr_remDma0
                0x000000000600f468                gftr_reqDma1
                0x000000000600f480                gftr_execSdma1
                0x000000000600f4a4                gftr_remDma1
                0x000000000600f4bc                gftr_reqCpu
                0x000000000600f4c8                gftr_execCpu
                0x000000000600f508                gftr_remCpu
                0x000000000600f514                gftr_reqTrn
                0x000000000600f584                gftr_execTrn
                0x000000000600f65c                gftr_remTrn
                0x000000000600f6d0                gftr_copyFrac
                0x000000000600f6f8                GFTR_GetLenData
                0x000000000600f704                GFTR_GetLenRoom
                0x000000000600f71c                GFTR_GetDstPack
                0x000000000600f750                GFTR_RtnDstPk
                0x000000000600f76c                GFTR_GetData
                0x000000000600f780                GFTR_SetData
                0x000000000600f794                GFTR_SetTransFunc
 *fill*         0x000000000600f7a6        0xa 
 .text          0x000000000600f7b0      0x130 ../../Compiler/SGL_302j/LIB_COFF/LIBCD.A(CDC_DRV.O)
                0x000000000600f7b0                CDC_CdPlay
                0x000000000600f87c                CDC_CdSeek
                0x000000000600f8b0                CDC_CdScan
 .text          0x000000000600f8e0       0xa8 ../../Compiler/SGL_302j/LIB_COFF/LIBCD.A(CDC_DEV.O)
                0x000000000600f8e0                CDC_CdSetCon
                0x000000000600f910                CDC_CdGetCon
                0x000000000600f94c                CDC_CdGetLastBuf
 *fill*         0x000000000600f988        0x8 
 .text          0x000000000600f990      0x2b8 ../../Compiler/SGL_302j/LIB_COFF/LIBCD.A(CDC_SEL.O)
                0x000000000600f990                CDC_SetFiltRange
                0x000000000600f9c4                CDC_GetFiltRange
                0x000000000600fa1c                CDC_SetFiltSubh
                0x000000000600fa8c                CDC_GetFiltSubh
                0x000000000600fb08                CDC_SetFiltMode
                0x000000000600fb3c                CDC_GetFiltMode
                0x000000000600fb80                CDC_SetFiltCon
                0x000000000600fbc0                CDC_GetFiltCon
                0x000000000600fc14                CDC_ResetSelector
 *fill*         0x000000000600fc48        0x8 
 .text          0x000000000600fc50      0x270 ../../Compiler/SGL_302j/LIB_COFF/LIBCD.A(CDC_BIF.O)
                0x000000000600fc50                CDC_GetBufSiz
                0x000000000600fcac                CDC_GetSctNum
                0x000000000600fcf0                CDC_CalActSiz
                0x000000000600fd2c                CDC_GetActSiz
                0x000000000600fdac                CDC_GetSctInfo
                0x000000000600fe2c                CDC_ExeFadSearch
                0x000000000600fe64                CDC_GetFadSearch
 .text          0x000000000600fec0      0x1e4 ../../Compiler/SGL_302j/LIB_COFF/LIBCD.A(CDC_BIO.O)
                0x000000000600fec0                CDC_SetSctLen
                0x000000000600fef4                CDC_GetSctData
                0x000000000600ff30                CDC_DelSctData
                0x000000000600ff6c                CDC_GetdelSctData
                0x000000000600ffa8                CDC_PutSctData
                0x000000000600ffe0                CDC_CopySctData
                0x0000000006010024                CDC_MoveSctData
                0x0000000006010068                CDC_GetCopyErr
 *fill*         0x00000000060100a4        0xc 
 .text          0x00000000060100b0        0x0 ../../Compiler/SGL_302j/LIB_COFF/LIBSGL.A(sglA15.o)
 .text          0x00000000060100b0        0x0 ../../Compiler/SGL_302j/LIB_COFF/LIBSGL.A(sglA20.o)
 .text          0x00000000060100b0        0x0 ../../Compiler/SGL_302j/LIB_COFF/LIBSGL.A(sglA21.o)
 .text          0x00000000060100b0        0x0 ../../Compiler/SGL_302j/LIB_COFF/LIBSGL.A(sglA27.o)
 .text          0x00000000060100b0        0x0 ../../Compiler/SGL_302j/LIB_COFF/LIBSGL.A(sglB001.o)
 .text          0x00000000060100b0        0x0 ../../Compiler/SGL_302j/LIB_COFF/LIBSGL.A(sglB011.o)
 .text          0x00000000060100b0        0x0 ../../Compiler/SGL_302j/LIB_COFF/LIBSGL.A(sglB015.o)
 .text          0x00000000060100b0        0x0 ../../Compiler/SGL_302j/LIB_COFF/LIBSGL.A(sglB016.o)
 .text          0x00000000060100b0        0x0 ../../Compiler/SGL_302j/LIB_COFF/LIBSGL.A(sglB032.o)
 .text          0x00000000060100b0        0x0 ../../Compiler/SGL_302j/LIB_COFF/LIBSGL.A(sglB053.o)
 .text          0x00000000060100b0        0x0 ../../Compiler/SGL_302j/LIB_COFF/LIBSGL.A(sglB056.o)
 .text          0x00000000060100b0        0x0 ../../Compiler/SGL_302j/LIB_COFF/LIBSGL.A(sglB063.o)
 .text          0x00000000060100b0        0x0 ../../Compiler/SGL_302j/LIB_COFF/LIBSGL.A(sglB200.o)
 .text          0x00000000060100b0        0x0 ../../Compiler/SGL_302j/LIB_COFF/LIBSGL.A(sglC05.o)
 .text          0x00000000060100b0        0x0 ../../Compiler/SGL_302j/LIB_COFF/LIBSGL.A(sglC06.o)
 .text          0x00000000060100b0        0x0 ../../Compiler/SGL_302j/LIB_COFF/LIBSGL.A(sglC07.o)
 .text          0x00000000060100b0        0x0 ../../Compiler/SGL_302j/LIB_COFF/LIBSGL.A(sglC08.o)
 .text          0x00000000060100b0        0x0 ../../Compiler/SGL_302j/LIB_COFF/LIBSGL.A(sglC20.o)
 .text          0x00000000060100b0        0x0 ../../Compiler/SGL_302j/LIB_COFF/LIBSGL.A(sglD00.o)
 .text          0x00000000060100b0        0x0 ../../Compiler/SGL_302j/LIB_COFF/LIBSGL.A(sglD01.o)
 .text          0x00000000060100b0        0x0 ../../Compiler/SGL_302j/LIB_COFF/LIBSGL.A(sglD03.o)
 .text          0x00000000060100b0        0x0 ../../Compiler/SGL_302j/LIB_COFF/LIBSGL.A(sglD15.o)
 .text          0x00000000060100b0        0x0 ../../Compiler/SGL_302j/LIB_COFF/LIBSGL.A(sglD16.o)
 .text          0x00000000060100b0        0x0 ../../Compiler/SGL_302j/LIB_COFF/LIBSGL.A(sglD17.o)
 .text          0x00000000060100b0        0x0 ../../Compiler/SGL_302j/LIB_COFF/LIBSGL.A(sglD18.o)
 .text          0x00000000060100b0        0x0 ../../Compiler/SGL_302j/LIB_COFF/LIBSGL.A(sglF00.o)
 .text          0x00000000060100b0        0x0 ../../Compiler/SGL_302j/LIB_COFF/LIBSGL.A(sglF05.o)
 .text          0x00000000060100b0        0x0 ../../Compiler/SGL_302j/LIB_COFF/LIBSGL.A(sglH00.o)
 .text          0x00000000060100b0        0x0 ../../Compiler/SGL_302j/LIB_COFF/LIBSGL.A(sglH01.o)
 .text          0x00000000060100b0        0x0 ../../Compiler/SGL_302j/LIB_COFF/LIBSGL.A(sglH02.o)
 .text          0x00000000060100b0        0x0 ../../Compiler/SGL_302j/LIB_COFF/LIBSGL.A(sglH04.o)
 .text          0x00000000060100b0        0x0 ../../Compiler/SGL_302j/LIB_COFF/LIBSGL.A(sglI01.o)
 .text          0x00000000060100b0      0x128 ../../Compiler/SGL_302j/LIB_COFF/LIBSGL.A(sglIc0.o)
                0x00000000060100b0                slInitSystem
 *fill*         0x00000000060101d8        0x8 
 .text          0x00000000060101e0        0x0 ../../Compiler/SGL_302j/LIB_COFF/LIBSGL.A(sglJ00.o)
 .text          0x00000000060101e0        0x0 ../../Compiler/SGL_302j/LIB_COFF/LIBSGL.A(sglJ01.o)
 .text          0x00000000060101e0        0x0 ../../Compiler/SGL_302j/LIB_COFF/LIBSGL.A(sglJ02.o)
 .text          0x00000000060101e0        0x0 ../../Compiler/SGL_302j/LIB_COFF/LIBSGL.A(sglJ03.o)
 .text          0x00000000060101e0        0x0 ../../Compiler/SGL_302j/LIB_COFF/LIBSGL.A(sglJ04.o)
 .text          0x00000000060101e0        0x0 ../../Compiler/SGL_302j/LIB_COFF/LIBSGL.A(sglJ05.o)
 .text          0x00000000060101e0        0x0 ../../Compiler/SGL_302j/LIB_COFF/LIBSGL.A(sglK01.o)
 .text          0x00000000060101e0        0x0 ../../Compiler/SGL_302j/LIB_COFF/LIBSGL.A(sglM01.o)
 .text          0x00000000060101e0        0x0 ../../Compiler/SGL_302j/LIB_COFF/LIBSGL.A(sglA00.o)
 .text          0x00000000060101e0        0x0 ../../Compiler/SGL_302j/LIB_COFF/LIBSGL.A(sglA01.o)
 .text          0x00000000060101e0        0x0 ../../Compiler/SGL_302j/LIB_COFF/LIBSGL.A(sglB000.o)
 .text          0x00000000060101e0        0x0 ../../Compiler/SGL_302j/LIB_COFF/LIBSGL.A(sglB035.o)
 .text          0x00000000060101e0        0x0 ../../Compiler/SGL_302j/LIB_COFF/LIBSGL.A(sglC00.o)
 .text          0x00000000060101e0        0x0 ../../Compiler/SGL_302j/LIB_COFF/LIBSGL.A(sglI00.o)
 .text          0x00000000060101e0        0x0 ../../Compiler/SGL_302j/LIB_COFF/LIBSGL.A(sglH03.o)
 .text          0x00000000060101e0       0x52 /home/sansigolo/Documents/joengine/Compiler/SH_NONE_ELF/bin/../lib/gcc/sh-none-elf/8.2.0/libgcc.a(_ashiftrt.o)
                0x00000000060101e0                __ashiftrt_r4_31
                0x00000000060101e0                __ashiftrt_r4_32
                0x00000000060101e6                __ashiftrt_r4_30
                0x00000000060101e8                __ashiftrt_r4_29
                0x00000000060101ea                __ashiftrt_r4_28
                0x00000000060101ec                __ashiftrt_r4_27
                0x00000000060101ee                __ashiftrt_r4_26
                0x00000000060101f0                __ashiftrt_r4_25
                0x00000000060101f2                __ashiftrt_r4_24
                0x00000000060101fa                __ashiftrt_r4_23
                0x00000000060101fc                __ashiftrt_r4_22
                0x00000000060101fe                __ashiftrt_r4_21
                0x0000000006010200                __ashiftrt_r4_20
                0x0000000006010202                __ashiftrt_r4_19
                0x0000000006010204                __ashiftrt_r4_18
                0x0000000006010206                __ashiftrt_r4_17
                0x0000000006010208                __ashiftrt_r4_16
                0x000000000601020e                __ashiftrt_r4_15
                0x0000000006010210                __ashiftrt_r4_14
                0x0000000006010212                __ashiftrt_r4_13
                0x0000000006010214                __ashiftrt_r4_12
                0x0000000006010216                __ashiftrt_r4_11
                0x0000000006010218                __ashiftrt_r4_10
                0x000000000601021a                __ashiftrt_r4_9
                0x000000000601021c                __ashiftrt_r4_8
                0x000000000601021e                __ashiftrt_r4_7
                0x0000000006010220                __ashiftrt_r4_6
                0x0000000006010222                __ashiftrt_r4_5
                0x0000000006010224                __ashiftrt_r4_4
                0x0000000006010226                __ashiftrt_r4_3
                0x0000000006010228                __ashiftrt_r4_2
                0x000000000601022a                __ashiftrt_r4_1
                0x000000000601022e                __ashiftrt_r4_0
 *fill*         0x0000000006010232        0x2 
 .text          0x0000000006010234       0xa0 /home/sansigolo/Documents/joengine/Compiler/SH_NONE_ELF/bin/../lib/gcc/sh-none-elf/8.2.0/libgcc.a(_sdivsi3.o)
                0x0000000006010234                __sdivsi3
 .text          0x00000000060102d4       0x6c /home/sansigolo/Documents/joengine/Compiler/SH_NONE_ELF/bin/../lib/gcc/sh-none-elf/8.2.0/libgcc.a(_udivsi3.o)
                0x00000000060102f6                __udivsi3
 .text          0x0000000006010340      0x134 /home/sansigolo/Documents/joengine/Compiler/SH_NONE_ELF/bin/../lib/gcc/sh-none-elf/8.2.0/libgcc.a(_mul_sf.o)
                0x0000000006010340                __mulsf3
 .text          0x0000000006010474       0xdc /home/sansigolo/Documents/joengine/Compiler/SH_NONE_ELF/bin/../lib/gcc/sh-none-elf/8.2.0/libgcc.a(_div_sf.o)
                0x0000000006010474                __divsf3
 .text          0x0000000006010550       0x7c /home/sansigolo/Documents/joengine/Compiler/SH_NONE_ELF/bin/../lib/gcc/sh-none-elf/8.2.0/libgcc.a(_sf_to_si.o)
                0x0000000006010550                __fixsfsi
 .text          0x00000000060105cc        0x0 /home/sansigolo/Documents/joengine/Compiler/SH_NONE_ELF/bin/../lib/gcc/sh-none-elf/8.2.0/libgcc.a(_thenan_sf.o)
 .text          0x00000000060105cc       0x94 /home/sansigolo/Documents/joengine/Compiler/SH_NONE_ELF/bin/../lib/gcc/sh-none-elf/8.2.0/libgcc.a(_usi_to_sf.o)
                0x00000000060105cc                __floatunsisf
 .text          0x0000000006010660      0x114 /home/sansigolo/Documents/joengine/Compiler/SH_NONE_ELF/bin/../lib/gcc/sh-none-elf/8.2.0/libgcc.a(_pack_sf.o)
                0x0000000006010660                __pack_f
 .text          0x0000000006010774       0xa0 /home/sansigolo/Documents/joengine/Compiler/SH_NONE_ELF/bin/../lib/gcc/sh-none-elf/8.2.0/libgcc.a(_unpack_sf.o)
                0x0000000006010774                __unpack_f
 .text          0x0000000006010814       0x1e /home/sansigolo/Documents/joengine/Compiler/SH_NONE_ELF/bin/../lib/gcc/sh-none-elf/8.2.0/../../../../sh-none-elf/lib/libc.a(lib_a-memcmp.o)
                0x0000000006010814                memcmp
 *fill*         0x0000000006010832        0x2 
 .text          0x0000000006010834       0x94 /home/sansigolo/Documents/joengine/Compiler/SH_NONE_ELF/bin/../lib/gcc/sh-none-elf/8.2.0/../../../../sh-none-elf/lib/libc.a(lib_a-memcpy.o)
                0x0000000006010834                memcpy
 .text          0x00000000060108c8       0x40 /home/sansigolo/Documents/joengine/Compiler/SH_NONE_ELF/bin/../lib/gcc/sh-none-elf/8.2.0/../../../../sh-none-elf/lib/libc.a(lib_a-memset.o)
                0x00000000060108c8                memset
 .text          0x0000000006010908       0x8c /home/sansigolo/Documents/joengine/Compiler/SH_NONE_ELF/bin/../lib/gcc/sh-none-elf/8.2.0/../../../../sh-none-elf/lib/libc.a(lib_a-sprintf.o)
                0x0000000006010908                _sprintf_r
                0x0000000006010948                sprintf
 .text          0x0000000006010994       0x2a /home/sansigolo/Documents/joengine/Compiler/SH_NONE_ELF/bin/../lib/gcc/sh-none-elf/8.2.0/../../../../sh-none-elf/lib/libc.a(lib_a-strncmp.o)
                0x0000000006010994                strncmp
 .text          0x00000000060109be       0x32 /home/sansigolo/Documents/joengine/Compiler/SH_NONE_ELF/bin/../lib/gcc/sh-none-elf/8.2.0/../../../../sh-none-elf/lib/libc.a(lib_a-strncpy.o)
                0x00000000060109be                strncpy
 .text          0x00000000060109f0     0x1378 /home/sansigolo/Documents/joengine/Compiler/SH_NONE_ELF/bin/../lib/gcc/sh-none-elf/8.2.0/../../../../sh-none-elf/lib/libc.a(lib_a-svfprintf.o)
                0x00000000060109f0                _svfprintf_r
 .text          0x0000000006011d68      0xef4 /home/sansigolo/Documents/joengine/Compiler/SH_NONE_ELF/bin/../lib/gcc/sh-none-elf/8.2.0/../../../../sh-none-elf/lib/libc.a(lib_a-dtoa.o)
                0x0000000006011e9c                _dtoa_r
 .text          0x0000000006012c5c        0x0 /home/sansigolo/Documents/joengine/Compiler/SH_NONE_ELF/bin/../lib/gcc/sh-none-elf/8.2.0/../../../../sh-none-elf/lib/libc.a(lib_a-impure.o)
 .text          0x0000000006012c5c       0x40 /home/sansigolo/Documents/joengine/Compiler/SH_NONE_ELF/bin/../lib/gcc/sh-none-elf/8.2.0/../../../../sh-none-elf/lib/libc.a(lib_a-localeconv.o)
                0x0000000006012c5c                __localeconv_l
                0x0000000006012c64                _localeconv_r
                0x0000000006012c80                localeconv
 .text          0x0000000006012c9c       0xa8 /home/sansigolo/Documents/joengine/Compiler/SH_NONE_ELF/bin/../lib/gcc/sh-none-elf/8.2.0/../../../../sh-none-elf/lib/libc.a(lib_a-locale.o)
                0x0000000006012c9c                _setlocale_r
                0x0000000006012ce8                __locale_mb_cur_max
                0x0000000006012d08                __locale_ctype_ptr_l
                0x0000000006012d12                __locale_ctype_ptr
                0x0000000006012d30                setlocale
 .text          0x0000000006012d44       0x4c /home/sansigolo/Documents/joengine/Compiler/SH_NONE_ELF/bin/../lib/gcc/sh-none-elf/8.2.0/../../../../sh-none-elf/lib/libc.a(lib_a-mbtowc_r.o)
                0x0000000006012d44                _mbtowc_r
                0x0000000006012d68                __ascii_mbtowc
 .text          0x0000000006012d90       0x1c /home/sansigolo/Documents/joengine/Compiler/SH_NONE_ELF/bin/../lib/gcc/sh-none-elf/8.2.0/../../../../sh-none-elf/lib/libc.a(lib_a-memchr.o)
                0x0000000006012d90                memchr
 .text          0x0000000006012dac      0xa9c /home/sansigolo/Documents/joengine/Compiler/SH_NONE_ELF/bin/../lib/gcc/sh-none-elf/8.2.0/../../../../sh-none-elf/lib/libc.a(lib_a-mprec.o)
                0x0000000006012dac                _Balloc
                0x0000000006012e20                _Bfree
                0x0000000006012e38                __multadd
                0x0000000006012ee0                __s2b
                0x0000000006012fa0                __hi0bits
                0x0000000006012ff4                __lo0bits
                0x0000000006013058                __i2b
                0x0000000006013074                __multiply
                0x00000000060131b8                __pow5mult
                0x0000000006013274                __lshift
                0x0000000006013368                __mcmp
                0x00000000060133a0                __mdiff
                0x000000000601347c                __ulp
                0x00000000060134e8                __b2d
                0x00000000060135d0                __d2b
                0x00000000060136bc                __ratio
                0x0000000006013740                _mprec_log10
                0x0000000006013798                __copybits
                0x00000000060137dc                __any_on
 .text          0x0000000006013848       0x34 /home/sansigolo/Documents/joengine/Compiler/SH_NONE_ELF/bin/../lib/gcc/sh-none-elf/8.2.0/../../../../sh-none-elf/lib/libc.a(lib_a-nano-callocr.o)
                0x0000000006013848                _calloc_r
 .text          0x000000000601387c       0xf4 /home/sansigolo/Documents/joengine/Compiler/SH_NONE_ELF/bin/../lib/gcc/sh-none-elf/8.2.0/../../../../sh-none-elf/lib/libc.a(lib_a-nano-mallocr.o)
                0x000000000601387c                _malloc_r
 .text          0x0000000006013970       0x30 /home/sansigolo/Documents/joengine/Compiler/SH_NONE_ELF/bin/../lib/gcc/sh-none-elf/8.2.0/../../../../sh-none-elf/lib/libc.a(lib_a-sbrkr.o)
                0x0000000006013970                _sbrk_r
 .text          0x00000000060139a0       0x38 /home/sansigolo/Documents/joengine/Compiler/SH_NONE_ELF/bin/../lib/gcc/sh-none-elf/8.2.0/../../../../sh-none-elf/lib/libc.a(lib_a-strcmp.o)
                0x00000000060139a0                strcmp
 .text          0x00000000060139d8       0x20 /home/sansigolo/Documents/joengine/Compiler/SH_NONE_ELF/bin/../lib/gcc/sh-none-elf/8.2.0/../../../../sh-none-elf/lib/libc.a(lib_a-strlen.o)
                0x00000000060139d8                strlen
 .text          0x00000000060139f8      0xa60 /home/sansigolo/Documents/joengine/Compiler/SH_NONE_ELF/bin/../lib/gcc/sh-none-elf/8.2.0/../../../../sh-none-elf/lib/libc.a(lib_a-svfiprintf.o)
                0x00000000060139f8                __ssprint_r
                0x0000000006013b2c                _svfiprintf_r
 .text          0x0000000006014458      0x25c /home/sansigolo/Documents/joengine/Compiler/SH_NONE_ELF/bin/../lib/gcc/sh-none-elf/8.2.0/../../../../sh-none-elf/lib/libc.a(lib_a-syscalls.o)
                0x00000000060144d0                _read
                0x00000000060144e0                _lseek
                0x00000000060144f0                _write
                0x0000000006014500                _close
                0x0000000006014510                _link
                0x0000000006014514                _sbrk
                0x000000000601456c                _fstat
                0x0000000006014576                _open
                0x0000000006014588                _creat
                0x0000000006014598                _unlink
                0x000000000601459c                isatty
                0x00000000060145a0                _isatty
                0x00000000060145a4                _exit
                0x00000000060145b4                _kill
                0x00000000060145c8                _getpid
                0x00000000060145cc                _raise
                0x00000000060145d0                _stat
                0x00000000060145e0                _chmod
                0x00000000060145f0                _chown
                0x0000000006014600                _utime
                0x0000000006014614                _fork
                0x0000000006014620                _wait
                0x0000000006014630                _execve
                0x0000000006014640                _execv
                0x0000000006014650                _pipe
                0x000000000601465c                _times
                0x0000000006014660                _gettimeofday
                0x0000000006014688                __setup_argv_and_call_main
 .text          0x00000000060146b4       0x14 /home/sansigolo/Documents/joengine/Compiler/SH_NONE_ELF/bin/../lib/gcc/sh-none-elf/8.2.0/../../../../sh-none-elf/lib/libc.a(lib_a-trap.o)
                0x00000000060146b4                __trap34
 .text          0x00000000060146c8       0x40 /home/sansigolo/Documents/joengine/Compiler/SH_NONE_ELF/bin/../lib/gcc/sh-none-elf/8.2.0/../../../../sh-none-elf/lib/libc.a(lib_a-wctomb_r.o)
                0x00000000060146c8                _wctomb_r
                0x00000000060146e8                __ascii_wctomb
 .text          0x0000000006014708       0x18 /home/sansigolo/Documents/joengine/Compiler/SH_NONE_ELF/bin/../lib/gcc/sh-none-elf/8.2.0/../../../../sh-none-elf/lib/libc.a(lib_a-abort.o)
                0x0000000006014708                abort
 .text          0x0000000006014720        0x0 /home/sansigolo/Documents/joengine/Compiler/SH_NONE_ELF/bin/../lib/gcc/sh-none-elf/8.2.0/../../../../sh-none-elf/lib/libc.a(lib_a-ctype_.o)
 .text          0x0000000006014720       0x3c /home/sansigolo/Documents/joengine/Compiler/SH_NONE_ELF/bin/../lib/gcc/sh-none-elf/8.2.0/../../../../sh-none-elf/lib/libc.a(lib_a-memmove.o)
                0x0000000006014720                memmove
 .text          0x000000000601475c        0x8 /home/sansigolo/Documents/joengine/Compiler/SH_NONE_ELF/bin/../lib/gcc/sh-none-elf/8.2.0/../../../../sh-none-elf/lib/libc.a(lib_a-mlock.o)
                0x000000000601475c                __malloc_lock
                0x0000000006014760                __malloc_unlock
 .text          0x0000000006014764       0xc8 /home/sansigolo/Documents/joengine/Compiler/SH_NONE_ELF/bin/../lib/gcc/sh-none-elf/8.2.0/../../../../sh-none-elf/lib/libc.a(lib_a-nano-freer.o)
                0x0000000006014764                _free_r
 .text          0x000000000601482c       0x7c /home/sansigolo/Documents/joengine/Compiler/SH_NONE_ELF/bin/../lib/gcc/sh-none-elf/8.2.0/../../../../sh-none-elf/lib/libc.a(lib_a-nano-reallocr.o)
                0x000000000601482c                _realloc_r
 .text          0x00000000060148a8      0x1b0 /home/sansigolo/Documents/joengine/Compiler/SH_NONE_ELF/bin/../lib/gcc/sh-none-elf/8.2.0/../../../../sh-none-elf/lib/libc.a(lib_a-signal.o)
                0x00000000060148a8                _init_signal_r
                0x00000000060148e4                _signal_r
                0x0000000006014930                _raise_r
                0x00000000060149a8                __sigtramp_r
                0x0000000006014a0c                raise
                0x0000000006014a20                signal
                0x0000000006014a34                _init_signal
                0x0000000006014a44                __sigtramp
 .text          0x0000000006014a58       0x40 /home/sansigolo/Documents/joengine/Compiler/SH_NONE_ELF/bin/../lib/gcc/sh-none-elf/8.2.0/../../../../sh-none-elf/lib/libc.a(lib_a-signalr.o)
                0x0000000006014a58                _kill_r
                0x0000000006014a8c                _getpid_r
 .text          0x0000000006014a98       0x16 /home/sansigolo/Documents/joengine/Compiler/SH_NONE_ELF/bin/../lib/gcc/sh-none-elf/8.2.0/../../../../sh-none-elf/lib/libc.a(lib_a-nano-msizer.o)
                0x0000000006014a98                _malloc_usable_size_r
 *fill*         0x0000000006014aae        0x2 
 .text          0x0000000006014ab0       0x80 /home/sansigolo/Documents/joengine/Compiler/SH_NONE_ELF/bin/../lib/gcc/sh-none-elf/8.2.0/libgcc.a(_ashiftrt_n.o)
                0x0000000006014ab0                __ashrsi3
 .text          0x0000000006014b30       0xbc /home/sansigolo/Documents/joengine/Compiler/SH_NONE_ELF/bin/../lib/gcc/sh-none-elf/8.2.0/libgcc.a(_ashiftlt.o)
                0x0000000006014b30                __ashlsi3
                0x0000000006014b34                __ashlsi3_r0
 .text          0x0000000006014bec       0xbc /home/sansigolo/Documents/joengine/Compiler/SH_NONE_ELF/bin/../lib/gcc/sh-none-elf/8.2.0/libgcc.a(_lshiftrt.o)
                0x0000000006014bec                __lshrsi3
                0x0000000006014bf0                __lshrsi3_r0
 .text          0x0000000006014ca8      0x258 /home/sansigolo/Documents/joengine/Compiler/SH_NONE_ELF/bin/../lib/gcc/sh-none-elf/8.2.0/libgcc.a(_udivdi3.o)
                0x0000000006014ca8                __udivdi3
 .text          0x0000000006014f00      0x2bc /home/sansigolo/Documents/joengine/Compiler/SH_NONE_ELF/bin/../lib/gcc/sh-none-elf/8.2.0/libgcc.a(_umoddi3.o)
                0x0000000006014f00                __umoddi3
 .text          0x00000000060151bc      0x3b4 /home/sansigolo/Documents/joengine/Compiler/SH_NONE_ELF/bin/../lib/gcc/sh-none-elf/8.2.0/libgcc.a(_addsub_df.o)
                0x00000000060154cc                __adddf3
                0x000000000601551c                __subdf3
 .text          0x0000000006015570      0x208 /home/sansigolo/Documents/joengine/Compiler/SH_NONE_ELF/bin/../lib/gcc/sh-none-elf/8.2.0/libgcc.a(_mul_df.o)
                0x0000000006015570                __muldf3
 .text          0x0000000006015778      0x130 /home/sansigolo/Documents/joengine/Compiler/SH_NONE_ELF/bin/../lib/gcc/sh-none-elf/8.2.0/libgcc.a(_div_df.o)
                0x0000000006015778                __divdf3
 .text          0x00000000060158a8       0x58 /home/sansigolo/Documents/joengine/Compiler/SH_NONE_ELF/bin/../lib/gcc/sh-none-elf/8.2.0/libgcc.a(_eq_df.o)
                0x00000000060158a8                __eqdf2
 .text          0x0000000006015900       0x58 /home/sansigolo/Documents/joengine/Compiler/SH_NONE_ELF/bin/../lib/gcc/sh-none-elf/8.2.0/libgcc.a(_ne_df.o)
                0x0000000006015900                __nedf2
 .text          0x0000000006015958       0x50 /home/sansigolo/Documents/joengine/Compiler/SH_NONE_ELF/bin/../lib/gcc/sh-none-elf/8.2.0/libgcc.a(_gt_df.o)
                0x0000000006015958                __gtdf2
 .text          0x00000000060159a8       0x50 /home/sansigolo/Documents/joengine/Compiler/SH_NONE_ELF/bin/../lib/gcc/sh-none-elf/8.2.0/libgcc.a(_ge_df.o)
                0x00000000060159a8                __gedf2
 .text          0x00000000060159f8       0x58 /home/sansigolo/Documents/joengine/Compiler/SH_NONE_ELF/bin/../lib/gcc/sh-none-elf/8.2.0/libgcc.a(_lt_df.o)
                0x00000000060159f8                __ltdf2
 .text          0x0000000006015a50       0x58 /home/sansigolo/Documents/joengine/Compiler/SH_NONE_ELF/bin/../lib/gcc/sh-none-elf/8.2.0/libgcc.a(_le_df.o)
                0x0000000006015a50                __ledf2
 .text          0x0000000006015aa8       0x40 /home/sansigolo/Documents/joengine/Compiler/SH_NONE_ELF/bin/../lib/gcc/sh-none-elf/8.2.0/libgcc.a(_unord_df.o)
                0x0000000006015aa8                __unorddf2
 .text          0x0000000006015ae8       0xa8 /home/sansigolo/Documents/joengine/Compiler/SH_NONE_ELF/bin/../lib/gcc/sh-none-elf/8.2.0/libgcc.a(_si_to_df.o)
                0x0000000006015ae8                __floatsidf
 .text          0x0000000006015b90       0xa4 /home/sansigolo/Documents/joengine/Compiler/SH_NONE_ELF/bin/../lib/gcc/sh-none-elf/8.2.0/libgcc.a(_df_to_si.o)
                0x0000000006015b90                __fixdfsi
 .text          0x0000000006015c34        0x0 /home/sansigolo/Documents/joengine/Compiler/SH_NONE_ELF/bin/../lib/gcc/sh-none-elf/8.2.0/libgcc.a(_thenan_df.o)
 .text          0x0000000006015c34       0x88 /home/sansigolo/Documents/joengine/Compiler/SH_NONE_ELF/bin/../lib/gcc/sh-none-elf/8.2.0/libgcc.a(_usi_to_df.o)
                0x0000000006015c34                __floatunsidf
 *fill*         0x0000000006015cbc        0x4 
 .text          0x0000000006015cc0       0x60 /home/sansigolo/Documents/joengine/Compiler/SH_NONE_ELF/bin/../lib/gcc/sh-none-elf/8.2.0/libgcc.a(_udiv_qrnnd_16.o)
                0x0000000006015cc0                __udiv_qrnnd_16
 .text          0x0000000006015d20        0x0 /home/sansigolo/Documents/joengine/Compiler/SH_NONE_ELF/bin/../lib/gcc/sh-none-elf/8.2.0/libgcc.a(_clz.o)
 .text          0x0000000006015d20       0x58 /home/sansigolo/Documents/joengine/Compiler/SH_NONE_ELF/bin/../lib/gcc/sh-none-elf/8.2.0/libgcc.a(_clzsi2.o)
                0x0000000006015d20                __clzsi2
 .text          0x0000000006015d78      0x25c /home/sansigolo/Documents/joengine/Compiler/SH_NONE_ELF/bin/../lib/gcc/sh-none-elf/8.2.0/libgcc.a(_pack_df.o)
                0x0000000006015d78                __pack_d
 .text          0x0000000006015fd4       0xcc /home/sansigolo/Documents/joengine/Compiler/SH_NONE_ELF/bin/../lib/gcc/sh-none-elf/8.2.0/libgcc.a(_unpack_df.o)
                0x0000000006015fd4                __unpack_d
 .text          0x00000000060160a0       0xc8 /home/sansigolo/Documents/joengine/Compiler/SH_NONE_ELF/bin/../lib/gcc/sh-none-elf/8.2.0/libgcc.a(_fpcmp_parts_df.o)
                0x00000000060160a0                __fpcmp_parts_d
 *(.strings)
                0x0000000006016168                __etext = .

.text.startup   0x0000000006016168      0x484
 .text.startup  0x0000000006016168      0x484 /tmp/ccmYT6Qb.ltrans0.ltrans.o
                0x0000000006016168                main

.rodata         0x0000000006016600      0x63c
 *(.rodata)
 .rodata        0x0000000006016600      0x12c /tmp/ccmYT6Qb.ltrans0.ltrans.o
 .rodata        0x000000000601672c       0x10 /home/sansigolo/Documents/joengine/Compiler/SH_NONE_ELF/bin/../lib/gcc/sh-none-elf/8.2.0/libgcc.a(_thenan_sf.o)
                0x000000000601672c                __thenan_sf
 .rodata        0x000000000601673c       0x20 /home/sansigolo/Documents/joengine/Compiler/SH_NONE_ELF/bin/../lib/gcc/sh-none-elf/8.2.0/../../../../sh-none-elf/lib/libc.a(lib_a-svfprintf.o)
 .rodata        0x000000000601675c        0x4 /home/sansigolo/Documents/joengine/Compiler/SH_NONE_ELF/bin/../lib/gcc/sh-none-elf/8.2.0/../../../../sh-none-elf/lib/libc.a(lib_a-impure.o)
                0x000000000601675c                _global_impure_ptr
 .rodata        0x0000000006016760      0x124 /home/sansigolo/Documents/joengine/Compiler/SH_NONE_ELF/bin/../lib/gcc/sh-none-elf/8.2.0/../../../../sh-none-elf/lib/libc.a(lib_a-mprec.o)
                0x000000000601676c                __mprec_tinytens
                0x0000000006016794                __mprec_bigtens
                0x00000000060167bc                __mprec_tens
 .rodata        0x0000000006016884       0x20 /home/sansigolo/Documents/joengine/Compiler/SH_NONE_ELF/bin/../lib/gcc/sh-none-elf/8.2.0/../../../../sh-none-elf/lib/libc.a(lib_a-svfiprintf.o)
 .rodata        0x00000000060168a4      0x284 /home/sansigolo/Documents/joengine/Compiler/SH_NONE_ELF/bin/../lib/gcc/sh-none-elf/8.2.0/../../../../sh-none-elf/lib/libc.a(lib_a-ctype_.o)
                0x00000000060168a4                _ctype_
                0x00000000060169a8                _ctype_b
 .rodata        0x0000000006016b28       0x14 /home/sansigolo/Documents/joengine/Compiler/SH_NONE_ELF/bin/../lib/gcc/sh-none-elf/8.2.0/libgcc.a(_thenan_df.o)
                0x0000000006016b28                __thenan_df
 .rodata        0x0000000006016b3c      0x100 /home/sansigolo/Documents/joengine/Compiler/SH_NONE_ELF/bin/../lib/gcc/sh-none-elf/8.2.0/libgcc.a(_clz.o)
                0x0000000006016b3c                __clz_tab

.rodata.str1.4  0x0000000006016c3c     0x349a
 .rodata.str1.4
                0x0000000006016c3c     0x3428 /tmp/ccmYT6Qb.ltrans0.ltrans.o
                                       0x34a1 (size before relaxing)
 .rodata.str1.4
                0x000000000601a064       0x3a /home/sansigolo/Documents/joengine/Compiler/SH_NONE_ELF/bin/../lib/gcc/sh-none-elf/8.2.0/../../../../sh-none-elf/lib/libc.a(lib_a-svfprintf.o)
 *fill*         0x000000000601a09e        0x2 
 .rodata.str1.4
                0x000000000601a0a0        0xd /home/sansigolo/Documents/joengine/Compiler/SH_NONE_ELF/bin/../lib/gcc/sh-none-elf/8.2.0/../../../../sh-none-elf/lib/libc.a(lib_a-dtoa.o)
                                         0x12 (size before relaxing)
 *fill*         0x000000000601a0ad        0x3 
 .rodata.str1.4
                0x000000000601a0b0        0xa /home/sansigolo/Documents/joengine/Compiler/SH_NONE_ELF/bin/../lib/gcc/sh-none-elf/8.2.0/../../../../sh-none-elf/lib/libc.a(lib_a-locale.o)
                                         0x12 (size before relaxing)
 .rodata.str1.4
                0x000000000601a0ba       0x25 /home/sansigolo/Documents/joengine/Compiler/SH_NONE_ELF/bin/../lib/gcc/sh-none-elf/8.2.0/../../../../sh-none-elf/lib/libc.a(lib_a-svfiprintf.o)
 *fill*         0x000000000601a0ba        0x2 
 .rodata.str1.4
                0x000000000601a0bc       0x1a /home/sansigolo/Documents/joengine/Compiler/SH_NONE_ELF/bin/../lib/gcc/sh-none-elf/8.2.0/../../../../sh-none-elf/lib/libc.a(lib_a-syscalls.o)

.eh_frame       0x000000000601a0d8      0x170
 .eh_frame      0x000000000601a0d8       0xa8 /home/sansigolo/Documents/joengine/Compiler/SH_NONE_ELF/bin/../lib/gcc/sh-none-elf/8.2.0/libgcc.a(_udivdi3.o)
 .eh_frame      0x000000000601a180       0xc8 /home/sansigolo/Documents/joengine/Compiler/SH_NONE_ELF/bin/../lib/gcc/sh-none-elf/8.2.0/libgcc.a(_umoddi3.o)
                                         0xdc (size before relaxing)

.rela.dyn       0x000000000601a248        0x0
 .rela.text     0x000000000601a248        0x0 /home/sansigolo/Documents/joengine/Compiler/SH_NONE_ELF/bin/../lib/gcc/sh-none-elf/8.2.0/../../../../sh-none-elf/lib/libc.a(lib_a-sbrkr.o)
 .rela.text.startup
                0x000000000601a248        0x0 /home/sansigolo/Documents/joengine/Compiler/SH_NONE_ELF/bin/../lib/gcc/sh-none-elf/8.2.0/../../../../sh-none-elf/lib/libc.a(lib_a-sbrkr.o)

SLPROG          0x000000000601a260    0x11720
                0x000000000601a260                __slprog_start = .
 *(SLPROG)
 SLPROG         0x000000000601a260     0x6540 ../../Compiler/SGL_302j/LIB_COFF/SGLAREA.O
                0x000000000601a260                MasterStack
                0x000000000601a264                SlaveStack
                0x000000000601a268                MaxVertices
                0x000000000601a26a                MaxPolygons
                0x000000000601a26c                SortList
                0x000000000601a270                SortListSize
                0x000000000601a274                TransList
                0x000000000601a278                Zbuffer
                0x000000000601a27c                SpriteBuf
                0x000000000601a280                SpriteBufSize
                0x000000000601a284                Pbuffer
                0x000000000601a288                CommandBuf
                0x000000000601a28c                CLOfstBuf
                0x000000000601a290                PCM_Work
                0x000000000601a294                PCM_WkSize
                0x000000000601a298                MaxEvents
                0x000000000601a29a                EventSize
                0x000000000601a29c                MaxWorks
                0x000000000601a29e                WorkSize
                0x000000000601a2a0                RemainEvent
                0x000000000601a3a0                RemainWork
                0x000000000601a7a0                EventBuf
                0x000000000601c7a0                WorkBuf
 SLPROG         0x00000000060207a0       0x18 ../../Compiler/SGL_302j/LIB_COFF/LIBSGL.A(sglA15.o)
                0x00000000060207a0                slSlaveFunc
 *fill*         0x00000000060207b8        0x8 
 SLPROG         0x00000000060207c0      0x42c ../../Compiler/SGL_302j/LIB_COFF/LIBSGL.A(sglA20.o)
                0x00000000060207c0                slInitMatrix
                0x00000000060207ca                slPushUnitMatrix
                0x00000000060207de                slUnitMatrix
 *fill*         0x0000000006020bec        0x4 
 SLPROG         0x0000000006020bf0       0x48 ../../Compiler/SGL_302j/LIB_COFF/LIBSGL.A(sglA21.o)
                0x0000000006020bf0                slPushMatrix
                0x0000000006020c24                slPopMatrix
                0x0000000006020c24                slDecMatrixPtr
 *fill*         0x0000000006020c38        0x8 
 SLPROG         0x0000000006020c40       0x50 ../../Compiler/SGL_302j/LIB_COFF/LIBSGL.A(sglA27.o)
                0x0000000006020c40                slTranslate
 SLPROG         0x0000000006020c90       0x20 ../../Compiler/SGL_302j/LIB_COFF/LIBSGL.A(sglB001.o)
                0x0000000006020c90                slTVOn
                0x0000000006020c9a                slTVOff
 SLPROG         0x0000000006020cb0       0x24 ../../Compiler/SGL_302j/LIB_COFF/LIBSGL.A(sglB011.o)
                0x0000000006020cb0                slBitMapNbg1
 *fill*         0x0000000006020cd4        0xc 
 SLPROG         0x0000000006020ce0      0x40c ../../Compiler/SGL_302j/LIB_COFF/LIBSGL.A(sglB015.o)
                0x0000000006020ce0                slScrAutoDisp
 *fill*         0x00000000060210ec        0x4 
 SLPROG         0x00000000060210f0        0xc ../../Compiler/SGL_302j/LIB_COFF/LIBSGL.A(sglB016.o)
                0x00000000060210f0                slBack1ColSet
 *fill*         0x00000000060210fc        0x4 
 SLPROG         0x0000000006021100       0xb4 ../../Compiler/SGL_302j/LIB_COFF/LIBSGL.A(sglB032.o)
                0x0000000006021100                slMapNbg1
 *fill*         0x00000000060211b4        0xc 
 SLPROG         0x00000000060211c0        0xc ../../Compiler/SGL_302j/LIB_COFF/LIBSGL.A(sglB053.o)
                0x00000000060211c0                slZoomNbg1
 *fill*         0x00000000060211cc        0x4 
 SLPROG         0x00000000060211d0        0xc ../../Compiler/SGL_302j/LIB_COFF/LIBSGL.A(sglB056.o)
                0x00000000060211d0                slPlaneNbg1
 *fill*         0x00000000060211dc        0x4 
 SLPROG         0x00000000060211e0        0xc ../../Compiler/SGL_302j/LIB_COFF/LIBSGL.A(sglB063.o)
                0x00000000060211e0                slPriority
 *fill*         0x00000000060211ec        0x4 
 SLPROG         0x00000000060211f0      0x114 ../../Compiler/SGL_302j/LIB_COFF/LIBSGL.A(sglB200.o)
                0x00000000060211f0                slCharRbg0
                0x00000000060211fc                slCharNbg0
                0x0000000006021208                slCharNbg1
                0x0000000006021214                slCharNbg2
                0x000000000602122a                slCharNbg3
                0x0000000006021242                slPageRbg0
                0x0000000006021258                slPageNbg1
                0x0000000006021260                slPageNbg2
                0x0000000006021268                slPageNbg3
                0x0000000006021274                slPageNbg0
 *fill*         0x0000000006021304        0xc 
 SLPROG         0x0000000006021310       0x78 ../../Compiler/SGL_302j/LIB_COFF/LIBSGL.A(sglC05.o)
                0x0000000006021310                slSetSprite
 *fill*         0x0000000006021388        0x8 
 SLPROG         0x0000000006021390       0xfa ../../Compiler/SGL_302j/LIB_COFF/LIBSGL.A(sglC06.o)
                0x0000000006021390                slDispSprite
 *fill*         0x000000000602148a        0x6 
 SLPROG         0x0000000006021490      0x162 ../../Compiler/SGL_302j/LIB_COFF/LIBSGL.A(sglC07.o)
                0x0000000006021496                slPutSprite
 *fill*         0x00000000060215f2        0xe 
 SLPROG         0x0000000006021600     0x1218 ../../Compiler/SGL_302j/LIB_COFF/LIBSGL.A(sglC08.o)
                0x0000000006021600                slPutPolygon
                0x000000000602227c                MsCalcDepthFlat
 *fill*         0x0000000006022818        0x8 
 SLPROG         0x0000000006022820       0x40 ../../Compiler/SGL_302j/LIB_COFF/LIBSGL.A(sglC20.o)
                0x0000000006022820                SpriteEntry
 SLPROG         0x0000000006022860       0x84 ../../Compiler/SGL_302j/LIB_COFF/LIBSGL.A(sglD00.o)
                0x0000000006022860                slDMACopy
                0x0000000006022860                slCpuDMACopy
                0x00000000060228ba                slCashPurge
                0x00000000060228ba                CSH_AllClr
 *fill*         0x00000000060228e4        0xc 
 SLPROG         0x00000000060228f0       0xa0 ../../Compiler/SGL_302j/LIB_COFF/LIBSGL.A(sglD01.o)
                0x00000000060228f0                slDMAXCopy
 SLPROG         0x0000000006022990        0xc ../../Compiler/SGL_302j/LIB_COFF/LIBSGL.A(sglD03.o)
                0x0000000006022990                slDMAStatus
 *fill*         0x000000000602299c        0x4 
 SLPROG         0x00000000060229a0       0x20 ../../Compiler/SGL_302j/LIB_COFF/LIBSGL.A(sglD15.o)
                0x00000000060229a0                CSH_Purge
 SLPROG         0x00000000060229c0       0x84 ../../Compiler/SGL_302j/LIB_COFF/LIBSGL.A(sglD16.o)
                0x00000000060229c0                DMA_ScuSetPrm
                0x0000000006022a08                DMA_SCU_PRM0
 *fill*         0x0000000006022a44        0xc 
 SLPROG         0x0000000006022a50       0x88 ../../Compiler/SGL_302j/LIB_COFF/LIBSGL.A(sglD17.o)
                0x0000000006022a50                DMA_ScuStart
 *fill*         0x0000000006022ad8        0x8 
 SLPROG         0x0000000006022ae0       0x34 ../../Compiler/SGL_302j/LIB_COFF/LIBSGL.A(sglD18.o)
                0x0000000006022ae0                DMA_ScuGetStatus
 *fill*         0x0000000006022b14        0xc 
 SLPROG         0x0000000006022b20       0x4e ../../Compiler/SGL_302j/LIB_COFF/LIBSGL.A(sglF00.o)
                0x0000000006022b20                slCurScrn
                0x0000000006022b30                slCurColor
                0x0000000006022b3a                slLocate
                0x0000000006022b6c                CurrentScreen
 *fill*         0x0000000006022b6e        0x2 
 SLPROG         0x0000000006022b70       0x1c ../../Compiler/SGL_302j/LIB_COFF/LIBSGL.A(sglF05.o)
                0x0000000006022b70                slPrint
 *fill*         0x0000000006022b8c        0x4 
 SLPROG         0x0000000006022b90      0xfc8 ../../Compiler/SGL_302j/LIB_COFF/LIBSGL.A(sglH00.o)
                0x0000000006022ba8                slGetPortDir1
                0x0000000006022bb0                slGetPortDir2
                0x0000000006022bb8                slSetPortDir1
                0x0000000006022be2                slSetPortDir2
                0x0000000006022c1c                slGetPortData1
                0x0000000006022c24                slGetPortData2
                0x0000000006022c2c                slSetPortData1
                0x0000000006022c36                slSetPortData2
                0x0000000006022c48                slGetPortSelect1
                0x0000000006022c52                slGetPortSelect2
                0x0000000006022c5c                slSetPortSelect1
                0x0000000006022c90                slSetPortSelect2
                0x0000000006022ccc                slGetPortExt1
                0x0000000006022cd6                slGetPortExt2
                0x0000000006022ce0                slSetPortExt1
                0x0000000006022d10                slSetPortExt2
                0x0000000006022e84                slSmpcDirectAccess
                0x0000000006022f04                slInitPeripheral
                0x0000000006022f96                slSetResultBuffer
                0x0000000006023022                slCheckIntBackSet
                0x000000000602302e                slIntBackCancel
                0x0000000006023058                slCheckReset
                0x0000000006023062                slClearReset
                0x0000000006023228                slSmpcCashSend
                0x00000000060232e4                slSmpcCashBlow
                0x00000000060233c0                slGetOptimize
                0x00000000060233ca                slSetOptimize
                0x00000000060233f0                slGetPortMode1
                0x00000000060233fc                slGetPortMode2
                0x000000000602340a                slSetPortMode1
                0x0000000006023448                slSetPortMode2
                0x00000000060235d4                slRequestCommand
                0x0000000006023644                Smpc_Status
                0x0000000006023648                Smpc_Result
                0x000000000602364c                Smpc_Peripheral
                0x0000000006023652                Per_Connect1
                0x0000000006023653                Per_Connect2
                0x0000000006023674                SmpcStatusBuf
 *fill*         0x0000000006023b58        0x8 
 SLPROG         0x0000000006023b60       0xa8 ../../Compiler/SGL_302j/LIB_COFF/LIBSGL.A(sglH01.o)
                0x0000000006023b60                slGetLanguage
                0x0000000006023b6a                slSetLanguage
                0x0000000006023b8c                slGetSoundEffect
                0x0000000006023b98                slSetSoundEffect
                0x0000000006023bb4                slGetSoundOutput
                0x0000000006023bc0                slSetSoundOutput
                0x0000000006023bdc                slGetHelpWindow
                0x0000000006023be8                slSetHelpWindow
 *fill*         0x0000000006023c08        0x8 
 SLPROG         0x0000000006023c10      0x470 ../../Compiler/SGL_302j/LIB_COFF/LIBSGL.A(sglH02.o)
                0x0000000006024000                smpc_pfr_tbl
                0x0000000006024040                smpc_ptf_tbl
 SLPROG         0x0000000006024080       0x60 ../../Compiler/SGL_302j/LIB_COFF/LIBSGL.A(sglH04.o)
                0x0000000006024080                slComPrmIntBack
                0x0000000006024094                slComPrmSetMemory
                0x00000000060240aa                slComPrmSetTime
 SLPROG         0x00000000060240e0      0x3a4 ../../Compiler/SGL_302j/LIB_COFF/LIBSGL.A(sglI01.o)
                0x00000000060240e0                slInitSynch
                0x00000000060240fa                slSynch
                0x00000000060241f0                slRandom
                0x000000000602420e                PCM_EndCheck
                0x00000000060242ca                RetPCMBuf
                0x0000000006024364                PCM_Buf
                0x0000000006024404                Sound_Buf
 *fill*         0x0000000006024484        0xc 
 SLPROG         0x0000000006024490       0x74 ../../Compiler/SGL_302j/LIB_COFF/LIBSGL.A(sglJ00.o)
                0x0000000006024490                InitSlaveSH
                0x00000000060244f8                SlaveCommand
 *fill*         0x0000000006024504        0xc 
 SLPROG         0x0000000006024510      0x3d0 ../../Compiler/SGL_302j/LIB_COFF/LIBSGL.A(sglJ01.o)
                0x0000000006024510                SlaveControl
                0x00000000060248cc                ErasePolygonData
 SLPROG         0x00000000060248e0     0x12b8 ../../Compiler/SGL_302j/LIB_COFF/LIBSGL.A(sglJ02.o)
                0x00000000060248e0                sbMakePolygon
                0x0000000006024ac8                sbCalcPolygon
                0x0000000006025800                SetTexture
                0x000000000602580c                SetPolygon
                0x0000000006025814                SetPosition
                0x000000000602584c                stvtc_4
                0x0000000006025904                stvtc_3
                0x0000000006025b14                stvtc_1
                0x0000000006025b28                stvtc_2
                0x0000000006025b3c                stvtc_0
 *fill*         0x0000000006025b98        0x8 
 SLPROG         0x0000000006025ba0      0x140 ../../Compiler/SGL_302j/LIB_COFF/LIBSGL.A(sglJ03.o)
                0x0000000006025ba0                sbMakeDMATable
 SLPROG         0x0000000006025ce0      0x470 ../../Compiler/SGL_302j/LIB_COFF/LIBSGL.A(sglJ04.o)
                0x0000000006025d3e                sbMakeSprite
                0x0000000006025da4                sbMakeRotSprite
 SLPROG         0x0000000006026150       0x3c ../../Compiler/SGL_302j/LIB_COFF/LIBSGL.A(sglJ05.o)
                0x0000000006026150                sbSortEntry
 *fill*         0x000000000602618c        0x4 
 SLPROG         0x0000000006026190       0x6a ../../Compiler/SGL_302j/LIB_COFF/LIBSGL.A(sglM01.o)
                0x0000000006026190                slSetDepthLimit
                0x00000000060261bc                slSetDepthTbl
                0x00000000060261ec                DepthWorkArea
 *fill*         0x00000000060261fa        0x6 
 SLPROG         0x0000000006026200       0x20 ../../Compiler/SGL_302j/LIB_COFF/LIBSGL.A(sglA00.o)
                0x0000000006026200                set_imask
                0x0000000006026200                _builtin_set_imask
                0x0000000006026214                get_imask
                0x0000000006026214                _builtin_get_imask
 SLPROG         0x0000000006026220     0x411e ../../Compiler/SGL_302j/LIB_COFF/LIBSGL.A(sglA01.o)
                0x0000000006026220                slSin
                0x0000000006026244                slCos
                0x0000000006026268                GetSinCos
                0x00000000060262fc                sin_cos_index_tbl
                0x000000000602633c                sin_tbl
 *fill*         0x000000000602a33e        0x2 
 SLPROG         0x000000000602a340      0xbd0 ../../Compiler/SGL_302j/LIB_COFF/LIBSGL.A(sglB000.o)
                0x000000000602a340                slInitScroll
                0x000000000602a460                setASC_1to8
                0x000000000602a490                setASC_4to8
                0x000000000602a5a0                TVSizeTbl
                0x000000000602a620                TVModeTbl
                0x000000000602a7f8                SGL_ASCII_CG
 SLPROG         0x000000000602af10       0xd4 ../../Compiler/SGL_302j/LIB_COFF/LIBSGL.A(sglB035.o)
                0x000000000602af10                sl1MapRA
                0x000000000602afa2                rbank_set
 *fill*         0x000000000602afe4        0xc 
 SLPROG         0x000000000602aff0      0x134 ../../Compiler/SGL_302j/LIB_COFF/LIBSGL.A(sglC00.o)
                0x000000000602aff0                slInitSprite
 *fill*         0x000000000602b124        0xc 
 SLPROG         0x000000000602b130      0x75c ../../Compiler/SGL_302j/LIB_COFF/LIBSGL.A(sglI00.o)
                0x000000000602b420                slInitInterrupt
 *fill*         0x000000000602b88c        0x4 
 SLPROG         0x000000000602b890       0xf0 ../../Compiler/SGL_302j/LIB_COFF/LIBSGL.A(sglH03.o)
                0x000000000602b8f4                slSmpcIntBack
                0x000000000602b980                __slprog_end = .

.tors           0x000000000602b980        0x0
                0x000000000602b980                ___ctors = .
 *(.ctors)
                0x000000000602b980                ___ctors_end = .
                0x000000000602b980                ___dtors = .
 *(.dtors)
                0x000000000602b980                ___dtors_end = .

.data           0x000000000602b980      0x624
 *(.data)
 .data          0x000000000602b980        0x0 ../../Compiler/SGL_302j/LIB_COFF/SGLAREA.O
 .data          0x000000000602b980        0xc /tmp/ccmYT6Qb.ltrans0.ltrans.o
 *fill*         0x000000000602b98c        0x4 
 .data          0x000000000602b990        0x0 ../../Compiler/SGL_302j/LIB_COFF/SEGA_SYS.A(sys_exit.o)
 .data          0x000000000602b990        0x0 ../../Compiler/SGL_302j/LIB_COFF/SEGA_SYS.A(sys_sub.o)
 .data          0x000000000602b990        0x0 ../../Compiler/SGL_302j/LIB_COFF/LIBCD.A(CDC_CMN.O)
 .data          0x000000000602b990        0x0 ../../Compiler/SGL_302j/LIB_COFF/LIBCD.A(CDC_CFS.O)
 .data          0x000000000602b990        0x0 ../../Compiler/SGL_302j/LIB_COFF/LIBCD.A(CDC_REG.O)
 .data          0x000000000602b990        0x0 ../../Compiler/SGL_302j/LIB_COFF/LIBCD.A(CDC_SUB.O)
 .data          0x000000000602b990        0x0 ../../Compiler/SGL_302j/LIB_COFF/LIBCD.A(GFS.O)
 .data          0x000000000602b990        0x0 ../../Compiler/SGL_302j/LIB_COFF/LIBCD.A(GFS_BUF.O)
 .data          0x000000000602b990        0x0 ../../Compiler/SGL_302j/LIB_COFF/LIBCD.A(GFS_CDB.O)
 .data          0x000000000602b990        0x0 ../../Compiler/SGL_302j/LIB_COFF/LIBCD.A(GFS_CDC.O)
 .data          0x000000000602b990        0x0 ../../Compiler/SGL_302j/LIB_COFF/LIBCD.A(GFS_CDF.O)
 .data          0x000000000602b990        0x0 ../../Compiler/SGL_302j/LIB_COFF/LIBCD.A(GFS_DIR.O)
 .data          0x000000000602b990        0x0 ../../Compiler/SGL_302j/LIB_COFF/LIBCD.A(GFS_TRN.O)
 .data          0x000000000602b990        0x0 ../../Compiler/SGL_302j/LIB_COFF/LIBCD.A(CDC_DRV.O)
 .data          0x000000000602b990        0x0 ../../Compiler/SGL_302j/LIB_COFF/LIBCD.A(CDC_DEV.O)
 .data          0x000000000602b990        0x0 ../../Compiler/SGL_302j/LIB_COFF/LIBCD.A(CDC_SEL.O)
 .data          0x000000000602b990        0x0 ../../Compiler/SGL_302j/LIB_COFF/LIBCD.A(CDC_BIF.O)
 .data          0x000000000602b990        0x0 ../../Compiler/SGL_302j/LIB_COFF/LIBCD.A(CDC_BIO.O)
 .data          0x000000000602b990        0x0 ../../Compiler/SGL_302j/LIB_COFF/LIBSGL.A(sglA15.o)
 .data          0x000000000602b990        0x0 ../../Compiler/SGL_302j/LIB_COFF/LIBSGL.A(sglA20.o)
 .data          0x000000000602b990        0x0 ../../Compiler/SGL_302j/LIB_COFF/LIBSGL.A(sglA21.o)
 .data          0x000000000602b990        0x0 ../../Compiler/SGL_302j/LIB_COFF/LIBSGL.A(sglA27.o)
 .data          0x000000000602b990        0x0 ../../Compiler/SGL_302j/LIB_COFF/LIBSGL.A(sglB001.o)
 .data          0x000000000602b990        0x0 ../../Compiler/SGL_302j/LIB_COFF/LIBSGL.A(sglB011.o)
 .data          0x000000000602b990        0x0 ../../Compiler/SGL_302j/LIB_COFF/LIBSGL.A(sglB015.o)
 .data          0x000000000602b990        0x0 ../../Compiler/SGL_302j/LIB_COFF/LIBSGL.A(sglB016.o)
 .data          0x000000000602b990        0x0 ../../Compiler/SGL_302j/LIB_COFF/LIBSGL.A(sglB032.o)
 .data          0x000000000602b990        0x0 ../../Compiler/SGL_302j/LIB_COFF/LIBSGL.A(sglB053.o)
 .data          0x000000000602b990        0x0 ../../Compiler/SGL_302j/LIB_COFF/LIBSGL.A(sglB056.o)
 .data          0x000000000602b990        0x0 ../../Compiler/SGL_302j/LIB_COFF/LIBSGL.A(sglB063.o)
 .data          0x000000000602b990        0x0 ../../Compiler/SGL_302j/LIB_COFF/LIBSGL.A(sglB200.o)
 .data          0x000000000602b990        0x0 ../../Compiler/SGL_302j/LIB_COFF/LIBSGL.A(sglC05.o)
 .data          0x000000000602b990        0x0 ../../Compiler/SGL_302j/LIB_COFF/LIBSGL.A(sglC06.o)
 .data          0x000000000602b990        0x0 ../../Compiler/SGL_302j/LIB_COFF/LIBSGL.A(sglC07.o)
 .data          0x000000000602b990        0x0 ../../Compiler/SGL_302j/LIB_COFF/LIBSGL.A(sglC08.o)
 .data          0x000000000602b990        0x0 ../../Compiler/SGL_302j/LIB_COFF/LIBSGL.A(sglC20.o)
 .data          0x000000000602b990        0x0 ../../Compiler/SGL_302j/LIB_COFF/LIBSGL.A(sglD00.o)
 .data          0x000000000602b990        0x0 ../../Compiler/SGL_302j/LIB_COFF/LIBSGL.A(sglD01.o)
 .data          0x000000000602b990        0x0 ../../Compiler/SGL_302j/LIB_COFF/LIBSGL.A(sglD03.o)
 .data          0x000000000602b990        0x0 ../../Compiler/SGL_302j/LIB_COFF/LIBSGL.A(sglD15.o)
 .data          0x000000000602b990        0x0 ../../Compiler/SGL_302j/LIB_COFF/LIBSGL.A(sglD16.o)
 .data          0x000000000602b990        0x0 ../../Compiler/SGL_302j/LIB_COFF/LIBSGL.A(sglD17.o)
 .data          0x000000000602b990        0x0 ../../Compiler/SGL_302j/LIB_COFF/LIBSGL.A(sglD18.o)
 .data          0x000000000602b990        0x0 ../../Compiler/SGL_302j/LIB_COFF/LIBSGL.A(sglF00.o)
 .data          0x000000000602b990        0x0 ../../Compiler/SGL_302j/LIB_COFF/LIBSGL.A(sglF05.o)
 .data          0x000000000602b990        0x0 ../../Compiler/SGL_302j/LIB_COFF/LIBSGL.A(sglH00.o)
 .data          0x000000000602b990        0x0 ../../Compiler/SGL_302j/LIB_COFF/LIBSGL.A(sglH01.o)
 .data          0x000000000602b990        0x0 ../../Compiler/SGL_302j/LIB_COFF/LIBSGL.A(sglH02.o)
 .data          0x000000000602b990        0x0 ../../Compiler/SGL_302j/LIB_COFF/LIBSGL.A(sglH04.o)
 .data          0x000000000602b990        0x0 ../../Compiler/SGL_302j/LIB_COFF/LIBSGL.A(sglI01.o)
 .data          0x000000000602b990       0x80 ../../Compiler/SGL_302j/LIB_COFF/LIBSGL.A(sglIc0.o)
                0x000000000602b990                IntPrioMask
 .data          0x000000000602ba10        0x0 ../../Compiler/SGL_302j/LIB_COFF/LIBSGL.A(sglJ00.o)
 .data          0x000000000602ba10        0x0 ../../Compiler/SGL_302j/LIB_COFF/LIBSGL.A(sglJ01.o)
 .data          0x000000000602ba10        0x0 ../../Compiler/SGL_302j/LIB_COFF/LIBSGL.A(sglJ02.o)
 .data          0x000000000602ba10        0x0 ../../Compiler/SGL_302j/LIB_COFF/LIBSGL.A(sglJ03.o)
 .data          0x000000000602ba10        0x0 ../../Compiler/SGL_302j/LIB_COFF/LIBSGL.A(sglJ04.o)
 .data          0x000000000602ba10        0x0 ../../Compiler/SGL_302j/LIB_COFF/LIBSGL.A(sglJ05.o)
 .data          0x000000000602ba10        0x0 ../../Compiler/SGL_302j/LIB_COFF/LIBSGL.A(sglK01.o)
 .data          0x000000000602ba10        0x0 ../../Compiler/SGL_302j/LIB_COFF/LIBSGL.A(sglM01.o)
 .data          0x000000000602ba10        0x0 ../../Compiler/SGL_302j/LIB_COFF/LIBSGL.A(sglA00.o)
 .data          0x000000000602ba10        0x0 ../../Compiler/SGL_302j/LIB_COFF/LIBSGL.A(sglA01.o)
 .data          0x000000000602ba10        0x0 ../../Compiler/SGL_302j/LIB_COFF/LIBSGL.A(sglB000.o)
 .data          0x000000000602ba10        0x0 ../../Compiler/SGL_302j/LIB_COFF/LIBSGL.A(sglB035.o)
 .data          0x000000000602ba10        0x0 ../../Compiler/SGL_302j/LIB_COFF/LIBSGL.A(sglC00.o)
 .data          0x000000000602ba10        0x0 ../../Compiler/SGL_302j/LIB_COFF/LIBSGL.A(sglI00.o)
 .data          0x000000000602ba10        0x0 ../../Compiler/SGL_302j/LIB_COFF/LIBSGL.A(sglH03.o)
 .data          0x000000000602ba10        0x0 /home/sansigolo/Documents/joengine/Compiler/SH_NONE_ELF/bin/../lib/gcc/sh-none-elf/8.2.0/libgcc.a(_ashiftrt.o)
 .data          0x000000000602ba10        0x0 /home/sansigolo/Documents/joengine/Compiler/SH_NONE_ELF/bin/../lib/gcc/sh-none-elf/8.2.0/libgcc.a(_sdivsi3.o)
 .data          0x000000000602ba10        0x0 /home/sansigolo/Documents/joengine/Compiler/SH_NONE_ELF/bin/../lib/gcc/sh-none-elf/8.2.0/libgcc.a(_udivsi3.o)
 .data          0x000000000602ba10        0x0 /home/sansigolo/Documents/joengine/Compiler/SH_NONE_ELF/bin/../lib/gcc/sh-none-elf/8.2.0/libgcc.a(_mul_sf.o)
 .data          0x000000000602ba10        0x0 /home/sansigolo/Documents/joengine/Compiler/SH_NONE_ELF/bin/../lib/gcc/sh-none-elf/8.2.0/libgcc.a(_div_sf.o)
 .data          0x000000000602ba10        0x0 /home/sansigolo/Documents/joengine/Compiler/SH_NONE_ELF/bin/../lib/gcc/sh-none-elf/8.2.0/libgcc.a(_sf_to_si.o)
 .data          0x000000000602ba10        0x0 /home/sansigolo/Documents/joengine/Compiler/SH_NONE_ELF/bin/../lib/gcc/sh-none-elf/8.2.0/libgcc.a(_thenan_sf.o)
 .data          0x000000000602ba10        0x0 /home/sansigolo/Documents/joengine/Compiler/SH_NONE_ELF/bin/../lib/gcc/sh-none-elf/8.2.0/libgcc.a(_usi_to_sf.o)
 .data          0x000000000602ba10        0x0 /home/sansigolo/Documents/joengine/Compiler/SH_NONE_ELF/bin/../lib/gcc/sh-none-elf/8.2.0/libgcc.a(_pack_sf.o)
 .data          0x000000000602ba10        0x0 /home/sansigolo/Documents/joengine/Compiler/SH_NONE_ELF/bin/../lib/gcc/sh-none-elf/8.2.0/libgcc.a(_unpack_sf.o)
 .data          0x000000000602ba10        0x0 /home/sansigolo/Documents/joengine/Compiler/SH_NONE_ELF/bin/../lib/gcc/sh-none-elf/8.2.0/../../../../sh-none-elf/lib/libc.a(lib_a-memcmp.o)
 .data          0x000000000602ba10        0x0 /home/sansigolo/Documents/joengine/Compiler/SH_NONE_ELF/bin/../lib/gcc/sh-none-elf/8.2.0/../../../../sh-none-elf/lib/libc.a(lib_a-memcpy.o)
 .data          0x000000000602ba10        0x0 /home/sansigolo/Documents/joengine/Compiler/SH_NONE_ELF/bin/../lib/gcc/sh-none-elf/8.2.0/../../../../sh-none-elf/lib/libc.a(lib_a-memset.o)
 .data          0x000000000602ba10        0x0 /home/sansigolo/Documents/joengine/Compiler/SH_NONE_ELF/bin/../lib/gcc/sh-none-elf/8.2.0/../../../../sh-none-elf/lib/libc.a(lib_a-sprintf.o)
 .data          0x000000000602ba10        0x0 /home/sansigolo/Documents/joengine/Compiler/SH_NONE_ELF/bin/../lib/gcc/sh-none-elf/8.2.0/../../../../sh-none-elf/lib/libc.a(lib_a-strncmp.o)
 .data          0x000000000602ba10        0x0 /home/sansigolo/Documents/joengine/Compiler/SH_NONE_ELF/bin/../lib/gcc/sh-none-elf/8.2.0/../../../../sh-none-elf/lib/libc.a(lib_a-strncpy.o)
 .data          0x000000000602ba10        0x0 /home/sansigolo/Documents/joengine/Compiler/SH_NONE_ELF/bin/../lib/gcc/sh-none-elf/8.2.0/../../../../sh-none-elf/lib/libc.a(lib_a-svfprintf.o)
 .data          0x000000000602ba10        0x0 /home/sansigolo/Documents/joengine/Compiler/SH_NONE_ELF/bin/../lib/gcc/sh-none-elf/8.2.0/../../../../sh-none-elf/lib/libc.a(lib_a-dtoa.o)
 .data          0x000000000602ba10      0x428 /home/sansigolo/Documents/joengine/Compiler/SH_NONE_ELF/bin/../lib/gcc/sh-none-elf/8.2.0/../../../../sh-none-elf/lib/libc.a(lib_a-impure.o)
                0x000000000602ba10                _impure_ptr
 .data          0x000000000602be38        0x0 /home/sansigolo/Documents/joengine/Compiler/SH_NONE_ELF/bin/../lib/gcc/sh-none-elf/8.2.0/../../../../sh-none-elf/lib/libc.a(lib_a-localeconv.o)
 .data          0x000000000602be38      0x16c /home/sansigolo/Documents/joengine/Compiler/SH_NONE_ELF/bin/../lib/gcc/sh-none-elf/8.2.0/../../../../sh-none-elf/lib/libc.a(lib_a-locale.o)
                0x000000000602be38                __global_locale
 .data          0x000000000602bfa4        0x0 /home/sansigolo/Documents/joengine/Compiler/SH_NONE_ELF/bin/../lib/gcc/sh-none-elf/8.2.0/../../../../sh-none-elf/lib/libc.a(lib_a-mbtowc_r.o)
 .data          0x000000000602bfa4        0x0 /home/sansigolo/Documents/joengine/Compiler/SH_NONE_ELF/bin/../lib/gcc/sh-none-elf/8.2.0/../../../../sh-none-elf/lib/libc.a(lib_a-memchr.o)
 .data          0x000000000602bfa4        0x0 /home/sansigolo/Documents/joengine/Compiler/SH_NONE_ELF/bin/../lib/gcc/sh-none-elf/8.2.0/../../../../sh-none-elf/lib/libc.a(lib_a-mprec.o)
 .data          0x000000000602bfa4        0x0 /home/sansigolo/Documents/joengine/Compiler/SH_NONE_ELF/bin/../lib/gcc/sh-none-elf/8.2.0/../../../../sh-none-elf/lib/libc.a(lib_a-nano-callocr.o)
 .data          0x000000000602bfa4        0x0 /home/sansigolo/Documents/joengine/Compiler/SH_NONE_ELF/bin/../lib/gcc/sh-none-elf/8.2.0/../../../../sh-none-elf/lib/libc.a(lib_a-nano-mallocr.o)
 .data          0x000000000602bfa4        0x0 /home/sansigolo/Documents/joengine/Compiler/SH_NONE_ELF/bin/../lib/gcc/sh-none-elf/8.2.0/../../../../sh-none-elf/lib/libc.a(lib_a-sbrkr.o)
 .data          0x000000000602bfa4        0x0 /home/sansigolo/Documents/joengine/Compiler/SH_NONE_ELF/bin/../lib/gcc/sh-none-elf/8.2.0/../../../../sh-none-elf/lib/libc.a(lib_a-strcmp.o)
 .data          0x000000000602bfa4        0x0 /home/sansigolo/Documents/joengine/Compiler/SH_NONE_ELF/bin/../lib/gcc/sh-none-elf/8.2.0/../../../../sh-none-elf/lib/libc.a(lib_a-strlen.o)
 .data          0x000000000602bfa4        0x0 /home/sansigolo/Documents/joengine/Compiler/SH_NONE_ELF/bin/../lib/gcc/sh-none-elf/8.2.0/../../../../sh-none-elf/lib/libc.a(lib_a-svfiprintf.o)
 .data          0x000000000602bfa4        0x0 /home/sansigolo/Documents/joengine/Compiler/SH_NONE_ELF/bin/../lib/gcc/sh-none-elf/8.2.0/../../../../sh-none-elf/lib/libc.a(lib_a-syscalls.o)
 .data          0x000000000602bfa4        0x0 /home/sansigolo/Documents/joengine/Compiler/SH_NONE_ELF/bin/../lib/gcc/sh-none-elf/8.2.0/../../../../sh-none-elf/lib/libc.a(lib_a-trap.o)
 .data          0x000000000602bfa4        0x0 /home/sansigolo/Documents/joengine/Compiler/SH_NONE_ELF/bin/../lib/gcc/sh-none-elf/8.2.0/../../../../sh-none-elf/lib/libc.a(lib_a-wctomb_r.o)
 .data          0x000000000602bfa4        0x0 /home/sansigolo/Documents/joengine/Compiler/SH_NONE_ELF/bin/../lib/gcc/sh-none-elf/8.2.0/../../../../sh-none-elf/lib/libc.a(lib_a-abort.o)
 .data          0x000000000602bfa4        0x0 /home/sansigolo/Documents/joengine/Compiler/SH_NONE_ELF/bin/../lib/gcc/sh-none-elf/8.2.0/../../../../sh-none-elf/lib/libc.a(lib_a-ctype_.o)
 .data          0x000000000602bfa4        0x0 /home/sansigolo/Documents/joengine/Compiler/SH_NONE_ELF/bin/../lib/gcc/sh-none-elf/8.2.0/../../../../sh-none-elf/lib/libc.a(lib_a-memmove.o)
 .data          0x000000000602bfa4        0x0 /home/sansigolo/Documents/joengine/Compiler/SH_NONE_ELF/bin/../lib/gcc/sh-none-elf/8.2.0/../../../../sh-none-elf/lib/libc.a(lib_a-mlock.o)
 .data          0x000000000602bfa4        0x0 /home/sansigolo/Documents/joengine/Compiler/SH_NONE_ELF/bin/../lib/gcc/sh-none-elf/8.2.0/../../../../sh-none-elf/lib/libc.a(lib_a-nano-freer.o)
 .data          0x000000000602bfa4        0x0 /home/sansigolo/Documents/joengine/Compiler/SH_NONE_ELF/bin/../lib/gcc/sh-none-elf/8.2.0/../../../../sh-none-elf/lib/libc.a(lib_a-nano-reallocr.o)
 .data          0x000000000602bfa4        0x0 /home/sansigolo/Documents/joengine/Compiler/SH_NONE_ELF/bin/../lib/gcc/sh-none-elf/8.2.0/../../../../sh-none-elf/lib/libc.a(lib_a-signal.o)
 .data          0x000000000602bfa4        0x0 /home/sansigolo/Documents/joengine/Compiler/SH_NONE_ELF/bin/../lib/gcc/sh-none-elf/8.2.0/../../../../sh-none-elf/lib/libc.a(lib_a-signalr.o)
 .data          0x000000000602bfa4        0x0 /home/sansigolo/Documents/joengine/Compiler/SH_NONE_ELF/bin/../lib/gcc/sh-none-elf/8.2.0/../../../../sh-none-elf/lib/libc.a(lib_a-nano-msizer.o)
 .data          0x000000000602bfa4        0x0 /home/sansigolo/Documents/joengine/Compiler/SH_NONE_ELF/bin/../lib/gcc/sh-none-elf/8.2.0/libgcc.a(_ashiftrt_n.o)
 .data          0x000000000602bfa4        0x0 /home/sansigolo/Documents/joengine/Compiler/SH_NONE_ELF/bin/../lib/gcc/sh-none-elf/8.2.0/libgcc.a(_ashiftlt.o)
 .data          0x000000000602bfa4        0x0 /home/sansigolo/Documents/joengine/Compiler/SH_NONE_ELF/bin/../lib/gcc/sh-none-elf/8.2.0/libgcc.a(_lshiftrt.o)
 .data          0x000000000602bfa4        0x0 /home/sansigolo/Documents/joengine/Compiler/SH_NONE_ELF/bin/../lib/gcc/sh-none-elf/8.2.0/libgcc.a(_udivdi3.o)
 .data          0x000000000602bfa4        0x0 /home/sansigolo/Documents/joengine/Compiler/SH_NONE_ELF/bin/../lib/gcc/sh-none-elf/8.2.0/libgcc.a(_umoddi3.o)
 .data          0x000000000602bfa4        0x0 /home/sansigolo/Documents/joengine/Compiler/SH_NONE_ELF/bin/../lib/gcc/sh-none-elf/8.2.0/libgcc.a(_addsub_df.o)
 .data          0x000000000602bfa4        0x0 /home/sansigolo/Documents/joengine/Compiler/SH_NONE_ELF/bin/../lib/gcc/sh-none-elf/8.2.0/libgcc.a(_mul_df.o)
 .data          0x000000000602bfa4        0x0 /home/sansigolo/Documents/joengine/Compiler/SH_NONE_ELF/bin/../lib/gcc/sh-none-elf/8.2.0/libgcc.a(_div_df.o)
 .data          0x000000000602bfa4        0x0 /home/sansigolo/Documents/joengine/Compiler/SH_NONE_ELF/bin/../lib/gcc/sh-none-elf/8.2.0/libgcc.a(_eq_df.o)
 .data          0x000000000602bfa4        0x0 /home/sansigolo/Documents/joengine/Compiler/SH_NONE_ELF/bin/../lib/gcc/sh-none-elf/8.2.0/libgcc.a(_ne_df.o)
 .data          0x000000000602bfa4        0x0 /home/sansigolo/Documents/joengine/Compiler/SH_NONE_ELF/bin/../lib/gcc/sh-none-elf/8.2.0/libgcc.a(_gt_df.o)
 .data          0x000000000602bfa4        0x0 /home/sansigolo/Documents/joengine/Compiler/SH_NONE_ELF/bin/../lib/gcc/sh-none-elf/8.2.0/libgcc.a(_ge_df.o)
 .data          0x000000000602bfa4        0x0 /home/sansigolo/Documents/joengine/Compiler/SH_NONE_ELF/bin/../lib/gcc/sh-none-elf/8.2.0/libgcc.a(_lt_df.o)
 .data          0x000000000602bfa4        0x0 /home/sansigolo/Documents/joengine/Compiler/SH_NONE_ELF/bin/../lib/gcc/sh-none-elf/8.2.0/libgcc.a(_le_df.o)
 .data          0x000000000602bfa4        0x0 /home/sansigolo/Documents/joengine/Compiler/SH_NONE_ELF/bin/../lib/gcc/sh-none-elf/8.2.0/libgcc.a(_unord_df.o)
 .data          0x000000000602bfa4        0x0 /home/sansigolo/Documents/joengine/Compiler/SH_NONE_ELF/bin/../lib/gcc/sh-none-elf/8.2.0/libgcc.a(_si_to_df.o)
 .data          0x000000000602bfa4        0x0 /home/sansigolo/Documents/joengine/Compiler/SH_NONE_ELF/bin/../lib/gcc/sh-none-elf/8.2.0/libgcc.a(_df_to_si.o)
 .data          0x000000000602bfa4        0x0 /home/sansigolo/Documents/joengine/Compiler/SH_NONE_ELF/bin/../lib/gcc/sh-none-elf/8.2.0/libgcc.a(_thenan_df.o)
 .data          0x000000000602bfa4        0x0 /home/sansigolo/Documents/joengine/Compiler/SH_NONE_ELF/bin/../lib/gcc/sh-none-elf/8.2.0/libgcc.a(_usi_to_df.o)
 .data          0x000000000602bfa4        0x0 /home/sansigolo/Documents/joengine/Compiler/SH_NONE_ELF/bin/../lib/gcc/sh-none-elf/8.2.0/libgcc.a(_udiv_qrnnd_16.o)
 .data          0x000000000602bfa4        0x0 /home/sansigolo/Documents/joengine/Compiler/SH_NONE_ELF/bin/../lib/gcc/sh-none-elf/8.2.0/libgcc.a(_clz.o)
 .data          0x000000000602bfa4        0x0 /home/sansigolo/Documents/joengine/Compiler/SH_NONE_ELF/bin/../lib/gcc/sh-none-elf/8.2.0/libgcc.a(_clzsi2.o)
 .data          0x000000000602bfa4        0x0 /home/sansigolo/Documents/joengine/Compiler/SH_NONE_ELF/bin/../lib/gcc/sh-none-elf/8.2.0/libgcc.a(_pack_df.o)
 .data          0x000000000602bfa4        0x0 /home/sansigolo/Documents/joengine/Compiler/SH_NONE_ELF/bin/../lib/gcc/sh-none-elf/8.2.0/libgcc.a(_unpack_df.o)
 .data          0x000000000602bfa4        0x0 /home/sansigolo/Documents/joengine/Compiler/SH_NONE_ELF/bin/../lib/gcc/sh-none-elf/8.2.0/libgcc.a(_fpcmp_parts_df.o)
                0x000000000602bfa4                __edata = .

.bss            0x000000000602bfb0    0x82f1c
                0x000000000602bfb0                __bstart = .
 *(.bss)
 .bss           0x000000000602bfb0        0x0 ../../Compiler/SGL_302j/LIB_COFF/SGLAREA.O
 .bss           0x000000000602bfb0    0x82e98 /tmp/ccmYT6Qb.ltrans0.ltrans.o
 *fill*         0x00000000060aee48        0x8 
 .bss           0x00000000060aee50        0x4 ../../Compiler/SGL_302j/LIB_COFF/SEGA_SYS.A(sys_exit.o)
 *fill*         0x00000000060aee54        0xc 
 .bss           0x00000000060aee60        0x0 ../../Compiler/SGL_302j/LIB_COFF/SEGA_SYS.A(sys_sub.o)
 .bss           0x00000000060aee60        0x0 ../../Compiler/SGL_302j/LIB_COFF/LIBCD.A(CDC_CMN.O)
 .bss           0x00000000060aee60        0x0 ../../Compiler/SGL_302j/LIB_COFF/LIBCD.A(CDC_CFS.O)
 .bss           0x00000000060aee60        0x2 ../../Compiler/SGL_302j/LIB_COFF/LIBCD.A(CDC_REG.O)
 *fill*         0x00000000060aee62        0xe 
 .bss           0x00000000060aee70        0xc ../../Compiler/SGL_302j/LIB_COFF/LIBCD.A(CDC_SUB.O)
 *fill*         0x00000000060aee7c        0x4 
 .bss           0x00000000060aee80        0x0 ../../Compiler/SGL_302j/LIB_COFF/LIBCD.A(GFS.O)
 .bss           0x00000000060aee80        0x0 ../../Compiler/SGL_302j/LIB_COFF/LIBCD.A(GFS_BUF.O)
 .bss           0x00000000060aee80        0x0 ../../Compiler/SGL_302j/LIB_COFF/LIBCD.A(GFS_CDB.O)
 .bss           0x00000000060aee80        0x0 ../../Compiler/SGL_302j/LIB_COFF/LIBCD.A(GFS_CDC.O)
 .bss           0x00000000060aee80        0x0 ../../Compiler/SGL_302j/LIB_COFF/LIBCD.A(GFS_CDF.O)
 .bss           0x00000000060aee80        0x0 ../../Compiler/SGL_302j/LIB_COFF/LIBCD.A(GFS_DIR.O)
 .bss           0x00000000060aee80        0xc ../../Compiler/SGL_302j/LIB_COFF/LIBCD.A(GFS_TRN.O)
 *fill*         0x00000000060aee8c        0x4 
 .bss           0x00000000060aee90        0x0 ../../Compiler/SGL_302j/LIB_COFF/LIBCD.A(CDC_DRV.O)
 .bss           0x00000000060aee90        0x0 ../../Compiler/SGL_302j/LIB_COFF/LIBCD.A(CDC_DEV.O)
 .bss           0x00000000060aee90        0x0 ../../Compiler/SGL_302j/LIB_COFF/LIBCD.A(CDC_SEL.O)
 .bss           0x00000000060aee90        0x0 ../../Compiler/SGL_302j/LIB_COFF/LIBCD.A(CDC_BIF.O)
 .bss           0x00000000060aee90        0x0 ../../Compiler/SGL_302j/LIB_COFF/LIBCD.A(CDC_BIO.O)
 .bss           0x00000000060aee90        0x0 ../../Compiler/SGL_302j/LIB_COFF/LIBSGL.A(sglA15.o)
 .bss           0x00000000060aee90        0x0 ../../Compiler/SGL_302j/LIB_COFF/LIBSGL.A(sglA20.o)
 .bss           0x00000000060aee90        0x0 ../../Compiler/SGL_302j/LIB_COFF/LIBSGL.A(sglA21.o)
 .bss           0x00000000060aee90        0x0 ../../Compiler/SGL_302j/LIB_COFF/LIBSGL.A(sglA27.o)
 .bss           0x00000000060aee90        0x0 ../../Compiler/SGL_302j/LIB_COFF/LIBSGL.A(sglB001.o)
 .bss           0x00000000060aee90        0x0 ../../Compiler/SGL_302j/LIB_COFF/LIBSGL.A(sglB011.o)
 .bss           0x00000000060aee90        0x0 ../../Compiler/SGL_302j/LIB_COFF/LIBSGL.A(sglB015.o)
 .bss           0x00000000060aee90        0x0 ../../Compiler/SGL_302j/LIB_COFF/LIBSGL.A(sglB016.o)
 .bss           0x00000000060aee90        0x0 ../../Compiler/SGL_302j/LIB_COFF/LIBSGL.A(sglB032.o)
 .bss           0x00000000060aee90        0x0 ../../Compiler/SGL_302j/LIB_COFF/LIBSGL.A(sglB053.o)
 .bss           0x00000000060aee90        0x0 ../../Compiler/SGL_302j/LIB_COFF/LIBSGL.A(sglB056.o)
 .bss           0x00000000060aee90        0x0 ../../Compiler/SGL_302j/LIB_COFF/LIBSGL.A(sglB063.o)
 .bss           0x00000000060aee90        0x0 ../../Compiler/SGL_302j/LIB_COFF/LIBSGL.A(sglB200.o)
 .bss           0x00000000060aee90        0x0 ../../Compiler/SGL_302j/LIB_COFF/LIBSGL.A(sglC05.o)
 .bss           0x00000000060aee90        0x0 ../../Compiler/SGL_302j/LIB_COFF/LIBSGL.A(sglC06.o)
 .bss           0x00000000060aee90        0x0 ../../Compiler/SGL_302j/LIB_COFF/LIBSGL.A(sglC07.o)
 .bss           0x00000000060aee90        0x0 ../../Compiler/SGL_302j/LIB_COFF/LIBSGL.A(sglC08.o)
 .bss           0x00000000060aee90        0x0 ../../Compiler/SGL_302j/LIB_COFF/LIBSGL.A(sglC20.o)
 .bss           0x00000000060aee90        0x0 ../../Compiler/SGL_302j/LIB_COFF/LIBSGL.A(sglD00.o)
 .bss           0x00000000060aee90        0x0 ../../Compiler/SGL_302j/LIB_COFF/LIBSGL.A(sglD01.o)
 .bss           0x00000000060aee90        0x0 ../../Compiler/SGL_302j/LIB_COFF/LIBSGL.A(sglD03.o)
 .bss           0x00000000060aee90        0x0 ../../Compiler/SGL_302j/LIB_COFF/LIBSGL.A(sglD15.o)
 .bss           0x00000000060aee90        0x0 ../../Compiler/SGL_302j/LIB_COFF/LIBSGL.A(sglD16.o)
 .bss           0x00000000060aee90        0x0 ../../Compiler/SGL_302j/LIB_COFF/LIBSGL.A(sglD17.o)
 .bss           0x00000000060aee90        0x0 ../../Compiler/SGL_302j/LIB_COFF/LIBSGL.A(sglD18.o)
 .bss           0x00000000060aee90        0x0 ../../Compiler/SGL_302j/LIB_COFF/LIBSGL.A(sglF00.o)
 .bss           0x00000000060aee90        0x0 ../../Compiler/SGL_302j/LIB_COFF/LIBSGL.A(sglF05.o)
 .bss           0x00000000060aee90        0x0 ../../Compiler/SGL_302j/LIB_COFF/LIBSGL.A(sglH00.o)
 .bss           0x00000000060aee90        0x0 ../../Compiler/SGL_302j/LIB_COFF/LIBSGL.A(sglH01.o)
 .bss           0x00000000060aee90        0x0 ../../Compiler/SGL_302j/LIB_COFF/LIBSGL.A(sglH02.o)
 .bss           0x00000000060aee90        0x0 ../../Compiler/SGL_302j/LIB_COFF/LIBSGL.A(sglH04.o)
 .bss           0x00000000060aee90        0x0 ../../Compiler/SGL_302j/LIB_COFF/LIBSGL.A(sglI01.o)
 .bss           0x00000000060aee90        0x0 ../../Compiler/SGL_302j/LIB_COFF/LIBSGL.A(sglIc0.o)
 .bss           0x00000000060aee90        0x0 ../../Compiler/SGL_302j/LIB_COFF/LIBSGL.A(sglJ00.o)
 .bss           0x00000000060aee90        0x0 ../../Compiler/SGL_302j/LIB_COFF/LIBSGL.A(sglJ01.o)
 .bss           0x00000000060aee90        0x0 ../../Compiler/SGL_302j/LIB_COFF/LIBSGL.A(sglJ02.o)
 .bss           0x00000000060aee90        0x0 ../../Compiler/SGL_302j/LIB_COFF/LIBSGL.A(sglJ03.o)
 .bss           0x00000000060aee90        0x0 ../../Compiler/SGL_302j/LIB_COFF/LIBSGL.A(sglJ04.o)
 .bss           0x00000000060aee90        0x0 ../../Compiler/SGL_302j/LIB_COFF/LIBSGL.A(sglJ05.o)
 .bss           0x00000000060aee90        0x0 ../../Compiler/SGL_302j/LIB_COFF/LIBSGL.A(sglK01.o)
 .bss           0x00000000060aee90        0x0 ../../Compiler/SGL_302j/LIB_COFF/LIBSGL.A(sglM01.o)
 .bss           0x00000000060aee90        0x0 ../../Compiler/SGL_302j/LIB_COFF/LIBSGL.A(sglA00.o)
 .bss           0x00000000060aee90        0x0 ../../Compiler/SGL_302j/LIB_COFF/LIBSGL.A(sglA01.o)
 .bss           0x00000000060aee90        0x0 ../../Compiler/SGL_302j/LIB_COFF/LIBSGL.A(sglB000.o)
 .bss           0x00000000060aee90        0x0 ../../Compiler/SGL_302j/LIB_COFF/LIBSGL.A(sglB035.o)
 .bss           0x00000000060aee90        0x0 ../../Compiler/SGL_302j/LIB_COFF/LIBSGL.A(sglC00.o)