Archive member included to satisfy reference by file (symbol)

../../Compiler/SGL_302j/LIB_COFF/SEGA_SYS.A(sys_exit.o)
                              ../../jo_engine/core.o (symbol from plugin) (SYS_Exit)
../../Compiler/SGL_302j/LIB_COFF/SEGA_SYS.A(sys_sub.o)
                              ../../Compiler/SGL_302j/LIB_COFF/SEGA_SYS.A(sys_exit.o) (SYSUB_SetStackptr)
../../Compiler/SGL_302j/LIB_COFF/LIBCD.A(CDC_CMN.O)
                              ../../Compiler/SGL_302j/LIB_COFF/SEGA_SYS.A(sys_exit.o) (CDC_GetCurStat)
../../Compiler/SGL_302j/LIB_COFF/LIBCD.A(CDC_CFS.O)
                              ../../Compiler/SGL_302j/LIB_COFF/SEGA_SYS.A(sys_exit.o) (CDC_ChgDir)
../../Compiler/SGL_302j/LIB_COFF/LIBCD.A(CDC_REG.O)
                              ../../Compiler/SGL_302j/LIB_COFF/SEGA_SYS.A(sys_exit.o) (CDC_GetHirqReq)
../../Compiler/SGL_302j/LIB_COFF/LIBCD.A(CDC_SUB.O)
                              ../../Compiler/SGL_302j/LIB_COFF/LIBCD.A(CDC_CMN.O) (CDSUB_UpdStatus)
../../Compiler/SGL_302j/LIB_COFF/LIBCD.A(GFS.O)
                              ../../jo_engine/fs.o (symbol from plugin) (GFS_Init)
../../Compiler/SGL_302j/LIB_COFF/LIBCD.A(GFS_BUF.O)
                              ../../Compiler/SGL_302j/LIB_COFF/LIBCD.A(GFS.O) (GFBF_GetNumData)
../../Compiler/SGL_302j/LIB_COFF/LIBCD.A(GFS_CDB.O)
                              ../../Compiler/SGL_302j/LIB_COFF/LIBCD.A(GFS.O) (GFCB_Close)
../../Compiler/SGL_302j/LIB_COFF/LIBCD.A(GFS_CDC.O)
                              ../../Compiler/SGL_302j/LIB_COFF/LIBCD.A(GFS.O) (GFCD_SetCdbfs)
../../Compiler/SGL_302j/LIB_COFF/LIBCD.A(GFS_CDF.O)
                              ../../Compiler/SGL_302j/LIB_COFF/LIBCD.A(GFS.O) (GFCF_Init)
../../Compiler/SGL_302j/LIB_COFF/LIBCD.A(GFS_DIR.O)
                              ../../Compiler/SGL_302j/LIB_COFF/LIBCD.A(GFS.O) (GFDR_SetupDirTbl)
../../Compiler/SGL_302j/LIB_COFF/LIBCD.A(GFS_TRN.O)
                              ../../Compiler/SGL_302j/LIB_COFF/LIBCD.A(GFS.O) (GFTR_Setup)
../../Compiler/SGL_302j/LIB_COFF/LIBCD.A(CDC_DRV.O)
                              ../../Compiler/SGL_302j/LIB_COFF/LIBCD.A(GFS_CDC.O) (CDC_CdPlay)
../../Compiler/SGL_302j/LIB_COFF/LIBCD.A(CDC_DEV.O)
                              ../../Compiler/SGL_302j/LIB_COFF/LIBCD.A(GFS_CDC.O) (CDC_CdSetCon)
../../Compiler/SGL_302j/LIB_COFF/LIBCD.A(CDC_SEL.O)
                              ../../Compiler/SGL_302j/LIB_COFF/LIBCD.A(GFS_CDC.O) (CDC_SetFiltRange)
../../Compiler/SGL_302j/LIB_COFF/LIBCD.A(CDC_BIF.O)
                              ../../Compiler/SGL_302j/LIB_COFF/LIBCD.A(GFS_CDC.O) (CDC_GetBufSiz)
../../Compiler/SGL_302j/LIB_COFF/LIBCD.A(CDC_BIO.O)
                              ../../Compiler/SGL_302j/LIB_COFF/LIBCD.A(GFS_CDC.O) (CDC_SetSctLen)
../../Compiler/SGL_302j/LIB_COFF/LIBSGL.A(sglA15.o)
                              ../../jo_engine/core.o (symbol from plugin) (slSlaveFunc)
../../Compiler/SGL_302j/LIB_COFF/LIBSGL.A(sglA20.o)
                              ../../jo_engine/core.o (symbol from plugin) (slUnitMatrix)
../../Compiler/SGL_302j/LIB_COFF/LIBSGL.A(sglA21.o)
                              ../../jo_engine/map.o (symbol from plugin) (slPushMatrix)
../../Compiler/SGL_302j/LIB_COFF/LIBSGL.A(sglA27.o)
                              ../../jo_engine/map.o (symbol from plugin) (slTranslate)
../../Compiler/SGL_302j/LIB_COFF/LIBSGL.A(sglB001.o)
                              ../../jo_engine/core.o (symbol from plugin) (slTVOn)
../../Compiler/SGL_302j/LIB_COFF/LIBSGL.A(sglB011.o)
                              ../../jo_engine/core.o (symbol from plugin) (slBitMapNbg1)
../../Compiler/SGL_302j/LIB_COFF/LIBSGL.A(sglB015.o)
                              ../../jo_engine/core.o (symbol from plugin) (slScrAutoDisp)
../../Compiler/SGL_302j/LIB_COFF/LIBSGL.A(sglB016.o)
                              ../../jo_engine/core.o (symbol from plugin) (slBack1ColSet)
../../Compiler/SGL_302j/LIB_COFF/LIBSGL.A(sglB032.o)
                              ../../jo_engine/core.o (symbol from plugin) (slMapNbg1)
../../Compiler/SGL_302j/LIB_COFF/LIBSGL.A(sglB053.o)
                              ../../jo_engine/core.o (symbol from plugin) (slZoomNbg1)
../../Compiler/SGL_302j/LIB_COFF/LIBSGL.A(sglB056.o)
                              ../../jo_engine/core.o (symbol from plugin) (slPlaneNbg1)
../../Compiler/SGL_302j/LIB_COFF/LIBSGL.A(sglB063.o)
                              ../../jo_engine/core.o (symbol from plugin) (slPriority)
../../Compiler/SGL_302j/LIB_COFF/LIBSGL.A(sglB200.o)
                              ../../jo_engine/core.o (symbol from plugin) (slCharNbg0)
../../Compiler/SGL_302j/LIB_COFF/LIBSGL.A(sglC05.o)
                              ../../jo_engine/sprites.o (symbol from plugin) (slSetSprite)
../../Compiler/SGL_302j/LIB_COFF/LIBSGL.A(sglC06.o)
                              ../../jo_engine/sprites.o (symbol from plugin) (slDispSprite)
../../Compiler/SGL_302j/LIB_COFF/LIBSGL.A(sglC07.o)
                              ../../jo_engine/sprites.o (symbol from plugin) (slPutSprite)
[...]
Memory Configuration

Name             Origin             Length             Attributes
*default*        0x0000000000000000 0xffffffffffffffff

Linker script and memory map

TARGET(coff-sh)

SLSTART         0x0000000006004000       0x28
                0x0000000006004000                ___Start = .
 *(SLSTART)
 SLSTART        0x0000000006004000       0x28 ../../Compiler/SGL_302j/LIB_COFF/LIBSGL.A(sglI00.o)
                0x0000000006004000                SGL_Start
                0x0000000006004002                slStartSGL

.text           0x0000000006004040    0x12aa8
 *(.text)
 .text          0x0000000006004040        0x0 ../../Compiler/SGL_302j/LIB_COFF/SGLAREA.O
 .text          0x0000000006004040     0x5d40 /tmp/ccF2SRrv.ltrans0.ltrans.o
 .text          0x0000000006009d80      0x238 ../../Compiler/SGL_302j/LIB_COFF/SEGA_SYS.A(sys_exit.o)
                0x0000000006009d80                sys_version
                0x0000000006009da0                SYS_Exit
 *fill*         0x0000000006009fb8        0x8 
 .text          0x0000000006009fc0        0x6 ../../Compiler/SGL_302j/LIB_COFF/SEGA_SYS.A(sys_sub.o)
                0x0000000006009fc0                SYSUB_SetStackptr
 *fill*         0x0000000006009fc6        0xa 
 .text          0x0000000006009fd0      0x3a0 ../../Compiler/SGL_302j/LIB_COFF/LIBCD.A(CDC_CMN.O)
                0x0000000006009fd0                CDC_GetCurStat
                0x000000000600a020                CDC_GetLastStat
                0x000000000600a038                CDC_GetPeriStat
                0x000000000600a10c                CDC_GetHwInfo
                0x000000000600a174                CDC_TgetToc
                0x000000000600a1c4                CDC_GetSes
                0x000000000600a200                CDC_CdInit
                0x000000000600a284                CDC_CdOpen
                0x000000000600a2ac                CDC_DataReady
                0x000000000600a318                CDC_DataEnd
 .text          0x000000000600a370      0x194 ../../Compiler/SGL_302j/LIB_COFF/LIBCD.A(CDC_CFS.O)
                0x000000000600a370                CDC_ChgDir
                0x000000000600a3a4                CDC_ReadDir
                0x000000000600a3d8                CDC_GetFileScope
                0x000000000600a438                CDC_TgetFileInfo
                0x000000000600a494                CDC_ReadFile
                0x000000000600a4c8                CDC_AbortFile
 *fill*         0x000000000600a504        0xc 
 .text          0x000000000600a510      0x2dc ../../Compiler/SGL_302j/LIB_COFF/LIBCD.A(CDC_REG.O)
                0x000000000600a510                CDC_GetDataPtr
                0x000000000600a520                CDC_GetHirqReq
                0x000000000600a534                CDC_ClrHirqReq
                0x000000000600a564                CDREG_ClrHirqReq
                0x000000000600a574                CDREG_InitHirqReq
                0x000000000600a59c                CDREG_SetHirqFlag
                0x000000000600a5b0                CDC_GetHirqMsk
                0x000000000600a5c4                CDC_SetHirqMsk
                0x000000000600a5d4                CDC_GetMpegPtr
                0x000000000600a5e4                CDREG_TgetData
                0x000000000600a640                CDREG_CmdRsp
                0x000000000600a740                CDREG_WaitHirq
                0x000000000600a7b0                CDREG_ReadRsp
 *fill*         0x000000000600a7ec        0x4 
 .text          0x000000000600a7f0      0x152 ../../Compiler/SGL_302j/LIB_COFF/LIBCD.A(CDC_SUB.O)
                0x000000000600a7f0                CDSUB_UpdStatus
                0x000000000600a808                CDSUB_UpdCdstat
                0x000000000600a828                CDSUB_CdCmd
                0x000000000600a898                CDSUB_GetCdstat
                0x000000000600a8d8                CDSUB_RspToCdstat
                0x000000000600a920                CDSUB_SoftTimer
 *fill*         0x000000000600a942        0xe 
 .text          0x000000000600a950     0x1adc ../../Compiler/SGL_302j/LIB_COFF/LIBCD.A(GFS.O)
                0x000000000600a950                gfs_version
                0x000000000600a970                GFS_Init
                0x000000000600aa58                GFS_LoadDir
                0x000000000600ab00                GFS_SetDir
                0x000000000600ab68                GFS_NameToId
                0x000000000600abcc                GFS_IdToName
                0x000000000600ac38                GFS_GetDirInfo
                0x000000000600aca8                GFS_Reset
                0x000000000600ad2c                GFS_Open
                0x000000000600ade0                GFS_Close
                0x000000000600ae18                GFS_Seek
                0x000000000600aecc                GFS_Tell
                0x000000000600af1c                GFS_IsEof
                0x000000000600af70                GFS_ByteToSct
                0x000000000600afcc                GFS_GetFileSize
                0x000000000600b028                GFS_GetFileInfo
                0x000000000600b09c                GFS_GetNumCdbuf
                0x000000000600b0c4                GFS_Load
                0x000000000600b188                GFS_Fread
                0x000000000600b224                gfs_waitRead
                0x000000000600b2cc                GFS_NwFread
                0x000000000600b3d8                GFS_NwCdRead
                0x000000000600b450                GFS_NwIsComplete
                0x000000000600b488                GFS_NwStop
                0x000000000600b4f4                GFS_NwGetStat
                0x000000000600b570                gfs_recovRdErr
                0x000000000600b5a0                GFS_NwExecOne
                0x000000000600b660                GFS_NwExecServer
                0x000000000600b6dc                GFS_SetGmode
                0x000000000600b740                GFS_SetTmode
                0x000000000600b7ac                GFS_SetReadPara
                0x000000000600b810                GFS_SetTransPara
                0x000000000600b87c                GFS_SetTrFunc
                0x000000000600b8e0                GFS_StartTrans
                0x000000000600b92c                GFS_CdMovePickup
                0x000000000600b998                GFS_SetErrFunc
                0x000000000600b9c4                GFS_GetErrStat
                0x000000000600b9e8                GFS_ConvTno
                0x000000000600ba10                gfs_chgRoot
                0x000000000600badc                gfs_aborttrans
                0x000000000600bae8                gfs_mngSetupFuncTbl
                0x000000000600bb1c                gfs_mngInitWork
                0x000000000600bbc0                gfs_mngGetNumFile
                0x000000000600bc28                GFS_mngAllocGrp
                0x000000000600bc70                gfs_mngFreeGrp
                0x000000000600bc7c                gfs_mngTermAccess
                0x000000000600bd00                gfs_mngSetErrCode
                0x000000000600bd80                gfs_svrSearchHndl
                0x000000000600bdc0                gfs_svrAddHndl
                0x000000000600bdfc                gfs_svrRemoveHndl
                0x000000000600be58                GFS_OpenSub
                0x000000000600beb0                gfs_loadVol
                0x000000000600bf74                gfs_getRootDir
                0x000000000600c070                gfs_loadRootDir
                0x000000000600c0f8                gfs_flowIn
                0x000000000600c1a0                gfs_transData
                0x000000000600c244                GFS_GetFad
                0x000000000600c29c                gfs_SetSct
                0x000000000600c2dc                gfs_GetFinfo
                0x000000000600c31c                gfs_closeSub
                0x000000000600c358                gfs_getGmode
                0x000000000600c364                gfs_isTaskDone
                0x000000000600c3b8                gfs_convFinStat
 *fill*         0x000000000600c42c        0x4 
 .text          0x000000000600c430      0x106 ../../Compiler/SGL_302j/LIB_COFF/LIBCD.A(GFS_BUF.O)
                0x000000000600c460                GFBF_GetTranData
                0x000000000600c488                GFBF_GetNumData
                0x000000000600c4b8                GFBF_GetSrcPk
                0x000000000600c4e0                GFBF_GetSctData
                0x000000000600c504                GFBF_RtnPk
                0x000000000600c52c                gfbf_getSctDt
 *fill*         0x000000000600c536        0xa 
 .text          0x000000000600c540      0x600 ../../Compiler/SGL_302j/LIB_COFF/LIBCD.A(GFS_CDB.O)
                0x000000000600c540                GFCB_Setup
                0x000000000600c660                GFCB_Close
                0x000000000600c688                GFCB_GetLenData
                0x000000000600c734                GFCB_GetLenRoom
                0x000000000600c740                GFCB_SetFilt
                0x000000000600c7a8                GFCB_DeleteAllData
                0x000000000600c7d0                GFCB_Tell
                0x000000000600c7e0                gfcb_getSctNum
                0x000000000600c830                GFCB_Seek
                0x000000000600c92c                GFCB_GetSrcPack
                0x000000000600ca0c                GFCB_GetSctData
                0x000000000600ca44                GFCB_GetDstPack
                0x000000000600ca50                GFCB_RtnPk
                0x000000000600ca98                GFCB_MovePickup
                0x000000000600cab4                GFCB_SetCon
                0x000000000600cae8                GFCB_GetPickup
                0x000000000600cb10                GFCB_IsPuOwner
                0x000000000600cb28                GFCB_UngetPickup
 .text          0x000000000600cb40     0x1a10 ../../Compiler/SGL_302j/LIB_COFF/LIBCD.A(GFS_CDC.O)
                0x000000000600cb40                GFCD_SetCdbfs
                0x000000000600cb6c                GFCD_Init
                0x000000000600cd70                GFCD_AllocFilt
                0x000000000600cdac                GFCD_FreeFilt
                0x000000000600cddc                GFCD_AllocBuf
                0x000000000600ce10                GFCD_FreeBuf
                0x000000000600ceb4                GFCD_GetBaseFad
                0x000000000600cee8                GFCD_GetPickup
                0x000000000600cf1c                GFCD_UngetPickup
                0x000000000600cf48                GFCD_IsPuOwner
                0x000000000600cf6c                GFCD_SetFilt
                0x000000000600d030                GFCD_GetFilt
                0x000000000600d078                GFCD_SetCon
                0x000000000600d0d0                GFCD_Play
                0x000000000600d130                GFCD_GetLenData
                0x000000000600d198                GFCD_ReqData
                0x000000000600d1f4                GFCD_EndData
                0x000000000600d23c                GFCD_DelSctData
                0x000000000600d294                GFCD_CheckDelSctData
                0x000000000600d2c4                GFCD_GetStat
                0x000000000600d378                GFCD_MovePickup
                0x000000000600d3c4                GFCD_MoveSctData
                0x000000000600d438                GFCD_CheckMove
                0x000000000600d45c                GFCD_GetSctInfo
                0x000000000600d4a4                GFCD_ChgDir
                0x000000000600d518                GFCD_SetFiltCon
                0x000000000600d600                GFCD_GetFileInfo
                0x000000000600d6dc                GFCD_GetBufSiz
                0x000000000600d714                GFCD_ExecServer
                0x000000000600d7e8                gfcd_isIdleTask
                0x000000000600d874                gfcd_doTask
                0x000000000600d920                GFCD_SetTimer
                0x000000000600d934                GFCD_WaitServer
                0x000000000600d970                gfcd_doSetFiltTsk
                0x000000000600db34                gfcd_doSetConTsk
                0x000000000600dbc4                gfcd_doGetLenDataTsk
                0x000000000600dd18                gfcd_doReqDataTsk
                0x000000000600ddb8                gfcd_doDelSctDataTsk
                0x000000000600deec                gfcd_doMoveSctTsk
                0x000000000600e050                gfcd_doChgDirTsk
                0x000000000600e24c                gfcd_doSetFiltConTsk
                0x000000000600e390                gfcd_checkEflag
                0x000000000600e3b4                gfcd_initCdbMng
                0x000000000600e434                gfcd_setStat
                0x000000000600e460                GFCD_SetCsctFunc
                0x000000000600e47c                GFCD_ChkScdqFlag
                0x000000000600e4a0                GFCD_ClrScdqFlag
                0x000000000600e4bc                GFCD_WaitScdqFlag
                0x000000000600e500                GFCD_WaitPause
 .text          0x000000000600e550      0x8d8 ../../Compiler/SGL_302j/LIB_COFF/LIBCD.A(GFS_CDF.O)
                0x000000000600e550                GFCF_Init
                0x000000000600e5f0                GFCF_Setup
                0x000000000600e738                GFCF_SetSct
                0x000000000600e77c                GFCF_GetFileInfo
                0x000000000600e7f0                GFCF_FlowInBuf
                0x000000000600e944                GFCF_StopInBuf
                0x000000000600e9e4                GFCF_Recover
                0x000000000600ea2c                GFCF_Tell
                0x000000000600ea44                GFCF_Seek
                0x000000000600ea5c                GFCF_MovePickup
                0x000000000600eaf8                GFCF_cnvIntlvOfs
                0x000000000600eb4c                GFCF_GetStat
                0x000000000600ebe4                gfcf_getSctSize
                0x000000000600ec20                gfcf_isCdOk
                0x000000000600ece0                gfcf_getPlayRange
 *fill*         0x000000000600ee28        0x8 
 .text          0x000000000600ee30      0x92c ../../Compiler/SGL_302j/LIB_COFF/LIBCD.A(GFS_DIR.O)
                0x000000000600ee30                GFDR_SetupDirTbl
                0x000000000600eea4                GFDR_NameToId
                0x000000000600ef04                GFDR_GetInfoDirId
                0x000000000600ef18                GFDR_GetInfoDirName
                0x000000000600ef2c                GFDR_GetAtrDirId
                0x000000000600ef44                GFDR_GetAtrDirName
                0x000000000600ef5c                GFDR_ChgRoot
                0x000000000600ef74                GFDR_ChgDir
                0x000000000600efe8                gfdr_setupDirIdTbl
                0x000000000600f06c                gfdr_setupDirNameTbl
                0x000000000600f118                gfdr_open
                0x000000000600f140                gfdr_read
                0x000000000600f200                gfdr_readByte
                0x000000000600f22c                gfdr_readWord
                0x000000000600f258                gfdr_readWordNB
                0x000000000600f2ac                gfdr_readLongNB
                0x000000000600f2f8                gfdr_readLongNM
                0x000000000600f320                gfdr_setNextRec
                0x000000000600f3a4                gfdr_readDirEnt
                0x000000000600f720                gfdr_setDirrecCd
 *fill*         0x000000000600f75c        0x4 
 .text          0x000000000600f760      0x9c6 ../../Compiler/SGL_302j/LIB_COFF/LIBCD.A(GFS_TRN.O)
                0x000000000600f790                GFTR_Setup
                0x000000000600f7d4                GFTR_SetMode
                0x000000000600f7e8                GFTR_SetUnit
                0x000000000600f7f4                GFTR_SetTransPara
                0x000000000600f828                GFTR_GetTransPara
                0x000000000600f834                GFTR_GetNumTrans
                0x000000000600f840                GFTR_SetTransMax
                0x000000000600f84c                GFTR_Start
                0x000000000600f858                GFTR_Pause
                0x000000000600f864                GFTR_Stop
                0x000000000600f91c                GFTR_Exec
                0x000000000600f9a0                GFTR_Idle
                0x000000000600fa18                GFTR_ExecSvr
                0x000000000600fb20                gftr_getSrcPack
                0x000000000600fba8                gftr_getDstPack
                0x000000000600fc04                gftr_reqScu
                0x000000000600fc10                gftr_execScu
                0x000000000600fcac                gftr_remScu
                0x000000000600fce0                gfdma_canUse
                0x000000000600fcec                gfdma_exec
                0x000000000600fd5c                gfdma_getBytecnt
                0x000000000600fd94                gftr_reqDma0
                0x000000000600fdac                gftr_execSdma0
                0x000000000600fdd0                gftr_remDma0
                0x000000000600fde8                gftr_reqDma1
                0x000000000600fe00                gftr_execSdma1
                0x000000000600fe24                gftr_remDma1
                0x000000000600fe3c                gftr_reqCpu
                0x000000000600fe48                gftr_execCpu
                0x000000000600fe88                gftr_remCpu
                0x000000000600fe94                gftr_reqTrn
                0x000000000600ff04                gftr_execTrn
                0x000000000600ffdc                gftr_remTrn
                0x0000000006010050                gftr_copyFrac
                0x0000000006010078                GFTR_GetLenData
                0x0000000006010084                GFTR_GetLenRoom
                0x000000000601009c                GFTR_GetDstPack
                0x00000000060100d0                GFTR_RtnDstPk
                0x00000000060100ec                GFTR_GetData
                0x0000000006010100                GFTR_SetData
                0x0000000006010114                GFTR_SetTransFunc
 *fill*         0x0000000006010126        0xa 
 .text          0x0000000006010130      0x130 ../../Compiler/SGL_302j/LIB_COFF/LIBCD.A(CDC_DRV.O)
                0x0000000006010130                CDC_CdPlay
                0x00000000060101fc                CDC_CdSeek
                0x0000000006010230                CDC_CdScan
 .text          0x0000000006010260       0xa8 ../../Compiler/SGL_302j/LIB_COFF/LIBCD.A(CDC_DEV.O)
                0x0000000006010260                CDC_CdSetCon
                0x0000000006010290                CDC_CdGetCon
                0x00000000060102cc                CDC_CdGetLastBuf
 *fill*         0x0000000006010308        0x8 
 .text          0x0000000006010310      0x2b8 ../../Compiler/SGL_302j/LIB_COFF/LIBCD.A(CDC_SEL.O)
                0x0000000006010310                CDC_SetFiltRange
                0x0000000006010344                CDC_GetFiltRange
                0x000000000601039c                CDC_SetFiltSubh
                0x000000000601040c                CDC_GetFiltSubh
                0x0000000006010488                CDC_SetFiltMode
                0x00000000060104bc                CDC_GetFiltMode
                0x0000000006010500                CDC_SetFiltCon
                0x0000000006010540                CDC_GetFiltCon
                0x0000000006010594                CDC_ResetSelector
 *fill*         0x00000000060105c8        0x8 
 .text          0x00000000060105d0      0x270 ../../Compiler/SGL_302j/LIB_COFF/LIBCD.A(CDC_BIF.O)
                0x00000000060105d0                CDC_GetBufSiz
                0x000000000601062c                CDC_GetSctNum
                0x0000000006010670                CDC_CalActSiz
                0x00000000060106ac                CDC_GetActSiz
                0x000000000601072c                CDC_GetSctInfo
                0x00000000060107ac                CDC_ExeFadSearch
                0x00000000060107e4                CDC_GetFadSearch
 .text          0x0000000006010840      0x1e4 ../../Compiler/SGL_302j/LIB_COFF/LIBCD.A(CDC_BIO.O)
                0x0000000006010840                CDC_SetSctLen
                0x0000000006010874                CDC_GetSctData
                0x00000000060108b0                CDC_DelSctData
                0x00000000060108ec                CDC_GetdelSctData
                0x0000000006010928                CDC_PutSctData
                0x0000000006010960                CDC_CopySctData
                0x00000000060109a4                CDC_MoveSctData
                0x00000000060109e8                CDC_GetCopyErr
 *fill*         0x0000000006010a24        0xc 
 .text          0x0000000006010a30        0x0 ../../Compiler/SGL_302j/LIB_COFF/LIBSGL.A(sglA15.o)
 .text          0x0000000006010a30        0x0 ../../Compiler/SGL_302j/LIB_COFF/LIBSGL.A(sglA20.o)
 .text          0x0000000006010a30        0x0 ../../Compiler/SGL_302j/LIB_COFF/LIBSGL.A(sglA21.o)
 .text          0x0000000006010a30        0x0 ../../Compiler/SGL_302j/LIB_COFF/LIBSGL.A(sglA27.o)
 .text          0x0000000006010a30        0x0 ../../Compiler/SGL_302j/LIB_COFF/LIBSGL.A(sglB001.o)
 .text          0x0000000006010a30        0x0 ../../Compiler/SGL_302j/LIB_COFF/LIBSGL.A(sglB011.o)
 .text          0x0000000006010a30        0x0 ../../Compiler/SGL_302j/LIB_COFF/LIBSGL.A(sglB015.o)
 .text          0x0000000006010a30        0x0 ../../Compiler/SGL_302j/LIB_COFF/LIBSGL.A(sglB016.o)
 .text          0x0000000006010a30        0x0 ../../Compiler/SGL_302j/LIB_COFF/LIBSGL.A(sglB032.o)
 .text          0x0000000006010a30        0x0 ../../Compiler/SGL_302j/LIB_COFF/LIBSGL.A(sglB053.o)
 .text          0x0000000006010a30        0x0 ../../Compiler/SGL_302j/LIB_COFF/LIBSGL.A(sglB056.o)
 .text          0x0000000006010a30        0x0 ../../Compiler/SGL_302j/LIB_COFF/LIBSGL.A(sglB063.o)
 .text          0x0000000006010a30        0x0 ../../Compiler/SGL_302j/LIB_COFF/LIBSGL.A(sglB200.o)
 .text          0x0000000006010a30        0x0 ../../Compiler/SGL_302j/LIB_COFF/LIBSGL.A(sglC05.o)
 .text          0x0000000006010a30        0x0 ../../Compiler/SGL_302j/LIB_COFF/LIBSGL.A(sglC06.o)
 .text          0x0000000006010a30        0x0 ../../Compiler/SGL_302j/LIB_COFF/LIBSGL.A(sglC07.o)
 .text          0x0000000006010a30        0x0 ../../Compiler/SGL_302j/LIB_COFF/LIBSGL.A(sglC08.o)
 .text          0x0000000006010a30        0x0 ../../Compiler/SGL_302j/LIB_COFF/LIBSGL.A(sglC20.o)
 .text          0x0000000006010a30        0x0 ../../Compiler/SGL_302j/LIB_COFF/LIBSGL.A(sglD00.o)
 .text          0x0000000006010a30        0x0 ../../Compiler/SGL_302j/LIB_COFF/LIBSGL.A(sglD01.o)
 .text          0x0000000006010a30        0x0 ../../Compiler/SGL_302j/LIB_COFF/LIBSGL.A(sglD03.o)
 .text          0x0000000006010a30        0x0 ../../Compiler/SGL_302j/LIB_COFF/LIBSGL.A(sglD15.o)
 .text          0x0000000006010a30        0x0 ../../Compiler/SGL_302j/LIB_COFF/LIBSGL.A(sglD16.o)
 .text          0x0000000006010a30        0x0 ../../Compiler/SGL_302j/LIB_COFF/LIBSGL.A(sglD17.o)
 .text          0x0000000006010a30        0x0 ../../Compiler/SGL_302j/LIB_COFF/LIBSGL.A(sglD18.o)
 .text          0x0000000006010a30        0x0 ../../Compiler/SGL_302j/LIB_COFF/LIBSGL.A(sglF00.o)
 .text          0x0000000006010a30        0x0 ../../Compiler/SGL_302j/LIB_COFF/LIBSGL.A(sglF05.o)
 .text          0x0000000006010a30        0x0 ../../Compiler/SGL_302j/LIB_COFF/LIBSGL.A(sglH00.o)
 .text          0x0000000006010a30        0x0 ../../Compiler/SGL_302j/LIB_COFF/LIBSGL.A(sglH01.o)
 .text          0x0000000006010a30        0x0 ../../Compiler/SGL_302j/LIB_COFF/LIBSGL.A(sglH02.o)
 .text          0x0000000006010a30        0x0 ../../Compiler/SGL_302j/LIB_COFF/LIBSGL.A(sglH04.o)
 .text          0x0000000006010a30        0x0 ../../Compiler/SGL_302j/LIB_COFF/LIBSGL.A(sglI01.o)
 .text          0x0000000006010a30      0x128 ../../Compiler/SGL_302j/LIB_COFF/LIBSGL.A(sglIc0.o)
                0x0000000006010a30                slInitSystem
 *fill*         0x0000000006010b58        0x8 
 .text          0x0000000006010b60        0x0 ../../Compiler/SGL_302j/LIB_COFF/LIBSGL.A(sglJ00.o)
 .text          0x0000000006010b60        0x0 ../../Compiler/SGL_302j/LIB_COFF/LIBSGL.A(sglJ01.o)
 .text          0x0000000006010b60        0x0 ../../Compiler/SGL_302j/LIB_COFF/LIBSGL.A(sglJ02.o)
 .text          0x0000000006010b60        0x0 ../../Compiler/SGL_302j/LIB_COFF/LIBSGL.A(sglJ03.o)
 .text          0x0000000006010b60        0x0 ../../Compiler/SGL_302j/LIB_COFF/LIBSGL.A(sglJ04.o)
 .text          0x0000000006010b60        0x0 ../../Compiler/SGL_302j/LIB_COFF/LIBSGL.A(sglJ05.o)
 .text          0x0000000006010b60        0x0 ../../Compiler/SGL_302j/LIB_COFF/LIBSGL.A(sglK01.o)
 .text          0x0000000006010b60        0x0 ../../Compiler/SGL_302j/LIB_COFF/LIBSGL.A(sglM01.o)
 .text          0x0000000006010b60        0x0 ../../Compiler/SGL_302j/LIB_COFF/LIBSGL.A(sglA00.o)
 .text          0x0000000006010b60        0x0 ../../Compiler/SGL_302j/LIB_COFF/LIBSGL.A(sglA01.o)
 .text          0x0000000006010b60        0x0 ../../Compiler/SGL_302j/LIB_COFF/LIBSGL.A(sglB000.o)
 .text          0x0000000006010b60        0x0 ../../Compiler/SGL_302j/LIB_COFF/LIBSGL.A(sglB035.o)
 .text          0x0000000006010b60        0x0 ../../Compiler/SGL_302j/LIB_COFF/LIBSGL.A(sglC00.o)
 .text          0x0000000006010b60        0x0 ../../Compiler/SGL_302j/LIB_COFF/LIBSGL.A(sglI00.o)
 .text          0x0000000006010b60        0x0 ../../Compiler/SGL_302j/LIB_COFF/LIBSGL.A(sglH03.o)
 .text          0x0000000006010b60       0x52 /home/sansigolo/Documents/joengine/Compiler/SH_NONE_ELF/bin/../lib/gcc/sh-none-elf/8.2.0/libgcc.a(_ashiftrt.o)
                0x0000000006010b60                __ashiftrt_r4_31
                0x0000000006010b60                __ashiftrt_r4_32
                0x0000000006010b66                __ashiftrt_r4_30
                0x0000000006010b68                __ashiftrt_r4_29
                0x0000000006010b6a                __ashiftrt_r4_28
                0x0000000006010b6c                __ashiftrt_r4_27
                0x0000000006010b6e                __ashiftrt_r4_26
                0x0000000006010b70                __ashiftrt_r4_25
                0x0000000006010b72                __ashiftrt_r4_24
                0x0000000006010b7a                __ashiftrt_r4_23
                0x0000000006010b7c                __ashiftrt_r4_22
                0x0000000006010b7e                __ashiftrt_r4_21
                0x0000000006010b80                __ashiftrt_r4_20
                0x0000000006010b82                __ashiftrt_r4_19
                0x0000000006010b84                __ashiftrt_r4_18
                0x0000000006010b86                __ashiftrt_r4_17
                0x0000000006010b88                __ashiftrt_r4_16
                0x0000000006010b8e                __ashiftrt_r4_15
                0x0000000006010b90                __ashiftrt_r4_14
                0x0000000006010b92                __ashiftrt_r4_13
                0x0000000006010b94                __ashiftrt_r4_12
                0x0000000006010b96                __ashiftrt_r4_11
                0x0000000006010b98                __ashiftrt_r4_10
                0x0000000006010b9a                __ashiftrt_r4_9
                0x0000000006010b9c                __ashiftrt_r4_8
                0x0000000006010b9e                __ashiftrt_r4_7
                0x0000000006010ba0                __ashiftrt_r4_6
                0x0000000006010ba2                __ashiftrt_r4_5
                0x0000000006010ba4                __ashiftrt_r4_4
                0x0000000006010ba6                __ashiftrt_r4_3
                0x0000000006010ba8                __ashiftrt_r4_2
                0x0000000006010baa                __ashiftrt_r4_1
                0x0000000006010bae                __ashiftrt_r4_0
 *fill*         0x0000000006010bb2        0x2 
 .text          0x0000000006010bb4       0xa0 /home/sansigolo/Documents/joengine/Compiler/SH_NONE_ELF/bin/../lib/gcc/sh-none-elf/8.2.0/libgcc.a(_sdivsi3.o)
                0x0000000006010bb4                __sdivsi3
 .text          0x0000000006010c54       0x6c /home/sansigolo/Documents/joengine/Compiler/SH_NONE_ELF/bin/../lib/gcc/sh-none-elf/8.2.0/libgcc.a(_udivsi3.o)
                0x0000000006010c76                __udivsi3
 .text          0x0000000006010cc0      0x134 /home/sansigolo/Documents/joengine/Compiler/SH_NONE_ELF/bin/../lib/gcc/sh-none-elf/8.2.0/libgcc.a(_mul_sf.o)
                0x0000000006010cc0                __mulsf3
 .text          0x0000000006010df4       0xdc /home/sansigolo/Documents/joengine/Compiler/SH_NONE_ELF/bin/../lib/gcc/sh-none-elf/8.2.0/libgcc.a(_div_sf.o)
                0x0000000006010df4                __divsf3
 .text          0x0000000006010ed0       0x7c /home/sansigolo/Documents/joengine/Compiler/SH_NONE_ELF/bin/../lib/gcc/sh-none-elf/8.2.0/libgcc.a(_sf_to_si.o)
                0x0000000006010ed0                __fixsfsi
 .text          0x0000000006010f4c        0x0 /home/sansigolo/Documents/joengine/Compiler/SH_NONE_ELF/bin/../lib/gcc/sh-none-elf/8.2.0/libgcc.a(_thenan_sf.o)
 .text          0x0000000006010f4c       0x94 /home/sansigolo/Documents/joengine/Compiler/SH_NONE_ELF/bin/../lib/gcc/sh-none-elf/8.2.0/libgcc.a(_usi_to_sf.o)
                0x0000000006010f4c                __floatunsisf
 .text          0x0000000006010fe0      0x114 /home/sansigolo/Documents/joengine/Compiler/SH_NONE_ELF/bin/../lib/gcc/sh-none-elf/8.2.0/libgcc.a(_pack_sf.o)
                0x0000000006010fe0                __pack_f
 .text          0x00000000060110f4       0xa0 /home/sansigolo/Documents/joengine/Compiler/SH_NONE_ELF/bin/../lib/gcc/sh-none-elf/8.2.0/libgcc.a(_unpack_sf.o)
                0x00000000060110f4                __unpack_f
 .text          0x0000000006011194       0x1e /home/sansigolo/Documents/joengine/Compiler/SH_NONE_ELF/bin/../lib/gcc/sh-none-elf/8.2.0/../../../../sh-none-elf/lib/libc.a(lib_a-memcmp.o)
                0x0000000006011194                memcmp
 *fill*         0x00000000060111b2        0x2 
 .text          0x00000000060111b4       0x94 /home/sansigolo/Documents/joengine/Compiler/SH_NONE_ELF/bin/../lib/gcc/sh-none-elf/8.2.0/../../../../sh-none-elf/lib/libc.a(lib_a-memcpy.o)
                0x00000000060111b4                memcpy
 .text          0x0000000006011248       0x40 /home/sansigolo/Documents/joengine/Compiler/SH_NONE_ELF/bin/../lib/gcc/sh-none-elf/8.2.0/../../../../sh-none-elf/lib/libc.a(lib_a-memset.o)
                0x0000000006011248                memset
 .text          0x0000000006011288       0x8c /home/sansigolo/Documents/joengine/Compiler/SH_NONE_ELF/bin/../lib/gcc/sh-none-elf/8.2.0/../../../../sh-none-elf/lib/libc.a(lib_a-sprintf.o)
                0x0000000006011288                _sprintf_r
                0x00000000060112c8                sprintf
 .text          0x0000000006011314       0x2a /home/sansigolo/Documents/joengine/Compiler/SH_NONE_ELF/bin/../lib/gcc/sh-none-elf/8.2.0/../../../../sh-none-elf/lib/libc.a(lib_a-strncmp.o)
                0x0000000006011314                strncmp
 .text          0x000000000601133e       0x32 /home/sansigolo/Documents/joengine/Compiler/SH_NONE_ELF/bin/../lib/gcc/sh-none-elf/8.2.0/../../../../sh-none-elf/lib/libc.a(lib_a-strncpy.o)
                0x000000000601133e                strncpy
 .text          0x0000000006011370     0x1378 /home/sansigolo/Documents/joengine/Compiler/SH_NONE_ELF/bin/../lib/gcc/sh-none-elf/8.2.0/../../../../sh-none-elf/lib/libc.a(lib_a-svfprintf.o)
                0x0000000006011370                _svfprintf_r
 .text          0x00000000060126e8      0xef4 /home/sansigolo/Documents/joengine/Compiler/SH_NONE_ELF/bin/../lib/gcc/sh-none-elf/8.2.0/../../../../sh-none-elf/lib/libc.a(lib_a-dtoa.o)
                0x000000000601281c                _dtoa_r
 .text          0x00000000060135dc        0x0 /home/sansigolo/Documents/joengine/Compiler/SH_NONE_ELF/bin/../lib/gcc/sh-none-elf/8.2.0/../../../../sh-none-elf/lib/libc.a(lib_a-impure.o)
 .text          0x00000000060135dc       0x40 /home/sansigolo/Documents/joengine/Compiler/SH_NONE_ELF/bin/../lib/gcc/sh-none-elf/8.2.0/../../../../sh-none-elf/lib/libc.a(lib_a-localeconv.o)
                0x00000000060135dc                __localeconv_l
                0x00000000060135e4                _localeconv_r
                0x0000000006013600                localeconv
 .text          0x000000000601361c       0xa8 /home/sansigolo/Documents/joengine/Compiler/SH_NONE_ELF/bin/../lib/gcc/sh-none-elf/8.2.0/../../../../sh-none-elf/lib/libc.a(lib_a-locale.o)
                0x000000000601361c                _setlocale_r
                0x0000000006013668                __locale_mb_cur_max
                0x0000000006013688                __locale_ctype_ptr_l
                0x0000000006013692                __locale_ctype_ptr
                0x00000000060136b0                setlocale
 .text          0x00000000060136c4       0x4c /home/sansigolo/Documents/joengine/Compiler/SH_NONE_ELF/bin/../lib/gcc/sh-none-elf/8.2.0/../../../../sh-none-elf/lib/libc.a(lib_a-mbtowc_r.o)
                0x00000000060136c4                _mbtowc_r
                0x00000000060136e8                __ascii_mbtowc
 .text          0x0000000006013710       0x1c /home/sansigolo/Documents/joengine/Compiler/SH_NONE_ELF/bin/../lib/gcc/sh-none-elf/8.2.0/../../../../sh-none-elf/lib/libc.a(lib_a-memchr.o)
                0x0000000006013710                memchr
 .text          0x000000000601372c      0xa9c /home/sansigolo/Documents/joengine/Compiler/SH_NONE_ELF/bin/../lib/gcc/sh-none-elf/8.2.0/../../../../sh-none-elf/lib/libc.a(lib_a-mprec.o)
                0x000000000601372c                _Balloc
                0x00000000060137a0                _Bfree
                0x00000000060137b8                __multadd
                0x0000000006013860                __s2b
                0x0000000006013920                __hi0bits
                0x0000000006013974                __lo0bits
                0x00000000060139d8                __i2b
                0x00000000060139f4                __multiply
                0x0000000006013b38                __pow5mult
                0x0000000006013bf4                __lshift
                0x0000000006013ce8                __mcmp
                0x0000000006013d20                __mdiff
                0x0000000006013dfc                __ulp
                0x0000000006013e68                __b2d
                0x0000000006013f50                __d2b
                0x000000000601403c                __ratio
                0x00000000060140c0                _mprec_log10
                0x0000000006014118                __copybits
                0x000000000601415c                __any_on
 .text          0x00000000060141c8       0x34 /home/sansigolo/Documents/joengine/Compiler/SH_NONE_ELF/bin/../lib/gcc/sh-none-elf/8.2.0/../../../../sh-none-elf/lib/libc.a(lib_a-nano-callocr.o)
                0x00000000060141c8                _calloc_r
 .text          0x00000000060141fc       0xf4 /home/sansigolo/Documents/joengine/Compiler/SH_NONE_ELF/bin/../lib/gcc/sh-none-elf/8.2.0/../../../../sh-none-elf/lib/libc.a(lib_a-nano-mallocr.o)
                0x00000000060141fc                _malloc_r
 .text          0x00000000060142f0       0x30 /home/sansigolo/Documents/joengine/Compiler/SH_NONE_ELF/bin/../lib/gcc/sh-none-elf/8.2.0/../../../../sh-none-elf/lib/libc.a(lib_a-sbrkr.o)
                0x00000000060142f0                _sbrk_r
 .text          0x0000000006014320       0x38 /home/sansigolo/Documents/joengine/Compiler/SH_NONE_ELF/bin/../lib/gcc/sh-none-elf/8.2.0/../../../../sh-none-elf/lib/libc.a(lib_a-strcmp.o)
                0x0000000006014320                strcmp
 .text          0x0000000006014358       0x20 /home/sansigolo/Documents/joengine/Compiler/SH_NONE_ELF/bin/../lib/gcc/sh-none-elf/8.2.0/../../../../sh-none-elf/lib/libc.a(lib_a-strlen.o)
                0x0000000006014358                strlen
 .text          0x0000000006014378      0xa60 /home/sansigolo/Documents/joengine/Compiler/SH_NONE_ELF/bin/../lib/gcc/sh-none-elf/8.2.0/../../../../sh-none-elf/lib/libc.a(lib_a-svfiprintf.o)
                0x0000000006014378                __ssprint_r
                0x00000000060144ac                _svfiprintf_r
 .text          0x0000000006014dd8      0x25c /home/sansigolo/Documents/joengine/Compiler/SH_NONE_ELF/bin/../lib/gcc/sh-none-elf/8.2.0/../../../../sh-none-elf/lib/libc.a(lib_a-syscalls.o)
                0x0000000006014e50                _read
                0x0000000006014e60                _lseek
                0x0000000006014e70                _write
                0x0000000006014e80                _close
                0x0000000006014e90                _link
                0x0000000006014e94                _sbrk
                0x0000000006014eec                _fstat
                0x0000000006014ef6                _open
                0x0000000006014f08                _creat
                0x0000000006014f18                _unlink
                0x0000000006014f1c                isatty
                0x0000000006014f20                _isatty
                0x0000000006014f24                _exit
                0x0000000006014f34                _kill
                0x0000000006014f48                _getpid
                0x0000000006014f4c                _raise
                0x0000000006014f50                _stat
                0x0000000006014f60                _chmod
                0x0000000006014f70                _chown
                0x0000000006014f80                _utime
                0x0000000006014f94                _fork
                0x0000000006014fa0                _wait
                0x0000000006014fb0                _execve
                0x0000000006014fc0                _execv
                0x0000000006014fd0                _pipe
                0x0000000006014fdc                _times
                0x0000000006014fe0                _gettimeofday
                0x0000000006015008                __setup_argv_and_call_main
 .text          0x0000000006015034       0x14 /home/sansigolo/Documents/joengine/Compiler/SH_NONE_ELF/bin/../lib/gcc/sh-none-elf/8.2.0/../../../../sh-none-elf/lib/libc.a(lib_a-trap.o)
                0x0000000006015034                __trap34
 .text          0x0000000006015048       0x40 /home/sansigolo/Documents/joengine/Compiler/SH_NONE_ELF/bin/../lib/gcc/sh-none-elf/8.2.0/../../../../sh-none-elf/lib/libc.a(lib_a-wctomb_r.o)
                0x0000000006015048                _wctomb_r
                0x0000000006015068                __ascii_wctomb
 .text          0x0000000006015088       0x18 /home/sansigolo/Documents/joengine/Compiler/SH_NONE_ELF/bin/../lib/gcc/sh-none-elf/8.2.0/../../../../sh-none-elf/lib/libc.a(lib_a-abort.o)
                0x0000000006015088                abort
 .text          0x00000000060150a0        0x0 /home/sansigolo/Documents/joengine/Compiler/SH_NONE_ELF/bin/../lib/gcc/sh-none-elf/8.2.0/../../../../sh-none-elf/lib/libc.a(lib_a-ctype_.o)
 .text          0x00000000060150a0       0x3c /home/sansigolo/Documents/joengine/Compiler/SH_NONE_ELF/bin/../lib/gcc/sh-none-elf/8.2.0/../../../../sh-none-elf/lib/libc.a(lib_a-memmove.o)
                0x00000000060150a0                memmove
 .text          0x00000000060150dc        0x8 /home/sansigolo/Documents/joengine/Compiler/SH_NONE_ELF/bin/../lib/gcc/sh-none-elf/8.2.0/../../../../sh-none-elf/lib/libc.a(lib_a-mlock.o)
                0x00000000060150dc                __malloc_lock
                0x00000000060150e0                __malloc_unlock
 .text          0x00000000060150e4       0xc8 /home/sansigolo/Documents/joengine/Compiler/SH_NONE_ELF/bin/../lib/gcc/sh-none-elf/8.2.0/../../../../sh-none-elf/lib/libc.a(lib_a-nano-freer.o)
                0x00000000060150e4                _free_r
 .text          0x00000000060151ac       0x7c /home/sansigolo/Documents/joengine/Compiler/SH_NONE_ELF/bin/../lib/gcc/sh-none-elf/8.2.0/../../../../sh-none-elf/lib/libc.a(lib_a-nano-reallocr.o)
                0x00000000060151ac                _realloc_r
 .text          0x0000000006015228      0x1b0 /home/sansigolo/Documents/joengine/Compiler/SH_NONE_ELF/bin/../lib/gcc/sh-none-elf/8.2.0/../../../../sh-none-elf/lib/libc.a(lib_a-signal.o)
                0x0000000006015228                _init_signal_r
                0x0000000006015264                _signal_r
                0x00000000060152b0                _raise_r
                0x0000000006015328                __sigtramp_r
                0x000000000601538c                raise
                0x00000000060153a0                signal
                0x00000000060153b4                _init_signal
                0x00000000060153c4                __sigtramp
 .text          0x00000000060153d8       0x40 /home/sansigolo/Documents/joengine/Compiler/SH_NONE_ELF/bin/../lib/gcc/sh-none-elf/8.2.0/../../../../sh-none-elf/lib/libc.a(lib_a-signalr.o)
                0x00000000060153d8                _kill_r
                0x000000000601540c                _getpid_r
 .text          0x0000000006015418       0x16 /home/sansigolo/Documents/joengine/Compiler/SH_NONE_ELF/bin/../lib/gcc/sh-none-elf/8.2.0/../../../../sh-none-elf/lib/libc.a(lib_a-nano-msizer.o)
                0x0000000006015418                _malloc_usable_size_r
 *fill*         0x000000000601542e        0x2 
 .text          0x0000000006015430       0x80 /home/sansigolo/Documents/joengine/Compiler/SH_NONE_ELF/bin/../lib/gcc/sh-none-elf/8.2.0/libgcc.a(_ashiftrt_n.o)
                0x0000000006015430                __ashrsi3
 .text          0x00000000060154b0       0xbc /home/sansigolo/Documents/joengine/Compiler/SH_NONE_ELF/bin/../lib/gcc/sh-none-elf/8.2.0/libgcc.a(_ashiftlt.o)
                0x00000000060154b0                __ashlsi3
                0x00000000060154b4                __ashlsi3_r0
 .text          0x000000000601556c       0xbc /home/sansigolo/Documents/joengine/Compiler/SH_NONE_ELF/bin/../lib/gcc/sh-none-elf/8.2.0/libgcc.a(_lshiftrt.o)
                0x000000000601556c                __lshrsi3
                0x0000000006015570                __lshrsi3_r0
 .text          0x0000000006015628      0x258 /home/sansigolo/Documents/joengine/Compiler/SH_NONE_ELF/bin/../lib/gcc/sh-none-elf/8.2.0/libgcc.a(_udivdi3.o)
                0x0000000006015628                __udivdi3
 .text          0x0000000006015880      0x2bc /home/sansigolo/Documents/joengine/Compiler/SH_NONE_ELF/bin/../lib/gcc/sh-none-elf/8.2.0/libgcc.a(_umoddi3.o)
                0x0000000006015880                __umoddi3
 .text          0x0000000006015b3c      0x3b4 /home/sansigolo/Documents/joengine/Compiler/SH_NONE_ELF/bin/../lib/gcc/sh-none-elf/8.2.0/libgcc.a(_addsub_df.o)
                0x0000000006015e4c                __adddf3
                0x0000000006015e9c                __subdf3
 .text          0x0000000006015ef0      0x208 /home/sansigolo/Documents/joengine/Compiler/SH_NONE_ELF/bin/../lib/gcc/sh-none-elf/8.2.0/libgcc.a(_mul_df.o)
                0x0000000006015ef0                __muldf3
 .text          0x00000000060160f8      0x130 /home/sansigolo/Documents/joengine/Compiler/SH_NONE_ELF/bin/../lib/gcc/sh-none-elf/8.2.0/libgcc.a(_div_df.o)
                0x00000000060160f8                __divdf3
 .text          0x0000000006016228       0x58 /home/sansigolo/Documents/joengine/Compiler/SH_NONE_ELF/bin/../lib/gcc/sh-none-elf/8.2.0/libgcc.a(_eq_df.o)
                0x0000000006016228                __eqdf2
 .text          0x0000000006016280       0x58 /home/sansigolo/Documents/joengine/Compiler/SH_NONE_ELF/bin/../lib/gcc/sh-none-elf/8.2.0/libgcc.a(_ne_df.o)
                0x0000000006016280                __nedf2
 .text          0x00000000060162d8       0x50 /home/sansigolo/Documents/joengine/Compiler/SH_NONE_ELF/bin/../lib/gcc/sh-none-elf/8.2.0/libgcc.a(_gt_df.o)
                0x00000000060162d8                __gtdf2
 .text          0x0000000006016328       0x50 /home/sansigolo/Documents/joengine/Compiler/SH_NONE_ELF/bin/../lib/gcc/sh-none-elf/8.2.0/libgcc.a(_ge_df.o)
                0x0000000006016328                __gedf2
 .text          0x0000000006016378       0x58 /home/sansigolo/Documents/joengine/Compiler/SH_NONE_ELF/bin/../lib/gcc/sh-none-elf/8.2.0/libgcc.a(_lt_df.o)
                0x0000000006016378                __ltdf2
 .text          0x00000000060163d0       0x58 /home/sansigolo/Documents/joengine/Compiler/SH_NONE_ELF/bin/../lib/gcc/sh-none-elf/8.2.0/libgcc.a(_le_df.o)
                0x00000000060163d0                __ledf2
 .text          0x0000000006016428       0x40 /home/sansigolo/Documents/joengine/Compiler/SH_NONE_ELF/bin/../lib/gcc/sh-none-elf/8.2.0/libgcc.a(_unord_df.o)
                0x0000000006016428                __unorddf2
 .text          0x0000000006016468       0xa8 /home/sansigolo/Documents/joengine/Compiler/SH_NONE_ELF/bin/../lib/gcc/sh-none-elf/8.2.0/libgcc.a(_si_to_df.o)
                0x0000000006016468                __floatsidf
 .text          0x0000000006016510       0xa4 /home/sansigolo/Documents/joengine/Compiler/SH_NONE_ELF/bin/../lib/gcc/sh-none-elf/8.2.0/libgcc.a(_df_to_si.o)
                0x0000000006016510                __fixdfsi
 .text          0x00000000060165b4        0x0 /home/sansigolo/Documents/joengine/Compiler/SH_NONE_ELF/bin/../lib/gcc/sh-none-elf/8.2.0/libgcc.a(_thenan_df.o)
 .text          0x00000000060165b4       0x88 /home/sansigolo/Documents/joengine/Compiler/SH_NONE_ELF/bin/../lib/gcc/sh-none-elf/8.2.0/libgcc.a(_usi_to_df.o)
                0x00000000060165b4                __floatunsidf
 *fill*         0x000000000601663c        0x4 
 .text          0x0000000006016640       0x60 /home/sansigolo/Documents/joengine/Compiler/SH_NONE_ELF/bin/../lib/gcc/sh-none-elf/8.2.0/libgcc.a(_udiv_qrnnd_16.o)
                0x0000000006016640                __udiv_qrnnd_16
 .text          0x00000000060166a0        0x0 /home/sansigolo/Documents/joengine/Compiler/SH_NONE_ELF/bin/../lib/gcc/sh-none-elf/8.2.0/libgcc.a(_clz.o)
 .text          0x00000000060166a0       0x58 /home/sansigolo/Documents/joengine/Compiler/SH_NONE_ELF/bin/../lib/gcc/sh-none-elf/8.2.0/libgcc.a(_clzsi2.o)
                0x00000000060166a0                __clzsi2
 .text          0x00000000060166f8      0x25c /home/sansigolo/Documents/joengine/Compiler/SH_NONE_ELF/bin/../lib/gcc/sh-none-elf/8.2.0/libgcc.a(_pack_df.o)
                0x00000000060166f8                __pack_d
 .text          0x0000000006016954       0xcc /home/sansigolo/Documents/joengine/Compiler/SH_NONE_ELF/bin/../lib/gcc/sh-none-elf/8.2.0/libgcc.a(_unpack_df.o)
                0x0000000006016954                __unpack_d
 .text          0x0000000006016a20       0xc8 /home/sansigolo/Documents/joengine/Compiler/SH_NONE_ELF/bin/../lib/gcc/sh-none-elf/8.2.0/libgcc.a(_fpcmp_parts_df.o)
                0x0000000006016a20                __fpcmp_parts_d
 *(.strings)
                0x0000000006016ae8                __etext = .

.text.startup   0x0000000006016ae8      0x484
 .text.startup  0x0000000006016ae8      0x484 /tmp/ccF2SRrv.ltrans0.ltrans.o
                0x0000000006016ae8                main

.rodata         0x0000000006016f80      0x63c
 *(.rodata)
 .rodata        0x0000000006016f80      0x12c /tmp/ccF2SRrv.ltrans0.ltrans.o
 .rodata        0x00000000060170ac       0x10 /home/sansigolo/Documents/joengine/Compiler/SH_NONE_ELF/bin/../lib/gcc/sh-none-elf/8.2.0/libgcc.a(_thenan_sf.o)
                0x00000000060170ac                __thenan_sf
 .rodata        0x00000000060170bc       0x20 /home/sansigolo/Documents/joengine/Compiler/SH_NONE_ELF/bin/../lib/gcc/sh-none-elf/8.2.0/../../../../sh-none-elf/lib/libc.a(lib_a-svfprintf.o)
 .rodata        0x00000000060170dc        0x4 /home/sansigolo/Documents/joengine/Compiler/SH_NONE_ELF/bin/../lib/gcc/sh-none-elf/8.2.0/../../../../sh-none-elf/lib/libc.a(lib_a-impure.o)
                0x00000000060170dc                _global_impure_ptr
 .rodata        0x00000000060170e0      0x124 /home/sansigolo/Documents/joengine/Compiler/SH_NONE_ELF/bin/../lib/gcc/sh-none-elf/8.2.0/../../../../sh-none-elf/lib/libc.a(lib_a-mprec.o)
                0x00000000060170ec                __mprec_tinytens
                0x0000000006017114                __mprec_bigtens
                0x000000000601713c                __mprec_tens
 .rodata        0x0000000006017204       0x20 /home/sansigolo/Documents/joengine/Compiler/SH_NONE_ELF/bin/../lib/gcc/sh-none-elf/8.2.0/../../../../sh-none-elf/lib/libc.a(lib_a-svfiprintf.o)
 .rodata        0x0000000006017224      0x284 /home/sansigolo/Documents/joengine/Compiler/SH_NONE_ELF/bin/../lib/gcc/sh-none-elf/8.2.0/../../../../sh-none-elf/lib/libc.a(lib_a-ctype_.o)
                0x0000000006017224                _ctype_
                0x0000000006017328                _ctype_b
 .rodata        0x00000000060174a8       0x14 /home/sansigolo/Documents/joengine/Compiler/SH_NONE_ELF/bin/../lib/gcc/sh-none-elf/8.2.0/libgcc.a(_thenan_df.o)
                0x00000000060174a8                __thenan_df
 .rodata        0x00000000060174bc      0x100 /home/sansigolo/Documents/joengine/Compiler/SH_NONE_ELF/bin/../lib/gcc/sh-none-elf/8.2.0/libgcc.a(_clz.o)
                0x00000000060174bc                __clz_tab

.rodata.str1.4  0x00000000060175bc     0x3a16
 .rodata.str1.4
                0x00000000060175bc     0x39a4 /tmp/ccF2SRrv.ltrans0.ltrans.o
                                       0x3a31 (size before relaxing)
 .rodata.str1.4
                0x000000000601af60       0x3a /home/sansigolo/Documents/joengine/Compiler/SH_NONE_ELF/bin/../lib/gcc/sh-none-elf/8.2.0/../../../../sh-none-elf/lib/libc.a(lib_a-svfprintf.o)
 *fill*         0x000000000601af9a        0x2 
 .rodata.str1.4
                0x000000000601af9c        0xd /home/sansigolo/Documents/joengine/Compiler/SH_NONE_ELF/bin/../lib/gcc/sh-none-elf/8.2.0/../../../../sh-none-elf/lib/libc.a(lib_a-dtoa.o)
                                         0x12 (size before relaxing)
 *fill*         0x000000000601afa9        0x3 
 .rodata.str1.4
                0x000000000601afac        0xa /home/sansigolo/Documents/joengine/Compiler/SH_NONE_ELF/bin/../lib/gcc/sh-none-elf/8.2.0/../../../../sh-none-elf/lib/libc.a(lib_a-locale.o)
                                         0x12 (size before relaxing)
 .rodata.str1.4
                0x000000000601afb6       0x25 /home/sansigolo/Documents/joengine/Compiler/SH_NONE_ELF/bin/../lib/gcc/sh-none-elf/8.2.0/../../../../sh-none-elf/lib/libc.a(lib_a-svfiprintf.o)
 *fill*         0x000000000601afb6        0x2 
 .rodata.str1.4
                0x000000000601afb8       0x1a /home/sansigolo/Documents/joengine/Compiler/SH_NONE_ELF/bin/../lib/gcc/sh-none-elf/8.2.0/../../../../sh-none-elf/lib/libc.a(lib_a-syscalls.o)

.eh_frame       0x000000000601afd4      0x170
 .eh_frame      0x000000000601afd4       0xa8 /home/sansigolo/Documents/joengine/Compiler/SH_NONE_ELF/bin/../lib/gcc/sh-none-elf/8.2.0/libgcc.a(_udivdi3.o)
 .eh_frame      0x000000000601b07c       0xc8 /home/sansigolo/Documents/joengine/Compiler/SH_NONE_ELF/bin/../lib/gcc/sh-none-elf/8.2.0/libgcc.a(_umoddi3.o)
                                         0xdc (size before relaxing)

.rela.dyn       0x000000000601b144        0x0
 .rela.text     0x000000000601b144        0x0 /home/sansigolo/Documents/joengine/Compiler/SH_NONE_ELF/bin/../lib/gcc/sh-none-elf/8.2.0/../../../../sh-none-elf/lib/libc.a(lib_a-sbrkr.o)
 .rela.text.startup
                0x000000000601b144        0x0 /home/sansigolo/Documents/joengine/Compiler/SH_NONE_ELF/bin/../lib/gcc/sh-none-elf/8.2.0/../../../../sh-none-elf/lib/libc.a(lib_a-sbrkr.o)

SLPROG          0x000000000601b160    0x11720
                0x000000000601b160                __slprog_start = .
 *(SLPROG)
 SLPROG         0x000000000601b160     0x6540 ../../Compiler/SGL_302j/LIB_COFF/SGLAREA.O
                0x000000000601b160                MasterStack
                0x000000000601b164                SlaveStack
                0x000000000601b168                MaxVertices
                0x000000000601b16a                MaxPolygons
                0x000000000601b16c                SortList
                0x000000000601b170                SortListSize
                0x000000000601b174                TransList
                0x000000000601b178                Zbuffer
                0x000000000601b17c                SpriteBuf
                0x000000000601b180                SpriteBufSize
                0x000000000601b184                Pbuffer
                0x000000000601b188                CommandBuf
                0x000000000601b18c                CLOfstBuf
                0x000000000601b190                PCM_Work
                0x000000000601b194                PCM_WkSize
                0x000000000601b198                MaxEvents
                0x000000000601b19a                EventSize
                0x000000000601b19c                MaxWorks
                0x000000000601b19e                WorkSize
                0x000000000601b1a0                RemainEvent
                0x000000000601b2a0                RemainWork
                0x000000000601b6a0                EventBuf
                0x000000000601d6a0                WorkBuf
 SLPROG         0x00000000060216a0       0x18 ../../Compiler/SGL_302j/LIB_COFF/LIBSGL.A(sglA15.o)
                0x00000000060216a0                slSlaveFunc
 *fill*         0x00000000060216b8        0x8 
 SLPROG         0x00000000060216c0      0x42c ../../Compiler/SGL_302j/LIB_COFF/LIBSGL.A(sglA20.o)
                0x00000000060216c0                slInitMatrix
                0x00000000060216ca                slPushUnitMatrix
                0x00000000060216de                slUnitMatrix
 *fill*         0x0000000006021aec        0x4 
 SLPROG         0x0000000006021af0       0x48 ../../Compiler/SGL_302j/LIB_COFF/LIBSGL.A(sglA21.o)
                0x0000000006021af0                slPushMatrix
                0x0000000006021b24                slPopMatrix
                0x0000000006021b24                slDecMatrixPtr
 *fill*         0x0000000006021b38        0x8 
 SLPROG         0x0000000006021b40       0x50 ../../Compiler/SGL_302j/LIB_COFF/LIBSGL.A(sglA27.o)
                0x0000000006021b40                slTranslate
 SLPROG         0x0000000006021b90       0x20 ../../Compiler/SGL_302j/LIB_COFF/LIBSGL.A(sglB001.o)
                0x0000000006021b90                slTVOn
                0x0000000006021b9a                slTVOff
 SLPROG         0x0000000006021bb0       0x24 ../../Compiler/SGL_302j/LIB_COFF/LIBSGL.A(sglB011.o)
                0x0000000006021bb0                slBitMapNbg1
 *fill*         0x0000000006021bd4        0xc 
 SLPROG         0x0000000006021be0      0x40c ../../Compiler/SGL_302j/LIB_COFF/LIBSGL.A(sglB015.o)
                0x0000000006021be0                slScrAutoDisp
 *fill*         0x0000000006021fec        0x4 
 SLPROG         0x0000000006021ff0        0xc ../../Compiler/SGL_302j/LIB_COFF/LIBSGL.A(sglB016.o)
                0x0000000006021ff0                slBack1ColSet
 *fill*         0x0000000006021ffc        0x4 
 SLPROG         0x0000000006022000       0xb4 ../../Compiler/SGL_302j/LIB_COFF/LIBSGL.A(sglB032.o)
                0x0000000006022000                slMapNbg1
 *fill*         0x00000000060220b4        0xc 
 SLPROG         0x00000000060220c0        0xc ../../Compiler/SGL_302j/LIB_COFF/LIBSGL.A(sglB053.o)
                0x00000000060220c0                slZoomNbg1
 *fill*         0x00000000060220cc        0x4 
 SLPROG         0x00000000060220d0        0xc ../../Compiler/SGL_302j/LIB_COFF/LIBSGL.A(sglB056.o)
                0x00000000060220d0                slPlaneNbg1
 *fill*         0x00000000060220dc        0x4 
 SLPROG         0x00000000060220e0        0xc ../../Compiler/SGL_302j/LIB_COFF/LIBSGL.A(sglB063.o)
                0x00000000060220e0                slPriority
 *fill*         0x00000000060220ec        0x4 
 SLPROG         0x00000000060220f0      0x114 ../../Compiler/SGL_302j/LIB_COFF/LIBSGL.A(sglB200.o)
                0x00000000060220f0                slCharRbg0
                0x00000000060220fc                slCharNbg0
                0x0000000006022108                slCharNbg1
                0x0000000006022114                slCharNbg2
                0x000000000602212a                slCharNbg3
                0x0000000006022142                slPageRbg0
                0x0000000006022158                slPageNbg1
                0x0000000006022160                slPageNbg2
                0x0000000006022168                slPageNbg3
                0x0000000006022174                slPageNbg0
 *fill*         0x0000000006022204        0xc 
 SLPROG         0x0000000006022210       0x78 ../../Compiler/SGL_302j/LIB_COFF/LIBSGL.A(sglC05.o)
                0x0000000006022210                slSetSprite
 *fill*         0x0000000006022288        0x8 
 SLPROG         0x0000000006022290       0xfa ../../Compiler/SGL_302j/LIB_COFF/LIBSGL.A(sglC06.o)
                0x0000000006022290                slDispSprite
 *fill*         0x000000000602238a        0x6 
 SLPROG         0x0000000006022390      0x162 ../../Compiler/SGL_302j/LIB_COFF/LIBSGL.A(sglC07.o)
                0x0000000006022396                slPutSprite
 *fill*         0x00000000060224f2        0xe 
 SLPROG         0x0000000006022500     0x1218 ../../Compiler/SGL_302j/LIB_COFF/LIBSGL.A(sglC08.o)
                0x0000000006022500                slPutPolygon
                0x000000000602317c                MsCalcDepthFlat
 *fill*         0x0000000006023718        0x8 
 SLPROG         0x0000000006023720       0x40 ../../Compiler/SGL_302j/LIB_COFF/LIBSGL.A(sglC20.o)
                0x0000000006023720                SpriteEntry
 SLPROG         0x0000000006023760       0x84 ../../Compiler/SGL_302j/LIB_COFF/LIBSGL.A(sglD00.o)
                0x0000000006023760                slDMACopy
                0x0000000006023760                slCpuDMACopy
                0x00000000060237ba                slCashPurge
                0x00000000060237ba                CSH_AllClr
 *fill*         0x00000000060237e4        0xc 
 SLPROG         0x00000000060237f0       0xa0 ../../Compiler/SGL_302j/LIB_COFF/LIBSGL.A(sglD01.o)
                0x00000000060237f0                slDMAXCopy
 SLPROG         0x0000000006023890        0xc ../../Compiler/SGL_302j/LIB_COFF/LIBSGL.A(sglD03.o)
                0x0000000006023890                slDMAStatus
 *fill*         0x000000000602389c        0x4 
 SLPROG         0x00000000060238a0       0x20 ../../Compiler/SGL_302j/LIB_COFF/LIBSGL.A(sglD15.o)
                0x00000000060238a0                CSH_Purge
 SLPROG         0x00000000060238c0       0x84 ../../Compiler/SGL_302j/LIB_COFF/LIBSGL.A(sglD16.o)
                0x00000000060238c0                DMA_ScuSetPrm
                0x0000000006023908                DMA_SCU_PRM0
 *fill*         0x0000000006023944        0xc 
 SLPROG         0x0000000006023950       0x88 ../../Compiler/SGL_302j/LIB_COFF/LIBSGL.A(sglD17.o)
                0x0000000006023950                DMA_ScuStart
 *fill*         0x00000000060239d8        0x8 
 SLPROG         0x00000000060239e0       0x34 ../../Compiler/SGL_302j/LIB_COFF/LIBSGL.A(sglD18.o)
                0x00000000060239e0                DMA_ScuGetStatus
 *fill*         0x0000000006023a14        0xc 
 SLPROG         0x0000000006023a20       0x4e ../../Compiler/SGL_302j/LIB_COFF/LIBSGL.A(sglF00.o)
                0x0000000006023a20                slCurScrn
                0x0000000006023a30                slCurColor
                0x0000000006023a3a                slLocate
                0x0000000006023a6c                CurrentScreen
 *fill*         0x0000000006023a6e        0x2 
 SLPROG         0x0000000006023a70       0x1c ../../Compiler/SGL_302j/LIB_COFF/LIBSGL.A(sglF05.o)
                0x0000000006023a70                slPrint
 *fill*         0x0000000006023a8c        0x4 
 SLPROG         0x0000000006023a90      0xfc8 ../../Compiler/SGL_302j/LIB_COFF/LIBSGL.A(sglH00.o)
                0x0000000006023aa8                slGetPortDir1
                0x0000000006023ab0                slGetPortDir2
                0x0000000006023ab8                slSetPortDir1
                0x0000000006023ae2                slSetPortDir2
                0x0000000006023b1c                slGetPortData1
                0x0000000006023b24                slGetPortData2
                0x0000000006023b2c                slSetPortData1
                0x0000000006023b36                slSetPortData2
                0x0000000006023b48                slGetPortSelect1
                0x0000000006023b52                slGetPortSelect2
                0x0000000006023b5c                slSetPortSelect1
                0x0000000006023b90                slSetPortSelect2
                0x0000000006023bcc                slGetPortExt1
                0x0000000006023bd6                slGetPortExt2
                0x0000000006023be0                slSetPortExt1
                0x0000000006023c10                slSetPortExt2
                0x0000000006023d84                slSmpcDirectAccess
                0x0000000006023e04                slInitPeripheral
                0x0000000006023e96                slSetResultBuffer
                0x0000000006023f22                slCheckIntBackSet
                0x0000000006023f2e                slIntBackCancel
                0x0000000006023f58                slCheckReset
                0x0000000006023f62                slClearReset
                0x0000000006024128                slSmpcCashSend
                0x00000000060241e4                slSmpcCashBlow
                0x00000000060242c0                slGetOptimize
                0x00000000060242ca                slSetOptimize
                0x00000000060242f0                slGetPortMode1
                0x00000000060242fc                slGetPortMode2
                0x000000000602430a                slSetPortMode1
                0x0000000006024348                slSetPortMode2
                0x00000000060244d4                slRequestCommand
                0x0000000006024544                Smpc_Status
                0x0000000006024548                Smpc_Result
                0x000000000602454c                Smpc_Peripheral
                0x0000000006024552                Per_Connect1
                0x0000000006024553                Per_Connect2
                0x0000000006024574                SmpcStatusBuf
 *fill*         0x0000000006024a58        0x8 
 SLPROG         0x0000000006024a60       0xa8 ../../Compiler/SGL_302j/LIB_COFF/LIBSGL.A(sglH01.o)
                0x0000000006024a60                slGetLanguage
                0x0000000006024a6a                slSetLanguage
                0x0000000006024a8c                slGetSoundEffect
                0x0000000006024a98                slSetSoundEffect
                0x0000000006024ab4                slGetSoundOutput
                0x0000000006024ac0                slSetSoundOutput
                0x0000000006024adc                slGetHelpWindow
                0x0000000006024ae8                slSetHelpWindow
 *fill*         0x0000000006024b08        0x8 
 SLPROG         0x0000000006024b10      0x470 ../../Compiler/SGL_302j/LIB_COFF/LIBSGL.A(sglH02.o)
                0x0000000006024f00                smpc_pfr_tbl
                0x0000000006024f40                smpc_ptf_tbl
 SLPROG         0x0000000006024f80       0x60 ../../Compiler/SGL_302j/LIB_COFF/LIBSGL.A(sglH04.o)
                0x0000000006024f80                slComPrmIntBack
                0x0000000006024f94                slComPrmSetMemory
                0x0000000006024faa                slComPrmSetTime
 SLPROG         0x0000000006024fe0      0x3a4 ../../Compiler/SGL_302j/LIB_COFF/LIBSGL.A(sglI01.o)
                0x0000000006024fe0                slInitSynch
                0x0000000006024ffa                slSynch
                0x00000000060250f0                slRandom
                0x000000000602510e                PCM_EndCheck
                0x00000000060251ca                RetPCMBuf
                0x0000000006025264                PCM_Buf
                0x0000000006025304                Sound_Buf
 *fill*         0x0000000006025384        0xc 
 SLPROG         0x0000000006025390       0x74 ../../Compiler/SGL_302j/LIB_COFF/LIBSGL.A(sglJ00.o)
                0x0000000006025390                InitSlaveSH
                0x00000000060253f8                SlaveCommand
 *fill*         0x0000000006025404        0xc 
 SLPROG         0x0000000006025410      0x3d0 ../../Compiler/SGL_302j/LIB_COFF/LIBSGL.A(sglJ01.o)
                0x0000000006025410                SlaveControl
                0x00000000060257cc                ErasePolygonData
 SLPROG         0x00000000060257e0     0x12b8 ../../Compiler/SGL_302j/LIB_COFF/LIBSGL.A(sglJ02.o)
                0x00000000060257e0                sbMakePolygon
                0x00000000060259c8                sbCalcPolygon
                0x0000000006026700                SetTexture
                0x000000000602670c                SetPolygon
                0x0000000006026714                SetPosition
                0x000000000602674c                stvtc_4
                0x0000000006026804                stvtc_3
                0x0000000006026a14                stvtc_1
                0x0000000006026a28                stvtc_2
                0x0000000006026a3c                stvtc_0
 *fill*         0x0000000006026a98        0x8 
 SLPROG         0x0000000006026aa0      0x140 ../../Compiler/SGL_302j/LIB_COFF/LIBSGL.A(sglJ03.o)
                0x0000000006026aa0                sbMakeDMATable
 SLPROG         0x0000000006026be0      0x470 ../../Compiler/SGL_302j/LIB_COFF/LIBSGL.A(sglJ04.o)
                0x0000000006026c3e                sbMakeSprite
                0x0000000006026ca4                sbMakeRotSprite
 SLPROG         0x0000000006027050       0x3c ../../Compiler/SGL_302j/LIB_COFF/LIBSGL.A(sglJ05.o)
                0x0000000006027050                sbSortEntry
 *fill*         0x000000000602708c        0x4 
 SLPROG         0x0000000006027090       0x6a ../../Compiler/SGL_302j/LIB_COFF/LIBSGL.A(sglM01.o)
                0x0000000006027090                slSetDepthLimit
                0x00000000060270bc                slSetDepthTbl
                0x00000000060270ec                DepthWorkArea
 *fill*         0x00000000060270fa        0x6 
 SLPROG         0x0000000006027100       0x20 ../../Compiler/SGL_302j/LIB_COFF/LIBSGL.A(sglA00.o)
                0x0000000006027100                set_imask
                0x0000000006027100                _builtin_set_imask
                0x0000000006027114                get_imask
                0x0000000006027114                _builtin_get_imask
 SLPROG         0x0000000006027120     0x411e ../../Compiler/SGL_302j/LIB_COFF/LIBSGL.A(sglA01.o)
                0x0000000006027120                slSin
                0x0000000006027144                slCos
                0x0000000006027168                GetSinCos
                0x00000000060271fc                sin_cos_index_tbl
                0x000000000602723c                sin_tbl
 *fill*         0x000000000602b23e        0x2 
 SLPROG         0x000000000602b240      0xbd0 ../../Compiler/SGL_302j/LIB_COFF/LIBSGL.A(sglB000.o)
                0x000000000602b240                slInitScroll
                0x000000000602b360                setASC_1to8
                0x000000000602b390                setASC_4to8
                0x000000000602b4a0                TVSizeTbl
                0x000000000602b520                TVModeTbl
                0x000000000602b6f8                SGL_ASCII_CG
 SLPROG         0x000000000602be10       0xd4 ../../Compiler/SGL_302j/LIB_COFF/LIBSGL.A(sglB035.o)
                0x000000000602be10                sl1MapRA
                0x000000000602bea2                rbank_set
 *fill*         0x000000000602bee4        0xc 
 SLPROG         0x000000000602bef0      0x134 ../../Compiler/SGL_302j/LIB_COFF/LIBSGL.A(sglC00.o)
                0x000000000602bef0                slInitSprite
 *fill*         0x000000000602c024        0xc 
 SLPROG         0x000000000602c030      0x75c ../../Compiler/SGL_302j/LIB_COFF/LIBSGL.A(sglI00.o)
                0x000000000602c320                slInitInterrupt
 *fill*         0x000000000602c78c        0x4 
 SLPROG         0x000000000602c790       0xf0 ../../Compiler/SGL_302j/LIB_COFF/LIBSGL.A(sglH03.o)
                0x000000000602c7f4                slSmpcIntBack
                0x000000000602c880                __slprog_end = .

.tors           0x000000000602c880        0x0
                0x000000000602c880                ___ctors = .
 *(.ctors)
                0x000000000602c880                ___ctors_end = .
                0x000000000602c880                ___dtors = .
 *(.dtors)
                0x000000000602c880                ___dtors_end = .

.data           0x000000000602c880      0x624
 *(.data)
 .data          0x000000000602c880        0x0 ../../Compiler/SGL_302j/LIB_COFF/SGLAREA.O
 .data          0x000000000602c880        0xc /tmp/ccF2SRrv.ltrans0.ltrans.o
 *fill*         0x000000000602c88c        0x4 
 .data          0x000000000602c890        0x0 ../../Compiler/SGL_302j/LIB_COFF/SEGA_SYS.A(sys_exit.o)
 .data          0x000000000602c890        0x0 ../../Compiler/SGL_302j/LIB_COFF/SEGA_SYS.A(sys_sub.o)
 .data          0x000000000602c890        0x0 ../../Compiler/SGL_302j/LIB_COFF/LIBCD.A(CDC_CMN.O)
 .data          0x000000000602c890        0x0 ../../Compiler/SGL_302j/LIB_COFF/LIBCD.A(CDC_CFS.O)
 .data          0x000000000602c890        0x0 ../../Compiler/SGL_302j/LIB_COFF/LIBCD.A(CDC_REG.O)
 .data          0x000000000602c890        0x0 ../../Compiler/SGL_302j/LIB_COFF/LIBCD.A(CDC_SUB.O)
 .data          0x000000000602c890        0x0 ../../Compiler/SGL_302j/LIB_COFF/LIBCD.A(GFS.O)
 .data          0x000000000602c890        0x0 ../../Compiler/SGL_302j/LIB_COFF/LIBCD.A(GFS_BUF.O)
 .data          0x000000000602c890        0x0 ../../Compiler/SGL_302j/LIB_COFF/LIBCD.A(GFS_CDB.O)
 .data          0x000000000602c890        0x0 ../../Compiler/SGL_302j/LIB_COFF/LIBCD.A(GFS_CDC.O)
 .data          0x000000000602c890        0x0 ../../Compiler/SGL_302j/LIB_COFF/LIBCD.A(GFS_CDF.O)
 .data          0x000000000602c890        0x0 ../../Compiler/SGL_302j/LIB_COFF/LIBCD.A(GFS_DIR.O)
 .data          0x000000000602c890        0x0 ../../Compiler/SGL_302j/LIB_COFF/LIBCD.A(GFS_TRN.O)
 .data          0x000000000602c890        0x0 ../../Compiler/SGL_302j/LIB_COFF/LIBCD.A(CDC_DRV.O)
 .data          0x000000000602c890        0x0 ../../Compiler/SGL_302j/LIB_COFF/LIBCD.A(CDC_DEV.O)
 .data          0x000000000602c890        0x0 ../../Compiler/SGL_302j/LIB_COFF/LIBCD.A(CDC_SEL.O)
 .data          0x000000000602c890        0x0 ../../Compiler/SGL_302j/LIB_COFF/LIBCD.A(CDC_BIF.O)
 .data          0x000000000602c890        0x0 ../../Compiler/SGL_302j/LIB_COFF/LIBCD.A(CDC_BIO.O)
 .data          0x000000000602c890        0x0 ../../Compiler/SGL_302j/LIB_COFF/LIBSGL.A(sglA15.o)
 .data          0x000000000602c890        0x0 ../../Compiler/SGL_302j/LIB_COFF/LIBSGL.A(sglA20.o)
 .data          0x000000000602c890        0x0 ../../Compiler/SGL_302j/LIB_COFF/LIBSGL.A(sglA21.o)
 .data          0x000000000602c890        0x0 ../../Compiler/SGL_302j/LIB_COFF/LIBSGL.A(sglA27.o)
 .data          0x000000000602c890        0x0 ../../Compiler/SGL_302j/LIB_COFF/LIBSGL.A(sglB001.o)
 .data          0x000000000602c890        0x0 ../../Compiler/SGL_302j/LIB_COFF/LIBSGL.A(sglB011.o)
 .data          0x000000000602c890        0x0 ../../Compiler/SGL_302j/LIB_COFF/LIBSGL.A(sglB015.o)
 .data          0x000000000602c890        0x0 ../../Compiler/SGL_302j/LIB_COFF/LIBSGL.A(sglB016.o)
 .data          0x000000000602c890        0x0 ../../Compiler/SGL_302j/LIB_COFF/LIBSGL.A(sglB032.o)
 .data          0x000000000602c890        0x0 ../../Compiler/SGL_302j/LIB_COFF/LIBSGL.A(sglB053.o)
 .data          0x000000000602c890        0x0 ../../Compiler/SGL_302j/LIB_COFF/LIBSGL.A(sglB056.o)
 .data          0x000000000602c890        0x0 ../../Compiler/SGL_302j/LIB_COFF/LIBSGL.A(sglB063.o)
 .data          0x000000000602c890        0x0 ../../Compiler/SGL_302j/LIB_COFF/LIBSGL.A(sglB200.o)
 .data          0x000000000602c890        0x0 ../../Compiler/SGL_302j/LIB_COFF/LIBSGL.A(sglC05.o)
 .data          0x000000000602c890        0x0 ../../Compiler/SGL_302j/LIB_COFF/LIBSGL.A(sglC06.o)
 .data          0x000000000602c890        0x0 ../../Compiler/SGL_302j/LIB_COFF/LIBSGL.A(sglC07.o)
 .data          0x000000000602c890        0x0 ../../Compiler/SGL_302j/LIB_COFF/LIBSGL.A(sglC08.o)
 .data          0x000000000602c890        0x0 ../../Compiler/SGL_302j/LIB_COFF/LIBSGL.A(sglC20.o)
 .data          0x000000000602c890        0x0 ../../Compiler/SGL_302j/LIB_COFF/LIBSGL.A(sglD00.o)
 .data          0x000000000602c890        0x0 ../../Compiler/SGL_302j/LIB_COFF/LIBSGL.A(sglD01.o)
 .data          0x000000000602c890        0x0 ../../Compiler/SGL_302j/LIB_COFF/LIBSGL.A(sglD03.o)
 .data          0x000000000602c890        0x0 ../../Compiler/SGL_302j/LIB_COFF/LIBSGL.A(sglD15.o)
 .data          0x000000000602c890        0x0 ../../Compiler/SGL_302j/LIB_COFF/LIBSGL.A(sglD16.o)
 .data          0x000000000602c890        0x0 ../../Compiler/SGL_302j/LIB_COFF/LIBSGL.A(sglD17.o)
 .data          0x000000000602c890        0x0 ../../Compiler/SGL_302j/LIB_COFF/LIBSGL.A(sglD18.o)
 .data          0x000000000602c890        0x0 ../../Compiler/SGL_302j/LIB_COFF/LIBSGL.A(sglF00.o)
 .data          0x000000000602c890        0x0 ../../Compiler/SGL_302j/LIB_COFF/LIBSGL.A(sglF05.o)
 .data          0x000000000602c890        0x0 ../../Compiler/SGL_302j/LIB_COFF/LIBSGL.A(sglH00.o)
 .data          0x000000000602c890        0x0 ../../Compiler/SGL_302j/LIB_COFF/LIBSGL.A(sglH01.o)
 .data          0x000000000602c890        0x0 ../../Compiler/SGL_302j/LIB_COFF/LIBSGL.A(sglH02.o)
 .data          0x000000000602c890        0x0 ../../Compiler/SGL_302j/LIB_COFF/LIBSGL.A(sglH04.o)
 .data          0x000000000602c890        0x0 ../../Compiler/SGL_302j/LIB_COFF/LIBSGL.A(sglI01.o)
 .data          0x000000000602c890       0x80 ../../Compiler/SGL_302j/LIB_COFF/LIBSGL.A(sglIc0.o)
                0x000000000602c890                IntPrioMask
 .data          0x000000000602c910        0x0 ../../Compiler/SGL_302j/LIB_COFF/LIBSGL.A(sglJ00.o)
 .data          0x000000000602c910        0x0 ../../Compiler/SGL_302j/LIB_COFF/LIBSGL.A(sglJ01.o)
 .data          0x000000000602c910        0x0 ../../Compiler/SGL_302j/LIB_COFF/LIBSGL.A(sglJ02.o)
 .data          0x000000000602c910        0x0 ../../Compiler/SGL_302j/LIB_COFF/LIBSGL.A(sglJ03.o)
 .data          0x000000000602c910        0x0 ../../Compiler/SGL_302j/LIB_COFF/LIBSGL.A(sglJ04.o)
 .data          0x000000000602c910        0x0 ../../Compiler/SGL_302j/LIB_COFF/LIBSGL.A(sglJ05.o)
 .data          0x000000000602c910        0x0 ../../Compiler/SGL_302j/LIB_COFF/LIBSGL.A(sglK01.o)
 .data          0x000000000602c910        0x0 ../../Compiler/SGL_302j/LIB_COFF/LIBSGL.A(sglM01.o)
 .data          0x000000000602c910        0x0 ../../Compiler/SGL_302j/LIB_COFF/LIBSGL.A(sglA00.o)
 .data          0x000000000602c910        0x0 ../../Compiler/SGL_302j/LIB_COFF/LIBSGL.A(sglA01.o)
 .data          0x000000000602c910        0x0 ../../Compiler/SGL_302j/LIB_COFF/LIBSGL.A(sglB000.o)
 .data          0x000000000602c910        0x0 ../../Compiler/SGL_302j/LIB_COFF/LIBSGL.A(sglB035.o)
 .data          0x000000000602c910        0x0 ../../Compiler/SGL_302j/LIB_COFF/LIBSGL.A(sglC00.o)
 .data          0x000000000602c910        0x0 ../../Compiler/SGL_302j/LIB_COFF/LIBSGL.A(sglI00.o)
 .data          0x000000000602c910        0x0 ../../Compiler/SGL_302j/LIB_COFF/LIBSGL.A(sglH03.o)
 .data          0x000000000602c910        0x0 /home/sansigolo/Documents/joengine/Compiler/SH_NONE_ELF/bin/../lib/gcc/sh-none-elf/8.2.0/libgcc.a(_ashiftrt.o)
 .data          0x000000000602c910        0x0 /home/sansigolo/Documents/joengine/Compiler/SH_NONE_ELF/bin/../lib/gcc/sh-none-elf/8.2.0/libgcc.a(_sdivsi3.o)
 .data          0x000000000602c910        0x0 /home/sansigolo/Documents/joengine/Compiler/SH_NONE_ELF/bin/../lib/gcc/sh-none-elf/8.2.0/libgcc.a(_udivsi3.o)
 .data          0x000000000602c910        0x0 /home/sansigolo/Documents/joengine/Compiler/SH_NONE_ELF/bin/../lib/gcc/sh-none-elf/8.2.0/libgcc.a(_mul_sf.o)
 .data          0x000000000602c910        0x0 /home/sansigolo/Documents/joengine/Compiler/SH_NONE_ELF/bin/../lib/gcc/sh-none-elf/8.2.0/libgcc.a(_div_sf.o)
 .data          0x000000000602c910        0x0 /home/sansigolo/Documents/joengine/Compiler/SH_NONE_ELF/bin/../lib/gcc/sh-none-elf/8.2.0/libgcc.a(_sf_to_si.o)
 .data          0x000000000602c910        0x0 /home/sansigolo/Documents/joengine/Compiler/SH_NONE_ELF/bin/../lib/gcc/sh-none-elf/8.2.0/libgcc.a(_thenan_sf.o)
 .data          0x000000000602c910        0x0 /home/sansigolo/Documents/joengine/Compiler/SH_NONE_ELF/bin/../lib/gcc/sh-none-elf/8.2.0/libgcc.a(_usi_to_sf.o)
 .data          0x000000000602c910        0x0 /home/sansigolo/Documents/joengine/Compiler/SH_NONE_ELF/bin/../lib/gcc/sh-none-elf/8.2.0/libgcc.a(_pack_sf.o)
 .data          0x000000000602c910        0x0 /home/sansigolo/Documents/joengine/Compiler/SH_NONE_ELF/bin/../lib/gcc/sh-none-elf/8.2.0/libgcc.a(_unpack_sf.o)
 .data          0x000000000602c910        0x0 /home/sansigolo/Documents/joengine/Compiler/SH_NONE_ELF/bin/../lib/gcc/sh-none-elf/8.2.0/../../../../sh-none-elf/lib/libc.a(lib_a-memcmp.o)
 .data          0x000000000602c910        0x0 /home/sansigolo/Documents/joengine/Compiler/SH_NONE_ELF/bin/../lib/gcc/sh-none-elf/8.2.0/../../../../sh-none-elf/lib/libc.a(lib_a-memcpy.o)
 .data          0x000000000602c910        0x0 /home/sansigolo/Documents/joengine/Compiler/SH_NONE_ELF/bin/../lib/gcc/sh-none-elf/8.2.0/../../../../sh-none-elf/lib/libc.a(lib_a-memset.o)
 .data          0x000000000602c910        0x0 /home/sansigolo/Documents/joengine/Compiler/SH_NONE_ELF/bin/../lib/gcc/sh-none-elf/8.2.0/../../../../sh-none-elf/lib/libc.a(lib_a-sprintf.o)
 .data          0x000000000602c910        0x0 /home/sansigolo/Documents/joengine/Compiler/SH_NONE_ELF/bin/../lib/gcc/sh-none-elf/8.2.0/../../../../sh-none-elf/lib/libc.a(lib_a-strncmp.o)
 .data          0x000000000602c910        0x0 /home/sansigolo/Documents/joengine/Compiler/SH_NONE_ELF/bin/../lib/gcc/sh-none-elf/8.2.0/../../../../sh-none-elf/lib/libc.a(lib_a-strncpy.o)
 .data          0x000000000602c910        0x0 /home/sansigolo/Documents/joengine/Compiler/SH_NONE_ELF/bin/../lib/gcc/sh-none-elf/8.2.0/../../../../sh-none-elf/lib/libc.a(lib_a-svfprintf.o)
 .data          0x000000000602c910        0x0 /home/sansigolo/Documents/joengine/Compiler/SH_NONE_ELF/bin/../lib/gcc/sh-none-elf/8.2.0/../../../../sh-none-elf/lib/libc.a(lib_a-dtoa.o)
 .data          0x000000000602c910      0x428 /home/sansigolo/Documents/joengine/Compiler/SH_NONE_ELF/bin/../lib/gcc/sh-none-elf/8.2.0/../../../../sh-none-elf/lib/libc.a(lib_a-impure.o)
                0x000000000602c910                _impure_ptr
 .data          0x000000000602cd38        0x0 /home/sansigolo/Documents/joengine/Compiler/SH_NONE_ELF/bin/../lib/gcc/sh-none-elf/8.2.0/../../../../sh-none-elf/lib/libc.a(lib_a-localeconv.o)
 .data          0x000000000602cd38      0x16c /home/sansigolo/Documents/joengine/Compiler/SH_NONE_ELF/bin/../lib/gcc/sh-none-elf/8.2.0/../../../../sh-none-elf/lib/libc.a(lib_a-locale.o)
                0x000000000602cd38                __global_locale
 .data          0x000000000602cea4        0x0 /home/sansigolo/Documents/joengine/Compiler/SH_NONE_ELF/bin/../lib/gcc/sh-none-elf/8.2.0/../../../../sh-none-elf/lib/libc.a(lib_a-mbtowc_r.o)
 .data          0x000000000602cea4        0x0 /home/sansigolo/Documents/joengine/Compiler/SH_NONE_ELF/bin/../lib/gcc/sh-none-elf/8.2.0/../../../../sh-none-elf/lib/libc.a(lib_a-memchr.o)
 .data          0x000000000602cea4        0x0 /home/sansigolo/Documents/joengine/Compiler/SH_NONE_ELF/bin/../lib/gcc/sh-none-elf/8.2.0/../../../../sh-none-elf/lib/libc.a(lib_a-mprec.o)
 .data          0x000000000602cea4        0x0 /home/sansigolo/Documents/joengine/Compiler/SH_NONE_ELF/bin/../lib/gcc/sh-none-elf/8.2.0/../../../../sh-none-elf/lib/libc.a(lib_a-nano-callocr.o)
 .data          0x000000000602cea4        0x0 /home/sansigolo/Documents/joengine/Compiler/SH_NONE_ELF/bin/../lib/gcc/sh-none-elf/8.2.0/../../../../sh-none-elf/lib/libc.a(lib_a-nano-mallocr.o)
 .data          0x000000000602cea4        0x0 /home/sansigolo/Documents/joengine/Compiler/SH_NONE_ELF/bin/../lib/gcc/sh-none-elf/8.2.0/../../../../sh-none-elf/lib/libc.a(lib_a-sbrkr.o)
 .data          0x000000000602cea4        0x0 /home/sansigolo/Documents/joengine/Compiler/SH_NONE_ELF/bin/../lib/gcc/sh-none-elf/8.2.0/../../../../sh-none-elf/lib/libc.a(lib_a-strcmp.o)
 .data          0x000000000602cea4        0x0 /home/sansigolo/Documents/joengine/Compiler/SH_NONE_ELF/bin/../lib/gcc/sh-none-elf/8.2.0/../../../../sh-none-elf/lib/libc.a(lib_a-strlen.o)
 .data          0x000000000602cea4        0x0 /home/sansigolo/Documents/joengine/Compiler/SH_NONE_ELF/bin/../lib/gcc/sh-none-elf/8.2.0/../../../../sh-none-elf/lib/libc.a(lib_a-svfiprintf.o)
 .data          0x000000000602cea4        0x0 /home/sansigolo/Documents/joengine/Compiler/SH_NONE_ELF/bin/../lib/gcc/sh-none-elf/8.2.0/../../../../sh-none-elf/lib/libc.a(lib_a-syscalls.o)
 .data          0x000000000602cea4        0x0 /home/sansigolo/Documents/joengine/Compiler/SH_NONE_ELF/bin/../lib/gcc/sh-none-elf/8.2.0/../../../../sh-none-elf/lib/libc.a(lib_a-trap.o)
 .data          0x000000000602cea4        0x0 /home/sansigolo/Documents/joengine/Compiler/SH_NONE_ELF/bin/../lib/gcc/sh-none-elf/8.2.0/../../../../sh-none-elf/lib/libc.a(lib_a-wctomb_r.o)
 .data          0x000000000602cea4        0x0 /home/sansigolo/Documents/joengine/Compiler/SH_NONE_ELF/bin/../lib/gcc/sh-none-elf/8.2.0/../../../../sh-none-elf/lib/libc.a(lib_a-abort.o)
 .data          0x000000000602cea4        0x0 /home/sansigolo/Documents/joengine/Compiler/SH_NONE_ELF/bin/../lib/gcc/sh-none-elf/8.2.0/../../../../sh-none-elf/lib/libc.a(lib_a-ctype_.o)
 .data          0x000000000602cea4        0x0 /home/sansigolo/Documents/joengine/Compiler/SH_NONE_ELF/bin/../lib/gcc/sh-none-elf/8.2.0/../../../../sh-none-elf/lib/libc.a(lib_a-memmove.o)
 .data          0x000000000602cea4        0x0 /home/sansigolo/Documents/joengine/Compiler/SH_NONE_ELF/bin/../lib/gcc/sh-none-elf/8.2.0/../../../../sh-none-elf/lib/libc.a(lib_a-mlock.o)
 .data          0x000000000602cea4        0x0 /home/sansigolo/Documents/joengine/Compiler/SH_NONE_ELF/bin/../lib/gcc/sh-none-elf/8.2.0/../../../../sh-none-elf/lib/libc.a(lib_a-nano-freer.o)
 .data          0x000000000602cea4        0x0 /home/sansigolo/Documents/joengine/Compiler/SH_NONE_ELF/bin/../lib/gcc/sh-none-elf/8.2.0/../../../../sh-none-elf/lib/libc.a(lib_a-nano-reallocr.o)
 .data          0x000000000602cea4        0x0 /home/sansigolo/Documents/joengine/Compiler/SH_NONE_ELF/bin/../lib/gcc/sh-none-elf/8.2.0/../../../../sh-none-elf/lib/libc.a(lib_a-signal.o)
 .data          0x000000000602cea4        0x0 /home/sansigolo/Documents/joengine/Compiler/SH_NONE_ELF/bin/../lib/gcc/sh-none-elf/8.2.0/../../../../sh-none-elf/lib/libc.a(lib_a-signalr.o)
 .data          0x000000000602cea4        0x0 /home/sansigolo/Documents/joengine/Compiler/SH_NONE_ELF/bin/../lib/gcc/sh-none-elf/8.2.0/../../../../sh-none-elf/lib/libc.a(lib_a-nano-msizer.o)
 .data          0x000000000602cea4        0x0 /home/sansigolo/Documents/joengine/Compiler/SH_NONE_ELF/bin/../lib/gcc/sh-none-elf/8.2.0/libgcc.a(_ashiftrt_n.o)
 .data          0x000000000602cea4        0x0 /home/sansigolo/Documents/joengine/Compiler/SH_NONE_ELF/bin/../lib/gcc/sh-none-elf/8.2.0/libgcc.a(_ashiftlt.o)
 .data          0x000000000602cea4        0x0 /home/sansigolo/Documents/joengine/Compiler/SH_NONE_ELF/bin/../lib/gcc/sh-none-elf/8.2.0/libgcc.a(_lshiftrt.o)
 .data          0x000000000602cea4        0x0 /home/sansigolo/Documents/joengine/Compiler/SH_NONE_ELF/bin/../lib/gcc/sh-none-elf/8.2.0/libgcc.a(_udivdi3.o)
 .data          0x000000000602cea4        0x0 /home/sansigolo/Documents/joengine/Compiler/SH_NONE_ELF/bin/../lib/gcc/sh-none-elf/8.2.0/libgcc.a(_umoddi3.o)
 .data          0x000000000602cea4        0x0 /home/sansigolo/Documents/joengine/Compiler/SH_NONE_ELF/bin/../lib/gcc/sh-none-elf/8.2.0/libgcc.a(_addsub_df.o)
 .data          0x000000000602cea4        0x0 /home/sansigolo/Documents/joengine/Compiler/SH_NONE_ELF/bin/../lib/gcc/sh-none-elf/8.2.0/libgcc.a(_mul_df.o)
 .data          0x000000000602cea4        0x0 /home/sansigolo/Documents/joengine/Compiler/SH_NONE_ELF/bin/../lib/gcc/sh-none-elf/8.2.0/libgcc.a(_div_df.o)
 .data          0x000000000602cea4        0x0 /home/sansigolo/Documents/joengine/Compiler/SH_NONE_ELF/bin/../lib/gcc/sh-none-elf/8.2.0/libgcc.a(_eq_df.o)
 .data          0x000000000602cea4        0x0 /home/sansigolo/Documents/joengine/Compiler/SH_NONE_ELF/bin/../lib/gcc/sh-none-elf/8.2.0/libgcc.a(_ne_df.o)
 .data          0x000000000602cea4        0x0 /home/sansigolo/Documents/joengine/Compiler/SH_NONE_ELF/bin/../lib/gcc/sh-none-elf/8.2.0/libgcc.a(_gt_df.o)
 .data          0x000000000602cea4        0x0 /home/sansigolo/Documents/joengine/Compiler/SH_NONE_ELF/bin/../lib/gcc/sh-none-elf/8.2.0/libgcc.a(_ge_df.o)
 .data          0x000000000602cea4        0x0 /home/sansigolo/Documents/joengine/Compiler/SH_NONE_ELF/bin/../lib/gcc/sh-none-elf/8.2.0/libgcc.a(_lt_df.o)
 .data          0x000000000602cea4        0x0 /home/sansigolo/Documents/joengine/Compiler/SH_NONE_ELF/bin/../lib/gcc/sh-none-elf/8.2.0/libgcc.a(_le_df.o)
 .data          0x000000000602cea4        0x0 /home/sansigolo/Documents/joengine/Compiler/SH_NONE_ELF/bin/../lib/gcc/sh-none-elf/8.2.0/libgcc.a(_unord_df.o)
 .data          0x000000000602cea4        0x0 /home/sansigolo/Documents/joengine/Compiler/SH_NONE_ELF/bin/../lib/gcc/sh-none-elf/8.2.0/libgcc.a(_si_to_df.o)
 .data          0x000000000602cea4        0x0 /home/sansigolo/Documents/joengine/Compiler/SH_NONE_ELF/bin/../lib/gcc/sh-none-elf/8.2.0/libgcc.a(_df_to_si.o)
 .data          0x000000000602cea4        0x0 /home/sansigolo/Documents/joengine/Compiler/SH_NONE_ELF/bin/../lib/gcc/sh-none-elf/8.2.0/libgcc.a(_thenan_df.o)
 .data          0x000000000602cea4        0x0 /home/sansigolo/Documents/joengine/Compiler/SH_NONE_ELF/bin/../lib/gcc/sh-none-elf/8.2.0/libgcc.a(_usi_to_df.o)
 .data          0x000000000602cea4        0x0 /home/sansigolo/Documents/joengine/Compiler/SH_NONE_ELF/bin/../lib/gcc/sh-none-elf/8.2.0/libgcc.a(_udiv_qrnnd_16.o)
 .data          0x000000000602cea4        0x0 /home/sansigolo/Documents/joengine/Compiler/SH_NONE_ELF/bin/../lib/gcc/sh-none-elf/8.2.0/libgcc.a(_clz.o)
 .data          0x000000000602cea4        0x0 /home/sansigolo/Documents/joengine/Compiler/SH_NONE_ELF/bin/../lib/gcc/sh-none-elf/8.2.0/libgcc.a(_clzsi2.o)
 .data          0x000000000602cea4        0x0 /home/sansigolo/Documents/joengine/Compiler/SH_NONE_ELF/bin/../lib/gcc/sh-none-elf/8.2.0/libgcc.a(_pack_df.o)
 .data          0x000000000602cea4        0x0 /home/sansigolo/Documents/joengine/Compiler/SH_NONE_ELF/bin/../lib/gcc/sh-none-elf/8.2.0/libgcc.a(_unpack_df.o)
 .data          0x000000000602cea4        0x0 /home/sansigolo/Documents/joengine/Compiler/SH_NONE_ELF/bin/../lib/gcc/sh-none-elf/8.2.0/libgcc.a(_fpcmp_parts_df.o)
                0x000000000602cea4                __edata = .

.bss            0x000000000602ceb0    0x82f1c
                0x000000000602ceb0                __bstart = .
 *(.bss)
 .bss           0x000000000602ceb0        0x0 ../../Compiler/SGL_302j/LIB_COFF/SGLAREA.O
 .bss           0x000000000602ceb0    0x82e98 /tmp/ccF2SRrv.ltrans0.ltrans.o
 *fill*         0x00000000060afd48        0x8 
 .bss           0x00000000060afd50        0x4 ../../Compiler/SGL_302j/LIB_COFF/SEGA_SYS.A(sys_exit.o)
 *fill*         0x00000000060afd54        0xc 
 .bss           0x00000000060afd60        0x0 ../../Compiler/SGL_302j/LIB_COFF/SEGA_SYS.A(sys_sub.o)
 .bss           0x00000000060afd60        0x0 ../../Compiler/SGL_302j/LIB_COFF/LIBCD.A(CDC_CMN.O)
 .bss           0x00000000060afd60        0x0 ../../Compiler/SGL_302j/LIB_COFF/LIBCD.A(CDC_CFS.O)
 .bss           0x00000000060afd60        0x2 ../../Compiler/SGL_302j/LIB_COFF/LIBCD.A(CDC_REG.O)
 *fill*         0x00000000060afd62        0xe 
 .bss           0x00000000060afd70        0xc ../../Compiler/SGL_302j/LIB_COFF/LIBCD.A(CDC_SUB.O)
 *fill*         0x00000000060afd7c        0x4 
 .bss           0x00000000060afd80        0x0 ../../Compiler/SGL_302j/LIB_COFF/LIBCD.A(GFS.O)
 .bss           0x00000000060afd80        0x0 ../../Compiler/SGL_302j/LIB_COFF/LIBCD.A(GFS_BUF.O)
 .bss           0x00000000060afd80        0x0 ../../Compiler/SGL_302j/LIB_COFF/LIBCD.A(GFS_CDB.O)
 .bss           0x00000000060afd80        0x0 ../../Compiler/SGL_302j/LIB_COFF/LIBCD.A(GFS_CDC.O)
 .bss           0x00000000060afd80        0x0 ../../Compiler/SGL_302j/LIB_COFF/LIBCD.A(GFS_CDF.O)
 .bss           0x00000000060afd80        0x0 ../../Compiler/SGL_302j/LIB_COFF/LIBCD.A(GFS_DIR.O)
 .bss           0x00000000060afd80        0xc ../../Compiler/SGL_302j/LIB_COFF/LIBCD.A(GFS_TRN.O)
 *fill*         0x00000000060afd8c        0x4 
 .bss           0x00000000060afd90        0x0 ../../Compiler/SGL_302j/LIB_COFF/LIBCD.A(CDC_DRV.O)
 .bss           0x00000000060afd90        0x0 ../../Compiler/SGL_302j/LIB_COFF/LIBCD.A(CDC_DEV.O)
 .bss           0x00000000060afd90        0x0 ../../Compiler/SGL_302j/LIB_COFF/LIBCD.A(CDC_SEL.O)
 .bss           0x00000000060afd90        0x0 ../../Compiler/SGL_302j/LIB_COFF/LIBCD.A(CDC_BIF.O)
 .bss           0x00000000060afd90        0x0 ../../Compiler/SGL_302j/LIB_COFF/LIBCD.A(CDC_BIO.O)
 .bss           0x00000000060afd90        0x0 ../../Compiler/SGL_302j/LIB_COFF/LIBSGL.A(sglA15.o)
 .bss           0x00000000060afd90        0x0 ../../Compiler/SGL_302j/LIB_COFF/LIBSGL.A(sglA20.o)
 .bss           0x00000000060afd90        0x0 ../../Compiler/SGL_302j/LIB_COFF/LIBSGL.A(sglA21.o)
 .bss           0x00000000060afd90        0x0 ../../Compiler/SGL_302j/LIB_COFF/LIBSGL.A(sglA27.o)
 .bss           0x00000000060afd90        0x0 ../../Compiler/SGL_302j/LIB_COFF/LIBSGL.A(sglB001.o)
 .bss           0x00000000060afd90        0x0 ../../Compiler/SGL_302j/LIB_COFF/LIBSGL.A(sglB011.o)
 .bss           0x00000000060afd90        0x0 ../../Compiler/SGL_302j/LIB_COFF/LIBSGL.A(sglB015.o)
 .bss           0x00000000060afd90        0x0 ../../Compiler/SGL_302j/LIB_COFF/LIBSGL.A(sglB016.o)
 .bss           0x00000000060afd90        0x0 ../../Compiler/SGL_302j/LIB_COFF/LIBSGL.A(sglB032.o)
 .bss           0x00000000060afd90        0x0 ../../Compiler/SGL_302j/LIB_COFF/LIBSGL.A(sglB053.o)
 .bss           0x00000000060afd90        0x0 ../../Compiler/SGL_302j/LIB_COFF/LIBSGL.A(sglB056.o)
 .bss           0x00000000060afd90        0x0 ../../Compiler/SGL_302j/LIB_COFF/LIBSGL.A(sglB063.o)
 .bss           0x00000000060afd90        0x0 ../../Compiler/SGL_302j/LIB_COFF/LIBSGL.A(sglB200.o)
 .bss           0x00000000060afd90        0x0 ../../Compiler/SGL_302j/LIB_COFF/LIBSGL.A(sglC05.o)
 .bss           0x00000000060afd90        0x0 ../../Compiler/SGL_302j/LIB_COFF/LIBSGL.A(sglC06.o)
 .bss           0x00000000060afd90        0x0 ../../Compiler/SGL_302j/LIB_COFF/LIBSGL.A(sglC07.o)
 .bss           0x00000000060afd90        0x0 ../../Compiler/SGL_302j/LIB_COFF/LIBSGL.A(sglC08.o)
 .bss           0x00000000060afd90        0x0 ../../Compiler/SGL_302j/LIB_COFF/LIBSGL.A(sglC20.o)
 .bss           0x00000000060afd90        0x0 ../../Compiler/SGL_302j/LIB_COFF/LIBSGL.A(sglD00.o)
 .bss           0x00000000060afd90        0x0 ../../Compiler/SGL_302j/LIB_COFF/LIBSGL.A(sglD01.o)
 .bss           0x00000000060afd90        0x0 ../../Compiler/SGL_302j/LIB_COFF/LIBSGL.A(sglD03.o)
 .bss           0x00000000060afd90        0x0 ../../Compiler/SGL_302j/LIB_COFF/LIBSGL.A(sglD15.o)
 .bss           0x00000000060afd90        0x0 ../../Compiler/SGL_302j/LIB_COFF/LIBSGL.A(sglD16.o)
 .bss           0x00000000060afd90        0x0 ../../Compiler/SGL_302j/LIB_COFF/LIBSGL.A(sglD17.o)
 .bss           0x00000000060afd90        0x0 ../../Compiler/SGL_302j/LIB_COFF/LIBSGL.A(sglD18.o)
 .bss           0x00000000060afd90        0x0 ../../Compiler/SGL_302j/LIB_COFF/LIBSGL.A(sglF00.o)
 .bss           0x00000000060afd90        0x0 ../../Compiler/SGL_302j/LIB_COFF/LIBSGL.A(sglF05.o)
 .bss           0x00000000060afd90        0x0 ../../Compiler/SGL_302j/LIB_COFF/LIBSGL.A(sglH00.o)
 .bss           0x00000000060afd90        0x0 ../../Compiler/SGL_302j/LIB_COFF/LIBSGL.A(sglH01.o)
 .bss           0x00000000060afd90        0x0 ../../Compiler/SGL_302j/LIB_COFF/LIBSGL.A(sglH02.o)
 .bss           0x00000000060afd90        0x0 ../../Compiler/SGL_302j/LIB_COFF/LIBSGL.A(sglH04.o)
 .bss           0x00000000060afd90        0x0 ../../Compiler/SGL_302j/LIB_COFF/LIBSGL.A(sglI01.o)
 .bss           0x00000000060afd90        0x0 ../../Compiler/SGL_302j/LIB_COFF/LIBSGL.A(sglIc0.o)
 .bss           0x00000000060afd90        0x0 ../../Compiler/SGL_302j/LIB_COFF/LIBSGL.A(sglJ00.o)
 .bss           0x00000000060afd90        0x0 ../../Compiler/SGL_302j/LIB_COFF/LIBSGL.A(sglJ01.o)
 .bss           0x00000000060afd90        0x0 ../../Compiler/SGL_302j/LIB_COFF/LIBSGL.A(sglJ02.o)
 .bss           0x00000000060afd90        0x0 ../../Compiler/SGL_302j/LIB_COFF/LIBSGL.A(sglJ03.o)
 .bss           0x00000000060afd90        0x0 ../../Compiler/SGL_302j/LIB_COFF/LIBSGL.A(sglJ04.o)
 .bss           0x00000000060afd90        0x0 ../../Compiler/SGL_302j/LIB_COFF/LIBSGL.A(sglJ05.o)
 .bss           0x00000000060afd90        0x0 ../../Compiler/SGL_302j/LIB_COFF/LIBSGL.A(sglK01.o)
 .bss           0x00000000060afd90        0x0 ../../Compiler/SGL_302j/LIB_COFF/LIBSGL.A(sglM01.o)
 .bss           0x00000000060afd90        0x0 ../../Compiler/SGL_302j/LIB_COFF/LIBSGL.A(sglA00.o)
 .bss           0x00000000060afd90        0x0 ../../Compiler/SGL_302j/LIB_COFF/LIBSGL.A(sglA01.o)
 .bss           0x00000000060afd90        0x0 ../../Compiler/SGL_302j/LIB_COFF/LIBSGL.A(sglB000.o)
 .bss           0x00000000060afd90        0x0 ../../Compiler/SGL_302j/LIB_COFF/LIBSGL.A(sglB035.o)
 .bss           0x00000000060afd90        0x0 ../../Compiler/SGL_302j/LIB_COFF/LIBSGL.A(sglC00.o)