Archive member included to satisfy reference by file (symbol)

../../Compiler/SGL_302j/LIB_COFF/SEGA_SYS.A(sys_exit.o)
                              ../../jo_engine/core.o (symbol from plugin) (SYS_Exit)
../../Compiler/SGL_302j/LIB_COFF/SEGA_SYS.A(sys_sub.o)
                              ../../Compiler/SGL_302j/LIB_COFF/SEGA_SYS.A(sys_exit.o) (SYSUB_SetStackptr)
../../Compiler/SGL_302j/LIB_COFF/LIBCD.A(CDC_CMN.O)
                              ../../Compiler/SGL_302j/LIB_COFF/SEGA_SYS.A(sys_exit.o) (CDC_GetCurStat)
../../Compiler/SGL_302j/LIB_COFF/LIBCD.A(CDC_CFS.O)
                              ../../Compiler/SGL_302j/LIB_COFF/SEGA_SYS.A(sys_exit.o) (CDC_ChgDir)
../../Compiler/SGL_302j/LIB_COFF/LIBCD.A(CDC_REG.O)
                              ../../Compiler/SGL_302j/LIB_COFF/SEGA_SYS.A(sys_exit.o) (CDC_GetHirqReq)
../../Compiler/SGL_302j/LIB_COFF/LIBCD.A(CDC_SUB.O)
                              ../../Compiler/SGL_302j/LIB_COFF/LIBCD.A(CDC_CMN.O) (CDSUB_UpdStatus)
../../Compiler/SGL_302j/LIB_COFF/LIBCD.A(GFS.O)
                              ../../jo_engine/fs.o (symbol from plugin) (GFS_Init)
../../Compiler/SGL_302j/LIB_COFF/LIBCD.A(GFS_BUF.O)
                              ../../Compiler/SGL_302j/LIB_COFF/LIBCD.A(GFS.O) (GFBF_GetNumData)
../../Compiler/SGL_302j/LIB_COFF/LIBCD.A(GFS_CDB.O)
                              ../../Compiler/SGL_302j/LIB_COFF/LIBCD.A(GFS.O) (GFCB_Close)
../../Compiler/SGL_302j/LIB_COFF/LIBCD.A(GFS_CDC.O)
                              ../../Compiler/SGL_302j/LIB_COFF/LIBCD.A(GFS.O) (GFCD_SetCdbfs)
../../Compiler/SGL_302j/LIB_COFF/LIBCD.A(GFS_CDF.O)
                              ../../Compiler/SGL_302j/LIB_COFF/LIBCD.A(GFS.O) (GFCF_Init)
../../Compiler/SGL_302j/LIB_COFF/LIBCD.A(GFS_DIR.O)
                              ../../Compiler/SGL_302j/LIB_COFF/LIBCD.A(GFS.O) (GFDR_SetupDirTbl)
../../Compiler/SGL_302j/LIB_COFF/LIBCD.A(GFS_TRN.O)
                              ../../Compiler/SGL_302j/LIB_COFF/LIBCD.A(GFS.O) (GFTR_Setup)
../../Compiler/SGL_302j/LIB_COFF/LIBCD.A(CDC_DRV.O)
                              ../../Compiler/SGL_302j/LIB_COFF/LIBCD.A(GFS_CDC.O) (CDC_CdPlay)
../../Compiler/SGL_302j/LIB_COFF/LIBCD.A(CDC_DEV.O)
                              ../../Compiler/SGL_302j/LIB_COFF/LIBCD.A(GFS_CDC.O) (CDC_CdSetCon)
../../Compiler/SGL_302j/LIB_COFF/LIBCD.A(CDC_SEL.O)
                              ../../Compiler/SGL_302j/LIB_COFF/LIBCD.A(GFS_CDC.O) (CDC_SetFiltRange)
../../Compiler/SGL_302j/LIB_COFF/LIBCD.A(CDC_BIF.O)
                              ../../Compiler/SGL_302j/LIB_COFF/LIBCD.A(GFS_CDC.O) (CDC_GetBufSiz)
../../Compiler/SGL_302j/LIB_COFF/LIBCD.A(CDC_BIO.O)
                              ../../Compiler/SGL_302j/LIB_COFF/LIBCD.A(GFS_CDC.O) (CDC_SetSctLen)
../../Compiler/SGL_302j/LIB_COFF/LIBSGL.A(sglA15.o)
                              ../../jo_engine/core.o (symbol from plugin) (slSlaveFunc)
../../Compiler/SGL_302j/LIB_COFF/LIBSGL.A(sglA20.o)
                              ../../jo_engine/core.o (symbol from plugin) (slUnitMatrix)
../../Compiler/SGL_302j/LIB_COFF/LIBSGL.A(sglA21.o)
                              ../../jo_engine/map.o (symbol from plugin) (slPushMatrix)
../../Compiler/SGL_302j/LIB_COFF/LIBSGL.A(sglA27.o)
                              ../../jo_engine/map.o (symbol from plugin) (slTranslate)
../../Compiler/SGL_302j/LIB_COFF/LIBSGL.A(sglB001.o)
                              ../../jo_engine/core.o (symbol from plugin) (slTVOn)
../../Compiler/SGL_302j/LIB_COFF/LIBSGL.A(sglB011.o)
                              ../../jo_engine/core.o (symbol from plugin) (slBitMapNbg1)
../../Compiler/SGL_302j/LIB_COFF/LIBSGL.A(sglB015.o)
                              ../../jo_engine/core.o (symbol from plugin) (slScrAutoDisp)
../../Compiler/SGL_302j/LIB_COFF/LIBSGL.A(sglB016.o)
                              ../../jo_engine/core.o (symbol from plugin) (slBack1ColSet)
../../Compiler/SGL_302j/LIB_COFF/LIBSGL.A(sglB032.o)
                              ../../jo_engine/core.o (symbol from plugin) (slMapNbg1)
../../Compiler/SGL_302j/LIB_COFF/LIBSGL.A(sglB053.o)
                              ../../jo_engine/core.o (symbol from plugin) (slZoomNbg1)
../../Compiler/SGL_302j/LIB_COFF/LIBSGL.A(sglB056.o)
                              ../../jo_engine/core.o (symbol from plugin) (slPlaneNbg1)
../../Compiler/SGL_302j/LIB_COFF/LIBSGL.A(sglB063.o)
                              ../../jo_engine/core.o (symbol from plugin) (slPriority)
../../Compiler/SGL_302j/LIB_COFF/LIBSGL.A(sglB200.o)
                              ../../jo_engine/core.o (symbol from plugin) (slCharNbg0)
../../Compiler/SGL_302j/LIB_COFF/LIBSGL.A(sglC06.o)
                              ../../jo_engine/sprites.o (symbol from plugin) (slDispSprite)
../../Compiler/SGL_302j/LIB_COFF/LIBSGL.A(sglC07.o)
                              ../../jo_engine/sprites.o (symbol from plugin) (slPutSprite)
../../Compiler/SGL_302j/LIB_COFF/LIBSGL.A(sglC08.o)
                              ../../jo_engine/map.o (symbol from plugin) (slPutPolygon)
[...]
Memory Configuration

Name             Origin             Length             Attributes
*default*        0x0000000000000000 0xffffffffffffffff

Linker script and memory map

TARGET(coff-sh)

SLSTART         0x0000000006004000       0x28
                0x0000000006004000                ___Start = .
 *(SLSTART)
 SLSTART        0x0000000006004000       0x28 ../../Compiler/SGL_302j/LIB_COFF/LIBSGL.A(sglI00.o)
                0x0000000006004000                SGL_Start
                0x0000000006004002                slStartSGL

.text           0x0000000006004040     0xe5c8
 *(.text)
 .text          0x0000000006004040        0x0 ../../Compiler/SGL_302j/LIB_COFF/SGLAREA.O
 .text          0x0000000006004040     0x17d8 /tmp/cc2XWi8Y.ltrans0.ltrans.o
 *fill*         0x0000000006005818        0x8 
 .text          0x0000000006005820      0x238 ../../Compiler/SGL_302j/LIB_COFF/SEGA_SYS.A(sys_exit.o)
                0x0000000006005820                sys_version
                0x0000000006005840                SYS_Exit
 *fill*         0x0000000006005a58        0x8 
 .text          0x0000000006005a60        0x6 ../../Compiler/SGL_302j/LIB_COFF/SEGA_SYS.A(sys_sub.o)
                0x0000000006005a60                SYSUB_SetStackptr
 *fill*         0x0000000006005a66        0xa 
 .text          0x0000000006005a70      0x3a0 ../../Compiler/SGL_302j/LIB_COFF/LIBCD.A(CDC_CMN.O)
                0x0000000006005a70                CDC_GetCurStat
                0x0000000006005ac0                CDC_GetLastStat
                0x0000000006005ad8                CDC_GetPeriStat
                0x0000000006005bac                CDC_GetHwInfo
                0x0000000006005c14                CDC_TgetToc
                0x0000000006005c64                CDC_GetSes
                0x0000000006005ca0                CDC_CdInit
                0x0000000006005d24                CDC_CdOpen
                0x0000000006005d4c                CDC_DataReady
                0x0000000006005db8                CDC_DataEnd
 .text          0x0000000006005e10      0x194 ../../Compiler/SGL_302j/LIB_COFF/LIBCD.A(CDC_CFS.O)
                0x0000000006005e10                CDC_ChgDir
                0x0000000006005e44                CDC_ReadDir
                0x0000000006005e78                CDC_GetFileScope
                0x0000000006005ed8                CDC_TgetFileInfo
                0x0000000006005f34                CDC_ReadFile
                0x0000000006005f68                CDC_AbortFile
 *fill*         0x0000000006005fa4        0xc 
 .text          0x0000000006005fb0      0x2dc ../../Compiler/SGL_302j/LIB_COFF/LIBCD.A(CDC_REG.O)
                0x0000000006005fb0                CDC_GetDataPtr
                0x0000000006005fc0                CDC_GetHirqReq
                0x0000000006005fd4                CDC_ClrHirqReq
                0x0000000006006004                CDREG_ClrHirqReq
                0x0000000006006014                CDREG_InitHirqReq
                0x000000000600603c                CDREG_SetHirqFlag
                0x0000000006006050                CDC_GetHirqMsk
                0x0000000006006064                CDC_SetHirqMsk
                0x0000000006006074                CDC_GetMpegPtr
                0x0000000006006084                CDREG_TgetData
                0x00000000060060e0                CDREG_CmdRsp
                0x00000000060061e0                CDREG_WaitHirq
                0x0000000006006250                CDREG_ReadRsp
 *fill*         0x000000000600628c        0x4 
 .text          0x0000000006006290      0x152 ../../Compiler/SGL_302j/LIB_COFF/LIBCD.A(CDC_SUB.O)
                0x0000000006006290                CDSUB_UpdStatus
                0x00000000060062a8                CDSUB_UpdCdstat
                0x00000000060062c8                CDSUB_CdCmd
                0x0000000006006338                CDSUB_GetCdstat
                0x0000000006006378                CDSUB_RspToCdstat
                0x00000000060063c0                CDSUB_SoftTimer
 *fill*         0x00000000060063e2        0xe 
 .text          0x00000000060063f0     0x1adc ../../Compiler/SGL_302j/LIB_COFF/LIBCD.A(GFS.O)
                0x00000000060063f0                gfs_version
                0x0000000006006410                GFS_Init
                0x00000000060064f8                GFS_LoadDir
                0x00000000060065a0                GFS_SetDir
                0x0000000006006608                GFS_NameToId
                0x000000000600666c                GFS_IdToName
                0x00000000060066d8                GFS_GetDirInfo
                0x0000000006006748                GFS_Reset
                0x00000000060067cc                GFS_Open
                0x0000000006006880                GFS_Close
                0x00000000060068b8                GFS_Seek
                0x000000000600696c                GFS_Tell
                0x00000000060069bc                GFS_IsEof
                0x0000000006006a10                GFS_ByteToSct
                0x0000000006006a6c                GFS_GetFileSize
                0x0000000006006ac8                GFS_GetFileInfo
                0x0000000006006b3c                GFS_GetNumCdbuf
                0x0000000006006b64                GFS_Load
                0x0000000006006c28                GFS_Fread
                0x0000000006006cc4                gfs_waitRead
                0x0000000006006d6c                GFS_NwFread
                0x0000000006006e78                GFS_NwCdRead
                0x0000000006006ef0                GFS_NwIsComplete
                0x0000000006006f28                GFS_NwStop
                0x0000000006006f94                GFS_NwGetStat
                0x0000000006007010                gfs_recovRdErr
                0x0000000006007040                GFS_NwExecOne
                0x0000000006007100                GFS_NwExecServer
                0x000000000600717c                GFS_SetGmode
                0x00000000060071e0                GFS_SetTmode
                0x000000000600724c                GFS_SetReadPara
                0x00000000060072b0                GFS_SetTransPara
                0x000000000600731c                GFS_SetTrFunc
                0x0000000006007380                GFS_StartTrans
                0x00000000060073cc                GFS_CdMovePickup
                0x0000000006007438                GFS_SetErrFunc
                0x0000000006007464                GFS_GetErrStat
                0x0000000006007488                GFS_ConvTno
                0x00000000060074b0                gfs_chgRoot
                0x000000000600757c                gfs_aborttrans
                0x0000000006007588                gfs_mngSetupFuncTbl
                0x00000000060075bc                gfs_mngInitWork
                0x0000000006007660                gfs_mngGetNumFile
                0x00000000060076c8                GFS_mngAllocGrp
                0x0000000006007710                gfs_mngFreeGrp
                0x000000000600771c                gfs_mngTermAccess
                0x00000000060077a0                gfs_mngSetErrCode
                0x0000000006007820                gfs_svrSearchHndl
                0x0000000006007860                gfs_svrAddHndl
                0x000000000600789c                gfs_svrRemoveHndl
                0x00000000060078f8                GFS_OpenSub
                0x0000000006007950                gfs_loadVol
                0x0000000006007a14                gfs_getRootDir
                0x0000000006007b10                gfs_loadRootDir
                0x0000000006007b98                gfs_flowIn
                0x0000000006007c40                gfs_transData
                0x0000000006007ce4                GFS_GetFad
                0x0000000006007d3c                gfs_SetSct
                0x0000000006007d7c                gfs_GetFinfo
                0x0000000006007dbc                gfs_closeSub
                0x0000000006007df8                gfs_getGmode
                0x0000000006007e04                gfs_isTaskDone
                0x0000000006007e58                gfs_convFinStat
 *fill*         0x0000000006007ecc        0x4 
 .text          0x0000000006007ed0      0x106 ../../Compiler/SGL_302j/LIB_COFF/LIBCD.A(GFS_BUF.O)
                0x0000000006007f00                GFBF_GetTranData
                0x0000000006007f28                GFBF_GetNumData
                0x0000000006007f58                GFBF_GetSrcPk
                0x0000000006007f80                GFBF_GetSctData
                0x0000000006007fa4                GFBF_RtnPk
                0x0000000006007fcc                gfbf_getSctDt
 *fill*         0x0000000006007fd6        0xa 
 .text          0x0000000006007fe0      0x600 ../../Compiler/SGL_302j/LIB_COFF/LIBCD.A(GFS_CDB.O)
                0x0000000006007fe0                GFCB_Setup
                0x0000000006008100                GFCB_Close
                0x0000000006008128                GFCB_GetLenData
                0x00000000060081d4                GFCB_GetLenRoom
                0x00000000060081e0                GFCB_SetFilt
                0x0000000006008248                GFCB_DeleteAllData
                0x0000000006008270                GFCB_Tell
                0x0000000006008280                gfcb_getSctNum
                0x00000000060082d0                GFCB_Seek
                0x00000000060083cc                GFCB_GetSrcPack
                0x00000000060084ac                GFCB_GetSctData
                0x00000000060084e4                GFCB_GetDstPack
                0x00000000060084f0                GFCB_RtnPk
                0x0000000006008538                GFCB_MovePickup
                0x0000000006008554                GFCB_SetCon
                0x0000000006008588                GFCB_GetPickup
                0x00000000060085b0                GFCB_IsPuOwner
                0x00000000060085c8                GFCB_UngetPickup
 .text          0x00000000060085e0     0x1a10 ../../Compiler/SGL_302j/LIB_COFF/LIBCD.A(GFS_CDC.O)
                0x00000000060085e0                GFCD_SetCdbfs
                0x000000000600860c                GFCD_Init
                0x0000000006008810                GFCD_AllocFilt
                0x000000000600884c                GFCD_FreeFilt
                0x000000000600887c                GFCD_AllocBuf
                0x00000000060088b0                GFCD_FreeBuf
                0x0000000006008954                GFCD_GetBaseFad
                0x0000000006008988                GFCD_GetPickup
                0x00000000060089bc                GFCD_UngetPickup
                0x00000000060089e8                GFCD_IsPuOwner
                0x0000000006008a0c                GFCD_SetFilt
                0x0000000006008ad0                GFCD_GetFilt
                0x0000000006008b18                GFCD_SetCon
                0x0000000006008b70                GFCD_Play
                0x0000000006008bd0                GFCD_GetLenData
                0x0000000006008c38                GFCD_ReqData
                0x0000000006008c94                GFCD_EndData
                0x0000000006008cdc                GFCD_DelSctData
                0x0000000006008d34                GFCD_CheckDelSctData
                0x0000000006008d64                GFCD_GetStat
                0x0000000006008e18                GFCD_MovePickup
                0x0000000006008e64                GFCD_MoveSctData
                0x0000000006008ed8                GFCD_CheckMove
                0x0000000006008efc                GFCD_GetSctInfo
                0x0000000006008f44                GFCD_ChgDir
                0x0000000006008fb8                GFCD_SetFiltCon
                0x00000000060090a0                GFCD_GetFileInfo
                0x000000000600917c                GFCD_GetBufSiz
                0x00000000060091b4                GFCD_ExecServer
                0x0000000006009288                gfcd_isIdleTask
                0x0000000006009314                gfcd_doTask
                0x00000000060093c0                GFCD_SetTimer
                0x00000000060093d4                GFCD_WaitServer
                0x0000000006009410                gfcd_doSetFiltTsk
                0x00000000060095d4                gfcd_doSetConTsk
                0x0000000006009664                gfcd_doGetLenDataTsk
                0x00000000060097b8                gfcd_doReqDataTsk
                0x0000000006009858                gfcd_doDelSctDataTsk
                0x000000000600998c                gfcd_doMoveSctTsk
                0x0000000006009af0                gfcd_doChgDirTsk
                0x0000000006009cec                gfcd_doSetFiltConTsk
                0x0000000006009e30                gfcd_checkEflag
                0x0000000006009e54                gfcd_initCdbMng
                0x0000000006009ed4                gfcd_setStat
                0x0000000006009f00                GFCD_SetCsctFunc
                0x0000000006009f1c                GFCD_ChkScdqFlag
                0x0000000006009f40                GFCD_ClrScdqFlag
                0x0000000006009f5c                GFCD_WaitScdqFlag
                0x0000000006009fa0                GFCD_WaitPause
 .text          0x0000000006009ff0      0x8d8 ../../Compiler/SGL_302j/LIB_COFF/LIBCD.A(GFS_CDF.O)
                0x0000000006009ff0                GFCF_Init
                0x000000000600a090                GFCF_Setup
                0x000000000600a1d8                GFCF_SetSct
                0x000000000600a21c                GFCF_GetFileInfo
                0x000000000600a290                GFCF_FlowInBuf
                0x000000000600a3e4                GFCF_StopInBuf
                0x000000000600a484                GFCF_Recover
                0x000000000600a4cc                GFCF_Tell
                0x000000000600a4e4                GFCF_Seek
                0x000000000600a4fc                GFCF_MovePickup
                0x000000000600a598                GFCF_cnvIntlvOfs
                0x000000000600a5ec                GFCF_GetStat
                0x000000000600a684                gfcf_getSctSize
                0x000000000600a6c0                gfcf_isCdOk
                0x000000000600a780                gfcf_getPlayRange
 *fill*         0x000000000600a8c8        0x8 
 .text          0x000000000600a8d0      0x92c ../../Compiler/SGL_302j/LIB_COFF/LIBCD.A(GFS_DIR.O)
                0x000000000600a8d0                GFDR_SetupDirTbl
                0x000000000600a944                GFDR_NameToId
                0x000000000600a9a4                GFDR_GetInfoDirId
                0x000000000600a9b8                GFDR_GetInfoDirName
                0x000000000600a9cc                GFDR_GetAtrDirId
                0x000000000600a9e4                GFDR_GetAtrDirName
                0x000000000600a9fc                GFDR_ChgRoot
                0x000000000600aa14                GFDR_ChgDir
                0x000000000600aa88                gfdr_setupDirIdTbl
                0x000000000600ab0c                gfdr_setupDirNameTbl
                0x000000000600abb8                gfdr_open
                0x000000000600abe0                gfdr_read
                0x000000000600aca0                gfdr_readByte
                0x000000000600accc                gfdr_readWord
                0x000000000600acf8                gfdr_readWordNB
                0x000000000600ad4c                gfdr_readLongNB
                0x000000000600ad98                gfdr_readLongNM
                0x000000000600adc0                gfdr_setNextRec
                0x000000000600ae44                gfdr_readDirEnt
                0x000000000600b1c0                gfdr_setDirrecCd
 *fill*         0x000000000600b1fc        0x4 
 .text          0x000000000600b200      0x9c6 ../../Compiler/SGL_302j/LIB_COFF/LIBCD.A(GFS_TRN.O)
                0x000000000600b230                GFTR_Setup
                0x000000000600b274                GFTR_SetMode
                0x000000000600b288                GFTR_SetUnit
                0x000000000600b294                GFTR_SetTransPara
                0x000000000600b2c8                GFTR_GetTransPara
                0x000000000600b2d4                GFTR_GetNumTrans
                0x000000000600b2e0                GFTR_SetTransMax
                0x000000000600b2ec                GFTR_Start
                0x000000000600b2f8                GFTR_Pause
                0x000000000600b304                GFTR_Stop
                0x000000000600b3bc                GFTR_Exec
                0x000000000600b440                GFTR_Idle
                0x000000000600b4b8                GFTR_ExecSvr
                0x000000000600b5c0                gftr_getSrcPack
                0x000000000600b648                gftr_getDstPack
                0x000000000600b6a4                gftr_reqScu
                0x000000000600b6b0                gftr_execScu
                0x000000000600b74c                gftr_remScu
                0x000000000600b780                gfdma_canUse
                0x000000000600b78c                gfdma_exec
                0x000000000600b7fc                gfdma_getBytecnt
                0x000000000600b834                gftr_reqDma0
                0x000000000600b84c                gftr_execSdma0
                0x000000000600b870                gftr_remDma0
                0x000000000600b888                gftr_reqDma1
                0x000000000600b8a0                gftr_execSdma1
                0x000000000600b8c4                gftr_remDma1
                0x000000000600b8dc                gftr_reqCpu
                0x000000000600b8e8                gftr_execCpu
                0x000000000600b928                gftr_remCpu
                0x000000000600b934                gftr_reqTrn
                0x000000000600b9a4                gftr_execTrn
                0x000000000600ba7c                gftr_remTrn
                0x000000000600baf0                gftr_copyFrac
                0x000000000600bb18                GFTR_GetLenData
                0x000000000600bb24                GFTR_GetLenRoom
                0x000000000600bb3c                GFTR_GetDstPack
                0x000000000600bb70                GFTR_RtnDstPk
                0x000000000600bb8c                GFTR_GetData
                0x000000000600bba0                GFTR_SetData
                0x000000000600bbb4                GFTR_SetTransFunc
 *fill*         0x000000000600bbc6        0xa 
 .text          0x000000000600bbd0      0x130 ../../Compiler/SGL_302j/LIB_COFF/LIBCD.A(CDC_DRV.O)
                0x000000000600bbd0                CDC_CdPlay
                0x000000000600bc9c                CDC_CdSeek
                0x000000000600bcd0                CDC_CdScan
 .text          0x000000000600bd00       0xa8 ../../Compiler/SGL_302j/LIB_COFF/LIBCD.A(CDC_DEV.O)
                0x000000000600bd00                CDC_CdSetCon
                0x000000000600bd30                CDC_CdGetCon
                0x000000000600bd6c                CDC_CdGetLastBuf
 *fill*         0x000000000600bda8        0x8 
 .text          0x000000000600bdb0      0x2b8 ../../Compiler/SGL_302j/LIB_COFF/LIBCD.A(CDC_SEL.O)
                0x000000000600bdb0                CDC_SetFiltRange
                0x000000000600bde4                CDC_GetFiltRange
                0x000000000600be3c                CDC_SetFiltSubh
                0x000000000600beac                CDC_GetFiltSubh
                0x000000000600bf28                CDC_SetFiltMode
                0x000000000600bf5c                CDC_GetFiltMode
                0x000000000600bfa0                CDC_SetFiltCon
                0x000000000600bfe0                CDC_GetFiltCon
                0x000000000600c034                CDC_ResetSelector
 *fill*         0x000000000600c068        0x8 
 .text          0x000000000600c070      0x270 ../../Compiler/SGL_302j/LIB_COFF/LIBCD.A(CDC_BIF.O)
                0x000000000600c070                CDC_GetBufSiz
                0x000000000600c0cc                CDC_GetSctNum
                0x000000000600c110                CDC_CalActSiz
                0x000000000600c14c                CDC_GetActSiz
                0x000000000600c1cc                CDC_GetSctInfo
                0x000000000600c24c                CDC_ExeFadSearch
                0x000000000600c284                CDC_GetFadSearch
 .text          0x000000000600c2e0      0x1e4 ../../Compiler/SGL_302j/LIB_COFF/LIBCD.A(CDC_BIO.O)
                0x000000000600c2e0                CDC_SetSctLen
                0x000000000600c314                CDC_GetSctData
                0x000000000600c350                CDC_DelSctData
                0x000000000600c38c                CDC_GetdelSctData
                0x000000000600c3c8                CDC_PutSctData
                0x000000000600c400                CDC_CopySctData
                0x000000000600c444                CDC_MoveSctData
                0x000000000600c488                CDC_GetCopyErr
 *fill*         0x000000000600c4c4        0xc 
 .text          0x000000000600c4d0        0x0 ../../Compiler/SGL_302j/LIB_COFF/LIBSGL.A(sglA15.o)
 .text          0x000000000600c4d0        0x0 ../../Compiler/SGL_302j/LIB_COFF/LIBSGL.A(sglA20.o)
 .text          0x000000000600c4d0        0x0 ../../Compiler/SGL_302j/LIB_COFF/LIBSGL.A(sglA21.o)
 .text          0x000000000600c4d0        0x0 ../../Compiler/SGL_302j/LIB_COFF/LIBSGL.A(sglA27.o)
 .text          0x000000000600c4d0        0x0 ../../Compiler/SGL_302j/LIB_COFF/LIBSGL.A(sglB001.o)
 .text          0x000000000600c4d0        0x0 ../../Compiler/SGL_302j/LIB_COFF/LIBSGL.A(sglB011.o)
 .text          0x000000000600c4d0        0x0 ../../Compiler/SGL_302j/LIB_COFF/LIBSGL.A(sglB015.o)
 .text          0x000000000600c4d0        0x0 ../../Compiler/SGL_302j/LIB_COFF/LIBSGL.A(sglB016.o)
 .text          0x000000000600c4d0        0x0 ../../Compiler/SGL_302j/LIB_COFF/LIBSGL.A(sglB032.o)
 .text          0x000000000600c4d0        0x0 ../../Compiler/SGL_302j/LIB_COFF/LIBSGL.A(sglB053.o)
 .text          0x000000000600c4d0        0x0 ../../Compiler/SGL_302j/LIB_COFF/LIBSGL.A(sglB056.o)
 .text          0x000000000600c4d0        0x0 ../../Compiler/SGL_302j/LIB_COFF/LIBSGL.A(sglB063.o)
 .text          0x000000000600c4d0        0x0 ../../Compiler/SGL_302j/LIB_COFF/LIBSGL.A(sglB200.o)
 .text          0x000000000600c4d0        0x0 ../../Compiler/SGL_302j/LIB_COFF/LIBSGL.A(sglC06.o)
 .text          0x000000000600c4d0        0x0 ../../Compiler/SGL_302j/LIB_COFF/LIBSGL.A(sglC07.o)
 .text          0x000000000600c4d0        0x0 ../../Compiler/SGL_302j/LIB_COFF/LIBSGL.A(sglC08.o)
 .text          0x000000000600c4d0        0x0 ../../Compiler/SGL_302j/LIB_COFF/LIBSGL.A(sglC20.o)
 .text          0x000000000600c4d0        0x0 ../../Compiler/SGL_302j/LIB_COFF/LIBSGL.A(sglD00.o)
 .text          0x000000000600c4d0        0x0 ../../Compiler/SGL_302j/LIB_COFF/LIBSGL.A(sglD01.o)
 .text          0x000000000600c4d0        0x0 ../../Compiler/SGL_302j/LIB_COFF/LIBSGL.A(sglD03.o)
 .text          0x000000000600c4d0        0x0 ../../Compiler/SGL_302j/LIB_COFF/LIBSGL.A(sglD15.o)
 .text          0x000000000600c4d0        0x0 ../../Compiler/SGL_302j/LIB_COFF/LIBSGL.A(sglD16.o)
 .text          0x000000000600c4d0        0x0 ../../Compiler/SGL_302j/LIB_COFF/LIBSGL.A(sglD17.o)
 .text          0x000000000600c4d0        0x0 ../../Compiler/SGL_302j/LIB_COFF/LIBSGL.A(sglD18.o)
 .text          0x000000000600c4d0        0x0 ../../Compiler/SGL_302j/LIB_COFF/LIBSGL.A(sglF00.o)
 .text          0x000000000600c4d0        0x0 ../../Compiler/SGL_302j/LIB_COFF/LIBSGL.A(sglF05.o)
 .text          0x000000000600c4d0        0x0 ../../Compiler/SGL_302j/LIB_COFF/LIBSGL.A(sglH00.o)
 .text          0x000000000600c4d0        0x0 ../../Compiler/SGL_302j/LIB_COFF/LIBSGL.A(sglH01.o)
 .text          0x000000000600c4d0        0x0 ../../Compiler/SGL_302j/LIB_COFF/LIBSGL.A(sglH02.o)
 .text          0x000000000600c4d0        0x0 ../../Compiler/SGL_302j/LIB_COFF/LIBSGL.A(sglH04.o)
 .text          0x000000000600c4d0        0x0 ../../Compiler/SGL_302j/LIB_COFF/LIBSGL.A(sglI01.o)
 .text          0x000000000600c4d0      0x128 ../../Compiler/SGL_302j/LIB_COFF/LIBSGL.A(sglIc0.o)
                0x000000000600c4d0                slInitSystem
 *fill*         0x000000000600c5f8        0x8 
 .text          0x000000000600c600        0x0 ../../Compiler/SGL_302j/LIB_COFF/LIBSGL.A(sglJ00.o)
 .text          0x000000000600c600        0x0 ../../Compiler/SGL_302j/LIB_COFF/LIBSGL.A(sglJ01.o)
 .text          0x000000000600c600        0x0 ../../Compiler/SGL_302j/LIB_COFF/LIBSGL.A(sglJ02.o)
 .text          0x000000000600c600        0x0 ../../Compiler/SGL_302j/LIB_COFF/LIBSGL.A(sglJ03.o)
 .text          0x000000000600c600        0x0 ../../Compiler/SGL_302j/LIB_COFF/LIBSGL.A(sglJ04.o)
 .text          0x000000000600c600        0x0 ../../Compiler/SGL_302j/LIB_COFF/LIBSGL.A(sglJ05.o)
 .text          0x000000000600c600        0x0 ../../Compiler/SGL_302j/LIB_COFF/LIBSGL.A(sglK01.o)
 .text          0x000000000600c600        0x0 ../../Compiler/SGL_302j/LIB_COFF/LIBSGL.A(sglM01.o)
 .text          0x000000000600c600        0x0 ../../Compiler/SGL_302j/LIB_COFF/LIBSGL.A(sglA00.o)
 .text          0x000000000600c600        0x0 ../../Compiler/SGL_302j/LIB_COFF/LIBSGL.A(sglA01.o)
 .text          0x000000000600c600        0x0 ../../Compiler/SGL_302j/LIB_COFF/LIBSGL.A(sglB000.o)
 .text          0x000000000600c600        0x0 ../../Compiler/SGL_302j/LIB_COFF/LIBSGL.A(sglB035.o)
 .text          0x000000000600c600        0x0 ../../Compiler/SGL_302j/LIB_COFF/LIBSGL.A(sglC00.o)
 .text          0x000000000600c600        0x0 ../../Compiler/SGL_302j/LIB_COFF/LIBSGL.A(sglI00.o)
 .text          0x000000000600c600        0x0 ../../Compiler/SGL_302j/LIB_COFF/LIBSGL.A(sglH03.o)
 .text          0x000000000600c600       0x52 /home/sansigolo/GameDev/joengine/Compiler/SH_NONE_ELF/bin/../lib/gcc/sh-none-elf/8.2.0/libgcc.a(_ashiftrt.o)
                0x000000000600c600                __ashiftrt_r4_31
                0x000000000600c600                __ashiftrt_r4_32
                0x000000000600c606                __ashiftrt_r4_30
                0x000000000600c608                __ashiftrt_r4_29
                0x000000000600c60a                __ashiftrt_r4_28
                0x000000000600c60c                __ashiftrt_r4_27
                0x000000000600c60e                __ashiftrt_r4_26
                0x000000000600c610                __ashiftrt_r4_25
                0x000000000600c612                __ashiftrt_r4_24
                0x000000000600c61a                __ashiftrt_r4_23
                0x000000000600c61c                __ashiftrt_r4_22
                0x000000000600c61e                __ashiftrt_r4_21
                0x000000000600c620                __ashiftrt_r4_20
                0x000000000600c622                __ashiftrt_r4_19
                0x000000000600c624                __ashiftrt_r4_18
                0x000000000600c626                __ashiftrt_r4_17
                0x000000000600c628                __ashiftrt_r4_16
                0x000000000600c62e                __ashiftrt_r4_15
                0x000000000600c630                __ashiftrt_r4_14
                0x000000000600c632                __ashiftrt_r4_13
                0x000000000600c634                __ashiftrt_r4_12
                0x000000000600c636                __ashiftrt_r4_11
                0x000000000600c638                __ashiftrt_r4_10
                0x000000000600c63a                __ashiftrt_r4_9
                0x000000000600c63c                __ashiftrt_r4_8
                0x000000000600c63e                __ashiftrt_r4_7
                0x000000000600c640                __ashiftrt_r4_6
                0x000000000600c642                __ashiftrt_r4_5
                0x000000000600c644                __ashiftrt_r4_4
                0x000000000600c646                __ashiftrt_r4_3
                0x000000000600c648                __ashiftrt_r4_2
                0x000000000600c64a                __ashiftrt_r4_1
                0x000000000600c64e                __ashiftrt_r4_0
 *fill*         0x000000000600c652        0x2 
 .text          0x000000000600c654       0xa0 /home/sansigolo/GameDev/joengine/Compiler/SH_NONE_ELF/bin/../lib/gcc/sh-none-elf/8.2.0/libgcc.a(_sdivsi3.o)
                0x000000000600c654                __sdivsi3
 .text          0x000000000600c6f4       0x6c /home/sansigolo/GameDev/joengine/Compiler/SH_NONE_ELF/bin/../lib/gcc/sh-none-elf/8.2.0/libgcc.a(_udivsi3.o)
                0x000000000600c716                __udivsi3
 .text          0x000000000600c760      0x134 /home/sansigolo/GameDev/joengine/Compiler/SH_NONE_ELF/bin/../lib/gcc/sh-none-elf/8.2.0/libgcc.a(_mul_sf.o)
                0x000000000600c760                __mulsf3
 .text          0x000000000600c894       0xdc /home/sansigolo/GameDev/joengine/Compiler/SH_NONE_ELF/bin/../lib/gcc/sh-none-elf/8.2.0/libgcc.a(_div_sf.o)
                0x000000000600c894                __divsf3
 .text          0x000000000600c970       0x84 /home/sansigolo/GameDev/joengine/Compiler/SH_NONE_ELF/bin/../lib/gcc/sh-none-elf/8.2.0/libgcc.a(_si_to_sf.o)
                0x000000000600c970                __floatsisf
 .text          0x000000000600c9f4       0x7c /home/sansigolo/GameDev/joengine/Compiler/SH_NONE_ELF/bin/../lib/gcc/sh-none-elf/8.2.0/libgcc.a(_sf_to_si.o)
                0x000000000600c9f4                __fixsfsi
 .text          0x000000000600ca70        0x0 /home/sansigolo/GameDev/joengine/Compiler/SH_NONE_ELF/bin/../lib/gcc/sh-none-elf/8.2.0/libgcc.a(_thenan_sf.o)
 .text          0x000000000600ca70       0x94 /home/sansigolo/GameDev/joengine/Compiler/SH_NONE_ELF/bin/../lib/gcc/sh-none-elf/8.2.0/libgcc.a(_usi_to_sf.o)
                0x000000000600ca70                __floatunsisf
 .text          0x000000000600cb04      0x114 /home/sansigolo/GameDev/joengine/Compiler/SH_NONE_ELF/bin/../lib/gcc/sh-none-elf/8.2.0/libgcc.a(_pack_sf.o)
                0x000000000600cb04                __pack_f
 .text          0x000000000600cc18       0xa0 /home/sansigolo/GameDev/joengine/Compiler/SH_NONE_ELF/bin/../lib/gcc/sh-none-elf/8.2.0/libgcc.a(_unpack_sf.o)
                0x000000000600cc18                __unpack_f
 .text          0x000000000600ccb8       0x1e /home/sansigolo/GameDev/joengine/Compiler/SH_NONE_ELF/bin/../lib/gcc/sh-none-elf/8.2.0/../../../../sh-none-elf/lib/libc.a(lib_a-memcmp.o)
                0x000000000600ccb8                memcmp
 *fill*         0x000000000600ccd6        0x2 
 .text          0x000000000600ccd8       0x94 /home/sansigolo/GameDev/joengine/Compiler/SH_NONE_ELF/bin/../lib/gcc/sh-none-elf/8.2.0/../../../../sh-none-elf/lib/libc.a(lib_a-memcpy.o)
                0x000000000600ccd8                memcpy
 .text          0x000000000600cd6c       0x40 /home/sansigolo/GameDev/joengine/Compiler/SH_NONE_ELF/bin/../lib/gcc/sh-none-elf/8.2.0/../../../../sh-none-elf/lib/libc.a(lib_a-memset.o)
                0x000000000600cd6c                memset
 .text          0x000000000600cdac       0x8c /home/sansigolo/GameDev/joengine/Compiler/SH_NONE_ELF/bin/../lib/gcc/sh-none-elf/8.2.0/../../../../sh-none-elf/lib/libc.a(lib_a-sprintf.o)
                0x000000000600cdac                _sprintf_r
                0x000000000600cdec                sprintf
 .text          0x000000000600ce38       0x2a /home/sansigolo/GameDev/joengine/Compiler/SH_NONE_ELF/bin/../lib/gcc/sh-none-elf/8.2.0/../../../../sh-none-elf/lib/libc.a(lib_a-strncmp.o)
                0x000000000600ce38                strncmp
 .text          0x000000000600ce62       0x32 /home/sansigolo/GameDev/joengine/Compiler/SH_NONE_ELF/bin/../lib/gcc/sh-none-elf/8.2.0/../../../../sh-none-elf/lib/libc.a(lib_a-strncpy.o)
                0x000000000600ce62                strncpy
 .text          0x000000000600ce94     0x1378 /home/sansigolo/GameDev/joengine/Compiler/SH_NONE_ELF/bin/../lib/gcc/sh-none-elf/8.2.0/../../../../sh-none-elf/lib/libc.a(lib_a-svfprintf.o)
                0x000000000600ce94                _svfprintf_r
 .text          0x000000000600e20c      0xef4 /home/sansigolo/GameDev/joengine/Compiler/SH_NONE_ELF/bin/../lib/gcc/sh-none-elf/8.2.0/../../../../sh-none-elf/lib/libc.a(lib_a-dtoa.o)
                0x000000000600e340                _dtoa_r
 .text          0x000000000600f100        0x0 /home/sansigolo/GameDev/joengine/Compiler/SH_NONE_ELF/bin/../lib/gcc/sh-none-elf/8.2.0/../../../../sh-none-elf/lib/libc.a(lib_a-impure.o)
 .text          0x000000000600f100       0x40 /home/sansigolo/GameDev/joengine/Compiler/SH_NONE_ELF/bin/../lib/gcc/sh-none-elf/8.2.0/../../../../sh-none-elf/lib/libc.a(lib_a-localeconv.o)
                0x000000000600f100                __localeconv_l
                0x000000000600f108                _localeconv_r
                0x000000000600f124                localeconv
 .text          0x000000000600f140       0xa8 /home/sansigolo/GameDev/joengine/Compiler/SH_NONE_ELF/bin/../lib/gcc/sh-none-elf/8.2.0/../../../../sh-none-elf/lib/libc.a(lib_a-locale.o)
                0x000000000600f140                _setlocale_r
                0x000000000600f18c                __locale_mb_cur_max
                0x000000000600f1ac                __locale_ctype_ptr_l
                0x000000000600f1b6                __locale_ctype_ptr
                0x000000000600f1d4                setlocale
 .text          0x000000000600f1e8       0x4c /home/sansigolo/GameDev/joengine/Compiler/SH_NONE_ELF/bin/../lib/gcc/sh-none-elf/8.2.0/../../../../sh-none-elf/lib/libc.a(lib_a-mbtowc_r.o)
                0x000000000600f1e8                _mbtowc_r
                0x000000000600f20c                __ascii_mbtowc
 .text          0x000000000600f234       0x1c /home/sansigolo/GameDev/joengine/Compiler/SH_NONE_ELF/bin/../lib/gcc/sh-none-elf/8.2.0/../../../../sh-none-elf/lib/libc.a(lib_a-memchr.o)
                0x000000000600f234                memchr
 .text          0x000000000600f250      0xa9c /home/sansigolo/GameDev/joengine/Compiler/SH_NONE_ELF/bin/../lib/gcc/sh-none-elf/8.2.0/../../../../sh-none-elf/lib/libc.a(lib_a-mprec.o)
                0x000000000600f250                _Balloc
                0x000000000600f2c4                _Bfree
                0x000000000600f2dc                __multadd
                0x000000000600f384                __s2b
                0x000000000600f444                __hi0bits
                0x000000000600f498                __lo0bits
                0x000000000600f4fc                __i2b
                0x000000000600f518                __multiply
                0x000000000600f65c                __pow5mult
                0x000000000600f718                __lshift
                0x000000000600f80c                __mcmp
                0x000000000600f844                __mdiff
                0x000000000600f920                __ulp
                0x000000000600f98c                __b2d
                0x000000000600fa74                __d2b
                0x000000000600fb60                __ratio
                0x000000000600fbe4                _mprec_log10
                0x000000000600fc3c                __copybits
                0x000000000600fc80                __any_on
 .text          0x000000000600fcec       0x34 /home/sansigolo/GameDev/joengine/Compiler/SH_NONE_ELF/bin/../lib/gcc/sh-none-elf/8.2.0/../../../../sh-none-elf/lib/libc.a(lib_a-nano-callocr.o)
                0x000000000600fcec                _calloc_r
 .text          0x000000000600fd20       0xf4 /home/sansigolo/GameDev/joengine/Compiler/SH_NONE_ELF/bin/../lib/gcc/sh-none-elf/8.2.0/../../../../sh-none-elf/lib/libc.a(lib_a-nano-mallocr.o)
                0x000000000600fd20                _malloc_r
 .text          0x000000000600fe14       0x30 /home/sansigolo/GameDev/joengine/Compiler/SH_NONE_ELF/bin/../lib/gcc/sh-none-elf/8.2.0/../../../../sh-none-elf/lib/libc.a(lib_a-sbrkr.o)
                0x000000000600fe14                _sbrk_r
 .text          0x000000000600fe44       0x38 /home/sansigolo/GameDev/joengine/Compiler/SH_NONE_ELF/bin/../lib/gcc/sh-none-elf/8.2.0/../../../../sh-none-elf/lib/libc.a(lib_a-strcmp.o)
                0x000000000600fe44                strcmp
 .text          0x000000000600fe7c       0x20 /home/sansigolo/GameDev/joengine/Compiler/SH_NONE_ELF/bin/../lib/gcc/sh-none-elf/8.2.0/../../../../sh-none-elf/lib/libc.a(lib_a-strlen.o)
                0x000000000600fe7c                strlen
 .text          0x000000000600fe9c      0xa60 /home/sansigolo/GameDev/joengine/Compiler/SH_NONE_ELF/bin/../lib/gcc/sh-none-elf/8.2.0/../../../../sh-none-elf/lib/libc.a(lib_a-svfiprintf.o)
                0x000000000600fe9c                __ssprint_r
                0x000000000600ffd0                _svfiprintf_r
 .text          0x00000000060108fc      0x25c /home/sansigolo/GameDev/joengine/Compiler/SH_NONE_ELF/bin/../lib/gcc/sh-none-elf/8.2.0/../../../../sh-none-elf/lib/libc.a(lib_a-syscalls.o)
                0x0000000006010974                _read
                0x0000000006010984                _lseek
                0x0000000006010994                _write
                0x00000000060109a4                _close
                0x00000000060109b4                _link
                0x00000000060109b8                _sbrk
                0x0000000006010a10                _fstat
                0x0000000006010a1a                _open
                0x0000000006010a2c                _creat
                0x0000000006010a3c                _unlink
                0x0000000006010a40                isatty
                0x0000000006010a44                _isatty
                0x0000000006010a48                _exit
                0x0000000006010a58                _kill
                0x0000000006010a6c                _getpid
                0x0000000006010a70                _raise
                0x0000000006010a74                _stat
                0x0000000006010a84                _chmod
                0x0000000006010a94                _chown
                0x0000000006010aa4                _utime
                0x0000000006010ab8                _fork
                0x0000000006010ac4                _wait
                0x0000000006010ad4                _execve
                0x0000000006010ae4                _execv
                0x0000000006010af4                _pipe
                0x0000000006010b00                _times
                0x0000000006010b04                _gettimeofday
                0x0000000006010b2c                __setup_argv_and_call_main
 .text          0x0000000006010b58       0x14 /home/sansigolo/GameDev/joengine/Compiler/SH_NONE_ELF/bin/../lib/gcc/sh-none-elf/8.2.0/../../../../sh-none-elf/lib/libc.a(lib_a-trap.o)
                0x0000000006010b58                __trap34
 .text          0x0000000006010b6c       0x40 /home/sansigolo/GameDev/joengine/Compiler/SH_NONE_ELF/bin/../lib/gcc/sh-none-elf/8.2.0/../../../../sh-none-elf/lib/libc.a(lib_a-wctomb_r.o)
                0x0000000006010b6c                _wctomb_r
                0x0000000006010b8c                __ascii_wctomb
 .text          0x0000000006010bac       0x18 /home/sansigolo/GameDev/joengine/Compiler/SH_NONE_ELF/bin/../lib/gcc/sh-none-elf/8.2.0/../../../../sh-none-elf/lib/libc.a(lib_a-abort.o)
                0x0000000006010bac                abort
 .text          0x0000000006010bc4        0x0 /home/sansigolo/GameDev/joengine/Compiler/SH_NONE_ELF/bin/../lib/gcc/sh-none-elf/8.2.0/../../../../sh-none-elf/lib/libc.a(lib_a-ctype_.o)
 .text          0x0000000006010bc4       0x3c /home/sansigolo/GameDev/joengine/Compiler/SH_NONE_ELF/bin/../lib/gcc/sh-none-elf/8.2.0/../../../../sh-none-elf/lib/libc.a(lib_a-memmove.o)
                0x0000000006010bc4                memmove
 .text          0x0000000006010c00        0x8 /home/sansigolo/GameDev/joengine/Compiler/SH_NONE_ELF/bin/../lib/gcc/sh-none-elf/8.2.0/../../../../sh-none-elf/lib/libc.a(lib_a-mlock.o)
                0x0000000006010c00                __malloc_lock
                0x0000000006010c04                __malloc_unlock
 .text          0x0000000006010c08       0xc8 /home/sansigolo/GameDev/joengine/Compiler/SH_NONE_ELF/bin/../lib/gcc/sh-none-elf/8.2.0/../../../../sh-none-elf/lib/libc.a(lib_a-nano-freer.o)
                0x0000000006010c08                _free_r
 .text          0x0000000006010cd0       0x7c /home/sansigolo/GameDev/joengine/Compiler/SH_NONE_ELF/bin/../lib/gcc/sh-none-elf/8.2.0/../../../../sh-none-elf/lib/libc.a(lib_a-nano-reallocr.o)
                0x0000000006010cd0                _realloc_r
 .text          0x0000000006010d4c      0x1b0 /home/sansigolo/GameDev/joengine/Compiler/SH_NONE_ELF/bin/../lib/gcc/sh-none-elf/8.2.0/../../../../sh-none-elf/lib/libc.a(lib_a-signal.o)
                0x0000000006010d4c                _init_signal_r
                0x0000000006010d88                _signal_r
                0x0000000006010dd4                _raise_r
                0x0000000006010e4c                __sigtramp_r
                0x0000000006010eb0                raise
                0x0000000006010ec4                signal
                0x0000000006010ed8                _init_signal
                0x0000000006010ee8                __sigtramp
 .text          0x0000000006010efc       0x40 /home/sansigolo/GameDev/joengine/Compiler/SH_NONE_ELF/bin/../lib/gcc/sh-none-elf/8.2.0/../../../../sh-none-elf/lib/libc.a(lib_a-signalr.o)
                0x0000000006010efc                _kill_r
                0x0000000006010f30                _getpid_r
 .text          0x0000000006010f3c       0x16 /home/sansigolo/GameDev/joengine/Compiler/SH_NONE_ELF/bin/../lib/gcc/sh-none-elf/8.2.0/../../../../sh-none-elf/lib/libc.a(lib_a-nano-msizer.o)
                0x0000000006010f3c                _malloc_usable_size_r
 *fill*         0x0000000006010f52        0x2 
 .text          0x0000000006010f54       0x80 /home/sansigolo/GameDev/joengine/Compiler/SH_NONE_ELF/bin/../lib/gcc/sh-none-elf/8.2.0/libgcc.a(_ashiftrt_n.o)
                0x0000000006010f54                __ashrsi3
 .text          0x0000000006010fd4       0xbc /home/sansigolo/GameDev/joengine/Compiler/SH_NONE_ELF/bin/../lib/gcc/sh-none-elf/8.2.0/libgcc.a(_ashiftlt.o)
                0x0000000006010fd4                __ashlsi3
                0x0000000006010fd8                __ashlsi3_r0
 .text          0x0000000006011090       0xbc /home/sansigolo/GameDev/joengine/Compiler/SH_NONE_ELF/bin/../lib/gcc/sh-none-elf/8.2.0/libgcc.a(_lshiftrt.o)
                0x0000000006011090                __lshrsi3
                0x0000000006011094                __lshrsi3_r0
 .text          0x000000000601114c      0x258 /home/sansigolo/GameDev/joengine/Compiler/SH_NONE_ELF/bin/../lib/gcc/sh-none-elf/8.2.0/libgcc.a(_udivdi3.o)
                0x000000000601114c                __udivdi3
 .text          0x00000000060113a4      0x2bc /home/sansigolo/GameDev/joengine/Compiler/SH_NONE_ELF/bin/../lib/gcc/sh-none-elf/8.2.0/libgcc.a(_umoddi3.o)
                0x00000000060113a4                __umoddi3
 .text          0x0000000006011660      0x3b4 /home/sansigolo/GameDev/joengine/Compiler/SH_NONE_ELF/bin/../lib/gcc/sh-none-elf/8.2.0/libgcc.a(_addsub_df.o)
                0x0000000006011970                __adddf3
                0x00000000060119c0                __subdf3
 .text          0x0000000006011a14      0x208 /home/sansigolo/GameDev/joengine/Compiler/SH_NONE_ELF/bin/../lib/gcc/sh-none-elf/8.2.0/libgcc.a(_mul_df.o)
                0x0000000006011a14                __muldf3
 .text          0x0000000006011c1c      0x130 /home/sansigolo/GameDev/joengine/Compiler/SH_NONE_ELF/bin/../lib/gcc/sh-none-elf/8.2.0/libgcc.a(_div_df.o)
                0x0000000006011c1c                __divdf3
 .text          0x0000000006011d4c       0x58 /home/sansigolo/GameDev/joengine/Compiler/SH_NONE_ELF/bin/../lib/gcc/sh-none-elf/8.2.0/libgcc.a(_eq_df.o)
                0x0000000006011d4c                __eqdf2
 .text          0x0000000006011da4       0x58 /home/sansigolo/GameDev/joengine/Compiler/SH_NONE_ELF/bin/../lib/gcc/sh-none-elf/8.2.0/libgcc.a(_ne_df.o)
                0x0000000006011da4                __nedf2
 .text          0x0000000006011dfc       0x50 /home/sansigolo/GameDev/joengine/Compiler/SH_NONE_ELF/bin/../lib/gcc/sh-none-elf/8.2.0/libgcc.a(_gt_df.o)
                0x0000000006011dfc                __gtdf2
 .text          0x0000000006011e4c       0x50 /home/sansigolo/GameDev/joengine/Compiler/SH_NONE_ELF/bin/../lib/gcc/sh-none-elf/8.2.0/libgcc.a(_ge_df.o)
                0x0000000006011e4c                __gedf2
 .text          0x0000000006011e9c       0x58 /home/sansigolo/GameDev/joengine/Compiler/SH_NONE_ELF/bin/../lib/gcc/sh-none-elf/8.2.0/libgcc.a(_lt_df.o)
                0x0000000006011e9c                __ltdf2
 .text          0x0000000006011ef4       0x58 /home/sansigolo/GameDev/joengine/Compiler/SH_NONE_ELF/bin/../lib/gcc/sh-none-elf/8.2.0/libgcc.a(_le_df.o)
                0x0000000006011ef4                __ledf2
 .text          0x0000000006011f4c       0x40 /home/sansigolo/GameDev/joengine/Compiler/SH_NONE_ELF/bin/../lib/gcc/sh-none-elf/8.2.0/libgcc.a(_unord_df.o)
                0x0000000006011f4c                __unorddf2
 .text          0x0000000006011f8c       0xa8 /home/sansigolo/GameDev/joengine/Compiler/SH_NONE_ELF/bin/../lib/gcc/sh-none-elf/8.2.0/libgcc.a(_si_to_df.o)
                0x0000000006011f8c                __floatsidf
 .text          0x0000000006012034       0xa4 /home/sansigolo/GameDev/joengine/Compiler/SH_NONE_ELF/bin/../lib/gcc/sh-none-elf/8.2.0/libgcc.a(_df_to_si.o)
                0x0000000006012034                __fixdfsi
 .text          0x00000000060120d8        0x0 /home/sansigolo/GameDev/joengine/Compiler/SH_NONE_ELF/bin/../lib/gcc/sh-none-elf/8.2.0/libgcc.a(_thenan_df.o)
 .text          0x00000000060120d8       0x88 /home/sansigolo/GameDev/joengine/Compiler/SH_NONE_ELF/bin/../lib/gcc/sh-none-elf/8.2.0/libgcc.a(_usi_to_df.o)
                0x00000000060120d8                __floatunsidf
 .text          0x0000000006012160       0x60 /home/sansigolo/GameDev/joengine/Compiler/SH_NONE_ELF/bin/../lib/gcc/sh-none-elf/8.2.0/libgcc.a(_udiv_qrnnd_16.o)
                0x0000000006012160                __udiv_qrnnd_16
 .text          0x00000000060121c0        0x0 /home/sansigolo/GameDev/joengine/Compiler/SH_NONE_ELF/bin/../lib/gcc/sh-none-elf/8.2.0/libgcc.a(_clz.o)
 .text          0x00000000060121c0       0x58 /home/sansigolo/GameDev/joengine/Compiler/SH_NONE_ELF/bin/../lib/gcc/sh-none-elf/8.2.0/libgcc.a(_clzsi2.o)
                0x00000000060121c0                __clzsi2
 .text          0x0000000006012218      0x25c /home/sansigolo/GameDev/joengine/Compiler/SH_NONE_ELF/bin/../lib/gcc/sh-none-elf/8.2.0/libgcc.a(_pack_df.o)
                0x0000000006012218                __pack_d
 .text          0x0000000006012474       0xcc /home/sansigolo/GameDev/joengine/Compiler/SH_NONE_ELF/bin/../lib/gcc/sh-none-elf/8.2.0/libgcc.a(_unpack_df.o)
                0x0000000006012474                __unpack_d
 .text          0x0000000006012540       0xc8 /home/sansigolo/GameDev/joengine/Compiler/SH_NONE_ELF/bin/../lib/gcc/sh-none-elf/8.2.0/libgcc.a(_fpcmp_parts_df.o)
                0x0000000006012540                __fpcmp_parts_d
 *(.strings)
                0x0000000006012608                __etext = .

.text.startup   0x0000000006012608      0x494
 .text.startup  0x0000000006012608      0x494 /tmp/cc2XWi8Y.ltrans0.ltrans.o
                0x0000000006012608                main

.rodata         0x0000000006012aa0      0x684
 *(.rodata)
 .rodata        0x0000000006012aa0      0x174 /tmp/cc2XWi8Y.ltrans0.ltrans.o
 .rodata        0x0000000006012c14       0x10 /home/sansigolo/GameDev/joengine/Compiler/SH_NONE_ELF/bin/../lib/gcc/sh-none-elf/8.2.0/libgcc.a(_thenan_sf.o)
                0x0000000006012c14                __thenan_sf
 .rodata        0x0000000006012c24       0x20 /home/sansigolo/GameDev/joengine/Compiler/SH_NONE_ELF/bin/../lib/gcc/sh-none-elf/8.2.0/../../../../sh-none-elf/lib/libc.a(lib_a-svfprintf.o)
 .rodata        0x0000000006012c44        0x4 /home/sansigolo/GameDev/joengine/Compiler/SH_NONE_ELF/bin/../lib/gcc/sh-none-elf/8.2.0/../../../../sh-none-elf/lib/libc.a(lib_a-impure.o)
                0x0000000006012c44                _global_impure_ptr
 .rodata        0x0000000006012c48      0x124 /home/sansigolo/GameDev/joengine/Compiler/SH_NONE_ELF/bin/../lib/gcc/sh-none-elf/8.2.0/../../../../sh-none-elf/lib/libc.a(lib_a-mprec.o)
                0x0000000006012c54                __mprec_tinytens
                0x0000000006012c7c                __mprec_bigtens
                0x0000000006012ca4                __mprec_tens
 .rodata        0x0000000006012d6c       0x20 /home/sansigolo/GameDev/joengine/Compiler/SH_NONE_ELF/bin/../lib/gcc/sh-none-elf/8.2.0/../../../../sh-none-elf/lib/libc.a(lib_a-svfiprintf.o)
 .rodata        0x0000000006012d8c      0x284 /home/sansigolo/GameDev/joengine/Compiler/SH_NONE_ELF/bin/../lib/gcc/sh-none-elf/8.2.0/../../../../sh-none-elf/lib/libc.a(lib_a-ctype_.o)
                0x0000000006012d8c                _ctype_
                0x0000000006012e90                _ctype_b
 .rodata        0x0000000006013010       0x14 /home/sansigolo/GameDev/joengine/Compiler/SH_NONE_ELF/bin/../lib/gcc/sh-none-elf/8.2.0/libgcc.a(_thenan_df.o)
                0x0000000006013010                __thenan_df
 .rodata        0x0000000006013024      0x100 /home/sansigolo/GameDev/joengine/Compiler/SH_NONE_ELF/bin/../lib/gcc/sh-none-elf/8.2.0/libgcc.a(_clz.o)
                0x0000000006013024                __clz_tab

.rodata.str1.4  0x0000000006013124      0x6da
 .rodata.str1.4
                0x0000000006013124      0x668 /tmp/cc2XWi8Y.ltrans0.ltrans.o
                                        0x675 (size before relaxing)
 .rodata.str1.4
                0x000000000601378c       0x3a /home/sansigolo/GameDev/joengine/Compiler/SH_NONE_ELF/bin/../lib/gcc/sh-none-elf/8.2.0/../../../../sh-none-elf/lib/libc.a(lib_a-svfprintf.o)
 *fill*         0x00000000060137c6        0x2 
 .rodata.str1.4
                0x00000000060137c8        0xd /home/sansigolo/GameDev/joengine/Compiler/SH_NONE_ELF/bin/../lib/gcc/sh-none-elf/8.2.0/../../../../sh-none-elf/lib/libc.a(lib_a-dtoa.o)
                                         0x12 (size before relaxing)
 *fill*         0x00000000060137d5        0x3 
 .rodata.str1.4
                0x00000000060137d8        0xa /home/sansigolo/GameDev/joengine/Compiler/SH_NONE_ELF/bin/../lib/gcc/sh-none-elf/8.2.0/../../../../sh-none-elf/lib/libc.a(lib_a-locale.o)
                                         0x12 (size before relaxing)
 .rodata.str1.4
                0x00000000060137e2       0x25 /home/sansigolo/GameDev/joengine/Compiler/SH_NONE_ELF/bin/../lib/gcc/sh-none-elf/8.2.0/../../../../sh-none-elf/lib/libc.a(lib_a-svfiprintf.o)
 *fill*         0x00000000060137e2        0x2 
 .rodata.str1.4
                0x00000000060137e4       0x1a /home/sansigolo/GameDev/joengine/Compiler/SH_NONE_ELF/bin/../lib/gcc/sh-none-elf/8.2.0/../../../../sh-none-elf/lib/libc.a(lib_a-syscalls.o)

.eh_frame       0x0000000006013800      0x170
 .eh_frame      0x0000000006013800       0xa8 /home/sansigolo/GameDev/joengine/Compiler/SH_NONE_ELF/bin/../lib/gcc/sh-none-elf/8.2.0/libgcc.a(_udivdi3.o)
 .eh_frame      0x00000000060138a8       0xc8 /home/sansigolo/GameDev/joengine/Compiler/SH_NONE_ELF/bin/../lib/gcc/sh-none-elf/8.2.0/libgcc.a(_umoddi3.o)
                                         0xdc (size before relaxing)

.rela.dyn       0x0000000006013970        0x0
 .rela.text     0x0000000006013970        0x0 /home/sansigolo/GameDev/joengine/Compiler/SH_NONE_ELF/bin/../lib/gcc/sh-none-elf/8.2.0/../../../../sh-none-elf/lib/libc.a(lib_a-sbrkr.o)
 .rela.text.startup
                0x0000000006013970        0x0 /home/sansigolo/GameDev/joengine/Compiler/SH_NONE_ELF/bin/../lib/gcc/sh-none-elf/8.2.0/../../../../sh-none-elf/lib/libc.a(lib_a-sbrkr.o)

SLPROG          0x0000000006013980    0x116a0
                0x0000000006013980                __slprog_start = .
 *(SLPROG)
 SLPROG         0x0000000006013980     0x6540 ../../Compiler/SGL_302j/LIB_COFF/SGLAREA.O
                0x0000000006013980                MasterStack
                0x0000000006013984                SlaveStack
                0x0000000006013988                MaxVertices
                0x000000000601398a                MaxPolygons
                0x000000000601398c                SortList
                0x0000000006013990                SortListSize
                0x0000000006013994                TransList
                0x0000000006013998                Zbuffer
                0x000000000601399c                SpriteBuf
                0x00000000060139a0                SpriteBufSize
                0x00000000060139a4                Pbuffer
                0x00000000060139a8                CommandBuf
                0x00000000060139ac                CLOfstBuf
                0x00000000060139b0                PCM_Work
                0x00000000060139b4                PCM_WkSize
                0x00000000060139b8                MaxEvents
                0x00000000060139ba                EventSize
                0x00000000060139bc                MaxWorks
                0x00000000060139be                WorkSize
                0x00000000060139c0                RemainEvent
                0x0000000006013ac0                RemainWork
                0x0000000006013ec0                EventBuf
                0x0000000006015ec0                WorkBuf
 SLPROG         0x0000000006019ec0       0x18 ../../Compiler/SGL_302j/LIB_COFF/LIBSGL.A(sglA15.o)
                0x0000000006019ec0                slSlaveFunc
 *fill*         0x0000000006019ed8        0x8 
 SLPROG         0x0000000006019ee0      0x42c ../../Compiler/SGL_302j/LIB_COFF/LIBSGL.A(sglA20.o)
                0x0000000006019ee0                slInitMatrix
                0x0000000006019eea                slPushUnitMatrix
                0x0000000006019efe                slUnitMatrix
 *fill*         0x000000000601a30c        0x4 
 SLPROG         0x000000000601a310       0x48 ../../Compiler/SGL_302j/LIB_COFF/LIBSGL.A(sglA21.o)
                0x000000000601a310                slPushMatrix
                0x000000000601a344                slPopMatrix
                0x000000000601a344                slDecMatrixPtr
 *fill*         0x000000000601a358        0x8 
 SLPROG         0x000000000601a360       0x50 ../../Compiler/SGL_302j/LIB_COFF/LIBSGL.A(sglA27.o)
                0x000000000601a360                slTranslate
 SLPROG         0x000000000601a3b0       0x20 ../../Compiler/SGL_302j/LIB_COFF/LIBSGL.A(sglB001.o)
                0x000000000601a3b0                slTVOn
                0x000000000601a3ba                slTVOff
 SLPROG         0x000000000601a3d0       0x24 ../../Compiler/SGL_302j/LIB_COFF/LIBSGL.A(sglB011.o)
                0x000000000601a3d0                slBitMapNbg1
 *fill*         0x000000000601a3f4        0xc 
 SLPROG         0x000000000601a400      0x40c ../../Compiler/SGL_302j/LIB_COFF/LIBSGL.A(sglB015.o)
                0x000000000601a400                slScrAutoDisp
 *fill*         0x000000000601a80c        0x4 
 SLPROG         0x000000000601a810        0xc ../../Compiler/SGL_302j/LIB_COFF/LIBSGL.A(sglB016.o)
                0x000000000601a810                slBack1ColSet
 *fill*         0x000000000601a81c        0x4 
 SLPROG         0x000000000601a820       0xb4 ../../Compiler/SGL_302j/LIB_COFF/LIBSGL.A(sglB032.o)
                0x000000000601a820                slMapNbg1
 *fill*         0x000000000601a8d4        0xc 
 SLPROG         0x000000000601a8e0        0xc ../../Compiler/SGL_302j/LIB_COFF/LIBSGL.A(sglB053.o)
                0x000000000601a8e0                slZoomNbg1
 *fill*         0x000000000601a8ec        0x4 
 SLPROG         0x000000000601a8f0        0xc ../../Compiler/SGL_302j/LIB_COFF/LIBSGL.A(sglB056.o)
                0x000000000601a8f0                slPlaneNbg1
 *fill*         0x000000000601a8fc        0x4 
 SLPROG         0x000000000601a900        0xc ../../Compiler/SGL_302j/LIB_COFF/LIBSGL.A(sglB063.o)
                0x000000000601a900                slPriority
 *fill*         0x000000000601a90c        0x4 
 SLPROG         0x000000000601a910      0x114 ../../Compiler/SGL_302j/LIB_COFF/LIBSGL.A(sglB200.o)
                0x000000000601a910                slCharRbg0
                0x000000000601a91c                slCharNbg0
                0x000000000601a928                slCharNbg1
                0x000000000601a934                slCharNbg2
                0x000000000601a94a                slCharNbg3
                0x000000000601a962                slPageRbg0
                0x000000000601a978                slPageNbg1
                0x000000000601a980                slPageNbg2
                0x000000000601a988                slPageNbg3
                0x000000000601a994                slPageNbg0
 *fill*         0x000000000601aa24        0xc 
 SLPROG         0x000000000601aa30       0xfa ../../Compiler/SGL_302j/LIB_COFF/LIBSGL.A(sglC06.o)
                0x000000000601aa30                slDispSprite
 *fill*         0x000000000601ab2a        0x6 
 SLPROG         0x000000000601ab30      0x162 ../../Compiler/SGL_302j/LIB_COFF/LIBSGL.A(sglC07.o)
                0x000000000601ab36                slPutSprite
 *fill*         0x000000000601ac92        0xe 
 SLPROG         0x000000000601aca0     0x1218 ../../Compiler/SGL_302j/LIB_COFF/LIBSGL.A(sglC08.o)
                0x000000000601aca0                slPutPolygon
                0x000000000601b91c                MsCalcDepthFlat
 *fill*         0x000000000601beb8        0x8 
 SLPROG         0x000000000601bec0       0x40 ../../Compiler/SGL_302j/LIB_COFF/LIBSGL.A(sglC20.o)
                0x000000000601bec0                SpriteEntry
 SLPROG         0x000000000601bf00       0x84 ../../Compiler/SGL_302j/LIB_COFF/LIBSGL.A(sglD00.o)
                0x000000000601bf00                slDMACopy
                0x000000000601bf00                slCpuDMACopy
                0x000000000601bf5a                slCashPurge
                0x000000000601bf5a                CSH_AllClr
 *fill*         0x000000000601bf84        0xc 
 SLPROG         0x000000000601bf90       0xa0 ../../Compiler/SGL_302j/LIB_COFF/LIBSGL.A(sglD01.o)
                0x000000000601bf90                slDMAXCopy
 SLPROG         0x000000000601c030        0xc ../../Compiler/SGL_302j/LIB_COFF/LIBSGL.A(sglD03.o)
                0x000000000601c030                slDMAStatus
 *fill*         0x000000000601c03c        0x4 
 SLPROG         0x000000000601c040       0x20 ../../Compiler/SGL_302j/LIB_COFF/LIBSGL.A(sglD15.o)
                0x000000000601c040                CSH_Purge
 SLPROG         0x000000000601c060       0x84 ../../Compiler/SGL_302j/LIB_COFF/LIBSGL.A(sglD16.o)
                0x000000000601c060                DMA_ScuSetPrm
                0x000000000601c0a8                DMA_SCU_PRM0
 *fill*         0x000000000601c0e4        0xc 
 SLPROG         0x000000000601c0f0       0x88 ../../Compiler/SGL_302j/LIB_COFF/LIBSGL.A(sglD17.o)
                0x000000000601c0f0                DMA_ScuStart
 *fill*         0x000000000601c178        0x8 
 SLPROG         0x000000000601c180       0x34 ../../Compiler/SGL_302j/LIB_COFF/LIBSGL.A(sglD18.o)
                0x000000000601c180                DMA_ScuGetStatus
 *fill*         0x000000000601c1b4        0xc 
 SLPROG         0x000000000601c1c0       0x4e ../../Compiler/SGL_302j/LIB_COFF/LIBSGL.A(sglF00.o)
                0x000000000601c1c0                slCurScrn
                0x000000000601c1d0                slCurColor
                0x000000000601c1da                slLocate
                0x000000000601c20c                CurrentScreen
 *fill*         0x000000000601c20e        0x2 
 SLPROG         0x000000000601c210       0x1c ../../Compiler/SGL_302j/LIB_COFF/LIBSGL.A(sglF05.o)
                0x000000000601c210                slPrint
 *fill*         0x000000000601c22c        0x4 
 SLPROG         0x000000000601c230      0xfc8 ../../Compiler/SGL_302j/LIB_COFF/LIBSGL.A(sglH00.o)
                0x000000000601c248                slGetPortDir1
                0x000000000601c250                slGetPortDir2
                0x000000000601c258                slSetPortDir1
                0x000000000601c282                slSetPortDir2
                0x000000000601c2bc                slGetPortData1
                0x000000000601c2c4                slGetPortData2
                0x000000000601c2cc                slSetPortData1
                0x000000000601c2d6                slSetPortData2
                0x000000000601c2e8                slGetPortSelect1
                0x000000000601c2f2                slGetPortSelect2
                0x000000000601c2fc                slSetPortSelect1
                0x000000000601c330                slSetPortSelect2
                0x000000000601c36c                slGetPortExt1
                0x000000000601c376                slGetPortExt2
                0x000000000601c380                slSetPortExt1
                0x000000000601c3b0                slSetPortExt2
                0x000000000601c524                slSmpcDirectAccess
                0x000000000601c5a4                slInitPeripheral
                0x000000000601c636                slSetResultBuffer
                0x000000000601c6c2                slCheckIntBackSet
                0x000000000601c6ce                slIntBackCancel
                0x000000000601c6f8                slCheckReset
                0x000000000601c702                slClearReset
                0x000000000601c8c8                slSmpcCashSend
                0x000000000601c984                slSmpcCashBlow
                0x000000000601ca60                slGetOptimize
                0x000000000601ca6a                slSetOptimize
                0x000000000601ca90                slGetPortMode1
                0x000000000601ca9c                slGetPortMode2
                0x000000000601caaa                slSetPortMode1
                0x000000000601cae8                slSetPortMode2
                0x000000000601cc74                slRequestCommand
                0x000000000601cce4                Smpc_Status
                0x000000000601cce8                Smpc_Result
                0x000000000601ccec                Smpc_Peripheral
                0x000000000601ccf2                Per_Connect1
                0x000000000601ccf3                Per_Connect2
                0x000000000601cd14                SmpcStatusBuf
 *fill*         0x000000000601d1f8        0x8 
 SLPROG         0x000000000601d200       0xa8 ../../Compiler/SGL_302j/LIB_COFF/LIBSGL.A(sglH01.o)
                0x000000000601d200                slGetLanguage
                0x000000000601d20a                slSetLanguage
                0x000000000601d22c                slGetSoundEffect
                0x000000000601d238                slSetSoundEffect
                0x000000000601d254                slGetSoundOutput
                0x000000000601d260                slSetSoundOutput
                0x000000000601d27c                slGetHelpWindow
                0x000000000601d288                slSetHelpWindow
 *fill*         0x000000000601d2a8        0x8 
 SLPROG         0x000000000601d2b0      0x470 ../../Compiler/SGL_302j/LIB_COFF/LIBSGL.A(sglH02.o)
                0x000000000601d6a0                smpc_pfr_tbl
                0x000000000601d6e0                smpc_ptf_tbl
 SLPROG         0x000000000601d720       0x60 ../../Compiler/SGL_302j/LIB_COFF/LIBSGL.A(sglH04.o)
                0x000000000601d720                slComPrmIntBack
                0x000000000601d734                slComPrmSetMemory
                0x000000000601d74a                slComPrmSetTime
 SLPROG         0x000000000601d780      0x3a4 ../../Compiler/SGL_302j/LIB_COFF/LIBSGL.A(sglI01.o)
                0x000000000601d780                slInitSynch
                0x000000000601d79a                slSynch
                0x000000000601d890                slRandom
                0x000000000601d8ae                PCM_EndCheck
                0x000000000601d96a                RetPCMBuf
                0x000000000601da04                PCM_Buf
                0x000000000601daa4                Sound_Buf
 *fill*         0x000000000601db24        0xc 
 SLPROG         0x000000000601db30       0x74 ../../Compiler/SGL_302j/LIB_COFF/LIBSGL.A(sglJ00.o)
                0x000000000601db30                InitSlaveSH
                0x000000000601db98                SlaveCommand
 *fill*         0x000000000601dba4        0xc 
 SLPROG         0x000000000601dbb0      0x3d0 ../../Compiler/SGL_302j/LIB_COFF/LIBSGL.A(sglJ01.o)
                0x000000000601dbb0                SlaveControl
                0x000000000601df6c                ErasePolygonData
 SLPROG         0x000000000601df80     0x12b8 ../../Compiler/SGL_302j/LIB_COFF/LIBSGL.A(sglJ02.o)
                0x000000000601df80                sbMakePolygon
                0x000000000601e168                sbCalcPolygon
                0x000000000601eea0                SetTexture
                0x000000000601eeac                SetPolygon
                0x000000000601eeb4                SetPosition
                0x000000000601eeec                stvtc_4
                0x000000000601efa4                stvtc_3
                0x000000000601f1b4                stvtc_1
                0x000000000601f1c8                stvtc_2
                0x000000000601f1dc                stvtc_0
 *fill*         0x000000000601f238        0x8 
 SLPROG         0x000000000601f240      0x140 ../../Compiler/SGL_302j/LIB_COFF/LIBSGL.A(sglJ03.o)
                0x000000000601f240                sbMakeDMATable
 SLPROG         0x000000000601f380      0x470 ../../Compiler/SGL_302j/LIB_COFF/LIBSGL.A(sglJ04.o)
                0x000000000601f3de                sbMakeSprite
                0x000000000601f444                sbMakeRotSprite
 SLPROG         0x000000000601f7f0       0x3c ../../Compiler/SGL_302j/LIB_COFF/LIBSGL.A(sglJ05.o)
                0x000000000601f7f0                sbSortEntry
 *fill*         0x000000000601f82c        0x4 
 SLPROG         0x000000000601f830       0x6a ../../Compiler/SGL_302j/LIB_COFF/LIBSGL.A(sglM01.o)
                0x000000000601f830                slSetDepthLimit
                0x000000000601f85c                slSetDepthTbl
                0x000000000601f88c                DepthWorkArea
 *fill*         0x000000000601f89a        0x6 
 SLPROG         0x000000000601f8a0       0x20 ../../Compiler/SGL_302j/LIB_COFF/LIBSGL.A(sglA00.o)
                0x000000000601f8a0                set_imask
                0x000000000601f8a0                _builtin_set_imask
                0x000000000601f8b4                get_imask
                0x000000000601f8b4                _builtin_get_imask
 SLPROG         0x000000000601f8c0     0x411e ../../Compiler/SGL_302j/LIB_COFF/LIBSGL.A(sglA01.o)
                0x000000000601f8c0                slSin
                0x000000000601f8e4                slCos
                0x000000000601f908                GetSinCos
                0x000000000601f99c                sin_cos_index_tbl
                0x000000000601f9dc                sin_tbl
 *fill*         0x00000000060239de        0x2 
 SLPROG         0x00000000060239e0      0xbd0 ../../Compiler/SGL_302j/LIB_COFF/LIBSGL.A(sglB000.o)
                0x00000000060239e0                slInitScroll
                0x0000000006023b00                setASC_1to8
                0x0000000006023b30                setASC_4to8
                0x0000000006023c40                TVSizeTbl
                0x0000000006023cc0                TVModeTbl
                0x0000000006023e98                SGL_ASCII_CG
 SLPROG         0x00000000060245b0       0xd4 ../../Compiler/SGL_302j/LIB_COFF/LIBSGL.A(sglB035.o)
                0x00000000060245b0                sl1MapRA
                0x0000000006024642                rbank_set
 *fill*         0x0000000006024684        0xc 
 SLPROG         0x0000000006024690      0x134 ../../Compiler/SGL_302j/LIB_COFF/LIBSGL.A(sglC00.o)
                0x0000000006024690                slInitSprite
 *fill*         0x00000000060247c4        0xc 
 SLPROG         0x00000000060247d0      0x75c ../../Compiler/SGL_302j/LIB_COFF/LIBSGL.A(sglI00.o)
                0x0000000006024ac0                slInitInterrupt
 *fill*         0x0000000006024f2c        0x4 
 SLPROG         0x0000000006024f30       0xf0 ../../Compiler/SGL_302j/LIB_COFF/LIBSGL.A(sglH03.o)
                0x0000000006024f94                slSmpcIntBack
                0x0000000006025020                __slprog_end = .

.tors           0x0000000006025020        0x0
                0x0000000006025020                ___ctors = .
 *(.ctors)
                0x0000000006025020                ___ctors_end = .
                0x0000000006025020                ___dtors = .
 *(.dtors)
                0x0000000006025020                ___dtors_end = .

.data           0x0000000006025020      0x634
 *(.data)
 .data          0x0000000006025020        0x0 ../../Compiler/SGL_302j/LIB_COFF/SGLAREA.O
 .data          0x0000000006025020       0x1c /tmp/cc2XWi8Y.ltrans0.ltrans.o
 *fill*         0x000000000602503c        0x4 
 .data          0x0000000006025040        0x0 ../../Compiler/SGL_302j/LIB_COFF/SEGA_SYS.A(sys_exit.o)
 .data          0x0000000006025040        0x0 ../../Compiler/SGL_302j/LIB_COFF/SEGA_SYS.A(sys_sub.o)
 .data          0x0000000006025040        0x0 ../../Compiler/SGL_302j/LIB_COFF/LIBCD.A(CDC_CMN.O)
 .data          0x0000000006025040        0x0 ../../Compiler/SGL_302j/LIB_COFF/LIBCD.A(CDC_CFS.O)
 .data          0x0000000006025040        0x0 ../../Compiler/SGL_302j/LIB_COFF/LIBCD.A(CDC_REG.O)
 .data          0x0000000006025040        0x0 ../../Compiler/SGL_302j/LIB_COFF/LIBCD.A(CDC_SUB.O)
 .data          0x0000000006025040        0x0 ../../Compiler/SGL_302j/LIB_COFF/LIBCD.A(GFS.O)
 .data          0x0000000006025040        0x0 ../../Compiler/SGL_302j/LIB_COFF/LIBCD.A(GFS_BUF.O)
 .data          0x0000000006025040        0x0 ../../Compiler/SGL_302j/LIB_COFF/LIBCD.A(GFS_CDB.O)
 .data          0x0000000006025040        0x0 ../../Compiler/SGL_302j/LIB_COFF/LIBCD.A(GFS_CDC.O)
 .data          0x0000000006025040        0x0 ../../Compiler/SGL_302j/LIB_COFF/LIBCD.A(GFS_CDF.O)
 .data          0x0000000006025040        0x0 ../../Compiler/SGL_302j/LIB_COFF/LIBCD.A(GFS_DIR.O)
 .data          0x0000000006025040        0x0 ../../Compiler/SGL_302j/LIB_COFF/LIBCD.A(GFS_TRN.O)
 .data          0x0000000006025040        0x0 ../../Compiler/SGL_302j/LIB_COFF/LIBCD.A(CDC_DRV.O)
 .data          0x0000000006025040        0x0 ../../Compiler/SGL_302j/LIB_COFF/LIBCD.A(CDC_DEV.O)
 .data          0x0000000006025040        0x0 ../../Compiler/SGL_302j/LIB_COFF/LIBCD.A(CDC_SEL.O)
 .data          0x0000000006025040        0x0 ../../Compiler/SGL_302j/LIB_COFF/LIBCD.A(CDC_BIF.O)
 .data          0x0000000006025040        0x0 ../../Compiler/SGL_302j/LIB_COFF/LIBCD.A(CDC_BIO.O)
 .data          0x0000000006025040        0x0 ../../Compiler/SGL_302j/LIB_COFF/LIBSGL.A(sglA15.o)
 .data          0x0000000006025040        0x0 ../../Compiler/SGL_302j/LIB_COFF/LIBSGL.A(sglA20.o)
 .data          0x0000000006025040        0x0 ../../Compiler/SGL_302j/LIB_COFF/LIBSGL.A(sglA21.o)
 .data          0x0000000006025040        0x0 ../../Compiler/SGL_302j/LIB_COFF/LIBSGL.A(sglA27.o)
 .data          0x0000000006025040        0x0 ../../Compiler/SGL_302j/LIB_COFF/LIBSGL.A(sglB001.o)
 .data          0x0000000006025040        0x0 ../../Compiler/SGL_302j/LIB_COFF/LIBSGL.A(sglB011.o)
 .data          0x0000000006025040        0x0 ../../Compiler/SGL_302j/LIB_COFF/LIBSGL.A(sglB015.o)
 .data          0x0000000006025040        0x0 ../../Compiler/SGL_302j/LIB_COFF/LIBSGL.A(sglB016.o)
 .data          0x0000000006025040        0x0 ../../Compiler/SGL_302j/LIB_COFF/LIBSGL.A(sglB032.o)
 .data          0x0000000006025040        0x0 ../../Compiler/SGL_302j/LIB_COFF/LIBSGL.A(sglB053.o)
 .data          0x0000000006025040        0x0 ../../Compiler/SGL_302j/LIB_COFF/LIBSGL.A(sglB056.o)
 .data          0x0000000006025040        0x0 ../../Compiler/SGL_302j/LIB_COFF/LIBSGL.A(sglB063.o)
 .data          0x0000000006025040        0x0 ../../Compiler/SGL_302j/LIB_COFF/LIBSGL.A(sglB200.o)
 .data          0x0000000006025040        0x0 ../../Compiler/SGL_302j/LIB_COFF/LIBSGL.A(sglC06.o)
 .data          0x0000000006025040        0x0 ../../Compiler/SGL_302j/LIB_COFF/LIBSGL.A(sglC07.o)
 .data          0x0000000006025040        0x0 ../../Compiler/SGL_302j/LIB_COFF/LIBSGL.A(sglC08.o)
 .data          0x0000000006025040        0x0 ../../Compiler/SGL_302j/LIB_COFF/LIBSGL.A(sglC20.o)
 .data          0x0000000006025040        0x0 ../../Compiler/SGL_302j/LIB_COFF/LIBSGL.A(sglD00.o)
 .data          0x0000000006025040        0x0 ../../Compiler/SGL_302j/LIB_COFF/LIBSGL.A(sglD01.o)
 .data          0x0000000006025040        0x0 ../../Compiler/SGL_302j/LIB_COFF/LIBSGL.A(sglD03.o)
 .data          0x0000000006025040        0x0 ../../Compiler/SGL_302j/LIB_COFF/LIBSGL.A(sglD15.o)
 .data          0x0000000006025040        0x0 ../../Compiler/SGL_302j/LIB_COFF/LIBSGL.A(sglD16.o)
 .data          0x0000000006025040        0x0 ../../Compiler/SGL_302j/LIB_COFF/LIBSGL.A(sglD17.o)
 .data          0x0000000006025040        0x0 ../../Compiler/SGL_302j/LIB_COFF/LIBSGL.A(sglD18.o)
 .data          0x0000000006025040        0x0 ../../Compiler/SGL_302j/LIB_COFF/LIBSGL.A(sglF00.o)
 .data          0x0000000006025040        0x0 ../../Compiler/SGL_302j/LIB_COFF/LIBSGL.A(sglF05.o)
 .data          0x0000000006025040        0x0 ../../Compiler/SGL_302j/LIB_COFF/LIBSGL.A(sglH00.o)
 .data          0x0000000006025040        0x0 ../../Compiler/SGL_302j/LIB_COFF/LIBSGL.A(sglH01.o)
 .data          0x0000000006025040        0x0 ../../Compiler/SGL_302j/LIB_COFF/LIBSGL.A(sglH02.o)
 .data          0x0000000006025040        0x0 ../../Compiler/SGL_302j/LIB_COFF/LIBSGL.A(sglH04.o)
 .data          0x0000000006025040        0x0 ../../Compiler/SGL_302j/LIB_COFF/LIBSGL.A(sglI01.o)
 .data          0x0000000006025040       0x80 ../../Compiler/SGL_302j/LIB_COFF/LIBSGL.A(sglIc0.o)
                0x0000000006025040                IntPrioMask
 .data          0x00000000060250c0        0x0 ../../Compiler/SGL_302j/LIB_COFF/LIBSGL.A(sglJ00.o)
 .data          0x00000000060250c0        0x0 ../../Compiler/SGL_302j/LIB_COFF/LIBSGL.A(sglJ01.o)
 .data          0x00000000060250c0        0x0 ../../Compiler/SGL_302j/LIB_COFF/LIBSGL.A(sglJ02.o)
 .data          0x00000000060250c0        0x0 ../../Compiler/SGL_302j/LIB_COFF/LIBSGL.A(sglJ03.o)
 .data          0x00000000060250c0        0x0 ../../Compiler/SGL_302j/LIB_COFF/LIBSGL.A(sglJ04.o)
 .data          0x00000000060250c0        0x0 ../../Compiler/SGL_302j/LIB_COFF/LIBSGL.A(sglJ05.o)
 .data          0x00000000060250c0        0x0 ../../Compiler/SGL_302j/LIB_COFF/LIBSGL.A(sglK01.o)
 .data          0x00000000060250c0        0x0 ../../Compiler/SGL_302j/LIB_COFF/LIBSGL.A(sglM01.o)
 .data          0x00000000060250c0        0x0 ../../Compiler/SGL_302j/LIB_COFF/LIBSGL.A(sglA00.o)
 .data          0x00000000060250c0        0x0 ../../Compiler/SGL_302j/LIB_COFF/LIBSGL.A(sglA01.o)
 .data          0x00000000060250c0        0x0 ../../Compiler/SGL_302j/LIB_COFF/LIBSGL.A(sglB000.o)
 .data          0x00000000060250c0        0x0 ../../Compiler/SGL_302j/LIB_COFF/LIBSGL.A(sglB035.o)
 .data          0x00000000060250c0        0x0 ../../Compiler/SGL_302j/LIB_COFF/LIBSGL.A(sglC00.o)
 .data          0x00000000060250c0        0x0 ../../Compiler/SGL_302j/LIB_COFF/LIBSGL.A(sglI00.o)
 .data          0x00000000060250c0        0x0 ../../Compiler/SGL_302j/LIB_COFF/LIBSGL.A(sglH03.o)
 .data          0x00000000060250c0        0x0 /home/sansigolo/GameDev/joengine/Compiler/SH_NONE_ELF/bin/../lib/gcc/sh-none-elf/8.2.0/libgcc.a(_ashiftrt.o)
 .data          0x00000000060250c0        0x0 /home/sansigolo/GameDev/joengine/Compiler/SH_NONE_ELF/bin/../lib/gcc/sh-none-elf/8.2.0/libgcc.a(_sdivsi3.o)
 .data          0x00000000060250c0        0x0 /home/sansigolo/GameDev/joengine/Compiler/SH_NONE_ELF/bin/../lib/gcc/sh-none-elf/8.2.0/libgcc.a(_udivsi3.o)
 .data          0x00000000060250c0        0x0 /home/sansigolo/GameDev/joengine/Compiler/SH_NONE_ELF/bin/../lib/gcc/sh-none-elf/8.2.0/libgcc.a(_mul_sf.o)
 .data          0x00000000060250c0        0x0 /home/sansigolo/GameDev/joengine/Compiler/SH_NONE_ELF/bin/../lib/gcc/sh-none-elf/8.2.0/libgcc.a(_div_sf.o)
 .data          0x00000000060250c0        0x0 /home/sansigolo/GameDev/joengine/Compiler/SH_NONE_ELF/bin/../lib/gcc/sh-none-elf/8.2.0/libgcc.a(_si_to_sf.o)
 .data          0x00000000060250c0        0x0 /home/sansigolo/GameDev/joengine/Compiler/SH_NONE_ELF/bin/../lib/gcc/sh-none-elf/8.2.0/libgcc.a(_sf_to_si.o)
 .data          0x00000000060250c0        0x0 /home/sansigolo/GameDev/joengine/Compiler/SH_NONE_ELF/bin/../lib/gcc/sh-none-elf/8.2.0/libgcc.a(_thenan_sf.o)
 .data          0x00000000060250c0        0x0 /home/sansigolo/GameDev/joengine/Compiler/SH_NONE_ELF/bin/../lib/gcc/sh-none-elf/8.2.0/libgcc.a(_usi_to_sf.o)
 .data          0x00000000060250c0        0x0 /home/sansigolo/GameDev/joengine/Compiler/SH_NONE_ELF/bin/../lib/gcc/sh-none-elf/8.2.0/libgcc.a(_pack_sf.o)
 .data          0x00000000060250c0        0x0 /home/sansigolo/GameDev/joengine/Compiler/SH_NONE_ELF/bin/../lib/gcc/sh-none-elf/8.2.0/libgcc.a(_unpack_sf.o)
 .data          0x00000000060250c0        0x0 /home/sansigolo/GameDev/joengine/Compiler/SH_NONE_ELF/bin/../lib/gcc/sh-none-elf/8.2.0/../../../../sh-none-elf/lib/libc.a(lib_a-memcmp.o)
 .data          0x00000000060250c0        0x0 /home/sansigolo/GameDev/joengine/Compiler/SH_NONE_ELF/bin/../lib/gcc/sh-none-elf/8.2.0/../../../../sh-none-elf/lib/libc.a(lib_a-memcpy.o)
 .data          0x00000000060250c0        0x0 /home/sansigolo/GameDev/joengine/Compiler/SH_NONE_ELF/bin/../lib/gcc/sh-none-elf/8.2.0/../../../../sh-none-elf/lib/libc.a(lib_a-memset.o)
 .data          0x00000000060250c0        0x0 /home/sansigolo/GameDev/joengine/Compiler/SH_NONE_ELF/bin/../lib/gcc/sh-none-elf/8.2.0/../../../../sh-none-elf/lib/libc.a(lib_a-sprintf.o)
 .data          0x00000000060250c0        0x0 /home/sansigolo/GameDev/joengine/Compiler/SH_NONE_ELF/bin/../lib/gcc/sh-none-elf/8.2.0/../../../../sh-none-elf/lib/libc.a(lib_a-strncmp.o)
 .data          0x00000000060250c0        0x0 /home/sansigolo/GameDev/joengine/Compiler/SH_NONE_ELF/bin/../lib/gcc/sh-none-elf/8.2.0/../../../../sh-none-elf/lib/libc.a(lib_a-strncpy.o)
 .data          0x00000000060250c0        0x0 /home/sansigolo/GameDev/joengine/Compiler/SH_NONE_ELF/bin/../lib/gcc/sh-none-elf/8.2.0/../../../../sh-none-elf/lib/libc.a(lib_a-svfprintf.o)
 .data          0x00000000060250c0        0x0 /home/sansigolo/GameDev/joengine/Compiler/SH_NONE_ELF/bin/../lib/gcc/sh-none-elf/8.2.0/../../../../sh-none-elf/lib/libc.a(lib_a-dtoa.o)
 .data          0x00000000060250c0      0x428 /home/sansigolo/GameDev/joengine/Compiler/SH_NONE_ELF/bin/../lib/gcc/sh-none-elf/8.2.0/../../../../sh-none-elf/lib/libc.a(lib_a-impure.o)
                0x00000000060250c0                _impure_ptr
 .data          0x00000000060254e8        0x0 /home/sansigolo/GameDev/joengine/Compiler/SH_NONE_ELF/bin/../lib/gcc/sh-none-elf/8.2.0/../../../../sh-none-elf/lib/libc.a(lib_a-localeconv.o)
 .data          0x00000000060254e8      0x16c /home/sansigolo/GameDev/joengine/Compiler/SH_NONE_ELF/bin/../lib/gcc/sh-none-elf/8.2.0/../../../../sh-none-elf/lib/libc.a(lib_a-locale.o)
                0x00000000060254e8                __global_locale
 .data          0x0000000006025654        0x0 /home/sansigolo/GameDev/joengine/Compiler/SH_NONE_ELF/bin/../lib/gcc/sh-none-elf/8.2.0/../../../../sh-none-elf/lib/libc.a(lib_a-mbtowc_r.o)
 .data          0x0000000006025654        0x0 /home/sansigolo/GameDev/joengine/Compiler/SH_NONE_ELF/bin/../lib/gcc/sh-none-elf/8.2.0/../../../../sh-none-elf/lib/libc.a(lib_a-memchr.o)
 .data          0x0000000006025654        0x0 /home/sansigolo/GameDev/joengine/Compiler/SH_NONE_ELF/bin/../lib/gcc/sh-none-elf/8.2.0/../../../../sh-none-elf/lib/libc.a(lib_a-mprec.o)
 .data          0x0000000006025654        0x0 /home/sansigolo/GameDev/joengine/Compiler/SH_NONE_ELF/bin/../lib/gcc/sh-none-elf/8.2.0/../../../../sh-none-elf/lib/libc.a(lib_a-nano-callocr.o)
 .data          0x0000000006025654        0x0 /home/sansigolo/GameDev/joengine/Compiler/SH_NONE_ELF/bin/../lib/gcc/sh-none-elf/8.2.0/../../../../sh-none-elf/lib/libc.a(lib_a-nano-mallocr.o)
 .data          0x0000000006025654        0x0 /home/sansigolo/GameDev/joengine/Compiler/SH_NONE_ELF/bin/../lib/gcc/sh-none-elf/8.2.0/../../../../sh-none-elf/lib/libc.a(lib_a-sbrkr.o)
 .data          0x0000000006025654        0x0 /home/sansigolo/GameDev/joengine/Compiler/SH_NONE_ELF/bin/../lib/gcc/sh-none-elf/8.2.0/../../../../sh-none-elf/lib/libc.a(lib_a-strcmp.o)
 .data          0x0000000006025654        0x0 /home/sansigolo/GameDev/joengine/Compiler/SH_NONE_ELF/bin/../lib/gcc/sh-none-elf/8.2.0/../../../../sh-none-elf/lib/libc.a(lib_a-strlen.o)
 .data          0x0000000006025654        0x0 /home/sansigolo/GameDev/joengine/Compiler/SH_NONE_ELF/bin/../lib/gcc/sh-none-elf/8.2.0/../../../../sh-none-elf/lib/libc.a(lib_a-svfiprintf.o)
 .data          0x0000000006025654        0x0 /home/sansigolo/GameDev/joengine/Compiler/SH_NONE_ELF/bin/../lib/gcc/sh-none-elf/8.2.0/../../../../sh-none-elf/lib/libc.a(lib_a-syscalls.o)
 .data          0x0000000006025654        0x0 /home/sansigolo/GameDev/joengine/Compiler/SH_NONE_ELF/bin/../lib/gcc/sh-none-elf/8.2.0/../../../../sh-none-elf/lib/libc.a(lib_a-trap.o)
 .data          0x0000000006025654        0x0 /home/sansigolo/GameDev/joengine/Compiler/SH_NONE_ELF/bin/../lib/gcc/sh-none-elf/8.2.0/../../../../sh-none-elf/lib/libc.a(lib_a-wctomb_r.o)
 .data          0x0000000006025654        0x0 /home/sansigolo/GameDev/joengine/Compiler/SH_NONE_ELF/bin/../lib/gcc/sh-none-elf/8.2.0/../../../../sh-none-elf/lib/libc.a(lib_a-abort.o)
 .data          0x0000000006025654        0x0 /home/sansigolo/GameDev/joengine/Compiler/SH_NONE_ELF/bin/../lib/gcc/sh-none-elf/8.2.0/../../../../sh-none-elf/lib/libc.a(lib_a-ctype_.o)
 .data          0x0000000006025654        0x0 /home/sansigolo/GameDev/joengine/Compiler/SH_NONE_ELF/bin/../lib/gcc/sh-none-elf/8.2.0/../../../../sh-none-elf/lib/libc.a(lib_a-memmove.o)
 .data          0x0000000006025654        0x0 /home/sansigolo/GameDev/joengine/Compiler/SH_NONE_ELF/bin/../lib/gcc/sh-none-elf/8.2.0/../../../../sh-none-elf/lib/libc.a(lib_a-mlock.o)
 .data          0x0000000006025654        0x0 /home/sansigolo/GameDev/joengine/Compiler/SH_NONE_ELF/bin/../lib/gcc/sh-none-elf/8.2.0/../../../../sh-none-elf/lib/libc.a(lib_a-nano-freer.o)
 .data          0x0000000006025654        0x0 /home/sansigolo/GameDev/joengine/Compiler/SH_NONE_ELF/bin/../lib/gcc/sh-none-elf/8.2.0/../../../../sh-none-elf/lib/libc.a(lib_a-nano-reallocr.o)
 .data          0x0000000006025654        0x0 /home/sansigolo/GameDev/joengine/Compiler/SH_NONE_ELF/bin/../lib/gcc/sh-none-elf/8.2.0/../../../../sh-none-elf/lib/libc.a(lib_a-signal.o)
 .data          0x0000000006025654        0x0 /home/sansigolo/GameDev/joengine/Compiler/SH_NONE_ELF/bin/../lib/gcc/sh-none-elf/8.2.0/../../../../sh-none-elf/lib/libc.a(lib_a-signalr.o)
 .data          0x0000000006025654        0x0 /home/sansigolo/GameDev/joengine/Compiler/SH_NONE_ELF/bin/../lib/gcc/sh-none-elf/8.2.0/../../../../sh-none-elf/lib/libc.a(lib_a-nano-msizer.o)
 .data          0x0000000006025654        0x0 /home/sansigolo/GameDev/joengine/Compiler/SH_NONE_ELF/bin/../lib/gcc/sh-none-elf/8.2.0/libgcc.a(_ashiftrt_n.o)
 .data          0x0000000006025654        0x0 /home/sansigolo/GameDev/joengine/Compiler/SH_NONE_ELF/bin/../lib/gcc/sh-none-elf/8.2.0/libgcc.a(_ashiftlt.o)
 .data          0x0000000006025654        0x0 /home/sansigolo/GameDev/joengine/Compiler/SH_NONE_ELF/bin/../lib/gcc/sh-none-elf/8.2.0/libgcc.a(_lshiftrt.o)
 .data          0x0000000006025654        0x0 /home/sansigolo/GameDev/joengine/Compiler/SH_NONE_ELF/bin/../lib/gcc/sh-none-elf/8.2.0/libgcc.a(_udivdi3.o)
 .data          0x0000000006025654        0x0 /home/sansigolo/GameDev/joengine/Compiler/SH_NONE_ELF/bin/../lib/gcc/sh-none-elf/8.2.0/libgcc.a(_umoddi3.o)
 .data          0x0000000006025654        0x0 /home/sansigolo/GameDev/joengine/Compiler/SH_NONE_ELF/bin/../lib/gcc/sh-none-elf/8.2.0/libgcc.a(_addsub_df.o)
 .data          0x0000000006025654        0x0 /home/sansigolo/GameDev/joengine/Compiler/SH_NONE_ELF/bin/../lib/gcc/sh-none-elf/8.2.0/libgcc.a(_mul_df.o)
 .data          0x0000000006025654        0x0 /home/sansigolo/GameDev/joengine/Compiler/SH_NONE_ELF/bin/../lib/gcc/sh-none-elf/8.2.0/libgcc.a(_div_df.o)
 .data          0x0000000006025654        0x0 /home/sansigolo/GameDev/joengine/Compiler/SH_NONE_ELF/bin/../lib/gcc/sh-none-elf/8.2.0/libgcc.a(_eq_df.o)
 .data          0x0000000006025654        0x0 /home/sansigolo/GameDev/joengine/Compiler/SH_NONE_ELF/bin/../lib/gcc/sh-none-elf/8.2.0/libgcc.a(_ne_df.o)
 .data          0x0000000006025654        0x0 /home/sansigolo/GameDev/joengine/Compiler/SH_NONE_ELF/bin/../lib/gcc/sh-none-elf/8.2.0/libgcc.a(_gt_df.o)
 .data          0x0000000006025654        0x0 /home/sansigolo/GameDev/joengine/Compiler/SH_NONE_ELF/bin/../lib/gcc/sh-none-elf/8.2.0/libgcc.a(_ge_df.o)
 .data          0x0000000006025654        0x0 /home/sansigolo/GameDev/joengine/Compiler/SH_NONE_ELF/bin/../lib/gcc/sh-none-elf/8.2.0/libgcc.a(_lt_df.o)
 .data          0x0000000006025654        0x0 /home/sansigolo/GameDev/joengine/Compiler/SH_NONE_ELF/bin/../lib/gcc/sh-none-elf/8.2.0/libgcc.a(_le_df.o)
 .data          0x0000000006025654        0x0 /home/sansigolo/GameDev/joengine/Compiler/SH_NONE_ELF/bin/../lib/gcc/sh-none-elf/8.2.0/libgcc.a(_unord_df.o)
 .data          0x0000000006025654        0x0 /home/sansigolo/GameDev/joengine/Compiler/SH_NONE_ELF/bin/../lib/gcc/sh-none-elf/8.2.0/libgcc.a(_si_to_df.o)
 .data          0x0000000006025654        0x0 /home/sansigolo/GameDev/joengine/Compiler/SH_NONE_ELF/bin/../lib/gcc/sh-none-elf/8.2.0/libgcc.a(_df_to_si.o)
 .data          0x0000000006025654        0x0 /home/sansigolo/GameDev/joengine/Compiler/SH_NONE_ELF/bin/../lib/gcc/sh-none-elf/8.2.0/libgcc.a(_thenan_df.o)
 .data          0x0000000006025654        0x0 /home/sansigolo/GameDev/joengine/Compiler/SH_NONE_ELF/bin/../lib/gcc/sh-none-elf/8.2.0/libgcc.a(_usi_to_df.o)
 .data          0x0000000006025654        0x0 /home/sansigolo/GameDev/joengine/Compiler/SH_NONE_ELF/bin/../lib/gcc/sh-none-elf/8.2.0/libgcc.a(_udiv_qrnnd_16.o)
 .data          0x0000000006025654        0x0 /home/sansigolo/GameDev/joengine/Compiler/SH_NONE_ELF/bin/../lib/gcc/sh-none-elf/8.2.0/libgcc.a(_clz.o)
 .data          0x0000000006025654        0x0 /home/sansigolo/GameDev/joengine/Compiler/SH_NONE_ELF/bin/../lib/gcc/sh-none-elf/8.2.0/libgcc.a(_clzsi2.o)
 .data          0x0000000006025654        0x0 /home/sansigolo/GameDev/joengine/Compiler/SH_NONE_ELF/bin/../lib/gcc/sh-none-elf/8.2.0/libgcc.a(_pack_df.o)
 .data          0x0000000006025654        0x0 /home/sansigolo/GameDev/joengine/Compiler/SH_NONE_ELF/bin/../lib/gcc/sh-none-elf/8.2.0/libgcc.a(_unpack_df.o)
 .data          0x0000000006025654        0x0 /home/sansigolo/GameDev/joengine/Compiler/SH_NONE_ELF/bin/../lib/gcc/sh-none-elf/8.2.0/libgcc.a(_fpcmp_parts_df.o)
                0x0000000006025654                __edata = .

.bss            0x0000000006025660    0x8370c
                0x0000000006025660                __bstart = .
 *(.bss)
 .bss           0x0000000006025660        0x0 ../../Compiler/SGL_302j/LIB_COFF/SGLAREA.O
 .bss           0x0000000006025660    0x83690 /tmp/cc2XWi8Y.ltrans0.ltrans.o
 .bss           0x00000000060a8cf0        0x4 ../../Compiler/SGL_302j/LIB_COFF/SEGA_SYS.A(sys_exit.o)
 *fill*         0x00000000060a8cf4        0xc 
 .bss           0x00000000060a8d00        0x0 ../../Compiler/SGL_302j/LIB_COFF/SEGA_SYS.A(sys_sub.o)
 .bss           0x00000000060a8d00        0x0 ../../Compiler/SGL_302j/LIB_COFF/LIBCD.A(CDC_CMN.O)
 .bss           0x00000000060a8d00        0x0 ../../Compiler/SGL_302j/LIB_COFF/LIBCD.A(CDC_CFS.O)
 .bss           0x00000000060a8d00        0x2 ../../Compiler/SGL_302j/LIB_COFF/LIBCD.A(CDC_REG.O)
 *fill*         0x00000000060a8d02        0xe 
 .bss           0x00000000060a8d10        0xc ../../Compiler/SGL_302j/LIB_COFF/LIBCD.A(CDC_SUB.O)
 *fill*         0x00000000060a8d1c        0x4 
 .bss           0x00000000060a8d20        0x0 ../../Compiler/SGL_302j/LIB_COFF/LIBCD.A(GFS.O)
 .bss           0x00000000060a8d20        0x0 ../../Compiler/SGL_302j/LIB_COFF/LIBCD.A(GFS_BUF.O)
 .bss           0x00000000060a8d20        0x0 ../../Compiler/SGL_302j/LIB_COFF/LIBCD.A(GFS_CDB.O)
 .bss           0x00000000060a8d20        0x0 ../../Compiler/SGL_302j/LIB_COFF/LIBCD.A(GFS_CDC.O)
 .bss           0x00000000060a8d20        0x0 ../../Compiler/SGL_302j/LIB_COFF/LIBCD.A(GFS_CDF.O)
 .bss           0x00000000060a8d20        0x0 ../../Compiler/SGL_302j/LIB_COFF/LIBCD.A(GFS_DIR.O)
 .bss           0x00000000060a8d20        0xc ../../Compiler/SGL_302j/LIB_COFF/LIBCD.A(GFS_TRN.O)
 *fill*         0x00000000060a8d2c        0x4 
 .bss           0x00000000060a8d30        0x0 ../../Compiler/SGL_302j/LIB_COFF/LIBCD.A(CDC_DRV.O)
 .bss           0x00000000060a8d30        0x0 ../../Compiler/SGL_302j/LIB_COFF/LIBCD.A(CDC_DEV.O)
 .bss           0x00000000060a8d30        0x0 ../../Compiler/SGL_302j/LIB_COFF/LIBCD.A(CDC_SEL.O)
 .bss           0x00000000060a8d30        0x0 ../../Compiler/SGL_302j/LIB_COFF/LIBCD.A(CDC_BIF.O)
 .bss           0x00000000060a8d30        0x0 ../../Compiler/SGL_302j/LIB_COFF/LIBCD.A(CDC_BIO.O)
 .bss           0x00000000060a8d30        0x0 ../../Compiler/SGL_302j/LIB_COFF/LIBSGL.A(sglA15.o)
 .bss           0x00000000060a8d30        0x0 ../../Compiler/SGL_302j/LIB_COFF/LIBSGL.A(sglA20.o)
 .bss           0x00000000060a8d30        0x0 ../../Compiler/SGL_302j/LIB_COFF/LIBSGL.A(sglA21.o)
 .bss           0x00000000060a8d30        0x0 ../../Compiler/SGL_302j/LIB_COFF/LIBSGL.A(sglA27.o)
 .bss           0x00000000060a8d30        0x0 ../../Compiler/SGL_302j/LIB_COFF/LIBSGL.A(sglB001.o)
 .bss           0x00000000060a8d30        0x0 ../../Compiler/SGL_302j/LIB_COFF/LIBSGL.A(sglB011.o)
 .bss           0x00000000060a8d30        0x0 ../../Compiler/SGL_302j/LIB_COFF/LIBSGL.A(sglB015.o)
 .bss           0x00000000060a8d30        0x0 ../../Compiler/SGL_302j/LIB_COFF/LIBSGL.A(sglB016.o)
 .bss           0x00000000060a8d30        0x0 ../../Compiler/SGL_302j/LIB_COFF/LIBSGL.A(sglB032.o)
 .bss           0x00000000060a8d30        0x0 ../../Compiler/SGL_302j/LIB_COFF/LIBSGL.A(sglB053.o)
 .bss           0x00000000060a8d30        0x0 ../../Compiler/SGL_302j/LIB_COFF/LIBSGL.A(sglB056.o)
 .bss           0x00000000060a8d30        0x0 ../../Compiler/SGL_302j/LIB_COFF/LIBSGL.A(sglB063.o)
 .bss           0x00000000060a8d30        0x0 ../../Compiler/SGL_302j/LIB_COFF/LIBSGL.A(sglB200.o)
 .bss           0x00000000060a8d30        0x0 ../../Compiler/SGL_302j/LIB_COFF/LIBSGL.A(sglC06.o)
 .bss           0x00000000060a8d30        0x0 ../../Compiler/SGL_302j/LIB_COFF/LIBSGL.A(sglC07.o)
 .bss           0x00000000060a8d30        0x0 ../../Compiler/SGL_302j/LIB_COFF/LIBSGL.A(sglC08.o)
 .bss           0x00000000060a8d30        0x0 ../../Compiler/SGL_302j/LIB_COFF/LIBSGL.A(sglC20.o)
 .bss           0x00000000060a8d30        0x0 ../../Compiler/SGL_302j/LIB_COFF/LIBSGL.A(sglD00.o)
 .bss           0x00000000060a8d30        0x0 ../../Compiler/SGL_302j/LIB_COFF/LIBSGL.A(sglD01.o)
 .bss           0x00000000060a8d30        0x0 ../../Compiler/SGL_302j/LIB_COFF/LIBSGL.A(sglD03.o)
 .bss           0x00000000060a8d30        0x0 ../../Compiler/SGL_302j/LIB_COFF/LIBSGL.A(sglD15.o)
 .bss           0x00000000060a8d30        0x0 ../../Compiler/SGL_302j/LIB_COFF/LIBSGL.A(sglD16.o)
 .bss           0x00000000060a8d30        0x0 ../../Compiler/SGL_302j/LIB_COFF/LIBSGL.A(sglD17.o)
 .bss           0x00000000060a8d30        0x0 ../../Compiler/SGL_302j/LIB_COFF/LIBSGL.A(sglD18.o)
 .bss           0x00000000060a8d30        0x0 ../../Compiler/SGL_302j/LIB_COFF/LIBSGL.A(sglF00.o)
 .bss           0x00000000060a8d30        0x0 ../../Compiler/SGL_302j/LIB_COFF/LIBSGL.A(sglF05.o)
 .bss           0x00000000060a8d30        0x0 ../../Compiler/SGL_302j/LIB_COFF/LIBSGL.A(sglH00.o)
 .bss           0x00000000060a8d30        0x0 ../../Compiler/SGL_302j/LIB_COFF/LIBSGL.A(sglH01.o)
 .bss           0x00000000060a8d30        0x0 ../../Compiler/SGL_302j/LIB_COFF/LIBSGL.A(sglH02.o)
 .bss           0x00000000060a8d30        0x0 ../../Compiler/SGL_302j/LIB_COFF/LIBSGL.A(sglH04.o)
 .bss           0x00000000060a8d30        0x0 ../../Compiler/SGL_302j/LIB_COFF/LIBSGL.A(sglI01.o)
 .bss           0x00000000060a8d30        0x0 ../../Compiler/SGL_302j/LIB_COFF/LIBSGL.A(sglIc0.o)
 .bss           0x00000000060a8d30        0x0 ../../Compiler/SGL_302j/LIB_COFF/LIBSGL.A(sglJ00.o)
 .bss           0x00000000060a8d30        0x0 ../../Compiler/SGL_302j/LIB_COFF/LIBSGL.A(sglJ01.o)
 .bss           0x00000000060a8d30        0x0 ../../Compiler/SGL_302j/LIB_COFF/LIBSGL.A(sglJ02.o)
 .bss           0x00000000060a8d30        0x0 ../../Compiler/SGL_302j/LIB_COFF/LIBSGL.A(sglJ03.o)
 .bss           0x00000000060a8d30        0x0 ../../Compiler/SGL_302j/LIB_COFF/LIBSGL.A(sglJ04.o)
 .bss           0x00000000060a8d30        0x0 ../../Compiler/SGL_302j/LIB_COFF/LIBSGL.A(sglJ05.o)
 .bss           0x00000000060a8d30        0x0 ../../Compiler/SGL_302j/LIB_COFF/LIBSGL.A(sglK01.o)
 .bss           0x00000000060a8d30        0x0 ../../Compiler/SGL_302j/LIB_COFF/LIBSGL.A(sglM01.o)
 .bss           0x00000000060a8d30        0x0 ../../Compiler/SGL_302j/LIB_COFF/LIBSGL.A(sglA00.o)
 .bss           0x00000000060a8d30        0x0 ../../Compiler/SGL_302j/LIB_COFF/LIBSGL.A(sglA01.o)
 .bss           0x00000000060a8d30        0x0 ../../Compiler/SGL_302j/LIB_COFF/LIBSGL.A(sglB000.o)
 .bss           0x00000000060a8d30        0x0 ../../Compiler/SGL_302j/LIB_COFF/LIBSGL.A(sglB035.o)
 .bss           0x00000000060a8d30        0x0 ../../Compiler/SGL_302j/LIB_COFF/LIBSGL.A(sglC00.o)
 .bss           0x00000000060a8d30        0x0 ../../Compiler/SGL_302j/LIB_COFF/LIBSGL.A(sglI00.o)
 .bss           0x00000000060a8d30        0x0 ../../Compiler/SGL_302j/LIB_COFF/LIBSGL.A(sglH03.o)
 .bss           0x00000000060a8d30        0x0 /home/sansigolo/GameDev/joengine/Compiler/SH_NONE_ELF/bin/../lib/gcc/sh-none-elf/8.2.0/libgcc.a(_ashiftrt.o)
 .bss           0x00000000060a8d30        0x0 /home/sansigolo/GameDev/joengine/Compiler/SH_NONE_ELF/bin/../lib/gcc/sh-none-elf/8.2.0/libgcc.a(_sdivsi3.o)