Archive member included to satisfy reference by file (symbol)

../../Compiler/SGL_302j/LIB_COFF/SEGA_SYS.A(sys_exit.o)
                              ../../jo_engine/core.o (symbol from plugin) (SYS_Exit)
../../Compiler/SGL_302j/LIB_COFF/SEGA_SYS.A(sys_sub.o)
                              ../../Compiler/SGL_302j/LIB_COFF/SEGA_SYS.A(sys_exit.o) (SYSUB_SetStackptr)
../../Compiler/SGL_302j/LIB_COFF/LIBCD.A(CDC_CMN.O)
                              ../../Compiler/SGL_302j/LIB_COFF/SEGA_SYS.A(sys_exit.o) (CDC_GetCurStat)
../../Compiler/SGL_302j/LIB_COFF/LIBCD.A(CDC_CFS.O)
                              ../../Compiler/SGL_302j/LIB_COFF/SEGA_SYS.A(sys_exit.o) (CDC_ChgDir)
../../Compiler/SGL_302j/LIB_COFF/LIBCD.A(CDC_REG.O)
                              ../../Compiler/SGL_302j/LIB_COFF/SEGA_SYS.A(sys_exit.o) (CDC_GetHirqReq)
../../Compiler/SGL_302j/LIB_COFF/LIBCD.A(CDC_SUB.O)
                              ../../Compiler/SGL_302j/LIB_COFF/LIBCD.A(CDC_CMN.O) (CDSUB_UpdStatus)
../../Compiler/SGL_302j/LIB_COFF/LIBCD.A(GFS.O)
                              ../../jo_engine/fs.o (symbol from plugin) (GFS_Init)
../../Compiler/SGL_302j/LIB_COFF/LIBCD.A(GFS_BUF.O)
                              ../../Compiler/SGL_302j/LIB_COFF/LIBCD.A(GFS.O) (GFBF_GetNumData)
../../Compiler/SGL_302j/LIB_COFF/LIBCD.A(GFS_CDB.O)
                              ../../Compiler/SGL_302j/LIB_COFF/LIBCD.A(GFS.O) (GFCB_Close)
../../Compiler/SGL_302j/LIB_COFF/LIBCD.A(GFS_CDC.O)
                              ../../Compiler/SGL_302j/LIB_COFF/LIBCD.A(GFS.O) (GFCD_SetCdbfs)
../../Compiler/SGL_302j/LIB_COFF/LIBCD.A(GFS_CDF.O)
                              ../../Compiler/SGL_302j/LIB_COFF/LIBCD.A(GFS.O) (GFCF_Init)
../../Compiler/SGL_302j/LIB_COFF/LIBCD.A(GFS_DIR.O)
                              ../../Compiler/SGL_302j/LIB_COFF/LIBCD.A(GFS.O) (GFDR_SetupDirTbl)
../../Compiler/SGL_302j/LIB_COFF/LIBCD.A(GFS_TRN.O)
                              ../../Compiler/SGL_302j/LIB_COFF/LIBCD.A(GFS.O) (GFTR_Setup)
../../Compiler/SGL_302j/LIB_COFF/LIBCD.A(CDC_DRV.O)
                              ../../Compiler/SGL_302j/LIB_COFF/LIBCD.A(GFS_CDC.O) (CDC_CdPlay)
../../Compiler/SGL_302j/LIB_COFF/LIBCD.A(CDC_DEV.O)
                              ../../Compiler/SGL_302j/LIB_COFF/LIBCD.A(GFS_CDC.O) (CDC_CdSetCon)
../../Compiler/SGL_302j/LIB_COFF/LIBCD.A(CDC_SEL.O)
                              ../../Compiler/SGL_302j/LIB_COFF/LIBCD.A(GFS_CDC.O) (CDC_SetFiltRange)
../../Compiler/SGL_302j/LIB_COFF/LIBCD.A(CDC_BIF.O)
                              ../../Compiler/SGL_302j/LIB_COFF/LIBCD.A(GFS_CDC.O) (CDC_GetBufSiz)
../../Compiler/SGL_302j/LIB_COFF/LIBCD.A(CDC_BIO.O)
                              ../../Compiler/SGL_302j/LIB_COFF/LIBCD.A(GFS_CDC.O) (CDC_SetSctLen)
../../Compiler/SGL_302j/LIB_COFF/LIBSGL.A(sglA15.o)
                              ../../jo_engine/core.o (symbol from plugin) (slSlaveFunc)
../../Compiler/SGL_302j/LIB_COFF/LIBSGL.A(sglA20.o)
                              ../../jo_engine/core.o (symbol from plugin) (slUnitMatrix)
../../Compiler/SGL_302j/LIB_COFF/LIBSGL.A(sglA21.o)
                              ../../jo_engine/map.o (symbol from plugin) (slPushMatrix)
../../Compiler/SGL_302j/LIB_COFF/LIBSGL.A(sglA27.o)
                              ../../jo_engine/map.o (symbol from plugin) (slTranslate)
../../Compiler/SGL_302j/LIB_COFF/LIBSGL.A(sglB001.o)
                              ../../jo_engine/core.o (symbol from plugin) (slTVOn)
../../Compiler/SGL_302j/LIB_COFF/LIBSGL.A(sglB011.o)
                              ../../jo_engine/core.o (symbol from plugin) (slBitMapNbg1)
../../Compiler/SGL_302j/LIB_COFF/LIBSGL.A(sglB015.o)
                              ../../jo_engine/core.o (symbol from plugin) (slScrAutoDisp)
../../Compiler/SGL_302j/LIB_COFF/LIBSGL.A(sglB016.o)
                              ../../jo_engine/core.o (symbol from plugin) (slBack1ColSet)
../../Compiler/SGL_302j/LIB_COFF/LIBSGL.A(sglB032.o)
                              ../../jo_engine/core.o (symbol from plugin) (slMapNbg1)
../../Compiler/SGL_302j/LIB_COFF/LIBSGL.A(sglB053.o)
                              ../../jo_engine/core.o (symbol from plugin) (slZoomNbg1)
../../Compiler/SGL_302j/LIB_COFF/LIBSGL.A(sglB056.o)
                              ../../jo_engine/core.o (symbol from plugin) (slPlaneNbg1)
../../Compiler/SGL_302j/LIB_COFF/LIBSGL.A(sglB063.o)
                              ../../jo_engine/core.o (symbol from plugin) (slPriority)
../../Compiler/SGL_302j/LIB_COFF/LIBSGL.A(sglB200.o)
                              ../../jo_engine/core.o (symbol from plugin) (slCharNbg0)
../../Compiler/SGL_302j/LIB_COFF/LIBSGL.A(sglC06.o)
                              ../../jo_engine/sprites.o (symbol from plugin) (slDispSprite)
../../Compiler/SGL_302j/LIB_COFF/LIBSGL.A(sglC07.o)
                              ../../jo_engine/sprites.o (symbol from plugin) (slPutSprite)
../../Compiler/SGL_302j/LIB_COFF/LIBSGL.A(sglC08.o)
                              ../../jo_engine/map.o (symbol from plugin) (slPutPolygon)
[...]
Memory Configuration

Name             Origin             Length             Attributes
*default*        0x0000000000000000 0xffffffffffffffff

Linker script and memory map

TARGET(coff-sh)

SLSTART         0x0000000006004000       0x28
                0x0000000006004000                ___Start = .
 *(SLSTART)
 SLSTART        0x0000000006004000       0x28 ../../Compiler/SGL_302j/LIB_COFF/LIBSGL.A(sglI00.o)
                0x0000000006004000                SGL_Start
                0x0000000006004002                slStartSGL

.text           0x0000000006004040     0xe528
 *(.text)
 .text          0x0000000006004040        0x0 ../../Compiler/SGL_302j/LIB_COFF/SGLAREA.O
 .text          0x0000000006004040     0x1738 /tmp/ccwOJtZe.ltrans0.ltrans.o
 *fill*         0x0000000006005778        0x8 
 .text          0x0000000006005780      0x238 ../../Compiler/SGL_302j/LIB_COFF/SEGA_SYS.A(sys_exit.o)
                0x0000000006005780                sys_version
                0x00000000060057a0                SYS_Exit
 *fill*         0x00000000060059b8        0x8 
 .text          0x00000000060059c0        0x6 ../../Compiler/SGL_302j/LIB_COFF/SEGA_SYS.A(sys_sub.o)
                0x00000000060059c0                SYSUB_SetStackptr
 *fill*         0x00000000060059c6        0xa 
 .text          0x00000000060059d0      0x3a0 ../../Compiler/SGL_302j/LIB_COFF/LIBCD.A(CDC_CMN.O)
                0x00000000060059d0                CDC_GetCurStat
                0x0000000006005a20                CDC_GetLastStat
                0x0000000006005a38                CDC_GetPeriStat
                0x0000000006005b0c                CDC_GetHwInfo
                0x0000000006005b74                CDC_TgetToc
                0x0000000006005bc4                CDC_GetSes
                0x0000000006005c00                CDC_CdInit
                0x0000000006005c84                CDC_CdOpen
                0x0000000006005cac                CDC_DataReady
                0x0000000006005d18                CDC_DataEnd
 .text          0x0000000006005d70      0x194 ../../Compiler/SGL_302j/LIB_COFF/LIBCD.A(CDC_CFS.O)
                0x0000000006005d70                CDC_ChgDir
                0x0000000006005da4                CDC_ReadDir
                0x0000000006005dd8                CDC_GetFileScope
                0x0000000006005e38                CDC_TgetFileInfo
                0x0000000006005e94                CDC_ReadFile
                0x0000000006005ec8                CDC_AbortFile
 *fill*         0x0000000006005f04        0xc 
 .text          0x0000000006005f10      0x2dc ../../Compiler/SGL_302j/LIB_COFF/LIBCD.A(CDC_REG.O)
                0x0000000006005f10                CDC_GetDataPtr
                0x0000000006005f20                CDC_GetHirqReq
                0x0000000006005f34                CDC_ClrHirqReq
                0x0000000006005f64                CDREG_ClrHirqReq
                0x0000000006005f74                CDREG_InitHirqReq
                0x0000000006005f9c                CDREG_SetHirqFlag
                0x0000000006005fb0                CDC_GetHirqMsk
                0x0000000006005fc4                CDC_SetHirqMsk
                0x0000000006005fd4                CDC_GetMpegPtr
                0x0000000006005fe4                CDREG_TgetData
                0x0000000006006040                CDREG_CmdRsp
                0x0000000006006140                CDREG_WaitHirq
                0x00000000060061b0                CDREG_ReadRsp
 *fill*         0x00000000060061ec        0x4 
 .text          0x00000000060061f0      0x152 ../../Compiler/SGL_302j/LIB_COFF/LIBCD.A(CDC_SUB.O)
                0x00000000060061f0                CDSUB_UpdStatus
                0x0000000006006208                CDSUB_UpdCdstat
                0x0000000006006228                CDSUB_CdCmd
                0x0000000006006298                CDSUB_GetCdstat
                0x00000000060062d8                CDSUB_RspToCdstat
                0x0000000006006320                CDSUB_SoftTimer
 *fill*         0x0000000006006342        0xe 
 .text          0x0000000006006350     0x1adc ../../Compiler/SGL_302j/LIB_COFF/LIBCD.A(GFS.O)
                0x0000000006006350                gfs_version
                0x0000000006006370                GFS_Init
                0x0000000006006458                GFS_LoadDir
                0x0000000006006500                GFS_SetDir
                0x0000000006006568                GFS_NameToId
                0x00000000060065cc                GFS_IdToName
                0x0000000006006638                GFS_GetDirInfo
                0x00000000060066a8                GFS_Reset
                0x000000000600672c                GFS_Open
                0x00000000060067e0                GFS_Close
                0x0000000006006818                GFS_Seek
                0x00000000060068cc                GFS_Tell
                0x000000000600691c                GFS_IsEof
                0x0000000006006970                GFS_ByteToSct
                0x00000000060069cc                GFS_GetFileSize
                0x0000000006006a28                GFS_GetFileInfo
                0x0000000006006a9c                GFS_GetNumCdbuf
                0x0000000006006ac4                GFS_Load
                0x0000000006006b88                GFS_Fread
                0x0000000006006c24                gfs_waitRead
                0x0000000006006ccc                GFS_NwFread
                0x0000000006006dd8                GFS_NwCdRead
                0x0000000006006e50                GFS_NwIsComplete
                0x0000000006006e88                GFS_NwStop
                0x0000000006006ef4                GFS_NwGetStat
                0x0000000006006f70                gfs_recovRdErr
                0x0000000006006fa0                GFS_NwExecOne
                0x0000000006007060                GFS_NwExecServer
                0x00000000060070dc                GFS_SetGmode
                0x0000000006007140                GFS_SetTmode
                0x00000000060071ac                GFS_SetReadPara
                0x0000000006007210                GFS_SetTransPara
                0x000000000600727c                GFS_SetTrFunc
                0x00000000060072e0                GFS_StartTrans
                0x000000000600732c                GFS_CdMovePickup
                0x0000000006007398                GFS_SetErrFunc
                0x00000000060073c4                GFS_GetErrStat
                0x00000000060073e8                GFS_ConvTno
                0x0000000006007410                gfs_chgRoot
                0x00000000060074dc                gfs_aborttrans
                0x00000000060074e8                gfs_mngSetupFuncTbl
                0x000000000600751c                gfs_mngInitWork
                0x00000000060075c0                gfs_mngGetNumFile
                0x0000000006007628                GFS_mngAllocGrp
                0x0000000006007670                gfs_mngFreeGrp
                0x000000000600767c                gfs_mngTermAccess
                0x0000000006007700                gfs_mngSetErrCode
                0x0000000006007780                gfs_svrSearchHndl
                0x00000000060077c0                gfs_svrAddHndl
                0x00000000060077fc                gfs_svrRemoveHndl
                0x0000000006007858                GFS_OpenSub
                0x00000000060078b0                gfs_loadVol
                0x0000000006007974                gfs_getRootDir
                0x0000000006007a70                gfs_loadRootDir
                0x0000000006007af8                gfs_flowIn
                0x0000000006007ba0                gfs_transData
                0x0000000006007c44                GFS_GetFad
                0x0000000006007c9c                gfs_SetSct
                0x0000000006007cdc                gfs_GetFinfo
                0x0000000006007d1c                gfs_closeSub
                0x0000000006007d58                gfs_getGmode
                0x0000000006007d64                gfs_isTaskDone
                0x0000000006007db8                gfs_convFinStat
 *fill*         0x0000000006007e2c        0x4 
 .text          0x0000000006007e30      0x106 ../../Compiler/SGL_302j/LIB_COFF/LIBCD.A(GFS_BUF.O)
                0x0000000006007e60                GFBF_GetTranData
                0x0000000006007e88                GFBF_GetNumData
                0x0000000006007eb8                GFBF_GetSrcPk
                0x0000000006007ee0                GFBF_GetSctData
                0x0000000006007f04                GFBF_RtnPk
                0x0000000006007f2c                gfbf_getSctDt
 *fill*         0x0000000006007f36        0xa 
 .text          0x0000000006007f40      0x600 ../../Compiler/SGL_302j/LIB_COFF/LIBCD.A(GFS_CDB.O)
                0x0000000006007f40                GFCB_Setup
                0x0000000006008060                GFCB_Close
                0x0000000006008088                GFCB_GetLenData
                0x0000000006008134                GFCB_GetLenRoom
                0x0000000006008140                GFCB_SetFilt
                0x00000000060081a8                GFCB_DeleteAllData
                0x00000000060081d0                GFCB_Tell
                0x00000000060081e0                gfcb_getSctNum
                0x0000000006008230                GFCB_Seek
                0x000000000600832c                GFCB_GetSrcPack
                0x000000000600840c                GFCB_GetSctData
                0x0000000006008444                GFCB_GetDstPack
                0x0000000006008450                GFCB_RtnPk
                0x0000000006008498                GFCB_MovePickup
                0x00000000060084b4                GFCB_SetCon
                0x00000000060084e8                GFCB_GetPickup
                0x0000000006008510                GFCB_IsPuOwner
                0x0000000006008528                GFCB_UngetPickup
 .text          0x0000000006008540     0x1a10 ../../Compiler/SGL_302j/LIB_COFF/LIBCD.A(GFS_CDC.O)
                0x0000000006008540                GFCD_SetCdbfs
                0x000000000600856c                GFCD_Init
                0x0000000006008770                GFCD_AllocFilt
                0x00000000060087ac                GFCD_FreeFilt
                0x00000000060087dc                GFCD_AllocBuf
                0x0000000006008810                GFCD_FreeBuf
                0x00000000060088b4                GFCD_GetBaseFad
                0x00000000060088e8                GFCD_GetPickup
                0x000000000600891c                GFCD_UngetPickup
                0x0000000006008948                GFCD_IsPuOwner
                0x000000000600896c                GFCD_SetFilt
                0x0000000006008a30                GFCD_GetFilt
                0x0000000006008a78                GFCD_SetCon
                0x0000000006008ad0                GFCD_Play
                0x0000000006008b30                GFCD_GetLenData
                0x0000000006008b98                GFCD_ReqData
                0x0000000006008bf4                GFCD_EndData
                0x0000000006008c3c                GFCD_DelSctData
                0x0000000006008c94                GFCD_CheckDelSctData
                0x0000000006008cc4                GFCD_GetStat
                0x0000000006008d78                GFCD_MovePickup
                0x0000000006008dc4                GFCD_MoveSctData
                0x0000000006008e38                GFCD_CheckMove
                0x0000000006008e5c                GFCD_GetSctInfo
                0x0000000006008ea4                GFCD_ChgDir
                0x0000000006008f18                GFCD_SetFiltCon
                0x0000000006009000                GFCD_GetFileInfo
                0x00000000060090dc                GFCD_GetBufSiz
                0x0000000006009114                GFCD_ExecServer
                0x00000000060091e8                gfcd_isIdleTask
                0x0000000006009274                gfcd_doTask
                0x0000000006009320                GFCD_SetTimer
                0x0000000006009334                GFCD_WaitServer
                0x0000000006009370                gfcd_doSetFiltTsk
                0x0000000006009534                gfcd_doSetConTsk
                0x00000000060095c4                gfcd_doGetLenDataTsk
                0x0000000006009718                gfcd_doReqDataTsk
                0x00000000060097b8                gfcd_doDelSctDataTsk
                0x00000000060098ec                gfcd_doMoveSctTsk
                0x0000000006009a50                gfcd_doChgDirTsk
                0x0000000006009c4c                gfcd_doSetFiltConTsk
                0x0000000006009d90                gfcd_checkEflag
                0x0000000006009db4                gfcd_initCdbMng
                0x0000000006009e34                gfcd_setStat
                0x0000000006009e60                GFCD_SetCsctFunc
                0x0000000006009e7c                GFCD_ChkScdqFlag
                0x0000000006009ea0                GFCD_ClrScdqFlag
                0x0000000006009ebc                GFCD_WaitScdqFlag
                0x0000000006009f00                GFCD_WaitPause
 .text          0x0000000006009f50      0x8d8 ../../Compiler/SGL_302j/LIB_COFF/LIBCD.A(GFS_CDF.O)
                0x0000000006009f50                GFCF_Init
                0x0000000006009ff0                GFCF_Setup
                0x000000000600a138                GFCF_SetSct
                0x000000000600a17c                GFCF_GetFileInfo
                0x000000000600a1f0                GFCF_FlowInBuf
                0x000000000600a344                GFCF_StopInBuf
                0x000000000600a3e4                GFCF_Recover
                0x000000000600a42c                GFCF_Tell
                0x000000000600a444                GFCF_Seek
                0x000000000600a45c                GFCF_MovePickup
                0x000000000600a4f8                GFCF_cnvIntlvOfs
                0x000000000600a54c                GFCF_GetStat
                0x000000000600a5e4                gfcf_getSctSize
                0x000000000600a620                gfcf_isCdOk
                0x000000000600a6e0                gfcf_getPlayRange
 *fill*         0x000000000600a828        0x8 
 .text          0x000000000600a830      0x92c ../../Compiler/SGL_302j/LIB_COFF/LIBCD.A(GFS_DIR.O)
                0x000000000600a830                GFDR_SetupDirTbl
                0x000000000600a8a4                GFDR_NameToId
                0x000000000600a904                GFDR_GetInfoDirId
                0x000000000600a918                GFDR_GetInfoDirName
                0x000000000600a92c                GFDR_GetAtrDirId
                0x000000000600a944                GFDR_GetAtrDirName
                0x000000000600a95c                GFDR_ChgRoot
                0x000000000600a974                GFDR_ChgDir
                0x000000000600a9e8                gfdr_setupDirIdTbl
                0x000000000600aa6c                gfdr_setupDirNameTbl
                0x000000000600ab18                gfdr_open
                0x000000000600ab40                gfdr_read
                0x000000000600ac00                gfdr_readByte
                0x000000000600ac2c                gfdr_readWord
                0x000000000600ac58                gfdr_readWordNB
                0x000000000600acac                gfdr_readLongNB
                0x000000000600acf8                gfdr_readLongNM
                0x000000000600ad20                gfdr_setNextRec
                0x000000000600ada4                gfdr_readDirEnt
                0x000000000600b120                gfdr_setDirrecCd
 *fill*         0x000000000600b15c        0x4 
 .text          0x000000000600b160      0x9c6 ../../Compiler/SGL_302j/LIB_COFF/LIBCD.A(GFS_TRN.O)
                0x000000000600b190                GFTR_Setup
                0x000000000600b1d4                GFTR_SetMode
                0x000000000600b1e8                GFTR_SetUnit
                0x000000000600b1f4                GFTR_SetTransPara
                0x000000000600b228                GFTR_GetTransPara
                0x000000000600b234                GFTR_GetNumTrans
                0x000000000600b240                GFTR_SetTransMax
                0x000000000600b24c                GFTR_Start
                0x000000000600b258                GFTR_Pause
                0x000000000600b264                GFTR_Stop
                0x000000000600b31c                GFTR_Exec
                0x000000000600b3a0                GFTR_Idle
                0x000000000600b418                GFTR_ExecSvr
                0x000000000600b520                gftr_getSrcPack
                0x000000000600b5a8                gftr_getDstPack
                0x000000000600b604                gftr_reqScu
                0x000000000600b610                gftr_execScu
                0x000000000600b6ac                gftr_remScu
                0x000000000600b6e0                gfdma_canUse
                0x000000000600b6ec                gfdma_exec
                0x000000000600b75c                gfdma_getBytecnt
                0x000000000600b794                gftr_reqDma0
                0x000000000600b7ac                gftr_execSdma0
                0x000000000600b7d0                gftr_remDma0
                0x000000000600b7e8                gftr_reqDma1
                0x000000000600b800                gftr_execSdma1
                0x000000000600b824                gftr_remDma1
                0x000000000600b83c                gftr_reqCpu
                0x000000000600b848                gftr_execCpu
                0x000000000600b888                gftr_remCpu
                0x000000000600b894                gftr_reqTrn
                0x000000000600b904                gftr_execTrn
                0x000000000600b9dc                gftr_remTrn
                0x000000000600ba50                gftr_copyFrac
                0x000000000600ba78                GFTR_GetLenData
                0x000000000600ba84                GFTR_GetLenRoom
                0x000000000600ba9c                GFTR_GetDstPack
                0x000000000600bad0                GFTR_RtnDstPk
                0x000000000600baec                GFTR_GetData
                0x000000000600bb00                GFTR_SetData
                0x000000000600bb14                GFTR_SetTransFunc
 *fill*         0x000000000600bb26        0xa 
 .text          0x000000000600bb30      0x130 ../../Compiler/SGL_302j/LIB_COFF/LIBCD.A(CDC_DRV.O)
                0x000000000600bb30                CDC_CdPlay
                0x000000000600bbfc                CDC_CdSeek
                0x000000000600bc30                CDC_CdScan
 .text          0x000000000600bc60       0xa8 ../../Compiler/SGL_302j/LIB_COFF/LIBCD.A(CDC_DEV.O)
                0x000000000600bc60                CDC_CdSetCon
                0x000000000600bc90                CDC_CdGetCon
                0x000000000600bccc                CDC_CdGetLastBuf
 *fill*         0x000000000600bd08        0x8 
 .text          0x000000000600bd10      0x2b8 ../../Compiler/SGL_302j/LIB_COFF/LIBCD.A(CDC_SEL.O)
                0x000000000600bd10                CDC_SetFiltRange
                0x000000000600bd44                CDC_GetFiltRange
                0x000000000600bd9c                CDC_SetFiltSubh
                0x000000000600be0c                CDC_GetFiltSubh
                0x000000000600be88                CDC_SetFiltMode
                0x000000000600bebc                CDC_GetFiltMode
                0x000000000600bf00                CDC_SetFiltCon
                0x000000000600bf40                CDC_GetFiltCon
                0x000000000600bf94                CDC_ResetSelector
 *fill*         0x000000000600bfc8        0x8 
 .text          0x000000000600bfd0      0x270 ../../Compiler/SGL_302j/LIB_COFF/LIBCD.A(CDC_BIF.O)
                0x000000000600bfd0                CDC_GetBufSiz
                0x000000000600c02c                CDC_GetSctNum
                0x000000000600c070                CDC_CalActSiz
                0x000000000600c0ac                CDC_GetActSiz
                0x000000000600c12c                CDC_GetSctInfo
                0x000000000600c1ac                CDC_ExeFadSearch
                0x000000000600c1e4                CDC_GetFadSearch
 .text          0x000000000600c240      0x1e4 ../../Compiler/SGL_302j/LIB_COFF/LIBCD.A(CDC_BIO.O)
                0x000000000600c240                CDC_SetSctLen
                0x000000000600c274                CDC_GetSctData
                0x000000000600c2b0                CDC_DelSctData
                0x000000000600c2ec                CDC_GetdelSctData
                0x000000000600c328                CDC_PutSctData
                0x000000000600c360                CDC_CopySctData
                0x000000000600c3a4                CDC_MoveSctData
                0x000000000600c3e8                CDC_GetCopyErr
 *fill*         0x000000000600c424        0xc 
 .text          0x000000000600c430        0x0 ../../Compiler/SGL_302j/LIB_COFF/LIBSGL.A(sglA15.o)
 .text          0x000000000600c430        0x0 ../../Compiler/SGL_302j/LIB_COFF/LIBSGL.A(sglA20.o)
 .text          0x000000000600c430        0x0 ../../Compiler/SGL_302j/LIB_COFF/LIBSGL.A(sglA21.o)
 .text          0x000000000600c430        0x0 ../../Compiler/SGL_302j/LIB_COFF/LIBSGL.A(sglA27.o)
 .text          0x000000000600c430        0x0 ../../Compiler/SGL_302j/LIB_COFF/LIBSGL.A(sglB001.o)
 .text          0x000000000600c430        0x0 ../../Compiler/SGL_302j/LIB_COFF/LIBSGL.A(sglB011.o)
 .text          0x000000000600c430        0x0 ../../Compiler/SGL_302j/LIB_COFF/LIBSGL.A(sglB015.o)
 .text          0x000000000600c430        0x0 ../../Compiler/SGL_302j/LIB_COFF/LIBSGL.A(sglB016.o)
 .text          0x000000000600c430        0x0 ../../Compiler/SGL_302j/LIB_COFF/LIBSGL.A(sglB032.o)
 .text          0x000000000600c430        0x0 ../../Compiler/SGL_302j/LIB_COFF/LIBSGL.A(sglB053.o)
 .text          0x000000000600c430        0x0 ../../Compiler/SGL_302j/LIB_COFF/LIBSGL.A(sglB056.o)
 .text          0x000000000600c430        0x0 ../../Compiler/SGL_302j/LIB_COFF/LIBSGL.A(sglB063.o)
 .text          0x000000000600c430        0x0 ../../Compiler/SGL_302j/LIB_COFF/LIBSGL.A(sglB200.o)
 .text          0x000000000600c430        0x0 ../../Compiler/SGL_302j/LIB_COFF/LIBSGL.A(sglC06.o)
 .text          0x000000000600c430        0x0 ../../Compiler/SGL_302j/LIB_COFF/LIBSGL.A(sglC07.o)
 .text          0x000000000600c430        0x0 ../../Compiler/SGL_302j/LIB_COFF/LIBSGL.A(sglC08.o)
 .text          0x000000000600c430        0x0 ../../Compiler/SGL_302j/LIB_COFF/LIBSGL.A(sglC20.o)
 .text          0x000000000600c430        0x0 ../../Compiler/SGL_302j/LIB_COFF/LIBSGL.A(sglD00.o)
 .text          0x000000000600c430        0x0 ../../Compiler/SGL_302j/LIB_COFF/LIBSGL.A(sglD01.o)
 .text          0x000000000600c430        0x0 ../../Compiler/SGL_302j/LIB_COFF/LIBSGL.A(sglD03.o)
 .text          0x000000000600c430        0x0 ../../Compiler/SGL_302j/LIB_COFF/LIBSGL.A(sglD15.o)
 .text          0x000000000600c430        0x0 ../../Compiler/SGL_302j/LIB_COFF/LIBSGL.A(sglD16.o)
 .text          0x000000000600c430        0x0 ../../Compiler/SGL_302j/LIB_COFF/LIBSGL.A(sglD17.o)
 .text          0x000000000600c430        0x0 ../../Compiler/SGL_302j/LIB_COFF/LIBSGL.A(sglD18.o)
 .text          0x000000000600c430        0x0 ../../Compiler/SGL_302j/LIB_COFF/LIBSGL.A(sglF00.o)
 .text          0x000000000600c430        0x0 ../../Compiler/SGL_302j/LIB_COFF/LIBSGL.A(sglF05.o)
 .text          0x000000000600c430        0x0 ../../Compiler/SGL_302j/LIB_COFF/LIBSGL.A(sglH00.o)
 .text          0x000000000600c430        0x0 ../../Compiler/SGL_302j/LIB_COFF/LIBSGL.A(sglH01.o)
 .text          0x000000000600c430        0x0 ../../Compiler/SGL_302j/LIB_COFF/LIBSGL.A(sglH02.o)
 .text          0x000000000600c430        0x0 ../../Compiler/SGL_302j/LIB_COFF/LIBSGL.A(sglH04.o)
 .text          0x000000000600c430        0x0 ../../Compiler/SGL_302j/LIB_COFF/LIBSGL.A(sglI01.o)
 .text          0x000000000600c430      0x128 ../../Compiler/SGL_302j/LIB_COFF/LIBSGL.A(sglIc0.o)
                0x000000000600c430                slInitSystem
 *fill*         0x000000000600c558        0x8 
 .text          0x000000000600c560        0x0 ../../Compiler/SGL_302j/LIB_COFF/LIBSGL.A(sglJ00.o)
 .text          0x000000000600c560        0x0 ../../Compiler/SGL_302j/LIB_COFF/LIBSGL.A(sglJ01.o)
 .text          0x000000000600c560        0x0 ../../Compiler/SGL_302j/LIB_COFF/LIBSGL.A(sglJ02.o)
 .text          0x000000000600c560        0x0 ../../Compiler/SGL_302j/LIB_COFF/LIBSGL.A(sglJ03.o)
 .text          0x000000000600c560        0x0 ../../Compiler/SGL_302j/LIB_COFF/LIBSGL.A(sglJ04.o)
 .text          0x000000000600c560        0x0 ../../Compiler/SGL_302j/LIB_COFF/LIBSGL.A(sglJ05.o)
 .text          0x000000000600c560        0x0 ../../Compiler/SGL_302j/LIB_COFF/LIBSGL.A(sglK01.o)
 .text          0x000000000600c560        0x0 ../../Compiler/SGL_302j/LIB_COFF/LIBSGL.A(sglM01.o)
 .text          0x000000000600c560        0x0 ../../Compiler/SGL_302j/LIB_COFF/LIBSGL.A(sglA00.o)
 .text          0x000000000600c560        0x0 ../../Compiler/SGL_302j/LIB_COFF/LIBSGL.A(sglA01.o)
 .text          0x000000000600c560        0x0 ../../Compiler/SGL_302j/LIB_COFF/LIBSGL.A(sglB000.o)
 .text          0x000000000600c560        0x0 ../../Compiler/SGL_302j/LIB_COFF/LIBSGL.A(sglB035.o)
 .text          0x000000000600c560        0x0 ../../Compiler/SGL_302j/LIB_COFF/LIBSGL.A(sglC00.o)
 .text          0x000000000600c560        0x0 ../../Compiler/SGL_302j/LIB_COFF/LIBSGL.A(sglI00.o)
 .text          0x000000000600c560        0x0 ../../Compiler/SGL_302j/LIB_COFF/LIBSGL.A(sglH03.o)
 .text          0x000000000600c560       0x52 /home/sansigolo/GameDev/joengine/Compiler/SH_NONE_ELF/bin/../lib/gcc/sh-none-elf/8.2.0/libgcc.a(_ashiftrt.o)
                0x000000000600c560                __ashiftrt_r4_31
                0x000000000600c560                __ashiftrt_r4_32
                0x000000000600c566                __ashiftrt_r4_30
                0x000000000600c568                __ashiftrt_r4_29
                0x000000000600c56a                __ashiftrt_r4_28
                0x000000000600c56c                __ashiftrt_r4_27
                0x000000000600c56e                __ashiftrt_r4_26
                0x000000000600c570                __ashiftrt_r4_25
                0x000000000600c572                __ashiftrt_r4_24
                0x000000000600c57a                __ashiftrt_r4_23
                0x000000000600c57c                __ashiftrt_r4_22
                0x000000000600c57e                __ashiftrt_r4_21
                0x000000000600c580                __ashiftrt_r4_20
                0x000000000600c582                __ashiftrt_r4_19
                0x000000000600c584                __ashiftrt_r4_18
                0x000000000600c586                __ashiftrt_r4_17
                0x000000000600c588                __ashiftrt_r4_16
                0x000000000600c58e                __ashiftrt_r4_15
                0x000000000600c590                __ashiftrt_r4_14
                0x000000000600c592                __ashiftrt_r4_13
                0x000000000600c594                __ashiftrt_r4_12
                0x000000000600c596                __ashiftrt_r4_11
                0x000000000600c598                __ashiftrt_r4_10
                0x000000000600c59a                __ashiftrt_r4_9
                0x000000000600c59c                __ashiftrt_r4_8
                0x000000000600c59e                __ashiftrt_r4_7
                0x000000000600c5a0                __ashiftrt_r4_6
                0x000000000600c5a2                __ashiftrt_r4_5
                0x000000000600c5a4                __ashiftrt_r4_4
                0x000000000600c5a6                __ashiftrt_r4_3
                0x000000000600c5a8                __ashiftrt_r4_2
                0x000000000600c5aa                __ashiftrt_r4_1
                0x000000000600c5ae                __ashiftrt_r4_0
 *fill*         0x000000000600c5b2        0x2 
 .text          0x000000000600c5b4       0xa0 /home/sansigolo/GameDev/joengine/Compiler/SH_NONE_ELF/bin/../lib/gcc/sh-none-elf/8.2.0/libgcc.a(_sdivsi3.o)
                0x000000000600c5b4                __sdivsi3
 .text          0x000000000600c654       0x6c /home/sansigolo/GameDev/joengine/Compiler/SH_NONE_ELF/bin/../lib/gcc/sh-none-elf/8.2.0/libgcc.a(_udivsi3.o)
                0x000000000600c676                __udivsi3
 .text          0x000000000600c6c0      0x134 /home/sansigolo/GameDev/joengine/Compiler/SH_NONE_ELF/bin/../lib/gcc/sh-none-elf/8.2.0/libgcc.a(_mul_sf.o)
                0x000000000600c6c0                __mulsf3
 .text          0x000000000600c7f4       0xdc /home/sansigolo/GameDev/joengine/Compiler/SH_NONE_ELF/bin/../lib/gcc/sh-none-elf/8.2.0/libgcc.a(_div_sf.o)
                0x000000000600c7f4                __divsf3
 .text          0x000000000600c8d0       0x84 /home/sansigolo/GameDev/joengine/Compiler/SH_NONE_ELF/bin/../lib/gcc/sh-none-elf/8.2.0/libgcc.a(_si_to_sf.o)
                0x000000000600c8d0                __floatsisf
 .text          0x000000000600c954       0x7c /home/sansigolo/GameDev/joengine/Compiler/SH_NONE_ELF/bin/../lib/gcc/sh-none-elf/8.2.0/libgcc.a(_sf_to_si.o)
                0x000000000600c954                __fixsfsi
 .text          0x000000000600c9d0        0x0 /home/sansigolo/GameDev/joengine/Compiler/SH_NONE_ELF/bin/../lib/gcc/sh-none-elf/8.2.0/libgcc.a(_thenan_sf.o)
 .text          0x000000000600c9d0       0x94 /home/sansigolo/GameDev/joengine/Compiler/SH_NONE_ELF/bin/../lib/gcc/sh-none-elf/8.2.0/libgcc.a(_usi_to_sf.o)
                0x000000000600c9d0                __floatunsisf
 .text          0x000000000600ca64      0x114 /home/sansigolo/GameDev/joengine/Compiler/SH_NONE_ELF/bin/../lib/gcc/sh-none-elf/8.2.0/libgcc.a(_pack_sf.o)
                0x000000000600ca64                __pack_f
 .text          0x000000000600cb78       0xa0 /home/sansigolo/GameDev/joengine/Compiler/SH_NONE_ELF/bin/../lib/gcc/sh-none-elf/8.2.0/libgcc.a(_unpack_sf.o)
                0x000000000600cb78                __unpack_f
 .text          0x000000000600cc18       0x1e /home/sansigolo/GameDev/joengine/Compiler/SH_NONE_ELF/bin/../lib/gcc/sh-none-elf/8.2.0/../../../../sh-none-elf/lib/libc.a(lib_a-memcmp.o)
                0x000000000600cc18                memcmp
 *fill*         0x000000000600cc36        0x2 
 .text          0x000000000600cc38       0x94 /home/sansigolo/GameDev/joengine/Compiler/SH_NONE_ELF/bin/../lib/gcc/sh-none-elf/8.2.0/../../../../sh-none-elf/lib/libc.a(lib_a-memcpy.o)
                0x000000000600cc38                memcpy
 .text          0x000000000600cccc       0x40 /home/sansigolo/GameDev/joengine/Compiler/SH_NONE_ELF/bin/../lib/gcc/sh-none-elf/8.2.0/../../../../sh-none-elf/lib/libc.a(lib_a-memset.o)
                0x000000000600cccc                memset
 .text          0x000000000600cd0c       0x8c /home/sansigolo/GameDev/joengine/Compiler/SH_NONE_ELF/bin/../lib/gcc/sh-none-elf/8.2.0/../../../../sh-none-elf/lib/libc.a(lib_a-sprintf.o)
                0x000000000600cd0c                _sprintf_r
                0x000000000600cd4c                sprintf
 .text          0x000000000600cd98       0x2a /home/sansigolo/GameDev/joengine/Compiler/SH_NONE_ELF/bin/../lib/gcc/sh-none-elf/8.2.0/../../../../sh-none-elf/lib/libc.a(lib_a-strncmp.o)
                0x000000000600cd98                strncmp
 .text          0x000000000600cdc2       0x32 /home/sansigolo/GameDev/joengine/Compiler/SH_NONE_ELF/bin/../lib/gcc/sh-none-elf/8.2.0/../../../../sh-none-elf/lib/libc.a(lib_a-strncpy.o)
                0x000000000600cdc2                strncpy
 .text          0x000000000600cdf4     0x1378 /home/sansigolo/GameDev/joengine/Compiler/SH_NONE_ELF/bin/../lib/gcc/sh-none-elf/8.2.0/../../../../sh-none-elf/lib/libc.a(lib_a-svfprintf.o)
                0x000000000600cdf4                _svfprintf_r
 .text          0x000000000600e16c      0xef4 /home/sansigolo/GameDev/joengine/Compiler/SH_NONE_ELF/bin/../lib/gcc/sh-none-elf/8.2.0/../../../../sh-none-elf/lib/libc.a(lib_a-dtoa.o)
                0x000000000600e2a0                _dtoa_r
 .text          0x000000000600f060        0x0 /home/sansigolo/GameDev/joengine/Compiler/SH_NONE_ELF/bin/../lib/gcc/sh-none-elf/8.2.0/../../../../sh-none-elf/lib/libc.a(lib_a-impure.o)
 .text          0x000000000600f060       0x40 /home/sansigolo/GameDev/joengine/Compiler/SH_NONE_ELF/bin/../lib/gcc/sh-none-elf/8.2.0/../../../../sh-none-elf/lib/libc.a(lib_a-localeconv.o)
                0x000000000600f060                __localeconv_l
                0x000000000600f068                _localeconv_r
                0x000000000600f084                localeconv
 .text          0x000000000600f0a0       0xa8 /home/sansigolo/GameDev/joengine/Compiler/SH_NONE_ELF/bin/../lib/gcc/sh-none-elf/8.2.0/../../../../sh-none-elf/lib/libc.a(lib_a-locale.o)
                0x000000000600f0a0                _setlocale_r
                0x000000000600f0ec                __locale_mb_cur_max
                0x000000000600f10c                __locale_ctype_ptr_l
                0x000000000600f116                __locale_ctype_ptr
                0x000000000600f134                setlocale
 .text          0x000000000600f148       0x4c /home/sansigolo/GameDev/joengine/Compiler/SH_NONE_ELF/bin/../lib/gcc/sh-none-elf/8.2.0/../../../../sh-none-elf/lib/libc.a(lib_a-mbtowc_r.o)
                0x000000000600f148                _mbtowc_r
                0x000000000600f16c                __ascii_mbtowc
 .text          0x000000000600f194       0x1c /home/sansigolo/GameDev/joengine/Compiler/SH_NONE_ELF/bin/../lib/gcc/sh-none-elf/8.2.0/../../../../sh-none-elf/lib/libc.a(lib_a-memchr.o)
                0x000000000600f194                memchr
 .text          0x000000000600f1b0      0xa9c /home/sansigolo/GameDev/joengine/Compiler/SH_NONE_ELF/bin/../lib/gcc/sh-none-elf/8.2.0/../../../../sh-none-elf/lib/libc.a(lib_a-mprec.o)
                0x000000000600f1b0                _Balloc
                0x000000000600f224                _Bfree
                0x000000000600f23c                __multadd
                0x000000000600f2e4                __s2b
                0x000000000600f3a4                __hi0bits
                0x000000000600f3f8                __lo0bits
                0x000000000600f45c                __i2b
                0x000000000600f478                __multiply
                0x000000000600f5bc                __pow5mult
                0x000000000600f678                __lshift
                0x000000000600f76c                __mcmp
                0x000000000600f7a4                __mdiff
                0x000000000600f880                __ulp
                0x000000000600f8ec                __b2d
                0x000000000600f9d4                __d2b
                0x000000000600fac0                __ratio
                0x000000000600fb44                _mprec_log10
                0x000000000600fb9c                __copybits
                0x000000000600fbe0                __any_on
 .text          0x000000000600fc4c       0x34 /home/sansigolo/GameDev/joengine/Compiler/SH_NONE_ELF/bin/../lib/gcc/sh-none-elf/8.2.0/../../../../sh-none-elf/lib/libc.a(lib_a-nano-callocr.o)
                0x000000000600fc4c                _calloc_r
 .text          0x000000000600fc80       0xf4 /home/sansigolo/GameDev/joengine/Compiler/SH_NONE_ELF/bin/../lib/gcc/sh-none-elf/8.2.0/../../../../sh-none-elf/lib/libc.a(lib_a-nano-mallocr.o)
                0x000000000600fc80                _malloc_r
 .text          0x000000000600fd74       0x30 /home/sansigolo/GameDev/joengine/Compiler/SH_NONE_ELF/bin/../lib/gcc/sh-none-elf/8.2.0/../../../../sh-none-elf/lib/libc.a(lib_a-sbrkr.o)
                0x000000000600fd74                _sbrk_r
 .text          0x000000000600fda4       0x38 /home/sansigolo/GameDev/joengine/Compiler/SH_NONE_ELF/bin/../lib/gcc/sh-none-elf/8.2.0/../../../../sh-none-elf/lib/libc.a(lib_a-strcmp.o)
                0x000000000600fda4                strcmp
 .text          0x000000000600fddc       0x20 /home/sansigolo/GameDev/joengine/Compiler/SH_NONE_ELF/bin/../lib/gcc/sh-none-elf/8.2.0/../../../../sh-none-elf/lib/libc.a(lib_a-strlen.o)
                0x000000000600fddc                strlen
 .text          0x000000000600fdfc      0xa60 /home/sansigolo/GameDev/joengine/Compiler/SH_NONE_ELF/bin/../lib/gcc/sh-none-elf/8.2.0/../../../../sh-none-elf/lib/libc.a(lib_a-svfiprintf.o)
                0x000000000600fdfc                __ssprint_r
                0x000000000600ff30                _svfiprintf_r
 .text          0x000000000601085c      0x25c /home/sansigolo/GameDev/joengine/Compiler/SH_NONE_ELF/bin/../lib/gcc/sh-none-elf/8.2.0/../../../../sh-none-elf/lib/libc.a(lib_a-syscalls.o)
                0x00000000060108d4                _read
                0x00000000060108e4                _lseek
                0x00000000060108f4                _write
                0x0000000006010904                _close
                0x0000000006010914                _link
                0x0000000006010918                _sbrk
                0x0000000006010970                _fstat
                0x000000000601097a                _open
                0x000000000601098c                _creat
                0x000000000601099c                _unlink
                0x00000000060109a0                isatty
                0x00000000060109a4                _isatty
                0x00000000060109a8                _exit
                0x00000000060109b8                _kill
                0x00000000060109cc                _getpid
                0x00000000060109d0                _raise
                0x00000000060109d4                _stat
                0x00000000060109e4                _chmod
                0x00000000060109f4                _chown
                0x0000000006010a04                _utime
                0x0000000006010a18                _fork
                0x0000000006010a24                _wait
                0x0000000006010a34                _execve
                0x0000000006010a44                _execv
                0x0000000006010a54                _pipe
                0x0000000006010a60                _times
                0x0000000006010a64                _gettimeofday
                0x0000000006010a8c                __setup_argv_and_call_main
 .text          0x0000000006010ab8       0x14 /home/sansigolo/GameDev/joengine/Compiler/SH_NONE_ELF/bin/../lib/gcc/sh-none-elf/8.2.0/../../../../sh-none-elf/lib/libc.a(lib_a-trap.o)
                0x0000000006010ab8                __trap34
 .text          0x0000000006010acc       0x40 /home/sansigolo/GameDev/joengine/Compiler/SH_NONE_ELF/bin/../lib/gcc/sh-none-elf/8.2.0/../../../../sh-none-elf/lib/libc.a(lib_a-wctomb_r.o)
                0x0000000006010acc                _wctomb_r
                0x0000000006010aec                __ascii_wctomb
 .text          0x0000000006010b0c       0x18 /home/sansigolo/GameDev/joengine/Compiler/SH_NONE_ELF/bin/../lib/gcc/sh-none-elf/8.2.0/../../../../sh-none-elf/lib/libc.a(lib_a-abort.o)
                0x0000000006010b0c                abort
 .text          0x0000000006010b24        0x0 /home/sansigolo/GameDev/joengine/Compiler/SH_NONE_ELF/bin/../lib/gcc/sh-none-elf/8.2.0/../../../../sh-none-elf/lib/libc.a(lib_a-ctype_.o)
 .text          0x0000000006010b24       0x3c /home/sansigolo/GameDev/joengine/Compiler/SH_NONE_ELF/bin/../lib/gcc/sh-none-elf/8.2.0/../../../../sh-none-elf/lib/libc.a(lib_a-memmove.o)
                0x0000000006010b24                memmove
 .text          0x0000000006010b60        0x8 /home/sansigolo/GameDev/joengine/Compiler/SH_NONE_ELF/bin/../lib/gcc/sh-none-elf/8.2.0/../../../../sh-none-elf/lib/libc.a(lib_a-mlock.o)
                0x0000000006010b60                __malloc_lock
                0x0000000006010b64                __malloc_unlock
 .text          0x0000000006010b68       0xc8 /home/sansigolo/GameDev/joengine/Compiler/SH_NONE_ELF/bin/../lib/gcc/sh-none-elf/8.2.0/../../../../sh-none-elf/lib/libc.a(lib_a-nano-freer.o)
                0x0000000006010b68                _free_r
 .text          0x0000000006010c30       0x7c /home/sansigolo/GameDev/joengine/Compiler/SH_NONE_ELF/bin/../lib/gcc/sh-none-elf/8.2.0/../../../../sh-none-elf/lib/libc.a(lib_a-nano-reallocr.o)
                0x0000000006010c30                _realloc_r
 .text          0x0000000006010cac      0x1b0 /home/sansigolo/GameDev/joengine/Compiler/SH_NONE_ELF/bin/../lib/gcc/sh-none-elf/8.2.0/../../../../sh-none-elf/lib/libc.a(lib_a-signal.o)
                0x0000000006010cac                _init_signal_r
                0x0000000006010ce8                _signal_r
                0x0000000006010d34                _raise_r
                0x0000000006010dac                __sigtramp_r
                0x0000000006010e10                raise
                0x0000000006010e24                signal
                0x0000000006010e38                _init_signal
                0x0000000006010e48                __sigtramp
 .text          0x0000000006010e5c       0x40 /home/sansigolo/GameDev/joengine/Compiler/SH_NONE_ELF/bin/../lib/gcc/sh-none-elf/8.2.0/../../../../sh-none-elf/lib/libc.a(lib_a-signalr.o)
                0x0000000006010e5c                _kill_r
                0x0000000006010e90                _getpid_r
 .text          0x0000000006010e9c       0x16 /home/sansigolo/GameDev/joengine/Compiler/SH_NONE_ELF/bin/../lib/gcc/sh-none-elf/8.2.0/../../../../sh-none-elf/lib/libc.a(lib_a-nano-msizer.o)
                0x0000000006010e9c                _malloc_usable_size_r
 *fill*         0x0000000006010eb2        0x2 
 .text          0x0000000006010eb4       0x80 /home/sansigolo/GameDev/joengine/Compiler/SH_NONE_ELF/bin/../lib/gcc/sh-none-elf/8.2.0/libgcc.a(_ashiftrt_n.o)
                0x0000000006010eb4                __ashrsi3
 .text          0x0000000006010f34       0xbc /home/sansigolo/GameDev/joengine/Compiler/SH_NONE_ELF/bin/../lib/gcc/sh-none-elf/8.2.0/libgcc.a(_ashiftlt.o)
                0x0000000006010f34                __ashlsi3
                0x0000000006010f38                __ashlsi3_r0
 .text          0x0000000006010ff0       0xbc /home/sansigolo/GameDev/joengine/Compiler/SH_NONE_ELF/bin/../lib/gcc/sh-none-elf/8.2.0/libgcc.a(_lshiftrt.o)
                0x0000000006010ff0                __lshrsi3
                0x0000000006010ff4                __lshrsi3_r0
 .text          0x00000000060110ac      0x258 /home/sansigolo/GameDev/joengine/Compiler/SH_NONE_ELF/bin/../lib/gcc/sh-none-elf/8.2.0/libgcc.a(_udivdi3.o)
                0x00000000060110ac                __udivdi3
 .text          0x0000000006011304      0x2bc /home/sansigolo/GameDev/joengine/Compiler/SH_NONE_ELF/bin/../lib/gcc/sh-none-elf/8.2.0/libgcc.a(_umoddi3.o)
                0x0000000006011304                __umoddi3
 .text          0x00000000060115c0      0x3b4 /home/sansigolo/GameDev/joengine/Compiler/SH_NONE_ELF/bin/../lib/gcc/sh-none-elf/8.2.0/libgcc.a(_addsub_df.o)
                0x00000000060118d0                __adddf3
                0x0000000006011920                __subdf3
 .text          0x0000000006011974      0x208 /home/sansigolo/GameDev/joengine/Compiler/SH_NONE_ELF/bin/../lib/gcc/sh-none-elf/8.2.0/libgcc.a(_mul_df.o)
                0x0000000006011974                __muldf3
 .text          0x0000000006011b7c      0x130 /home/sansigolo/GameDev/joengine/Compiler/SH_NONE_ELF/bin/../lib/gcc/sh-none-elf/8.2.0/libgcc.a(_div_df.o)
                0x0000000006011b7c                __divdf3
 .text          0x0000000006011cac       0x58 /home/sansigolo/GameDev/joengine/Compiler/SH_NONE_ELF/bin/../lib/gcc/sh-none-elf/8.2.0/libgcc.a(_eq_df.o)
                0x0000000006011cac                __eqdf2
 .text          0x0000000006011d04       0x58 /home/sansigolo/GameDev/joengine/Compiler/SH_NONE_ELF/bin/../lib/gcc/sh-none-elf/8.2.0/libgcc.a(_ne_df.o)
                0x0000000006011d04                __nedf2
 .text          0x0000000006011d5c       0x50 /home/sansigolo/GameDev/joengine/Compiler/SH_NONE_ELF/bin/../lib/gcc/sh-none-elf/8.2.0/libgcc.a(_gt_df.o)
                0x0000000006011d5c                __gtdf2
 .text          0x0000000006011dac       0x50 /home/sansigolo/GameDev/joengine/Compiler/SH_NONE_ELF/bin/../lib/gcc/sh-none-elf/8.2.0/libgcc.a(_ge_df.o)
                0x0000000006011dac                __gedf2
 .text          0x0000000006011dfc       0x58 /home/sansigolo/GameDev/joengine/Compiler/SH_NONE_ELF/bin/../lib/gcc/sh-none-elf/8.2.0/libgcc.a(_lt_df.o)
                0x0000000006011dfc                __ltdf2
 .text          0x0000000006011e54       0x58 /home/sansigolo/GameDev/joengine/Compiler/SH_NONE_ELF/bin/../lib/gcc/sh-none-elf/8.2.0/libgcc.a(_le_df.o)
                0x0000000006011e54                __ledf2
 .text          0x0000000006011eac       0x40 /home/sansigolo/GameDev/joengine/Compiler/SH_NONE_ELF/bin/../lib/gcc/sh-none-elf/8.2.0/libgcc.a(_unord_df.o)
                0x0000000006011eac                __unorddf2
 .text          0x0000000006011eec       0xa8 /home/sansigolo/GameDev/joengine/Compiler/SH_NONE_ELF/bin/../lib/gcc/sh-none-elf/8.2.0/libgcc.a(_si_to_df.o)
                0x0000000006011eec                __floatsidf
 .text          0x0000000006011f94       0xa4 /home/sansigolo/GameDev/joengine/Compiler/SH_NONE_ELF/bin/../lib/gcc/sh-none-elf/8.2.0/libgcc.a(_df_to_si.o)
                0x0000000006011f94                __fixdfsi
 .text          0x0000000006012038        0x0 /home/sansigolo/GameDev/joengine/Compiler/SH_NONE_ELF/bin/../lib/gcc/sh-none-elf/8.2.0/libgcc.a(_thenan_df.o)
 .text          0x0000000006012038       0x88 /home/sansigolo/GameDev/joengine/Compiler/SH_NONE_ELF/bin/../lib/gcc/sh-none-elf/8.2.0/libgcc.a(_usi_to_df.o)
                0x0000000006012038                __floatunsidf
 .text          0x00000000060120c0       0x60 /home/sansigolo/GameDev/joengine/Compiler/SH_NONE_ELF/bin/../lib/gcc/sh-none-elf/8.2.0/libgcc.a(_udiv_qrnnd_16.o)
                0x00000000060120c0                __udiv_qrnnd_16
 .text          0x0000000006012120        0x0 /home/sansigolo/GameDev/joengine/Compiler/SH_NONE_ELF/bin/../lib/gcc/sh-none-elf/8.2.0/libgcc.a(_clz.o)
 .text          0x0000000006012120       0x58 /home/sansigolo/GameDev/joengine/Compiler/SH_NONE_ELF/bin/../lib/gcc/sh-none-elf/8.2.0/libgcc.a(_clzsi2.o)
                0x0000000006012120                __clzsi2
 .text          0x0000000006012178      0x25c /home/sansigolo/GameDev/joengine/Compiler/SH_NONE_ELF/bin/../lib/gcc/sh-none-elf/8.2.0/libgcc.a(_pack_df.o)
                0x0000000006012178                __pack_d
 .text          0x00000000060123d4       0xcc /home/sansigolo/GameDev/joengine/Compiler/SH_NONE_ELF/bin/../lib/gcc/sh-none-elf/8.2.0/libgcc.a(_unpack_df.o)
                0x00000000060123d4                __unpack_d
 .text          0x00000000060124a0       0xc8 /home/sansigolo/GameDev/joengine/Compiler/SH_NONE_ELF/bin/../lib/gcc/sh-none-elf/8.2.0/libgcc.a(_fpcmp_parts_df.o)
                0x00000000060124a0                __fpcmp_parts_d
 *(.strings)
                0x0000000006012568                __etext = .

.text.startup   0x0000000006012568      0x4a8
 .text.startup  0x0000000006012568      0x4a8 /tmp/ccwOJtZe.ltrans0.ltrans.o
                0x0000000006012568                main

.rodata         0x0000000006012a20      0x684
 *(.rodata)
 .rodata        0x0000000006012a20      0x174 /tmp/ccwOJtZe.ltrans0.ltrans.o
 .rodata        0x0000000006012b94       0x10 /home/sansigolo/GameDev/joengine/Compiler/SH_NONE_ELF/bin/../lib/gcc/sh-none-elf/8.2.0/libgcc.a(_thenan_sf.o)
                0x0000000006012b94                __thenan_sf
 .rodata        0x0000000006012ba4       0x20 /home/sansigolo/GameDev/joengine/Compiler/SH_NONE_ELF/bin/../lib/gcc/sh-none-elf/8.2.0/../../../../sh-none-elf/lib/libc.a(lib_a-svfprintf.o)
 .rodata        0x0000000006012bc4        0x4 /home/sansigolo/GameDev/joengine/Compiler/SH_NONE_ELF/bin/../lib/gcc/sh-none-elf/8.2.0/../../../../sh-none-elf/lib/libc.a(lib_a-impure.o)
                0x0000000006012bc4                _global_impure_ptr
 .rodata        0x0000000006012bc8      0x124 /home/sansigolo/GameDev/joengine/Compiler/SH_NONE_ELF/bin/../lib/gcc/sh-none-elf/8.2.0/../../../../sh-none-elf/lib/libc.a(lib_a-mprec.o)
                0x0000000006012bd4                __mprec_tinytens
                0x0000000006012bfc                __mprec_bigtens
                0x0000000006012c24                __mprec_tens
 .rodata        0x0000000006012cec       0x20 /home/sansigolo/GameDev/joengine/Compiler/SH_NONE_ELF/bin/../lib/gcc/sh-none-elf/8.2.0/../../../../sh-none-elf/lib/libc.a(lib_a-svfiprintf.o)
 .rodata        0x0000000006012d0c      0x284 /home/sansigolo/GameDev/joengine/Compiler/SH_NONE_ELF/bin/../lib/gcc/sh-none-elf/8.2.0/../../../../sh-none-elf/lib/libc.a(lib_a-ctype_.o)
                0x0000000006012d0c                _ctype_
                0x0000000006012e10                _ctype_b
 .rodata        0x0000000006012f90       0x14 /home/sansigolo/GameDev/joengine/Compiler/SH_NONE_ELF/bin/../lib/gcc/sh-none-elf/8.2.0/libgcc.a(_thenan_df.o)
                0x0000000006012f90                __thenan_df
 .rodata        0x0000000006012fa4      0x100 /home/sansigolo/GameDev/joengine/Compiler/SH_NONE_ELF/bin/../lib/gcc/sh-none-elf/8.2.0/libgcc.a(_clz.o)
                0x0000000006012fa4                __clz_tab

.rodata.str1.4  0x00000000060130a4      0x4d6
 .rodata.str1.4
                0x00000000060130a4      0x468 /tmp/ccwOJtZe.ltrans0.ltrans.o
                                        0x475 (size before relaxing)
 .rodata.str1.4
                0x000000000601350c       0x35 /home/sansigolo/GameDev/joengine/Compiler/SH_NONE_ELF/bin/../lib/gcc/sh-none-elf/8.2.0/../../../../sh-none-elf/lib/libc.a(lib_a-svfprintf.o)
                                         0x3a (size before relaxing)
 *fill*         0x0000000006013541        0x3 
 .rodata.str1.4
                0x0000000006013544        0xd /home/sansigolo/GameDev/joengine/Compiler/SH_NONE_ELF/bin/../lib/gcc/sh-none-elf/8.2.0/../../../../sh-none-elf/lib/libc.a(lib_a-dtoa.o)
                                         0x12 (size before relaxing)
 *fill*         0x0000000006013551        0x3 
 .rodata.str1.4
                0x0000000006013554        0xa /home/sansigolo/GameDev/joengine/Compiler/SH_NONE_ELF/bin/../lib/gcc/sh-none-elf/8.2.0/../../../../sh-none-elf/lib/libc.a(lib_a-locale.o)
                                         0x12 (size before relaxing)
 .rodata.str1.4
                0x000000000601355e       0x25 /home/sansigolo/GameDev/joengine/Compiler/SH_NONE_ELF/bin/../lib/gcc/sh-none-elf/8.2.0/../../../../sh-none-elf/lib/libc.a(lib_a-svfiprintf.o)
 *fill*         0x000000000601355e        0x2 
 .rodata.str1.4
                0x0000000006013560       0x1a /home/sansigolo/GameDev/joengine/Compiler/SH_NONE_ELF/bin/../lib/gcc/sh-none-elf/8.2.0/../../../../sh-none-elf/lib/libc.a(lib_a-syscalls.o)

.eh_frame       0x000000000601357c      0x170
 .eh_frame      0x000000000601357c       0xa8 /home/sansigolo/GameDev/joengine/Compiler/SH_NONE_ELF/bin/../lib/gcc/sh-none-elf/8.2.0/libgcc.a(_udivdi3.o)
 .eh_frame      0x0000000006013624       0xc8 /home/sansigolo/GameDev/joengine/Compiler/SH_NONE_ELF/bin/../lib/gcc/sh-none-elf/8.2.0/libgcc.a(_umoddi3.o)
                                         0xdc (size before relaxing)

.rela.dyn       0x00000000060136ec        0x0
 .rela.text     0x00000000060136ec        0x0 /home/sansigolo/GameDev/joengine/Compiler/SH_NONE_ELF/bin/../lib/gcc/sh-none-elf/8.2.0/../../../../sh-none-elf/lib/libc.a(lib_a-sbrkr.o)
 .rela.text.startup
                0x00000000060136ec        0x0 /home/sansigolo/GameDev/joengine/Compiler/SH_NONE_ELF/bin/../lib/gcc/sh-none-elf/8.2.0/../../../../sh-none-elf/lib/libc.a(lib_a-sbrkr.o)

SLPROG          0x0000000006013700    0x116a0
                0x0000000006013700                __slprog_start = .
 *(SLPROG)
 SLPROG         0x0000000006013700     0x6540 ../../Compiler/SGL_302j/LIB_COFF/SGLAREA.O
                0x0000000006013700                MasterStack
                0x0000000006013704                SlaveStack
                0x0000000006013708                MaxVertices
                0x000000000601370a                MaxPolygons
                0x000000000601370c                SortList
                0x0000000006013710                SortListSize
                0x0000000006013714                TransList
                0x0000000006013718                Zbuffer
                0x000000000601371c                SpriteBuf
                0x0000000006013720                SpriteBufSize
                0x0000000006013724                Pbuffer
                0x0000000006013728                CommandBuf
                0x000000000601372c                CLOfstBuf
                0x0000000006013730                PCM_Work
                0x0000000006013734                PCM_WkSize
                0x0000000006013738                MaxEvents
                0x000000000601373a                EventSize
                0x000000000601373c                MaxWorks
                0x000000000601373e                WorkSize
                0x0000000006013740                RemainEvent
                0x0000000006013840                RemainWork
                0x0000000006013c40                EventBuf
                0x0000000006015c40                WorkBuf
 SLPROG         0x0000000006019c40       0x18 ../../Compiler/SGL_302j/LIB_COFF/LIBSGL.A(sglA15.o)
                0x0000000006019c40                slSlaveFunc
 *fill*         0x0000000006019c58        0x8 
 SLPROG         0x0000000006019c60      0x42c ../../Compiler/SGL_302j/LIB_COFF/LIBSGL.A(sglA20.o)
                0x0000000006019c60                slInitMatrix
                0x0000000006019c6a                slPushUnitMatrix
                0x0000000006019c7e                slUnitMatrix
 *fill*         0x000000000601a08c        0x4 
 SLPROG         0x000000000601a090       0x48 ../../Compiler/SGL_302j/LIB_COFF/LIBSGL.A(sglA21.o)
                0x000000000601a090                slPushMatrix
                0x000000000601a0c4                slPopMatrix
                0x000000000601a0c4                slDecMatrixPtr
 *fill*         0x000000000601a0d8        0x8 
 SLPROG         0x000000000601a0e0       0x50 ../../Compiler/SGL_302j/LIB_COFF/LIBSGL.A(sglA27.o)
                0x000000000601a0e0                slTranslate
 SLPROG         0x000000000601a130       0x20 ../../Compiler/SGL_302j/LIB_COFF/LIBSGL.A(sglB001.o)
                0x000000000601a130                slTVOn
                0x000000000601a13a                slTVOff
 SLPROG         0x000000000601a150       0x24 ../../Compiler/SGL_302j/LIB_COFF/LIBSGL.A(sglB011.o)
                0x000000000601a150                slBitMapNbg1
 *fill*         0x000000000601a174        0xc 
 SLPROG         0x000000000601a180      0x40c ../../Compiler/SGL_302j/LIB_COFF/LIBSGL.A(sglB015.o)
                0x000000000601a180                slScrAutoDisp
 *fill*         0x000000000601a58c        0x4 
 SLPROG         0x000000000601a590        0xc ../../Compiler/SGL_302j/LIB_COFF/LIBSGL.A(sglB016.o)
                0x000000000601a590                slBack1ColSet
 *fill*         0x000000000601a59c        0x4 
 SLPROG         0x000000000601a5a0       0xb4 ../../Compiler/SGL_302j/LIB_COFF/LIBSGL.A(sglB032.o)
                0x000000000601a5a0                slMapNbg1
 *fill*         0x000000000601a654        0xc 
 SLPROG         0x000000000601a660        0xc ../../Compiler/SGL_302j/LIB_COFF/LIBSGL.A(sglB053.o)
                0x000000000601a660                slZoomNbg1
 *fill*         0x000000000601a66c        0x4 
 SLPROG         0x000000000601a670        0xc ../../Compiler/SGL_302j/LIB_COFF/LIBSGL.A(sglB056.o)
                0x000000000601a670                slPlaneNbg1
 *fill*         0x000000000601a67c        0x4 
 SLPROG         0x000000000601a680        0xc ../../Compiler/SGL_302j/LIB_COFF/LIBSGL.A(sglB063.o)
                0x000000000601a680                slPriority
 *fill*         0x000000000601a68c        0x4 
 SLPROG         0x000000000601a690      0x114 ../../Compiler/SGL_302j/LIB_COFF/LIBSGL.A(sglB200.o)
                0x000000000601a690                slCharRbg0
                0x000000000601a69c                slCharNbg0
                0x000000000601a6a8                slCharNbg1
                0x000000000601a6b4                slCharNbg2
                0x000000000601a6ca                slCharNbg3
                0x000000000601a6e2                slPageRbg0
                0x000000000601a6f8                slPageNbg1
                0x000000000601a700                slPageNbg2
                0x000000000601a708                slPageNbg3
                0x000000000601a714                slPageNbg0
 *fill*         0x000000000601a7a4        0xc 
 SLPROG         0x000000000601a7b0       0xfa ../../Compiler/SGL_302j/LIB_COFF/LIBSGL.A(sglC06.o)
                0x000000000601a7b0                slDispSprite
 *fill*         0x000000000601a8aa        0x6 
 SLPROG         0x000000000601a8b0      0x162 ../../Compiler/SGL_302j/LIB_COFF/LIBSGL.A(sglC07.o)
                0x000000000601a8b6                slPutSprite
 *fill*         0x000000000601aa12        0xe 
 SLPROG         0x000000000601aa20     0x1218 ../../Compiler/SGL_302j/LIB_COFF/LIBSGL.A(sglC08.o)
                0x000000000601aa20                slPutPolygon
                0x000000000601b69c                MsCalcDepthFlat
 *fill*         0x000000000601bc38        0x8 
 SLPROG         0x000000000601bc40       0x40 ../../Compiler/SGL_302j/LIB_COFF/LIBSGL.A(sglC20.o)
                0x000000000601bc40                SpriteEntry
 SLPROG         0x000000000601bc80       0x84 ../../Compiler/SGL_302j/LIB_COFF/LIBSGL.A(sglD00.o)
                0x000000000601bc80                slDMACopy
                0x000000000601bc80                slCpuDMACopy
                0x000000000601bcda                slCashPurge
                0x000000000601bcda                CSH_AllClr
 *fill*         0x000000000601bd04        0xc 
 SLPROG         0x000000000601bd10       0xa0 ../../Compiler/SGL_302j/LIB_COFF/LIBSGL.A(sglD01.o)
                0x000000000601bd10                slDMAXCopy
 SLPROG         0x000000000601bdb0        0xc ../../Compiler/SGL_302j/LIB_COFF/LIBSGL.A(sglD03.o)
                0x000000000601bdb0                slDMAStatus
 *fill*         0x000000000601bdbc        0x4 
 SLPROG         0x000000000601bdc0       0x20 ../../Compiler/SGL_302j/LIB_COFF/LIBSGL.A(sglD15.o)
                0x000000000601bdc0                CSH_Purge
 SLPROG         0x000000000601bde0       0x84 ../../Compiler/SGL_302j/LIB_COFF/LIBSGL.A(sglD16.o)
                0x000000000601bde0                DMA_ScuSetPrm
                0x000000000601be28                DMA_SCU_PRM0
 *fill*         0x000000000601be64        0xc 
 SLPROG         0x000000000601be70       0x88 ../../Compiler/SGL_302j/LIB_COFF/LIBSGL.A(sglD17.o)
                0x000000000601be70                DMA_ScuStart
 *fill*         0x000000000601bef8        0x8 
 SLPROG         0x000000000601bf00       0x34 ../../Compiler/SGL_302j/LIB_COFF/LIBSGL.A(sglD18.o)
                0x000000000601bf00                DMA_ScuGetStatus
 *fill*         0x000000000601bf34        0xc 
 SLPROG         0x000000000601bf40       0x4e ../../Compiler/SGL_302j/LIB_COFF/LIBSGL.A(sglF00.o)
                0x000000000601bf40                slCurScrn
                0x000000000601bf50                slCurColor
                0x000000000601bf5a                slLocate
                0x000000000601bf8c                CurrentScreen
 *fill*         0x000000000601bf8e        0x2 
 SLPROG         0x000000000601bf90       0x1c ../../Compiler/SGL_302j/LIB_COFF/LIBSGL.A(sglF05.o)
                0x000000000601bf90                slPrint
 *fill*         0x000000000601bfac        0x4 
 SLPROG         0x000000000601bfb0      0xfc8 ../../Compiler/SGL_302j/LIB_COFF/LIBSGL.A(sglH00.o)
                0x000000000601bfc8                slGetPortDir1
                0x000000000601bfd0                slGetPortDir2
                0x000000000601bfd8                slSetPortDir1
                0x000000000601c002                slSetPortDir2
                0x000000000601c03c                slGetPortData1
                0x000000000601c044                slGetPortData2
                0x000000000601c04c                slSetPortData1
                0x000000000601c056                slSetPortData2
                0x000000000601c068                slGetPortSelect1
                0x000000000601c072                slGetPortSelect2
                0x000000000601c07c                slSetPortSelect1
                0x000000000601c0b0                slSetPortSelect2
                0x000000000601c0ec                slGetPortExt1
                0x000000000601c0f6                slGetPortExt2
                0x000000000601c100                slSetPortExt1
                0x000000000601c130                slSetPortExt2
                0x000000000601c2a4                slSmpcDirectAccess
                0x000000000601c324                slInitPeripheral
                0x000000000601c3b6                slSetResultBuffer
                0x000000000601c442                slCheckIntBackSet
                0x000000000601c44e                slIntBackCancel
                0x000000000601c478                slCheckReset
                0x000000000601c482                slClearReset
                0x000000000601c648                slSmpcCashSend
                0x000000000601c704                slSmpcCashBlow
                0x000000000601c7e0                slGetOptimize
                0x000000000601c7ea                slSetOptimize
                0x000000000601c810                slGetPortMode1
                0x000000000601c81c                slGetPortMode2
                0x000000000601c82a                slSetPortMode1
                0x000000000601c868                slSetPortMode2
                0x000000000601c9f4                slRequestCommand
                0x000000000601ca64                Smpc_Status
                0x000000000601ca68                Smpc_Result
                0x000000000601ca6c                Smpc_Peripheral
                0x000000000601ca72                Per_Connect1
                0x000000000601ca73                Per_Connect2
                0x000000000601ca94                SmpcStatusBuf
 *fill*         0x000000000601cf78        0x8 
 SLPROG         0x000000000601cf80       0xa8 ../../Compiler/SGL_302j/LIB_COFF/LIBSGL.A(sglH01.o)
                0x000000000601cf80                slGetLanguage
                0x000000000601cf8a                slSetLanguage
                0x000000000601cfac                slGetSoundEffect
                0x000000000601cfb8                slSetSoundEffect
                0x000000000601cfd4                slGetSoundOutput
                0x000000000601cfe0                slSetSoundOutput
                0x000000000601cffc                slGetHelpWindow
                0x000000000601d008                slSetHelpWindow
 *fill*         0x000000000601d028        0x8 
 SLPROG         0x000000000601d030      0x470 ../../Compiler/SGL_302j/LIB_COFF/LIBSGL.A(sglH02.o)
                0x000000000601d420                smpc_pfr_tbl
                0x000000000601d460                smpc_ptf_tbl
 SLPROG         0x000000000601d4a0       0x60 ../../Compiler/SGL_302j/LIB_COFF/LIBSGL.A(sglH04.o)
                0x000000000601d4a0                slComPrmIntBack
                0x000000000601d4b4                slComPrmSetMemory
                0x000000000601d4ca                slComPrmSetTime
 SLPROG         0x000000000601d500      0x3a4 ../../Compiler/SGL_302j/LIB_COFF/LIBSGL.A(sglI01.o)
                0x000000000601d500                slInitSynch
                0x000000000601d51a                slSynch
                0x000000000601d610                slRandom
                0x000000000601d62e                PCM_EndCheck
                0x000000000601d6ea                RetPCMBuf
                0x000000000601d784                PCM_Buf
                0x000000000601d824                Sound_Buf
 *fill*         0x000000000601d8a4        0xc 
 SLPROG         0x000000000601d8b0       0x74 ../../Compiler/SGL_302j/LIB_COFF/LIBSGL.A(sglJ00.o)
                0x000000000601d8b0                InitSlaveSH
                0x000000000601d918                SlaveCommand
 *fill*         0x000000000601d924        0xc 
 SLPROG         0x000000000601d930      0x3d0 ../../Compiler/SGL_302j/LIB_COFF/LIBSGL.A(sglJ01.o)
                0x000000000601d930                SlaveControl
                0x000000000601dcec                ErasePolygonData
 SLPROG         0x000000000601dd00     0x12b8 ../../Compiler/SGL_302j/LIB_COFF/LIBSGL.A(sglJ02.o)
                0x000000000601dd00                sbMakePolygon
                0x000000000601dee8                sbCalcPolygon
                0x000000000601ec20                SetTexture
                0x000000000601ec2c                SetPolygon
                0x000000000601ec34                SetPosition
                0x000000000601ec6c                stvtc_4
                0x000000000601ed24                stvtc_3
                0x000000000601ef34                stvtc_1
                0x000000000601ef48                stvtc_2
                0x000000000601ef5c                stvtc_0
 *fill*         0x000000000601efb8        0x8 
 SLPROG         0x000000000601efc0      0x140 ../../Compiler/SGL_302j/LIB_COFF/LIBSGL.A(sglJ03.o)
                0x000000000601efc0                sbMakeDMATable
 SLPROG         0x000000000601f100      0x470 ../../Compiler/SGL_302j/LIB_COFF/LIBSGL.A(sglJ04.o)
                0x000000000601f15e                sbMakeSprite
                0x000000000601f1c4                sbMakeRotSprite
 SLPROG         0x000000000601f570       0x3c ../../Compiler/SGL_302j/LIB_COFF/LIBSGL.A(sglJ05.o)
                0x000000000601f570                sbSortEntry
 *fill*         0x000000000601f5ac        0x4 
 SLPROG         0x000000000601f5b0       0x6a ../../Compiler/SGL_302j/LIB_COFF/LIBSGL.A(sglM01.o)
                0x000000000601f5b0                slSetDepthLimit
                0x000000000601f5dc                slSetDepthTbl
                0x000000000601f60c                DepthWorkArea
 *fill*         0x000000000601f61a        0x6 
 SLPROG         0x000000000601f620       0x20 ../../Compiler/SGL_302j/LIB_COFF/LIBSGL.A(sglA00.o)
                0x000000000601f620                set_imask
                0x000000000601f620                _builtin_set_imask
                0x000000000601f634                get_imask
                0x000000000601f634                _builtin_get_imask
 SLPROG         0x000000000601f640     0x411e ../../Compiler/SGL_302j/LIB_COFF/LIBSGL.A(sglA01.o)
                0x000000000601f640                slSin
                0x000000000601f664                slCos
                0x000000000601f688                GetSinCos
                0x000000000601f71c                sin_cos_index_tbl
                0x000000000601f75c                sin_tbl
 *fill*         0x000000000602375e        0x2 
 SLPROG         0x0000000006023760      0xbd0 ../../Compiler/SGL_302j/LIB_COFF/LIBSGL.A(sglB000.o)
                0x0000000006023760                slInitScroll
                0x0000000006023880                setASC_1to8
                0x00000000060238b0                setASC_4to8
                0x00000000060239c0                TVSizeTbl
                0x0000000006023a40                TVModeTbl
                0x0000000006023c18                SGL_ASCII_CG
 SLPROG         0x0000000006024330       0xd4 ../../Compiler/SGL_302j/LIB_COFF/LIBSGL.A(sglB035.o)
                0x0000000006024330                sl1MapRA
                0x00000000060243c2                rbank_set
 *fill*         0x0000000006024404        0xc 
 SLPROG         0x0000000006024410      0x134 ../../Compiler/SGL_302j/LIB_COFF/LIBSGL.A(sglC00.o)
                0x0000000006024410                slInitSprite
 *fill*         0x0000000006024544        0xc 
 SLPROG         0x0000000006024550      0x75c ../../Compiler/SGL_302j/LIB_COFF/LIBSGL.A(sglI00.o)
                0x0000000006024840                slInitInterrupt
 *fill*         0x0000000006024cac        0x4 
 SLPROG         0x0000000006024cb0       0xf0 ../../Compiler/SGL_302j/LIB_COFF/LIBSGL.A(sglH03.o)
                0x0000000006024d14                slSmpcIntBack
                0x0000000006024da0                __slprog_end = .

.tors           0x0000000006024da0        0x0
                0x0000000006024da0                ___ctors = .
 *(.ctors)
                0x0000000006024da0                ___ctors_end = .
                0x0000000006024da0                ___dtors = .
 *(.dtors)
                0x0000000006024da0                ___dtors_end = .

.data           0x0000000006024da0      0x634
 *(.data)
 .data          0x0000000006024da0        0x0 ../../Compiler/SGL_302j/LIB_COFF/SGLAREA.O
 .data          0x0000000006024da0       0x1c /tmp/ccwOJtZe.ltrans0.ltrans.o
 *fill*         0x0000000006024dbc        0x4 
 .data          0x0000000006024dc0        0x0 ../../Compiler/SGL_302j/LIB_COFF/SEGA_SYS.A(sys_exit.o)
 .data          0x0000000006024dc0        0x0 ../../Compiler/SGL_302j/LIB_COFF/SEGA_SYS.A(sys_sub.o)
 .data          0x0000000006024dc0        0x0 ../../Compiler/SGL_302j/LIB_COFF/LIBCD.A(CDC_CMN.O)
 .data          0x0000000006024dc0        0x0 ../../Compiler/SGL_302j/LIB_COFF/LIBCD.A(CDC_CFS.O)
 .data          0x0000000006024dc0        0x0 ../../Compiler/SGL_302j/LIB_COFF/LIBCD.A(CDC_REG.O)
 .data          0x0000000006024dc0        0x0 ../../Compiler/SGL_302j/LIB_COFF/LIBCD.A(CDC_SUB.O)
 .data          0x0000000006024dc0        0x0 ../../Compiler/SGL_302j/LIB_COFF/LIBCD.A(GFS.O)
 .data          0x0000000006024dc0        0x0 ../../Compiler/SGL_302j/LIB_COFF/LIBCD.A(GFS_BUF.O)
 .data          0x0000000006024dc0        0x0 ../../Compiler/SGL_302j/LIB_COFF/LIBCD.A(GFS_CDB.O)
 .data          0x0000000006024dc0        0x0 ../../Compiler/SGL_302j/LIB_COFF/LIBCD.A(GFS_CDC.O)
 .data          0x0000000006024dc0        0x0 ../../Compiler/SGL_302j/LIB_COFF/LIBCD.A(GFS_CDF.O)
 .data          0x0000000006024dc0        0x0 ../../Compiler/SGL_302j/LIB_COFF/LIBCD.A(GFS_DIR.O)
 .data          0x0000000006024dc0        0x0 ../../Compiler/SGL_302j/LIB_COFF/LIBCD.A(GFS_TRN.O)
 .data          0x0000000006024dc0        0x0 ../../Compiler/SGL_302j/LIB_COFF/LIBCD.A(CDC_DRV.O)
 .data          0x0000000006024dc0        0x0 ../../Compiler/SGL_302j/LIB_COFF/LIBCD.A(CDC_DEV.O)
 .data          0x0000000006024dc0        0x0 ../../Compiler/SGL_302j/LIB_COFF/LIBCD.A(CDC_SEL.O)
 .data          0x0000000006024dc0        0x0 ../../Compiler/SGL_302j/LIB_COFF/LIBCD.A(CDC_BIF.O)
 .data          0x0000000006024dc0        0x0 ../../Compiler/SGL_302j/LIB_COFF/LIBCD.A(CDC_BIO.O)
 .data          0x0000000006024dc0        0x0 ../../Compiler/SGL_302j/LIB_COFF/LIBSGL.A(sglA15.o)
 .data          0x0000000006024dc0        0x0 ../../Compiler/SGL_302j/LIB_COFF/LIBSGL.A(sglA20.o)
 .data          0x0000000006024dc0        0x0 ../../Compiler/SGL_302j/LIB_COFF/LIBSGL.A(sglA21.o)
 .data          0x0000000006024dc0        0x0 ../../Compiler/SGL_302j/LIB_COFF/LIBSGL.A(sglA27.o)
 .data          0x0000000006024dc0        0x0 ../../Compiler/SGL_302j/LIB_COFF/LIBSGL.A(sglB001.o)
 .data          0x0000000006024dc0        0x0 ../../Compiler/SGL_302j/LIB_COFF/LIBSGL.A(sglB011.o)
 .data          0x0000000006024dc0        0x0 ../../Compiler/SGL_302j/LIB_COFF/LIBSGL.A(sglB015.o)
 .data          0x0000000006024dc0        0x0 ../../Compiler/SGL_302j/LIB_COFF/LIBSGL.A(sglB016.o)
 .data          0x0000000006024dc0        0x0 ../../Compiler/SGL_302j/LIB_COFF/LIBSGL.A(sglB032.o)
 .data          0x0000000006024dc0        0x0 ../../Compiler/SGL_302j/LIB_COFF/LIBSGL.A(sglB053.o)
 .data          0x0000000006024dc0        0x0 ../../Compiler/SGL_302j/LIB_COFF/LIBSGL.A(sglB056.o)
 .data          0x0000000006024dc0        0x0 ../../Compiler/SGL_302j/LIB_COFF/LIBSGL.A(sglB063.o)
 .data          0x0000000006024dc0        0x0 ../../Compiler/SGL_302j/LIB_COFF/LIBSGL.A(sglB200.o)
 .data          0x0000000006024dc0        0x0 ../../Compiler/SGL_302j/LIB_COFF/LIBSGL.A(sglC06.o)
 .data          0x0000000006024dc0        0x0 ../../Compiler/SGL_302j/LIB_COFF/LIBSGL.A(sglC07.o)
 .data          0x0000000006024dc0        0x0 ../../Compiler/SGL_302j/LIB_COFF/LIBSGL.A(sglC08.o)
 .data          0x0000000006024dc0        0x0 ../../Compiler/SGL_302j/LIB_COFF/LIBSGL.A(sglC20.o)
 .data          0x0000000006024dc0        0x0 ../../Compiler/SGL_302j/LIB_COFF/LIBSGL.A(sglD00.o)
 .data          0x0000000006024dc0        0x0 ../../Compiler/SGL_302j/LIB_COFF/LIBSGL.A(sglD01.o)
 .data          0x0000000006024dc0        0x0 ../../Compiler/SGL_302j/LIB_COFF/LIBSGL.A(sglD03.o)
 .data          0x0000000006024dc0        0x0 ../../Compiler/SGL_302j/LIB_COFF/LIBSGL.A(sglD15.o)
 .data          0x0000000006024dc0        0x0 ../../Compiler/SGL_302j/LIB_COFF/LIBSGL.A(sglD16.o)
 .data          0x0000000006024dc0        0x0 ../../Compiler/SGL_302j/LIB_COFF/LIBSGL.A(sglD17.o)
 .data          0x0000000006024dc0        0x0 ../../Compiler/SGL_302j/LIB_COFF/LIBSGL.A(sglD18.o)
 .data          0x0000000006024dc0        0x0 ../../Compiler/SGL_302j/LIB_COFF/LIBSGL.A(sglF00.o)
 .data          0x0000000006024dc0        0x0 ../../Compiler/SGL_302j/LIB_COFF/LIBSGL.A(sglF05.o)
 .data          0x0000000006024dc0        0x0 ../../Compiler/SGL_302j/LIB_COFF/LIBSGL.A(sglH00.o)
 .data          0x0000000006024dc0        0x0 ../../Compiler/SGL_302j/LIB_COFF/LIBSGL.A(sglH01.o)
 .data          0x0000000006024dc0        0x0 ../../Compiler/SGL_302j/LIB_COFF/LIBSGL.A(sglH02.o)
 .data          0x0000000006024dc0        0x0 ../../Compiler/SGL_302j/LIB_COFF/LIBSGL.A(sglH04.o)
 .data          0x0000000006024dc0        0x0 ../../Compiler/SGL_302j/LIB_COFF/LIBSGL.A(sglI01.o)
 .data          0x0000000006024dc0       0x80 ../../Compiler/SGL_302j/LIB_COFF/LIBSGL.A(sglIc0.o)
                0x0000000006024dc0                IntPrioMask
 .data          0x0000000006024e40        0x0 ../../Compiler/SGL_302j/LIB_COFF/LIBSGL.A(sglJ00.o)
 .data          0x0000000006024e40        0x0 ../../Compiler/SGL_302j/LIB_COFF/LIBSGL.A(sglJ01.o)
 .data          0x0000000006024e40        0x0 ../../Compiler/SGL_302j/LIB_COFF/LIBSGL.A(sglJ02.o)
 .data          0x0000000006024e40        0x0 ../../Compiler/SGL_302j/LIB_COFF/LIBSGL.A(sglJ03.o)
 .data          0x0000000006024e40        0x0 ../../Compiler/SGL_302j/LIB_COFF/LIBSGL.A(sglJ04.o)
 .data          0x0000000006024e40        0x0 ../../Compiler/SGL_302j/LIB_COFF/LIBSGL.A(sglJ05.o)
 .data          0x0000000006024e40        0x0 ../../Compiler/SGL_302j/LIB_COFF/LIBSGL.A(sglK01.o)
 .data          0x0000000006024e40        0x0 ../../Compiler/SGL_302j/LIB_COFF/LIBSGL.A(sglM01.o)
 .data          0x0000000006024e40        0x0 ../../Compiler/SGL_302j/LIB_COFF/LIBSGL.A(sglA00.o)
 .data          0x0000000006024e40        0x0 ../../Compiler/SGL_302j/LIB_COFF/LIBSGL.A(sglA01.o)
 .data          0x0000000006024e40        0x0 ../../Compiler/SGL_302j/LIB_COFF/LIBSGL.A(sglB000.o)
 .data          0x0000000006024e40        0x0 ../../Compiler/SGL_302j/LIB_COFF/LIBSGL.A(sglB035.o)
 .data          0x0000000006024e40        0x0 ../../Compiler/SGL_302j/LIB_COFF/LIBSGL.A(sglC00.o)
 .data          0x0000000006024e40        0x0 ../../Compiler/SGL_302j/LIB_COFF/LIBSGL.A(sglI00.o)
 .data          0x0000000006024e40        0x0 ../../Compiler/SGL_302j/LIB_COFF/LIBSGL.A(sglH03.o)
 .data          0x0000000006024e40        0x0 /home/sansigolo/GameDev/joengine/Compiler/SH_NONE_ELF/bin/../lib/gcc/sh-none-elf/8.2.0/libgcc.a(_ashiftrt.o)
 .data          0x0000000006024e40        0x0 /home/sansigolo/GameDev/joengine/Compiler/SH_NONE_ELF/bin/../lib/gcc/sh-none-elf/8.2.0/libgcc.a(_sdivsi3.o)
 .data          0x0000000006024e40        0x0 /home/sansigolo/GameDev/joengine/Compiler/SH_NONE_ELF/bin/../lib/gcc/sh-none-elf/8.2.0/libgcc.a(_udivsi3.o)
 .data          0x0000000006024e40        0x0 /home/sansigolo/GameDev/joengine/Compiler/SH_NONE_ELF/bin/../lib/gcc/sh-none-elf/8.2.0/libgcc.a(_mul_sf.o)
 .data          0x0000000006024e40        0x0 /home/sansigolo/GameDev/joengine/Compiler/SH_NONE_ELF/bin/../lib/gcc/sh-none-elf/8.2.0/libgcc.a(_div_sf.o)
 .data          0x0000000006024e40        0x0 /home/sansigolo/GameDev/joengine/Compiler/SH_NONE_ELF/bin/../lib/gcc/sh-none-elf/8.2.0/libgcc.a(_si_to_sf.o)
 .data          0x0000000006024e40        0x0 /home/sansigolo/GameDev/joengine/Compiler/SH_NONE_ELF/bin/../lib/gcc/sh-none-elf/8.2.0/libgcc.a(_sf_to_si.o)
 .data          0x0000000006024e40        0x0 /home/sansigolo/GameDev/joengine/Compiler/SH_NONE_ELF/bin/../lib/gcc/sh-none-elf/8.2.0/libgcc.a(_thenan_sf.o)
 .data          0x0000000006024e40        0x0 /home/sansigolo/GameDev/joengine/Compiler/SH_NONE_ELF/bin/../lib/gcc/sh-none-elf/8.2.0/libgcc.a(_usi_to_sf.o)
 .data          0x0000000006024e40        0x0 /home/sansigolo/GameDev/joengine/Compiler/SH_NONE_ELF/bin/../lib/gcc/sh-none-elf/8.2.0/libgcc.a(_pack_sf.o)
 .data          0x0000000006024e40        0x0 /home/sansigolo/GameDev/joengine/Compiler/SH_NONE_ELF/bin/../lib/gcc/sh-none-elf/8.2.0/libgcc.a(_unpack_sf.o)
 .data          0x0000000006024e40        0x0 /home/sansigolo/GameDev/joengine/Compiler/SH_NONE_ELF/bin/../lib/gcc/sh-none-elf/8.2.0/../../../../sh-none-elf/lib/libc.a(lib_a-memcmp.o)
 .data          0x0000000006024e40        0x0 /home/sansigolo/GameDev/joengine/Compiler/SH_NONE_ELF/bin/../lib/gcc/sh-none-elf/8.2.0/../../../../sh-none-elf/lib/libc.a(lib_a-memcpy.o)
 .data          0x0000000006024e40        0x0 /home/sansigolo/GameDev/joengine/Compiler/SH_NONE_ELF/bin/../lib/gcc/sh-none-elf/8.2.0/../../../../sh-none-elf/lib/libc.a(lib_a-memset.o)
 .data          0x0000000006024e40        0x0 /home/sansigolo/GameDev/joengine/Compiler/SH_NONE_ELF/bin/../lib/gcc/sh-none-elf/8.2.0/../../../../sh-none-elf/lib/libc.a(lib_a-sprintf.o)
 .data          0x0000000006024e40        0x0 /home/sansigolo/GameDev/joengine/Compiler/SH_NONE_ELF/bin/../lib/gcc/sh-none-elf/8.2.0/../../../../sh-none-elf/lib/libc.a(lib_a-strncmp.o)
 .data          0x0000000006024e40        0x0 /home/sansigolo/GameDev/joengine/Compiler/SH_NONE_ELF/bin/../lib/gcc/sh-none-elf/8.2.0/../../../../sh-none-elf/lib/libc.a(lib_a-strncpy.o)
 .data          0x0000000006024e40        0x0 /home/sansigolo/GameDev/joengine/Compiler/SH_NONE_ELF/bin/../lib/gcc/sh-none-elf/8.2.0/../../../../sh-none-elf/lib/libc.a(lib_a-svfprintf.o)
 .data          0x0000000006024e40        0x0 /home/sansigolo/GameDev/joengine/Compiler/SH_NONE_ELF/bin/../lib/gcc/sh-none-elf/8.2.0/../../../../sh-none-elf/lib/libc.a(lib_a-dtoa.o)
 .data          0x0000000006024e40      0x428 /home/sansigolo/GameDev/joengine/Compiler/SH_NONE_ELF/bin/../lib/gcc/sh-none-elf/8.2.0/../../../../sh-none-elf/lib/libc.a(lib_a-impure.o)
                0x0000000006024e40                _impure_ptr
 .data          0x0000000006025268        0x0 /home/sansigolo/GameDev/joengine/Compiler/SH_NONE_ELF/bin/../lib/gcc/sh-none-elf/8.2.0/../../../../sh-none-elf/lib/libc.a(lib_a-localeconv.o)
 .data          0x0000000006025268      0x16c /home/sansigolo/GameDev/joengine/Compiler/SH_NONE_ELF/bin/../lib/gcc/sh-none-elf/8.2.0/../../../../sh-none-elf/lib/libc.a(lib_a-locale.o)
                0x0000000006025268                __global_locale
 .data          0x00000000060253d4        0x0 /home/sansigolo/GameDev/joengine/Compiler/SH_NONE_ELF/bin/../lib/gcc/sh-none-elf/8.2.0/../../../../sh-none-elf/lib/libc.a(lib_a-mbtowc_r.o)
 .data          0x00000000060253d4        0x0 /home/sansigolo/GameDev/joengine/Compiler/SH_NONE_ELF/bin/../lib/gcc/sh-none-elf/8.2.0/../../../../sh-none-elf/lib/libc.a(lib_a-memchr.o)
 .data          0x00000000060253d4        0x0 /home/sansigolo/GameDev/joengine/Compiler/SH_NONE_ELF/bin/../lib/gcc/sh-none-elf/8.2.0/../../../../sh-none-elf/lib/libc.a(lib_a-mprec.o)
 .data          0x00000000060253d4        0x0 /home/sansigolo/GameDev/joengine/Compiler/SH_NONE_ELF/bin/../lib/gcc/sh-none-elf/8.2.0/../../../../sh-none-elf/lib/libc.a(lib_a-nano-callocr.o)
 .data          0x00000000060253d4        0x0 /home/sansigolo/GameDev/joengine/Compiler/SH_NONE_ELF/bin/../lib/gcc/sh-none-elf/8.2.0/../../../../sh-none-elf/lib/libc.a(lib_a-nano-mallocr.o)
 .data          0x00000000060253d4        0x0 /home/sansigolo/GameDev/joengine/Compiler/SH_NONE_ELF/bin/../lib/gcc/sh-none-elf/8.2.0/../../../../sh-none-elf/lib/libc.a(lib_a-sbrkr.o)
 .data          0x00000000060253d4        0x0 /home/sansigolo/GameDev/joengine/Compiler/SH_NONE_ELF/bin/../lib/gcc/sh-none-elf/8.2.0/../../../../sh-none-elf/lib/libc.a(lib_a-strcmp.o)
 .data          0x00000000060253d4        0x0 /home/sansigolo/GameDev/joengine/Compiler/SH_NONE_ELF/bin/../lib/gcc/sh-none-elf/8.2.0/../../../../sh-none-elf/lib/libc.a(lib_a-strlen.o)
 .data          0x00000000060253d4        0x0 /home/sansigolo/GameDev/joengine/Compiler/SH_NONE_ELF/bin/../lib/gcc/sh-none-elf/8.2.0/../../../../sh-none-elf/lib/libc.a(lib_a-svfiprintf.o)
 .data          0x00000000060253d4        0x0 /home/sansigolo/GameDev/joengine/Compiler/SH_NONE_ELF/bin/../lib/gcc/sh-none-elf/8.2.0/../../../../sh-none-elf/lib/libc.a(lib_a-syscalls.o)
 .data          0x00000000060253d4        0x0 /home/sansigolo/GameDev/joengine/Compiler/SH_NONE_ELF/bin/../lib/gcc/sh-none-elf/8.2.0/../../../../sh-none-elf/lib/libc.a(lib_a-trap.o)
 .data          0x00000000060253d4        0x0 /home/sansigolo/GameDev/joengine/Compiler/SH_NONE_ELF/bin/../lib/gcc/sh-none-elf/8.2.0/../../../../sh-none-elf/lib/libc.a(lib_a-wctomb_r.o)
 .data          0x00000000060253d4        0x0 /home/sansigolo/GameDev/joengine/Compiler/SH_NONE_ELF/bin/../lib/gcc/sh-none-elf/8.2.0/../../../../sh-none-elf/lib/libc.a(lib_a-abort.o)
 .data          0x00000000060253d4        0x0 /home/sansigolo/GameDev/joengine/Compiler/SH_NONE_ELF/bin/../lib/gcc/sh-none-elf/8.2.0/../../../../sh-none-elf/lib/libc.a(lib_a-ctype_.o)
 .data          0x00000000060253d4        0x0 /home/sansigolo/GameDev/joengine/Compiler/SH_NONE_ELF/bin/../lib/gcc/sh-none-elf/8.2.0/../../../../sh-none-elf/lib/libc.a(lib_a-memmove.o)
 .data          0x00000000060253d4        0x0 /home/sansigolo/GameDev/joengine/Compiler/SH_NONE_ELF/bin/../lib/gcc/sh-none-elf/8.2.0/../../../../sh-none-elf/lib/libc.a(lib_a-mlock.o)
 .data          0x00000000060253d4        0x0 /home/sansigolo/GameDev/joengine/Compiler/SH_NONE_ELF/bin/../lib/gcc/sh-none-elf/8.2.0/../../../../sh-none-elf/lib/libc.a(lib_a-nano-freer.o)
 .data          0x00000000060253d4        0x0 /home/sansigolo/GameDev/joengine/Compiler/SH_NONE_ELF/bin/../lib/gcc/sh-none-elf/8.2.0/../../../../sh-none-elf/lib/libc.a(lib_a-nano-reallocr.o)
 .data          0x00000000060253d4        0x0 /home/sansigolo/GameDev/joengine/Compiler/SH_NONE_ELF/bin/../lib/gcc/sh-none-elf/8.2.0/../../../../sh-none-elf/lib/libc.a(lib_a-signal.o)
 .data          0x00000000060253d4        0x0 /home/sansigolo/GameDev/joengine/Compiler/SH_NONE_ELF/bin/../lib/gcc/sh-none-elf/8.2.0/../../../../sh-none-elf/lib/libc.a(lib_a-signalr.o)
 .data          0x00000000060253d4        0x0 /home/sansigolo/GameDev/joengine/Compiler/SH_NONE_ELF/bin/../lib/gcc/sh-none-elf/8.2.0/../../../../sh-none-elf/lib/libc.a(lib_a-nano-msizer.o)
 .data          0x00000000060253d4        0x0 /home/sansigolo/GameDev/joengine/Compiler/SH_NONE_ELF/bin/../lib/gcc/sh-none-elf/8.2.0/libgcc.a(_ashiftrt_n.o)
 .data          0x00000000060253d4        0x0 /home/sansigolo/GameDev/joengine/Compiler/SH_NONE_ELF/bin/../lib/gcc/sh-none-elf/8.2.0/libgcc.a(_ashiftlt.o)
 .data          0x00000000060253d4        0x0 /home/sansigolo/GameDev/joengine/Compiler/SH_NONE_ELF/bin/../lib/gcc/sh-none-elf/8.2.0/libgcc.a(_lshiftrt.o)
 .data          0x00000000060253d4        0x0 /home/sansigolo/GameDev/joengine/Compiler/SH_NONE_ELF/bin/../lib/gcc/sh-none-elf/8.2.0/libgcc.a(_udivdi3.o)
 .data          0x00000000060253d4        0x0 /home/sansigolo/GameDev/joengine/Compiler/SH_NONE_ELF/bin/../lib/gcc/sh-none-elf/8.2.0/libgcc.a(_umoddi3.o)
 .data          0x00000000060253d4        0x0 /home/sansigolo/GameDev/joengine/Compiler/SH_NONE_ELF/bin/../lib/gcc/sh-none-elf/8.2.0/libgcc.a(_addsub_df.o)
 .data          0x00000000060253d4        0x0 /home/sansigolo/GameDev/joengine/Compiler/SH_NONE_ELF/bin/../lib/gcc/sh-none-elf/8.2.0/libgcc.a(_mul_df.o)
 .data          0x00000000060253d4        0x0 /home/sansigolo/GameDev/joengine/Compiler/SH_NONE_ELF/bin/../lib/gcc/sh-none-elf/8.2.0/libgcc.a(_div_df.o)
 .data          0x00000000060253d4        0x0 /home/sansigolo/GameDev/joengine/Compiler/SH_NONE_ELF/bin/../lib/gcc/sh-none-elf/8.2.0/libgcc.a(_eq_df.o)
 .data          0x00000000060253d4        0x0 /home/sansigolo/GameDev/joengine/Compiler/SH_NONE_ELF/bin/../lib/gcc/sh-none-elf/8.2.0/libgcc.a(_ne_df.o)
 .data          0x00000000060253d4        0x0 /home/sansigolo/GameDev/joengine/Compiler/SH_NONE_ELF/bin/../lib/gcc/sh-none-elf/8.2.0/libgcc.a(_gt_df.o)
 .data          0x00000000060253d4        0x0 /home/sansigolo/GameDev/joengine/Compiler/SH_NONE_ELF/bin/../lib/gcc/sh-none-elf/8.2.0/libgcc.a(_ge_df.o)
 .data          0x00000000060253d4        0x0 /home/sansigolo/GameDev/joengine/Compiler/SH_NONE_ELF/bin/../lib/gcc/sh-none-elf/8.2.0/libgcc.a(_lt_df.o)
 .data          0x00000000060253d4        0x0 /home/sansigolo/GameDev/joengine/Compiler/SH_NONE_ELF/bin/../lib/gcc/sh-none-elf/8.2.0/libgcc.a(_le_df.o)
 .data          0x00000000060253d4        0x0 /home/sansigolo/GameDev/joengine/Compiler/SH_NONE_ELF/bin/../lib/gcc/sh-none-elf/8.2.0/libgcc.a(_unord_df.o)
 .data          0x00000000060253d4        0x0 /home/sansigolo/GameDev/joengine/Compiler/SH_NONE_ELF/bin/../lib/gcc/sh-none-elf/8.2.0/libgcc.a(_si_to_df.o)
 .data          0x00000000060253d4        0x0 /home/sansigolo/GameDev/joengine/Compiler/SH_NONE_ELF/bin/../lib/gcc/sh-none-elf/8.2.0/libgcc.a(_df_to_si.o)
 .data          0x00000000060253d4        0x0 /home/sansigolo/GameDev/joengine/Compiler/SH_NONE_ELF/bin/../lib/gcc/sh-none-elf/8.2.0/libgcc.a(_thenan_df.o)
 .data          0x00000000060253d4        0x0 /home/sansigolo/GameDev/joengine/Compiler/SH_NONE_ELF/bin/../lib/gcc/sh-none-elf/8.2.0/libgcc.a(_usi_to_df.o)
 .data          0x00000000060253d4        0x0 /home/sansigolo/GameDev/joengine/Compiler/SH_NONE_ELF/bin/../lib/gcc/sh-none-elf/8.2.0/libgcc.a(_udiv_qrnnd_16.o)
 .data          0x00000000060253d4        0x0 /home/sansigolo/GameDev/joengine/Compiler/SH_NONE_ELF/bin/../lib/gcc/sh-none-elf/8.2.0/libgcc.a(_clz.o)
 .data          0x00000000060253d4        0x0 /home/sansigolo/GameDev/joengine/Compiler/SH_NONE_ELF/bin/../lib/gcc/sh-none-elf/8.2.0/libgcc.a(_clzsi2.o)
 .data          0x00000000060253d4        0x0 /home/sansigolo/GameDev/joengine/Compiler/SH_NONE_ELF/bin/../lib/gcc/sh-none-elf/8.2.0/libgcc.a(_pack_df.o)
 .data          0x00000000060253d4        0x0 /home/sansigolo/GameDev/joengine/Compiler/SH_NONE_ELF/bin/../lib/gcc/sh-none-elf/8.2.0/libgcc.a(_unpack_df.o)
 .data          0x00000000060253d4        0x0 /home/sansigolo/GameDev/joengine/Compiler/SH_NONE_ELF/bin/../lib/gcc/sh-none-elf/8.2.0/libgcc.a(_fpcmp_parts_df.o)
                0x00000000060253d4                __edata = .

.bss            0x00000000060253e0    0x8371c
                0x00000000060253e0                __bstart = .
 *(.bss)
 .bss           0x00000000060253e0        0x0 ../../Compiler/SGL_302j/LIB_COFF/SGLAREA.O
 .bss           0x00000000060253e0    0x83694 /tmp/ccwOJtZe.ltrans0.ltrans.o
 *fill*         0x00000000060a8a74        0xc 
 .bss           0x00000000060a8a80        0x4 ../../Compiler/SGL_302j/LIB_COFF/SEGA_SYS.A(sys_exit.o)
 *fill*         0x00000000060a8a84        0xc 
 .bss           0x00000000060a8a90        0x0 ../../Compiler/SGL_302j/LIB_COFF/SEGA_SYS.A(sys_sub.o)
 .bss           0x00000000060a8a90        0x0 ../../Compiler/SGL_302j/LIB_COFF/LIBCD.A(CDC_CMN.O)
 .bss           0x00000000060a8a90        0x0 ../../Compiler/SGL_302j/LIB_COFF/LIBCD.A(CDC_CFS.O)
 .bss           0x00000000060a8a90        0x2 ../../Compiler/SGL_302j/LIB_COFF/LIBCD.A(CDC_REG.O)
 *fill*         0x00000000060a8a92        0xe 
 .bss           0x00000000060a8aa0        0xc ../../Compiler/SGL_302j/LIB_COFF/LIBCD.A(CDC_SUB.O)
 *fill*         0x00000000060a8aac        0x4 
 .bss           0x00000000060a8ab0        0x0 ../../Compiler/SGL_302j/LIB_COFF/LIBCD.A(GFS.O)
 .bss           0x00000000060a8ab0        0x0 ../../Compiler/SGL_302j/LIB_COFF/LIBCD.A(GFS_BUF.O)
 .bss           0x00000000060a8ab0        0x0 ../../Compiler/SGL_302j/LIB_COFF/LIBCD.A(GFS_CDB.O)
 .bss           0x00000000060a8ab0        0x0 ../../Compiler/SGL_302j/LIB_COFF/LIBCD.A(GFS_CDC.O)
 .bss           0x00000000060a8ab0        0x0 ../../Compiler/SGL_302j/LIB_COFF/LIBCD.A(GFS_CDF.O)
 .bss           0x00000000060a8ab0        0x0 ../../Compiler/SGL_302j/LIB_COFF/LIBCD.A(GFS_DIR.O)
 .bss           0x00000000060a8ab0        0xc ../../Compiler/SGL_302j/LIB_COFF/LIBCD.A(GFS_TRN.O)
 *fill*         0x00000000060a8abc        0x4 
 .bss           0x00000000060a8ac0        0x0 ../../Compiler/SGL_302j/LIB_COFF/LIBCD.A(CDC_DRV.O)
 .bss           0x00000000060a8ac0        0x0 ../../Compiler/SGL_302j/LIB_COFF/LIBCD.A(CDC_DEV.O)
 .bss           0x00000000060a8ac0        0x0 ../../Compiler/SGL_302j/LIB_COFF/LIBCD.A(CDC_SEL.O)
 .bss           0x00000000060a8ac0        0x0 ../../Compiler/SGL_302j/LIB_COFF/LIBCD.A(CDC_BIF.O)
 .bss           0x00000000060a8ac0        0x0 ../../Compiler/SGL_302j/LIB_COFF/LIBCD.A(CDC_BIO.O)
 .bss           0x00000000060a8ac0        0x0 ../../Compiler/SGL_302j/LIB_COFF/LIBSGL.A(sglA15.o)
 .bss           0x00000000060a8ac0        0x0 ../../Compiler/SGL_302j/LIB_COFF/LIBSGL.A(sglA20.o)
 .bss           0x00000000060a8ac0        0x0 ../../Compiler/SGL_302j/LIB_COFF/LIBSGL.A(sglA21.o)
 .bss           0x00000000060a8ac0        0x0 ../../Compiler/SGL_302j/LIB_COFF/LIBSGL.A(sglA27.o)
 .bss           0x00000000060a8ac0        0x0 ../../Compiler/SGL_302j/LIB_COFF/LIBSGL.A(sglB001.o)
 .bss           0x00000000060a8ac0        0x0 ../../Compiler/SGL_302j/LIB_COFF/LIBSGL.A(sglB011.o)
 .bss           0x00000000060a8ac0        0x0 ../../Compiler/SGL_302j/LIB_COFF/LIBSGL.A(sglB015.o)
 .bss           0x00000000060a8ac0        0x0 ../../Compiler/SGL_302j/LIB_COFF/LIBSGL.A(sglB016.o)
 .bss           0x00000000060a8ac0        0x0 ../../Compiler/SGL_302j/LIB_COFF/LIBSGL.A(sglB032.o)
 .bss           0x00000000060a8ac0        0x0 ../../Compiler/SGL_302j/LIB_COFF/LIBSGL.A(sglB053.o)
 .bss           0x00000000060a8ac0        0x0 ../../Compiler/SGL_302j/LIB_COFF/LIBSGL.A(sglB056.o)
 .bss           0x00000000060a8ac0        0x0 ../../Compiler/SGL_302j/LIB_COFF/LIBSGL.A(sglB063.o)
 .bss           0x00000000060a8ac0        0x0 ../../Compiler/SGL_302j/LIB_COFF/LIBSGL.A(sglB200.o)
 .bss           0x00000000060a8ac0        0x0 ../../Compiler/SGL_302j/LIB_COFF/LIBSGL.A(sglC06.o)
 .bss           0x00000000060a8ac0        0x0 ../../Compiler/SGL_302j/LIB_COFF/LIBSGL.A(sglC07.o)
 .bss           0x00000000060a8ac0        0x0 ../../Compiler/SGL_302j/LIB_COFF/LIBSGL.A(sglC08.o)
 .bss           0x00000000060a8ac0        0x0 ../../Compiler/SGL_302j/LIB_COFF/LIBSGL.A(sglC20.o)
 .bss           0x00000000060a8ac0        0x0 ../../Compiler/SGL_302j/LIB_COFF/LIBSGL.A(sglD00.o)
 .bss           0x00000000060a8ac0        0x0 ../../Compiler/SGL_302j/LIB_COFF/LIBSGL.A(sglD01.o)
 .bss           0x00000000060a8ac0        0x0 ../../Compiler/SGL_302j/LIB_COFF/LIBSGL.A(sglD03.o)
 .bss           0x00000000060a8ac0        0x0 ../../Compiler/SGL_302j/LIB_COFF/LIBSGL.A(sglD15.o)
 .bss           0x00000000060a8ac0        0x0 ../../Compiler/SGL_302j/LIB_COFF/LIBSGL.A(sglD16.o)
 .bss           0x00000000060a8ac0        0x0 ../../Compiler/SGL_302j/LIB_COFF/LIBSGL.A(sglD17.o)
 .bss           0x00000000060a8ac0        0x0 ../../Compiler/SGL_302j/LIB_COFF/LIBSGL.A(sglD18.o)
 .bss           0x00000000060a8ac0        0x0 ../../Compiler/SGL_302j/LIB_COFF/LIBSGL.A(sglF00.o)
 .bss           0x00000000060a8ac0        0x0 ../../Compiler/SGL_302j/LIB_COFF/LIBSGL.A(sglF05.o)
 .bss           0x00000000060a8ac0        0x0 ../../Compiler/SGL_302j/LIB_COFF/LIBSGL.A(sglH00.o)
 .bss           0x00000000060a8ac0        0x0 ../../Compiler/SGL_302j/LIB_COFF/LIBSGL.A(sglH01.o)
 .bss           0x00000000060a8ac0        0x0 ../../Compiler/SGL_302j/LIB_COFF/LIBSGL.A(sglH02.o)
 .bss           0x00000000060a8ac0        0x0 ../../Compiler/SGL_302j/LIB_COFF/LIBSGL.A(sglH04.o)
 .bss           0x00000000060a8ac0        0x0 ../../Compiler/SGL_302j/LIB_COFF/LIBSGL.A(sglI01.o)
 .bss           0x00000000060a8ac0        0x0 ../../Compiler/SGL_302j/LIB_COFF/LIBSGL.A(sglIc0.o)
 .bss           0x00000000060a8ac0        0x0 ../../Compiler/SGL_302j/LIB_COFF/LIBSGL.A(sglJ00.o)
 .bss           0x00000000060a8ac0        0x0 ../../Compiler/SGL_302j/LIB_COFF/LIBSGL.A(sglJ01.o)
 .bss           0x00000000060a8ac0        0x0 ../../Compiler/SGL_302j/LIB_COFF/LIBSGL.A(sglJ02.o)
 .bss           0x00000000060a8ac0        0x0 ../../Compiler/SGL_302j/LIB_COFF/LIBSGL.A(sglJ03.o)
 .bss           0x00000000060a8ac0        0x0 ../../Compiler/SGL_302j/LIB_COFF/LIBSGL.A(sglJ04.o)
 .bss           0x00000000060a8ac0        0x0 ../../Compiler/SGL_302j/LIB_COFF/LIBSGL.A(sglJ05.o)
 .bss           0x00000000060a8ac0        0x0 ../../Compiler/SGL_302j/LIB_COFF/LIBSGL.A(sglK01.o)
 .bss           0x00000000060a8ac0        0x0 ../../Compiler/SGL_302j/LIB_COFF/LIBSGL.A(sglM01.o)
 .bss           0x00000000060a8ac0        0x0 ../../Compiler/SGL_302j/LIB_COFF/LIBSGL.A(sglA00.o)
 .bss           0x00000000060a8ac0        0x0 ../../Compiler/SGL_302j/LIB_COFF/LIBSGL.A(sglA01.o)
 .bss           0x00000000060a8ac0        0x0 ../../Compiler/SGL_302j/LIB_COFF/LIBSGL.A(sglB000.o)
 .bss           0x00000000060a8ac0        0x0 ../../Compiler/SGL_302j/LIB_COFF/LIBSGL.A(sglB035.o)
 .bss           0x00000000060a8ac0        0x0 ../../Compiler/SGL_302j/LIB_COFF/LIBSGL.A(sglC00.o)
 .bss           0x00000000060a8ac0        0x0 ../../Compiler/SGL_302j/LIB_COFF/LIBSGL.A(sglI00.o)
 .bss           0x00000000060a8ac0        0x0 ../../Compiler/SGL_302j/LIB_COFF/LIBSGL.A(sglH03.o)
 .bss           0x00000000060a8ac0        0x0 /home/sansigolo/GameDev/joengine/Compiler/SH_NONE_ELF/bin/../lib/gcc/sh-none-elf/8.2.0/libgcc.a(_ashiftrt.o)