Archive member included to satisfy reference by file (symbol)

../../Compiler/SGL_302j/LIB_COFF/SEGA_SYS.A(sys_exit.o)
                              ../../jo_engine/core.o (symbol from plugin) (SYS_Exit)
../../Compiler/SGL_302j/LIB_COFF/SEGA_SYS.A(sys_sub.o)
                              ../../Compiler/SGL_302j/LIB_COFF/SEGA_SYS.A(sys_exit.o) (SYSUB_SetStackptr)
../../Compiler/SGL_302j/LIB_COFF/LIBCD.A(CDC_CMN.O)
                              ../../Compiler/SGL_302j/LIB_COFF/SEGA_SYS.A(sys_exit.o) (CDC_GetCurStat)
../../Compiler/SGL_302j/LIB_COFF/LIBCD.A(CDC_CFS.O)
                              ../../Compiler/SGL_302j/LIB_COFF/SEGA_SYS.A(sys_exit.o) (CDC_ChgDir)
../../Compiler/SGL_302j/LIB_COFF/LIBCD.A(CDC_REG.O)
                              ../../Compiler/SGL_302j/LIB_COFF/SEGA_SYS.A(sys_exit.o) (CDC_GetHirqReq)
../../Compiler/SGL_302j/LIB_COFF/LIBCD.A(CDC_SUB.O)
                              ../../Compiler/SGL_302j/LIB_COFF/LIBCD.A(CDC_CMN.O) (CDSUB_UpdStatus)
../../Compiler/SGL_302j/LIB_COFF/LIBCD.A(GFS.O)
                              ../../jo_engine/fs.o (symbol from plugin) (GFS_Init)
../../Compiler/SGL_302j/LIB_COFF/LIBCD.A(GFS_BUF.O)
                              ../../Compiler/SGL_302j/LIB_COFF/LIBCD.A(GFS.O) (GFBF_GetNumData)
../../Compiler/SGL_302j/LIB_COFF/LIBCD.A(GFS_CDB.O)
                              ../../Compiler/SGL_302j/LIB_COFF/LIBCD.A(GFS.O) (GFCB_Close)
../../Compiler/SGL_302j/LIB_COFF/LIBCD.A(GFS_CDC.O)
                              ../../Compiler/SGL_302j/LIB_COFF/LIBCD.A(GFS.O) (GFCD_SetCdbfs)
../../Compiler/SGL_302j/LIB_COFF/LIBCD.A(GFS_CDF.O)
                              ../../Compiler/SGL_302j/LIB_COFF/LIBCD.A(GFS.O) (GFCF_Init)
../../Compiler/SGL_302j/LIB_COFF/LIBCD.A(GFS_DIR.O)
                              ../../Compiler/SGL_302j/LIB_COFF/LIBCD.A(GFS.O) (GFDR_SetupDirTbl)
../../Compiler/SGL_302j/LIB_COFF/LIBCD.A(GFS_TRN.O)
                              ../../Compiler/SGL_302j/LIB_COFF/LIBCD.A(GFS.O) (GFTR_Setup)
../../Compiler/SGL_302j/LIB_COFF/LIBCD.A(CDC_DRV.O)
                              ../../Compiler/SGL_302j/LIB_COFF/LIBCD.A(GFS_CDC.O) (CDC_CdPlay)
../../Compiler/SGL_302j/LIB_COFF/LIBCD.A(CDC_DEV.O)
                              ../../Compiler/SGL_302j/LIB_COFF/LIBCD.A(GFS_CDC.O) (CDC_CdSetCon)
../../Compiler/SGL_302j/LIB_COFF/LIBCD.A(CDC_SEL.O)
                              ../../Compiler/SGL_302j/LIB_COFF/LIBCD.A(GFS_CDC.O) (CDC_SetFiltRange)
../../Compiler/SGL_302j/LIB_COFF/LIBCD.A(CDC_BIF.O)
                              ../../Compiler/SGL_302j/LIB_COFF/LIBCD.A(GFS_CDC.O) (CDC_GetBufSiz)
../../Compiler/SGL_302j/LIB_COFF/LIBCD.A(CDC_BIO.O)
                              ../../Compiler/SGL_302j/LIB_COFF/LIBCD.A(GFS_CDC.O) (CDC_SetSctLen)
../../Compiler/SGL_302j/LIB_COFF/LIBSGL.A(sglA15.o)
                              ../../jo_engine/core.o (symbol from plugin) (slSlaveFunc)
../../Compiler/SGL_302j/LIB_COFF/LIBSGL.A(sglA20.o)
                              ../../jo_engine/core.o (symbol from plugin) (slUnitMatrix)
../../Compiler/SGL_302j/LIB_COFF/LIBSGL.A(sglA21.o)
                              ../../jo_engine/map.o (symbol from plugin) (slPushMatrix)
../../Compiler/SGL_302j/LIB_COFF/LIBSGL.A(sglA27.o)
                              ../../jo_engine/map.o (symbol from plugin) (slTranslate)
../../Compiler/SGL_302j/LIB_COFF/LIBSGL.A(sglB001.o)
                              ../../jo_engine/core.o (symbol from plugin) (slTVOn)
../../Compiler/SGL_302j/LIB_COFF/LIBSGL.A(sglB011.o)
                              ../../jo_engine/core.o (symbol from plugin) (slBitMapNbg1)
../../Compiler/SGL_302j/LIB_COFF/LIBSGL.A(sglB015.o)
                              ../../jo_engine/core.o (symbol from plugin) (slScrAutoDisp)
../../Compiler/SGL_302j/LIB_COFF/LIBSGL.A(sglB016.o)
                              ../../jo_engine/core.o (symbol from plugin) (slBack1ColSet)
../../Compiler/SGL_302j/LIB_COFF/LIBSGL.A(sglB032.o)
                              ../../jo_engine/core.o (symbol from plugin) (slMapNbg1)
../../Compiler/SGL_302j/LIB_COFF/LIBSGL.A(sglB053.o)
                              ../../jo_engine/core.o (symbol from plugin) (slZoomNbg1)
../../Compiler/SGL_302j/LIB_COFF/LIBSGL.A(sglB056.o)
                              ../../jo_engine/core.o (symbol from plugin) (slPlaneNbg1)
../../Compiler/SGL_302j/LIB_COFF/LIBSGL.A(sglB063.o)
                              ../../jo_engine/core.o (symbol from plugin) (slPriority)
../../Compiler/SGL_302j/LIB_COFF/LIBSGL.A(sglB200.o)
                              ../../jo_engine/core.o (symbol from plugin) (slCharNbg0)
../../Compiler/SGL_302j/LIB_COFF/LIBSGL.A(sglC05.o)
                              ../../jo_engine/sprites.o (symbol from plugin) (slSetSprite)
../../Compiler/SGL_302j/LIB_COFF/LIBSGL.A(sglC06.o)
                              ../../jo_engine/sprites.o (symbol from plugin) (slDispSprite)
../../Compiler/SGL_302j/LIB_COFF/LIBSGL.A(sglC07.o)
                              ../../jo_engine/sprites.o (symbol from plugin) (slPutSprite)
[...]
Memory Configuration

Name             Origin             Length             Attributes
*default*        0x0000000000000000 0xffffffffffffffff

Linker script and memory map

TARGET(coff-sh)

SLSTART         0x0000000006004000       0x28
                0x0000000006004000                ___Start = .
 *(SLSTART)
 SLSTART        0x0000000006004000       0x28 ../../Compiler/SGL_302j/LIB_COFF/LIBSGL.A(sglI00.o)
                0x0000000006004000                SGL_Start
                0x0000000006004002                slStartSGL

.text           0x0000000006004040     0xfc78
 *(.text)
 .text          0x0000000006004040        0x0 ../../Compiler/SGL_302j/LIB_COFF/SGLAREA.O
 .text          0x0000000006004040     0x2f0c /tmp/ccIJXqGy.ltrans0.ltrans.o
 *fill*         0x0000000006006f4c        0x4 
 .text          0x0000000006006f50      0x238 ../../Compiler/SGL_302j/LIB_COFF/SEGA_SYS.A(sys_exit.o)
                0x0000000006006f50                sys_version
                0x0000000006006f70                SYS_Exit
 *fill*         0x0000000006007188        0x8 
 .text          0x0000000006007190        0x6 ../../Compiler/SGL_302j/LIB_COFF/SEGA_SYS.A(sys_sub.o)
                0x0000000006007190                SYSUB_SetStackptr
 *fill*         0x0000000006007196        0xa 
 .text          0x00000000060071a0      0x3a0 ../../Compiler/SGL_302j/LIB_COFF/LIBCD.A(CDC_CMN.O)
                0x00000000060071a0                CDC_GetCurStat
                0x00000000060071f0                CDC_GetLastStat
                0x0000000006007208                CDC_GetPeriStat
                0x00000000060072dc                CDC_GetHwInfo
                0x0000000006007344                CDC_TgetToc
                0x0000000006007394                CDC_GetSes
                0x00000000060073d0                CDC_CdInit
                0x0000000006007454                CDC_CdOpen
                0x000000000600747c                CDC_DataReady
                0x00000000060074e8                CDC_DataEnd
 .text          0x0000000006007540      0x194 ../../Compiler/SGL_302j/LIB_COFF/LIBCD.A(CDC_CFS.O)
                0x0000000006007540                CDC_ChgDir
                0x0000000006007574                CDC_ReadDir
                0x00000000060075a8                CDC_GetFileScope
                0x0000000006007608                CDC_TgetFileInfo
                0x0000000006007664                CDC_ReadFile
                0x0000000006007698                CDC_AbortFile
 *fill*         0x00000000060076d4        0xc 
 .text          0x00000000060076e0      0x2dc ../../Compiler/SGL_302j/LIB_COFF/LIBCD.A(CDC_REG.O)
                0x00000000060076e0                CDC_GetDataPtr
                0x00000000060076f0                CDC_GetHirqReq
                0x0000000006007704                CDC_ClrHirqReq
                0x0000000006007734                CDREG_ClrHirqReq
                0x0000000006007744                CDREG_InitHirqReq
                0x000000000600776c                CDREG_SetHirqFlag
                0x0000000006007780                CDC_GetHirqMsk
                0x0000000006007794                CDC_SetHirqMsk
                0x00000000060077a4                CDC_GetMpegPtr
                0x00000000060077b4                CDREG_TgetData
                0x0000000006007810                CDREG_CmdRsp
                0x0000000006007910                CDREG_WaitHirq
                0x0000000006007980                CDREG_ReadRsp
 *fill*         0x00000000060079bc        0x4 
 .text          0x00000000060079c0      0x152 ../../Compiler/SGL_302j/LIB_COFF/LIBCD.A(CDC_SUB.O)
                0x00000000060079c0                CDSUB_UpdStatus
                0x00000000060079d8                CDSUB_UpdCdstat
                0x00000000060079f8                CDSUB_CdCmd
                0x0000000006007a68                CDSUB_GetCdstat
                0x0000000006007aa8                CDSUB_RspToCdstat
                0x0000000006007af0                CDSUB_SoftTimer
 *fill*         0x0000000006007b12        0xe 
 .text          0x0000000006007b20     0x1adc ../../Compiler/SGL_302j/LIB_COFF/LIBCD.A(GFS.O)
                0x0000000006007b20                gfs_version
                0x0000000006007b40                GFS_Init
                0x0000000006007c28                GFS_LoadDir
                0x0000000006007cd0                GFS_SetDir
                0x0000000006007d38                GFS_NameToId
                0x0000000006007d9c                GFS_IdToName
                0x0000000006007e08                GFS_GetDirInfo
                0x0000000006007e78                GFS_Reset
                0x0000000006007efc                GFS_Open
                0x0000000006007fb0                GFS_Close
                0x0000000006007fe8                GFS_Seek
                0x000000000600809c                GFS_Tell
                0x00000000060080ec                GFS_IsEof
                0x0000000006008140                GFS_ByteToSct
                0x000000000600819c                GFS_GetFileSize
                0x00000000060081f8                GFS_GetFileInfo
                0x000000000600826c                GFS_GetNumCdbuf
                0x0000000006008294                GFS_Load
                0x0000000006008358                GFS_Fread
                0x00000000060083f4                gfs_waitRead
                0x000000000600849c                GFS_NwFread
                0x00000000060085a8                GFS_NwCdRead
                0x0000000006008620                GFS_NwIsComplete
                0x0000000006008658                GFS_NwStop
                0x00000000060086c4                GFS_NwGetStat
                0x0000000006008740                gfs_recovRdErr
                0x0000000006008770                GFS_NwExecOne
                0x0000000006008830                GFS_NwExecServer
                0x00000000060088ac                GFS_SetGmode
                0x0000000006008910                GFS_SetTmode
                0x000000000600897c                GFS_SetReadPara
                0x00000000060089e0                GFS_SetTransPara
                0x0000000006008a4c                GFS_SetTrFunc
                0x0000000006008ab0                GFS_StartTrans
                0x0000000006008afc                GFS_CdMovePickup
                0x0000000006008b68                GFS_SetErrFunc
                0x0000000006008b94                GFS_GetErrStat
                0x0000000006008bb8                GFS_ConvTno
                0x0000000006008be0                gfs_chgRoot
                0x0000000006008cac                gfs_aborttrans
                0x0000000006008cb8                gfs_mngSetupFuncTbl
                0x0000000006008cec                gfs_mngInitWork
                0x0000000006008d90                gfs_mngGetNumFile
                0x0000000006008df8                GFS_mngAllocGrp
                0x0000000006008e40                gfs_mngFreeGrp
                0x0000000006008e4c                gfs_mngTermAccess
                0x0000000006008ed0                gfs_mngSetErrCode
                0x0000000006008f50                gfs_svrSearchHndl
                0x0000000006008f90                gfs_svrAddHndl
                0x0000000006008fcc                gfs_svrRemoveHndl
                0x0000000006009028                GFS_OpenSub
                0x0000000006009080                gfs_loadVol
                0x0000000006009144                gfs_getRootDir
                0x0000000006009240                gfs_loadRootDir
                0x00000000060092c8                gfs_flowIn
                0x0000000006009370                gfs_transData
                0x0000000006009414                GFS_GetFad
                0x000000000600946c                gfs_SetSct
                0x00000000060094ac                gfs_GetFinfo
                0x00000000060094ec                gfs_closeSub
                0x0000000006009528                gfs_getGmode
                0x0000000006009534                gfs_isTaskDone
                0x0000000006009588                gfs_convFinStat
 *fill*         0x00000000060095fc        0x4 
 .text          0x0000000006009600      0x106 ../../Compiler/SGL_302j/LIB_COFF/LIBCD.A(GFS_BUF.O)
                0x0000000006009630                GFBF_GetTranData
                0x0000000006009658                GFBF_GetNumData
                0x0000000006009688                GFBF_GetSrcPk
                0x00000000060096b0                GFBF_GetSctData
                0x00000000060096d4                GFBF_RtnPk
                0x00000000060096fc                gfbf_getSctDt
 *fill*         0x0000000006009706        0xa 
 .text          0x0000000006009710      0x600 ../../Compiler/SGL_302j/LIB_COFF/LIBCD.A(GFS_CDB.O)
                0x0000000006009710                GFCB_Setup
                0x0000000006009830                GFCB_Close
                0x0000000006009858                GFCB_GetLenData
                0x0000000006009904                GFCB_GetLenRoom
                0x0000000006009910                GFCB_SetFilt
                0x0000000006009978                GFCB_DeleteAllData
                0x00000000060099a0                GFCB_Tell
                0x00000000060099b0                gfcb_getSctNum
                0x0000000006009a00                GFCB_Seek
                0x0000000006009afc                GFCB_GetSrcPack
                0x0000000006009bdc                GFCB_GetSctData
                0x0000000006009c14                GFCB_GetDstPack
                0x0000000006009c20                GFCB_RtnPk
                0x0000000006009c68                GFCB_MovePickup
                0x0000000006009c84                GFCB_SetCon
                0x0000000006009cb8                GFCB_GetPickup
                0x0000000006009ce0                GFCB_IsPuOwner
                0x0000000006009cf8                GFCB_UngetPickup
 .text          0x0000000006009d10     0x1a10 ../../Compiler/SGL_302j/LIB_COFF/LIBCD.A(GFS_CDC.O)
                0x0000000006009d10                GFCD_SetCdbfs
                0x0000000006009d3c                GFCD_Init
                0x0000000006009f40                GFCD_AllocFilt
                0x0000000006009f7c                GFCD_FreeFilt
                0x0000000006009fac                GFCD_AllocBuf
                0x0000000006009fe0                GFCD_FreeBuf
                0x000000000600a084                GFCD_GetBaseFad
                0x000000000600a0b8                GFCD_GetPickup
                0x000000000600a0ec                GFCD_UngetPickup
                0x000000000600a118                GFCD_IsPuOwner
                0x000000000600a13c                GFCD_SetFilt
                0x000000000600a200                GFCD_GetFilt
                0x000000000600a248                GFCD_SetCon
                0x000000000600a2a0                GFCD_Play
                0x000000000600a300                GFCD_GetLenData
                0x000000000600a368                GFCD_ReqData
                0x000000000600a3c4                GFCD_EndData
                0x000000000600a40c                GFCD_DelSctData
                0x000000000600a464                GFCD_CheckDelSctData
                0x000000000600a494                GFCD_GetStat
                0x000000000600a548                GFCD_MovePickup
                0x000000000600a594                GFCD_MoveSctData
                0x000000000600a608                GFCD_CheckMove
                0x000000000600a62c                GFCD_GetSctInfo
                0x000000000600a674                GFCD_ChgDir
                0x000000000600a6e8                GFCD_SetFiltCon
                0x000000000600a7d0                GFCD_GetFileInfo
                0x000000000600a8ac                GFCD_GetBufSiz
                0x000000000600a8e4                GFCD_ExecServer
                0x000000000600a9b8                gfcd_isIdleTask
                0x000000000600aa44                gfcd_doTask
                0x000000000600aaf0                GFCD_SetTimer
                0x000000000600ab04                GFCD_WaitServer
                0x000000000600ab40                gfcd_doSetFiltTsk
                0x000000000600ad04                gfcd_doSetConTsk
                0x000000000600ad94                gfcd_doGetLenDataTsk
                0x000000000600aee8                gfcd_doReqDataTsk
                0x000000000600af88                gfcd_doDelSctDataTsk
                0x000000000600b0bc                gfcd_doMoveSctTsk
                0x000000000600b220                gfcd_doChgDirTsk
                0x000000000600b41c                gfcd_doSetFiltConTsk
                0x000000000600b560                gfcd_checkEflag
                0x000000000600b584                gfcd_initCdbMng
                0x000000000600b604                gfcd_setStat
                0x000000000600b630                GFCD_SetCsctFunc
                0x000000000600b64c                GFCD_ChkScdqFlag
                0x000000000600b670                GFCD_ClrScdqFlag
                0x000000000600b68c                GFCD_WaitScdqFlag
                0x000000000600b6d0                GFCD_WaitPause
 .text          0x000000000600b720      0x8d8 ../../Compiler/SGL_302j/LIB_COFF/LIBCD.A(GFS_CDF.O)
                0x000000000600b720                GFCF_Init
                0x000000000600b7c0                GFCF_Setup
                0x000000000600b908                GFCF_SetSct
                0x000000000600b94c                GFCF_GetFileInfo
                0x000000000600b9c0                GFCF_FlowInBuf
                0x000000000600bb14                GFCF_StopInBuf
                0x000000000600bbb4                GFCF_Recover
                0x000000000600bbfc                GFCF_Tell
                0x000000000600bc14                GFCF_Seek
                0x000000000600bc2c                GFCF_MovePickup
                0x000000000600bcc8                GFCF_cnvIntlvOfs
                0x000000000600bd1c                GFCF_GetStat
                0x000000000600bdb4                gfcf_getSctSize
                0x000000000600bdf0                gfcf_isCdOk
                0x000000000600beb0                gfcf_getPlayRange
 *fill*         0x000000000600bff8        0x8 
 .text          0x000000000600c000      0x92c ../../Compiler/SGL_302j/LIB_COFF/LIBCD.A(GFS_DIR.O)
                0x000000000600c000                GFDR_SetupDirTbl
                0x000000000600c074                GFDR_NameToId
                0x000000000600c0d4                GFDR_GetInfoDirId
                0x000000000600c0e8                GFDR_GetInfoDirName
                0x000000000600c0fc                GFDR_GetAtrDirId
                0x000000000600c114                GFDR_GetAtrDirName
                0x000000000600c12c                GFDR_ChgRoot
                0x000000000600c144                GFDR_ChgDir
                0x000000000600c1b8                gfdr_setupDirIdTbl
                0x000000000600c23c                gfdr_setupDirNameTbl
                0x000000000600c2e8                gfdr_open
                0x000000000600c310                gfdr_read
                0x000000000600c3d0                gfdr_readByte
                0x000000000600c3fc                gfdr_readWord
                0x000000000600c428                gfdr_readWordNB
                0x000000000600c47c                gfdr_readLongNB
                0x000000000600c4c8                gfdr_readLongNM
                0x000000000600c4f0                gfdr_setNextRec
                0x000000000600c574                gfdr_readDirEnt
                0x000000000600c8f0                gfdr_setDirrecCd
 *fill*         0x000000000600c92c        0x4 
 .text          0x000000000600c930      0x9c6 ../../Compiler/SGL_302j/LIB_COFF/LIBCD.A(GFS_TRN.O)
                0x000000000600c960                GFTR_Setup
                0x000000000600c9a4                GFTR_SetMode
                0x000000000600c9b8                GFTR_SetUnit
                0x000000000600c9c4                GFTR_SetTransPara
                0x000000000600c9f8                GFTR_GetTransPara
                0x000000000600ca04                GFTR_GetNumTrans
                0x000000000600ca10                GFTR_SetTransMax
                0x000000000600ca1c                GFTR_Start
                0x000000000600ca28                GFTR_Pause
                0x000000000600ca34                GFTR_Stop
                0x000000000600caec                GFTR_Exec
                0x000000000600cb70                GFTR_Idle
                0x000000000600cbe8                GFTR_ExecSvr
                0x000000000600ccf0                gftr_getSrcPack
                0x000000000600cd78                gftr_getDstPack
                0x000000000600cdd4                gftr_reqScu
                0x000000000600cde0                gftr_execScu
                0x000000000600ce7c                gftr_remScu
                0x000000000600ceb0                gfdma_canUse
                0x000000000600cebc                gfdma_exec
                0x000000000600cf2c                gfdma_getBytecnt
                0x000000000600cf64                gftr_reqDma0
                0x000000000600cf7c                gftr_execSdma0
                0x000000000600cfa0                gftr_remDma0
                0x000000000600cfb8                gftr_reqDma1
                0x000000000600cfd0                gftr_execSdma1
                0x000000000600cff4                gftr_remDma1
                0x000000000600d00c                gftr_reqCpu
                0x000000000600d018                gftr_execCpu
                0x000000000600d058                gftr_remCpu
                0x000000000600d064                gftr_reqTrn
                0x000000000600d0d4                gftr_execTrn
                0x000000000600d1ac                gftr_remTrn
                0x000000000600d220                gftr_copyFrac
                0x000000000600d248                GFTR_GetLenData
                0x000000000600d254                GFTR_GetLenRoom
                0x000000000600d26c                GFTR_GetDstPack
                0x000000000600d2a0                GFTR_RtnDstPk
                0x000000000600d2bc                GFTR_GetData
                0x000000000600d2d0                GFTR_SetData
                0x000000000600d2e4                GFTR_SetTransFunc
 *fill*         0x000000000600d2f6        0xa 
 .text          0x000000000600d300      0x130 ../../Compiler/SGL_302j/LIB_COFF/LIBCD.A(CDC_DRV.O)
                0x000000000600d300                CDC_CdPlay
                0x000000000600d3cc                CDC_CdSeek
                0x000000000600d400                CDC_CdScan
 .text          0x000000000600d430       0xa8 ../../Compiler/SGL_302j/LIB_COFF/LIBCD.A(CDC_DEV.O)
                0x000000000600d430                CDC_CdSetCon
                0x000000000600d460                CDC_CdGetCon
                0x000000000600d49c                CDC_CdGetLastBuf
 *fill*         0x000000000600d4d8        0x8 
 .text          0x000000000600d4e0      0x2b8 ../../Compiler/SGL_302j/LIB_COFF/LIBCD.A(CDC_SEL.O)
                0x000000000600d4e0                CDC_SetFiltRange
                0x000000000600d514                CDC_GetFiltRange
                0x000000000600d56c                CDC_SetFiltSubh
                0x000000000600d5dc                CDC_GetFiltSubh
                0x000000000600d658                CDC_SetFiltMode
                0x000000000600d68c                CDC_GetFiltMode
                0x000000000600d6d0                CDC_SetFiltCon
                0x000000000600d710                CDC_GetFiltCon
                0x000000000600d764                CDC_ResetSelector
 *fill*         0x000000000600d798        0x8 
 .text          0x000000000600d7a0      0x270 ../../Compiler/SGL_302j/LIB_COFF/LIBCD.A(CDC_BIF.O)
                0x000000000600d7a0                CDC_GetBufSiz
                0x000000000600d7fc                CDC_GetSctNum
                0x000000000600d840                CDC_CalActSiz
                0x000000000600d87c                CDC_GetActSiz
                0x000000000600d8fc                CDC_GetSctInfo
                0x000000000600d97c                CDC_ExeFadSearch
                0x000000000600d9b4                CDC_GetFadSearch
 .text          0x000000000600da10      0x1e4 ../../Compiler/SGL_302j/LIB_COFF/LIBCD.A(CDC_BIO.O)
                0x000000000600da10                CDC_SetSctLen
                0x000000000600da44                CDC_GetSctData
                0x000000000600da80                CDC_DelSctData
                0x000000000600dabc                CDC_GetdelSctData
                0x000000000600daf8                CDC_PutSctData
                0x000000000600db30                CDC_CopySctData
                0x000000000600db74                CDC_MoveSctData
                0x000000000600dbb8                CDC_GetCopyErr
 *fill*         0x000000000600dbf4        0xc 
 .text          0x000000000600dc00        0x0 ../../Compiler/SGL_302j/LIB_COFF/LIBSGL.A(sglA15.o)
 .text          0x000000000600dc00        0x0 ../../Compiler/SGL_302j/LIB_COFF/LIBSGL.A(sglA20.o)
 .text          0x000000000600dc00        0x0 ../../Compiler/SGL_302j/LIB_COFF/LIBSGL.A(sglA21.o)
 .text          0x000000000600dc00        0x0 ../../Compiler/SGL_302j/LIB_COFF/LIBSGL.A(sglA27.o)
 .text          0x000000000600dc00        0x0 ../../Compiler/SGL_302j/LIB_COFF/LIBSGL.A(sglB001.o)
 .text          0x000000000600dc00        0x0 ../../Compiler/SGL_302j/LIB_COFF/LIBSGL.A(sglB011.o)
 .text          0x000000000600dc00        0x0 ../../Compiler/SGL_302j/LIB_COFF/LIBSGL.A(sglB015.o)
 .text          0x000000000600dc00        0x0 ../../Compiler/SGL_302j/LIB_COFF/LIBSGL.A(sglB016.o)
 .text          0x000000000600dc00        0x0 ../../Compiler/SGL_302j/LIB_COFF/LIBSGL.A(sglB032.o)
 .text          0x000000000600dc00        0x0 ../../Compiler/SGL_302j/LIB_COFF/LIBSGL.A(sglB053.o)
 .text          0x000000000600dc00        0x0 ../../Compiler/SGL_302j/LIB_COFF/LIBSGL.A(sglB056.o)
 .text          0x000000000600dc00        0x0 ../../Compiler/SGL_302j/LIB_COFF/LIBSGL.A(sglB063.o)
 .text          0x000000000600dc00        0x0 ../../Compiler/SGL_302j/LIB_COFF/LIBSGL.A(sglB200.o)
 .text          0x000000000600dc00        0x0 ../../Compiler/SGL_302j/LIB_COFF/LIBSGL.A(sglC05.o)
 .text          0x000000000600dc00        0x0 ../../Compiler/SGL_302j/LIB_COFF/LIBSGL.A(sglC06.o)
 .text          0x000000000600dc00        0x0 ../../Compiler/SGL_302j/LIB_COFF/LIBSGL.A(sglC07.o)
 .text          0x000000000600dc00        0x0 ../../Compiler/SGL_302j/LIB_COFF/LIBSGL.A(sglC08.o)
 .text          0x000000000600dc00        0x0 ../../Compiler/SGL_302j/LIB_COFF/LIBSGL.A(sglC20.o)
 .text          0x000000000600dc00        0x0 ../../Compiler/SGL_302j/LIB_COFF/LIBSGL.A(sglD00.o)
 .text          0x000000000600dc00        0x0 ../../Compiler/SGL_302j/LIB_COFF/LIBSGL.A(sglD01.o)
 .text          0x000000000600dc00        0x0 ../../Compiler/SGL_302j/LIB_COFF/LIBSGL.A(sglD03.o)
 .text          0x000000000600dc00        0x0 ../../Compiler/SGL_302j/LIB_COFF/LIBSGL.A(sglD15.o)
 .text          0x000000000600dc00        0x0 ../../Compiler/SGL_302j/LIB_COFF/LIBSGL.A(sglD16.o)
 .text          0x000000000600dc00        0x0 ../../Compiler/SGL_302j/LIB_COFF/LIBSGL.A(sglD17.o)
 .text          0x000000000600dc00        0x0 ../../Compiler/SGL_302j/LIB_COFF/LIBSGL.A(sglD18.o)
 .text          0x000000000600dc00        0x0 ../../Compiler/SGL_302j/LIB_COFF/LIBSGL.A(sglF00.o)
 .text          0x000000000600dc00        0x0 ../../Compiler/SGL_302j/LIB_COFF/LIBSGL.A(sglF05.o)
 .text          0x000000000600dc00        0x0 ../../Compiler/SGL_302j/LIB_COFF/LIBSGL.A(sglH00.o)
 .text          0x000000000600dc00        0x0 ../../Compiler/SGL_302j/LIB_COFF/LIBSGL.A(sglH01.o)
 .text          0x000000000600dc00        0x0 ../../Compiler/SGL_302j/LIB_COFF/LIBSGL.A(sglH02.o)
 .text          0x000000000600dc00        0x0 ../../Compiler/SGL_302j/LIB_COFF/LIBSGL.A(sglH04.o)
 .text          0x000000000600dc00        0x0 ../../Compiler/SGL_302j/LIB_COFF/LIBSGL.A(sglI01.o)
 .text          0x000000000600dc00      0x128 ../../Compiler/SGL_302j/LIB_COFF/LIBSGL.A(sglIc0.o)
                0x000000000600dc00                slInitSystem
 *fill*         0x000000000600dd28        0x8 
 .text          0x000000000600dd30        0x0 ../../Compiler/SGL_302j/LIB_COFF/LIBSGL.A(sglJ00.o)
 .text          0x000000000600dd30        0x0 ../../Compiler/SGL_302j/LIB_COFF/LIBSGL.A(sglJ01.o)
 .text          0x000000000600dd30        0x0 ../../Compiler/SGL_302j/LIB_COFF/LIBSGL.A(sglJ02.o)
 .text          0x000000000600dd30        0x0 ../../Compiler/SGL_302j/LIB_COFF/LIBSGL.A(sglJ03.o)
 .text          0x000000000600dd30        0x0 ../../Compiler/SGL_302j/LIB_COFF/LIBSGL.A(sglJ04.o)
 .text          0x000000000600dd30        0x0 ../../Compiler/SGL_302j/LIB_COFF/LIBSGL.A(sglJ05.o)
 .text          0x000000000600dd30        0x0 ../../Compiler/SGL_302j/LIB_COFF/LIBSGL.A(sglK01.o)
 .text          0x000000000600dd30        0x0 ../../Compiler/SGL_302j/LIB_COFF/LIBSGL.A(sglM01.o)
 .text          0x000000000600dd30        0x0 ../../Compiler/SGL_302j/LIB_COFF/LIBSGL.A(sglA00.o)
 .text          0x000000000600dd30        0x0 ../../Compiler/SGL_302j/LIB_COFF/LIBSGL.A(sglA01.o)
 .text          0x000000000600dd30        0x0 ../../Compiler/SGL_302j/LIB_COFF/LIBSGL.A(sglB000.o)
 .text          0x000000000600dd30        0x0 ../../Compiler/SGL_302j/LIB_COFF/LIBSGL.A(sglB035.o)
 .text          0x000000000600dd30        0x0 ../../Compiler/SGL_302j/LIB_COFF/LIBSGL.A(sglC00.o)
 .text          0x000000000600dd30        0x0 ../../Compiler/SGL_302j/LIB_COFF/LIBSGL.A(sglI00.o)
 .text          0x000000000600dd30        0x0 ../../Compiler/SGL_302j/LIB_COFF/LIBSGL.A(sglH03.o)
 .text          0x000000000600dd30       0x52 /home/sansigolo/Documents/joengine/Compiler/SH_NONE_ELF/bin/../lib/gcc/sh-none-elf/8.2.0/libgcc.a(_ashiftrt.o)
                0x000000000600dd30                __ashiftrt_r4_31
                0x000000000600dd30                __ashiftrt_r4_32
                0x000000000600dd36                __ashiftrt_r4_30
                0x000000000600dd38                __ashiftrt_r4_29
                0x000000000600dd3a                __ashiftrt_r4_28
                0x000000000600dd3c                __ashiftrt_r4_27
                0x000000000600dd3e                __ashiftrt_r4_26
                0x000000000600dd40                __ashiftrt_r4_25
                0x000000000600dd42                __ashiftrt_r4_24
                0x000000000600dd4a                __ashiftrt_r4_23
                0x000000000600dd4c                __ashiftrt_r4_22
                0x000000000600dd4e                __ashiftrt_r4_21
                0x000000000600dd50                __ashiftrt_r4_20
                0x000000000600dd52                __ashiftrt_r4_19
                0x000000000600dd54                __ashiftrt_r4_18
                0x000000000600dd56                __ashiftrt_r4_17
                0x000000000600dd58                __ashiftrt_r4_16
                0x000000000600dd5e                __ashiftrt_r4_15
                0x000000000600dd60                __ashiftrt_r4_14
                0x000000000600dd62                __ashiftrt_r4_13
                0x000000000600dd64                __ashiftrt_r4_12
                0x000000000600dd66                __ashiftrt_r4_11
                0x000000000600dd68                __ashiftrt_r4_10
                0x000000000600dd6a                __ashiftrt_r4_9
                0x000000000600dd6c                __ashiftrt_r4_8
                0x000000000600dd6e                __ashiftrt_r4_7
                0x000000000600dd70                __ashiftrt_r4_6
                0x000000000600dd72                __ashiftrt_r4_5
                0x000000000600dd74                __ashiftrt_r4_4
                0x000000000600dd76                __ashiftrt_r4_3
                0x000000000600dd78                __ashiftrt_r4_2
                0x000000000600dd7a                __ashiftrt_r4_1
                0x000000000600dd7e                __ashiftrt_r4_0
 *fill*         0x000000000600dd82        0x2 
 .text          0x000000000600dd84       0xa0 /home/sansigolo/Documents/joengine/Compiler/SH_NONE_ELF/bin/../lib/gcc/sh-none-elf/8.2.0/libgcc.a(_sdivsi3.o)
                0x000000000600dd84                __sdivsi3
 .text          0x000000000600de24       0x6c /home/sansigolo/Documents/joengine/Compiler/SH_NONE_ELF/bin/../lib/gcc/sh-none-elf/8.2.0/libgcc.a(_udivsi3.o)
                0x000000000600de46                __udivsi3
 .text          0x000000000600de90      0x134 /home/sansigolo/Documents/joengine/Compiler/SH_NONE_ELF/bin/../lib/gcc/sh-none-elf/8.2.0/libgcc.a(_mul_sf.o)
                0x000000000600de90                __mulsf3
 .text          0x000000000600dfc4       0xdc /home/sansigolo/Documents/joengine/Compiler/SH_NONE_ELF/bin/../lib/gcc/sh-none-elf/8.2.0/libgcc.a(_div_sf.o)
                0x000000000600dfc4                __divsf3
 .text          0x000000000600e0a0       0x7c /home/sansigolo/Documents/joengine/Compiler/SH_NONE_ELF/bin/../lib/gcc/sh-none-elf/8.2.0/libgcc.a(_sf_to_si.o)
                0x000000000600e0a0                __fixsfsi
 .text          0x000000000600e11c        0x0 /home/sansigolo/Documents/joengine/Compiler/SH_NONE_ELF/bin/../lib/gcc/sh-none-elf/8.2.0/libgcc.a(_thenan_sf.o)
 .text          0x000000000600e11c       0x94 /home/sansigolo/Documents/joengine/Compiler/SH_NONE_ELF/bin/../lib/gcc/sh-none-elf/8.2.0/libgcc.a(_usi_to_sf.o)
                0x000000000600e11c                __floatunsisf
 .text          0x000000000600e1b0      0x114 /home/sansigolo/Documents/joengine/Compiler/SH_NONE_ELF/bin/../lib/gcc/sh-none-elf/8.2.0/libgcc.a(_pack_sf.o)
                0x000000000600e1b0                __pack_f
 .text          0x000000000600e2c4       0xa0 /home/sansigolo/Documents/joengine/Compiler/SH_NONE_ELF/bin/../lib/gcc/sh-none-elf/8.2.0/libgcc.a(_unpack_sf.o)
                0x000000000600e2c4                __unpack_f
 .text          0x000000000600e364       0x1e /home/sansigolo/Documents/joengine/Compiler/SH_NONE_ELF/bin/../lib/gcc/sh-none-elf/8.2.0/../../../../sh-none-elf/lib/libc.a(lib_a-memcmp.o)
                0x000000000600e364                memcmp
 *fill*         0x000000000600e382        0x2 
 .text          0x000000000600e384       0x94 /home/sansigolo/Documents/joengine/Compiler/SH_NONE_ELF/bin/../lib/gcc/sh-none-elf/8.2.0/../../../../sh-none-elf/lib/libc.a(lib_a-memcpy.o)
                0x000000000600e384                memcpy
 .text          0x000000000600e418       0x40 /home/sansigolo/Documents/joengine/Compiler/SH_NONE_ELF/bin/../lib/gcc/sh-none-elf/8.2.0/../../../../sh-none-elf/lib/libc.a(lib_a-memset.o)
                0x000000000600e418                memset
 .text          0x000000000600e458       0x8c /home/sansigolo/Documents/joengine/Compiler/SH_NONE_ELF/bin/../lib/gcc/sh-none-elf/8.2.0/../../../../sh-none-elf/lib/libc.a(lib_a-sprintf.o)
                0x000000000600e458                _sprintf_r
                0x000000000600e498                sprintf
 .text          0x000000000600e4e4       0x2a /home/sansigolo/Documents/joengine/Compiler/SH_NONE_ELF/bin/../lib/gcc/sh-none-elf/8.2.0/../../../../sh-none-elf/lib/libc.a(lib_a-strncmp.o)
                0x000000000600e4e4                strncmp
 .text          0x000000000600e50e       0x32 /home/sansigolo/Documents/joengine/Compiler/SH_NONE_ELF/bin/../lib/gcc/sh-none-elf/8.2.0/../../../../sh-none-elf/lib/libc.a(lib_a-strncpy.o)
                0x000000000600e50e                strncpy
 .text          0x000000000600e540     0x1378 /home/sansigolo/Documents/joengine/Compiler/SH_NONE_ELF/bin/../lib/gcc/sh-none-elf/8.2.0/../../../../sh-none-elf/lib/libc.a(lib_a-svfprintf.o)
                0x000000000600e540                _svfprintf_r
 .text          0x000000000600f8b8      0xef4 /home/sansigolo/Documents/joengine/Compiler/SH_NONE_ELF/bin/../lib/gcc/sh-none-elf/8.2.0/../../../../sh-none-elf/lib/libc.a(lib_a-dtoa.o)
                0x000000000600f9ec                _dtoa_r
 .text          0x00000000060107ac        0x0 /home/sansigolo/Documents/joengine/Compiler/SH_NONE_ELF/bin/../lib/gcc/sh-none-elf/8.2.0/../../../../sh-none-elf/lib/libc.a(lib_a-impure.o)
 .text          0x00000000060107ac       0x40 /home/sansigolo/Documents/joengine/Compiler/SH_NONE_ELF/bin/../lib/gcc/sh-none-elf/8.2.0/../../../../sh-none-elf/lib/libc.a(lib_a-localeconv.o)
                0x00000000060107ac                __localeconv_l
                0x00000000060107b4                _localeconv_r
                0x00000000060107d0                localeconv
 .text          0x00000000060107ec       0xa8 /home/sansigolo/Documents/joengine/Compiler/SH_NONE_ELF/bin/../lib/gcc/sh-none-elf/8.2.0/../../../../sh-none-elf/lib/libc.a(lib_a-locale.o)
                0x00000000060107ec                _setlocale_r
                0x0000000006010838                __locale_mb_cur_max
                0x0000000006010858                __locale_ctype_ptr_l
                0x0000000006010862                __locale_ctype_ptr
                0x0000000006010880                setlocale
 .text          0x0000000006010894       0x4c /home/sansigolo/Documents/joengine/Compiler/SH_NONE_ELF/bin/../lib/gcc/sh-none-elf/8.2.0/../../../../sh-none-elf/lib/libc.a(lib_a-mbtowc_r.o)
                0x0000000006010894                _mbtowc_r
                0x00000000060108b8                __ascii_mbtowc
 .text          0x00000000060108e0       0x1c /home/sansigolo/Documents/joengine/Compiler/SH_NONE_ELF/bin/../lib/gcc/sh-none-elf/8.2.0/../../../../sh-none-elf/lib/libc.a(lib_a-memchr.o)
                0x00000000060108e0                memchr
 .text          0x00000000060108fc      0xa9c /home/sansigolo/Documents/joengine/Compiler/SH_NONE_ELF/bin/../lib/gcc/sh-none-elf/8.2.0/../../../../sh-none-elf/lib/libc.a(lib_a-mprec.o)
                0x00000000060108fc                _Balloc
                0x0000000006010970                _Bfree
                0x0000000006010988                __multadd
                0x0000000006010a30                __s2b
                0x0000000006010af0                __hi0bits
                0x0000000006010b44                __lo0bits
                0x0000000006010ba8                __i2b
                0x0000000006010bc4                __multiply
                0x0000000006010d08                __pow5mult
                0x0000000006010dc4                __lshift
                0x0000000006010eb8                __mcmp
                0x0000000006010ef0                __mdiff
                0x0000000006010fcc                __ulp
                0x0000000006011038                __b2d
                0x0000000006011120                __d2b
                0x000000000601120c                __ratio
                0x0000000006011290                _mprec_log10
                0x00000000060112e8                __copybits
                0x000000000601132c                __any_on
 .text          0x0000000006011398       0x34 /home/sansigolo/Documents/joengine/Compiler/SH_NONE_ELF/bin/../lib/gcc/sh-none-elf/8.2.0/../../../../sh-none-elf/lib/libc.a(lib_a-nano-callocr.o)
                0x0000000006011398                _calloc_r
 .text          0x00000000060113cc       0xf4 /home/sansigolo/Documents/joengine/Compiler/SH_NONE_ELF/bin/../lib/gcc/sh-none-elf/8.2.0/../../../../sh-none-elf/lib/libc.a(lib_a-nano-mallocr.o)
                0x00000000060113cc                _malloc_r
 .text          0x00000000060114c0       0x30 /home/sansigolo/Documents/joengine/Compiler/SH_NONE_ELF/bin/../lib/gcc/sh-none-elf/8.2.0/../../../../sh-none-elf/lib/libc.a(lib_a-sbrkr.o)
                0x00000000060114c0                _sbrk_r
 .text          0x00000000060114f0       0x38 /home/sansigolo/Documents/joengine/Compiler/SH_NONE_ELF/bin/../lib/gcc/sh-none-elf/8.2.0/../../../../sh-none-elf/lib/libc.a(lib_a-strcmp.o)
                0x00000000060114f0                strcmp
 .text          0x0000000006011528       0x20 /home/sansigolo/Documents/joengine/Compiler/SH_NONE_ELF/bin/../lib/gcc/sh-none-elf/8.2.0/../../../../sh-none-elf/lib/libc.a(lib_a-strlen.o)
                0x0000000006011528                strlen
 .text          0x0000000006011548      0xa60 /home/sansigolo/Documents/joengine/Compiler/SH_NONE_ELF/bin/../lib/gcc/sh-none-elf/8.2.0/../../../../sh-none-elf/lib/libc.a(lib_a-svfiprintf.o)
                0x0000000006011548                __ssprint_r
                0x000000000601167c                _svfiprintf_r
 .text          0x0000000006011fa8      0x25c /home/sansigolo/Documents/joengine/Compiler/SH_NONE_ELF/bin/../lib/gcc/sh-none-elf/8.2.0/../../../../sh-none-elf/lib/libc.a(lib_a-syscalls.o)
                0x0000000006012020                _read
                0x0000000006012030                _lseek
                0x0000000006012040                _write
                0x0000000006012050                _close
                0x0000000006012060                _link
                0x0000000006012064                _sbrk
                0x00000000060120bc                _fstat
                0x00000000060120c6                _open
                0x00000000060120d8                _creat
                0x00000000060120e8                _unlink
                0x00000000060120ec                isatty
                0x00000000060120f0                _isatty
                0x00000000060120f4                _exit
                0x0000000006012104                _kill
                0x0000000006012118                _getpid
                0x000000000601211c                _raise
                0x0000000006012120                _stat
                0x0000000006012130                _chmod
                0x0000000006012140                _chown
                0x0000000006012150                _utime
                0x0000000006012164                _fork
                0x0000000006012170                _wait
                0x0000000006012180                _execve
                0x0000000006012190                _execv
                0x00000000060121a0                _pipe
                0x00000000060121ac                _times
                0x00000000060121b0                _gettimeofday
                0x00000000060121d8                __setup_argv_and_call_main
 .text          0x0000000006012204       0x14 /home/sansigolo/Documents/joengine/Compiler/SH_NONE_ELF/bin/../lib/gcc/sh-none-elf/8.2.0/../../../../sh-none-elf/lib/libc.a(lib_a-trap.o)
                0x0000000006012204                __trap34
 .text          0x0000000006012218       0x40 /home/sansigolo/Documents/joengine/Compiler/SH_NONE_ELF/bin/../lib/gcc/sh-none-elf/8.2.0/../../../../sh-none-elf/lib/libc.a(lib_a-wctomb_r.o)
                0x0000000006012218                _wctomb_r
                0x0000000006012238                __ascii_wctomb
 .text          0x0000000006012258       0x18 /home/sansigolo/Documents/joengine/Compiler/SH_NONE_ELF/bin/../lib/gcc/sh-none-elf/8.2.0/../../../../sh-none-elf/lib/libc.a(lib_a-abort.o)
                0x0000000006012258                abort
 .text          0x0000000006012270        0x0 /home/sansigolo/Documents/joengine/Compiler/SH_NONE_ELF/bin/../lib/gcc/sh-none-elf/8.2.0/../../../../sh-none-elf/lib/libc.a(lib_a-ctype_.o)
 .text          0x0000000006012270       0x3c /home/sansigolo/Documents/joengine/Compiler/SH_NONE_ELF/bin/../lib/gcc/sh-none-elf/8.2.0/../../../../sh-none-elf/lib/libc.a(lib_a-memmove.o)
                0x0000000006012270                memmove
 .text          0x00000000060122ac        0x8 /home/sansigolo/Documents/joengine/Compiler/SH_NONE_ELF/bin/../lib/gcc/sh-none-elf/8.2.0/../../../../sh-none-elf/lib/libc.a(lib_a-mlock.o)
                0x00000000060122ac                __malloc_lock
                0x00000000060122b0                __malloc_unlock
 .text          0x00000000060122b4       0xc8 /home/sansigolo/Documents/joengine/Compiler/SH_NONE_ELF/bin/../lib/gcc/sh-none-elf/8.2.0/../../../../sh-none-elf/lib/libc.a(lib_a-nano-freer.o)
                0x00000000060122b4                _free_r
 .text          0x000000000601237c       0x7c /home/sansigolo/Documents/joengine/Compiler/SH_NONE_ELF/bin/../lib/gcc/sh-none-elf/8.2.0/../../../../sh-none-elf/lib/libc.a(lib_a-nano-reallocr.o)
                0x000000000601237c                _realloc_r
 .text          0x00000000060123f8      0x1b0 /home/sansigolo/Documents/joengine/Compiler/SH_NONE_ELF/bin/../lib/gcc/sh-none-elf/8.2.0/../../../../sh-none-elf/lib/libc.a(lib_a-signal.o)
                0x00000000060123f8                _init_signal_r
                0x0000000006012434                _signal_r
                0x0000000006012480                _raise_r
                0x00000000060124f8                __sigtramp_r
                0x000000000601255c                raise
                0x0000000006012570                signal
                0x0000000006012584                _init_signal
                0x0000000006012594                __sigtramp
 .text          0x00000000060125a8       0x40 /home/sansigolo/Documents/joengine/Compiler/SH_NONE_ELF/bin/../lib/gcc/sh-none-elf/8.2.0/../../../../sh-none-elf/lib/libc.a(lib_a-signalr.o)
                0x00000000060125a8                _kill_r
                0x00000000060125dc                _getpid_r
 .text          0x00000000060125e8       0x16 /home/sansigolo/Documents/joengine/Compiler/SH_NONE_ELF/bin/../lib/gcc/sh-none-elf/8.2.0/../../../../sh-none-elf/lib/libc.a(lib_a-nano-msizer.o)
                0x00000000060125e8                _malloc_usable_size_r
 *fill*         0x00000000060125fe        0x2 
 .text          0x0000000006012600       0x80 /home/sansigolo/Documents/joengine/Compiler/SH_NONE_ELF/bin/../lib/gcc/sh-none-elf/8.2.0/libgcc.a(_ashiftrt_n.o)
                0x0000000006012600                __ashrsi3
 .text          0x0000000006012680       0xbc /home/sansigolo/Documents/joengine/Compiler/SH_NONE_ELF/bin/../lib/gcc/sh-none-elf/8.2.0/libgcc.a(_ashiftlt.o)
                0x0000000006012680                __ashlsi3
                0x0000000006012684                __ashlsi3_r0
 .text          0x000000000601273c       0xbc /home/sansigolo/Documents/joengine/Compiler/SH_NONE_ELF/bin/../lib/gcc/sh-none-elf/8.2.0/libgcc.a(_lshiftrt.o)
                0x000000000601273c                __lshrsi3
                0x0000000006012740                __lshrsi3_r0
 .text          0x00000000060127f8      0x258 /home/sansigolo/Documents/joengine/Compiler/SH_NONE_ELF/bin/../lib/gcc/sh-none-elf/8.2.0/libgcc.a(_udivdi3.o)
                0x00000000060127f8                __udivdi3
 .text          0x0000000006012a50      0x2bc /home/sansigolo/Documents/joengine/Compiler/SH_NONE_ELF/bin/../lib/gcc/sh-none-elf/8.2.0/libgcc.a(_umoddi3.o)
                0x0000000006012a50                __umoddi3
 .text          0x0000000006012d0c      0x3b4 /home/sansigolo/Documents/joengine/Compiler/SH_NONE_ELF/bin/../lib/gcc/sh-none-elf/8.2.0/libgcc.a(_addsub_df.o)
                0x000000000601301c                __adddf3
                0x000000000601306c                __subdf3
 .text          0x00000000060130c0      0x208 /home/sansigolo/Documents/joengine/Compiler/SH_NONE_ELF/bin/../lib/gcc/sh-none-elf/8.2.0/libgcc.a(_mul_df.o)
                0x00000000060130c0                __muldf3
 .text          0x00000000060132c8      0x130 /home/sansigolo/Documents/joengine/Compiler/SH_NONE_ELF/bin/../lib/gcc/sh-none-elf/8.2.0/libgcc.a(_div_df.o)
                0x00000000060132c8                __divdf3
 .text          0x00000000060133f8       0x58 /home/sansigolo/Documents/joengine/Compiler/SH_NONE_ELF/bin/../lib/gcc/sh-none-elf/8.2.0/libgcc.a(_eq_df.o)
                0x00000000060133f8                __eqdf2
 .text          0x0000000006013450       0x58 /home/sansigolo/Documents/joengine/Compiler/SH_NONE_ELF/bin/../lib/gcc/sh-none-elf/8.2.0/libgcc.a(_ne_df.o)
                0x0000000006013450                __nedf2
 .text          0x00000000060134a8       0x50 /home/sansigolo/Documents/joengine/Compiler/SH_NONE_ELF/bin/../lib/gcc/sh-none-elf/8.2.0/libgcc.a(_gt_df.o)
                0x00000000060134a8                __gtdf2
 .text          0x00000000060134f8       0x50 /home/sansigolo/Documents/joengine/Compiler/SH_NONE_ELF/bin/../lib/gcc/sh-none-elf/8.2.0/libgcc.a(_ge_df.o)
                0x00000000060134f8                __gedf2
 .text          0x0000000006013548       0x58 /home/sansigolo/Documents/joengine/Compiler/SH_NONE_ELF/bin/../lib/gcc/sh-none-elf/8.2.0/libgcc.a(_lt_df.o)
                0x0000000006013548                __ltdf2
 .text          0x00000000060135a0       0x58 /home/sansigolo/Documents/joengine/Compiler/SH_NONE_ELF/bin/../lib/gcc/sh-none-elf/8.2.0/libgcc.a(_le_df.o)
                0x00000000060135a0                __ledf2
 .text          0x00000000060135f8       0x40 /home/sansigolo/Documents/joengine/Compiler/SH_NONE_ELF/bin/../lib/gcc/sh-none-elf/8.2.0/libgcc.a(_unord_df.o)
                0x00000000060135f8                __unorddf2
 .text          0x0000000006013638       0xa8 /home/sansigolo/Documents/joengine/Compiler/SH_NONE_ELF/bin/../lib/gcc/sh-none-elf/8.2.0/libgcc.a(_si_to_df.o)
                0x0000000006013638                __floatsidf
 .text          0x00000000060136e0       0xa4 /home/sansigolo/Documents/joengine/Compiler/SH_NONE_ELF/bin/../lib/gcc/sh-none-elf/8.2.0/libgcc.a(_df_to_si.o)
                0x00000000060136e0                __fixdfsi
 .text          0x0000000006013784        0x0 /home/sansigolo/Documents/joengine/Compiler/SH_NONE_ELF/bin/../lib/gcc/sh-none-elf/8.2.0/libgcc.a(_thenan_df.o)
 .text          0x0000000006013784       0x88 /home/sansigolo/Documents/joengine/Compiler/SH_NONE_ELF/bin/../lib/gcc/sh-none-elf/8.2.0/libgcc.a(_usi_to_df.o)
                0x0000000006013784                __floatunsidf
 *fill*         0x000000000601380c        0x4 
 .text          0x0000000006013810       0x60 /home/sansigolo/Documents/joengine/Compiler/SH_NONE_ELF/bin/../lib/gcc/sh-none-elf/8.2.0/libgcc.a(_udiv_qrnnd_16.o)
                0x0000000006013810                __udiv_qrnnd_16
 .text          0x0000000006013870        0x0 /home/sansigolo/Documents/joengine/Compiler/SH_NONE_ELF/bin/../lib/gcc/sh-none-elf/8.2.0/libgcc.a(_clz.o)
 .text          0x0000000006013870       0x58 /home/sansigolo/Documents/joengine/Compiler/SH_NONE_ELF/bin/../lib/gcc/sh-none-elf/8.2.0/libgcc.a(_clzsi2.o)
                0x0000000006013870                __clzsi2
 .text          0x00000000060138c8      0x25c /home/sansigolo/Documents/joengine/Compiler/SH_NONE_ELF/bin/../lib/gcc/sh-none-elf/8.2.0/libgcc.a(_pack_df.o)
                0x00000000060138c8                __pack_d
 .text          0x0000000006013b24       0xcc /home/sansigolo/Documents/joengine/Compiler/SH_NONE_ELF/bin/../lib/gcc/sh-none-elf/8.2.0/libgcc.a(_unpack_df.o)
                0x0000000006013b24                __unpack_d
 .text          0x0000000006013bf0       0xc8 /home/sansigolo/Documents/joengine/Compiler/SH_NONE_ELF/bin/../lib/gcc/sh-none-elf/8.2.0/libgcc.a(_fpcmp_parts_df.o)
                0x0000000006013bf0                __fpcmp_parts_d
 *(.strings)
                0x0000000006013cb8                __etext = .

.text.startup   0x0000000006013cb8      0x484
 .text.startup  0x0000000006013cb8      0x484 /tmp/ccIJXqGy.ltrans0.ltrans.o
                0x0000000006013cb8                main

.rodata         0x0000000006014140      0x63c
 *(.rodata)
 .rodata        0x0000000006014140      0x12c /tmp/ccIJXqGy.ltrans0.ltrans.o
 .rodata        0x000000000601426c       0x10 /home/sansigolo/Documents/joengine/Compiler/SH_NONE_ELF/bin/../lib/gcc/sh-none-elf/8.2.0/libgcc.a(_thenan_sf.o)
                0x000000000601426c                __thenan_sf
 .rodata        0x000000000601427c       0x20 /home/sansigolo/Documents/joengine/Compiler/SH_NONE_ELF/bin/../lib/gcc/sh-none-elf/8.2.0/../../../../sh-none-elf/lib/libc.a(lib_a-svfprintf.o)
 .rodata        0x000000000601429c        0x4 /home/sansigolo/Documents/joengine/Compiler/SH_NONE_ELF/bin/../lib/gcc/sh-none-elf/8.2.0/../../../../sh-none-elf/lib/libc.a(lib_a-impure.o)
                0x000000000601429c                _global_impure_ptr
 .rodata        0x00000000060142a0      0x124 /home/sansigolo/Documents/joengine/Compiler/SH_NONE_ELF/bin/../lib/gcc/sh-none-elf/8.2.0/../../../../sh-none-elf/lib/libc.a(lib_a-mprec.o)
                0x00000000060142ac                __mprec_tinytens
                0x00000000060142d4                __mprec_bigtens
                0x00000000060142fc                __mprec_tens
 .rodata        0x00000000060143c4       0x20 /home/sansigolo/Documents/joengine/Compiler/SH_NONE_ELF/bin/../lib/gcc/sh-none-elf/8.2.0/../../../../sh-none-elf/lib/libc.a(lib_a-svfiprintf.o)
 .rodata        0x00000000060143e4      0x284 /home/sansigolo/Documents/joengine/Compiler/SH_NONE_ELF/bin/../lib/gcc/sh-none-elf/8.2.0/../../../../sh-none-elf/lib/libc.a(lib_a-ctype_.o)
                0x00000000060143e4                _ctype_
                0x00000000060144e8                _ctype_b
 .rodata        0x0000000006014668       0x14 /home/sansigolo/Documents/joengine/Compiler/SH_NONE_ELF/bin/../lib/gcc/sh-none-elf/8.2.0/libgcc.a(_thenan_df.o)
                0x0000000006014668                __thenan_df
 .rodata        0x000000000601467c      0x100 /home/sansigolo/Documents/joengine/Compiler/SH_NONE_ELF/bin/../lib/gcc/sh-none-elf/8.2.0/libgcc.a(_clz.o)
                0x000000000601467c                __clz_tab

.rodata.str1.4  0x000000000601477c     0x1e6e
 .rodata.str1.4
                0x000000000601477c     0x1dfc /tmp/ccIJXqGy.ltrans0.ltrans.o
                                       0x1e55 (size before relaxing)
 .rodata.str1.4
                0x0000000006016578       0x3a /home/sansigolo/Documents/joengine/Compiler/SH_NONE_ELF/bin/../lib/gcc/sh-none-elf/8.2.0/../../../../sh-none-elf/lib/libc.a(lib_a-svfprintf.o)
 *fill*         0x00000000060165b2        0x2 
 .rodata.str1.4
                0x00000000060165b4        0xd /home/sansigolo/Documents/joengine/Compiler/SH_NONE_ELF/bin/../lib/gcc/sh-none-elf/8.2.0/../../../../sh-none-elf/lib/libc.a(lib_a-dtoa.o)
                                         0x12 (size before relaxing)
 *fill*         0x00000000060165c1        0x3 
 .rodata.str1.4
                0x00000000060165c4        0xa /home/sansigolo/Documents/joengine/Compiler/SH_NONE_ELF/bin/../lib/gcc/sh-none-elf/8.2.0/../../../../sh-none-elf/lib/libc.a(lib_a-locale.o)
                                         0x12 (size before relaxing)
 .rodata.str1.4
                0x00000000060165ce       0x25 /home/sansigolo/Documents/joengine/Compiler/SH_NONE_ELF/bin/../lib/gcc/sh-none-elf/8.2.0/../../../../sh-none-elf/lib/libc.a(lib_a-svfiprintf.o)
 *fill*         0x00000000060165ce        0x2 
 .rodata.str1.4
                0x00000000060165d0       0x1a /home/sansigolo/Documents/joengine/Compiler/SH_NONE_ELF/bin/../lib/gcc/sh-none-elf/8.2.0/../../../../sh-none-elf/lib/libc.a(lib_a-syscalls.o)

.eh_frame       0x00000000060165ec      0x170
 .eh_frame      0x00000000060165ec       0xa8 /home/sansigolo/Documents/joengine/Compiler/SH_NONE_ELF/bin/../lib/gcc/sh-none-elf/8.2.0/libgcc.a(_udivdi3.o)
 .eh_frame      0x0000000006016694       0xc8 /home/sansigolo/Documents/joengine/Compiler/SH_NONE_ELF/bin/../lib/gcc/sh-none-elf/8.2.0/libgcc.a(_umoddi3.o)
                                         0xdc (size before relaxing)

.rela.dyn       0x000000000601675c        0x0
 .rela.text     0x000000000601675c        0x0 /home/sansigolo/Documents/joengine/Compiler/SH_NONE_ELF/bin/../lib/gcc/sh-none-elf/8.2.0/../../../../sh-none-elf/lib/libc.a(lib_a-sbrkr.o)
 .rela.text.startup
                0x000000000601675c        0x0 /home/sansigolo/Documents/joengine/Compiler/SH_NONE_ELF/bin/../lib/gcc/sh-none-elf/8.2.0/../../../../sh-none-elf/lib/libc.a(lib_a-sbrkr.o)

SLPROG          0x0000000006016760    0x11720
                0x0000000006016760                __slprog_start = .
 *(SLPROG)
 SLPROG         0x0000000006016760     0x6540 ../../Compiler/SGL_302j/LIB_COFF/SGLAREA.O
                0x0000000006016760                MasterStack
                0x0000000006016764                SlaveStack
                0x0000000006016768                MaxVertices
                0x000000000601676a                MaxPolygons
                0x000000000601676c                SortList
                0x0000000006016770                SortListSize
                0x0000000006016774                TransList
                0x0000000006016778                Zbuffer
                0x000000000601677c                SpriteBuf
                0x0000000006016780                SpriteBufSize
                0x0000000006016784                Pbuffer
                0x0000000006016788                CommandBuf
                0x000000000601678c                CLOfstBuf
                0x0000000006016790                PCM_Work
                0x0000000006016794                PCM_WkSize
                0x0000000006016798                MaxEvents
                0x000000000601679a                EventSize
                0x000000000601679c                MaxWorks
                0x000000000601679e                WorkSize
                0x00000000060167a0                RemainEvent
                0x00000000060168a0                RemainWork
                0x0000000006016ca0                EventBuf
                0x0000000006018ca0                WorkBuf
 SLPROG         0x000000000601cca0       0x18 ../../Compiler/SGL_302j/LIB_COFF/LIBSGL.A(sglA15.o)
                0x000000000601cca0                slSlaveFunc
 *fill*         0x000000000601ccb8        0x8 
 SLPROG         0x000000000601ccc0      0x42c ../../Compiler/SGL_302j/LIB_COFF/LIBSGL.A(sglA20.o)
                0x000000000601ccc0                slInitMatrix
                0x000000000601ccca                slPushUnitMatrix
                0x000000000601ccde                slUnitMatrix
 *fill*         0x000000000601d0ec        0x4 
 SLPROG         0x000000000601d0f0       0x48 ../../Compiler/SGL_302j/LIB_COFF/LIBSGL.A(sglA21.o)
                0x000000000601d0f0                slPushMatrix
                0x000000000601d124                slPopMatrix
                0x000000000601d124                slDecMatrixPtr
 *fill*         0x000000000601d138        0x8 
 SLPROG         0x000000000601d140       0x50 ../../Compiler/SGL_302j/LIB_COFF/LIBSGL.A(sglA27.o)
                0x000000000601d140                slTranslate
 SLPROG         0x000000000601d190       0x20 ../../Compiler/SGL_302j/LIB_COFF/LIBSGL.A(sglB001.o)
                0x000000000601d190                slTVOn
                0x000000000601d19a                slTVOff
 SLPROG         0x000000000601d1b0       0x24 ../../Compiler/SGL_302j/LIB_COFF/LIBSGL.A(sglB011.o)
                0x000000000601d1b0                slBitMapNbg1
 *fill*         0x000000000601d1d4        0xc 
 SLPROG         0x000000000601d1e0      0x40c ../../Compiler/SGL_302j/LIB_COFF/LIBSGL.A(sglB015.o)
                0x000000000601d1e0                slScrAutoDisp
 *fill*         0x000000000601d5ec        0x4 
 SLPROG         0x000000000601d5f0        0xc ../../Compiler/SGL_302j/LIB_COFF/LIBSGL.A(sglB016.o)
                0x000000000601d5f0                slBack1ColSet
 *fill*         0x000000000601d5fc        0x4 
 SLPROG         0x000000000601d600       0xb4 ../../Compiler/SGL_302j/LIB_COFF/LIBSGL.A(sglB032.o)
                0x000000000601d600                slMapNbg1
 *fill*         0x000000000601d6b4        0xc 
 SLPROG         0x000000000601d6c0        0xc ../../Compiler/SGL_302j/LIB_COFF/LIBSGL.A(sglB053.o)
                0x000000000601d6c0                slZoomNbg1
 *fill*         0x000000000601d6cc        0x4 
 SLPROG         0x000000000601d6d0        0xc ../../Compiler/SGL_302j/LIB_COFF/LIBSGL.A(sglB056.o)
                0x000000000601d6d0                slPlaneNbg1
 *fill*         0x000000000601d6dc        0x4 
 SLPROG         0x000000000601d6e0        0xc ../../Compiler/SGL_302j/LIB_COFF/LIBSGL.A(sglB063.o)
                0x000000000601d6e0                slPriority
 *fill*         0x000000000601d6ec        0x4 
 SLPROG         0x000000000601d6f0      0x114 ../../Compiler/SGL_302j/LIB_COFF/LIBSGL.A(sglB200.o)
                0x000000000601d6f0                slCharRbg0
                0x000000000601d6fc                slCharNbg0
                0x000000000601d708                slCharNbg1
                0x000000000601d714                slCharNbg2
                0x000000000601d72a                slCharNbg3
                0x000000000601d742                slPageRbg0
                0x000000000601d758                slPageNbg1
                0x000000000601d760                slPageNbg2
                0x000000000601d768                slPageNbg3
                0x000000000601d774                slPageNbg0
 *fill*         0x000000000601d804        0xc 
 SLPROG         0x000000000601d810       0x78 ../../Compiler/SGL_302j/LIB_COFF/LIBSGL.A(sglC05.o)
                0x000000000601d810                slSetSprite
 *fill*         0x000000000601d888        0x8 
 SLPROG         0x000000000601d890       0xfa ../../Compiler/SGL_302j/LIB_COFF/LIBSGL.A(sglC06.o)
                0x000000000601d890                slDispSprite
 *fill*         0x000000000601d98a        0x6 
 SLPROG         0x000000000601d990      0x162 ../../Compiler/SGL_302j/LIB_COFF/LIBSGL.A(sglC07.o)
                0x000000000601d996                slPutSprite
 *fill*         0x000000000601daf2        0xe 
 SLPROG         0x000000000601db00     0x1218 ../../Compiler/SGL_302j/LIB_COFF/LIBSGL.A(sglC08.o)
                0x000000000601db00                slPutPolygon
                0x000000000601e77c                MsCalcDepthFlat
 *fill*         0x000000000601ed18        0x8 
 SLPROG         0x000000000601ed20       0x40 ../../Compiler/SGL_302j/LIB_COFF/LIBSGL.A(sglC20.o)
                0x000000000601ed20                SpriteEntry
 SLPROG         0x000000000601ed60       0x84 ../../Compiler/SGL_302j/LIB_COFF/LIBSGL.A(sglD00.o)
                0x000000000601ed60                slDMACopy
                0x000000000601ed60                slCpuDMACopy
                0x000000000601edba                slCashPurge
                0x000000000601edba                CSH_AllClr
 *fill*         0x000000000601ede4        0xc 
 SLPROG         0x000000000601edf0       0xa0 ../../Compiler/SGL_302j/LIB_COFF/LIBSGL.A(sglD01.o)
                0x000000000601edf0                slDMAXCopy
 SLPROG         0x000000000601ee90        0xc ../../Compiler/SGL_302j/LIB_COFF/LIBSGL.A(sglD03.o)
                0x000000000601ee90                slDMAStatus
 *fill*         0x000000000601ee9c        0x4 
 SLPROG         0x000000000601eea0       0x20 ../../Compiler/SGL_302j/LIB_COFF/LIBSGL.A(sglD15.o)
                0x000000000601eea0                CSH_Purge
 SLPROG         0x000000000601eec0       0x84 ../../Compiler/SGL_302j/LIB_COFF/LIBSGL.A(sglD16.o)
                0x000000000601eec0                DMA_ScuSetPrm
                0x000000000601ef08                DMA_SCU_PRM0
 *fill*         0x000000000601ef44        0xc 
 SLPROG         0x000000000601ef50       0x88 ../../Compiler/SGL_302j/LIB_COFF/LIBSGL.A(sglD17.o)
                0x000000000601ef50                DMA_ScuStart
 *fill*         0x000000000601efd8        0x8 
 SLPROG         0x000000000601efe0       0x34 ../../Compiler/SGL_302j/LIB_COFF/LIBSGL.A(sglD18.o)
                0x000000000601efe0                DMA_ScuGetStatus
 *fill*         0x000000000601f014        0xc 
 SLPROG         0x000000000601f020       0x4e ../../Compiler/SGL_302j/LIB_COFF/LIBSGL.A(sglF00.o)
                0x000000000601f020                slCurScrn
                0x000000000601f030                slCurColor
                0x000000000601f03a                slLocate
                0x000000000601f06c                CurrentScreen
 *fill*         0x000000000601f06e        0x2 
 SLPROG         0x000000000601f070       0x1c ../../Compiler/SGL_302j/LIB_COFF/LIBSGL.A(sglF05.o)
                0x000000000601f070                slPrint
 *fill*         0x000000000601f08c        0x4 
 SLPROG         0x000000000601f090      0xfc8 ../../Compiler/SGL_302j/LIB_COFF/LIBSGL.A(sglH00.o)
                0x000000000601f0a8                slGetPortDir1
                0x000000000601f0b0                slGetPortDir2
                0x000000000601f0b8                slSetPortDir1
                0x000000000601f0e2                slSetPortDir2
                0x000000000601f11c                slGetPortData1
                0x000000000601f124                slGetPortData2
                0x000000000601f12c                slSetPortData1
                0x000000000601f136                slSetPortData2
                0x000000000601f148                slGetPortSelect1
                0x000000000601f152                slGetPortSelect2
                0x000000000601f15c                slSetPortSelect1
                0x000000000601f190                slSetPortSelect2
                0x000000000601f1cc                slGetPortExt1
                0x000000000601f1d6                slGetPortExt2
                0x000000000601f1e0                slSetPortExt1
                0x000000000601f210                slSetPortExt2
                0x000000000601f384                slSmpcDirectAccess
                0x000000000601f404                slInitPeripheral
                0x000000000601f496                slSetResultBuffer
                0x000000000601f522                slCheckIntBackSet
                0x000000000601f52e                slIntBackCancel
                0x000000000601f558                slCheckReset
                0x000000000601f562                slClearReset
                0x000000000601f728                slSmpcCashSend
                0x000000000601f7e4                slSmpcCashBlow
                0x000000000601f8c0                slGetOptimize
                0x000000000601f8ca                slSetOptimize
                0x000000000601f8f0                slGetPortMode1
                0x000000000601f8fc                slGetPortMode2
                0x000000000601f90a                slSetPortMode1
                0x000000000601f948                slSetPortMode2
                0x000000000601fad4                slRequestCommand
                0x000000000601fb44                Smpc_Status
                0x000000000601fb48                Smpc_Result
                0x000000000601fb4c                Smpc_Peripheral
                0x000000000601fb52                Per_Connect1
                0x000000000601fb53                Per_Connect2
                0x000000000601fb74                SmpcStatusBuf
 *fill*         0x0000000006020058        0x8 
 SLPROG         0x0000000006020060       0xa8 ../../Compiler/SGL_302j/LIB_COFF/LIBSGL.A(sglH01.o)
                0x0000000006020060                slGetLanguage
                0x000000000602006a                slSetLanguage
                0x000000000602008c                slGetSoundEffect
                0x0000000006020098                slSetSoundEffect
                0x00000000060200b4                slGetSoundOutput
                0x00000000060200c0                slSetSoundOutput
                0x00000000060200dc                slGetHelpWindow
                0x00000000060200e8                slSetHelpWindow
 *fill*         0x0000000006020108        0x8 
 SLPROG         0x0000000006020110      0x470 ../../Compiler/SGL_302j/LIB_COFF/LIBSGL.A(sglH02.o)
                0x0000000006020500                smpc_pfr_tbl
                0x0000000006020540                smpc_ptf_tbl
 SLPROG         0x0000000006020580       0x60 ../../Compiler/SGL_302j/LIB_COFF/LIBSGL.A(sglH04.o)
                0x0000000006020580                slComPrmIntBack
                0x0000000006020594                slComPrmSetMemory
                0x00000000060205aa                slComPrmSetTime
 SLPROG         0x00000000060205e0      0x3a4 ../../Compiler/SGL_302j/LIB_COFF/LIBSGL.A(sglI01.o)
                0x00000000060205e0                slInitSynch
                0x00000000060205fa                slSynch
                0x00000000060206f0                slRandom
                0x000000000602070e                PCM_EndCheck
                0x00000000060207ca                RetPCMBuf
                0x0000000006020864                PCM_Buf
                0x0000000006020904                Sound_Buf
 *fill*         0x0000000006020984        0xc 
 SLPROG         0x0000000006020990       0x74 ../../Compiler/SGL_302j/LIB_COFF/LIBSGL.A(sglJ00.o)
                0x0000000006020990                InitSlaveSH
                0x00000000060209f8                SlaveCommand
 *fill*         0x0000000006020a04        0xc 
 SLPROG         0x0000000006020a10      0x3d0 ../../Compiler/SGL_302j/LIB_COFF/LIBSGL.A(sglJ01.o)
                0x0000000006020a10                SlaveControl
                0x0000000006020dcc                ErasePolygonData
 SLPROG         0x0000000006020de0     0x12b8 ../../Compiler/SGL_302j/LIB_COFF/LIBSGL.A(sglJ02.o)
                0x0000000006020de0                sbMakePolygon
                0x0000000006020fc8                sbCalcPolygon
                0x0000000006021d00                SetTexture
                0x0000000006021d0c                SetPolygon
                0x0000000006021d14                SetPosition
                0x0000000006021d4c                stvtc_4
                0x0000000006021e04                stvtc_3
                0x0000000006022014                stvtc_1
                0x0000000006022028                stvtc_2
                0x000000000602203c                stvtc_0
 *fill*         0x0000000006022098        0x8 
 SLPROG         0x00000000060220a0      0x140 ../../Compiler/SGL_302j/LIB_COFF/LIBSGL.A(sglJ03.o)
                0x00000000060220a0                sbMakeDMATable
 SLPROG         0x00000000060221e0      0x470 ../../Compiler/SGL_302j/LIB_COFF/LIBSGL.A(sglJ04.o)
                0x000000000602223e                sbMakeSprite
                0x00000000060222a4                sbMakeRotSprite
 SLPROG         0x0000000006022650       0x3c ../../Compiler/SGL_302j/LIB_COFF/LIBSGL.A(sglJ05.o)
                0x0000000006022650                sbSortEntry
 *fill*         0x000000000602268c        0x4 
 SLPROG         0x0000000006022690       0x6a ../../Compiler/SGL_302j/LIB_COFF/LIBSGL.A(sglM01.o)
                0x0000000006022690                slSetDepthLimit
                0x00000000060226bc                slSetDepthTbl
                0x00000000060226ec                DepthWorkArea
 *fill*         0x00000000060226fa        0x6 
 SLPROG         0x0000000006022700       0x20 ../../Compiler/SGL_302j/LIB_COFF/LIBSGL.A(sglA00.o)
                0x0000000006022700                set_imask
                0x0000000006022700                _builtin_set_imask
                0x0000000006022714                get_imask
                0x0000000006022714                _builtin_get_imask
 SLPROG         0x0000000006022720     0x411e ../../Compiler/SGL_302j/LIB_COFF/LIBSGL.A(sglA01.o)
                0x0000000006022720                slSin
                0x0000000006022744                slCos
                0x0000000006022768                GetSinCos
                0x00000000060227fc                sin_cos_index_tbl
                0x000000000602283c                sin_tbl
 *fill*         0x000000000602683e        0x2 
 SLPROG         0x0000000006026840      0xbd0 ../../Compiler/SGL_302j/LIB_COFF/LIBSGL.A(sglB000.o)
                0x0000000006026840                slInitScroll
                0x0000000006026960                setASC_1to8
                0x0000000006026990                setASC_4to8
                0x0000000006026aa0                TVSizeTbl
                0x0000000006026b20                TVModeTbl
                0x0000000006026cf8                SGL_ASCII_CG
 SLPROG         0x0000000006027410       0xd4 ../../Compiler/SGL_302j/LIB_COFF/LIBSGL.A(sglB035.o)
                0x0000000006027410                sl1MapRA
                0x00000000060274a2                rbank_set
 *fill*         0x00000000060274e4        0xc 
 SLPROG         0x00000000060274f0      0x134 ../../Compiler/SGL_302j/LIB_COFF/LIBSGL.A(sglC00.o)
                0x00000000060274f0                slInitSprite
 *fill*         0x0000000006027624        0xc 
 SLPROG         0x0000000006027630      0x75c ../../Compiler/SGL_302j/LIB_COFF/LIBSGL.A(sglI00.o)
                0x0000000006027920                slInitInterrupt
 *fill*         0x0000000006027d8c        0x4 
 SLPROG         0x0000000006027d90       0xf0 ../../Compiler/SGL_302j/LIB_COFF/LIBSGL.A(sglH03.o)
                0x0000000006027df4                slSmpcIntBack
                0x0000000006027e80                __slprog_end = .

.tors           0x0000000006027e80        0x0
                0x0000000006027e80                ___ctors = .
 *(.ctors)
                0x0000000006027e80                ___ctors_end = .
                0x0000000006027e80                ___dtors = .
 *(.dtors)
                0x0000000006027e80                ___dtors_end = .

.data           0x0000000006027e80      0x624
 *(.data)
 .data          0x0000000006027e80        0x0 ../../Compiler/SGL_302j/LIB_COFF/SGLAREA.O
 .data          0x0000000006027e80        0xc /tmp/ccIJXqGy.ltrans0.ltrans.o
 *fill*         0x0000000006027e8c        0x4 
 .data          0x0000000006027e90        0x0 ../../Compiler/SGL_302j/LIB_COFF/SEGA_SYS.A(sys_exit.o)
 .data          0x0000000006027e90        0x0 ../../Compiler/SGL_302j/LIB_COFF/SEGA_SYS.A(sys_sub.o)
 .data          0x0000000006027e90        0x0 ../../Compiler/SGL_302j/LIB_COFF/LIBCD.A(CDC_CMN.O)
 .data          0x0000000006027e90        0x0 ../../Compiler/SGL_302j/LIB_COFF/LIBCD.A(CDC_CFS.O)
 .data          0x0000000006027e90        0x0 ../../Compiler/SGL_302j/LIB_COFF/LIBCD.A(CDC_REG.O)
 .data          0x0000000006027e90        0x0 ../../Compiler/SGL_302j/LIB_COFF/LIBCD.A(CDC_SUB.O)
 .data          0x0000000006027e90        0x0 ../../Compiler/SGL_302j/LIB_COFF/LIBCD.A(GFS.O)
 .data          0x0000000006027e90        0x0 ../../Compiler/SGL_302j/LIB_COFF/LIBCD.A(GFS_BUF.O)
 .data          0x0000000006027e90        0x0 ../../Compiler/SGL_302j/LIB_COFF/LIBCD.A(GFS_CDB.O)
 .data          0x0000000006027e90        0x0 ../../Compiler/SGL_302j/LIB_COFF/LIBCD.A(GFS_CDC.O)
 .data          0x0000000006027e90        0x0 ../../Compiler/SGL_302j/LIB_COFF/LIBCD.A(GFS_CDF.O)
 .data          0x0000000006027e90        0x0 ../../Compiler/SGL_302j/LIB_COFF/LIBCD.A(GFS_DIR.O)
 .data          0x0000000006027e90        0x0 ../../Compiler/SGL_302j/LIB_COFF/LIBCD.A(GFS_TRN.O)
 .data          0x0000000006027e90        0x0 ../../Compiler/SGL_302j/LIB_COFF/LIBCD.A(CDC_DRV.O)
 .data          0x0000000006027e90        0x0 ../../Compiler/SGL_302j/LIB_COFF/LIBCD.A(CDC_DEV.O)
 .data          0x0000000006027e90        0x0 ../../Compiler/SGL_302j/LIB_COFF/LIBCD.A(CDC_SEL.O)
 .data          0x0000000006027e90        0x0 ../../Compiler/SGL_302j/LIB_COFF/LIBCD.A(CDC_BIF.O)
 .data          0x0000000006027e90        0x0 ../../Compiler/SGL_302j/LIB_COFF/LIBCD.A(CDC_BIO.O)
 .data          0x0000000006027e90        0x0 ../../Compiler/SGL_302j/LIB_COFF/LIBSGL.A(sglA15.o)
 .data          0x0000000006027e90        0x0 ../../Compiler/SGL_302j/LIB_COFF/LIBSGL.A(sglA20.o)
 .data          0x0000000006027e90        0x0 ../../Compiler/SGL_302j/LIB_COFF/LIBSGL.A(sglA21.o)
 .data          0x0000000006027e90        0x0 ../../Compiler/SGL_302j/LIB_COFF/LIBSGL.A(sglA27.o)
 .data          0x0000000006027e90        0x0 ../../Compiler/SGL_302j/LIB_COFF/LIBSGL.A(sglB001.o)
 .data          0x0000000006027e90        0x0 ../../Compiler/SGL_302j/LIB_COFF/LIBSGL.A(sglB011.o)
 .data          0x0000000006027e90        0x0 ../../Compiler/SGL_302j/LIB_COFF/LIBSGL.A(sglB015.o)
 .data          0x0000000006027e90        0x0 ../../Compiler/SGL_302j/LIB_COFF/LIBSGL.A(sglB016.o)
 .data          0x0000000006027e90        0x0 ../../Compiler/SGL_302j/LIB_COFF/LIBSGL.A(sglB032.o)
 .data          0x0000000006027e90        0x0 ../../Compiler/SGL_302j/LIB_COFF/LIBSGL.A(sglB053.o)
 .data          0x0000000006027e90        0x0 ../../Compiler/SGL_302j/LIB_COFF/LIBSGL.A(sglB056.o)
 .data          0x0000000006027e90        0x0 ../../Compiler/SGL_302j/LIB_COFF/LIBSGL.A(sglB063.o)
 .data          0x0000000006027e90        0x0 ../../Compiler/SGL_302j/LIB_COFF/LIBSGL.A(sglB200.o)
 .data          0x0000000006027e90        0x0 ../../Compiler/SGL_302j/LIB_COFF/LIBSGL.A(sglC05.o)
 .data          0x0000000006027e90        0x0 ../../Compiler/SGL_302j/LIB_COFF/LIBSGL.A(sglC06.o)
 .data          0x0000000006027e90        0x0 ../../Compiler/SGL_302j/LIB_COFF/LIBSGL.A(sglC07.o)
 .data          0x0000000006027e90        0x0 ../../Compiler/SGL_302j/LIB_COFF/LIBSGL.A(sglC08.o)
 .data          0x0000000006027e90        0x0 ../../Compiler/SGL_302j/LIB_COFF/LIBSGL.A(sglC20.o)
 .data          0x0000000006027e90        0x0 ../../Compiler/SGL_302j/LIB_COFF/LIBSGL.A(sglD00.o)
 .data          0x0000000006027e90        0x0 ../../Compiler/SGL_302j/LIB_COFF/LIBSGL.A(sglD01.o)
 .data          0x0000000006027e90        0x0 ../../Compiler/SGL_302j/LIB_COFF/LIBSGL.A(sglD03.o)
 .data          0x0000000006027e90        0x0 ../../Compiler/SGL_302j/LIB_COFF/LIBSGL.A(sglD15.o)
 .data          0x0000000006027e90        0x0 ../../Compiler/SGL_302j/LIB_COFF/LIBSGL.A(sglD16.o)
 .data          0x0000000006027e90        0x0 ../../Compiler/SGL_302j/LIB_COFF/LIBSGL.A(sglD17.o)
 .data          0x0000000006027e90        0x0 ../../Compiler/SGL_302j/LIB_COFF/LIBSGL.A(sglD18.o)
 .data          0x0000000006027e90        0x0 ../../Compiler/SGL_302j/LIB_COFF/LIBSGL.A(sglF00.o)
 .data          0x0000000006027e90        0x0 ../../Compiler/SGL_302j/LIB_COFF/LIBSGL.A(sglF05.o)
 .data          0x0000000006027e90        0x0 ../../Compiler/SGL_302j/LIB_COFF/LIBSGL.A(sglH00.o)
 .data          0x0000000006027e90        0x0 ../../Compiler/SGL_302j/LIB_COFF/LIBSGL.A(sglH01.o)
 .data          0x0000000006027e90        0x0 ../../Compiler/SGL_302j/LIB_COFF/LIBSGL.A(sglH02.o)
 .data          0x0000000006027e90        0x0 ../../Compiler/SGL_302j/LIB_COFF/LIBSGL.A(sglH04.o)
 .data          0x0000000006027e90        0x0 ../../Compiler/SGL_302j/LIB_COFF/LIBSGL.A(sglI01.o)
 .data          0x0000000006027e90       0x80 ../../Compiler/SGL_302j/LIB_COFF/LIBSGL.A(sglIc0.o)
                0x0000000006027e90                IntPrioMask
 .data          0x0000000006027f10        0x0 ../../Compiler/SGL_302j/LIB_COFF/LIBSGL.A(sglJ00.o)
 .data          0x0000000006027f10        0x0 ../../Compiler/SGL_302j/LIB_COFF/LIBSGL.A(sglJ01.o)
 .data          0x0000000006027f10        0x0 ../../Compiler/SGL_302j/LIB_COFF/LIBSGL.A(sglJ02.o)
 .data          0x0000000006027f10        0x0 ../../Compiler/SGL_302j/LIB_COFF/LIBSGL.A(sglJ03.o)
 .data          0x0000000006027f10        0x0 ../../Compiler/SGL_302j/LIB_COFF/LIBSGL.A(sglJ04.o)
 .data          0x0000000006027f10        0x0 ../../Compiler/SGL_302j/LIB_COFF/LIBSGL.A(sglJ05.o)
 .data          0x0000000006027f10        0x0 ../../Compiler/SGL_302j/LIB_COFF/LIBSGL.A(sglK01.o)
 .data          0x0000000006027f10        0x0 ../../Compiler/SGL_302j/LIB_COFF/LIBSGL.A(sglM01.o)
 .data          0x0000000006027f10        0x0 ../../Compiler/SGL_302j/LIB_COFF/LIBSGL.A(sglA00.o)
 .data          0x0000000006027f10        0x0 ../../Compiler/SGL_302j/LIB_COFF/LIBSGL.A(sglA01.o)
 .data          0x0000000006027f10        0x0 ../../Compiler/SGL_302j/LIB_COFF/LIBSGL.A(sglB000.o)
 .data          0x0000000006027f10        0x0 ../../Compiler/SGL_302j/LIB_COFF/LIBSGL.A(sglB035.o)
 .data          0x0000000006027f10        0x0 ../../Compiler/SGL_302j/LIB_COFF/LIBSGL.A(sglC00.o)
 .data          0x0000000006027f10        0x0 ../../Compiler/SGL_302j/LIB_COFF/LIBSGL.A(sglI00.o)
 .data          0x0000000006027f10        0x0 ../../Compiler/SGL_302j/LIB_COFF/LIBSGL.A(sglH03.o)
 .data          0x0000000006027f10        0x0 /home/sansigolo/Documents/joengine/Compiler/SH_NONE_ELF/bin/../lib/gcc/sh-none-elf/8.2.0/libgcc.a(_ashiftrt.o)
 .data          0x0000000006027f10        0x0 /home/sansigolo/Documents/joengine/Compiler/SH_NONE_ELF/bin/../lib/gcc/sh-none-elf/8.2.0/libgcc.a(_sdivsi3.o)
 .data          0x0000000006027f10        0x0 /home/sansigolo/Documents/joengine/Compiler/SH_NONE_ELF/bin/../lib/gcc/sh-none-elf/8.2.0/libgcc.a(_udivsi3.o)
 .data          0x0000000006027f10        0x0 /home/sansigolo/Documents/joengine/Compiler/SH_NONE_ELF/bin/../lib/gcc/sh-none-elf/8.2.0/libgcc.a(_mul_sf.o)
 .data          0x0000000006027f10        0x0 /home/sansigolo/Documents/joengine/Compiler/SH_NONE_ELF/bin/../lib/gcc/sh-none-elf/8.2.0/libgcc.a(_div_sf.o)
 .data          0x0000000006027f10        0x0 /home/sansigolo/Documents/joengine/Compiler/SH_NONE_ELF/bin/../lib/gcc/sh-none-elf/8.2.0/libgcc.a(_sf_to_si.o)
 .data          0x0000000006027f10        0x0 /home/sansigolo/Documents/joengine/Compiler/SH_NONE_ELF/bin/../lib/gcc/sh-none-elf/8.2.0/libgcc.a(_thenan_sf.o)
 .data          0x0000000006027f10        0x0 /home/sansigolo/Documents/joengine/Compiler/SH_NONE_ELF/bin/../lib/gcc/sh-none-elf/8.2.0/libgcc.a(_usi_to_sf.o)
 .data          0x0000000006027f10        0x0 /home/sansigolo/Documents/joengine/Compiler/SH_NONE_ELF/bin/../lib/gcc/sh-none-elf/8.2.0/libgcc.a(_pack_sf.o)
 .data          0x0000000006027f10        0x0 /home/sansigolo/Documents/joengine/Compiler/SH_NONE_ELF/bin/../lib/gcc/sh-none-elf/8.2.0/libgcc.a(_unpack_sf.o)
 .data          0x0000000006027f10        0x0 /home/sansigolo/Documents/joengine/Compiler/SH_NONE_ELF/bin/../lib/gcc/sh-none-elf/8.2.0/../../../../sh-none-elf/lib/libc.a(lib_a-memcmp.o)
 .data          0x0000000006027f10        0x0 /home/sansigolo/Documents/joengine/Compiler/SH_NONE_ELF/bin/../lib/gcc/sh-none-elf/8.2.0/../../../../sh-none-elf/lib/libc.a(lib_a-memcpy.o)
 .data          0x0000000006027f10        0x0 /home/sansigolo/Documents/joengine/Compiler/SH_NONE_ELF/bin/../lib/gcc/sh-none-elf/8.2.0/../../../../sh-none-elf/lib/libc.a(lib_a-memset.o)
 .data          0x0000000006027f10        0x0 /home/sansigolo/Documents/joengine/Compiler/SH_NONE_ELF/bin/../lib/gcc/sh-none-elf/8.2.0/../../../../sh-none-elf/lib/libc.a(lib_a-sprintf.o)
 .data          0x0000000006027f10        0x0 /home/sansigolo/Documents/joengine/Compiler/SH_NONE_ELF/bin/../lib/gcc/sh-none-elf/8.2.0/../../../../sh-none-elf/lib/libc.a(lib_a-strncmp.o)
 .data          0x0000000006027f10        0x0 /home/sansigolo/Documents/joengine/Compiler/SH_NONE_ELF/bin/../lib/gcc/sh-none-elf/8.2.0/../../../../sh-none-elf/lib/libc.a(lib_a-strncpy.o)
 .data          0x0000000006027f10        0x0 /home/sansigolo/Documents/joengine/Compiler/SH_NONE_ELF/bin/../lib/gcc/sh-none-elf/8.2.0/../../../../sh-none-elf/lib/libc.a(lib_a-svfprintf.o)
 .data          0x0000000006027f10        0x0 /home/sansigolo/Documents/joengine/Compiler/SH_NONE_ELF/bin/../lib/gcc/sh-none-elf/8.2.0/../../../../sh-none-elf/lib/libc.a(lib_a-dtoa.o)
 .data          0x0000000006027f10      0x428 /home/sansigolo/Documents/joengine/Compiler/SH_NONE_ELF/bin/../lib/gcc/sh-none-elf/8.2.0/../../../../sh-none-elf/lib/libc.a(lib_a-impure.o)
                0x0000000006027f10                _impure_ptr
 .data          0x0000000006028338        0x0 /home/sansigolo/Documents/joengine/Compiler/SH_NONE_ELF/bin/../lib/gcc/sh-none-elf/8.2.0/../../../../sh-none-elf/lib/libc.a(lib_a-localeconv.o)
 .data          0x0000000006028338      0x16c /home/sansigolo/Documents/joengine/Compiler/SH_NONE_ELF/bin/../lib/gcc/sh-none-elf/8.2.0/../../../../sh-none-elf/lib/libc.a(lib_a-locale.o)
                0x0000000006028338                __global_locale
 .data          0x00000000060284a4        0x0 /home/sansigolo/Documents/joengine/Compiler/SH_NONE_ELF/bin/../lib/gcc/sh-none-elf/8.2.0/../../../../sh-none-elf/lib/libc.a(lib_a-mbtowc_r.o)
 .data          0x00000000060284a4        0x0 /home/sansigolo/Documents/joengine/Compiler/SH_NONE_ELF/bin/../lib/gcc/sh-none-elf/8.2.0/../../../../sh-none-elf/lib/libc.a(lib_a-memchr.o)
 .data          0x00000000060284a4        0x0 /home/sansigolo/Documents/joengine/Compiler/SH_NONE_ELF/bin/../lib/gcc/sh-none-elf/8.2.0/../../../../sh-none-elf/lib/libc.a(lib_a-mprec.o)
 .data          0x00000000060284a4        0x0 /home/sansigolo/Documents/joengine/Compiler/SH_NONE_ELF/bin/../lib/gcc/sh-none-elf/8.2.0/../../../../sh-none-elf/lib/libc.a(lib_a-nano-callocr.o)
 .data          0x00000000060284a4        0x0 /home/sansigolo/Documents/joengine/Compiler/SH_NONE_ELF/bin/../lib/gcc/sh-none-elf/8.2.0/../../../../sh-none-elf/lib/libc.a(lib_a-nano-mallocr.o)
 .data          0x00000000060284a4        0x0 /home/sansigolo/Documents/joengine/Compiler/SH_NONE_ELF/bin/../lib/gcc/sh-none-elf/8.2.0/../../../../sh-none-elf/lib/libc.a(lib_a-sbrkr.o)
 .data          0x00000000060284a4        0x0 /home/sansigolo/Documents/joengine/Compiler/SH_NONE_ELF/bin/../lib/gcc/sh-none-elf/8.2.0/../../../../sh-none-elf/lib/libc.a(lib_a-strcmp.o)
 .data          0x00000000060284a4        0x0 /home/sansigolo/Documents/joengine/Compiler/SH_NONE_ELF/bin/../lib/gcc/sh-none-elf/8.2.0/../../../../sh-none-elf/lib/libc.a(lib_a-strlen.o)
 .data          0x00000000060284a4        0x0 /home/sansigolo/Documents/joengine/Compiler/SH_NONE_ELF/bin/../lib/gcc/sh-none-elf/8.2.0/../../../../sh-none-elf/lib/libc.a(lib_a-svfiprintf.o)
 .data          0x00000000060284a4        0x0 /home/sansigolo/Documents/joengine/Compiler/SH_NONE_ELF/bin/../lib/gcc/sh-none-elf/8.2.0/../../../../sh-none-elf/lib/libc.a(lib_a-syscalls.o)
 .data          0x00000000060284a4        0x0 /home/sansigolo/Documents/joengine/Compiler/SH_NONE_ELF/bin/../lib/gcc/sh-none-elf/8.2.0/../../../../sh-none-elf/lib/libc.a(lib_a-trap.o)
 .data          0x00000000060284a4        0x0 /home/sansigolo/Documents/joengine/Compiler/SH_NONE_ELF/bin/../lib/gcc/sh-none-elf/8.2.0/../../../../sh-none-elf/lib/libc.a(lib_a-wctomb_r.o)
 .data          0x00000000060284a4        0x0 /home/sansigolo/Documents/joengine/Compiler/SH_NONE_ELF/bin/../lib/gcc/sh-none-elf/8.2.0/../../../../sh-none-elf/lib/libc.a(lib_a-abort.o)
 .data          0x00000000060284a4        0x0 /home/sansigolo/Documents/joengine/Compiler/SH_NONE_ELF/bin/../lib/gcc/sh-none-elf/8.2.0/../../../../sh-none-elf/lib/libc.a(lib_a-ctype_.o)
 .data          0x00000000060284a4        0x0 /home/sansigolo/Documents/joengine/Compiler/SH_NONE_ELF/bin/../lib/gcc/sh-none-elf/8.2.0/../../../../sh-none-elf/lib/libc.a(lib_a-memmove.o)
 .data          0x00000000060284a4        0x0 /home/sansigolo/Documents/joengine/Compiler/SH_NONE_ELF/bin/../lib/gcc/sh-none-elf/8.2.0/../../../../sh-none-elf/lib/libc.a(lib_a-mlock.o)
 .data          0x00000000060284a4        0x0 /home/sansigolo/Documents/joengine/Compiler/SH_NONE_ELF/bin/../lib/gcc/sh-none-elf/8.2.0/../../../../sh-none-elf/lib/libc.a(lib_a-nano-freer.o)
 .data          0x00000000060284a4        0x0 /home/sansigolo/Documents/joengine/Compiler/SH_NONE_ELF/bin/../lib/gcc/sh-none-elf/8.2.0/../../../../sh-none-elf/lib/libc.a(lib_a-nano-reallocr.o)
 .data          0x00000000060284a4        0x0 /home/sansigolo/Documents/joengine/Compiler/SH_NONE_ELF/bin/../lib/gcc/sh-none-elf/8.2.0/../../../../sh-none-elf/lib/libc.a(lib_a-signal.o)
 .data          0x00000000060284a4        0x0 /home/sansigolo/Documents/joengine/Compiler/SH_NONE_ELF/bin/../lib/gcc/sh-none-elf/8.2.0/../../../../sh-none-elf/lib/libc.a(lib_a-signalr.o)
 .data          0x00000000060284a4        0x0 /home/sansigolo/Documents/joengine/Compiler/SH_NONE_ELF/bin/../lib/gcc/sh-none-elf/8.2.0/../../../../sh-none-elf/lib/libc.a(lib_a-nano-msizer.o)
 .data          0x00000000060284a4        0x0 /home/sansigolo/Documents/joengine/Compiler/SH_NONE_ELF/bin/../lib/gcc/sh-none-elf/8.2.0/libgcc.a(_ashiftrt_n.o)
 .data          0x00000000060284a4        0x0 /home/sansigolo/Documents/joengine/Compiler/SH_NONE_ELF/bin/../lib/gcc/sh-none-elf/8.2.0/libgcc.a(_ashiftlt.o)
 .data          0x00000000060284a4        0x0 /home/sansigolo/Documents/joengine/Compiler/SH_NONE_ELF/bin/../lib/gcc/sh-none-elf/8.2.0/libgcc.a(_lshiftrt.o)
 .data          0x00000000060284a4        0x0 /home/sansigolo/Documents/joengine/Compiler/SH_NONE_ELF/bin/../lib/gcc/sh-none-elf/8.2.0/libgcc.a(_udivdi3.o)
 .data          0x00000000060284a4        0x0 /home/sansigolo/Documents/joengine/Compiler/SH_NONE_ELF/bin/../lib/gcc/sh-none-elf/8.2.0/libgcc.a(_umoddi3.o)
 .data          0x00000000060284a4        0x0 /home/sansigolo/Documents/joengine/Compiler/SH_NONE_ELF/bin/../lib/gcc/sh-none-elf/8.2.0/libgcc.a(_addsub_df.o)
 .data          0x00000000060284a4        0x0 /home/sansigolo/Documents/joengine/Compiler/SH_NONE_ELF/bin/../lib/gcc/sh-none-elf/8.2.0/libgcc.a(_mul_df.o)
 .data          0x00000000060284a4        0x0 /home/sansigolo/Documents/joengine/Compiler/SH_NONE_ELF/bin/../lib/gcc/sh-none-elf/8.2.0/libgcc.a(_div_df.o)
 .data          0x00000000060284a4        0x0 /home/sansigolo/Documents/joengine/Compiler/SH_NONE_ELF/bin/../lib/gcc/sh-none-elf/8.2.0/libgcc.a(_eq_df.o)
 .data          0x00000000060284a4        0x0 /home/sansigolo/Documents/joengine/Compiler/SH_NONE_ELF/bin/../lib/gcc/sh-none-elf/8.2.0/libgcc.a(_ne_df.o)
 .data          0x00000000060284a4        0x0 /home/sansigolo/Documents/joengine/Compiler/SH_NONE_ELF/bin/../lib/gcc/sh-none-elf/8.2.0/libgcc.a(_gt_df.o)
 .data          0x00000000060284a4        0x0 /home/sansigolo/Documents/joengine/Compiler/SH_NONE_ELF/bin/../lib/gcc/sh-none-elf/8.2.0/libgcc.a(_ge_df.o)
 .data          0x00000000060284a4        0x0 /home/sansigolo/Documents/joengine/Compiler/SH_NONE_ELF/bin/../lib/gcc/sh-none-elf/8.2.0/libgcc.a(_lt_df.o)
 .data          0x00000000060284a4        0x0 /home/sansigolo/Documents/joengine/Compiler/SH_NONE_ELF/bin/../lib/gcc/sh-none-elf/8.2.0/libgcc.a(_le_df.o)
 .data          0x00000000060284a4        0x0 /home/sansigolo/Documents/joengine/Compiler/SH_NONE_ELF/bin/../lib/gcc/sh-none-elf/8.2.0/libgcc.a(_unord_df.o)
 .data          0x00000000060284a4        0x0 /home/sansigolo/Documents/joengine/Compiler/SH_NONE_ELF/bin/../lib/gcc/sh-none-elf/8.2.0/libgcc.a(_si_to_df.o)
 .data          0x00000000060284a4        0x0 /home/sansigolo/Documents/joengine/Compiler/SH_NONE_ELF/bin/../lib/gcc/sh-none-elf/8.2.0/libgcc.a(_df_to_si.o)
 .data          0x00000000060284a4        0x0 /home/sansigolo/Documents/joengine/Compiler/SH_NONE_ELF/bin/../lib/gcc/sh-none-elf/8.2.0/libgcc.a(_thenan_df.o)
 .data          0x00000000060284a4        0x0 /home/sansigolo/Documents/joengine/Compiler/SH_NONE_ELF/bin/../lib/gcc/sh-none-elf/8.2.0/libgcc.a(_usi_to_df.o)
 .data          0x00000000060284a4        0x0 /home/sansigolo/Documents/joengine/Compiler/SH_NONE_ELF/bin/../lib/gcc/sh-none-elf/8.2.0/libgcc.a(_udiv_qrnnd_16.o)
 .data          0x00000000060284a4        0x0 /home/sansigolo/Documents/joengine/Compiler/SH_NONE_ELF/bin/../lib/gcc/sh-none-elf/8.2.0/libgcc.a(_clz.o)
 .data          0x00000000060284a4        0x0 /home/sansigolo/Documents/joengine/Compiler/SH_NONE_ELF/bin/../lib/gcc/sh-none-elf/8.2.0/libgcc.a(_clzsi2.o)
 .data          0x00000000060284a4        0x0 /home/sansigolo/Documents/joengine/Compiler/SH_NONE_ELF/bin/../lib/gcc/sh-none-elf/8.2.0/libgcc.a(_pack_df.o)
 .data          0x00000000060284a4        0x0 /home/sansigolo/Documents/joengine/Compiler/SH_NONE_ELF/bin/../lib/gcc/sh-none-elf/8.2.0/libgcc.a(_unpack_df.o)
 .data          0x00000000060284a4        0x0 /home/sansigolo/Documents/joengine/Compiler/SH_NONE_ELF/bin/../lib/gcc/sh-none-elf/8.2.0/libgcc.a(_fpcmp_parts_df.o)
                0x00000000060284a4                __edata = .

.bss            0x00000000060284b0    0x82f1c
                0x00000000060284b0                __bstart = .
 *(.bss)
 .bss           0x00000000060284b0        0x0 ../../Compiler/SGL_302j/LIB_COFF/SGLAREA.O
 .bss           0x00000000060284b0    0x82e98 /tmp/ccIJXqGy.ltrans0.ltrans.o
 *fill*         0x00000000060ab348        0x8 
 .bss           0x00000000060ab350        0x4 ../../Compiler/SGL_302j/LIB_COFF/SEGA_SYS.A(sys_exit.o)
 *fill*         0x00000000060ab354        0xc 
 .bss           0x00000000060ab360        0x0 ../../Compiler/SGL_302j/LIB_COFF/SEGA_SYS.A(sys_sub.o)
 .bss           0x00000000060ab360        0x0 ../../Compiler/SGL_302j/LIB_COFF/LIBCD.A(CDC_CMN.O)
 .bss           0x00000000060ab360        0x0 ../../Compiler/SGL_302j/LIB_COFF/LIBCD.A(CDC_CFS.O)
 .bss           0x00000000060ab360        0x2 ../../Compiler/SGL_302j/LIB_COFF/LIBCD.A(CDC_REG.O)
 *fill*         0x00000000060ab362        0xe 
 .bss           0x00000000060ab370        0xc ../../Compiler/SGL_302j/LIB_COFF/LIBCD.A(CDC_SUB.O)
 *fill*         0x00000000060ab37c        0x4 
 .bss           0x00000000060ab380        0x0 ../../Compiler/SGL_302j/LIB_COFF/LIBCD.A(GFS.O)
 .bss           0x00000000060ab380        0x0 ../../Compiler/SGL_302j/LIB_COFF/LIBCD.A(GFS_BUF.O)
 .bss           0x00000000060ab380        0x0 ../../Compiler/SGL_302j/LIB_COFF/LIBCD.A(GFS_CDB.O)
 .bss           0x00000000060ab380        0x0 ../../Compiler/SGL_302j/LIB_COFF/LIBCD.A(GFS_CDC.O)
 .bss           0x00000000060ab380        0x0 ../../Compiler/SGL_302j/LIB_COFF/LIBCD.A(GFS_CDF.O)
 .bss           0x00000000060ab380        0x0 ../../Compiler/SGL_302j/LIB_COFF/LIBCD.A(GFS_DIR.O)
 .bss           0x00000000060ab380        0xc ../../Compiler/SGL_302j/LIB_COFF/LIBCD.A(GFS_TRN.O)
 *fill*         0x00000000060ab38c        0x4 
 .bss           0x00000000060ab390        0x0 ../../Compiler/SGL_302j/LIB_COFF/LIBCD.A(CDC_DRV.O)
 .bss           0x00000000060ab390        0x0 ../../Compiler/SGL_302j/LIB_COFF/LIBCD.A(CDC_DEV.O)
 .bss           0x00000000060ab390        0x0 ../../Compiler/SGL_302j/LIB_COFF/LIBCD.A(CDC_SEL.O)
 .bss           0x00000000060ab390        0x0 ../../Compiler/SGL_302j/LIB_COFF/LIBCD.A(CDC_BIF.O)
 .bss           0x00000000060ab390        0x0 ../../Compiler/SGL_302j/LIB_COFF/LIBCD.A(CDC_BIO.O)
 .bss           0x00000000060ab390        0x0 ../../Compiler/SGL_302j/LIB_COFF/LIBSGL.A(sglA15.o)
 .bss           0x00000000060ab390        0x0 ../../Compiler/SGL_302j/LIB_COFF/LIBSGL.A(sglA20.o)
 .bss           0x00000000060ab390        0x0 ../../Compiler/SGL_302j/LIB_COFF/LIBSGL.A(sglA21.o)
 .bss           0x00000000060ab390        0x0 ../../Compiler/SGL_302j/LIB_COFF/LIBSGL.A(sglA27.o)
 .bss           0x00000000060ab390        0x0 ../../Compiler/SGL_302j/LIB_COFF/LIBSGL.A(sglB001.o)
 .bss           0x00000000060ab390        0x0 ../../Compiler/SGL_302j/LIB_COFF/LIBSGL.A(sglB011.o)
 .bss           0x00000000060ab390        0x0 ../../Compiler/SGL_302j/LIB_COFF/LIBSGL.A(sglB015.o)
 .bss           0x00000000060ab390        0x0 ../../Compiler/SGL_302j/LIB_COFF/LIBSGL.A(sglB016.o)
 .bss           0x00000000060ab390        0x0 ../../Compiler/SGL_302j/LIB_COFF/LIBSGL.A(sglB032.o)
 .bss           0x00000000060ab390        0x0 ../../Compiler/SGL_302j/LIB_COFF/LIBSGL.A(sglB053.o)
 .bss           0x00000000060ab390        0x0 ../../Compiler/SGL_302j/LIB_COFF/LIBSGL.A(sglB056.o)
 .bss           0x00000000060ab390        0x0 ../../Compiler/SGL_302j/LIB_COFF/LIBSGL.A(sglB063.o)
 .bss           0x00000000060ab390        0x0 ../../Compiler/SGL_302j/LIB_COFF/LIBSGL.A(sglB200.o)
 .bss           0x00000000060ab390        0x0 ../../Compiler/SGL_302j/LIB_COFF/LIBSGL.A(sglC05.o)
 .bss           0x00000000060ab390        0x0 ../../Compiler/SGL_302j/LIB_COFF/LIBSGL.A(sglC06.o)
 .bss           0x00000000060ab390        0x0 ../../Compiler/SGL_302j/LIB_COFF/LIBSGL.A(sglC07.o)
 .bss           0x00000000060ab390        0x0 ../../Compiler/SGL_302j/LIB_COFF/LIBSGL.A(sglC08.o)
 .bss           0x00000000060ab390        0x0 ../../Compiler/SGL_302j/LIB_COFF/LIBSGL.A(sglC20.o)
 .bss           0x00000000060ab390        0x0 ../../Compiler/SGL_302j/LIB_COFF/LIBSGL.A(sglD00.o)
 .bss           0x00000000060ab390        0x0 ../../Compiler/SGL_302j/LIB_COFF/LIBSGL.A(sglD01.o)
 .bss           0x00000000060ab390        0x0 ../../Compiler/SGL_302j/LIB_COFF/LIBSGL.A(sglD03.o)
 .bss           0x00000000060ab390        0x0 ../../Compiler/SGL_302j/LIB_COFF/LIBSGL.A(sglD15.o)
 .bss           0x00000000060ab390        0x0 ../../Compiler/SGL_302j/LIB_COFF/LIBSGL.A(sglD16.o)
 .bss           0x00000000060ab390        0x0 ../../Compiler/SGL_302j/LIB_COFF/LIBSGL.A(sglD17.o)
 .bss           0x00000000060ab390        0x0 ../../Compiler/SGL_302j/LIB_COFF/LIBSGL.A(sglD18.o)
 .bss           0x00000000060ab390        0x0 ../../Compiler/SGL_302j/LIB_COFF/LIBSGL.A(sglF00.o)
 .bss           0x00000000060ab390        0x0 ../../Compiler/SGL_302j/LIB_COFF/LIBSGL.A(sglF05.o)
 .bss           0x00000000060ab390        0x0 ../../Compiler/SGL_302j/LIB_COFF/LIBSGL.A(sglH00.o)
 .bss           0x00000000060ab390        0x0 ../../Compiler/SGL_302j/LIB_COFF/LIBSGL.A(sglH01.o)
 .bss           0x00000000060ab390        0x0 ../../Compiler/SGL_302j/LIB_COFF/LIBSGL.A(sglH02.o)
 .bss           0x00000000060ab390        0x0 ../../Compiler/SGL_302j/LIB_COFF/LIBSGL.A(sglH04.o)
 .bss           0x00000000060ab390        0x0 ../../Compiler/SGL_302j/LIB_COFF/LIBSGL.A(sglI01.o)
 .bss           0x00000000060ab390        0x0 ../../Compiler/SGL_302j/LIB_COFF/LIBSGL.A(sglIc0.o)
 .bss           0x00000000060ab390        0x0 ../../Compiler/SGL_302j/LIB_COFF/LIBSGL.A(sglJ00.o)
 .bss           0x00000000060ab390        0x0 ../../Compiler/SGL_302j/LIB_COFF/LIBSGL.A(sglJ01.o)
 .bss           0x00000000060ab390        0x0 ../../Compiler/SGL_302j/LIB_COFF/LIBSGL.A(sglJ02.o)
 .bss           0x00000000060ab390        0x0 ../../Compiler/SGL_302j/LIB_COFF/LIBSGL.A(sglJ03.o)
 .bss           0x00000000060ab390        0x0 ../../Compiler/SGL_302j/LIB_COFF/LIBSGL.A(sglJ04.o)
 .bss           0x00000000060ab390        0x0 ../../Compiler/SGL_302j/LIB_COFF/LIBSGL.A(sglJ05.o)
 .bss           0x00000000060ab390        0x0 ../../Compiler/SGL_302j/LIB_COFF/LIBSGL.A(sglK01.o)
 .bss           0x00000000060ab390        0x0 ../../Compiler/SGL_302j/LIB_COFF/LIBSGL.A(sglM01.o)
 .bss           0x00000000060ab390        0x0 ../../Compiler/SGL_302j/LIB_COFF/LIBSGL.A(sglA00.o)
 .bss           0x00000000060ab390        0x0 ../../Compiler/SGL_302j/LIB_COFF/LIBSGL.A(sglA01.o)
 .bss           0x00000000060ab390        0x0 ../../Compiler/SGL_302j/LIB_COFF/LIBSGL.A(sglB000.o)
 .bss           0x00000000060ab390        0x0 ../../Compiler/SGL_302j/LIB_COFF/LIBSGL.A(sglB035.o)
 .bss           0x00000000060ab390        0x0 ../../Compiler/SGL_302j/LIB_COFF/LIBSGL.A(sglC00.o)