Archive member included to satisfy reference by file (symbol)

../../Compiler/SGL_302j/LIB_COFF/SEGA_SYS.A(sys_exit.o)
                              ../../jo_engine/core.o (symbol from plugin) (SYS_Exit)
../../Compiler/SGL_302j/LIB_COFF/SEGA_SYS.A(sys_sub.o)
                              ../../Compiler/SGL_302j/LIB_COFF/SEGA_SYS.A(sys_exit.o) (SYSUB_SetStackptr)
../../Compiler/SGL_302j/LIB_COFF/LIBCD.A(CDC_CMN.O)
                              ../../Compiler/SGL_302j/LIB_COFF/SEGA_SYS.A(sys_exit.o) (CDC_GetCurStat)
../../Compiler/SGL_302j/LIB_COFF/LIBCD.A(CDC_CFS.O)
                              ../../Compiler/SGL_302j/LIB_COFF/SEGA_SYS.A(sys_exit.o) (CDC_ChgDir)
../../Compiler/SGL_302j/LIB_COFF/LIBCD.A(CDC_REG.O)
                              ../../Compiler/SGL_302j/LIB_COFF/SEGA_SYS.A(sys_exit.o) (CDC_GetHirqReq)
../../Compiler/SGL_302j/LIB_COFF/LIBCD.A(CDC_SUB.O)
                              ../../Compiler/SGL_302j/LIB_COFF/LIBCD.A(CDC_CMN.O) (CDSUB_UpdStatus)
../../Compiler/SGL_302j/LIB_COFF/LIBCD.A(GFS.O)
                              ../../jo_engine/fs.o (symbol from plugin) (GFS_Init)
../../Compiler/SGL_302j/LIB_COFF/LIBCD.A(GFS_BUF.O)
                              ../../Compiler/SGL_302j/LIB_COFF/LIBCD.A(GFS.O) (GFBF_GetNumData)
../../Compiler/SGL_302j/LIB_COFF/LIBCD.A(GFS_CDB.O)
                              ../../Compiler/SGL_302j/LIB_COFF/LIBCD.A(GFS.O) (GFCB_Close)
../../Compiler/SGL_302j/LIB_COFF/LIBCD.A(GFS_CDC.O)
                              ../../Compiler/SGL_302j/LIB_COFF/LIBCD.A(GFS.O) (GFCD_SetCdbfs)
../../Compiler/SGL_302j/LIB_COFF/LIBCD.A(GFS_CDF.O)
                              ../../Compiler/SGL_302j/LIB_COFF/LIBCD.A(GFS.O) (GFCF_Init)
../../Compiler/SGL_302j/LIB_COFF/LIBCD.A(GFS_DIR.O)
                              ../../Compiler/SGL_302j/LIB_COFF/LIBCD.A(GFS.O) (GFDR_SetupDirTbl)
../../Compiler/SGL_302j/LIB_COFF/LIBCD.A(GFS_TRN.O)
                              ../../Compiler/SGL_302j/LIB_COFF/LIBCD.A(GFS.O) (GFTR_Setup)
../../Compiler/SGL_302j/LIB_COFF/LIBCD.A(CDC_DRV.O)
                              ../../Compiler/SGL_302j/LIB_COFF/LIBCD.A(GFS_CDC.O) (CDC_CdPlay)
../../Compiler/SGL_302j/LIB_COFF/LIBCD.A(CDC_DEV.O)
                              ../../Compiler/SGL_302j/LIB_COFF/LIBCD.A(GFS_CDC.O) (CDC_CdSetCon)
../../Compiler/SGL_302j/LIB_COFF/LIBCD.A(CDC_SEL.O)
                              ../../Compiler/SGL_302j/LIB_COFF/LIBCD.A(GFS_CDC.O) (CDC_SetFiltRange)
../../Compiler/SGL_302j/LIB_COFF/LIBCD.A(CDC_BIF.O)
                              ../../Compiler/SGL_302j/LIB_COFF/LIBCD.A(GFS_CDC.O) (CDC_GetBufSiz)
../../Compiler/SGL_302j/LIB_COFF/LIBCD.A(CDC_BIO.O)
                              ../../Compiler/SGL_302j/LIB_COFF/LIBCD.A(GFS_CDC.O) (CDC_SetSctLen)
../../Compiler/SGL_302j/LIB_COFF/LIBSGL.A(sglA15.o)
                              ../../jo_engine/core.o (symbol from plugin) (slSlaveFunc)
../../Compiler/SGL_302j/LIB_COFF/LIBSGL.A(sglA20.o)
                              ../../jo_engine/core.o (symbol from plugin) (slUnitMatrix)
../../Compiler/SGL_302j/LIB_COFF/LIBSGL.A(sglA21.o)
                              ../../jo_engine/map.o (symbol from plugin) (slPushMatrix)
../../Compiler/SGL_302j/LIB_COFF/LIBSGL.A(sglA27.o)
                              ../../jo_engine/map.o (symbol from plugin) (slTranslate)
../../Compiler/SGL_302j/LIB_COFF/LIBSGL.A(sglB001.o)
                              ../../jo_engine/core.o (symbol from plugin) (slTVOn)
../../Compiler/SGL_302j/LIB_COFF/LIBSGL.A(sglB011.o)
                              ../../jo_engine/core.o (symbol from plugin) (slBitMapNbg1)
../../Compiler/SGL_302j/LIB_COFF/LIBSGL.A(sglB015.o)
                              ../../jo_engine/core.o (symbol from plugin) (slScrAutoDisp)
../../Compiler/SGL_302j/LIB_COFF/LIBSGL.A(sglB016.o)
                              ../../jo_engine/core.o (symbol from plugin) (slBack1ColSet)
../../Compiler/SGL_302j/LIB_COFF/LIBSGL.A(sglB032.o)
                              ../../jo_engine/core.o (symbol from plugin) (slMapNbg1)
../../Compiler/SGL_302j/LIB_COFF/LIBSGL.A(sglB053.o)
                              ../../jo_engine/core.o (symbol from plugin) (slZoomNbg1)
../../Compiler/SGL_302j/LIB_COFF/LIBSGL.A(sglB056.o)
                              ../../jo_engine/core.o (symbol from plugin) (slPlaneNbg1)
../../Compiler/SGL_302j/LIB_COFF/LIBSGL.A(sglB063.o)
                              ../../jo_engine/core.o (symbol from plugin) (slPriority)
../../Compiler/SGL_302j/LIB_COFF/LIBSGL.A(sglB200.o)
                              ../../jo_engine/core.o (symbol from plugin) (slCharNbg0)
../../Compiler/SGL_302j/LIB_COFF/LIBSGL.A(sglC05.o)
                              ../../jo_engine/sprites.o (symbol from plugin) (slSetSprite)
../../Compiler/SGL_302j/LIB_COFF/LIBSGL.A(sglC06.o)
                              ../../jo_engine/sprites.o (symbol from plugin) (slDispSprite)
../../Compiler/SGL_302j/LIB_COFF/LIBSGL.A(sglC07.o)
                              ../../jo_engine/sprites.o (symbol from plugin) (slPutSprite)
[...]
Memory Configuration

Name             Origin             Length             Attributes
*default*        0x0000000000000000 0xffffffffffffffff

Linker script and memory map

TARGET(coff-sh)

SLSTART         0x0000000006004000       0x28
                0x0000000006004000                ___Start = .
 *(SLSTART)
 SLSTART        0x0000000006004000       0x28 ../../Compiler/SGL_302j/LIB_COFF/LIBSGL.A(sglI00.o)
                0x0000000006004000                SGL_Start
                0x0000000006004002                slStartSGL

.text           0x0000000006004040    0x14128
 *(.text)
 .text          0x0000000006004040        0x0 ../../Compiler/SGL_302j/LIB_COFF/SGLAREA.O
 .text          0x0000000006004040     0x73bc /tmp/cc8sp83o.ltrans0.ltrans.o
 *fill*         0x000000000600b3fc        0x4 
 .text          0x000000000600b400      0x238 ../../Compiler/SGL_302j/LIB_COFF/SEGA_SYS.A(sys_exit.o)
                0x000000000600b400                sys_version
                0x000000000600b420                SYS_Exit
 *fill*         0x000000000600b638        0x8 
 .text          0x000000000600b640        0x6 ../../Compiler/SGL_302j/LIB_COFF/SEGA_SYS.A(sys_sub.o)
                0x000000000600b640                SYSUB_SetStackptr
 *fill*         0x000000000600b646        0xa 
 .text          0x000000000600b650      0x3a0 ../../Compiler/SGL_302j/LIB_COFF/LIBCD.A(CDC_CMN.O)
                0x000000000600b650                CDC_GetCurStat
                0x000000000600b6a0                CDC_GetLastStat
                0x000000000600b6b8                CDC_GetPeriStat
                0x000000000600b78c                CDC_GetHwInfo
                0x000000000600b7f4                CDC_TgetToc
                0x000000000600b844                CDC_GetSes
                0x000000000600b880                CDC_CdInit
                0x000000000600b904                CDC_CdOpen
                0x000000000600b92c                CDC_DataReady
                0x000000000600b998                CDC_DataEnd
 .text          0x000000000600b9f0      0x194 ../../Compiler/SGL_302j/LIB_COFF/LIBCD.A(CDC_CFS.O)
                0x000000000600b9f0                CDC_ChgDir
                0x000000000600ba24                CDC_ReadDir
                0x000000000600ba58                CDC_GetFileScope
                0x000000000600bab8                CDC_TgetFileInfo
                0x000000000600bb14                CDC_ReadFile
                0x000000000600bb48                CDC_AbortFile
 *fill*         0x000000000600bb84        0xc 
 .text          0x000000000600bb90      0x2dc ../../Compiler/SGL_302j/LIB_COFF/LIBCD.A(CDC_REG.O)
                0x000000000600bb90                CDC_GetDataPtr
                0x000000000600bba0                CDC_GetHirqReq
                0x000000000600bbb4                CDC_ClrHirqReq
                0x000000000600bbe4                CDREG_ClrHirqReq
                0x000000000600bbf4                CDREG_InitHirqReq
                0x000000000600bc1c                CDREG_SetHirqFlag
                0x000000000600bc30                CDC_GetHirqMsk
                0x000000000600bc44                CDC_SetHirqMsk
                0x000000000600bc54                CDC_GetMpegPtr
                0x000000000600bc64                CDREG_TgetData
                0x000000000600bcc0                CDREG_CmdRsp
                0x000000000600bdc0                CDREG_WaitHirq
                0x000000000600be30                CDREG_ReadRsp
 *fill*         0x000000000600be6c        0x4 
 .text          0x000000000600be70      0x152 ../../Compiler/SGL_302j/LIB_COFF/LIBCD.A(CDC_SUB.O)
                0x000000000600be70                CDSUB_UpdStatus
                0x000000000600be88                CDSUB_UpdCdstat
                0x000000000600bea8                CDSUB_CdCmd
                0x000000000600bf18                CDSUB_GetCdstat
                0x000000000600bf58                CDSUB_RspToCdstat
                0x000000000600bfa0                CDSUB_SoftTimer
 *fill*         0x000000000600bfc2        0xe 
 .text          0x000000000600bfd0     0x1adc ../../Compiler/SGL_302j/LIB_COFF/LIBCD.A(GFS.O)
                0x000000000600bfd0                gfs_version
                0x000000000600bff0                GFS_Init
                0x000000000600c0d8                GFS_LoadDir
                0x000000000600c180                GFS_SetDir
                0x000000000600c1e8                GFS_NameToId
                0x000000000600c24c                GFS_IdToName
                0x000000000600c2b8                GFS_GetDirInfo
                0x000000000600c328                GFS_Reset
                0x000000000600c3ac                GFS_Open
                0x000000000600c460                GFS_Close
                0x000000000600c498                GFS_Seek
                0x000000000600c54c                GFS_Tell
                0x000000000600c59c                GFS_IsEof
                0x000000000600c5f0                GFS_ByteToSct
                0x000000000600c64c                GFS_GetFileSize
                0x000000000600c6a8                GFS_GetFileInfo
                0x000000000600c71c                GFS_GetNumCdbuf
                0x000000000600c744                GFS_Load
                0x000000000600c808                GFS_Fread
                0x000000000600c8a4                gfs_waitRead
                0x000000000600c94c                GFS_NwFread
                0x000000000600ca58                GFS_NwCdRead
                0x000000000600cad0                GFS_NwIsComplete
                0x000000000600cb08                GFS_NwStop
                0x000000000600cb74                GFS_NwGetStat
                0x000000000600cbf0                gfs_recovRdErr
                0x000000000600cc20                GFS_NwExecOne
                0x000000000600cce0                GFS_NwExecServer
                0x000000000600cd5c                GFS_SetGmode
                0x000000000600cdc0                GFS_SetTmode
                0x000000000600ce2c                GFS_SetReadPara
                0x000000000600ce90                GFS_SetTransPara
                0x000000000600cefc                GFS_SetTrFunc
                0x000000000600cf60                GFS_StartTrans
                0x000000000600cfac                GFS_CdMovePickup
                0x000000000600d018                GFS_SetErrFunc
                0x000000000600d044                GFS_GetErrStat
                0x000000000600d068                GFS_ConvTno
                0x000000000600d090                gfs_chgRoot
                0x000000000600d15c                gfs_aborttrans
                0x000000000600d168                gfs_mngSetupFuncTbl
                0x000000000600d19c                gfs_mngInitWork
                0x000000000600d240                gfs_mngGetNumFile
                0x000000000600d2a8                GFS_mngAllocGrp
                0x000000000600d2f0                gfs_mngFreeGrp
                0x000000000600d2fc                gfs_mngTermAccess
                0x000000000600d380                gfs_mngSetErrCode
                0x000000000600d400                gfs_svrSearchHndl
                0x000000000600d440                gfs_svrAddHndl
                0x000000000600d47c                gfs_svrRemoveHndl
                0x000000000600d4d8                GFS_OpenSub
                0x000000000600d530                gfs_loadVol
                0x000000000600d5f4                gfs_getRootDir
                0x000000000600d6f0                gfs_loadRootDir
                0x000000000600d778                gfs_flowIn
                0x000000000600d820                gfs_transData
                0x000000000600d8c4                GFS_GetFad
                0x000000000600d91c                gfs_SetSct
                0x000000000600d95c                gfs_GetFinfo
                0x000000000600d99c                gfs_closeSub
                0x000000000600d9d8                gfs_getGmode
                0x000000000600d9e4                gfs_isTaskDone
                0x000000000600da38                gfs_convFinStat
 *fill*         0x000000000600daac        0x4 
 .text          0x000000000600dab0      0x106 ../../Compiler/SGL_302j/LIB_COFF/LIBCD.A(GFS_BUF.O)
                0x000000000600dae0                GFBF_GetTranData
                0x000000000600db08                GFBF_GetNumData
                0x000000000600db38                GFBF_GetSrcPk
                0x000000000600db60                GFBF_GetSctData
                0x000000000600db84                GFBF_RtnPk
                0x000000000600dbac                gfbf_getSctDt
 *fill*         0x000000000600dbb6        0xa 
 .text          0x000000000600dbc0      0x600 ../../Compiler/SGL_302j/LIB_COFF/LIBCD.A(GFS_CDB.O)
                0x000000000600dbc0                GFCB_Setup
                0x000000000600dce0                GFCB_Close
                0x000000000600dd08                GFCB_GetLenData
                0x000000000600ddb4                GFCB_GetLenRoom
                0x000000000600ddc0                GFCB_SetFilt
                0x000000000600de28                GFCB_DeleteAllData
                0x000000000600de50                GFCB_Tell
                0x000000000600de60                gfcb_getSctNum
                0x000000000600deb0                GFCB_Seek
                0x000000000600dfac                GFCB_GetSrcPack
                0x000000000600e08c                GFCB_GetSctData
                0x000000000600e0c4                GFCB_GetDstPack
                0x000000000600e0d0                GFCB_RtnPk
                0x000000000600e118                GFCB_MovePickup
                0x000000000600e134                GFCB_SetCon
                0x000000000600e168                GFCB_GetPickup
                0x000000000600e190                GFCB_IsPuOwner
                0x000000000600e1a8                GFCB_UngetPickup
 .text          0x000000000600e1c0     0x1a10 ../../Compiler/SGL_302j/LIB_COFF/LIBCD.A(GFS_CDC.O)
                0x000000000600e1c0                GFCD_SetCdbfs
                0x000000000600e1ec                GFCD_Init
                0x000000000600e3f0                GFCD_AllocFilt
                0x000000000600e42c                GFCD_FreeFilt
                0x000000000600e45c                GFCD_AllocBuf
                0x000000000600e490                GFCD_FreeBuf
                0x000000000600e534                GFCD_GetBaseFad
                0x000000000600e568                GFCD_GetPickup
                0x000000000600e59c                GFCD_UngetPickup
                0x000000000600e5c8                GFCD_IsPuOwner
                0x000000000600e5ec                GFCD_SetFilt
                0x000000000600e6b0                GFCD_GetFilt
                0x000000000600e6f8                GFCD_SetCon
                0x000000000600e750                GFCD_Play
                0x000000000600e7b0                GFCD_GetLenData
                0x000000000600e818                GFCD_ReqData
                0x000000000600e874                GFCD_EndData
                0x000000000600e8bc                GFCD_DelSctData
                0x000000000600e914                GFCD_CheckDelSctData
                0x000000000600e944                GFCD_GetStat
                0x000000000600e9f8                GFCD_MovePickup
                0x000000000600ea44                GFCD_MoveSctData
                0x000000000600eab8                GFCD_CheckMove
                0x000000000600eadc                GFCD_GetSctInfo
                0x000000000600eb24                GFCD_ChgDir
                0x000000000600eb98                GFCD_SetFiltCon
                0x000000000600ec80                GFCD_GetFileInfo
                0x000000000600ed5c                GFCD_GetBufSiz
                0x000000000600ed94                GFCD_ExecServer
                0x000000000600ee68                gfcd_isIdleTask
                0x000000000600eef4                gfcd_doTask
                0x000000000600efa0                GFCD_SetTimer
                0x000000000600efb4                GFCD_WaitServer
                0x000000000600eff0                gfcd_doSetFiltTsk
                0x000000000600f1b4                gfcd_doSetConTsk
                0x000000000600f244                gfcd_doGetLenDataTsk
                0x000000000600f398                gfcd_doReqDataTsk
                0x000000000600f438                gfcd_doDelSctDataTsk
                0x000000000600f56c                gfcd_doMoveSctTsk
                0x000000000600f6d0                gfcd_doChgDirTsk
                0x000000000600f8cc                gfcd_doSetFiltConTsk
                0x000000000600fa10                gfcd_checkEflag
                0x000000000600fa34                gfcd_initCdbMng
                0x000000000600fab4                gfcd_setStat
                0x000000000600fae0                GFCD_SetCsctFunc
                0x000000000600fafc                GFCD_ChkScdqFlag
                0x000000000600fb20                GFCD_ClrScdqFlag
                0x000000000600fb3c                GFCD_WaitScdqFlag
                0x000000000600fb80                GFCD_WaitPause
 .text          0x000000000600fbd0      0x8d8 ../../Compiler/SGL_302j/LIB_COFF/LIBCD.A(GFS_CDF.O)
                0x000000000600fbd0                GFCF_Init
                0x000000000600fc70                GFCF_Setup
                0x000000000600fdb8                GFCF_SetSct
                0x000000000600fdfc                GFCF_GetFileInfo
                0x000000000600fe70                GFCF_FlowInBuf
                0x000000000600ffc4                GFCF_StopInBuf
                0x0000000006010064                GFCF_Recover
                0x00000000060100ac                GFCF_Tell
                0x00000000060100c4                GFCF_Seek
                0x00000000060100dc                GFCF_MovePickup
                0x0000000006010178                GFCF_cnvIntlvOfs
                0x00000000060101cc                GFCF_GetStat
                0x0000000006010264                gfcf_getSctSize
                0x00000000060102a0                gfcf_isCdOk
                0x0000000006010360                gfcf_getPlayRange
 *fill*         0x00000000060104a8        0x8 
 .text          0x00000000060104b0      0x92c ../../Compiler/SGL_302j/LIB_COFF/LIBCD.A(GFS_DIR.O)
                0x00000000060104b0                GFDR_SetupDirTbl
                0x0000000006010524                GFDR_NameToId
                0x0000000006010584                GFDR_GetInfoDirId
                0x0000000006010598                GFDR_GetInfoDirName
                0x00000000060105ac                GFDR_GetAtrDirId
                0x00000000060105c4                GFDR_GetAtrDirName
                0x00000000060105dc                GFDR_ChgRoot
                0x00000000060105f4                GFDR_ChgDir
                0x0000000006010668                gfdr_setupDirIdTbl
                0x00000000060106ec                gfdr_setupDirNameTbl
                0x0000000006010798                gfdr_open
                0x00000000060107c0                gfdr_read
                0x0000000006010880                gfdr_readByte
                0x00000000060108ac                gfdr_readWord
                0x00000000060108d8                gfdr_readWordNB
                0x000000000601092c                gfdr_readLongNB
                0x0000000006010978                gfdr_readLongNM
                0x00000000060109a0                gfdr_setNextRec
                0x0000000006010a24                gfdr_readDirEnt
                0x0000000006010da0                gfdr_setDirrecCd
 *fill*         0x0000000006010ddc        0x4 
 .text          0x0000000006010de0      0x9c6 ../../Compiler/SGL_302j/LIB_COFF/LIBCD.A(GFS_TRN.O)
                0x0000000006010e10                GFTR_Setup
                0x0000000006010e54                GFTR_SetMode
                0x0000000006010e68                GFTR_SetUnit
                0x0000000006010e74                GFTR_SetTransPara
                0x0000000006010ea8                GFTR_GetTransPara
                0x0000000006010eb4                GFTR_GetNumTrans
                0x0000000006010ec0                GFTR_SetTransMax
                0x0000000006010ecc                GFTR_Start
                0x0000000006010ed8                GFTR_Pause
                0x0000000006010ee4                GFTR_Stop
                0x0000000006010f9c                GFTR_Exec
                0x0000000006011020                GFTR_Idle
                0x0000000006011098                GFTR_ExecSvr
                0x00000000060111a0                gftr_getSrcPack
                0x0000000006011228                gftr_getDstPack
                0x0000000006011284                gftr_reqScu
                0x0000000006011290                gftr_execScu
                0x000000000601132c                gftr_remScu
                0x0000000006011360                gfdma_canUse
                0x000000000601136c                gfdma_exec
                0x00000000060113dc                gfdma_getBytecnt
                0x0000000006011414                gftr_reqDma0
                0x000000000601142c                gftr_execSdma0
                0x0000000006011450                gftr_remDma0
                0x0000000006011468                gftr_reqDma1
                0x0000000006011480                gftr_execSdma1
                0x00000000060114a4                gftr_remDma1
                0x00000000060114bc                gftr_reqCpu
                0x00000000060114c8                gftr_execCpu
                0x0000000006011508                gftr_remCpu
                0x0000000006011514                gftr_reqTrn
                0x0000000006011584                gftr_execTrn
                0x000000000601165c                gftr_remTrn
                0x00000000060116d0                gftr_copyFrac
                0x00000000060116f8                GFTR_GetLenData
                0x0000000006011704                GFTR_GetLenRoom
                0x000000000601171c                GFTR_GetDstPack
                0x0000000006011750                GFTR_RtnDstPk
                0x000000000601176c                GFTR_GetData
                0x0000000006011780                GFTR_SetData
                0x0000000006011794                GFTR_SetTransFunc
 *fill*         0x00000000060117a6        0xa 
 .text          0x00000000060117b0      0x130 ../../Compiler/SGL_302j/LIB_COFF/LIBCD.A(CDC_DRV.O)
                0x00000000060117b0                CDC_CdPlay
                0x000000000601187c                CDC_CdSeek
                0x00000000060118b0                CDC_CdScan
 .text          0x00000000060118e0       0xa8 ../../Compiler/SGL_302j/LIB_COFF/LIBCD.A(CDC_DEV.O)
                0x00000000060118e0                CDC_CdSetCon
                0x0000000006011910                CDC_CdGetCon
                0x000000000601194c                CDC_CdGetLastBuf
 *fill*         0x0000000006011988        0x8 
 .text          0x0000000006011990      0x2b8 ../../Compiler/SGL_302j/LIB_COFF/LIBCD.A(CDC_SEL.O)
                0x0000000006011990                CDC_SetFiltRange
                0x00000000060119c4                CDC_GetFiltRange
                0x0000000006011a1c                CDC_SetFiltSubh
                0x0000000006011a8c                CDC_GetFiltSubh
                0x0000000006011b08                CDC_SetFiltMode
                0x0000000006011b3c                CDC_GetFiltMode
                0x0000000006011b80                CDC_SetFiltCon
                0x0000000006011bc0                CDC_GetFiltCon
                0x0000000006011c14                CDC_ResetSelector
 *fill*         0x0000000006011c48        0x8 
 .text          0x0000000006011c50      0x270 ../../Compiler/SGL_302j/LIB_COFF/LIBCD.A(CDC_BIF.O)
                0x0000000006011c50                CDC_GetBufSiz
                0x0000000006011cac                CDC_GetSctNum
                0x0000000006011cf0                CDC_CalActSiz
                0x0000000006011d2c                CDC_GetActSiz
                0x0000000006011dac                CDC_GetSctInfo
                0x0000000006011e2c                CDC_ExeFadSearch
                0x0000000006011e64                CDC_GetFadSearch
 .text          0x0000000006011ec0      0x1e4 ../../Compiler/SGL_302j/LIB_COFF/LIBCD.A(CDC_BIO.O)
                0x0000000006011ec0                CDC_SetSctLen
                0x0000000006011ef4                CDC_GetSctData
                0x0000000006011f30                CDC_DelSctData
                0x0000000006011f6c                CDC_GetdelSctData
                0x0000000006011fa8                CDC_PutSctData
                0x0000000006011fe0                CDC_CopySctData
                0x0000000006012024                CDC_MoveSctData
                0x0000000006012068                CDC_GetCopyErr
 *fill*         0x00000000060120a4        0xc 
 .text          0x00000000060120b0        0x0 ../../Compiler/SGL_302j/LIB_COFF/LIBSGL.A(sglA15.o)
 .text          0x00000000060120b0        0x0 ../../Compiler/SGL_302j/LIB_COFF/LIBSGL.A(sglA20.o)
 .text          0x00000000060120b0        0x0 ../../Compiler/SGL_302j/LIB_COFF/LIBSGL.A(sglA21.o)
 .text          0x00000000060120b0        0x0 ../../Compiler/SGL_302j/LIB_COFF/LIBSGL.A(sglA27.o)
 .text          0x00000000060120b0        0x0 ../../Compiler/SGL_302j/LIB_COFF/LIBSGL.A(sglB001.o)
 .text          0x00000000060120b0        0x0 ../../Compiler/SGL_302j/LIB_COFF/LIBSGL.A(sglB011.o)
 .text          0x00000000060120b0        0x0 ../../Compiler/SGL_302j/LIB_COFF/LIBSGL.A(sglB015.o)
 .text          0x00000000060120b0        0x0 ../../Compiler/SGL_302j/LIB_COFF/LIBSGL.A(sglB016.o)
 .text          0x00000000060120b0        0x0 ../../Compiler/SGL_302j/LIB_COFF/LIBSGL.A(sglB032.o)
 .text          0x00000000060120b0        0x0 ../../Compiler/SGL_302j/LIB_COFF/LIBSGL.A(sglB053.o)
 .text          0x00000000060120b0        0x0 ../../Compiler/SGL_302j/LIB_COFF/LIBSGL.A(sglB056.o)
 .text          0x00000000060120b0        0x0 ../../Compiler/SGL_302j/LIB_COFF/LIBSGL.A(sglB063.o)
 .text          0x00000000060120b0        0x0 ../../Compiler/SGL_302j/LIB_COFF/LIBSGL.A(sglB200.o)
 .text          0x00000000060120b0        0x0 ../../Compiler/SGL_302j/LIB_COFF/LIBSGL.A(sglC05.o)
 .text          0x00000000060120b0        0x0 ../../Compiler/SGL_302j/LIB_COFF/LIBSGL.A(sglC06.o)
 .text          0x00000000060120b0        0x0 ../../Compiler/SGL_302j/LIB_COFF/LIBSGL.A(sglC07.o)
 .text          0x00000000060120b0        0x0 ../../Compiler/SGL_302j/LIB_COFF/LIBSGL.A(sglC08.o)
 .text          0x00000000060120b0        0x0 ../../Compiler/SGL_302j/LIB_COFF/LIBSGL.A(sglC20.o)
 .text          0x00000000060120b0        0x0 ../../Compiler/SGL_302j/LIB_COFF/LIBSGL.A(sglD00.o)
 .text          0x00000000060120b0        0x0 ../../Compiler/SGL_302j/LIB_COFF/LIBSGL.A(sglD01.o)
 .text          0x00000000060120b0        0x0 ../../Compiler/SGL_302j/LIB_COFF/LIBSGL.A(sglD03.o)
 .text          0x00000000060120b0        0x0 ../../Compiler/SGL_302j/LIB_COFF/LIBSGL.A(sglD15.o)
 .text          0x00000000060120b0        0x0 ../../Compiler/SGL_302j/LIB_COFF/LIBSGL.A(sglD16.o)
 .text          0x00000000060120b0        0x0 ../../Compiler/SGL_302j/LIB_COFF/LIBSGL.A(sglD17.o)
 .text          0x00000000060120b0        0x0 ../../Compiler/SGL_302j/LIB_COFF/LIBSGL.A(sglD18.o)
 .text          0x00000000060120b0        0x0 ../../Compiler/SGL_302j/LIB_COFF/LIBSGL.A(sglF00.o)
 .text          0x00000000060120b0        0x0 ../../Compiler/SGL_302j/LIB_COFF/LIBSGL.A(sglF05.o)
 .text          0x00000000060120b0        0x0 ../../Compiler/SGL_302j/LIB_COFF/LIBSGL.A(sglH00.o)
 .text          0x00000000060120b0        0x0 ../../Compiler/SGL_302j/LIB_COFF/LIBSGL.A(sglH01.o)
 .text          0x00000000060120b0        0x0 ../../Compiler/SGL_302j/LIB_COFF/LIBSGL.A(sglH02.o)
 .text          0x00000000060120b0        0x0 ../../Compiler/SGL_302j/LIB_COFF/LIBSGL.A(sglH04.o)
 .text          0x00000000060120b0        0x0 ../../Compiler/SGL_302j/LIB_COFF/LIBSGL.A(sglI01.o)
 .text          0x00000000060120b0      0x128 ../../Compiler/SGL_302j/LIB_COFF/LIBSGL.A(sglIc0.o)
                0x00000000060120b0                slInitSystem
 *fill*         0x00000000060121d8        0x8 
 .text          0x00000000060121e0        0x0 ../../Compiler/SGL_302j/LIB_COFF/LIBSGL.A(sglJ00.o)
 .text          0x00000000060121e0        0x0 ../../Compiler/SGL_302j/LIB_COFF/LIBSGL.A(sglJ01.o)
 .text          0x00000000060121e0        0x0 ../../Compiler/SGL_302j/LIB_COFF/LIBSGL.A(sglJ02.o)
 .text          0x00000000060121e0        0x0 ../../Compiler/SGL_302j/LIB_COFF/LIBSGL.A(sglJ03.o)
 .text          0x00000000060121e0        0x0 ../../Compiler/SGL_302j/LIB_COFF/LIBSGL.A(sglJ04.o)
 .text          0x00000000060121e0        0x0 ../../Compiler/SGL_302j/LIB_COFF/LIBSGL.A(sglJ05.o)
 .text          0x00000000060121e0        0x0 ../../Compiler/SGL_302j/LIB_COFF/LIBSGL.A(sglK01.o)
 .text          0x00000000060121e0        0x0 ../../Compiler/SGL_302j/LIB_COFF/LIBSGL.A(sglM01.o)
 .text          0x00000000060121e0        0x0 ../../Compiler/SGL_302j/LIB_COFF/LIBSGL.A(sglA00.o)
 .text          0x00000000060121e0        0x0 ../../Compiler/SGL_302j/LIB_COFF/LIBSGL.A(sglA01.o)
 .text          0x00000000060121e0        0x0 ../../Compiler/SGL_302j/LIB_COFF/LIBSGL.A(sglB000.o)
 .text          0x00000000060121e0        0x0 ../../Compiler/SGL_302j/LIB_COFF/LIBSGL.A(sglB035.o)
 .text          0x00000000060121e0        0x0 ../../Compiler/SGL_302j/LIB_COFF/LIBSGL.A(sglC00.o)
 .text          0x00000000060121e0        0x0 ../../Compiler/SGL_302j/LIB_COFF/LIBSGL.A(sglI00.o)
 .text          0x00000000060121e0        0x0 ../../Compiler/SGL_302j/LIB_COFF/LIBSGL.A(sglH03.o)
 .text          0x00000000060121e0       0x52 /home/sansigolo/Documents/joengine/Compiler/SH_NONE_ELF/bin/../lib/gcc/sh-none-elf/8.2.0/libgcc.a(_ashiftrt.o)
                0x00000000060121e0                __ashiftrt_r4_31
                0x00000000060121e0                __ashiftrt_r4_32
                0x00000000060121e6                __ashiftrt_r4_30
                0x00000000060121e8                __ashiftrt_r4_29
                0x00000000060121ea                __ashiftrt_r4_28
                0x00000000060121ec                __ashiftrt_r4_27
                0x00000000060121ee                __ashiftrt_r4_26
                0x00000000060121f0                __ashiftrt_r4_25
                0x00000000060121f2                __ashiftrt_r4_24
                0x00000000060121fa                __ashiftrt_r4_23
                0x00000000060121fc                __ashiftrt_r4_22
                0x00000000060121fe                __ashiftrt_r4_21
                0x0000000006012200                __ashiftrt_r4_20
                0x0000000006012202                __ashiftrt_r4_19
                0x0000000006012204                __ashiftrt_r4_18
                0x0000000006012206                __ashiftrt_r4_17
                0x0000000006012208                __ashiftrt_r4_16
                0x000000000601220e                __ashiftrt_r4_15
                0x0000000006012210                __ashiftrt_r4_14
                0x0000000006012212                __ashiftrt_r4_13
                0x0000000006012214                __ashiftrt_r4_12
                0x0000000006012216                __ashiftrt_r4_11
                0x0000000006012218                __ashiftrt_r4_10
                0x000000000601221a                __ashiftrt_r4_9
                0x000000000601221c                __ashiftrt_r4_8
                0x000000000601221e                __ashiftrt_r4_7
                0x0000000006012220                __ashiftrt_r4_6
                0x0000000006012222                __ashiftrt_r4_5
                0x0000000006012224                __ashiftrt_r4_4
                0x0000000006012226                __ashiftrt_r4_3
                0x0000000006012228                __ashiftrt_r4_2
                0x000000000601222a                __ashiftrt_r4_1
                0x000000000601222e                __ashiftrt_r4_0
 *fill*         0x0000000006012232        0x2 
 .text          0x0000000006012234       0xa0 /home/sansigolo/Documents/joengine/Compiler/SH_NONE_ELF/bin/../lib/gcc/sh-none-elf/8.2.0/libgcc.a(_sdivsi3.o)
                0x0000000006012234                __sdivsi3
 .text          0x00000000060122d4       0x6c /home/sansigolo/Documents/joengine/Compiler/SH_NONE_ELF/bin/../lib/gcc/sh-none-elf/8.2.0/libgcc.a(_udivsi3.o)
                0x00000000060122f6                __udivsi3
 .text          0x0000000006012340      0x134 /home/sansigolo/Documents/joengine/Compiler/SH_NONE_ELF/bin/../lib/gcc/sh-none-elf/8.2.0/libgcc.a(_mul_sf.o)
                0x0000000006012340                __mulsf3
 .text          0x0000000006012474       0xdc /home/sansigolo/Documents/joengine/Compiler/SH_NONE_ELF/bin/../lib/gcc/sh-none-elf/8.2.0/libgcc.a(_div_sf.o)
                0x0000000006012474                __divsf3
 .text          0x0000000006012550       0x7c /home/sansigolo/Documents/joengine/Compiler/SH_NONE_ELF/bin/../lib/gcc/sh-none-elf/8.2.0/libgcc.a(_sf_to_si.o)
                0x0000000006012550                __fixsfsi
 .text          0x00000000060125cc        0x0 /home/sansigolo/Documents/joengine/Compiler/SH_NONE_ELF/bin/../lib/gcc/sh-none-elf/8.2.0/libgcc.a(_thenan_sf.o)
 .text          0x00000000060125cc       0x94 /home/sansigolo/Documents/joengine/Compiler/SH_NONE_ELF/bin/../lib/gcc/sh-none-elf/8.2.0/libgcc.a(_usi_to_sf.o)
                0x00000000060125cc                __floatunsisf
 .text          0x0000000006012660      0x114 /home/sansigolo/Documents/joengine/Compiler/SH_NONE_ELF/bin/../lib/gcc/sh-none-elf/8.2.0/libgcc.a(_pack_sf.o)
                0x0000000006012660                __pack_f
 .text          0x0000000006012774       0xa0 /home/sansigolo/Documents/joengine/Compiler/SH_NONE_ELF/bin/../lib/gcc/sh-none-elf/8.2.0/libgcc.a(_unpack_sf.o)
                0x0000000006012774                __unpack_f
 .text          0x0000000006012814       0x1e /home/sansigolo/Documents/joengine/Compiler/SH_NONE_ELF/bin/../lib/gcc/sh-none-elf/8.2.0/../../../../sh-none-elf/lib/libc.a(lib_a-memcmp.o)
                0x0000000006012814                memcmp
 *fill*         0x0000000006012832        0x2 
 .text          0x0000000006012834       0x94 /home/sansigolo/Documents/joengine/Compiler/SH_NONE_ELF/bin/../lib/gcc/sh-none-elf/8.2.0/../../../../sh-none-elf/lib/libc.a(lib_a-memcpy.o)
                0x0000000006012834                memcpy
 .text          0x00000000060128c8       0x40 /home/sansigolo/Documents/joengine/Compiler/SH_NONE_ELF/bin/../lib/gcc/sh-none-elf/8.2.0/../../../../sh-none-elf/lib/libc.a(lib_a-memset.o)
                0x00000000060128c8                memset
 .text          0x0000000006012908       0x8c /home/sansigolo/Documents/joengine/Compiler/SH_NONE_ELF/bin/../lib/gcc/sh-none-elf/8.2.0/../../../../sh-none-elf/lib/libc.a(lib_a-sprintf.o)
                0x0000000006012908                _sprintf_r
                0x0000000006012948                sprintf
 .text          0x0000000006012994       0x2a /home/sansigolo/Documents/joengine/Compiler/SH_NONE_ELF/bin/../lib/gcc/sh-none-elf/8.2.0/../../../../sh-none-elf/lib/libc.a(lib_a-strncmp.o)
                0x0000000006012994                strncmp
 .text          0x00000000060129be       0x32 /home/sansigolo/Documents/joengine/Compiler/SH_NONE_ELF/bin/../lib/gcc/sh-none-elf/8.2.0/../../../../sh-none-elf/lib/libc.a(lib_a-strncpy.o)
                0x00000000060129be                strncpy
 .text          0x00000000060129f0     0x1378 /home/sansigolo/Documents/joengine/Compiler/SH_NONE_ELF/bin/../lib/gcc/sh-none-elf/8.2.0/../../../../sh-none-elf/lib/libc.a(lib_a-svfprintf.o)
                0x00000000060129f0                _svfprintf_r
 .text          0x0000000006013d68      0xef4 /home/sansigolo/Documents/joengine/Compiler/SH_NONE_ELF/bin/../lib/gcc/sh-none-elf/8.2.0/../../../../sh-none-elf/lib/libc.a(lib_a-dtoa.o)
                0x0000000006013e9c                _dtoa_r
 .text          0x0000000006014c5c        0x0 /home/sansigolo/Documents/joengine/Compiler/SH_NONE_ELF/bin/../lib/gcc/sh-none-elf/8.2.0/../../../../sh-none-elf/lib/libc.a(lib_a-impure.o)
 .text          0x0000000006014c5c       0x40 /home/sansigolo/Documents/joengine/Compiler/SH_NONE_ELF/bin/../lib/gcc/sh-none-elf/8.2.0/../../../../sh-none-elf/lib/libc.a(lib_a-localeconv.o)
                0x0000000006014c5c                __localeconv_l
                0x0000000006014c64                _localeconv_r
                0x0000000006014c80                localeconv
 .text          0x0000000006014c9c       0xa8 /home/sansigolo/Documents/joengine/Compiler/SH_NONE_ELF/bin/../lib/gcc/sh-none-elf/8.2.0/../../../../sh-none-elf/lib/libc.a(lib_a-locale.o)
                0x0000000006014c9c                _setlocale_r
                0x0000000006014ce8                __locale_mb_cur_max
                0x0000000006014d08                __locale_ctype_ptr_l
                0x0000000006014d12                __locale_ctype_ptr
                0x0000000006014d30                setlocale
 .text          0x0000000006014d44       0x4c /home/sansigolo/Documents/joengine/Compiler/SH_NONE_ELF/bin/../lib/gcc/sh-none-elf/8.2.0/../../../../sh-none-elf/lib/libc.a(lib_a-mbtowc_r.o)
                0x0000000006014d44                _mbtowc_r
                0x0000000006014d68                __ascii_mbtowc
 .text          0x0000000006014d90       0x1c /home/sansigolo/Documents/joengine/Compiler/SH_NONE_ELF/bin/../lib/gcc/sh-none-elf/8.2.0/../../../../sh-none-elf/lib/libc.a(lib_a-memchr.o)
                0x0000000006014d90                memchr
 .text          0x0000000006014dac      0xa9c /home/sansigolo/Documents/joengine/Compiler/SH_NONE_ELF/bin/../lib/gcc/sh-none-elf/8.2.0/../../../../sh-none-elf/lib/libc.a(lib_a-mprec.o)
                0x0000000006014dac                _Balloc
                0x0000000006014e20                _Bfree
                0x0000000006014e38                __multadd
                0x0000000006014ee0                __s2b
                0x0000000006014fa0                __hi0bits
                0x0000000006014ff4                __lo0bits
                0x0000000006015058                __i2b
                0x0000000006015074                __multiply
                0x00000000060151b8                __pow5mult
                0x0000000006015274                __lshift
                0x0000000006015368                __mcmp
                0x00000000060153a0                __mdiff
                0x000000000601547c                __ulp
                0x00000000060154e8                __b2d
                0x00000000060155d0                __d2b
                0x00000000060156bc                __ratio
                0x0000000006015740                _mprec_log10
                0x0000000006015798                __copybits
                0x00000000060157dc                __any_on
 .text          0x0000000006015848       0x34 /home/sansigolo/Documents/joengine/Compiler/SH_NONE_ELF/bin/../lib/gcc/sh-none-elf/8.2.0/../../../../sh-none-elf/lib/libc.a(lib_a-nano-callocr.o)
                0x0000000006015848                _calloc_r
 .text          0x000000000601587c       0xf4 /home/sansigolo/Documents/joengine/Compiler/SH_NONE_ELF/bin/../lib/gcc/sh-none-elf/8.2.0/../../../../sh-none-elf/lib/libc.a(lib_a-nano-mallocr.o)
                0x000000000601587c                _malloc_r
 .text          0x0000000006015970       0x30 /home/sansigolo/Documents/joengine/Compiler/SH_NONE_ELF/bin/../lib/gcc/sh-none-elf/8.2.0/../../../../sh-none-elf/lib/libc.a(lib_a-sbrkr.o)
                0x0000000006015970                _sbrk_r
 .text          0x00000000060159a0       0x38 /home/sansigolo/Documents/joengine/Compiler/SH_NONE_ELF/bin/../lib/gcc/sh-none-elf/8.2.0/../../../../sh-none-elf/lib/libc.a(lib_a-strcmp.o)
                0x00000000060159a0                strcmp
 .text          0x00000000060159d8       0x20 /home/sansigolo/Documents/joengine/Compiler/SH_NONE_ELF/bin/../lib/gcc/sh-none-elf/8.2.0/../../../../sh-none-elf/lib/libc.a(lib_a-strlen.o)
                0x00000000060159d8                strlen
 .text          0x00000000060159f8      0xa60 /home/sansigolo/Documents/joengine/Compiler/SH_NONE_ELF/bin/../lib/gcc/sh-none-elf/8.2.0/../../../../sh-none-elf/lib/libc.a(lib_a-svfiprintf.o)
                0x00000000060159f8                __ssprint_r
                0x0000000006015b2c                _svfiprintf_r
 .text          0x0000000006016458      0x25c /home/sansigolo/Documents/joengine/Compiler/SH_NONE_ELF/bin/../lib/gcc/sh-none-elf/8.2.0/../../../../sh-none-elf/lib/libc.a(lib_a-syscalls.o)
                0x00000000060164d0                _read
                0x00000000060164e0                _lseek
                0x00000000060164f0                _write
                0x0000000006016500                _close
                0x0000000006016510                _link
                0x0000000006016514                _sbrk
                0x000000000601656c                _fstat
                0x0000000006016576                _open
                0x0000000006016588                _creat
                0x0000000006016598                _unlink
                0x000000000601659c                isatty
                0x00000000060165a0                _isatty
                0x00000000060165a4                _exit
                0x00000000060165b4                _kill
                0x00000000060165c8                _getpid
                0x00000000060165cc                _raise
                0x00000000060165d0                _stat
                0x00000000060165e0                _chmod
                0x00000000060165f0                _chown
                0x0000000006016600                _utime
                0x0000000006016614                _fork
                0x0000000006016620                _wait
                0x0000000006016630                _execve
                0x0000000006016640                _execv
                0x0000000006016650                _pipe
                0x000000000601665c                _times
                0x0000000006016660                _gettimeofday
                0x0000000006016688                __setup_argv_and_call_main
 .text          0x00000000060166b4       0x14 /home/sansigolo/Documents/joengine/Compiler/SH_NONE_ELF/bin/../lib/gcc/sh-none-elf/8.2.0/../../../../sh-none-elf/lib/libc.a(lib_a-trap.o)
                0x00000000060166b4                __trap34
 .text          0x00000000060166c8       0x40 /home/sansigolo/Documents/joengine/Compiler/SH_NONE_ELF/bin/../lib/gcc/sh-none-elf/8.2.0/../../../../sh-none-elf/lib/libc.a(lib_a-wctomb_r.o)
                0x00000000060166c8                _wctomb_r
                0x00000000060166e8                __ascii_wctomb
 .text          0x0000000006016708       0x18 /home/sansigolo/Documents/joengine/Compiler/SH_NONE_ELF/bin/../lib/gcc/sh-none-elf/8.2.0/../../../../sh-none-elf/lib/libc.a(lib_a-abort.o)
                0x0000000006016708                abort
 .text          0x0000000006016720        0x0 /home/sansigolo/Documents/joengine/Compiler/SH_NONE_ELF/bin/../lib/gcc/sh-none-elf/8.2.0/../../../../sh-none-elf/lib/libc.a(lib_a-ctype_.o)
 .text          0x0000000006016720       0x3c /home/sansigolo/Documents/joengine/Compiler/SH_NONE_ELF/bin/../lib/gcc/sh-none-elf/8.2.0/../../../../sh-none-elf/lib/libc.a(lib_a-memmove.o)
                0x0000000006016720                memmove
 .text          0x000000000601675c        0x8 /home/sansigolo/Documents/joengine/Compiler/SH_NONE_ELF/bin/../lib/gcc/sh-none-elf/8.2.0/../../../../sh-none-elf/lib/libc.a(lib_a-mlock.o)
                0x000000000601675c                __malloc_lock
                0x0000000006016760                __malloc_unlock
 .text          0x0000000006016764       0xc8 /home/sansigolo/Documents/joengine/Compiler/SH_NONE_ELF/bin/../lib/gcc/sh-none-elf/8.2.0/../../../../sh-none-elf/lib/libc.a(lib_a-nano-freer.o)
                0x0000000006016764                _free_r
 .text          0x000000000601682c       0x7c /home/sansigolo/Documents/joengine/Compiler/SH_NONE_ELF/bin/../lib/gcc/sh-none-elf/8.2.0/../../../../sh-none-elf/lib/libc.a(lib_a-nano-reallocr.o)
                0x000000000601682c                _realloc_r
 .text          0x00000000060168a8      0x1b0 /home/sansigolo/Documents/joengine/Compiler/SH_NONE_ELF/bin/../lib/gcc/sh-none-elf/8.2.0/../../../../sh-none-elf/lib/libc.a(lib_a-signal.o)
                0x00000000060168a8                _init_signal_r
                0x00000000060168e4                _signal_r
                0x0000000006016930                _raise_r
                0x00000000060169a8                __sigtramp_r
                0x0000000006016a0c                raise
                0x0000000006016a20                signal
                0x0000000006016a34                _init_signal
                0x0000000006016a44                __sigtramp
 .text          0x0000000006016a58       0x40 /home/sansigolo/Documents/joengine/Compiler/SH_NONE_ELF/bin/../lib/gcc/sh-none-elf/8.2.0/../../../../sh-none-elf/lib/libc.a(lib_a-signalr.o)
                0x0000000006016a58                _kill_r
                0x0000000006016a8c                _getpid_r
 .text          0x0000000006016a98       0x16 /home/sansigolo/Documents/joengine/Compiler/SH_NONE_ELF/bin/../lib/gcc/sh-none-elf/8.2.0/../../../../sh-none-elf/lib/libc.a(lib_a-nano-msizer.o)
                0x0000000006016a98                _malloc_usable_size_r
 *fill*         0x0000000006016aae        0x2 
 .text          0x0000000006016ab0       0x80 /home/sansigolo/Documents/joengine/Compiler/SH_NONE_ELF/bin/../lib/gcc/sh-none-elf/8.2.0/libgcc.a(_ashiftrt_n.o)
                0x0000000006016ab0                __ashrsi3
 .text          0x0000000006016b30       0xbc /home/sansigolo/Documents/joengine/Compiler/SH_NONE_ELF/bin/../lib/gcc/sh-none-elf/8.2.0/libgcc.a(_ashiftlt.o)
                0x0000000006016b30                __ashlsi3
                0x0000000006016b34                __ashlsi3_r0
 .text          0x0000000006016bec       0xbc /home/sansigolo/Documents/joengine/Compiler/SH_NONE_ELF/bin/../lib/gcc/sh-none-elf/8.2.0/libgcc.a(_lshiftrt.o)
                0x0000000006016bec                __lshrsi3
                0x0000000006016bf0                __lshrsi3_r0
 .text          0x0000000006016ca8      0x258 /home/sansigolo/Documents/joengine/Compiler/SH_NONE_ELF/bin/../lib/gcc/sh-none-elf/8.2.0/libgcc.a(_udivdi3.o)
                0x0000000006016ca8                __udivdi3
 .text          0x0000000006016f00      0x2bc /home/sansigolo/Documents/joengine/Compiler/SH_NONE_ELF/bin/../lib/gcc/sh-none-elf/8.2.0/libgcc.a(_umoddi3.o)
                0x0000000006016f00                __umoddi3
 .text          0x00000000060171bc      0x3b4 /home/sansigolo/Documents/joengine/Compiler/SH_NONE_ELF/bin/../lib/gcc/sh-none-elf/8.2.0/libgcc.a(_addsub_df.o)
                0x00000000060174cc                __adddf3
                0x000000000601751c                __subdf3
 .text          0x0000000006017570      0x208 /home/sansigolo/Documents/joengine/Compiler/SH_NONE_ELF/bin/../lib/gcc/sh-none-elf/8.2.0/libgcc.a(_mul_df.o)
                0x0000000006017570                __muldf3
 .text          0x0000000006017778      0x130 /home/sansigolo/Documents/joengine/Compiler/SH_NONE_ELF/bin/../lib/gcc/sh-none-elf/8.2.0/libgcc.a(_div_df.o)
                0x0000000006017778                __divdf3
 .text          0x00000000060178a8       0x58 /home/sansigolo/Documents/joengine/Compiler/SH_NONE_ELF/bin/../lib/gcc/sh-none-elf/8.2.0/libgcc.a(_eq_df.o)
                0x00000000060178a8                __eqdf2
 .text          0x0000000006017900       0x58 /home/sansigolo/Documents/joengine/Compiler/SH_NONE_ELF/bin/../lib/gcc/sh-none-elf/8.2.0/libgcc.a(_ne_df.o)
                0x0000000006017900                __nedf2
 .text          0x0000000006017958       0x50 /home/sansigolo/Documents/joengine/Compiler/SH_NONE_ELF/bin/../lib/gcc/sh-none-elf/8.2.0/libgcc.a(_gt_df.o)
                0x0000000006017958                __gtdf2
 .text          0x00000000060179a8       0x50 /home/sansigolo/Documents/joengine/Compiler/SH_NONE_ELF/bin/../lib/gcc/sh-none-elf/8.2.0/libgcc.a(_ge_df.o)
                0x00000000060179a8                __gedf2
 .text          0x00000000060179f8       0x58 /home/sansigolo/Documents/joengine/Compiler/SH_NONE_ELF/bin/../lib/gcc/sh-none-elf/8.2.0/libgcc.a(_lt_df.o)
                0x00000000060179f8                __ltdf2
 .text          0x0000000006017a50       0x58 /home/sansigolo/Documents/joengine/Compiler/SH_NONE_ELF/bin/../lib/gcc/sh-none-elf/8.2.0/libgcc.a(_le_df.o)
                0x0000000006017a50                __ledf2
 .text          0x0000000006017aa8       0x40 /home/sansigolo/Documents/joengine/Compiler/SH_NONE_ELF/bin/../lib/gcc/sh-none-elf/8.2.0/libgcc.a(_unord_df.o)
                0x0000000006017aa8                __unorddf2
 .text          0x0000000006017ae8       0xa8 /home/sansigolo/Documents/joengine/Compiler/SH_NONE_ELF/bin/../lib/gcc/sh-none-elf/8.2.0/libgcc.a(_si_to_df.o)
                0x0000000006017ae8                __floatsidf
 .text          0x0000000006017b90       0xa4 /home/sansigolo/Documents/joengine/Compiler/SH_NONE_ELF/bin/../lib/gcc/sh-none-elf/8.2.0/libgcc.a(_df_to_si.o)
                0x0000000006017b90                __fixdfsi
 .text          0x0000000006017c34        0x0 /home/sansigolo/Documents/joengine/Compiler/SH_NONE_ELF/bin/../lib/gcc/sh-none-elf/8.2.0/libgcc.a(_thenan_df.o)
 .text          0x0000000006017c34       0x88 /home/sansigolo/Documents/joengine/Compiler/SH_NONE_ELF/bin/../lib/gcc/sh-none-elf/8.2.0/libgcc.a(_usi_to_df.o)
                0x0000000006017c34                __floatunsidf
 *fill*         0x0000000006017cbc        0x4 
 .text          0x0000000006017cc0       0x60 /home/sansigolo/Documents/joengine/Compiler/SH_NONE_ELF/bin/../lib/gcc/sh-none-elf/8.2.0/libgcc.a(_udiv_qrnnd_16.o)
                0x0000000006017cc0                __udiv_qrnnd_16
 .text          0x0000000006017d20        0x0 /home/sansigolo/Documents/joengine/Compiler/SH_NONE_ELF/bin/../lib/gcc/sh-none-elf/8.2.0/libgcc.a(_clz.o)
 .text          0x0000000006017d20       0x58 /home/sansigolo/Documents/joengine/Compiler/SH_NONE_ELF/bin/../lib/gcc/sh-none-elf/8.2.0/libgcc.a(_clzsi2.o)
                0x0000000006017d20                __clzsi2
 .text          0x0000000006017d78      0x25c /home/sansigolo/Documents/joengine/Compiler/SH_NONE_ELF/bin/../lib/gcc/sh-none-elf/8.2.0/libgcc.a(_pack_df.o)
                0x0000000006017d78                __pack_d
 .text          0x0000000006017fd4       0xcc /home/sansigolo/Documents/joengine/Compiler/SH_NONE_ELF/bin/../lib/gcc/sh-none-elf/8.2.0/libgcc.a(_unpack_df.o)
                0x0000000006017fd4                __unpack_d
 .text          0x00000000060180a0       0xc8 /home/sansigolo/Documents/joengine/Compiler/SH_NONE_ELF/bin/../lib/gcc/sh-none-elf/8.2.0/libgcc.a(_fpcmp_parts_df.o)
                0x00000000060180a0                __fpcmp_parts_d
 *(.strings)
                0x0000000006018168                __etext = .

.text.startup   0x0000000006018168      0x44c
 .text.startup  0x0000000006018168      0x44c /tmp/cc8sp83o.ltrans0.ltrans.o
                0x0000000006018168                main

.rodata         0x00000000060185c0      0x63c
 *(.rodata)
 .rodata        0x00000000060185c0      0x12c /tmp/cc8sp83o.ltrans0.ltrans.o
 .rodata        0x00000000060186ec       0x10 /home/sansigolo/Documents/joengine/Compiler/SH_NONE_ELF/bin/../lib/gcc/sh-none-elf/8.2.0/libgcc.a(_thenan_sf.o)
                0x00000000060186ec                __thenan_sf
 .rodata        0x00000000060186fc       0x20 /home/sansigolo/Documents/joengine/Compiler/SH_NONE_ELF/bin/../lib/gcc/sh-none-elf/8.2.0/../../../../sh-none-elf/lib/libc.a(lib_a-svfprintf.o)
 .rodata        0x000000000601871c        0x4 /home/sansigolo/Documents/joengine/Compiler/SH_NONE_ELF/bin/../lib/gcc/sh-none-elf/8.2.0/../../../../sh-none-elf/lib/libc.a(lib_a-impure.o)
                0x000000000601871c                _global_impure_ptr
 .rodata        0x0000000006018720      0x124 /home/sansigolo/Documents/joengine/Compiler/SH_NONE_ELF/bin/../lib/gcc/sh-none-elf/8.2.0/../../../../sh-none-elf/lib/libc.a(lib_a-mprec.o)
                0x000000000601872c                __mprec_tinytens
                0x0000000006018754                __mprec_bigtens
                0x000000000601877c                __mprec_tens
 .rodata        0x0000000006018844       0x20 /home/sansigolo/Documents/joengine/Compiler/SH_NONE_ELF/bin/../lib/gcc/sh-none-elf/8.2.0/../../../../sh-none-elf/lib/libc.a(lib_a-svfiprintf.o)
 .rodata        0x0000000006018864      0x284 /home/sansigolo/Documents/joengine/Compiler/SH_NONE_ELF/bin/../lib/gcc/sh-none-elf/8.2.0/../../../../sh-none-elf/lib/libc.a(lib_a-ctype_.o)
                0x0000000006018864                _ctype_
                0x0000000006018968                _ctype_b
 .rodata        0x0000000006018ae8       0x14 /home/sansigolo/Documents/joengine/Compiler/SH_NONE_ELF/bin/../lib/gcc/sh-none-elf/8.2.0/libgcc.a(_thenan_df.o)
                0x0000000006018ae8                __thenan_df
 .rodata        0x0000000006018afc      0x100 /home/sansigolo/Documents/joengine/Compiler/SH_NONE_ELF/bin/../lib/gcc/sh-none-elf/8.2.0/libgcc.a(_clz.o)
                0x0000000006018afc                __clz_tab

.rodata.str1.4  0x0000000006018bfc     0x4b8e
 .rodata.str1.4
                0x0000000006018bfc     0x4b1c /tmp/cc8sp83o.ltrans0.ltrans.o
                                       0x4c06 (size before relaxing)
 .rodata.str1.4
                0x000000000601d718       0x3a /home/sansigolo/Documents/joengine/Compiler/SH_NONE_ELF/bin/../lib/gcc/sh-none-elf/8.2.0/../../../../sh-none-elf/lib/libc.a(lib_a-svfprintf.o)
 *fill*         0x000000000601d752        0x2 
 .rodata.str1.4
                0x000000000601d754        0xd /home/sansigolo/Documents/joengine/Compiler/SH_NONE_ELF/bin/../lib/gcc/sh-none-elf/8.2.0/../../../../sh-none-elf/lib/libc.a(lib_a-dtoa.o)
                                         0x12 (size before relaxing)
 *fill*         0x000000000601d761        0x3 
 .rodata.str1.4
                0x000000000601d764        0xa /home/sansigolo/Documents/joengine/Compiler/SH_NONE_ELF/bin/../lib/gcc/sh-none-elf/8.2.0/../../../../sh-none-elf/lib/libc.a(lib_a-locale.o)
                                         0x12 (size before relaxing)
 .rodata.str1.4
                0x000000000601d76e       0x25 /home/sansigolo/Documents/joengine/Compiler/SH_NONE_ELF/bin/../lib/gcc/sh-none-elf/8.2.0/../../../../sh-none-elf/lib/libc.a(lib_a-svfiprintf.o)
 *fill*         0x000000000601d76e        0x2 
 .rodata.str1.4
                0x000000000601d770       0x1a /home/sansigolo/Documents/joengine/Compiler/SH_NONE_ELF/bin/../lib/gcc/sh-none-elf/8.2.0/../../../../sh-none-elf/lib/libc.a(lib_a-syscalls.o)

.eh_frame       0x000000000601d78c      0x170
 .eh_frame      0x000000000601d78c       0xa8 /home/sansigolo/Documents/joengine/Compiler/SH_NONE_ELF/bin/../lib/gcc/sh-none-elf/8.2.0/libgcc.a(_udivdi3.o)
 .eh_frame      0x000000000601d834       0xc8 /home/sansigolo/Documents/joengine/Compiler/SH_NONE_ELF/bin/../lib/gcc/sh-none-elf/8.2.0/libgcc.a(_umoddi3.o)
                                         0xdc (size before relaxing)

.rela.dyn       0x000000000601d8fc        0x0
 .rela.text     0x000000000601d8fc        0x0 /home/sansigolo/Documents/joengine/Compiler/SH_NONE_ELF/bin/../lib/gcc/sh-none-elf/8.2.0/../../../../sh-none-elf/lib/libc.a(lib_a-sbrkr.o)
 .rela.text.startup
                0x000000000601d8fc        0x0 /home/sansigolo/Documents/joengine/Compiler/SH_NONE_ELF/bin/../lib/gcc/sh-none-elf/8.2.0/../../../../sh-none-elf/lib/libc.a(lib_a-sbrkr.o)

SLPROG          0x000000000601d900    0x11720
                0x000000000601d900                __slprog_start = .
 *(SLPROG)
 SLPROG         0x000000000601d900     0x6540 ../../Compiler/SGL_302j/LIB_COFF/SGLAREA.O
                0x000000000601d900                MasterStack
                0x000000000601d904                SlaveStack
                0x000000000601d908                MaxVertices
                0x000000000601d90a                MaxPolygons
                0x000000000601d90c                SortList
                0x000000000601d910                SortListSize
                0x000000000601d914                TransList
                0x000000000601d918                Zbuffer
                0x000000000601d91c                SpriteBuf
                0x000000000601d920                SpriteBufSize
                0x000000000601d924                Pbuffer
                0x000000000601d928                CommandBuf
                0x000000000601d92c                CLOfstBuf
                0x000000000601d930                PCM_Work
                0x000000000601d934                PCM_WkSize
                0x000000000601d938                MaxEvents
                0x000000000601d93a                EventSize
                0x000000000601d93c                MaxWorks
                0x000000000601d93e                WorkSize
                0x000000000601d940                RemainEvent
                0x000000000601da40                RemainWork
                0x000000000601de40                EventBuf
                0x000000000601fe40                WorkBuf
 SLPROG         0x0000000006023e40       0x18 ../../Compiler/SGL_302j/LIB_COFF/LIBSGL.A(sglA15.o)
                0x0000000006023e40                slSlaveFunc
 *fill*         0x0000000006023e58        0x8 
 SLPROG         0x0000000006023e60      0x42c ../../Compiler/SGL_302j/LIB_COFF/LIBSGL.A(sglA20.o)
                0x0000000006023e60                slInitMatrix
                0x0000000006023e6a                slPushUnitMatrix
                0x0000000006023e7e                slUnitMatrix
 *fill*         0x000000000602428c        0x4 
 SLPROG         0x0000000006024290       0x48 ../../Compiler/SGL_302j/LIB_COFF/LIBSGL.A(sglA21.o)
                0x0000000006024290                slPushMatrix
                0x00000000060242c4                slPopMatrix
                0x00000000060242c4                slDecMatrixPtr
 *fill*         0x00000000060242d8        0x8 
 SLPROG         0x00000000060242e0       0x50 ../../Compiler/SGL_302j/LIB_COFF/LIBSGL.A(sglA27.o)
                0x00000000060242e0                slTranslate
 SLPROG         0x0000000006024330       0x20 ../../Compiler/SGL_302j/LIB_COFF/LIBSGL.A(sglB001.o)
                0x0000000006024330                slTVOn
                0x000000000602433a                slTVOff
 SLPROG         0x0000000006024350       0x24 ../../Compiler/SGL_302j/LIB_COFF/LIBSGL.A(sglB011.o)
                0x0000000006024350                slBitMapNbg1
 *fill*         0x0000000006024374        0xc 
 SLPROG         0x0000000006024380      0x40c ../../Compiler/SGL_302j/LIB_COFF/LIBSGL.A(sglB015.o)
                0x0000000006024380                slScrAutoDisp
 *fill*         0x000000000602478c        0x4 
 SLPROG         0x0000000006024790        0xc ../../Compiler/SGL_302j/LIB_COFF/LIBSGL.A(sglB016.o)
                0x0000000006024790                slBack1ColSet
 *fill*         0x000000000602479c        0x4 
 SLPROG         0x00000000060247a0       0xb4 ../../Compiler/SGL_302j/LIB_COFF/LIBSGL.A(sglB032.o)
                0x00000000060247a0                slMapNbg1
 *fill*         0x0000000006024854        0xc 
 SLPROG         0x0000000006024860        0xc ../../Compiler/SGL_302j/LIB_COFF/LIBSGL.A(sglB053.o)
                0x0000000006024860                slZoomNbg1
 *fill*         0x000000000602486c        0x4 
 SLPROG         0x0000000006024870        0xc ../../Compiler/SGL_302j/LIB_COFF/LIBSGL.A(sglB056.o)
                0x0000000006024870                slPlaneNbg1
 *fill*         0x000000000602487c        0x4 
 SLPROG         0x0000000006024880        0xc ../../Compiler/SGL_302j/LIB_COFF/LIBSGL.A(sglB063.o)
                0x0000000006024880                slPriority
 *fill*         0x000000000602488c        0x4 
 SLPROG         0x0000000006024890      0x114 ../../Compiler/SGL_302j/LIB_COFF/LIBSGL.A(sglB200.o)
                0x0000000006024890                slCharRbg0
                0x000000000602489c                slCharNbg0
                0x00000000060248a8                slCharNbg1
                0x00000000060248b4                slCharNbg2
                0x00000000060248ca                slCharNbg3
                0x00000000060248e2                slPageRbg0
                0x00000000060248f8                slPageNbg1
                0x0000000006024900                slPageNbg2
                0x0000000006024908                slPageNbg3
                0x0000000006024914                slPageNbg0
 *fill*         0x00000000060249a4        0xc 
 SLPROG         0x00000000060249b0       0x78 ../../Compiler/SGL_302j/LIB_COFF/LIBSGL.A(sglC05.o)
                0x00000000060249b0                slSetSprite
 *fill*         0x0000000006024a28        0x8 
 SLPROG         0x0000000006024a30       0xfa ../../Compiler/SGL_302j/LIB_COFF/LIBSGL.A(sglC06.o)
                0x0000000006024a30                slDispSprite
 *fill*         0x0000000006024b2a        0x6 
 SLPROG         0x0000000006024b30      0x162 ../../Compiler/SGL_302j/LIB_COFF/LIBSGL.A(sglC07.o)
                0x0000000006024b36                slPutSprite
 *fill*         0x0000000006024c92        0xe 
 SLPROG         0x0000000006024ca0     0x1218 ../../Compiler/SGL_302j/LIB_COFF/LIBSGL.A(sglC08.o)
                0x0000000006024ca0                slPutPolygon
                0x000000000602591c                MsCalcDepthFlat
 *fill*         0x0000000006025eb8        0x8 
 SLPROG         0x0000000006025ec0       0x40 ../../Compiler/SGL_302j/LIB_COFF/LIBSGL.A(sglC20.o)
                0x0000000006025ec0                SpriteEntry
 SLPROG         0x0000000006025f00       0x84 ../../Compiler/SGL_302j/LIB_COFF/LIBSGL.A(sglD00.o)
                0x0000000006025f00                slDMACopy
                0x0000000006025f00                slCpuDMACopy
                0x0000000006025f5a                slCashPurge
                0x0000000006025f5a                CSH_AllClr
 *fill*         0x0000000006025f84        0xc 
 SLPROG         0x0000000006025f90       0xa0 ../../Compiler/SGL_302j/LIB_COFF/LIBSGL.A(sglD01.o)
                0x0000000006025f90                slDMAXCopy
 SLPROG         0x0000000006026030        0xc ../../Compiler/SGL_302j/LIB_COFF/LIBSGL.A(sglD03.o)
                0x0000000006026030                slDMAStatus
 *fill*         0x000000000602603c        0x4 
 SLPROG         0x0000000006026040       0x20 ../../Compiler/SGL_302j/LIB_COFF/LIBSGL.A(sglD15.o)
                0x0000000006026040                CSH_Purge
 SLPROG         0x0000000006026060       0x84 ../../Compiler/SGL_302j/LIB_COFF/LIBSGL.A(sglD16.o)
                0x0000000006026060                DMA_ScuSetPrm
                0x00000000060260a8                DMA_SCU_PRM0
 *fill*         0x00000000060260e4        0xc 
 SLPROG         0x00000000060260f0       0x88 ../../Compiler/SGL_302j/LIB_COFF/LIBSGL.A(sglD17.o)
                0x00000000060260f0                DMA_ScuStart
 *fill*         0x0000000006026178        0x8 
 SLPROG         0x0000000006026180       0x34 ../../Compiler/SGL_302j/LIB_COFF/LIBSGL.A(sglD18.o)
                0x0000000006026180                DMA_ScuGetStatus
 *fill*         0x00000000060261b4        0xc 
 SLPROG         0x00000000060261c0       0x4e ../../Compiler/SGL_302j/LIB_COFF/LIBSGL.A(sglF00.o)
                0x00000000060261c0                slCurScrn
                0x00000000060261d0                slCurColor
                0x00000000060261da                slLocate
                0x000000000602620c                CurrentScreen
 *fill*         0x000000000602620e        0x2 
 SLPROG         0x0000000006026210       0x1c ../../Compiler/SGL_302j/LIB_COFF/LIBSGL.A(sglF05.o)
                0x0000000006026210                slPrint
 *fill*         0x000000000602622c        0x4 
 SLPROG         0x0000000006026230      0xfc8 ../../Compiler/SGL_302j/LIB_COFF/LIBSGL.A(sglH00.o)
                0x0000000006026248                slGetPortDir1
                0x0000000006026250                slGetPortDir2
                0x0000000006026258                slSetPortDir1
                0x0000000006026282                slSetPortDir2
                0x00000000060262bc                slGetPortData1
                0x00000000060262c4                slGetPortData2
                0x00000000060262cc                slSetPortData1
                0x00000000060262d6                slSetPortData2
                0x00000000060262e8                slGetPortSelect1
                0x00000000060262f2                slGetPortSelect2
                0x00000000060262fc                slSetPortSelect1
                0x0000000006026330                slSetPortSelect2
                0x000000000602636c                slGetPortExt1
                0x0000000006026376                slGetPortExt2
                0x0000000006026380                slSetPortExt1
                0x00000000060263b0                slSetPortExt2
                0x0000000006026524                slSmpcDirectAccess
                0x00000000060265a4                slInitPeripheral
                0x0000000006026636                slSetResultBuffer
                0x00000000060266c2                slCheckIntBackSet
                0x00000000060266ce                slIntBackCancel
                0x00000000060266f8                slCheckReset
                0x0000000006026702                slClearReset
                0x00000000060268c8                slSmpcCashSend
                0x0000000006026984                slSmpcCashBlow
                0x0000000006026a60                slGetOptimize
                0x0000000006026a6a                slSetOptimize
                0x0000000006026a90                slGetPortMode1
                0x0000000006026a9c                slGetPortMode2
                0x0000000006026aaa                slSetPortMode1
                0x0000000006026ae8                slSetPortMode2
                0x0000000006026c74                slRequestCommand
                0x0000000006026ce4                Smpc_Status
                0x0000000006026ce8                Smpc_Result
                0x0000000006026cec                Smpc_Peripheral
                0x0000000006026cf2                Per_Connect1
                0x0000000006026cf3                Per_Connect2
                0x0000000006026d14                SmpcStatusBuf
 *fill*         0x00000000060271f8        0x8 
 SLPROG         0x0000000006027200       0xa8 ../../Compiler/SGL_302j/LIB_COFF/LIBSGL.A(sglH01.o)
                0x0000000006027200                slGetLanguage
                0x000000000602720a                slSetLanguage
                0x000000000602722c                slGetSoundEffect
                0x0000000006027238                slSetSoundEffect
                0x0000000006027254                slGetSoundOutput
                0x0000000006027260                slSetSoundOutput
                0x000000000602727c                slGetHelpWindow
                0x0000000006027288                slSetHelpWindow
 *fill*         0x00000000060272a8        0x8 
 SLPROG         0x00000000060272b0      0x470 ../../Compiler/SGL_302j/LIB_COFF/LIBSGL.A(sglH02.o)
                0x00000000060276a0                smpc_pfr_tbl
                0x00000000060276e0                smpc_ptf_tbl
 SLPROG         0x0000000006027720       0x60 ../../Compiler/SGL_302j/LIB_COFF/LIBSGL.A(sglH04.o)
                0x0000000006027720                slComPrmIntBack
                0x0000000006027734                slComPrmSetMemory
                0x000000000602774a                slComPrmSetTime
 SLPROG         0x0000000006027780      0x3a4 ../../Compiler/SGL_302j/LIB_COFF/LIBSGL.A(sglI01.o)
                0x0000000006027780                slInitSynch
                0x000000000602779a                slSynch
                0x0000000006027890                slRandom
                0x00000000060278ae                PCM_EndCheck
                0x000000000602796a                RetPCMBuf
                0x0000000006027a04                PCM_Buf
                0x0000000006027aa4                Sound_Buf
 *fill*         0x0000000006027b24        0xc 
 SLPROG         0x0000000006027b30       0x74 ../../Compiler/SGL_302j/LIB_COFF/LIBSGL.A(sglJ00.o)
                0x0000000006027b30                InitSlaveSH
                0x0000000006027b98                SlaveCommand
 *fill*         0x0000000006027ba4        0xc 
 SLPROG         0x0000000006027bb0      0x3d0 ../../Compiler/SGL_302j/LIB_COFF/LIBSGL.A(sglJ01.o)
                0x0000000006027bb0                SlaveControl
                0x0000000006027f6c                ErasePolygonData
 SLPROG         0x0000000006027f80     0x12b8 ../../Compiler/SGL_302j/LIB_COFF/LIBSGL.A(sglJ02.o)
                0x0000000006027f80                sbMakePolygon
                0x0000000006028168                sbCalcPolygon
                0x0000000006028ea0                SetTexture
                0x0000000006028eac                SetPolygon
                0x0000000006028eb4                SetPosition
                0x0000000006028eec                stvtc_4
                0x0000000006028fa4                stvtc_3
                0x00000000060291b4                stvtc_1
                0x00000000060291c8                stvtc_2
                0x00000000060291dc                stvtc_0
 *fill*         0x0000000006029238        0x8 
 SLPROG         0x0000000006029240      0x140 ../../Compiler/SGL_302j/LIB_COFF/LIBSGL.A(sglJ03.o)
                0x0000000006029240                sbMakeDMATable
 SLPROG         0x0000000006029380      0x470 ../../Compiler/SGL_302j/LIB_COFF/LIBSGL.A(sglJ04.o)
                0x00000000060293de                sbMakeSprite
                0x0000000006029444                sbMakeRotSprite
 SLPROG         0x00000000060297f0       0x3c ../../Compiler/SGL_302j/LIB_COFF/LIBSGL.A(sglJ05.o)
                0x00000000060297f0                sbSortEntry
 *fill*         0x000000000602982c        0x4 
 SLPROG         0x0000000006029830       0x6a ../../Compiler/SGL_302j/LIB_COFF/LIBSGL.A(sglM01.o)
                0x0000000006029830                slSetDepthLimit
                0x000000000602985c                slSetDepthTbl
                0x000000000602988c                DepthWorkArea
 *fill*         0x000000000602989a        0x6 
 SLPROG         0x00000000060298a0       0x20 ../../Compiler/SGL_302j/LIB_COFF/LIBSGL.A(sglA00.o)
                0x00000000060298a0                set_imask
                0x00000000060298a0                _builtin_set_imask
                0x00000000060298b4                get_imask
                0x00000000060298b4                _builtin_get_imask
 SLPROG         0x00000000060298c0     0x411e ../../Compiler/SGL_302j/LIB_COFF/LIBSGL.A(sglA01.o)
                0x00000000060298c0                slSin
                0x00000000060298e4                slCos
                0x0000000006029908                GetSinCos
                0x000000000602999c                sin_cos_index_tbl
                0x00000000060299dc                sin_tbl
 *fill*         0x000000000602d9de        0x2 
 SLPROG         0x000000000602d9e0      0xbd0 ../../Compiler/SGL_302j/LIB_COFF/LIBSGL.A(sglB000.o)
                0x000000000602d9e0                slInitScroll
                0x000000000602db00                setASC_1to8
                0x000000000602db30                setASC_4to8
                0x000000000602dc40                TVSizeTbl
                0x000000000602dcc0                TVModeTbl
                0x000000000602de98                SGL_ASCII_CG
 SLPROG         0x000000000602e5b0       0xd4 ../../Compiler/SGL_302j/LIB_COFF/LIBSGL.A(sglB035.o)
                0x000000000602e5b0                sl1MapRA
                0x000000000602e642                rbank_set
 *fill*         0x000000000602e684        0xc 
 SLPROG         0x000000000602e690      0x134 ../../Compiler/SGL_302j/LIB_COFF/LIBSGL.A(sglC00.o)
                0x000000000602e690                slInitSprite
 *fill*         0x000000000602e7c4        0xc 
 SLPROG         0x000000000602e7d0      0x75c ../../Compiler/SGL_302j/LIB_COFF/LIBSGL.A(sglI00.o)
                0x000000000602eac0                slInitInterrupt
 *fill*         0x000000000602ef2c        0x4 
 SLPROG         0x000000000602ef30       0xf0 ../../Compiler/SGL_302j/LIB_COFF/LIBSGL.A(sglH03.o)
                0x000000000602ef94                slSmpcIntBack
                0x000000000602f020                __slprog_end = .

.tors           0x000000000602f020        0x0
                0x000000000602f020                ___ctors = .
 *(.ctors)
                0x000000000602f020                ___ctors_end = .
                0x000000000602f020                ___dtors = .
 *(.dtors)
                0x000000000602f020                ___dtors_end = .

.data           0x000000000602f020      0x624
 *(.data)
 .data          0x000000000602f020        0x0 ../../Compiler/SGL_302j/LIB_COFF/SGLAREA.O
 .data          0x000000000602f020        0xc /tmp/cc8sp83o.ltrans0.ltrans.o
 *fill*         0x000000000602f02c        0x4 
 .data          0x000000000602f030        0x0 ../../Compiler/SGL_302j/LIB_COFF/SEGA_SYS.A(sys_exit.o)
 .data          0x000000000602f030        0x0 ../../Compiler/SGL_302j/LIB_COFF/SEGA_SYS.A(sys_sub.o)
 .data          0x000000000602f030        0x0 ../../Compiler/SGL_302j/LIB_COFF/LIBCD.A(CDC_CMN.O)
 .data          0x000000000602f030        0x0 ../../Compiler/SGL_302j/LIB_COFF/LIBCD.A(CDC_CFS.O)
 .data          0x000000000602f030        0x0 ../../Compiler/SGL_302j/LIB_COFF/LIBCD.A(CDC_REG.O)
 .data          0x000000000602f030        0x0 ../../Compiler/SGL_302j/LIB_COFF/LIBCD.A(CDC_SUB.O)
 .data          0x000000000602f030        0x0 ../../Compiler/SGL_302j/LIB_COFF/LIBCD.A(GFS.O)
 .data          0x000000000602f030        0x0 ../../Compiler/SGL_302j/LIB_COFF/LIBCD.A(GFS_BUF.O)
 .data          0x000000000602f030        0x0 ../../Compiler/SGL_302j/LIB_COFF/LIBCD.A(GFS_CDB.O)
 .data          0x000000000602f030        0x0 ../../Compiler/SGL_302j/LIB_COFF/LIBCD.A(GFS_CDC.O)
 .data          0x000000000602f030        0x0 ../../Compiler/SGL_302j/LIB_COFF/LIBCD.A(GFS_CDF.O)
 .data          0x000000000602f030        0x0 ../../Compiler/SGL_302j/LIB_COFF/LIBCD.A(GFS_DIR.O)
 .data          0x000000000602f030        0x0 ../../Compiler/SGL_302j/LIB_COFF/LIBCD.A(GFS_TRN.O)
 .data          0x000000000602f030        0x0 ../../Compiler/SGL_302j/LIB_COFF/LIBCD.A(CDC_DRV.O)
 .data          0x000000000602f030        0x0 ../../Compiler/SGL_302j/LIB_COFF/LIBCD.A(CDC_DEV.O)
 .data          0x000000000602f030        0x0 ../../Compiler/SGL_302j/LIB_COFF/LIBCD.A(CDC_SEL.O)
 .data          0x000000000602f030        0x0 ../../Compiler/SGL_302j/LIB_COFF/LIBCD.A(CDC_BIF.O)
 .data          0x000000000602f030        0x0 ../../Compiler/SGL_302j/LIB_COFF/LIBCD.A(CDC_BIO.O)
 .data          0x000000000602f030        0x0 ../../Compiler/SGL_302j/LIB_COFF/LIBSGL.A(sglA15.o)
 .data          0x000000000602f030        0x0 ../../Compiler/SGL_302j/LIB_COFF/LIBSGL.A(sglA20.o)
 .data          0x000000000602f030        0x0 ../../Compiler/SGL_302j/LIB_COFF/LIBSGL.A(sglA21.o)
 .data          0x000000000602f030        0x0 ../../Compiler/SGL_302j/LIB_COFF/LIBSGL.A(sglA27.o)
 .data          0x000000000602f030        0x0 ../../Compiler/SGL_302j/LIB_COFF/LIBSGL.A(sglB001.o)
 .data          0x000000000602f030        0x0 ../../Compiler/SGL_302j/LIB_COFF/LIBSGL.A(sglB011.o)
 .data          0x000000000602f030        0x0 ../../Compiler/SGL_302j/LIB_COFF/LIBSGL.A(sglB015.o)
 .data          0x000000000602f030        0x0 ../../Compiler/SGL_302j/LIB_COFF/LIBSGL.A(sglB016.o)
 .data          0x000000000602f030        0x0 ../../Compiler/SGL_302j/LIB_COFF/LIBSGL.A(sglB032.o)
 .data          0x000000000602f030        0x0 ../../Compiler/SGL_302j/LIB_COFF/LIBSGL.A(sglB053.o)
 .data          0x000000000602f030        0x0 ../../Compiler/SGL_302j/LIB_COFF/LIBSGL.A(sglB056.o)
 .data          0x000000000602f030        0x0 ../../Compiler/SGL_302j/LIB_COFF/LIBSGL.A(sglB063.o)
 .data          0x000000000602f030        0x0 ../../Compiler/SGL_302j/LIB_COFF/LIBSGL.A(sglB200.o)
 .data          0x000000000602f030        0x0 ../../Compiler/SGL_302j/LIB_COFF/LIBSGL.A(sglC05.o)
 .data          0x000000000602f030        0x0 ../../Compiler/SGL_302j/LIB_COFF/LIBSGL.A(sglC06.o)
 .data          0x000000000602f030        0x0 ../../Compiler/SGL_302j/LIB_COFF/LIBSGL.A(sglC07.o)
 .data          0x000000000602f030        0x0 ../../Compiler/SGL_302j/LIB_COFF/LIBSGL.A(sglC08.o)
 .data          0x000000000602f030        0x0 ../../Compiler/SGL_302j/LIB_COFF/LIBSGL.A(sglC20.o)
 .data          0x000000000602f030        0x0 ../../Compiler/SGL_302j/LIB_COFF/LIBSGL.A(sglD00.o)
 .data          0x000000000602f030        0x0 ../../Compiler/SGL_302j/LIB_COFF/LIBSGL.A(sglD01.o)
 .data          0x000000000602f030        0x0 ../../Compiler/SGL_302j/LIB_COFF/LIBSGL.A(sglD03.o)
 .data          0x000000000602f030        0x0 ../../Compiler/SGL_302j/LIB_COFF/LIBSGL.A(sglD15.o)
 .data          0x000000000602f030        0x0 ../../Compiler/SGL_302j/LIB_COFF/LIBSGL.A(sglD16.o)
 .data          0x000000000602f030        0x0 ../../Compiler/SGL_302j/LIB_COFF/LIBSGL.A(sglD17.o)
 .data          0x000000000602f030        0x0 ../../Compiler/SGL_302j/LIB_COFF/LIBSGL.A(sglD18.o)
 .data          0x000000000602f030        0x0 ../../Compiler/SGL_302j/LIB_COFF/LIBSGL.A(sglF00.o)
 .data          0x000000000602f030        0x0 ../../Compiler/SGL_302j/LIB_COFF/LIBSGL.A(sglF05.o)
 .data          0x000000000602f030        0x0 ../../Compiler/SGL_302j/LIB_COFF/LIBSGL.A(sglH00.o)
 .data          0x000000000602f030        0x0 ../../Compiler/SGL_302j/LIB_COFF/LIBSGL.A(sglH01.o)
 .data          0x000000000602f030        0x0 ../../Compiler/SGL_302j/LIB_COFF/LIBSGL.A(sglH02.o)
 .data          0x000000000602f030        0x0 ../../Compiler/SGL_302j/LIB_COFF/LIBSGL.A(sglH04.o)
 .data          0x000000000602f030        0x0 ../../Compiler/SGL_302j/LIB_COFF/LIBSGL.A(sglI01.o)
 .data          0x000000000602f030       0x80 ../../Compiler/SGL_302j/LIB_COFF/LIBSGL.A(sglIc0.o)
                0x000000000602f030                IntPrioMask
 .data          0x000000000602f0b0        0x0 ../../Compiler/SGL_302j/LIB_COFF/LIBSGL.A(sglJ00.o)
 .data          0x000000000602f0b0        0x0 ../../Compiler/SGL_302j/LIB_COFF/LIBSGL.A(sglJ01.o)
 .data          0x000000000602f0b0        0x0 ../../Compiler/SGL_302j/LIB_COFF/LIBSGL.A(sglJ02.o)
 .data          0x000000000602f0b0        0x0 ../../Compiler/SGL_302j/LIB_COFF/LIBSGL.A(sglJ03.o)
 .data          0x000000000602f0b0        0x0 ../../Compiler/SGL_302j/LIB_COFF/LIBSGL.A(sglJ04.o)
 .data          0x000000000602f0b0        0x0 ../../Compiler/SGL_302j/LIB_COFF/LIBSGL.A(sglJ05.o)
 .data          0x000000000602f0b0        0x0 ../../Compiler/SGL_302j/LIB_COFF/LIBSGL.A(sglK01.o)
 .data          0x000000000602f0b0        0x0 ../../Compiler/SGL_302j/LIB_COFF/LIBSGL.A(sglM01.o)
 .data          0x000000000602f0b0        0x0 ../../Compiler/SGL_302j/LIB_COFF/LIBSGL.A(sglA00.o)
 .data          0x000000000602f0b0        0x0 ../../Compiler/SGL_302j/LIB_COFF/LIBSGL.A(sglA01.o)
 .data          0x000000000602f0b0        0x0 ../../Compiler/SGL_302j/LIB_COFF/LIBSGL.A(sglB000.o)
 .data          0x000000000602f0b0        0x0 ../../Compiler/SGL_302j/LIB_COFF/LIBSGL.A(sglB035.o)
 .data          0x000000000602f0b0        0x0 ../../Compiler/SGL_302j/LIB_COFF/LIBSGL.A(sglC00.o)
 .data          0x000000000602f0b0        0x0 ../../Compiler/SGL_302j/LIB_COFF/LIBSGL.A(sglI00.o)
 .data          0x000000000602f0b0        0x0 ../../Compiler/SGL_302j/LIB_COFF/LIBSGL.A(sglH03.o)
 .data          0x000000000602f0b0        0x0 /home/sansigolo/Documents/joengine/Compiler/SH_NONE_ELF/bin/../lib/gcc/sh-none-elf/8.2.0/libgcc.a(_ashiftrt.o)
 .data          0x000000000602f0b0        0x0 /home/sansigolo/Documents/joengine/Compiler/SH_NONE_ELF/bin/../lib/gcc/sh-none-elf/8.2.0/libgcc.a(_sdivsi3.o)
 .data          0x000000000602f0b0        0x0 /home/sansigolo/Documents/joengine/Compiler/SH_NONE_ELF/bin/../lib/gcc/sh-none-elf/8.2.0/libgcc.a(_udivsi3.o)
 .data          0x000000000602f0b0        0x0 /home/sansigolo/Documents/joengine/Compiler/SH_NONE_ELF/bin/../lib/gcc/sh-none-elf/8.2.0/libgcc.a(_mul_sf.o)
 .data          0x000000000602f0b0        0x0 /home/sansigolo/Documents/joengine/Compiler/SH_NONE_ELF/bin/../lib/gcc/sh-none-elf/8.2.0/libgcc.a(_div_sf.o)
 .data          0x000000000602f0b0        0x0 /home/sansigolo/Documents/joengine/Compiler/SH_NONE_ELF/bin/../lib/gcc/sh-none-elf/8.2.0/libgcc.a(_sf_to_si.o)
 .data          0x000000000602f0b0        0x0 /home/sansigolo/Documents/joengine/Compiler/SH_NONE_ELF/bin/../lib/gcc/sh-none-elf/8.2.0/libgcc.a(_thenan_sf.o)
 .data          0x000000000602f0b0        0x0 /home/sansigolo/Documents/joengine/Compiler/SH_NONE_ELF/bin/../lib/gcc/sh-none-elf/8.2.0/libgcc.a(_usi_to_sf.o)
 .data          0x000000000602f0b0        0x0 /home/sansigolo/Documents/joengine/Compiler/SH_NONE_ELF/bin/../lib/gcc/sh-none-elf/8.2.0/libgcc.a(_pack_sf.o)
 .data          0x000000000602f0b0        0x0 /home/sansigolo/Documents/joengine/Compiler/SH_NONE_ELF/bin/../lib/gcc/sh-none-elf/8.2.0/libgcc.a(_unpack_sf.o)
 .data          0x000000000602f0b0        0x0 /home/sansigolo/Documents/joengine/Compiler/SH_NONE_ELF/bin/../lib/gcc/sh-none-elf/8.2.0/../../../../sh-none-elf/lib/libc.a(lib_a-memcmp.o)
 .data          0x000000000602f0b0        0x0 /home/sansigolo/Documents/joengine/Compiler/SH_NONE_ELF/bin/../lib/gcc/sh-none-elf/8.2.0/../../../../sh-none-elf/lib/libc.a(lib_a-memcpy.o)
 .data          0x000000000602f0b0        0x0 /home/sansigolo/Documents/joengine/Compiler/SH_NONE_ELF/bin/../lib/gcc/sh-none-elf/8.2.0/../../../../sh-none-elf/lib/libc.a(lib_a-memset.o)
 .data          0x000000000602f0b0        0x0 /home/sansigolo/Documents/joengine/Compiler/SH_NONE_ELF/bin/../lib/gcc/sh-none-elf/8.2.0/../../../../sh-none-elf/lib/libc.a(lib_a-sprintf.o)
 .data          0x000000000602f0b0        0x0 /home/sansigolo/Documents/joengine/Compiler/SH_NONE_ELF/bin/../lib/gcc/sh-none-elf/8.2.0/../../../../sh-none-elf/lib/libc.a(lib_a-strncmp.o)
 .data          0x000000000602f0b0        0x0 /home/sansigolo/Documents/joengine/Compiler/SH_NONE_ELF/bin/../lib/gcc/sh-none-elf/8.2.0/../../../../sh-none-elf/lib/libc.a(lib_a-strncpy.o)
 .data          0x000000000602f0b0        0x0 /home/sansigolo/Documents/joengine/Compiler/SH_NONE_ELF/bin/../lib/gcc/sh-none-elf/8.2.0/../../../../sh-none-elf/lib/libc.a(lib_a-svfprintf.o)
 .data          0x000000000602f0b0        0x0 /home/sansigolo/Documents/joengine/Compiler/SH_NONE_ELF/bin/../lib/gcc/sh-none-elf/8.2.0/../../../../sh-none-elf/lib/libc.a(lib_a-dtoa.o)
 .data          0x000000000602f0b0      0x428 /home/sansigolo/Documents/joengine/Compiler/SH_NONE_ELF/bin/../lib/gcc/sh-none-elf/8.2.0/../../../../sh-none-elf/lib/libc.a(lib_a-impure.o)
                0x000000000602f0b0                _impure_ptr
 .data          0x000000000602f4d8        0x0 /home/sansigolo/Documents/joengine/Compiler/SH_NONE_ELF/bin/../lib/gcc/sh-none-elf/8.2.0/../../../../sh-none-elf/lib/libc.a(lib_a-localeconv.o)
 .data          0x000000000602f4d8      0x16c /home/sansigolo/Documents/joengine/Compiler/SH_NONE_ELF/bin/../lib/gcc/sh-none-elf/8.2.0/../../../../sh-none-elf/lib/libc.a(lib_a-locale.o)
                0x000000000602f4d8                __global_locale
 .data          0x000000000602f644        0x0 /home/sansigolo/Documents/joengine/Compiler/SH_NONE_ELF/bin/../lib/gcc/sh-none-elf/8.2.0/../../../../sh-none-elf/lib/libc.a(lib_a-mbtowc_r.o)
 .data          0x000000000602f644        0x0 /home/sansigolo/Documents/joengine/Compiler/SH_NONE_ELF/bin/../lib/gcc/sh-none-elf/8.2.0/../../../../sh-none-elf/lib/libc.a(lib_a-memchr.o)
 .data          0x000000000602f644        0x0 /home/sansigolo/Documents/joengine/Compiler/SH_NONE_ELF/bin/../lib/gcc/sh-none-elf/8.2.0/../../../../sh-none-elf/lib/libc.a(lib_a-mprec.o)
 .data          0x000000000602f644        0x0 /home/sansigolo/Documents/joengine/Compiler/SH_NONE_ELF/bin/../lib/gcc/sh-none-elf/8.2.0/../../../../sh-none-elf/lib/libc.a(lib_a-nano-callocr.o)
 .data          0x000000000602f644        0x0 /home/sansigolo/Documents/joengine/Compiler/SH_NONE_ELF/bin/../lib/gcc/sh-none-elf/8.2.0/../../../../sh-none-elf/lib/libc.a(lib_a-nano-mallocr.o)
 .data          0x000000000602f644        0x0 /home/sansigolo/Documents/joengine/Compiler/SH_NONE_ELF/bin/../lib/gcc/sh-none-elf/8.2.0/../../../../sh-none-elf/lib/libc.a(lib_a-sbrkr.o)
 .data          0x000000000602f644        0x0 /home/sansigolo/Documents/joengine/Compiler/SH_NONE_ELF/bin/../lib/gcc/sh-none-elf/8.2.0/../../../../sh-none-elf/lib/libc.a(lib_a-strcmp.o)
 .data          0x000000000602f644        0x0 /home/sansigolo/Documents/joengine/Compiler/SH_NONE_ELF/bin/../lib/gcc/sh-none-elf/8.2.0/../../../../sh-none-elf/lib/libc.a(lib_a-strlen.o)
 .data          0x000000000602f644        0x0 /home/sansigolo/Documents/joengine/Compiler/SH_NONE_ELF/bin/../lib/gcc/sh-none-elf/8.2.0/../../../../sh-none-elf/lib/libc.a(lib_a-svfiprintf.o)
 .data          0x000000000602f644        0x0 /home/sansigolo/Documents/joengine/Compiler/SH_NONE_ELF/bin/../lib/gcc/sh-none-elf/8.2.0/../../../../sh-none-elf/lib/libc.a(lib_a-syscalls.o)
 .data          0x000000000602f644        0x0 /home/sansigolo/Documents/joengine/Compiler/SH_NONE_ELF/bin/../lib/gcc/sh-none-elf/8.2.0/../../../../sh-none-elf/lib/libc.a(lib_a-trap.o)
 .data          0x000000000602f644        0x0 /home/sansigolo/Documents/joengine/Compiler/SH_NONE_ELF/bin/../lib/gcc/sh-none-elf/8.2.0/../../../../sh-none-elf/lib/libc.a(lib_a-wctomb_r.o)
 .data          0x000000000602f644        0x0 /home/sansigolo/Documents/joengine/Compiler/SH_NONE_ELF/bin/../lib/gcc/sh-none-elf/8.2.0/../../../../sh-none-elf/lib/libc.a(lib_a-abort.o)
 .data          0x000000000602f644        0x0 /home/sansigolo/Documents/joengine/Compiler/SH_NONE_ELF/bin/../lib/gcc/sh-none-elf/8.2.0/../../../../sh-none-elf/lib/libc.a(lib_a-ctype_.o)
 .data          0x000000000602f644        0x0 /home/sansigolo/Documents/joengine/Compiler/SH_NONE_ELF/bin/../lib/gcc/sh-none-elf/8.2.0/../../../../sh-none-elf/lib/libc.a(lib_a-memmove.o)
 .data          0x000000000602f644        0x0 /home/sansigolo/Documents/joengine/Compiler/SH_NONE_ELF/bin/../lib/gcc/sh-none-elf/8.2.0/../../../../sh-none-elf/lib/libc.a(lib_a-mlock.o)
 .data          0x000000000602f644        0x0 /home/sansigolo/Documents/joengine/Compiler/SH_NONE_ELF/bin/../lib/gcc/sh-none-elf/8.2.0/../../../../sh-none-elf/lib/libc.a(lib_a-nano-freer.o)
 .data          0x000000000602f644        0x0 /home/sansigolo/Documents/joengine/Compiler/SH_NONE_ELF/bin/../lib/gcc/sh-none-elf/8.2.0/../../../../sh-none-elf/lib/libc.a(lib_a-nano-reallocr.o)
 .data          0x000000000602f644        0x0 /home/sansigolo/Documents/joengine/Compiler/SH_NONE_ELF/bin/../lib/gcc/sh-none-elf/8.2.0/../../../../sh-none-elf/lib/libc.a(lib_a-signal.o)
 .data          0x000000000602f644        0x0 /home/sansigolo/Documents/joengine/Compiler/SH_NONE_ELF/bin/../lib/gcc/sh-none-elf/8.2.0/../../../../sh-none-elf/lib/libc.a(lib_a-signalr.o)
 .data          0x000000000602f644        0x0 /home/sansigolo/Documents/joengine/Compiler/SH_NONE_ELF/bin/../lib/gcc/sh-none-elf/8.2.0/../../../../sh-none-elf/lib/libc.a(lib_a-nano-msizer.o)
 .data          0x000000000602f644        0x0 /home/sansigolo/Documents/joengine/Compiler/SH_NONE_ELF/bin/../lib/gcc/sh-none-elf/8.2.0/libgcc.a(_ashiftrt_n.o)
 .data          0x000000000602f644        0x0 /home/sansigolo/Documents/joengine/Compiler/SH_NONE_ELF/bin/../lib/gcc/sh-none-elf/8.2.0/libgcc.a(_ashiftlt.o)
 .data          0x000000000602f644        0x0 /home/sansigolo/Documents/joengine/Compiler/SH_NONE_ELF/bin/../lib/gcc/sh-none-elf/8.2.0/libgcc.a(_lshiftrt.o)
 .data          0x000000000602f644        0x0 /home/sansigolo/Documents/joengine/Compiler/SH_NONE_ELF/bin/../lib/gcc/sh-none-elf/8.2.0/libgcc.a(_udivdi3.o)
 .data          0x000000000602f644        0x0 /home/sansigolo/Documents/joengine/Compiler/SH_NONE_ELF/bin/../lib/gcc/sh-none-elf/8.2.0/libgcc.a(_umoddi3.o)
 .data          0x000000000602f644        0x0 /home/sansigolo/Documents/joengine/Compiler/SH_NONE_ELF/bin/../lib/gcc/sh-none-elf/8.2.0/libgcc.a(_addsub_df.o)
 .data          0x000000000602f644        0x0 /home/sansigolo/Documents/joengine/Compiler/SH_NONE_ELF/bin/../lib/gcc/sh-none-elf/8.2.0/libgcc.a(_mul_df.o)
 .data          0x000000000602f644        0x0 /home/sansigolo/Documents/joengine/Compiler/SH_NONE_ELF/bin/../lib/gcc/sh-none-elf/8.2.0/libgcc.a(_div_df.o)
 .data          0x000000000602f644        0x0 /home/sansigolo/Documents/joengine/Compiler/SH_NONE_ELF/bin/../lib/gcc/sh-none-elf/8.2.0/libgcc.a(_eq_df.o)
 .data          0x000000000602f644        0x0 /home/sansigolo/Documents/joengine/Compiler/SH_NONE_ELF/bin/../lib/gcc/sh-none-elf/8.2.0/libgcc.a(_ne_df.o)
 .data          0x000000000602f644        0x0 /home/sansigolo/Documents/joengine/Compiler/SH_NONE_ELF/bin/../lib/gcc/sh-none-elf/8.2.0/libgcc.a(_gt_df.o)
 .data          0x000000000602f644        0x0 /home/sansigolo/Documents/joengine/Compiler/SH_NONE_ELF/bin/../lib/gcc/sh-none-elf/8.2.0/libgcc.a(_ge_df.o)
 .data          0x000000000602f644        0x0 /home/sansigolo/Documents/joengine/Compiler/SH_NONE_ELF/bin/../lib/gcc/sh-none-elf/8.2.0/libgcc.a(_lt_df.o)
 .data          0x000000000602f644        0x0 /home/sansigolo/Documents/joengine/Compiler/SH_NONE_ELF/bin/../lib/gcc/sh-none-elf/8.2.0/libgcc.a(_le_df.o)
 .data          0x000000000602f644        0x0 /home/sansigolo/Documents/joengine/Compiler/SH_NONE_ELF/bin/../lib/gcc/sh-none-elf/8.2.0/libgcc.a(_unord_df.o)
 .data          0x000000000602f644        0x0 /home/sansigolo/Documents/joengine/Compiler/SH_NONE_ELF/bin/../lib/gcc/sh-none-elf/8.2.0/libgcc.a(_si_to_df.o)
 .data          0x000000000602f644        0x0 /home/sansigolo/Documents/joengine/Compiler/SH_NONE_ELF/bin/../lib/gcc/sh-none-elf/8.2.0/libgcc.a(_df_to_si.o)
 .data          0x000000000602f644        0x0 /home/sansigolo/Documents/joengine/Compiler/SH_NONE_ELF/bin/../lib/gcc/sh-none-elf/8.2.0/libgcc.a(_thenan_df.o)
 .data          0x000000000602f644        0x0 /home/sansigolo/Documents/joengine/Compiler/SH_NONE_ELF/bin/../lib/gcc/sh-none-elf/8.2.0/libgcc.a(_usi_to_df.o)
 .data          0x000000000602f644        0x0 /home/sansigolo/Documents/joengine/Compiler/SH_NONE_ELF/bin/../lib/gcc/sh-none-elf/8.2.0/libgcc.a(_udiv_qrnnd_16.o)
 .data          0x000000000602f644        0x0 /home/sansigolo/Documents/joengine/Compiler/SH_NONE_ELF/bin/../lib/gcc/sh-none-elf/8.2.0/libgcc.a(_clz.o)
 .data          0x000000000602f644        0x0 /home/sansigolo/Documents/joengine/Compiler/SH_NONE_ELF/bin/../lib/gcc/sh-none-elf/8.2.0/libgcc.a(_clzsi2.o)
 .data          0x000000000602f644        0x0 /home/sansigolo/Documents/joengine/Compiler/SH_NONE_ELF/bin/../lib/gcc/sh-none-elf/8.2.0/libgcc.a(_pack_df.o)
 .data          0x000000000602f644        0x0 /home/sansigolo/Documents/joengine/Compiler/SH_NONE_ELF/bin/../lib/gcc/sh-none-elf/8.2.0/libgcc.a(_unpack_df.o)
 .data          0x000000000602f644        0x0 /home/sansigolo/Documents/joengine/Compiler/SH_NONE_ELF/bin/../lib/gcc/sh-none-elf/8.2.0/libgcc.a(_fpcmp_parts_df.o)
                0x000000000602f644                __edata = .

.bss            0x000000000602f650    0x82f1c
                0x000000000602f650                __bstart = .
 *(.bss)
 .bss           0x000000000602f650        0x0 ../../Compiler/SGL_302j/LIB_COFF/SGLAREA.O
 .bss           0x000000000602f650    0x82ea0 /tmp/cc8sp83o.ltrans0.ltrans.o
 .bss           0x00000000060b24f0        0x4 ../../Compiler/SGL_302j/LIB_COFF/SEGA_SYS.A(sys_exit.o)
 *fill*         0x00000000060b24f4        0xc 
 .bss           0x00000000060b2500        0x0 ../../Compiler/SGL_302j/LIB_COFF/SEGA_SYS.A(sys_sub.o)
 .bss           0x00000000060b2500        0x0 ../../Compiler/SGL_302j/LIB_COFF/LIBCD.A(CDC_CMN.O)
 .bss           0x00000000060b2500        0x0 ../../Compiler/SGL_302j/LIB_COFF/LIBCD.A(CDC_CFS.O)
 .bss           0x00000000060b2500        0x2 ../../Compiler/SGL_302j/LIB_COFF/LIBCD.A(CDC_REG.O)
 *fill*         0x00000000060b2502        0xe 
 .bss           0x00000000060b2510        0xc ../../Compiler/SGL_302j/LIB_COFF/LIBCD.A(CDC_SUB.O)
 *fill*         0x00000000060b251c        0x4 
 .bss           0x00000000060b2520        0x0 ../../Compiler/SGL_302j/LIB_COFF/LIBCD.A(GFS.O)
 .bss           0x00000000060b2520        0x0 ../../Compiler/SGL_302j/LIB_COFF/LIBCD.A(GFS_BUF.O)
 .bss           0x00000000060b2520        0x0 ../../Compiler/SGL_302j/LIB_COFF/LIBCD.A(GFS_CDB.O)
 .bss           0x00000000060b2520        0x0 ../../Compiler/SGL_302j/LIB_COFF/LIBCD.A(GFS_CDC.O)
 .bss           0x00000000060b2520        0x0 ../../Compiler/SGL_302j/LIB_COFF/LIBCD.A(GFS_CDF.O)
 .bss           0x00000000060b2520        0x0 ../../Compiler/SGL_302j/LIB_COFF/LIBCD.A(GFS_DIR.O)
 .bss           0x00000000060b2520        0xc ../../Compiler/SGL_302j/LIB_COFF/LIBCD.A(GFS_TRN.O)
 *fill*         0x00000000060b252c        0x4 
 .bss           0x00000000060b2530        0x0 ../../Compiler/SGL_302j/LIB_COFF/LIBCD.A(CDC_DRV.O)
 .bss           0x00000000060b2530        0x0 ../../Compiler/SGL_302j/LIB_COFF/LIBCD.A(CDC_DEV.O)
 .bss           0x00000000060b2530        0x0 ../../Compiler/SGL_302j/LIB_COFF/LIBCD.A(CDC_SEL.O)
 .bss           0x00000000060b2530        0x0 ../../Compiler/SGL_302j/LIB_COFF/LIBCD.A(CDC_BIF.O)
 .bss           0x00000000060b2530        0x0 ../../Compiler/SGL_302j/LIB_COFF/LIBCD.A(CDC_BIO.O)
 .bss           0x00000000060b2530        0x0 ../../Compiler/SGL_302j/LIB_COFF/LIBSGL.A(sglA15.o)
 .bss           0x00000000060b2530        0x0 ../../Compiler/SGL_302j/LIB_COFF/LIBSGL.A(sglA20.o)
 .bss           0x00000000060b2530        0x0 ../../Compiler/SGL_302j/LIB_COFF/LIBSGL.A(sglA21.o)
 .bss           0x00000000060b2530        0x0 ../../Compiler/SGL_302j/LIB_COFF/LIBSGL.A(sglA27.o)
 .bss           0x00000000060b2530        0x0 ../../Compiler/SGL_302j/LIB_COFF/LIBSGL.A(sglB001.o)
 .bss           0x00000000060b2530        0x0 ../../Compiler/SGL_302j/LIB_COFF/LIBSGL.A(sglB011.o)
 .bss           0x00000000060b2530        0x0 ../../Compiler/SGL_302j/LIB_COFF/LIBSGL.A(sglB015.o)
 .bss           0x00000000060b2530        0x0 ../../Compiler/SGL_302j/LIB_COFF/LIBSGL.A(sglB016.o)
 .bss           0x00000000060b2530        0x0 ../../Compiler/SGL_302j/LIB_COFF/LIBSGL.A(sglB032.o)
 .bss           0x00000000060b2530        0x0 ../../Compiler/SGL_302j/LIB_COFF/LIBSGL.A(sglB053.o)
 .bss           0x00000000060b2530        0x0 ../../Compiler/SGL_302j/LIB_COFF/LIBSGL.A(sglB056.o)
 .bss           0x00000000060b2530        0x0 ../../Compiler/SGL_302j/LIB_COFF/LIBSGL.A(sglB063.o)
 .bss           0x00000000060b2530        0x0 ../../Compiler/SGL_302j/LIB_COFF/LIBSGL.A(sglB200.o)
 .bss           0x00000000060b2530        0x0 ../../Compiler/SGL_302j/LIB_COFF/LIBSGL.A(sglC05.o)
 .bss           0x00000000060b2530        0x0 ../../Compiler/SGL_302j/LIB_COFF/LIBSGL.A(sglC06.o)
 .bss           0x00000000060b2530        0x0 ../../Compiler/SGL_302j/LIB_COFF/LIBSGL.A(sglC07.o)
 .bss           0x00000000060b2530        0x0 ../../Compiler/SGL_302j/LIB_COFF/LIBSGL.A(sglC08.o)
 .bss           0x00000000060b2530        0x0 ../../Compiler/SGL_302j/LIB_COFF/LIBSGL.A(sglC20.o)
 .bss           0x00000000060b2530        0x0 ../../Compiler/SGL_302j/LIB_COFF/LIBSGL.A(sglD00.o)
 .bss           0x00000000060b2530        0x0 ../../Compiler/SGL_302j/LIB_COFF/LIBSGL.A(sglD01.o)
 .bss           0x00000000060b2530        0x0 ../../Compiler/SGL_302j/LIB_COFF/LIBSGL.A(sglD03.o)
 .bss           0x00000000060b2530        0x0 ../../Compiler/SGL_302j/LIB_COFF/LIBSGL.A(sglD15.o)
 .bss           0x00000000060b2530        0x0 ../../Compiler/SGL_302j/LIB_COFF/LIBSGL.A(sglD16.o)
 .bss           0x00000000060b2530        0x0 ../../Compiler/SGL_302j/LIB_COFF/LIBSGL.A(sglD17.o)
 .bss           0x00000000060b2530        0x0 ../../Compiler/SGL_302j/LIB_COFF/LIBSGL.A(sglD18.o)
 .bss           0x00000000060b2530        0x0 ../../Compiler/SGL_302j/LIB_COFF/LIBSGL.A(sglF00.o)
 .bss           0x00000000060b2530        0x0 ../../Compiler/SGL_302j/LIB_COFF/LIBSGL.A(sglF05.o)
 .bss           0x00000000060b2530        0x0 ../../Compiler/SGL_302j/LIB_COFF/LIBSGL.A(sglH00.o)
 .bss           0x00000000060b2530        0x0 ../../Compiler/SGL_302j/LIB_COFF/LIBSGL.A(sglH01.o)
 .bss           0x00000000060b2530        0x0 ../../Compiler/SGL_302j/LIB_COFF/LIBSGL.A(sglH02.o)
 .bss           0x00000000060b2530        0x0 ../../Compiler/SGL_302j/LIB_COFF/LIBSGL.A(sglH04.o)
 .bss           0x00000000060b2530        0x0 ../../Compiler/SGL_302j/LIB_COFF/LIBSGL.A(sglI01.o)
 .bss           0x00000000060b2530        0x0 ../../Compiler/SGL_302j/LIB_COFF/LIBSGL.A(sglIc0.o)
 .bss           0x00000000060b2530        0x0 ../../Compiler/SGL_302j/LIB_COFF/LIBSGL.A(sglJ00.o)
 .bss           0x00000000060b2530        0x0 ../../Compiler/SGL_302j/LIB_COFF/LIBSGL.A(sglJ01.o)
 .bss           0x00000000060b2530        0x0 ../../Compiler/SGL_302j/LIB_COFF/LIBSGL.A(sglJ02.o)
 .bss           0x00000000060b2530        0x0 ../../Compiler/SGL_302j/LIB_COFF/LIBSGL.A(sglJ03.o)
 .bss           0x00000000060b2530        0x0 ../../Compiler/SGL_302j/LIB_COFF/LIBSGL.A(sglJ04.o)
 .bss           0x00000000060b2530        0x0 ../../Compiler/SGL_302j/LIB_COFF/LIBSGL.A(sglJ05.o)
 .bss           0x00000000060b2530        0x0 ../../Compiler/SGL_302j/LIB_COFF/LIBSGL.A(sglK01.o)
 .bss           0x00000000060b2530        0x0 ../../Compiler/SGL_302j/LIB_COFF/LIBSGL.A(sglM01.o)
 .bss           0x00000000060b2530        0x0 ../../Compiler/SGL_302j/LIB_COFF/LIBSGL.A(sglA00.o)
 .bss           0x00000000060b2530        0x0 ../../Compiler/SGL_302j/LIB_COFF/LIBSGL.A(sglA01.o)
 .bss           0x00000000060b2530        0x0 ../../Compiler/SGL_302j/LIB_COFF/LIBSGL.A(sglB000.o)
 .bss           0x00000000060b2530        0x0 ../../Compiler/SGL_302j/LIB_COFF/LIBSGL.A(sglB035.o)
 .bss           0x00000000060b2530        0x0 ../../Compiler/SGL_302j/LIB_COFF/LIBSGL.A(sglC00.o)