Archive member included to satisfy reference by file (symbol)

../../Compiler/SGL_302j/LIB_COFF/SEGA_SYS.A(sys_exit.o)
                              ../../jo_engine/core.o (symbol from plugin) (SYS_Exit)
../../Compiler/SGL_302j/LIB_COFF/SEGA_SYS.A(sys_sub.o)
                              ../../Compiler/SGL_302j/LIB_COFF/SEGA_SYS.A(sys_exit.o) (SYSUB_SetStackptr)
../../Compiler/SGL_302j/LIB_COFF/LIBCD.A(CDC_CMN.O)
                              ../../Compiler/SGL_302j/LIB_COFF/SEGA_SYS.A(sys_exit.o) (CDC_GetCurStat)
../../Compiler/SGL_302j/LIB_COFF/LIBCD.A(CDC_CFS.O)
                              ../../Compiler/SGL_302j/LIB_COFF/SEGA_SYS.A(sys_exit.o) (CDC_ChgDir)
../../Compiler/SGL_302j/LIB_COFF/LIBCD.A(CDC_REG.O)
                              ../../Compiler/SGL_302j/LIB_COFF/SEGA_SYS.A(sys_exit.o) (CDC_GetHirqReq)
../../Compiler/SGL_302j/LIB_COFF/LIBCD.A(CDC_SUB.O)
                              ../../Compiler/SGL_302j/LIB_COFF/LIBCD.A(CDC_CMN.O) (CDSUB_UpdStatus)
../../Compiler/SGL_302j/LIB_COFF/LIBCD.A(GFS.O)
                              ../../jo_engine/fs.o (symbol from plugin) (GFS_Init)
../../Compiler/SGL_302j/LIB_COFF/LIBCD.A(GFS_BUF.O)
                              ../../Compiler/SGL_302j/LIB_COFF/LIBCD.A(GFS.O) (GFBF_GetNumData)
../../Compiler/SGL_302j/LIB_COFF/LIBCD.A(GFS_CDB.O)
                              ../../Compiler/SGL_302j/LIB_COFF/LIBCD.A(GFS.O) (GFCB_Close)
../../Compiler/SGL_302j/LIB_COFF/LIBCD.A(GFS_CDC.O)
                              ../../Compiler/SGL_302j/LIB_COFF/LIBCD.A(GFS.O) (GFCD_SetCdbfs)
../../Compiler/SGL_302j/LIB_COFF/LIBCD.A(GFS_CDF.O)
                              ../../Compiler/SGL_302j/LIB_COFF/LIBCD.A(GFS.O) (GFCF_Init)
../../Compiler/SGL_302j/LIB_COFF/LIBCD.A(GFS_DIR.O)
                              ../../Compiler/SGL_302j/LIB_COFF/LIBCD.A(GFS.O) (GFDR_SetupDirTbl)
../../Compiler/SGL_302j/LIB_COFF/LIBCD.A(GFS_TRN.O)
                              ../../Compiler/SGL_302j/LIB_COFF/LIBCD.A(GFS.O) (GFTR_Setup)
../../Compiler/SGL_302j/LIB_COFF/LIBCD.A(CDC_DRV.O)
                              ../../Compiler/SGL_302j/LIB_COFF/LIBCD.A(GFS_CDC.O) (CDC_CdPlay)
../../Compiler/SGL_302j/LIB_COFF/LIBCD.A(CDC_DEV.O)
                              ../../Compiler/SGL_302j/LIB_COFF/LIBCD.A(GFS_CDC.O) (CDC_CdSetCon)
../../Compiler/SGL_302j/LIB_COFF/LIBCD.A(CDC_SEL.O)
                              ../../Compiler/SGL_302j/LIB_COFF/LIBCD.A(GFS_CDC.O) (CDC_SetFiltRange)
../../Compiler/SGL_302j/LIB_COFF/LIBCD.A(CDC_BIF.O)
                              ../../Compiler/SGL_302j/LIB_COFF/LIBCD.A(GFS_CDC.O) (CDC_GetBufSiz)
../../Compiler/SGL_302j/LIB_COFF/LIBCD.A(CDC_BIO.O)
                              ../../Compiler/SGL_302j/LIB_COFF/LIBCD.A(GFS_CDC.O) (CDC_SetSctLen)
../../Compiler/SGL_302j/LIB_COFF/LIBSGL.A(sglA15.o)
                              ../../jo_engine/core.o (symbol from plugin) (slSlaveFunc)
../../Compiler/SGL_302j/LIB_COFF/LIBSGL.A(sglA20.o)
                              ../../jo_engine/core.o (symbol from plugin) (slUnitMatrix)
../../Compiler/SGL_302j/LIB_COFF/LIBSGL.A(sglA21.o)
                              ../../jo_engine/map.o (symbol from plugin) (slPushMatrix)
../../Compiler/SGL_302j/LIB_COFF/LIBSGL.A(sglA27.o)
                              ../../jo_engine/map.o (symbol from plugin) (slTranslate)
../../Compiler/SGL_302j/LIB_COFF/LIBSGL.A(sglB001.o)
                              ../../jo_engine/core.o (symbol from plugin) (slTVOn)
../../Compiler/SGL_302j/LIB_COFF/LIBSGL.A(sglB011.o)
                              ../../jo_engine/core.o (symbol from plugin) (slBitMapNbg1)
../../Compiler/SGL_302j/LIB_COFF/LIBSGL.A(sglB015.o)
                              ../../jo_engine/core.o (symbol from plugin) (slScrAutoDisp)
../../Compiler/SGL_302j/LIB_COFF/LIBSGL.A(sglB016.o)
                              ../../jo_engine/core.o (symbol from plugin) (slBack1ColSet)
../../Compiler/SGL_302j/LIB_COFF/LIBSGL.A(sglB032.o)
                              ../../jo_engine/core.o (symbol from plugin) (slMapNbg1)
../../Compiler/SGL_302j/LIB_COFF/LIBSGL.A(sglB053.o)
                              ../../jo_engine/core.o (symbol from plugin) (slZoomNbg1)
../../Compiler/SGL_302j/LIB_COFF/LIBSGL.A(sglB056.o)
                              ../../jo_engine/core.o (symbol from plugin) (slPlaneNbg1)
../../Compiler/SGL_302j/LIB_COFF/LIBSGL.A(sglB063.o)
                              ../../jo_engine/core.o (symbol from plugin) (slPriority)
../../Compiler/SGL_302j/LIB_COFF/LIBSGL.A(sglB200.o)
                              ../../jo_engine/core.o (symbol from plugin) (slCharNbg0)
../../Compiler/SGL_302j/LIB_COFF/LIBSGL.A(sglC05.o)
                              ../../jo_engine/sprites.o (symbol from plugin) (slSetSprite)
../../Compiler/SGL_302j/LIB_COFF/LIBSGL.A(sglC06.o)
                              ../../jo_engine/sprites.o (symbol from plugin) (slDispSprite)
../../Compiler/SGL_302j/LIB_COFF/LIBSGL.A(sglC07.o)
                              ../../jo_engine/sprites.o (symbol from plugin) (slPutSprite)
[...]
Memory Configuration

Name             Origin             Length             Attributes
*default*        0x0000000000000000 0xffffffffffffffff

Linker script and memory map

TARGET(coff-sh)

SLSTART         0x0000000006004000       0x28
                0x0000000006004000                ___Start = .
 *(SLSTART)
 SLSTART        0x0000000006004000       0x28 ../../Compiler/SGL_302j/LIB_COFF/LIBSGL.A(sglI00.o)
                0x0000000006004000                SGL_Start
                0x0000000006004002                slStartSGL

.text           0x0000000006004040    0x10358
 *(.text)
 .text          0x0000000006004040        0x0 ../../Compiler/SGL_302j/LIB_COFF/SGLAREA.O
 .text          0x0000000006004040     0x35ec /tmp/ccpZ9BhW.ltrans0.ltrans.o
 *fill*         0x000000000600762c        0x4 
 .text          0x0000000006007630      0x238 ../../Compiler/SGL_302j/LIB_COFF/SEGA_SYS.A(sys_exit.o)
                0x0000000006007630                sys_version
                0x0000000006007650                SYS_Exit
 *fill*         0x0000000006007868        0x8 
 .text          0x0000000006007870        0x6 ../../Compiler/SGL_302j/LIB_COFF/SEGA_SYS.A(sys_sub.o)
                0x0000000006007870                SYSUB_SetStackptr
 *fill*         0x0000000006007876        0xa 
 .text          0x0000000006007880      0x3a0 ../../Compiler/SGL_302j/LIB_COFF/LIBCD.A(CDC_CMN.O)
                0x0000000006007880                CDC_GetCurStat
                0x00000000060078d0                CDC_GetLastStat
                0x00000000060078e8                CDC_GetPeriStat
                0x00000000060079bc                CDC_GetHwInfo
                0x0000000006007a24                CDC_TgetToc
                0x0000000006007a74                CDC_GetSes
                0x0000000006007ab0                CDC_CdInit
                0x0000000006007b34                CDC_CdOpen
                0x0000000006007b5c                CDC_DataReady
                0x0000000006007bc8                CDC_DataEnd
 .text          0x0000000006007c20      0x194 ../../Compiler/SGL_302j/LIB_COFF/LIBCD.A(CDC_CFS.O)
                0x0000000006007c20                CDC_ChgDir
                0x0000000006007c54                CDC_ReadDir
                0x0000000006007c88                CDC_GetFileScope
                0x0000000006007ce8                CDC_TgetFileInfo
                0x0000000006007d44                CDC_ReadFile
                0x0000000006007d78                CDC_AbortFile
 *fill*         0x0000000006007db4        0xc 
 .text          0x0000000006007dc0      0x2dc ../../Compiler/SGL_302j/LIB_COFF/LIBCD.A(CDC_REG.O)
                0x0000000006007dc0                CDC_GetDataPtr
                0x0000000006007dd0                CDC_GetHirqReq
                0x0000000006007de4                CDC_ClrHirqReq
                0x0000000006007e14                CDREG_ClrHirqReq
                0x0000000006007e24                CDREG_InitHirqReq
                0x0000000006007e4c                CDREG_SetHirqFlag
                0x0000000006007e60                CDC_GetHirqMsk
                0x0000000006007e74                CDC_SetHirqMsk
                0x0000000006007e84                CDC_GetMpegPtr
                0x0000000006007e94                CDREG_TgetData
                0x0000000006007ef0                CDREG_CmdRsp
                0x0000000006007ff0                CDREG_WaitHirq
                0x0000000006008060                CDREG_ReadRsp
 *fill*         0x000000000600809c        0x4 
 .text          0x00000000060080a0      0x152 ../../Compiler/SGL_302j/LIB_COFF/LIBCD.A(CDC_SUB.O)
                0x00000000060080a0                CDSUB_UpdStatus
                0x00000000060080b8                CDSUB_UpdCdstat
                0x00000000060080d8                CDSUB_CdCmd
                0x0000000006008148                CDSUB_GetCdstat
                0x0000000006008188                CDSUB_RspToCdstat
                0x00000000060081d0                CDSUB_SoftTimer
 *fill*         0x00000000060081f2        0xe 
 .text          0x0000000006008200     0x1adc ../../Compiler/SGL_302j/LIB_COFF/LIBCD.A(GFS.O)
                0x0000000006008200                gfs_version
                0x0000000006008220                GFS_Init
                0x0000000006008308                GFS_LoadDir
                0x00000000060083b0                GFS_SetDir
                0x0000000006008418                GFS_NameToId
                0x000000000600847c                GFS_IdToName
                0x00000000060084e8                GFS_GetDirInfo
                0x0000000006008558                GFS_Reset
                0x00000000060085dc                GFS_Open
                0x0000000006008690                GFS_Close
                0x00000000060086c8                GFS_Seek
                0x000000000600877c                GFS_Tell
                0x00000000060087cc                GFS_IsEof
                0x0000000006008820                GFS_ByteToSct
                0x000000000600887c                GFS_GetFileSize
                0x00000000060088d8                GFS_GetFileInfo
                0x000000000600894c                GFS_GetNumCdbuf
                0x0000000006008974                GFS_Load
                0x0000000006008a38                GFS_Fread
                0x0000000006008ad4                gfs_waitRead
                0x0000000006008b7c                GFS_NwFread
                0x0000000006008c88                GFS_NwCdRead
                0x0000000006008d00                GFS_NwIsComplete
                0x0000000006008d38                GFS_NwStop
                0x0000000006008da4                GFS_NwGetStat
                0x0000000006008e20                gfs_recovRdErr
                0x0000000006008e50                GFS_NwExecOne
                0x0000000006008f10                GFS_NwExecServer
                0x0000000006008f8c                GFS_SetGmode
                0x0000000006008ff0                GFS_SetTmode
                0x000000000600905c                GFS_SetReadPara
                0x00000000060090c0                GFS_SetTransPara
                0x000000000600912c                GFS_SetTrFunc
                0x0000000006009190                GFS_StartTrans
                0x00000000060091dc                GFS_CdMovePickup
                0x0000000006009248                GFS_SetErrFunc
                0x0000000006009274                GFS_GetErrStat
                0x0000000006009298                GFS_ConvTno
                0x00000000060092c0                gfs_chgRoot
                0x000000000600938c                gfs_aborttrans
                0x0000000006009398                gfs_mngSetupFuncTbl
                0x00000000060093cc                gfs_mngInitWork
                0x0000000006009470                gfs_mngGetNumFile
                0x00000000060094d8                GFS_mngAllocGrp
                0x0000000006009520                gfs_mngFreeGrp
                0x000000000600952c                gfs_mngTermAccess
                0x00000000060095b0                gfs_mngSetErrCode
                0x0000000006009630                gfs_svrSearchHndl
                0x0000000006009670                gfs_svrAddHndl
                0x00000000060096ac                gfs_svrRemoveHndl
                0x0000000006009708                GFS_OpenSub
                0x0000000006009760                gfs_loadVol
                0x0000000006009824                gfs_getRootDir
                0x0000000006009920                gfs_loadRootDir
                0x00000000060099a8                gfs_flowIn
                0x0000000006009a50                gfs_transData
                0x0000000006009af4                GFS_GetFad
                0x0000000006009b4c                gfs_SetSct
                0x0000000006009b8c                gfs_GetFinfo
                0x0000000006009bcc                gfs_closeSub
                0x0000000006009c08                gfs_getGmode
                0x0000000006009c14                gfs_isTaskDone
                0x0000000006009c68                gfs_convFinStat
 *fill*         0x0000000006009cdc        0x4 
 .text          0x0000000006009ce0      0x106 ../../Compiler/SGL_302j/LIB_COFF/LIBCD.A(GFS_BUF.O)
                0x0000000006009d10                GFBF_GetTranData
                0x0000000006009d38                GFBF_GetNumData
                0x0000000006009d68                GFBF_GetSrcPk
                0x0000000006009d90                GFBF_GetSctData
                0x0000000006009db4                GFBF_RtnPk
                0x0000000006009ddc                gfbf_getSctDt
 *fill*         0x0000000006009de6        0xa 
 .text          0x0000000006009df0      0x600 ../../Compiler/SGL_302j/LIB_COFF/LIBCD.A(GFS_CDB.O)
                0x0000000006009df0                GFCB_Setup
                0x0000000006009f10                GFCB_Close
                0x0000000006009f38                GFCB_GetLenData
                0x0000000006009fe4                GFCB_GetLenRoom
                0x0000000006009ff0                GFCB_SetFilt
                0x000000000600a058                GFCB_DeleteAllData
                0x000000000600a080                GFCB_Tell
                0x000000000600a090                gfcb_getSctNum
                0x000000000600a0e0                GFCB_Seek
                0x000000000600a1dc                GFCB_GetSrcPack
                0x000000000600a2bc                GFCB_GetSctData
                0x000000000600a2f4                GFCB_GetDstPack
                0x000000000600a300                GFCB_RtnPk
                0x000000000600a348                GFCB_MovePickup
                0x000000000600a364                GFCB_SetCon
                0x000000000600a398                GFCB_GetPickup
                0x000000000600a3c0                GFCB_IsPuOwner
                0x000000000600a3d8                GFCB_UngetPickup
 .text          0x000000000600a3f0     0x1a10 ../../Compiler/SGL_302j/LIB_COFF/LIBCD.A(GFS_CDC.O)
                0x000000000600a3f0                GFCD_SetCdbfs
                0x000000000600a41c                GFCD_Init
                0x000000000600a620                GFCD_AllocFilt
                0x000000000600a65c                GFCD_FreeFilt
                0x000000000600a68c                GFCD_AllocBuf
                0x000000000600a6c0                GFCD_FreeBuf
                0x000000000600a764                GFCD_GetBaseFad
                0x000000000600a798                GFCD_GetPickup
                0x000000000600a7cc                GFCD_UngetPickup
                0x000000000600a7f8                GFCD_IsPuOwner
                0x000000000600a81c                GFCD_SetFilt
                0x000000000600a8e0                GFCD_GetFilt
                0x000000000600a928                GFCD_SetCon
                0x000000000600a980                GFCD_Play
                0x000000000600a9e0                GFCD_GetLenData
                0x000000000600aa48                GFCD_ReqData
                0x000000000600aaa4                GFCD_EndData
                0x000000000600aaec                GFCD_DelSctData
                0x000000000600ab44                GFCD_CheckDelSctData
                0x000000000600ab74                GFCD_GetStat
                0x000000000600ac28                GFCD_MovePickup
                0x000000000600ac74                GFCD_MoveSctData
                0x000000000600ace8                GFCD_CheckMove
                0x000000000600ad0c                GFCD_GetSctInfo
                0x000000000600ad54                GFCD_ChgDir
                0x000000000600adc8                GFCD_SetFiltCon
                0x000000000600aeb0                GFCD_GetFileInfo
                0x000000000600af8c                GFCD_GetBufSiz
                0x000000000600afc4                GFCD_ExecServer
                0x000000000600b098                gfcd_isIdleTask
                0x000000000600b124                gfcd_doTask
                0x000000000600b1d0                GFCD_SetTimer
                0x000000000600b1e4                GFCD_WaitServer
                0x000000000600b220                gfcd_doSetFiltTsk
                0x000000000600b3e4                gfcd_doSetConTsk
                0x000000000600b474                gfcd_doGetLenDataTsk
                0x000000000600b5c8                gfcd_doReqDataTsk
                0x000000000600b668                gfcd_doDelSctDataTsk
                0x000000000600b79c                gfcd_doMoveSctTsk
                0x000000000600b900                gfcd_doChgDirTsk
                0x000000000600bafc                gfcd_doSetFiltConTsk
                0x000000000600bc40                gfcd_checkEflag
                0x000000000600bc64                gfcd_initCdbMng
                0x000000000600bce4                gfcd_setStat
                0x000000000600bd10                GFCD_SetCsctFunc
                0x000000000600bd2c                GFCD_ChkScdqFlag
                0x000000000600bd50                GFCD_ClrScdqFlag
                0x000000000600bd6c                GFCD_WaitScdqFlag
                0x000000000600bdb0                GFCD_WaitPause
 .text          0x000000000600be00      0x8d8 ../../Compiler/SGL_302j/LIB_COFF/LIBCD.A(GFS_CDF.O)
                0x000000000600be00                GFCF_Init
                0x000000000600bea0                GFCF_Setup
                0x000000000600bfe8                GFCF_SetSct
                0x000000000600c02c                GFCF_GetFileInfo
                0x000000000600c0a0                GFCF_FlowInBuf
                0x000000000600c1f4                GFCF_StopInBuf
                0x000000000600c294                GFCF_Recover
                0x000000000600c2dc                GFCF_Tell
                0x000000000600c2f4                GFCF_Seek
                0x000000000600c30c                GFCF_MovePickup
                0x000000000600c3a8                GFCF_cnvIntlvOfs
                0x000000000600c3fc                GFCF_GetStat
                0x000000000600c494                gfcf_getSctSize
                0x000000000600c4d0                gfcf_isCdOk
                0x000000000600c590                gfcf_getPlayRange
 *fill*         0x000000000600c6d8        0x8 
 .text          0x000000000600c6e0      0x92c ../../Compiler/SGL_302j/LIB_COFF/LIBCD.A(GFS_DIR.O)
                0x000000000600c6e0                GFDR_SetupDirTbl
                0x000000000600c754                GFDR_NameToId
                0x000000000600c7b4                GFDR_GetInfoDirId
                0x000000000600c7c8                GFDR_GetInfoDirName
                0x000000000600c7dc                GFDR_GetAtrDirId
                0x000000000600c7f4                GFDR_GetAtrDirName
                0x000000000600c80c                GFDR_ChgRoot
                0x000000000600c824                GFDR_ChgDir
                0x000000000600c898                gfdr_setupDirIdTbl
                0x000000000600c91c                gfdr_setupDirNameTbl
                0x000000000600c9c8                gfdr_open
                0x000000000600c9f0                gfdr_read
                0x000000000600cab0                gfdr_readByte
                0x000000000600cadc                gfdr_readWord
                0x000000000600cb08                gfdr_readWordNB
                0x000000000600cb5c                gfdr_readLongNB
                0x000000000600cba8                gfdr_readLongNM
                0x000000000600cbd0                gfdr_setNextRec
                0x000000000600cc54                gfdr_readDirEnt
                0x000000000600cfd0                gfdr_setDirrecCd
 *fill*         0x000000000600d00c        0x4 
 .text          0x000000000600d010      0x9c6 ../../Compiler/SGL_302j/LIB_COFF/LIBCD.A(GFS_TRN.O)
                0x000000000600d040                GFTR_Setup
                0x000000000600d084                GFTR_SetMode
                0x000000000600d098                GFTR_SetUnit
                0x000000000600d0a4                GFTR_SetTransPara
                0x000000000600d0d8                GFTR_GetTransPara
                0x000000000600d0e4                GFTR_GetNumTrans
                0x000000000600d0f0                GFTR_SetTransMax
                0x000000000600d0fc                GFTR_Start
                0x000000000600d108                GFTR_Pause
                0x000000000600d114                GFTR_Stop
                0x000000000600d1cc                GFTR_Exec
                0x000000000600d250                GFTR_Idle
                0x000000000600d2c8                GFTR_ExecSvr
                0x000000000600d3d0                gftr_getSrcPack
                0x000000000600d458                gftr_getDstPack
                0x000000000600d4b4                gftr_reqScu
                0x000000000600d4c0                gftr_execScu
                0x000000000600d55c                gftr_remScu
                0x000000000600d590                gfdma_canUse
                0x000000000600d59c                gfdma_exec
                0x000000000600d60c                gfdma_getBytecnt
                0x000000000600d644                gftr_reqDma0
                0x000000000600d65c                gftr_execSdma0
                0x000000000600d680                gftr_remDma0
                0x000000000600d698                gftr_reqDma1
                0x000000000600d6b0                gftr_execSdma1
                0x000000000600d6d4                gftr_remDma1
                0x000000000600d6ec                gftr_reqCpu
                0x000000000600d6f8                gftr_execCpu
                0x000000000600d738                gftr_remCpu
                0x000000000600d744                gftr_reqTrn
                0x000000000600d7b4                gftr_execTrn
                0x000000000600d88c                gftr_remTrn
                0x000000000600d900                gftr_copyFrac
                0x000000000600d928                GFTR_GetLenData
                0x000000000600d934                GFTR_GetLenRoom
                0x000000000600d94c                GFTR_GetDstPack
                0x000000000600d980                GFTR_RtnDstPk
                0x000000000600d99c                GFTR_GetData
                0x000000000600d9b0                GFTR_SetData
                0x000000000600d9c4                GFTR_SetTransFunc
 *fill*         0x000000000600d9d6        0xa 
 .text          0x000000000600d9e0      0x130 ../../Compiler/SGL_302j/LIB_COFF/LIBCD.A(CDC_DRV.O)
                0x000000000600d9e0                CDC_CdPlay
                0x000000000600daac                CDC_CdSeek
                0x000000000600dae0                CDC_CdScan
 .text          0x000000000600db10       0xa8 ../../Compiler/SGL_302j/LIB_COFF/LIBCD.A(CDC_DEV.O)
                0x000000000600db10                CDC_CdSetCon
                0x000000000600db40                CDC_CdGetCon
                0x000000000600db7c                CDC_CdGetLastBuf
 *fill*         0x000000000600dbb8        0x8 
 .text          0x000000000600dbc0      0x2b8 ../../Compiler/SGL_302j/LIB_COFF/LIBCD.A(CDC_SEL.O)
                0x000000000600dbc0                CDC_SetFiltRange
                0x000000000600dbf4                CDC_GetFiltRange
                0x000000000600dc4c                CDC_SetFiltSubh
                0x000000000600dcbc                CDC_GetFiltSubh
                0x000000000600dd38                CDC_SetFiltMode
                0x000000000600dd6c                CDC_GetFiltMode
                0x000000000600ddb0                CDC_SetFiltCon
                0x000000000600ddf0                CDC_GetFiltCon
                0x000000000600de44                CDC_ResetSelector
 *fill*         0x000000000600de78        0x8 
 .text          0x000000000600de80      0x270 ../../Compiler/SGL_302j/LIB_COFF/LIBCD.A(CDC_BIF.O)
                0x000000000600de80                CDC_GetBufSiz
                0x000000000600dedc                CDC_GetSctNum
                0x000000000600df20                CDC_CalActSiz
                0x000000000600df5c                CDC_GetActSiz
                0x000000000600dfdc                CDC_GetSctInfo
                0x000000000600e05c                CDC_ExeFadSearch
                0x000000000600e094                CDC_GetFadSearch
 .text          0x000000000600e0f0      0x1e4 ../../Compiler/SGL_302j/LIB_COFF/LIBCD.A(CDC_BIO.O)
                0x000000000600e0f0                CDC_SetSctLen
                0x000000000600e124                CDC_GetSctData
                0x000000000600e160                CDC_DelSctData
                0x000000000600e19c                CDC_GetdelSctData
                0x000000000600e1d8                CDC_PutSctData
                0x000000000600e210                CDC_CopySctData
                0x000000000600e254                CDC_MoveSctData
                0x000000000600e298                CDC_GetCopyErr
 *fill*         0x000000000600e2d4        0xc 
 .text          0x000000000600e2e0        0x0 ../../Compiler/SGL_302j/LIB_COFF/LIBSGL.A(sglA15.o)
 .text          0x000000000600e2e0        0x0 ../../Compiler/SGL_302j/LIB_COFF/LIBSGL.A(sglA20.o)
 .text          0x000000000600e2e0        0x0 ../../Compiler/SGL_302j/LIB_COFF/LIBSGL.A(sglA21.o)
 .text          0x000000000600e2e0        0x0 ../../Compiler/SGL_302j/LIB_COFF/LIBSGL.A(sglA27.o)
 .text          0x000000000600e2e0        0x0 ../../Compiler/SGL_302j/LIB_COFF/LIBSGL.A(sglB001.o)
 .text          0x000000000600e2e0        0x0 ../../Compiler/SGL_302j/LIB_COFF/LIBSGL.A(sglB011.o)
 .text          0x000000000600e2e0        0x0 ../../Compiler/SGL_302j/LIB_COFF/LIBSGL.A(sglB015.o)
 .text          0x000000000600e2e0        0x0 ../../Compiler/SGL_302j/LIB_COFF/LIBSGL.A(sglB016.o)
 .text          0x000000000600e2e0        0x0 ../../Compiler/SGL_302j/LIB_COFF/LIBSGL.A(sglB032.o)
 .text          0x000000000600e2e0        0x0 ../../Compiler/SGL_302j/LIB_COFF/LIBSGL.A(sglB053.o)
 .text          0x000000000600e2e0        0x0 ../../Compiler/SGL_302j/LIB_COFF/LIBSGL.A(sglB056.o)
 .text          0x000000000600e2e0        0x0 ../../Compiler/SGL_302j/LIB_COFF/LIBSGL.A(sglB063.o)
 .text          0x000000000600e2e0        0x0 ../../Compiler/SGL_302j/LIB_COFF/LIBSGL.A(sglB200.o)
 .text          0x000000000600e2e0        0x0 ../../Compiler/SGL_302j/LIB_COFF/LIBSGL.A(sglC05.o)
 .text          0x000000000600e2e0        0x0 ../../Compiler/SGL_302j/LIB_COFF/LIBSGL.A(sglC06.o)
 .text          0x000000000600e2e0        0x0 ../../Compiler/SGL_302j/LIB_COFF/LIBSGL.A(sglC07.o)
 .text          0x000000000600e2e0        0x0 ../../Compiler/SGL_302j/LIB_COFF/LIBSGL.A(sglC08.o)
 .text          0x000000000600e2e0        0x0 ../../Compiler/SGL_302j/LIB_COFF/LIBSGL.A(sglC20.o)
 .text          0x000000000600e2e0        0x0 ../../Compiler/SGL_302j/LIB_COFF/LIBSGL.A(sglD00.o)
 .text          0x000000000600e2e0        0x0 ../../Compiler/SGL_302j/LIB_COFF/LIBSGL.A(sglD01.o)
 .text          0x000000000600e2e0        0x0 ../../Compiler/SGL_302j/LIB_COFF/LIBSGL.A(sglD03.o)
 .text          0x000000000600e2e0        0x0 ../../Compiler/SGL_302j/LIB_COFF/LIBSGL.A(sglD15.o)
 .text          0x000000000600e2e0        0x0 ../../Compiler/SGL_302j/LIB_COFF/LIBSGL.A(sglD16.o)
 .text          0x000000000600e2e0        0x0 ../../Compiler/SGL_302j/LIB_COFF/LIBSGL.A(sglD17.o)
 .text          0x000000000600e2e0        0x0 ../../Compiler/SGL_302j/LIB_COFF/LIBSGL.A(sglD18.o)
 .text          0x000000000600e2e0        0x0 ../../Compiler/SGL_302j/LIB_COFF/LIBSGL.A(sglF00.o)
 .text          0x000000000600e2e0        0x0 ../../Compiler/SGL_302j/LIB_COFF/LIBSGL.A(sglF05.o)
 .text          0x000000000600e2e0        0x0 ../../Compiler/SGL_302j/LIB_COFF/LIBSGL.A(sglH00.o)
 .text          0x000000000600e2e0        0x0 ../../Compiler/SGL_302j/LIB_COFF/LIBSGL.A(sglH01.o)
 .text          0x000000000600e2e0        0x0 ../../Compiler/SGL_302j/LIB_COFF/LIBSGL.A(sglH02.o)
 .text          0x000000000600e2e0        0x0 ../../Compiler/SGL_302j/LIB_COFF/LIBSGL.A(sglH04.o)
 .text          0x000000000600e2e0        0x0 ../../Compiler/SGL_302j/LIB_COFF/LIBSGL.A(sglI01.o)
 .text          0x000000000600e2e0      0x128 ../../Compiler/SGL_302j/LIB_COFF/LIBSGL.A(sglIc0.o)
                0x000000000600e2e0                slInitSystem
 *fill*         0x000000000600e408        0x8 
 .text          0x000000000600e410        0x0 ../../Compiler/SGL_302j/LIB_COFF/LIBSGL.A(sglJ00.o)
 .text          0x000000000600e410        0x0 ../../Compiler/SGL_302j/LIB_COFF/LIBSGL.A(sglJ01.o)
 .text          0x000000000600e410        0x0 ../../Compiler/SGL_302j/LIB_COFF/LIBSGL.A(sglJ02.o)
 .text          0x000000000600e410        0x0 ../../Compiler/SGL_302j/LIB_COFF/LIBSGL.A(sglJ03.o)
 .text          0x000000000600e410        0x0 ../../Compiler/SGL_302j/LIB_COFF/LIBSGL.A(sglJ04.o)
 .text          0x000000000600e410        0x0 ../../Compiler/SGL_302j/LIB_COFF/LIBSGL.A(sglJ05.o)
 .text          0x000000000600e410        0x0 ../../Compiler/SGL_302j/LIB_COFF/LIBSGL.A(sglK01.o)
 .text          0x000000000600e410        0x0 ../../Compiler/SGL_302j/LIB_COFF/LIBSGL.A(sglM01.o)
 .text          0x000000000600e410        0x0 ../../Compiler/SGL_302j/LIB_COFF/LIBSGL.A(sglA00.o)
 .text          0x000000000600e410        0x0 ../../Compiler/SGL_302j/LIB_COFF/LIBSGL.A(sglA01.o)
 .text          0x000000000600e410        0x0 ../../Compiler/SGL_302j/LIB_COFF/LIBSGL.A(sglB000.o)
 .text          0x000000000600e410        0x0 ../../Compiler/SGL_302j/LIB_COFF/LIBSGL.A(sglB035.o)
 .text          0x000000000600e410        0x0 ../../Compiler/SGL_302j/LIB_COFF/LIBSGL.A(sglC00.o)
 .text          0x000000000600e410        0x0 ../../Compiler/SGL_302j/LIB_COFF/LIBSGL.A(sglI00.o)
 .text          0x000000000600e410        0x0 ../../Compiler/SGL_302j/LIB_COFF/LIBSGL.A(sglH03.o)
 .text          0x000000000600e410       0x52 /home/sansigolo/Documents/joengine/Compiler/SH_NONE_ELF/bin/../lib/gcc/sh-none-elf/8.2.0/libgcc.a(_ashiftrt.o)
                0x000000000600e410                __ashiftrt_r4_31
                0x000000000600e410                __ashiftrt_r4_32
                0x000000000600e416                __ashiftrt_r4_30
                0x000000000600e418                __ashiftrt_r4_29
                0x000000000600e41a                __ashiftrt_r4_28
                0x000000000600e41c                __ashiftrt_r4_27
                0x000000000600e41e                __ashiftrt_r4_26
                0x000000000600e420                __ashiftrt_r4_25
                0x000000000600e422                __ashiftrt_r4_24
                0x000000000600e42a                __ashiftrt_r4_23
                0x000000000600e42c                __ashiftrt_r4_22
                0x000000000600e42e                __ashiftrt_r4_21
                0x000000000600e430                __ashiftrt_r4_20
                0x000000000600e432                __ashiftrt_r4_19
                0x000000000600e434                __ashiftrt_r4_18
                0x000000000600e436                __ashiftrt_r4_17
                0x000000000600e438                __ashiftrt_r4_16
                0x000000000600e43e                __ashiftrt_r4_15
                0x000000000600e440                __ashiftrt_r4_14
                0x000000000600e442                __ashiftrt_r4_13
                0x000000000600e444                __ashiftrt_r4_12
                0x000000000600e446                __ashiftrt_r4_11
                0x000000000600e448                __ashiftrt_r4_10
                0x000000000600e44a                __ashiftrt_r4_9
                0x000000000600e44c                __ashiftrt_r4_8
                0x000000000600e44e                __ashiftrt_r4_7
                0x000000000600e450                __ashiftrt_r4_6
                0x000000000600e452                __ashiftrt_r4_5
                0x000000000600e454                __ashiftrt_r4_4
                0x000000000600e456                __ashiftrt_r4_3
                0x000000000600e458                __ashiftrt_r4_2
                0x000000000600e45a                __ashiftrt_r4_1
                0x000000000600e45e                __ashiftrt_r4_0
 *fill*         0x000000000600e462        0x2 
 .text          0x000000000600e464       0xa0 /home/sansigolo/Documents/joengine/Compiler/SH_NONE_ELF/bin/../lib/gcc/sh-none-elf/8.2.0/libgcc.a(_sdivsi3.o)
                0x000000000600e464                __sdivsi3
 .text          0x000000000600e504       0x6c /home/sansigolo/Documents/joengine/Compiler/SH_NONE_ELF/bin/../lib/gcc/sh-none-elf/8.2.0/libgcc.a(_udivsi3.o)
                0x000000000600e526                __udivsi3
 .text          0x000000000600e570      0x134 /home/sansigolo/Documents/joengine/Compiler/SH_NONE_ELF/bin/../lib/gcc/sh-none-elf/8.2.0/libgcc.a(_mul_sf.o)
                0x000000000600e570                __mulsf3
 .text          0x000000000600e6a4       0xdc /home/sansigolo/Documents/joengine/Compiler/SH_NONE_ELF/bin/../lib/gcc/sh-none-elf/8.2.0/libgcc.a(_div_sf.o)
                0x000000000600e6a4                __divsf3
 .text          0x000000000600e780       0x7c /home/sansigolo/Documents/joengine/Compiler/SH_NONE_ELF/bin/../lib/gcc/sh-none-elf/8.2.0/libgcc.a(_sf_to_si.o)
                0x000000000600e780                __fixsfsi
 .text          0x000000000600e7fc        0x0 /home/sansigolo/Documents/joengine/Compiler/SH_NONE_ELF/bin/../lib/gcc/sh-none-elf/8.2.0/libgcc.a(_thenan_sf.o)
 .text          0x000000000600e7fc       0x94 /home/sansigolo/Documents/joengine/Compiler/SH_NONE_ELF/bin/../lib/gcc/sh-none-elf/8.2.0/libgcc.a(_usi_to_sf.o)
                0x000000000600e7fc                __floatunsisf
 .text          0x000000000600e890      0x114 /home/sansigolo/Documents/joengine/Compiler/SH_NONE_ELF/bin/../lib/gcc/sh-none-elf/8.2.0/libgcc.a(_pack_sf.o)
                0x000000000600e890                __pack_f
 .text          0x000000000600e9a4       0xa0 /home/sansigolo/Documents/joengine/Compiler/SH_NONE_ELF/bin/../lib/gcc/sh-none-elf/8.2.0/libgcc.a(_unpack_sf.o)
                0x000000000600e9a4                __unpack_f
 .text          0x000000000600ea44       0x1e /home/sansigolo/Documents/joengine/Compiler/SH_NONE_ELF/bin/../lib/gcc/sh-none-elf/8.2.0/../../../../sh-none-elf/lib/libc.a(lib_a-memcmp.o)
                0x000000000600ea44                memcmp
 *fill*         0x000000000600ea62        0x2 
 .text          0x000000000600ea64       0x94 /home/sansigolo/Documents/joengine/Compiler/SH_NONE_ELF/bin/../lib/gcc/sh-none-elf/8.2.0/../../../../sh-none-elf/lib/libc.a(lib_a-memcpy.o)
                0x000000000600ea64                memcpy
 .text          0x000000000600eaf8       0x40 /home/sansigolo/Documents/joengine/Compiler/SH_NONE_ELF/bin/../lib/gcc/sh-none-elf/8.2.0/../../../../sh-none-elf/lib/libc.a(lib_a-memset.o)
                0x000000000600eaf8                memset
 .text          0x000000000600eb38       0x8c /home/sansigolo/Documents/joengine/Compiler/SH_NONE_ELF/bin/../lib/gcc/sh-none-elf/8.2.0/../../../../sh-none-elf/lib/libc.a(lib_a-sprintf.o)
                0x000000000600eb38                _sprintf_r
                0x000000000600eb78                sprintf
 .text          0x000000000600ebc4       0x2a /home/sansigolo/Documents/joengine/Compiler/SH_NONE_ELF/bin/../lib/gcc/sh-none-elf/8.2.0/../../../../sh-none-elf/lib/libc.a(lib_a-strncmp.o)
                0x000000000600ebc4                strncmp
 .text          0x000000000600ebee       0x32 /home/sansigolo/Documents/joengine/Compiler/SH_NONE_ELF/bin/../lib/gcc/sh-none-elf/8.2.0/../../../../sh-none-elf/lib/libc.a(lib_a-strncpy.o)
                0x000000000600ebee                strncpy
 .text          0x000000000600ec20     0x1378 /home/sansigolo/Documents/joengine/Compiler/SH_NONE_ELF/bin/../lib/gcc/sh-none-elf/8.2.0/../../../../sh-none-elf/lib/libc.a(lib_a-svfprintf.o)
                0x000000000600ec20                _svfprintf_r
 .text          0x000000000600ff98      0xef4 /home/sansigolo/Documents/joengine/Compiler/SH_NONE_ELF/bin/../lib/gcc/sh-none-elf/8.2.0/../../../../sh-none-elf/lib/libc.a(lib_a-dtoa.o)
                0x00000000060100cc                _dtoa_r
 .text          0x0000000006010e8c        0x0 /home/sansigolo/Documents/joengine/Compiler/SH_NONE_ELF/bin/../lib/gcc/sh-none-elf/8.2.0/../../../../sh-none-elf/lib/libc.a(lib_a-impure.o)
 .text          0x0000000006010e8c       0x40 /home/sansigolo/Documents/joengine/Compiler/SH_NONE_ELF/bin/../lib/gcc/sh-none-elf/8.2.0/../../../../sh-none-elf/lib/libc.a(lib_a-localeconv.o)
                0x0000000006010e8c                __localeconv_l
                0x0000000006010e94                _localeconv_r
                0x0000000006010eb0                localeconv
 .text          0x0000000006010ecc       0xa8 /home/sansigolo/Documents/joengine/Compiler/SH_NONE_ELF/bin/../lib/gcc/sh-none-elf/8.2.0/../../../../sh-none-elf/lib/libc.a(lib_a-locale.o)
                0x0000000006010ecc                _setlocale_r
                0x0000000006010f18                __locale_mb_cur_max
                0x0000000006010f38                __locale_ctype_ptr_l
                0x0000000006010f42                __locale_ctype_ptr
                0x0000000006010f60                setlocale
 .text          0x0000000006010f74       0x4c /home/sansigolo/Documents/joengine/Compiler/SH_NONE_ELF/bin/../lib/gcc/sh-none-elf/8.2.0/../../../../sh-none-elf/lib/libc.a(lib_a-mbtowc_r.o)
                0x0000000006010f74                _mbtowc_r
                0x0000000006010f98                __ascii_mbtowc
 .text          0x0000000006010fc0       0x1c /home/sansigolo/Documents/joengine/Compiler/SH_NONE_ELF/bin/../lib/gcc/sh-none-elf/8.2.0/../../../../sh-none-elf/lib/libc.a(lib_a-memchr.o)
                0x0000000006010fc0                memchr
 .text          0x0000000006010fdc      0xa9c /home/sansigolo/Documents/joengine/Compiler/SH_NONE_ELF/bin/../lib/gcc/sh-none-elf/8.2.0/../../../../sh-none-elf/lib/libc.a(lib_a-mprec.o)
                0x0000000006010fdc                _Balloc
                0x0000000006011050                _Bfree
                0x0000000006011068                __multadd
                0x0000000006011110                __s2b
                0x00000000060111d0                __hi0bits
                0x0000000006011224                __lo0bits
                0x0000000006011288                __i2b
                0x00000000060112a4                __multiply
                0x00000000060113e8                __pow5mult
                0x00000000060114a4                __lshift
                0x0000000006011598                __mcmp
                0x00000000060115d0                __mdiff
                0x00000000060116ac                __ulp
                0x0000000006011718                __b2d
                0x0000000006011800                __d2b
                0x00000000060118ec                __ratio
                0x0000000006011970                _mprec_log10
                0x00000000060119c8                __copybits
                0x0000000006011a0c                __any_on
 .text          0x0000000006011a78       0x34 /home/sansigolo/Documents/joengine/Compiler/SH_NONE_ELF/bin/../lib/gcc/sh-none-elf/8.2.0/../../../../sh-none-elf/lib/libc.a(lib_a-nano-callocr.o)
                0x0000000006011a78                _calloc_r
 .text          0x0000000006011aac       0xf4 /home/sansigolo/Documents/joengine/Compiler/SH_NONE_ELF/bin/../lib/gcc/sh-none-elf/8.2.0/../../../../sh-none-elf/lib/libc.a(lib_a-nano-mallocr.o)
                0x0000000006011aac                _malloc_r
 .text          0x0000000006011ba0       0x30 /home/sansigolo/Documents/joengine/Compiler/SH_NONE_ELF/bin/../lib/gcc/sh-none-elf/8.2.0/../../../../sh-none-elf/lib/libc.a(lib_a-sbrkr.o)
                0x0000000006011ba0                _sbrk_r
 .text          0x0000000006011bd0       0x38 /home/sansigolo/Documents/joengine/Compiler/SH_NONE_ELF/bin/../lib/gcc/sh-none-elf/8.2.0/../../../../sh-none-elf/lib/libc.a(lib_a-strcmp.o)
                0x0000000006011bd0                strcmp
 .text          0x0000000006011c08       0x20 /home/sansigolo/Documents/joengine/Compiler/SH_NONE_ELF/bin/../lib/gcc/sh-none-elf/8.2.0/../../../../sh-none-elf/lib/libc.a(lib_a-strlen.o)
                0x0000000006011c08                strlen
 .text          0x0000000006011c28      0xa60 /home/sansigolo/Documents/joengine/Compiler/SH_NONE_ELF/bin/../lib/gcc/sh-none-elf/8.2.0/../../../../sh-none-elf/lib/libc.a(lib_a-svfiprintf.o)
                0x0000000006011c28                __ssprint_r
                0x0000000006011d5c                _svfiprintf_r
 .text          0x0000000006012688      0x25c /home/sansigolo/Documents/joengine/Compiler/SH_NONE_ELF/bin/../lib/gcc/sh-none-elf/8.2.0/../../../../sh-none-elf/lib/libc.a(lib_a-syscalls.o)
                0x0000000006012700                _read
                0x0000000006012710                _lseek
                0x0000000006012720                _write
                0x0000000006012730                _close
                0x0000000006012740                _link
                0x0000000006012744                _sbrk
                0x000000000601279c                _fstat
                0x00000000060127a6                _open
                0x00000000060127b8                _creat
                0x00000000060127c8                _unlink
                0x00000000060127cc                isatty
                0x00000000060127d0                _isatty
                0x00000000060127d4                _exit
                0x00000000060127e4                _kill
                0x00000000060127f8                _getpid
                0x00000000060127fc                _raise
                0x0000000006012800                _stat
                0x0000000006012810                _chmod
                0x0000000006012820                _chown
                0x0000000006012830                _utime
                0x0000000006012844                _fork
                0x0000000006012850                _wait
                0x0000000006012860                _execve
                0x0000000006012870                _execv
                0x0000000006012880                _pipe
                0x000000000601288c                _times
                0x0000000006012890                _gettimeofday
                0x00000000060128b8                __setup_argv_and_call_main
 .text          0x00000000060128e4       0x14 /home/sansigolo/Documents/joengine/Compiler/SH_NONE_ELF/bin/../lib/gcc/sh-none-elf/8.2.0/../../../../sh-none-elf/lib/libc.a(lib_a-trap.o)
                0x00000000060128e4                __trap34
 .text          0x00000000060128f8       0x40 /home/sansigolo/Documents/joengine/Compiler/SH_NONE_ELF/bin/../lib/gcc/sh-none-elf/8.2.0/../../../../sh-none-elf/lib/libc.a(lib_a-wctomb_r.o)
                0x00000000060128f8                _wctomb_r
                0x0000000006012918                __ascii_wctomb
 .text          0x0000000006012938       0x18 /home/sansigolo/Documents/joengine/Compiler/SH_NONE_ELF/bin/../lib/gcc/sh-none-elf/8.2.0/../../../../sh-none-elf/lib/libc.a(lib_a-abort.o)
                0x0000000006012938                abort
 .text          0x0000000006012950        0x0 /home/sansigolo/Documents/joengine/Compiler/SH_NONE_ELF/bin/../lib/gcc/sh-none-elf/8.2.0/../../../../sh-none-elf/lib/libc.a(lib_a-ctype_.o)
 .text          0x0000000006012950       0x3c /home/sansigolo/Documents/joengine/Compiler/SH_NONE_ELF/bin/../lib/gcc/sh-none-elf/8.2.0/../../../../sh-none-elf/lib/libc.a(lib_a-memmove.o)
                0x0000000006012950                memmove
 .text          0x000000000601298c        0x8 /home/sansigolo/Documents/joengine/Compiler/SH_NONE_ELF/bin/../lib/gcc/sh-none-elf/8.2.0/../../../../sh-none-elf/lib/libc.a(lib_a-mlock.o)
                0x000000000601298c                __malloc_lock
                0x0000000006012990                __malloc_unlock
 .text          0x0000000006012994       0xc8 /home/sansigolo/Documents/joengine/Compiler/SH_NONE_ELF/bin/../lib/gcc/sh-none-elf/8.2.0/../../../../sh-none-elf/lib/libc.a(lib_a-nano-freer.o)
                0x0000000006012994                _free_r
 .text          0x0000000006012a5c       0x7c /home/sansigolo/Documents/joengine/Compiler/SH_NONE_ELF/bin/../lib/gcc/sh-none-elf/8.2.0/../../../../sh-none-elf/lib/libc.a(lib_a-nano-reallocr.o)
                0x0000000006012a5c                _realloc_r
 .text          0x0000000006012ad8      0x1b0 /home/sansigolo/Documents/joengine/Compiler/SH_NONE_ELF/bin/../lib/gcc/sh-none-elf/8.2.0/../../../../sh-none-elf/lib/libc.a(lib_a-signal.o)
                0x0000000006012ad8                _init_signal_r
                0x0000000006012b14                _signal_r
                0x0000000006012b60                _raise_r
                0x0000000006012bd8                __sigtramp_r
                0x0000000006012c3c                raise
                0x0000000006012c50                signal
                0x0000000006012c64                _init_signal
                0x0000000006012c74                __sigtramp
 .text          0x0000000006012c88       0x40 /home/sansigolo/Documents/joengine/Compiler/SH_NONE_ELF/bin/../lib/gcc/sh-none-elf/8.2.0/../../../../sh-none-elf/lib/libc.a(lib_a-signalr.o)
                0x0000000006012c88                _kill_r
                0x0000000006012cbc                _getpid_r
 .text          0x0000000006012cc8       0x16 /home/sansigolo/Documents/joengine/Compiler/SH_NONE_ELF/bin/../lib/gcc/sh-none-elf/8.2.0/../../../../sh-none-elf/lib/libc.a(lib_a-nano-msizer.o)
                0x0000000006012cc8                _malloc_usable_size_r
 *fill*         0x0000000006012cde        0x2 
 .text          0x0000000006012ce0       0x80 /home/sansigolo/Documents/joengine/Compiler/SH_NONE_ELF/bin/../lib/gcc/sh-none-elf/8.2.0/libgcc.a(_ashiftrt_n.o)
                0x0000000006012ce0                __ashrsi3
 .text          0x0000000006012d60       0xbc /home/sansigolo/Documents/joengine/Compiler/SH_NONE_ELF/bin/../lib/gcc/sh-none-elf/8.2.0/libgcc.a(_ashiftlt.o)
                0x0000000006012d60                __ashlsi3
                0x0000000006012d64                __ashlsi3_r0
 .text          0x0000000006012e1c       0xbc /home/sansigolo/Documents/joengine/Compiler/SH_NONE_ELF/bin/../lib/gcc/sh-none-elf/8.2.0/libgcc.a(_lshiftrt.o)
                0x0000000006012e1c                __lshrsi3
                0x0000000006012e20                __lshrsi3_r0
 .text          0x0000000006012ed8      0x258 /home/sansigolo/Documents/joengine/Compiler/SH_NONE_ELF/bin/../lib/gcc/sh-none-elf/8.2.0/libgcc.a(_udivdi3.o)
                0x0000000006012ed8                __udivdi3
 .text          0x0000000006013130      0x2bc /home/sansigolo/Documents/joengine/Compiler/SH_NONE_ELF/bin/../lib/gcc/sh-none-elf/8.2.0/libgcc.a(_umoddi3.o)
                0x0000000006013130                __umoddi3
 .text          0x00000000060133ec      0x3b4 /home/sansigolo/Documents/joengine/Compiler/SH_NONE_ELF/bin/../lib/gcc/sh-none-elf/8.2.0/libgcc.a(_addsub_df.o)
                0x00000000060136fc                __adddf3
                0x000000000601374c                __subdf3
 .text          0x00000000060137a0      0x208 /home/sansigolo/Documents/joengine/Compiler/SH_NONE_ELF/bin/../lib/gcc/sh-none-elf/8.2.0/libgcc.a(_mul_df.o)
                0x00000000060137a0                __muldf3
 .text          0x00000000060139a8      0x130 /home/sansigolo/Documents/joengine/Compiler/SH_NONE_ELF/bin/../lib/gcc/sh-none-elf/8.2.0/libgcc.a(_div_df.o)
                0x00000000060139a8                __divdf3
 .text          0x0000000006013ad8       0x58 /home/sansigolo/Documents/joengine/Compiler/SH_NONE_ELF/bin/../lib/gcc/sh-none-elf/8.2.0/libgcc.a(_eq_df.o)
                0x0000000006013ad8                __eqdf2
 .text          0x0000000006013b30       0x58 /home/sansigolo/Documents/joengine/Compiler/SH_NONE_ELF/bin/../lib/gcc/sh-none-elf/8.2.0/libgcc.a(_ne_df.o)
                0x0000000006013b30                __nedf2
 .text          0x0000000006013b88       0x50 /home/sansigolo/Documents/joengine/Compiler/SH_NONE_ELF/bin/../lib/gcc/sh-none-elf/8.2.0/libgcc.a(_gt_df.o)
                0x0000000006013b88                __gtdf2
 .text          0x0000000006013bd8       0x50 /home/sansigolo/Documents/joengine/Compiler/SH_NONE_ELF/bin/../lib/gcc/sh-none-elf/8.2.0/libgcc.a(_ge_df.o)
                0x0000000006013bd8                __gedf2
 .text          0x0000000006013c28       0x58 /home/sansigolo/Documents/joengine/Compiler/SH_NONE_ELF/bin/../lib/gcc/sh-none-elf/8.2.0/libgcc.a(_lt_df.o)
                0x0000000006013c28                __ltdf2
 .text          0x0000000006013c80       0x58 /home/sansigolo/Documents/joengine/Compiler/SH_NONE_ELF/bin/../lib/gcc/sh-none-elf/8.2.0/libgcc.a(_le_df.o)
                0x0000000006013c80                __ledf2
 .text          0x0000000006013cd8       0x40 /home/sansigolo/Documents/joengine/Compiler/SH_NONE_ELF/bin/../lib/gcc/sh-none-elf/8.2.0/libgcc.a(_unord_df.o)
                0x0000000006013cd8                __unorddf2
 .text          0x0000000006013d18       0xa8 /home/sansigolo/Documents/joengine/Compiler/SH_NONE_ELF/bin/../lib/gcc/sh-none-elf/8.2.0/libgcc.a(_si_to_df.o)
                0x0000000006013d18                __floatsidf
 .text          0x0000000006013dc0       0xa4 /home/sansigolo/Documents/joengine/Compiler/SH_NONE_ELF/bin/../lib/gcc/sh-none-elf/8.2.0/libgcc.a(_df_to_si.o)
                0x0000000006013dc0                __fixdfsi
 .text          0x0000000006013e64        0x0 /home/sansigolo/Documents/joengine/Compiler/SH_NONE_ELF/bin/../lib/gcc/sh-none-elf/8.2.0/libgcc.a(_thenan_df.o)
 .text          0x0000000006013e64       0x88 /home/sansigolo/Documents/joengine/Compiler/SH_NONE_ELF/bin/../lib/gcc/sh-none-elf/8.2.0/libgcc.a(_usi_to_df.o)
                0x0000000006013e64                __floatunsidf
 *fill*         0x0000000006013eec        0x4 
 .text          0x0000000006013ef0       0x60 /home/sansigolo/Documents/joengine/Compiler/SH_NONE_ELF/bin/../lib/gcc/sh-none-elf/8.2.0/libgcc.a(_udiv_qrnnd_16.o)
                0x0000000006013ef0                __udiv_qrnnd_16
 .text          0x0000000006013f50        0x0 /home/sansigolo/Documents/joengine/Compiler/SH_NONE_ELF/bin/../lib/gcc/sh-none-elf/8.2.0/libgcc.a(_clz.o)
 .text          0x0000000006013f50       0x58 /home/sansigolo/Documents/joengine/Compiler/SH_NONE_ELF/bin/../lib/gcc/sh-none-elf/8.2.0/libgcc.a(_clzsi2.o)
                0x0000000006013f50                __clzsi2
 .text          0x0000000006013fa8      0x25c /home/sansigolo/Documents/joengine/Compiler/SH_NONE_ELF/bin/../lib/gcc/sh-none-elf/8.2.0/libgcc.a(_pack_df.o)
                0x0000000006013fa8                __pack_d
 .text          0x0000000006014204       0xcc /home/sansigolo/Documents/joengine/Compiler/SH_NONE_ELF/bin/../lib/gcc/sh-none-elf/8.2.0/libgcc.a(_unpack_df.o)
                0x0000000006014204                __unpack_d
 .text          0x00000000060142d0       0xc8 /home/sansigolo/Documents/joengine/Compiler/SH_NONE_ELF/bin/../lib/gcc/sh-none-elf/8.2.0/libgcc.a(_fpcmp_parts_df.o)
                0x00000000060142d0                __fpcmp_parts_d
 *(.strings)
                0x0000000006014398                __etext = .

.text.startup   0x0000000006014398      0x484
 .text.startup  0x0000000006014398      0x484 /tmp/ccpZ9BhW.ltrans0.ltrans.o
                0x0000000006014398                main

.rodata         0x0000000006014820      0x63c
 *(.rodata)
 .rodata        0x0000000006014820      0x12c /tmp/ccpZ9BhW.ltrans0.ltrans.o
 .rodata        0x000000000601494c       0x10 /home/sansigolo/Documents/joengine/Compiler/SH_NONE_ELF/bin/../lib/gcc/sh-none-elf/8.2.0/libgcc.a(_thenan_sf.o)
                0x000000000601494c                __thenan_sf
 .rodata        0x000000000601495c       0x20 /home/sansigolo/Documents/joengine/Compiler/SH_NONE_ELF/bin/../lib/gcc/sh-none-elf/8.2.0/../../../../sh-none-elf/lib/libc.a(lib_a-svfprintf.o)
 .rodata        0x000000000601497c        0x4 /home/sansigolo/Documents/joengine/Compiler/SH_NONE_ELF/bin/../lib/gcc/sh-none-elf/8.2.0/../../../../sh-none-elf/lib/libc.a(lib_a-impure.o)
                0x000000000601497c                _global_impure_ptr
 .rodata        0x0000000006014980      0x124 /home/sansigolo/Documents/joengine/Compiler/SH_NONE_ELF/bin/../lib/gcc/sh-none-elf/8.2.0/../../../../sh-none-elf/lib/libc.a(lib_a-mprec.o)
                0x000000000601498c                __mprec_tinytens
                0x00000000060149b4                __mprec_bigtens
                0x00000000060149dc                __mprec_tens
 .rodata        0x0000000006014aa4       0x20 /home/sansigolo/Documents/joengine/Compiler/SH_NONE_ELF/bin/../lib/gcc/sh-none-elf/8.2.0/../../../../sh-none-elf/lib/libc.a(lib_a-svfiprintf.o)
 .rodata        0x0000000006014ac4      0x284 /home/sansigolo/Documents/joengine/Compiler/SH_NONE_ELF/bin/../lib/gcc/sh-none-elf/8.2.0/../../../../sh-none-elf/lib/libc.a(lib_a-ctype_.o)
                0x0000000006014ac4                _ctype_
                0x0000000006014bc8                _ctype_b
 .rodata        0x0000000006014d48       0x14 /home/sansigolo/Documents/joengine/Compiler/SH_NONE_ELF/bin/../lib/gcc/sh-none-elf/8.2.0/libgcc.a(_thenan_df.o)
                0x0000000006014d48                __thenan_df
 .rodata        0x0000000006014d5c      0x100 /home/sansigolo/Documents/joengine/Compiler/SH_NONE_ELF/bin/../lib/gcc/sh-none-elf/8.2.0/libgcc.a(_clz.o)
                0x0000000006014d5c                __clz_tab

.rodata.str1.4  0x0000000006014e5c     0x24d6
 .rodata.str1.4
                0x0000000006014e5c     0x2464 /tmp/ccpZ9BhW.ltrans0.ltrans.o
                                       0x24c9 (size before relaxing)
 .rodata.str1.4
                0x00000000060172c0       0x3a /home/sansigolo/Documents/joengine/Compiler/SH_NONE_ELF/bin/../lib/gcc/sh-none-elf/8.2.0/../../../../sh-none-elf/lib/libc.a(lib_a-svfprintf.o)
 *fill*         0x00000000060172fa        0x2 
 .rodata.str1.4
                0x00000000060172fc        0xd /home/sansigolo/Documents/joengine/Compiler/SH_NONE_ELF/bin/../lib/gcc/sh-none-elf/8.2.0/../../../../sh-none-elf/lib/libc.a(lib_a-dtoa.o)
                                         0x12 (size before relaxing)
 *fill*         0x0000000006017309        0x3 
 .rodata.str1.4
                0x000000000601730c        0xa /home/sansigolo/Documents/joengine/Compiler/SH_NONE_ELF/bin/../lib/gcc/sh-none-elf/8.2.0/../../../../sh-none-elf/lib/libc.a(lib_a-locale.o)
                                         0x12 (size before relaxing)
 .rodata.str1.4
                0x0000000006017316       0x25 /home/sansigolo/Documents/joengine/Compiler/SH_NONE_ELF/bin/../lib/gcc/sh-none-elf/8.2.0/../../../../sh-none-elf/lib/libc.a(lib_a-svfiprintf.o)
 *fill*         0x0000000006017316        0x2 
 .rodata.str1.4
                0x0000000006017318       0x1a /home/sansigolo/Documents/joengine/Compiler/SH_NONE_ELF/bin/../lib/gcc/sh-none-elf/8.2.0/../../../../sh-none-elf/lib/libc.a(lib_a-syscalls.o)

.eh_frame       0x0000000006017334      0x170
 .eh_frame      0x0000000006017334       0xa8 /home/sansigolo/Documents/joengine/Compiler/SH_NONE_ELF/bin/../lib/gcc/sh-none-elf/8.2.0/libgcc.a(_udivdi3.o)
 .eh_frame      0x00000000060173dc       0xc8 /home/sansigolo/Documents/joengine/Compiler/SH_NONE_ELF/bin/../lib/gcc/sh-none-elf/8.2.0/libgcc.a(_umoddi3.o)
                                         0xdc (size before relaxing)

.rela.dyn       0x00000000060174a4        0x0
 .rela.text     0x00000000060174a4        0x0 /home/sansigolo/Documents/joengine/Compiler/SH_NONE_ELF/bin/../lib/gcc/sh-none-elf/8.2.0/../../../../sh-none-elf/lib/libc.a(lib_a-sbrkr.o)
 .rela.text.startup
                0x00000000060174a4        0x0 /home/sansigolo/Documents/joengine/Compiler/SH_NONE_ELF/bin/../lib/gcc/sh-none-elf/8.2.0/../../../../sh-none-elf/lib/libc.a(lib_a-sbrkr.o)

SLPROG          0x00000000060174c0    0x11720
                0x00000000060174c0                __slprog_start = .
 *(SLPROG)
 SLPROG         0x00000000060174c0     0x6540 ../../Compiler/SGL_302j/LIB_COFF/SGLAREA.O
                0x00000000060174c0                MasterStack
                0x00000000060174c4                SlaveStack
                0x00000000060174c8                MaxVertices
                0x00000000060174ca                MaxPolygons
                0x00000000060174cc                SortList
                0x00000000060174d0                SortListSize
                0x00000000060174d4                TransList
                0x00000000060174d8                Zbuffer
                0x00000000060174dc                SpriteBuf
                0x00000000060174e0                SpriteBufSize
                0x00000000060174e4                Pbuffer
                0x00000000060174e8                CommandBuf
                0x00000000060174ec                CLOfstBuf
                0x00000000060174f0                PCM_Work
                0x00000000060174f4                PCM_WkSize
                0x00000000060174f8                MaxEvents
                0x00000000060174fa                EventSize
                0x00000000060174fc                MaxWorks
                0x00000000060174fe                WorkSize
                0x0000000006017500                RemainEvent
                0x0000000006017600                RemainWork
                0x0000000006017a00                EventBuf
                0x0000000006019a00                WorkBuf
 SLPROG         0x000000000601da00       0x18 ../../Compiler/SGL_302j/LIB_COFF/LIBSGL.A(sglA15.o)
                0x000000000601da00                slSlaveFunc
 *fill*         0x000000000601da18        0x8 
 SLPROG         0x000000000601da20      0x42c ../../Compiler/SGL_302j/LIB_COFF/LIBSGL.A(sglA20.o)
                0x000000000601da20                slInitMatrix
                0x000000000601da2a                slPushUnitMatrix
                0x000000000601da3e                slUnitMatrix
 *fill*         0x000000000601de4c        0x4 
 SLPROG         0x000000000601de50       0x48 ../../Compiler/SGL_302j/LIB_COFF/LIBSGL.A(sglA21.o)
                0x000000000601de50                slPushMatrix
                0x000000000601de84                slPopMatrix
                0x000000000601de84                slDecMatrixPtr
 *fill*         0x000000000601de98        0x8 
 SLPROG         0x000000000601dea0       0x50 ../../Compiler/SGL_302j/LIB_COFF/LIBSGL.A(sglA27.o)
                0x000000000601dea0                slTranslate
 SLPROG         0x000000000601def0       0x20 ../../Compiler/SGL_302j/LIB_COFF/LIBSGL.A(sglB001.o)
                0x000000000601def0                slTVOn
                0x000000000601defa                slTVOff
 SLPROG         0x000000000601df10       0x24 ../../Compiler/SGL_302j/LIB_COFF/LIBSGL.A(sglB011.o)
                0x000000000601df10                slBitMapNbg1
 *fill*         0x000000000601df34        0xc 
 SLPROG         0x000000000601df40      0x40c ../../Compiler/SGL_302j/LIB_COFF/LIBSGL.A(sglB015.o)
                0x000000000601df40                slScrAutoDisp
 *fill*         0x000000000601e34c        0x4 
 SLPROG         0x000000000601e350        0xc ../../Compiler/SGL_302j/LIB_COFF/LIBSGL.A(sglB016.o)
                0x000000000601e350                slBack1ColSet
 *fill*         0x000000000601e35c        0x4 
 SLPROG         0x000000000601e360       0xb4 ../../Compiler/SGL_302j/LIB_COFF/LIBSGL.A(sglB032.o)
                0x000000000601e360                slMapNbg1
 *fill*         0x000000000601e414        0xc 
 SLPROG         0x000000000601e420        0xc ../../Compiler/SGL_302j/LIB_COFF/LIBSGL.A(sglB053.o)
                0x000000000601e420                slZoomNbg1
 *fill*         0x000000000601e42c        0x4 
 SLPROG         0x000000000601e430        0xc ../../Compiler/SGL_302j/LIB_COFF/LIBSGL.A(sglB056.o)
                0x000000000601e430                slPlaneNbg1
 *fill*         0x000000000601e43c        0x4 
 SLPROG         0x000000000601e440        0xc ../../Compiler/SGL_302j/LIB_COFF/LIBSGL.A(sglB063.o)
                0x000000000601e440                slPriority
 *fill*         0x000000000601e44c        0x4 
 SLPROG         0x000000000601e450      0x114 ../../Compiler/SGL_302j/LIB_COFF/LIBSGL.A(sglB200.o)
                0x000000000601e450                slCharRbg0
                0x000000000601e45c                slCharNbg0
                0x000000000601e468                slCharNbg1
                0x000000000601e474                slCharNbg2
                0x000000000601e48a                slCharNbg3
                0x000000000601e4a2                slPageRbg0
                0x000000000601e4b8                slPageNbg1
                0x000000000601e4c0                slPageNbg2
                0x000000000601e4c8                slPageNbg3
                0x000000000601e4d4                slPageNbg0
 *fill*         0x000000000601e564        0xc 
 SLPROG         0x000000000601e570       0x78 ../../Compiler/SGL_302j/LIB_COFF/LIBSGL.A(sglC05.o)
                0x000000000601e570                slSetSprite
 *fill*         0x000000000601e5e8        0x8 
 SLPROG         0x000000000601e5f0       0xfa ../../Compiler/SGL_302j/LIB_COFF/LIBSGL.A(sglC06.o)
                0x000000000601e5f0                slDispSprite
 *fill*         0x000000000601e6ea        0x6 
 SLPROG         0x000000000601e6f0      0x162 ../../Compiler/SGL_302j/LIB_COFF/LIBSGL.A(sglC07.o)
                0x000000000601e6f6                slPutSprite
 *fill*         0x000000000601e852        0xe 
 SLPROG         0x000000000601e860     0x1218 ../../Compiler/SGL_302j/LIB_COFF/LIBSGL.A(sglC08.o)
                0x000000000601e860                slPutPolygon
                0x000000000601f4dc                MsCalcDepthFlat
 *fill*         0x000000000601fa78        0x8 
 SLPROG         0x000000000601fa80       0x40 ../../Compiler/SGL_302j/LIB_COFF/LIBSGL.A(sglC20.o)
                0x000000000601fa80                SpriteEntry
 SLPROG         0x000000000601fac0       0x84 ../../Compiler/SGL_302j/LIB_COFF/LIBSGL.A(sglD00.o)
                0x000000000601fac0                slDMACopy
                0x000000000601fac0                slCpuDMACopy
                0x000000000601fb1a                slCashPurge
                0x000000000601fb1a                CSH_AllClr
 *fill*         0x000000000601fb44        0xc 
 SLPROG         0x000000000601fb50       0xa0 ../../Compiler/SGL_302j/LIB_COFF/LIBSGL.A(sglD01.o)
                0x000000000601fb50                slDMAXCopy
 SLPROG         0x000000000601fbf0        0xc ../../Compiler/SGL_302j/LIB_COFF/LIBSGL.A(sglD03.o)
                0x000000000601fbf0                slDMAStatus
 *fill*         0x000000000601fbfc        0x4 
 SLPROG         0x000000000601fc00       0x20 ../../Compiler/SGL_302j/LIB_COFF/LIBSGL.A(sglD15.o)
                0x000000000601fc00                CSH_Purge
 SLPROG         0x000000000601fc20       0x84 ../../Compiler/SGL_302j/LIB_COFF/LIBSGL.A(sglD16.o)
                0x000000000601fc20                DMA_ScuSetPrm
                0x000000000601fc68                DMA_SCU_PRM0
 *fill*         0x000000000601fca4        0xc 
 SLPROG         0x000000000601fcb0       0x88 ../../Compiler/SGL_302j/LIB_COFF/LIBSGL.A(sglD17.o)
                0x000000000601fcb0                DMA_ScuStart
 *fill*         0x000000000601fd38        0x8 
 SLPROG         0x000000000601fd40       0x34 ../../Compiler/SGL_302j/LIB_COFF/LIBSGL.A(sglD18.o)
                0x000000000601fd40                DMA_ScuGetStatus
 *fill*         0x000000000601fd74        0xc 
 SLPROG         0x000000000601fd80       0x4e ../../Compiler/SGL_302j/LIB_COFF/LIBSGL.A(sglF00.o)
                0x000000000601fd80                slCurScrn
                0x000000000601fd90                slCurColor
                0x000000000601fd9a                slLocate
                0x000000000601fdcc                CurrentScreen
 *fill*         0x000000000601fdce        0x2 
 SLPROG         0x000000000601fdd0       0x1c ../../Compiler/SGL_302j/LIB_COFF/LIBSGL.A(sglF05.o)
                0x000000000601fdd0                slPrint
 *fill*         0x000000000601fdec        0x4 
 SLPROG         0x000000000601fdf0      0xfc8 ../../Compiler/SGL_302j/LIB_COFF/LIBSGL.A(sglH00.o)
                0x000000000601fe08                slGetPortDir1
                0x000000000601fe10                slGetPortDir2
                0x000000000601fe18                slSetPortDir1
                0x000000000601fe42                slSetPortDir2
                0x000000000601fe7c                slGetPortData1
                0x000000000601fe84                slGetPortData2
                0x000000000601fe8c                slSetPortData1
                0x000000000601fe96                slSetPortData2
                0x000000000601fea8                slGetPortSelect1
                0x000000000601feb2                slGetPortSelect2
                0x000000000601febc                slSetPortSelect1
                0x000000000601fef0                slSetPortSelect2
                0x000000000601ff2c                slGetPortExt1
                0x000000000601ff36                slGetPortExt2
                0x000000000601ff40                slSetPortExt1
                0x000000000601ff70                slSetPortExt2
                0x00000000060200e4                slSmpcDirectAccess
                0x0000000006020164                slInitPeripheral
                0x00000000060201f6                slSetResultBuffer
                0x0000000006020282                slCheckIntBackSet
                0x000000000602028e                slIntBackCancel
                0x00000000060202b8                slCheckReset
                0x00000000060202c2                slClearReset
                0x0000000006020488                slSmpcCashSend
                0x0000000006020544                slSmpcCashBlow
                0x0000000006020620                slGetOptimize
                0x000000000602062a                slSetOptimize
                0x0000000006020650                slGetPortMode1
                0x000000000602065c                slGetPortMode2
                0x000000000602066a                slSetPortMode1
                0x00000000060206a8                slSetPortMode2
                0x0000000006020834                slRequestCommand
                0x00000000060208a4                Smpc_Status
                0x00000000060208a8                Smpc_Result
                0x00000000060208ac                Smpc_Peripheral
                0x00000000060208b2                Per_Connect1
                0x00000000060208b3                Per_Connect2
                0x00000000060208d4                SmpcStatusBuf
 *fill*         0x0000000006020db8        0x8 
 SLPROG         0x0000000006020dc0       0xa8 ../../Compiler/SGL_302j/LIB_COFF/LIBSGL.A(sglH01.o)
                0x0000000006020dc0                slGetLanguage
                0x0000000006020dca                slSetLanguage
                0x0000000006020dec                slGetSoundEffect
                0x0000000006020df8                slSetSoundEffect
                0x0000000006020e14                slGetSoundOutput
                0x0000000006020e20                slSetSoundOutput
                0x0000000006020e3c                slGetHelpWindow
                0x0000000006020e48                slSetHelpWindow
 *fill*         0x0000000006020e68        0x8 
 SLPROG         0x0000000006020e70      0x470 ../../Compiler/SGL_302j/LIB_COFF/LIBSGL.A(sglH02.o)
                0x0000000006021260                smpc_pfr_tbl
                0x00000000060212a0                smpc_ptf_tbl
 SLPROG         0x00000000060212e0       0x60 ../../Compiler/SGL_302j/LIB_COFF/LIBSGL.A(sglH04.o)
                0x00000000060212e0                slComPrmIntBack
                0x00000000060212f4                slComPrmSetMemory
                0x000000000602130a                slComPrmSetTime
 SLPROG         0x0000000006021340      0x3a4 ../../Compiler/SGL_302j/LIB_COFF/LIBSGL.A(sglI01.o)
                0x0000000006021340                slInitSynch
                0x000000000602135a                slSynch
                0x0000000006021450                slRandom
                0x000000000602146e                PCM_EndCheck
                0x000000000602152a                RetPCMBuf
                0x00000000060215c4                PCM_Buf
                0x0000000006021664                Sound_Buf
 *fill*         0x00000000060216e4        0xc 
 SLPROG         0x00000000060216f0       0x74 ../../Compiler/SGL_302j/LIB_COFF/LIBSGL.A(sglJ00.o)
                0x00000000060216f0                InitSlaveSH
                0x0000000006021758                SlaveCommand
 *fill*         0x0000000006021764        0xc 
 SLPROG         0x0000000006021770      0x3d0 ../../Compiler/SGL_302j/LIB_COFF/LIBSGL.A(sglJ01.o)
                0x0000000006021770                SlaveControl
                0x0000000006021b2c                ErasePolygonData
 SLPROG         0x0000000006021b40     0x12b8 ../../Compiler/SGL_302j/LIB_COFF/LIBSGL.A(sglJ02.o)
                0x0000000006021b40                sbMakePolygon
                0x0000000006021d28                sbCalcPolygon
                0x0000000006022a60                SetTexture
                0x0000000006022a6c                SetPolygon
                0x0000000006022a74                SetPosition
                0x0000000006022aac                stvtc_4
                0x0000000006022b64                stvtc_3
                0x0000000006022d74                stvtc_1
                0x0000000006022d88                stvtc_2
                0x0000000006022d9c                stvtc_0
 *fill*         0x0000000006022df8        0x8 
 SLPROG         0x0000000006022e00      0x140 ../../Compiler/SGL_302j/LIB_COFF/LIBSGL.A(sglJ03.o)
                0x0000000006022e00                sbMakeDMATable
 SLPROG         0x0000000006022f40      0x470 ../../Compiler/SGL_302j/LIB_COFF/LIBSGL.A(sglJ04.o)
                0x0000000006022f9e                sbMakeSprite
                0x0000000006023004                sbMakeRotSprite
 SLPROG         0x00000000060233b0       0x3c ../../Compiler/SGL_302j/LIB_COFF/LIBSGL.A(sglJ05.o)
                0x00000000060233b0                sbSortEntry
 *fill*         0x00000000060233ec        0x4 
 SLPROG         0x00000000060233f0       0x6a ../../Compiler/SGL_302j/LIB_COFF/LIBSGL.A(sglM01.o)
                0x00000000060233f0                slSetDepthLimit
                0x000000000602341c                slSetDepthTbl
                0x000000000602344c                DepthWorkArea
 *fill*         0x000000000602345a        0x6 
 SLPROG         0x0000000006023460       0x20 ../../Compiler/SGL_302j/LIB_COFF/LIBSGL.A(sglA00.o)
                0x0000000006023460                set_imask
                0x0000000006023460                _builtin_set_imask
                0x0000000006023474                get_imask
                0x0000000006023474                _builtin_get_imask
 SLPROG         0x0000000006023480     0x411e ../../Compiler/SGL_302j/LIB_COFF/LIBSGL.A(sglA01.o)
                0x0000000006023480                slSin
                0x00000000060234a4                slCos
                0x00000000060234c8                GetSinCos
                0x000000000602355c                sin_cos_index_tbl
                0x000000000602359c                sin_tbl
 *fill*         0x000000000602759e        0x2 
 SLPROG         0x00000000060275a0      0xbd0 ../../Compiler/SGL_302j/LIB_COFF/LIBSGL.A(sglB000.o)
                0x00000000060275a0                slInitScroll
                0x00000000060276c0                setASC_1to8
                0x00000000060276f0                setASC_4to8
                0x0000000006027800                TVSizeTbl
                0x0000000006027880                TVModeTbl
                0x0000000006027a58                SGL_ASCII_CG
 SLPROG         0x0000000006028170       0xd4 ../../Compiler/SGL_302j/LIB_COFF/LIBSGL.A(sglB035.o)
                0x0000000006028170                sl1MapRA
                0x0000000006028202                rbank_set
 *fill*         0x0000000006028244        0xc 
 SLPROG         0x0000000006028250      0x134 ../../Compiler/SGL_302j/LIB_COFF/LIBSGL.A(sglC00.o)
                0x0000000006028250                slInitSprite
 *fill*         0x0000000006028384        0xc 
 SLPROG         0x0000000006028390      0x75c ../../Compiler/SGL_302j/LIB_COFF/LIBSGL.A(sglI00.o)
                0x0000000006028680                slInitInterrupt
 *fill*         0x0000000006028aec        0x4 
 SLPROG         0x0000000006028af0       0xf0 ../../Compiler/SGL_302j/LIB_COFF/LIBSGL.A(sglH03.o)
                0x0000000006028b54                slSmpcIntBack
                0x0000000006028be0                __slprog_end = .

.tors           0x0000000006028be0        0x0
                0x0000000006028be0                ___ctors = .
 *(.ctors)
                0x0000000006028be0                ___ctors_end = .
                0x0000000006028be0                ___dtors = .
 *(.dtors)
                0x0000000006028be0                ___dtors_end = .

.data           0x0000000006028be0      0x624
 *(.data)
 .data          0x0000000006028be0        0x0 ../../Compiler/SGL_302j/LIB_COFF/SGLAREA.O
 .data          0x0000000006028be0        0xc /tmp/ccpZ9BhW.ltrans0.ltrans.o
 *fill*         0x0000000006028bec        0x4 
 .data          0x0000000006028bf0        0x0 ../../Compiler/SGL_302j/LIB_COFF/SEGA_SYS.A(sys_exit.o)
 .data          0x0000000006028bf0        0x0 ../../Compiler/SGL_302j/LIB_COFF/SEGA_SYS.A(sys_sub.o)
 .data          0x0000000006028bf0        0x0 ../../Compiler/SGL_302j/LIB_COFF/LIBCD.A(CDC_CMN.O)
 .data          0x0000000006028bf0        0x0 ../../Compiler/SGL_302j/LIB_COFF/LIBCD.A(CDC_CFS.O)
 .data          0x0000000006028bf0        0x0 ../../Compiler/SGL_302j/LIB_COFF/LIBCD.A(CDC_REG.O)
 .data          0x0000000006028bf0        0x0 ../../Compiler/SGL_302j/LIB_COFF/LIBCD.A(CDC_SUB.O)
 .data          0x0000000006028bf0        0x0 ../../Compiler/SGL_302j/LIB_COFF/LIBCD.A(GFS.O)
 .data          0x0000000006028bf0        0x0 ../../Compiler/SGL_302j/LIB_COFF/LIBCD.A(GFS_BUF.O)
 .data          0x0000000006028bf0        0x0 ../../Compiler/SGL_302j/LIB_COFF/LIBCD.A(GFS_CDB.O)
 .data          0x0000000006028bf0        0x0 ../../Compiler/SGL_302j/LIB_COFF/LIBCD.A(GFS_CDC.O)
 .data          0x0000000006028bf0        0x0 ../../Compiler/SGL_302j/LIB_COFF/LIBCD.A(GFS_CDF.O)
 .data          0x0000000006028bf0        0x0 ../../Compiler/SGL_302j/LIB_COFF/LIBCD.A(GFS_DIR.O)
 .data          0x0000000006028bf0        0x0 ../../Compiler/SGL_302j/LIB_COFF/LIBCD.A(GFS_TRN.O)
 .data          0x0000000006028bf0        0x0 ../../Compiler/SGL_302j/LIB_COFF/LIBCD.A(CDC_DRV.O)
 .data          0x0000000006028bf0        0x0 ../../Compiler/SGL_302j/LIB_COFF/LIBCD.A(CDC_DEV.O)
 .data          0x0000000006028bf0        0x0 ../../Compiler/SGL_302j/LIB_COFF/LIBCD.A(CDC_SEL.O)
 .data          0x0000000006028bf0        0x0 ../../Compiler/SGL_302j/LIB_COFF/LIBCD.A(CDC_BIF.O)
 .data          0x0000000006028bf0        0x0 ../../Compiler/SGL_302j/LIB_COFF/LIBCD.A(CDC_BIO.O)
 .data          0x0000000006028bf0        0x0 ../../Compiler/SGL_302j/LIB_COFF/LIBSGL.A(sglA15.o)
 .data          0x0000000006028bf0        0x0 ../../Compiler/SGL_302j/LIB_COFF/LIBSGL.A(sglA20.o)
 .data          0x0000000006028bf0        0x0 ../../Compiler/SGL_302j/LIB_COFF/LIBSGL.A(sglA21.o)
 .data          0x0000000006028bf0        0x0 ../../Compiler/SGL_302j/LIB_COFF/LIBSGL.A(sglA27.o)
 .data          0x0000000006028bf0        0x0 ../../Compiler/SGL_302j/LIB_COFF/LIBSGL.A(sglB001.o)
 .data          0x0000000006028bf0        0x0 ../../Compiler/SGL_302j/LIB_COFF/LIBSGL.A(sglB011.o)
 .data          0x0000000006028bf0        0x0 ../../Compiler/SGL_302j/LIB_COFF/LIBSGL.A(sglB015.o)
 .data          0x0000000006028bf0        0x0 ../../Compiler/SGL_302j/LIB_COFF/LIBSGL.A(sglB016.o)
 .data          0x0000000006028bf0        0x0 ../../Compiler/SGL_302j/LIB_COFF/LIBSGL.A(sglB032.o)
 .data          0x0000000006028bf0        0x0 ../../Compiler/SGL_302j/LIB_COFF/LIBSGL.A(sglB053.o)
 .data          0x0000000006028bf0        0x0 ../../Compiler/SGL_302j/LIB_COFF/LIBSGL.A(sglB056.o)
 .data          0x0000000006028bf0        0x0 ../../Compiler/SGL_302j/LIB_COFF/LIBSGL.A(sglB063.o)
 .data          0x0000000006028bf0        0x0 ../../Compiler/SGL_302j/LIB_COFF/LIBSGL.A(sglB200.o)
 .data          0x0000000006028bf0        0x0 ../../Compiler/SGL_302j/LIB_COFF/LIBSGL.A(sglC05.o)
 .data          0x0000000006028bf0        0x0 ../../Compiler/SGL_302j/LIB_COFF/LIBSGL.A(sglC06.o)
 .data          0x0000000006028bf0        0x0 ../../Compiler/SGL_302j/LIB_COFF/LIBSGL.A(sglC07.o)
 .data          0x0000000006028bf0        0x0 ../../Compiler/SGL_302j/LIB_COFF/LIBSGL.A(sglC08.o)
 .data          0x0000000006028bf0        0x0 ../../Compiler/SGL_302j/LIB_COFF/LIBSGL.A(sglC20.o)
 .data          0x0000000006028bf0        0x0 ../../Compiler/SGL_302j/LIB_COFF/LIBSGL.A(sglD00.o)
 .data          0x0000000006028bf0        0x0 ../../Compiler/SGL_302j/LIB_COFF/LIBSGL.A(sglD01.o)
 .data          0x0000000006028bf0        0x0 ../../Compiler/SGL_302j/LIB_COFF/LIBSGL.A(sglD03.o)
 .data          0x0000000006028bf0        0x0 ../../Compiler/SGL_302j/LIB_COFF/LIBSGL.A(sglD15.o)
 .data          0x0000000006028bf0        0x0 ../../Compiler/SGL_302j/LIB_COFF/LIBSGL.A(sglD16.o)
 .data          0x0000000006028bf0        0x0 ../../Compiler/SGL_302j/LIB_COFF/LIBSGL.A(sglD17.o)
 .data          0x0000000006028bf0        0x0 ../../Compiler/SGL_302j/LIB_COFF/LIBSGL.A(sglD18.o)
 .data          0x0000000006028bf0        0x0 ../../Compiler/SGL_302j/LIB_COFF/LIBSGL.A(sglF00.o)
 .data          0x0000000006028bf0        0x0 ../../Compiler/SGL_302j/LIB_COFF/LIBSGL.A(sglF05.o)
 .data          0x0000000006028bf0        0x0 ../../Compiler/SGL_302j/LIB_COFF/LIBSGL.A(sglH00.o)
 .data          0x0000000006028bf0        0x0 ../../Compiler/SGL_302j/LIB_COFF/LIBSGL.A(sglH01.o)
 .data          0x0000000006028bf0        0x0 ../../Compiler/SGL_302j/LIB_COFF/LIBSGL.A(sglH02.o)
 .data          0x0000000006028bf0        0x0 ../../Compiler/SGL_302j/LIB_COFF/LIBSGL.A(sglH04.o)
 .data          0x0000000006028bf0        0x0 ../../Compiler/SGL_302j/LIB_COFF/LIBSGL.A(sglI01.o)
 .data          0x0000000006028bf0       0x80 ../../Compiler/SGL_302j/LIB_COFF/LIBSGL.A(sglIc0.o)
                0x0000000006028bf0                IntPrioMask
 .data          0x0000000006028c70        0x0 ../../Compiler/SGL_302j/LIB_COFF/LIBSGL.A(sglJ00.o)
 .data          0x0000000006028c70        0x0 ../../Compiler/SGL_302j/LIB_COFF/LIBSGL.A(sglJ01.o)
 .data          0x0000000006028c70        0x0 ../../Compiler/SGL_302j/LIB_COFF/LIBSGL.A(sglJ02.o)
 .data          0x0000000006028c70        0x0 ../../Compiler/SGL_302j/LIB_COFF/LIBSGL.A(sglJ03.o)
 .data          0x0000000006028c70        0x0 ../../Compiler/SGL_302j/LIB_COFF/LIBSGL.A(sglJ04.o)
 .data          0x0000000006028c70        0x0 ../../Compiler/SGL_302j/LIB_COFF/LIBSGL.A(sglJ05.o)
 .data          0x0000000006028c70        0x0 ../../Compiler/SGL_302j/LIB_COFF/LIBSGL.A(sglK01.o)
 .data          0x0000000006028c70        0x0 ../../Compiler/SGL_302j/LIB_COFF/LIBSGL.A(sglM01.o)
 .data          0x0000000006028c70        0x0 ../../Compiler/SGL_302j/LIB_COFF/LIBSGL.A(sglA00.o)
 .data          0x0000000006028c70        0x0 ../../Compiler/SGL_302j/LIB_COFF/LIBSGL.A(sglA01.o)
 .data          0x0000000006028c70        0x0 ../../Compiler/SGL_302j/LIB_COFF/LIBSGL.A(sglB000.o)
 .data          0x0000000006028c70        0x0 ../../Compiler/SGL_302j/LIB_COFF/LIBSGL.A(sglB035.o)
 .data          0x0000000006028c70        0x0 ../../Compiler/SGL_302j/LIB_COFF/LIBSGL.A(sglC00.o)
 .data          0x0000000006028c70        0x0 ../../Compiler/SGL_302j/LIB_COFF/LIBSGL.A(sglI00.o)
 .data          0x0000000006028c70        0x0 ../../Compiler/SGL_302j/LIB_COFF/LIBSGL.A(sglH03.o)
 .data          0x0000000006028c70        0x0 /home/sansigolo/Documents/joengine/Compiler/SH_NONE_ELF/bin/../lib/gcc/sh-none-elf/8.2.0/libgcc.a(_ashiftrt.o)
 .data          0x0000000006028c70        0x0 /home/sansigolo/Documents/joengine/Compiler/SH_NONE_ELF/bin/../lib/gcc/sh-none-elf/8.2.0/libgcc.a(_sdivsi3.o)
 .data          0x0000000006028c70        0x0 /home/sansigolo/Documents/joengine/Compiler/SH_NONE_ELF/bin/../lib/gcc/sh-none-elf/8.2.0/libgcc.a(_udivsi3.o)
 .data          0x0000000006028c70        0x0 /home/sansigolo/Documents/joengine/Compiler/SH_NONE_ELF/bin/../lib/gcc/sh-none-elf/8.2.0/libgcc.a(_mul_sf.o)
 .data          0x0000000006028c70        0x0 /home/sansigolo/Documents/joengine/Compiler/SH_NONE_ELF/bin/../lib/gcc/sh-none-elf/8.2.0/libgcc.a(_div_sf.o)
 .data          0x0000000006028c70        0x0 /home/sansigolo/Documents/joengine/Compiler/SH_NONE_ELF/bin/../lib/gcc/sh-none-elf/8.2.0/libgcc.a(_sf_to_si.o)
 .data          0x0000000006028c70        0x0 /home/sansigolo/Documents/joengine/Compiler/SH_NONE_ELF/bin/../lib/gcc/sh-none-elf/8.2.0/libgcc.a(_thenan_sf.o)
 .data          0x0000000006028c70        0x0 /home/sansigolo/Documents/joengine/Compiler/SH_NONE_ELF/bin/../lib/gcc/sh-none-elf/8.2.0/libgcc.a(_usi_to_sf.o)
 .data          0x0000000006028c70        0x0 /home/sansigolo/Documents/joengine/Compiler/SH_NONE_ELF/bin/../lib/gcc/sh-none-elf/8.2.0/libgcc.a(_pack_sf.o)
 .data          0x0000000006028c70        0x0 /home/sansigolo/Documents/joengine/Compiler/SH_NONE_ELF/bin/../lib/gcc/sh-none-elf/8.2.0/libgcc.a(_unpack_sf.o)
 .data          0x0000000006028c70        0x0 /home/sansigolo/Documents/joengine/Compiler/SH_NONE_ELF/bin/../lib/gcc/sh-none-elf/8.2.0/../../../../sh-none-elf/lib/libc.a(lib_a-memcmp.o)
 .data          0x0000000006028c70        0x0 /home/sansigolo/Documents/joengine/Compiler/SH_NONE_ELF/bin/../lib/gcc/sh-none-elf/8.2.0/../../../../sh-none-elf/lib/libc.a(lib_a-memcpy.o)
 .data          0x0000000006028c70        0x0 /home/sansigolo/Documents/joengine/Compiler/SH_NONE_ELF/bin/../lib/gcc/sh-none-elf/8.2.0/../../../../sh-none-elf/lib/libc.a(lib_a-memset.o)
 .data          0x0000000006028c70        0x0 /home/sansigolo/Documents/joengine/Compiler/SH_NONE_ELF/bin/../lib/gcc/sh-none-elf/8.2.0/../../../../sh-none-elf/lib/libc.a(lib_a-sprintf.o)
 .data          0x0000000006028c70        0x0 /home/sansigolo/Documents/joengine/Compiler/SH_NONE_ELF/bin/../lib/gcc/sh-none-elf/8.2.0/../../../../sh-none-elf/lib/libc.a(lib_a-strncmp.o)
 .data          0x0000000006028c70        0x0 /home/sansigolo/Documents/joengine/Compiler/SH_NONE_ELF/bin/../lib/gcc/sh-none-elf/8.2.0/../../../../sh-none-elf/lib/libc.a(lib_a-strncpy.o)
 .data          0x0000000006028c70        0x0 /home/sansigolo/Documents/joengine/Compiler/SH_NONE_ELF/bin/../lib/gcc/sh-none-elf/8.2.0/../../../../sh-none-elf/lib/libc.a(lib_a-svfprintf.o)
 .data          0x0000000006028c70        0x0 /home/sansigolo/Documents/joengine/Compiler/SH_NONE_ELF/bin/../lib/gcc/sh-none-elf/8.2.0/../../../../sh-none-elf/lib/libc.a(lib_a-dtoa.o)
 .data          0x0000000006028c70      0x428 /home/sansigolo/Documents/joengine/Compiler/SH_NONE_ELF/bin/../lib/gcc/sh-none-elf/8.2.0/../../../../sh-none-elf/lib/libc.a(lib_a-impure.o)
                0x0000000006028c70                _impure_ptr
 .data          0x0000000006029098        0x0 /home/sansigolo/Documents/joengine/Compiler/SH_NONE_ELF/bin/../lib/gcc/sh-none-elf/8.2.0/../../../../sh-none-elf/lib/libc.a(lib_a-localeconv.o)
 .data          0x0000000006029098      0x16c /home/sansigolo/Documents/joengine/Compiler/SH_NONE_ELF/bin/../lib/gcc/sh-none-elf/8.2.0/../../../../sh-none-elf/lib/libc.a(lib_a-locale.o)
                0x0000000006029098                __global_locale
 .data          0x0000000006029204        0x0 /home/sansigolo/Documents/joengine/Compiler/SH_NONE_ELF/bin/../lib/gcc/sh-none-elf/8.2.0/../../../../sh-none-elf/lib/libc.a(lib_a-mbtowc_r.o)
 .data          0x0000000006029204        0x0 /home/sansigolo/Documents/joengine/Compiler/SH_NONE_ELF/bin/../lib/gcc/sh-none-elf/8.2.0/../../../../sh-none-elf/lib/libc.a(lib_a-memchr.o)
 .data          0x0000000006029204        0x0 /home/sansigolo/Documents/joengine/Compiler/SH_NONE_ELF/bin/../lib/gcc/sh-none-elf/8.2.0/../../../../sh-none-elf/lib/libc.a(lib_a-mprec.o)
 .data          0x0000000006029204        0x0 /home/sansigolo/Documents/joengine/Compiler/SH_NONE_ELF/bin/../lib/gcc/sh-none-elf/8.2.0/../../../../sh-none-elf/lib/libc.a(lib_a-nano-callocr.o)
 .data          0x0000000006029204        0x0 /home/sansigolo/Documents/joengine/Compiler/SH_NONE_ELF/bin/../lib/gcc/sh-none-elf/8.2.0/../../../../sh-none-elf/lib/libc.a(lib_a-nano-mallocr.o)
 .data          0x0000000006029204        0x0 /home/sansigolo/Documents/joengine/Compiler/SH_NONE_ELF/bin/../lib/gcc/sh-none-elf/8.2.0/../../../../sh-none-elf/lib/libc.a(lib_a-sbrkr.o)
 .data          0x0000000006029204        0x0 /home/sansigolo/Documents/joengine/Compiler/SH_NONE_ELF/bin/../lib/gcc/sh-none-elf/8.2.0/../../../../sh-none-elf/lib/libc.a(lib_a-strcmp.o)
 .data          0x0000000006029204        0x0 /home/sansigolo/Documents/joengine/Compiler/SH_NONE_ELF/bin/../lib/gcc/sh-none-elf/8.2.0/../../../../sh-none-elf/lib/libc.a(lib_a-strlen.o)
 .data          0x0000000006029204        0x0 /home/sansigolo/Documents/joengine/Compiler/SH_NONE_ELF/bin/../lib/gcc/sh-none-elf/8.2.0/../../../../sh-none-elf/lib/libc.a(lib_a-svfiprintf.o)
 .data          0x0000000006029204        0x0 /home/sansigolo/Documents/joengine/Compiler/SH_NONE_ELF/bin/../lib/gcc/sh-none-elf/8.2.0/../../../../sh-none-elf/lib/libc.a(lib_a-syscalls.o)
 .data          0x0000000006029204        0x0 /home/sansigolo/Documents/joengine/Compiler/SH_NONE_ELF/bin/../lib/gcc/sh-none-elf/8.2.0/../../../../sh-none-elf/lib/libc.a(lib_a-trap.o)
 .data          0x0000000006029204        0x0 /home/sansigolo/Documents/joengine/Compiler/SH_NONE_ELF/bin/../lib/gcc/sh-none-elf/8.2.0/../../../../sh-none-elf/lib/libc.a(lib_a-wctomb_r.o)
 .data          0x0000000006029204        0x0 /home/sansigolo/Documents/joengine/Compiler/SH_NONE_ELF/bin/../lib/gcc/sh-none-elf/8.2.0/../../../../sh-none-elf/lib/libc.a(lib_a-abort.o)
 .data          0x0000000006029204        0x0 /home/sansigolo/Documents/joengine/Compiler/SH_NONE_ELF/bin/../lib/gcc/sh-none-elf/8.2.0/../../../../sh-none-elf/lib/libc.a(lib_a-ctype_.o)
 .data          0x0000000006029204        0x0 /home/sansigolo/Documents/joengine/Compiler/SH_NONE_ELF/bin/../lib/gcc/sh-none-elf/8.2.0/../../../../sh-none-elf/lib/libc.a(lib_a-memmove.o)
 .data          0x0000000006029204        0x0 /home/sansigolo/Documents/joengine/Compiler/SH_NONE_ELF/bin/../lib/gcc/sh-none-elf/8.2.0/../../../../sh-none-elf/lib/libc.a(lib_a-mlock.o)
 .data          0x0000000006029204        0x0 /home/sansigolo/Documents/joengine/Compiler/SH_NONE_ELF/bin/../lib/gcc/sh-none-elf/8.2.0/../../../../sh-none-elf/lib/libc.a(lib_a-nano-freer.o)
 .data          0x0000000006029204        0x0 /home/sansigolo/Documents/joengine/Compiler/SH_NONE_ELF/bin/../lib/gcc/sh-none-elf/8.2.0/../../../../sh-none-elf/lib/libc.a(lib_a-nano-reallocr.o)
 .data          0x0000000006029204        0x0 /home/sansigolo/Documents/joengine/Compiler/SH_NONE_ELF/bin/../lib/gcc/sh-none-elf/8.2.0/../../../../sh-none-elf/lib/libc.a(lib_a-signal.o)
 .data          0x0000000006029204        0x0 /home/sansigolo/Documents/joengine/Compiler/SH_NONE_ELF/bin/../lib/gcc/sh-none-elf/8.2.0/../../../../sh-none-elf/lib/libc.a(lib_a-signalr.o)
 .data          0x0000000006029204        0x0 /home/sansigolo/Documents/joengine/Compiler/SH_NONE_ELF/bin/../lib/gcc/sh-none-elf/8.2.0/../../../../sh-none-elf/lib/libc.a(lib_a-nano-msizer.o)
 .data          0x0000000006029204        0x0 /home/sansigolo/Documents/joengine/Compiler/SH_NONE_ELF/bin/../lib/gcc/sh-none-elf/8.2.0/libgcc.a(_ashiftrt_n.o)
 .data          0x0000000006029204        0x0 /home/sansigolo/Documents/joengine/Compiler/SH_NONE_ELF/bin/../lib/gcc/sh-none-elf/8.2.0/libgcc.a(_ashiftlt.o)
 .data          0x0000000006029204        0x0 /home/sansigolo/Documents/joengine/Compiler/SH_NONE_ELF/bin/../lib/gcc/sh-none-elf/8.2.0/libgcc.a(_lshiftrt.o)
 .data          0x0000000006029204        0x0 /home/sansigolo/Documents/joengine/Compiler/SH_NONE_ELF/bin/../lib/gcc/sh-none-elf/8.2.0/libgcc.a(_udivdi3.o)
 .data          0x0000000006029204        0x0 /home/sansigolo/Documents/joengine/Compiler/SH_NONE_ELF/bin/../lib/gcc/sh-none-elf/8.2.0/libgcc.a(_umoddi3.o)
 .data          0x0000000006029204        0x0 /home/sansigolo/Documents/joengine/Compiler/SH_NONE_ELF/bin/../lib/gcc/sh-none-elf/8.2.0/libgcc.a(_addsub_df.o)
 .data          0x0000000006029204        0x0 /home/sansigolo/Documents/joengine/Compiler/SH_NONE_ELF/bin/../lib/gcc/sh-none-elf/8.2.0/libgcc.a(_mul_df.o)
 .data          0x0000000006029204        0x0 /home/sansigolo/Documents/joengine/Compiler/SH_NONE_ELF/bin/../lib/gcc/sh-none-elf/8.2.0/libgcc.a(_div_df.o)
 .data          0x0000000006029204        0x0 /home/sansigolo/Documents/joengine/Compiler/SH_NONE_ELF/bin/../lib/gcc/sh-none-elf/8.2.0/libgcc.a(_eq_df.o)
 .data          0x0000000006029204        0x0 /home/sansigolo/Documents/joengine/Compiler/SH_NONE_ELF/bin/../lib/gcc/sh-none-elf/8.2.0/libgcc.a(_ne_df.o)
 .data          0x0000000006029204        0x0 /home/sansigolo/Documents/joengine/Compiler/SH_NONE_ELF/bin/../lib/gcc/sh-none-elf/8.2.0/libgcc.a(_gt_df.o)
 .data          0x0000000006029204        0x0 /home/sansigolo/Documents/joengine/Compiler/SH_NONE_ELF/bin/../lib/gcc/sh-none-elf/8.2.0/libgcc.a(_ge_df.o)
 .data          0x0000000006029204        0x0 /home/sansigolo/Documents/joengine/Compiler/SH_NONE_ELF/bin/../lib/gcc/sh-none-elf/8.2.0/libgcc.a(_lt_df.o)
 .data          0x0000000006029204        0x0 /home/sansigolo/Documents/joengine/Compiler/SH_NONE_ELF/bin/../lib/gcc/sh-none-elf/8.2.0/libgcc.a(_le_df.o)
 .data          0x0000000006029204        0x0 /home/sansigolo/Documents/joengine/Compiler/SH_NONE_ELF/bin/../lib/gcc/sh-none-elf/8.2.0/libgcc.a(_unord_df.o)
 .data          0x0000000006029204        0x0 /home/sansigolo/Documents/joengine/Compiler/SH_NONE_ELF/bin/../lib/gcc/sh-none-elf/8.2.0/libgcc.a(_si_to_df.o)
 .data          0x0000000006029204        0x0 /home/sansigolo/Documents/joengine/Compiler/SH_NONE_ELF/bin/../lib/gcc/sh-none-elf/8.2.0/libgcc.a(_df_to_si.o)
 .data          0x0000000006029204        0x0 /home/sansigolo/Documents/joengine/Compiler/SH_NONE_ELF/bin/../lib/gcc/sh-none-elf/8.2.0/libgcc.a(_thenan_df.o)
 .data          0x0000000006029204        0x0 /home/sansigolo/Documents/joengine/Compiler/SH_NONE_ELF/bin/../lib/gcc/sh-none-elf/8.2.0/libgcc.a(_usi_to_df.o)
 .data          0x0000000006029204        0x0 /home/sansigolo/Documents/joengine/Compiler/SH_NONE_ELF/bin/../lib/gcc/sh-none-elf/8.2.0/libgcc.a(_udiv_qrnnd_16.o)
 .data          0x0000000006029204        0x0 /home/sansigolo/Documents/joengine/Compiler/SH_NONE_ELF/bin/../lib/gcc/sh-none-elf/8.2.0/libgcc.a(_clz.o)
 .data          0x0000000006029204        0x0 /home/sansigolo/Documents/joengine/Compiler/SH_NONE_ELF/bin/../lib/gcc/sh-none-elf/8.2.0/libgcc.a(_clzsi2.o)
 .data          0x0000000006029204        0x0 /home/sansigolo/Documents/joengine/Compiler/SH_NONE_ELF/bin/../lib/gcc/sh-none-elf/8.2.0/libgcc.a(_pack_df.o)
 .data          0x0000000006029204        0x0 /home/sansigolo/Documents/joengine/Compiler/SH_NONE_ELF/bin/../lib/gcc/sh-none-elf/8.2.0/libgcc.a(_unpack_df.o)
 .data          0x0000000006029204        0x0 /home/sansigolo/Documents/joengine/Compiler/SH_NONE_ELF/bin/../lib/gcc/sh-none-elf/8.2.0/libgcc.a(_fpcmp_parts_df.o)
                0x0000000006029204                __edata = .

.bss            0x0000000006029210    0x82f1c
                0x0000000006029210                __bstart = .
 *(.bss)
 .bss           0x0000000006029210        0x0 ../../Compiler/SGL_302j/LIB_COFF/SGLAREA.O
 .bss           0x0000000006029210    0x82e98 /tmp/ccpZ9BhW.ltrans0.ltrans.o
 *fill*         0x00000000060ac0a8        0x8 
 .bss           0x00000000060ac0b0        0x4 ../../Compiler/SGL_302j/LIB_COFF/SEGA_SYS.A(sys_exit.o)
 *fill*         0x00000000060ac0b4        0xc 
 .bss           0x00000000060ac0c0        0x0 ../../Compiler/SGL_302j/LIB_COFF/SEGA_SYS.A(sys_sub.o)
 .bss           0x00000000060ac0c0        0x0 ../../Compiler/SGL_302j/LIB_COFF/LIBCD.A(CDC_CMN.O)
 .bss           0x00000000060ac0c0        0x0 ../../Compiler/SGL_302j/LIB_COFF/LIBCD.A(CDC_CFS.O)
 .bss           0x00000000060ac0c0        0x2 ../../Compiler/SGL_302j/LIB_COFF/LIBCD.A(CDC_REG.O)
 *fill*         0x00000000060ac0c2        0xe 
 .bss           0x00000000060ac0d0        0xc ../../Compiler/SGL_302j/LIB_COFF/LIBCD.A(CDC_SUB.O)
 *fill*         0x00000000060ac0dc        0x4 
 .bss           0x00000000060ac0e0        0x0 ../../Compiler/SGL_302j/LIB_COFF/LIBCD.A(GFS.O)
 .bss           0x00000000060ac0e0        0x0 ../../Compiler/SGL_302j/LIB_COFF/LIBCD.A(GFS_BUF.O)
 .bss           0x00000000060ac0e0        0x0 ../../Compiler/SGL_302j/LIB_COFF/LIBCD.A(GFS_CDB.O)
 .bss           0x00000000060ac0e0        0x0 ../../Compiler/SGL_302j/LIB_COFF/LIBCD.A(GFS_CDC.O)
 .bss           0x00000000060ac0e0        0x0 ../../Compiler/SGL_302j/LIB_COFF/LIBCD.A(GFS_CDF.O)
 .bss           0x00000000060ac0e0        0x0 ../../Compiler/SGL_302j/LIB_COFF/LIBCD.A(GFS_DIR.O)
 .bss           0x00000000060ac0e0        0xc ../../Compiler/SGL_302j/LIB_COFF/LIBCD.A(GFS_TRN.O)
 *fill*         0x00000000060ac0ec        0x4 
 .bss           0x00000000060ac0f0        0x0 ../../Compiler/SGL_302j/LIB_COFF/LIBCD.A(CDC_DRV.O)
 .bss           0x00000000060ac0f0        0x0 ../../Compiler/SGL_302j/LIB_COFF/LIBCD.A(CDC_DEV.O)
 .bss           0x00000000060ac0f0        0x0 ../../Compiler/SGL_302j/LIB_COFF/LIBCD.A(CDC_SEL.O)
 .bss           0x00000000060ac0f0        0x0 ../../Compiler/SGL_302j/LIB_COFF/LIBCD.A(CDC_BIF.O)
 .bss           0x00000000060ac0f0        0x0 ../../Compiler/SGL_302j/LIB_COFF/LIBCD.A(CDC_BIO.O)
 .bss           0x00000000060ac0f0        0x0 ../../Compiler/SGL_302j/LIB_COFF/LIBSGL.A(sglA15.o)
 .bss           0x00000000060ac0f0        0x0 ../../Compiler/SGL_302j/LIB_COFF/LIBSGL.A(sglA20.o)
 .bss           0x00000000060ac0f0        0x0 ../../Compiler/SGL_302j/LIB_COFF/LIBSGL.A(sglA21.o)
 .bss           0x00000000060ac0f0        0x0 ../../Compiler/SGL_302j/LIB_COFF/LIBSGL.A(sglA27.o)
 .bss           0x00000000060ac0f0        0x0 ../../Compiler/SGL_302j/LIB_COFF/LIBSGL.A(sglB001.o)
 .bss           0x00000000060ac0f0        0x0 ../../Compiler/SGL_302j/LIB_COFF/LIBSGL.A(sglB011.o)
 .bss           0x00000000060ac0f0        0x0 ../../Compiler/SGL_302j/LIB_COFF/LIBSGL.A(sglB015.o)
 .bss           0x00000000060ac0f0        0x0 ../../Compiler/SGL_302j/LIB_COFF/LIBSGL.A(sglB016.o)
 .bss           0x00000000060ac0f0        0x0 ../../Compiler/SGL_302j/LIB_COFF/LIBSGL.A(sglB032.o)
 .bss           0x00000000060ac0f0        0x0 ../../Compiler/SGL_302j/LIB_COFF/LIBSGL.A(sglB053.o)
 .bss           0x00000000060ac0f0        0x0 ../../Compiler/SGL_302j/LIB_COFF/LIBSGL.A(sglB056.o)
 .bss           0x00000000060ac0f0        0x0 ../../Compiler/SGL_302j/LIB_COFF/LIBSGL.A(sglB063.o)
 .bss           0x00000000060ac0f0        0x0 ../../Compiler/SGL_302j/LIB_COFF/LIBSGL.A(sglB200.o)
 .bss           0x00000000060ac0f0        0x0 ../../Compiler/SGL_302j/LIB_COFF/LIBSGL.A(sglC05.o)
 .bss           0x00000000060ac0f0        0x0 ../../Compiler/SGL_302j/LIB_COFF/LIBSGL.A(sglC06.o)
 .bss           0x00000000060ac0f0        0x0 ../../Compiler/SGL_302j/LIB_COFF/LIBSGL.A(sglC07.o)
 .bss           0x00000000060ac0f0        0x0 ../../Compiler/SGL_302j/LIB_COFF/LIBSGL.A(sglC08.o)
 .bss           0x00000000060ac0f0        0x0 ../../Compiler/SGL_302j/LIB_COFF/LIBSGL.A(sglC20.o)
 .bss           0x00000000060ac0f0        0x0 ../../Compiler/SGL_302j/LIB_COFF/LIBSGL.A(sglD00.o)
 .bss           0x00000000060ac0f0        0x0 ../../Compiler/SGL_302j/LIB_COFF/LIBSGL.A(sglD01.o)
 .bss           0x00000000060ac0f0        0x0 ../../Compiler/SGL_302j/LIB_COFF/LIBSGL.A(sglD03.o)
 .bss           0x00000000060ac0f0        0x0 ../../Compiler/SGL_302j/LIB_COFF/LIBSGL.A(sglD15.o)
 .bss           0x00000000060ac0f0        0x0 ../../Compiler/SGL_302j/LIB_COFF/LIBSGL.A(sglD16.o)
 .bss           0x00000000060ac0f0        0x0 ../../Compiler/SGL_302j/LIB_COFF/LIBSGL.A(sglD17.o)
 .bss           0x00000000060ac0f0        0x0 ../../Compiler/SGL_302j/LIB_COFF/LIBSGL.A(sglD18.o)
 .bss           0x00000000060ac0f0        0x0 ../../Compiler/SGL_302j/LIB_COFF/LIBSGL.A(sglF00.o)
 .bss           0x00000000060ac0f0        0x0 ../../Compiler/SGL_302j/LIB_COFF/LIBSGL.A(sglF05.o)
 .bss           0x00000000060ac0f0        0x0 ../../Compiler/SGL_302j/LIB_COFF/LIBSGL.A(sglH00.o)
 .bss           0x00000000060ac0f0        0x0 ../../Compiler/SGL_302j/LIB_COFF/LIBSGL.A(sglH01.o)
 .bss           0x00000000060ac0f0        0x0 ../../Compiler/SGL_302j/LIB_COFF/LIBSGL.A(sglH02.o)
 .bss           0x00000000060ac0f0        0x0 ../../Compiler/SGL_302j/LIB_COFF/LIBSGL.A(sglH04.o)
 .bss           0x00000000060ac0f0        0x0 ../../Compiler/SGL_302j/LIB_COFF/LIBSGL.A(sglI01.o)
 .bss           0x00000000060ac0f0        0x0 ../../Compiler/SGL_302j/LIB_COFF/LIBSGL.A(sglIc0.o)
 .bss           0x00000000060ac0f0        0x0 ../../Compiler/SGL_302j/LIB_COFF/LIBSGL.A(sglJ00.o)
 .bss           0x00000000060ac0f0        0x0 ../../Compiler/SGL_302j/LIB_COFF/LIBSGL.A(sglJ01.o)
 .bss           0x00000000060ac0f0        0x0 ../../Compiler/SGL_302j/LIB_COFF/LIBSGL.A(sglJ02.o)
 .bss           0x00000000060ac0f0        0x0 ../../Compiler/SGL_302j/LIB_COFF/LIBSGL.A(sglJ03.o)
 .bss           0x00000000060ac0f0        0x0 ../../Compiler/SGL_302j/LIB_COFF/LIBSGL.A(sglJ04.o)
 .bss           0x00000000060ac0f0        0x0 ../../Compiler/SGL_302j/LIB_COFF/LIBSGL.A(sglJ05.o)
 .bss           0x00000000060ac0f0        0x0 ../../Compiler/SGL_302j/LIB_COFF/LIBSGL.A(sglK01.o)
 .bss           0x00000000060ac0f0        0x0 ../../Compiler/SGL_302j/LIB_COFF/LIBSGL.A(sglM01.o)
 .bss           0x00000000060ac0f0        0x0 ../../Compiler/SGL_302j/LIB_COFF/LIBSGL.A(sglA00.o)
 .bss           0x00000000060ac0f0        0x0 ../../Compiler/SGL_302j/LIB_COFF/LIBSGL.A(sglA01.o)
 .bss           0x00000000060ac0f0        0x0 ../../Compiler/SGL_302j/LIB_COFF/LIBSGL.A(sglB000.o)
 .bss           0x00000000060ac0f0        0x0 ../../Compiler/SGL_302j/LIB_COFF/LIBSGL.A(sglB035.o)
 .bss           0x00000000060ac0f0        0x0 ../../Compiler/SGL_302j/LIB_COFF/LIBSGL.A(sglC00.o)