Archive member included to satisfy reference by file (symbol)

../../Compiler/SGL_302j/LIB_COFF/SEGA_SYS.A(sys_exit.o)
                              ../../jo_engine/core.o (symbol from plugin) (SYS_Exit)
../../Compiler/SGL_302j/LIB_COFF/SEGA_SYS.A(sys_sub.o)
                              ../../Compiler/SGL_302j/LIB_COFF/SEGA_SYS.A(sys_exit.o) (SYSUB_SetStackptr)
../../Compiler/SGL_302j/LIB_COFF/LIBCD.A(CDC_CMN.O)
                              ../../Compiler/SGL_302j/LIB_COFF/SEGA_SYS.A(sys_exit.o) (CDC_GetCurStat)
../../Compiler/SGL_302j/LIB_COFF/LIBCD.A(CDC_CFS.O)
                              ../../Compiler/SGL_302j/LIB_COFF/SEGA_SYS.A(sys_exit.o) (CDC_ChgDir)
../../Compiler/SGL_302j/LIB_COFF/LIBCD.A(CDC_REG.O)
                              ../../Compiler/SGL_302j/LIB_COFF/SEGA_SYS.A(sys_exit.o) (CDC_GetHirqReq)
../../Compiler/SGL_302j/LIB_COFF/LIBCD.A(CDC_SUB.O)
                              ../../Compiler/SGL_302j/LIB_COFF/LIBCD.A(CDC_CMN.O) (CDSUB_UpdStatus)
../../Compiler/SGL_302j/LIB_COFF/LIBCD.A(GFS.O)
                              ../../jo_engine/fs.o (symbol from plugin) (GFS_Init)
../../Compiler/SGL_302j/LIB_COFF/LIBCD.A(GFS_BUF.O)
                              ../../Compiler/SGL_302j/LIB_COFF/LIBCD.A(GFS.O) (GFBF_GetNumData)
../../Compiler/SGL_302j/LIB_COFF/LIBCD.A(GFS_CDB.O)
                              ../../Compiler/SGL_302j/LIB_COFF/LIBCD.A(GFS.O) (GFCB_Close)
../../Compiler/SGL_302j/LIB_COFF/LIBCD.A(GFS_CDC.O)
                              ../../Compiler/SGL_302j/LIB_COFF/LIBCD.A(GFS.O) (GFCD_SetCdbfs)
../../Compiler/SGL_302j/LIB_COFF/LIBCD.A(GFS_CDF.O)
                              ../../Compiler/SGL_302j/LIB_COFF/LIBCD.A(GFS.O) (GFCF_Init)
../../Compiler/SGL_302j/LIB_COFF/LIBCD.A(GFS_DIR.O)
                              ../../Compiler/SGL_302j/LIB_COFF/LIBCD.A(GFS.O) (GFDR_SetupDirTbl)
../../Compiler/SGL_302j/LIB_COFF/LIBCD.A(GFS_TRN.O)
                              ../../Compiler/SGL_302j/LIB_COFF/LIBCD.A(GFS.O) (GFTR_Setup)
../../Compiler/SGL_302j/LIB_COFF/LIBCD.A(CDC_DRV.O)
                              ../../Compiler/SGL_302j/LIB_COFF/LIBCD.A(GFS_CDC.O) (CDC_CdPlay)
../../Compiler/SGL_302j/LIB_COFF/LIBCD.A(CDC_DEV.O)
                              ../../Compiler/SGL_302j/LIB_COFF/LIBCD.A(GFS_CDC.O) (CDC_CdSetCon)
../../Compiler/SGL_302j/LIB_COFF/LIBCD.A(CDC_SEL.O)
                              ../../Compiler/SGL_302j/LIB_COFF/LIBCD.A(GFS_CDC.O) (CDC_SetFiltRange)
../../Compiler/SGL_302j/LIB_COFF/LIBCD.A(CDC_BIF.O)
                              ../../Compiler/SGL_302j/LIB_COFF/LIBCD.A(GFS_CDC.O) (CDC_GetBufSiz)
../../Compiler/SGL_302j/LIB_COFF/LIBCD.A(CDC_BIO.O)
                              ../../Compiler/SGL_302j/LIB_COFF/LIBCD.A(GFS_CDC.O) (CDC_SetSctLen)
../../Compiler/SGL_302j/LIB_COFF/LIBSGL.A(sglA15.o)
                              ../../jo_engine/core.o (symbol from plugin) (slSlaveFunc)
../../Compiler/SGL_302j/LIB_COFF/LIBSGL.A(sglA20.o)
                              ../../jo_engine/core.o (symbol from plugin) (slUnitMatrix)
../../Compiler/SGL_302j/LIB_COFF/LIBSGL.A(sglA21.o)
                              ../../jo_engine/map.o (symbol from plugin) (slPushMatrix)
../../Compiler/SGL_302j/LIB_COFF/LIBSGL.A(sglA27.o)
                              ../../jo_engine/map.o (symbol from plugin) (slTranslate)
../../Compiler/SGL_302j/LIB_COFF/LIBSGL.A(sglB001.o)
                              ../../jo_engine/core.o (symbol from plugin) (slTVOn)
../../Compiler/SGL_302j/LIB_COFF/LIBSGL.A(sglB011.o)
                              ../../jo_engine/core.o (symbol from plugin) (slBitMapNbg1)
../../Compiler/SGL_302j/LIB_COFF/LIBSGL.A(sglB015.o)
                              ../../jo_engine/core.o (symbol from plugin) (slScrAutoDisp)
../../Compiler/SGL_302j/LIB_COFF/LIBSGL.A(sglB016.o)
                              ../../jo_engine/core.o (symbol from plugin) (slBack1ColSet)
../../Compiler/SGL_302j/LIB_COFF/LIBSGL.A(sglB032.o)
                              ../../jo_engine/core.o (symbol from plugin) (slMapNbg1)
../../Compiler/SGL_302j/LIB_COFF/LIBSGL.A(sglB053.o)
                              ../../jo_engine/core.o (symbol from plugin) (slZoomNbg1)
../../Compiler/SGL_302j/LIB_COFF/LIBSGL.A(sglB056.o)
                              ../../jo_engine/core.o (symbol from plugin) (slPlaneNbg1)
../../Compiler/SGL_302j/LIB_COFF/LIBSGL.A(sglB063.o)
                              ../../jo_engine/core.o (symbol from plugin) (slPriority)
../../Compiler/SGL_302j/LIB_COFF/LIBSGL.A(sglB200.o)
                              ../../jo_engine/core.o (symbol from plugin) (slCharNbg0)
../../Compiler/SGL_302j/LIB_COFF/LIBSGL.A(sglC05.o)
                              ../../jo_engine/sprites.o (symbol from plugin) (slSetSprite)
../../Compiler/SGL_302j/LIB_COFF/LIBSGL.A(sglC06.o)
                              ../../jo_engine/sprites.o (symbol from plugin) (slDispSprite)
../../Compiler/SGL_302j/LIB_COFF/LIBSGL.A(sglC07.o)
                              ../../jo_engine/sprites.o (symbol from plugin) (slPutSprite)
[...]
Memory Configuration

Name             Origin             Length             Attributes
*default*        0x0000000000000000 0xffffffffffffffff

Linker script and memory map

TARGET(coff-sh)

SLSTART         0x0000000006004000       0x28
                0x0000000006004000                ___Start = .
 *(SLSTART)
 SLSTART        0x0000000006004000       0x28 ../../Compiler/SGL_302j/LIB_COFF/LIBSGL.A(sglI00.o)
                0x0000000006004000                SGL_Start
                0x0000000006004002                slStartSGL

.text           0x0000000006004040     0xf498
 *(.text)
 .text          0x0000000006004040        0x0 ../../Compiler/SGL_302j/LIB_COFF/SGLAREA.O
 .text          0x0000000006004040     0x2730 /tmp/ccGiCypq.ltrans0.ltrans.o
 .text          0x0000000006006770      0x238 ../../Compiler/SGL_302j/LIB_COFF/SEGA_SYS.A(sys_exit.o)
                0x0000000006006770                sys_version
                0x0000000006006790                SYS_Exit
 *fill*         0x00000000060069a8        0x8 
 .text          0x00000000060069b0        0x6 ../../Compiler/SGL_302j/LIB_COFF/SEGA_SYS.A(sys_sub.o)
                0x00000000060069b0                SYSUB_SetStackptr
 *fill*         0x00000000060069b6        0xa 
 .text          0x00000000060069c0      0x3a0 ../../Compiler/SGL_302j/LIB_COFF/LIBCD.A(CDC_CMN.O)
                0x00000000060069c0                CDC_GetCurStat
                0x0000000006006a10                CDC_GetLastStat
                0x0000000006006a28                CDC_GetPeriStat
                0x0000000006006afc                CDC_GetHwInfo
                0x0000000006006b64                CDC_TgetToc
                0x0000000006006bb4                CDC_GetSes
                0x0000000006006bf0                CDC_CdInit
                0x0000000006006c74                CDC_CdOpen
                0x0000000006006c9c                CDC_DataReady
                0x0000000006006d08                CDC_DataEnd
 .text          0x0000000006006d60      0x194 ../../Compiler/SGL_302j/LIB_COFF/LIBCD.A(CDC_CFS.O)
                0x0000000006006d60                CDC_ChgDir
                0x0000000006006d94                CDC_ReadDir
                0x0000000006006dc8                CDC_GetFileScope
                0x0000000006006e28                CDC_TgetFileInfo
                0x0000000006006e84                CDC_ReadFile
                0x0000000006006eb8                CDC_AbortFile
 *fill*         0x0000000006006ef4        0xc 
 .text          0x0000000006006f00      0x2dc ../../Compiler/SGL_302j/LIB_COFF/LIBCD.A(CDC_REG.O)
                0x0000000006006f00                CDC_GetDataPtr
                0x0000000006006f10                CDC_GetHirqReq
                0x0000000006006f24                CDC_ClrHirqReq
                0x0000000006006f54                CDREG_ClrHirqReq
                0x0000000006006f64                CDREG_InitHirqReq
                0x0000000006006f8c                CDREG_SetHirqFlag
                0x0000000006006fa0                CDC_GetHirqMsk
                0x0000000006006fb4                CDC_SetHirqMsk
                0x0000000006006fc4                CDC_GetMpegPtr
                0x0000000006006fd4                CDREG_TgetData
                0x0000000006007030                CDREG_CmdRsp
                0x0000000006007130                CDREG_WaitHirq
                0x00000000060071a0                CDREG_ReadRsp
 *fill*         0x00000000060071dc        0x4 
 .text          0x00000000060071e0      0x152 ../../Compiler/SGL_302j/LIB_COFF/LIBCD.A(CDC_SUB.O)
                0x00000000060071e0                CDSUB_UpdStatus
                0x00000000060071f8                CDSUB_UpdCdstat
                0x0000000006007218                CDSUB_CdCmd
                0x0000000006007288                CDSUB_GetCdstat
                0x00000000060072c8                CDSUB_RspToCdstat
                0x0000000006007310                CDSUB_SoftTimer
 *fill*         0x0000000006007332        0xe 
 .text          0x0000000006007340     0x1adc ../../Compiler/SGL_302j/LIB_COFF/LIBCD.A(GFS.O)
                0x0000000006007340                gfs_version
                0x0000000006007360                GFS_Init
                0x0000000006007448                GFS_LoadDir
                0x00000000060074f0                GFS_SetDir
                0x0000000006007558                GFS_NameToId
                0x00000000060075bc                GFS_IdToName
                0x0000000006007628                GFS_GetDirInfo
                0x0000000006007698                GFS_Reset
                0x000000000600771c                GFS_Open
                0x00000000060077d0                GFS_Close
                0x0000000006007808                GFS_Seek
                0x00000000060078bc                GFS_Tell
                0x000000000600790c                GFS_IsEof
                0x0000000006007960                GFS_ByteToSct
                0x00000000060079bc                GFS_GetFileSize
                0x0000000006007a18                GFS_GetFileInfo
                0x0000000006007a8c                GFS_GetNumCdbuf
                0x0000000006007ab4                GFS_Load
                0x0000000006007b78                GFS_Fread
                0x0000000006007c14                gfs_waitRead
                0x0000000006007cbc                GFS_NwFread
                0x0000000006007dc8                GFS_NwCdRead
                0x0000000006007e40                GFS_NwIsComplete
                0x0000000006007e78                GFS_NwStop
                0x0000000006007ee4                GFS_NwGetStat
                0x0000000006007f60                gfs_recovRdErr
                0x0000000006007f90                GFS_NwExecOne
                0x0000000006008050                GFS_NwExecServer
                0x00000000060080cc                GFS_SetGmode
                0x0000000006008130                GFS_SetTmode
                0x000000000600819c                GFS_SetReadPara
                0x0000000006008200                GFS_SetTransPara
                0x000000000600826c                GFS_SetTrFunc
                0x00000000060082d0                GFS_StartTrans
                0x000000000600831c                GFS_CdMovePickup
                0x0000000006008388                GFS_SetErrFunc
                0x00000000060083b4                GFS_GetErrStat
                0x00000000060083d8                GFS_ConvTno
                0x0000000006008400                gfs_chgRoot
                0x00000000060084cc                gfs_aborttrans
                0x00000000060084d8                gfs_mngSetupFuncTbl
                0x000000000600850c                gfs_mngInitWork
                0x00000000060085b0                gfs_mngGetNumFile
                0x0000000006008618                GFS_mngAllocGrp
                0x0000000006008660                gfs_mngFreeGrp
                0x000000000600866c                gfs_mngTermAccess
                0x00000000060086f0                gfs_mngSetErrCode
                0x0000000006008770                gfs_svrSearchHndl
                0x00000000060087b0                gfs_svrAddHndl
                0x00000000060087ec                gfs_svrRemoveHndl
                0x0000000006008848                GFS_OpenSub
                0x00000000060088a0                gfs_loadVol
                0x0000000006008964                gfs_getRootDir
                0x0000000006008a60                gfs_loadRootDir
                0x0000000006008ae8                gfs_flowIn
                0x0000000006008b90                gfs_transData
                0x0000000006008c34                GFS_GetFad
                0x0000000006008c8c                gfs_SetSct
                0x0000000006008ccc                gfs_GetFinfo
                0x0000000006008d0c                gfs_closeSub
                0x0000000006008d48                gfs_getGmode
                0x0000000006008d54                gfs_isTaskDone
                0x0000000006008da8                gfs_convFinStat
 *fill*         0x0000000006008e1c        0x4 
 .text          0x0000000006008e20      0x106 ../../Compiler/SGL_302j/LIB_COFF/LIBCD.A(GFS_BUF.O)
                0x0000000006008e50                GFBF_GetTranData
                0x0000000006008e78                GFBF_GetNumData
                0x0000000006008ea8                GFBF_GetSrcPk
                0x0000000006008ed0                GFBF_GetSctData
                0x0000000006008ef4                GFBF_RtnPk
                0x0000000006008f1c                gfbf_getSctDt
 *fill*         0x0000000006008f26        0xa 
 .text          0x0000000006008f30      0x600 ../../Compiler/SGL_302j/LIB_COFF/LIBCD.A(GFS_CDB.O)
                0x0000000006008f30                GFCB_Setup
                0x0000000006009050                GFCB_Close
                0x0000000006009078                GFCB_GetLenData
                0x0000000006009124                GFCB_GetLenRoom
                0x0000000006009130                GFCB_SetFilt
                0x0000000006009198                GFCB_DeleteAllData
                0x00000000060091c0                GFCB_Tell
                0x00000000060091d0                gfcb_getSctNum
                0x0000000006009220                GFCB_Seek
                0x000000000600931c                GFCB_GetSrcPack
                0x00000000060093fc                GFCB_GetSctData
                0x0000000006009434                GFCB_GetDstPack
                0x0000000006009440                GFCB_RtnPk
                0x0000000006009488                GFCB_MovePickup
                0x00000000060094a4                GFCB_SetCon
                0x00000000060094d8                GFCB_GetPickup
                0x0000000006009500                GFCB_IsPuOwner
                0x0000000006009518                GFCB_UngetPickup
 .text          0x0000000006009530     0x1a10 ../../Compiler/SGL_302j/LIB_COFF/LIBCD.A(GFS_CDC.O)
                0x0000000006009530                GFCD_SetCdbfs
                0x000000000600955c                GFCD_Init
                0x0000000006009760                GFCD_AllocFilt
                0x000000000600979c                GFCD_FreeFilt
                0x00000000060097cc                GFCD_AllocBuf
                0x0000000006009800                GFCD_FreeBuf
                0x00000000060098a4                GFCD_GetBaseFad
                0x00000000060098d8                GFCD_GetPickup
                0x000000000600990c                GFCD_UngetPickup
                0x0000000006009938                GFCD_IsPuOwner
                0x000000000600995c                GFCD_SetFilt
                0x0000000006009a20                GFCD_GetFilt
                0x0000000006009a68                GFCD_SetCon
                0x0000000006009ac0                GFCD_Play
                0x0000000006009b20                GFCD_GetLenData
                0x0000000006009b88                GFCD_ReqData
                0x0000000006009be4                GFCD_EndData
                0x0000000006009c2c                GFCD_DelSctData
                0x0000000006009c84                GFCD_CheckDelSctData
                0x0000000006009cb4                GFCD_GetStat
                0x0000000006009d68                GFCD_MovePickup
                0x0000000006009db4                GFCD_MoveSctData
                0x0000000006009e28                GFCD_CheckMove
                0x0000000006009e4c                GFCD_GetSctInfo
                0x0000000006009e94                GFCD_ChgDir
                0x0000000006009f08                GFCD_SetFiltCon
                0x0000000006009ff0                GFCD_GetFileInfo
                0x000000000600a0cc                GFCD_GetBufSiz
                0x000000000600a104                GFCD_ExecServer
                0x000000000600a1d8                gfcd_isIdleTask
                0x000000000600a264                gfcd_doTask
                0x000000000600a310                GFCD_SetTimer
                0x000000000600a324                GFCD_WaitServer
                0x000000000600a360                gfcd_doSetFiltTsk
                0x000000000600a524                gfcd_doSetConTsk
                0x000000000600a5b4                gfcd_doGetLenDataTsk
                0x000000000600a708                gfcd_doReqDataTsk
                0x000000000600a7a8                gfcd_doDelSctDataTsk
                0x000000000600a8dc                gfcd_doMoveSctTsk
                0x000000000600aa40                gfcd_doChgDirTsk
                0x000000000600ac3c                gfcd_doSetFiltConTsk
                0x000000000600ad80                gfcd_checkEflag
                0x000000000600ada4                gfcd_initCdbMng
                0x000000000600ae24                gfcd_setStat
                0x000000000600ae50                GFCD_SetCsctFunc
                0x000000000600ae6c                GFCD_ChkScdqFlag
                0x000000000600ae90                GFCD_ClrScdqFlag
                0x000000000600aeac                GFCD_WaitScdqFlag
                0x000000000600aef0                GFCD_WaitPause
 .text          0x000000000600af40      0x8d8 ../../Compiler/SGL_302j/LIB_COFF/LIBCD.A(GFS_CDF.O)
                0x000000000600af40                GFCF_Init
                0x000000000600afe0                GFCF_Setup
                0x000000000600b128                GFCF_SetSct
                0x000000000600b16c                GFCF_GetFileInfo
                0x000000000600b1e0                GFCF_FlowInBuf
                0x000000000600b334                GFCF_StopInBuf
                0x000000000600b3d4                GFCF_Recover
                0x000000000600b41c                GFCF_Tell
                0x000000000600b434                GFCF_Seek
                0x000000000600b44c                GFCF_MovePickup
                0x000000000600b4e8                GFCF_cnvIntlvOfs
                0x000000000600b53c                GFCF_GetStat
                0x000000000600b5d4                gfcf_getSctSize
                0x000000000600b610                gfcf_isCdOk
                0x000000000600b6d0                gfcf_getPlayRange
 *fill*         0x000000000600b818        0x8 
 .text          0x000000000600b820      0x92c ../../Compiler/SGL_302j/LIB_COFF/LIBCD.A(GFS_DIR.O)
                0x000000000600b820                GFDR_SetupDirTbl
                0x000000000600b894                GFDR_NameToId
                0x000000000600b8f4                GFDR_GetInfoDirId
                0x000000000600b908                GFDR_GetInfoDirName
                0x000000000600b91c                GFDR_GetAtrDirId
                0x000000000600b934                GFDR_GetAtrDirName
                0x000000000600b94c                GFDR_ChgRoot
                0x000000000600b964                GFDR_ChgDir
                0x000000000600b9d8                gfdr_setupDirIdTbl
                0x000000000600ba5c                gfdr_setupDirNameTbl
                0x000000000600bb08                gfdr_open
                0x000000000600bb30                gfdr_read
                0x000000000600bbf0                gfdr_readByte
                0x000000000600bc1c                gfdr_readWord
                0x000000000600bc48                gfdr_readWordNB
                0x000000000600bc9c                gfdr_readLongNB
                0x000000000600bce8                gfdr_readLongNM
                0x000000000600bd10                gfdr_setNextRec
                0x000000000600bd94                gfdr_readDirEnt
                0x000000000600c110                gfdr_setDirrecCd
 *fill*         0x000000000600c14c        0x4 
 .text          0x000000000600c150      0x9c6 ../../Compiler/SGL_302j/LIB_COFF/LIBCD.A(GFS_TRN.O)
                0x000000000600c180                GFTR_Setup
                0x000000000600c1c4                GFTR_SetMode
                0x000000000600c1d8                GFTR_SetUnit
                0x000000000600c1e4                GFTR_SetTransPara
                0x000000000600c218                GFTR_GetTransPara
                0x000000000600c224                GFTR_GetNumTrans
                0x000000000600c230                GFTR_SetTransMax
                0x000000000600c23c                GFTR_Start
                0x000000000600c248                GFTR_Pause
                0x000000000600c254                GFTR_Stop
                0x000000000600c30c                GFTR_Exec
                0x000000000600c390                GFTR_Idle
                0x000000000600c408                GFTR_ExecSvr
                0x000000000600c510                gftr_getSrcPack
                0x000000000600c598                gftr_getDstPack
                0x000000000600c5f4                gftr_reqScu
                0x000000000600c600                gftr_execScu
                0x000000000600c69c                gftr_remScu
                0x000000000600c6d0                gfdma_canUse
                0x000000000600c6dc                gfdma_exec
                0x000000000600c74c                gfdma_getBytecnt
                0x000000000600c784                gftr_reqDma0
                0x000000000600c79c                gftr_execSdma0
                0x000000000600c7c0                gftr_remDma0
                0x000000000600c7d8                gftr_reqDma1
                0x000000000600c7f0                gftr_execSdma1
                0x000000000600c814                gftr_remDma1
                0x000000000600c82c                gftr_reqCpu
                0x000000000600c838                gftr_execCpu
                0x000000000600c878                gftr_remCpu
                0x000000000600c884                gftr_reqTrn
                0x000000000600c8f4                gftr_execTrn
                0x000000000600c9cc                gftr_remTrn
                0x000000000600ca40                gftr_copyFrac
                0x000000000600ca68                GFTR_GetLenData
                0x000000000600ca74                GFTR_GetLenRoom
                0x000000000600ca8c                GFTR_GetDstPack
                0x000000000600cac0                GFTR_RtnDstPk
                0x000000000600cadc                GFTR_GetData
                0x000000000600caf0                GFTR_SetData
                0x000000000600cb04                GFTR_SetTransFunc
 *fill*         0x000000000600cb16        0xa 
 .text          0x000000000600cb20      0x130 ../../Compiler/SGL_302j/LIB_COFF/LIBCD.A(CDC_DRV.O)
                0x000000000600cb20                CDC_CdPlay
                0x000000000600cbec                CDC_CdSeek
                0x000000000600cc20                CDC_CdScan
 .text          0x000000000600cc50       0xa8 ../../Compiler/SGL_302j/LIB_COFF/LIBCD.A(CDC_DEV.O)
                0x000000000600cc50                CDC_CdSetCon
                0x000000000600cc80                CDC_CdGetCon
                0x000000000600ccbc                CDC_CdGetLastBuf
 *fill*         0x000000000600ccf8        0x8 
 .text          0x000000000600cd00      0x2b8 ../../Compiler/SGL_302j/LIB_COFF/LIBCD.A(CDC_SEL.O)
                0x000000000600cd00                CDC_SetFiltRange
                0x000000000600cd34                CDC_GetFiltRange
                0x000000000600cd8c                CDC_SetFiltSubh
                0x000000000600cdfc                CDC_GetFiltSubh
                0x000000000600ce78                CDC_SetFiltMode
                0x000000000600ceac                CDC_GetFiltMode
                0x000000000600cef0                CDC_SetFiltCon
                0x000000000600cf30                CDC_GetFiltCon
                0x000000000600cf84                CDC_ResetSelector
 *fill*         0x000000000600cfb8        0x8 
 .text          0x000000000600cfc0      0x270 ../../Compiler/SGL_302j/LIB_COFF/LIBCD.A(CDC_BIF.O)
                0x000000000600cfc0                CDC_GetBufSiz
                0x000000000600d01c                CDC_GetSctNum
                0x000000000600d060                CDC_CalActSiz
                0x000000000600d09c                CDC_GetActSiz
                0x000000000600d11c                CDC_GetSctInfo
                0x000000000600d19c                CDC_ExeFadSearch
                0x000000000600d1d4                CDC_GetFadSearch
 .text          0x000000000600d230      0x1e4 ../../Compiler/SGL_302j/LIB_COFF/LIBCD.A(CDC_BIO.O)
                0x000000000600d230                CDC_SetSctLen
                0x000000000600d264                CDC_GetSctData
                0x000000000600d2a0                CDC_DelSctData
                0x000000000600d2dc                CDC_GetdelSctData
                0x000000000600d318                CDC_PutSctData
                0x000000000600d350                CDC_CopySctData
                0x000000000600d394                CDC_MoveSctData
                0x000000000600d3d8                CDC_GetCopyErr
 *fill*         0x000000000600d414        0xc 
 .text          0x000000000600d420        0x0 ../../Compiler/SGL_302j/LIB_COFF/LIBSGL.A(sglA15.o)
 .text          0x000000000600d420        0x0 ../../Compiler/SGL_302j/LIB_COFF/LIBSGL.A(sglA20.o)
 .text          0x000000000600d420        0x0 ../../Compiler/SGL_302j/LIB_COFF/LIBSGL.A(sglA21.o)
 .text          0x000000000600d420        0x0 ../../Compiler/SGL_302j/LIB_COFF/LIBSGL.A(sglA27.o)
 .text          0x000000000600d420        0x0 ../../Compiler/SGL_302j/LIB_COFF/LIBSGL.A(sglB001.o)
 .text          0x000000000600d420        0x0 ../../Compiler/SGL_302j/LIB_COFF/LIBSGL.A(sglB011.o)
 .text          0x000000000600d420        0x0 ../../Compiler/SGL_302j/LIB_COFF/LIBSGL.A(sglB015.o)
 .text          0x000000000600d420        0x0 ../../Compiler/SGL_302j/LIB_COFF/LIBSGL.A(sglB016.o)
 .text          0x000000000600d420        0x0 ../../Compiler/SGL_302j/LIB_COFF/LIBSGL.A(sglB032.o)
 .text          0x000000000600d420        0x0 ../../Compiler/SGL_302j/LIB_COFF/LIBSGL.A(sglB053.o)
 .text          0x000000000600d420        0x0 ../../Compiler/SGL_302j/LIB_COFF/LIBSGL.A(sglB056.o)
 .text          0x000000000600d420        0x0 ../../Compiler/SGL_302j/LIB_COFF/LIBSGL.A(sglB063.o)
 .text          0x000000000600d420        0x0 ../../Compiler/SGL_302j/LIB_COFF/LIBSGL.A(sglB200.o)
 .text          0x000000000600d420        0x0 ../../Compiler/SGL_302j/LIB_COFF/LIBSGL.A(sglC05.o)
 .text          0x000000000600d420        0x0 ../../Compiler/SGL_302j/LIB_COFF/LIBSGL.A(sglC06.o)
 .text          0x000000000600d420        0x0 ../../Compiler/SGL_302j/LIB_COFF/LIBSGL.A(sglC07.o)
 .text          0x000000000600d420        0x0 ../../Compiler/SGL_302j/LIB_COFF/LIBSGL.A(sglC08.o)
 .text          0x000000000600d420        0x0 ../../Compiler/SGL_302j/LIB_COFF/LIBSGL.A(sglC20.o)
 .text          0x000000000600d420        0x0 ../../Compiler/SGL_302j/LIB_COFF/LIBSGL.A(sglD00.o)
 .text          0x000000000600d420        0x0 ../../Compiler/SGL_302j/LIB_COFF/LIBSGL.A(sglD01.o)
 .text          0x000000000600d420        0x0 ../../Compiler/SGL_302j/LIB_COFF/LIBSGL.A(sglD03.o)
 .text          0x000000000600d420        0x0 ../../Compiler/SGL_302j/LIB_COFF/LIBSGL.A(sglD15.o)
 .text          0x000000000600d420        0x0 ../../Compiler/SGL_302j/LIB_COFF/LIBSGL.A(sglD16.o)
 .text          0x000000000600d420        0x0 ../../Compiler/SGL_302j/LIB_COFF/LIBSGL.A(sglD17.o)
 .text          0x000000000600d420        0x0 ../../Compiler/SGL_302j/LIB_COFF/LIBSGL.A(sglD18.o)
 .text          0x000000000600d420        0x0 ../../Compiler/SGL_302j/LIB_COFF/LIBSGL.A(sglF00.o)
 .text          0x000000000600d420        0x0 ../../Compiler/SGL_302j/LIB_COFF/LIBSGL.A(sglF05.o)
 .text          0x000000000600d420        0x0 ../../Compiler/SGL_302j/LIB_COFF/LIBSGL.A(sglH00.o)
 .text          0x000000000600d420        0x0 ../../Compiler/SGL_302j/LIB_COFF/LIBSGL.A(sglH01.o)
 .text          0x000000000600d420        0x0 ../../Compiler/SGL_302j/LIB_COFF/LIBSGL.A(sglH02.o)
 .text          0x000000000600d420        0x0 ../../Compiler/SGL_302j/LIB_COFF/LIBSGL.A(sglH04.o)
 .text          0x000000000600d420        0x0 ../../Compiler/SGL_302j/LIB_COFF/LIBSGL.A(sglI01.o)
 .text          0x000000000600d420      0x128 ../../Compiler/SGL_302j/LIB_COFF/LIBSGL.A(sglIc0.o)
                0x000000000600d420                slInitSystem
 *fill*         0x000000000600d548        0x8 
 .text          0x000000000600d550        0x0 ../../Compiler/SGL_302j/LIB_COFF/LIBSGL.A(sglJ00.o)
 .text          0x000000000600d550        0x0 ../../Compiler/SGL_302j/LIB_COFF/LIBSGL.A(sglJ01.o)
 .text          0x000000000600d550        0x0 ../../Compiler/SGL_302j/LIB_COFF/LIBSGL.A(sglJ02.o)
 .text          0x000000000600d550        0x0 ../../Compiler/SGL_302j/LIB_COFF/LIBSGL.A(sglJ03.o)
 .text          0x000000000600d550        0x0 ../../Compiler/SGL_302j/LIB_COFF/LIBSGL.A(sglJ04.o)
 .text          0x000000000600d550        0x0 ../../Compiler/SGL_302j/LIB_COFF/LIBSGL.A(sglJ05.o)
 .text          0x000000000600d550        0x0 ../../Compiler/SGL_302j/LIB_COFF/LIBSGL.A(sglK01.o)
 .text          0x000000000600d550        0x0 ../../Compiler/SGL_302j/LIB_COFF/LIBSGL.A(sglM01.o)
 .text          0x000000000600d550        0x0 ../../Compiler/SGL_302j/LIB_COFF/LIBSGL.A(sglA00.o)
 .text          0x000000000600d550        0x0 ../../Compiler/SGL_302j/LIB_COFF/LIBSGL.A(sglA01.o)
 .text          0x000000000600d550        0x0 ../../Compiler/SGL_302j/LIB_COFF/LIBSGL.A(sglB000.o)
 .text          0x000000000600d550        0x0 ../../Compiler/SGL_302j/LIB_COFF/LIBSGL.A(sglB035.o)
 .text          0x000000000600d550        0x0 ../../Compiler/SGL_302j/LIB_COFF/LIBSGL.A(sglC00.o)
 .text          0x000000000600d550        0x0 ../../Compiler/SGL_302j/LIB_COFF/LIBSGL.A(sglI00.o)
 .text          0x000000000600d550        0x0 ../../Compiler/SGL_302j/LIB_COFF/LIBSGL.A(sglH03.o)
 .text          0x000000000600d550       0x52 /home/sansigolo/Documents/joengine/Compiler/SH_NONE_ELF/bin/../lib/gcc/sh-none-elf/8.2.0/libgcc.a(_ashiftrt.o)
                0x000000000600d550                __ashiftrt_r4_31
                0x000000000600d550                __ashiftrt_r4_32
                0x000000000600d556                __ashiftrt_r4_30
                0x000000000600d558                __ashiftrt_r4_29
                0x000000000600d55a                __ashiftrt_r4_28
                0x000000000600d55c                __ashiftrt_r4_27
                0x000000000600d55e                __ashiftrt_r4_26
                0x000000000600d560                __ashiftrt_r4_25
                0x000000000600d562                __ashiftrt_r4_24
                0x000000000600d56a                __ashiftrt_r4_23
                0x000000000600d56c                __ashiftrt_r4_22
                0x000000000600d56e                __ashiftrt_r4_21
                0x000000000600d570                __ashiftrt_r4_20
                0x000000000600d572                __ashiftrt_r4_19
                0x000000000600d574                __ashiftrt_r4_18
                0x000000000600d576                __ashiftrt_r4_17
                0x000000000600d578                __ashiftrt_r4_16
                0x000000000600d57e                __ashiftrt_r4_15
                0x000000000600d580                __ashiftrt_r4_14
                0x000000000600d582                __ashiftrt_r4_13
                0x000000000600d584                __ashiftrt_r4_12
                0x000000000600d586                __ashiftrt_r4_11
                0x000000000600d588                __ashiftrt_r4_10
                0x000000000600d58a                __ashiftrt_r4_9
                0x000000000600d58c                __ashiftrt_r4_8
                0x000000000600d58e                __ashiftrt_r4_7
                0x000000000600d590                __ashiftrt_r4_6
                0x000000000600d592                __ashiftrt_r4_5
                0x000000000600d594                __ashiftrt_r4_4
                0x000000000600d596                __ashiftrt_r4_3
                0x000000000600d598                __ashiftrt_r4_2
                0x000000000600d59a                __ashiftrt_r4_1
                0x000000000600d59e                __ashiftrt_r4_0
 *fill*         0x000000000600d5a2        0x2 
 .text          0x000000000600d5a4       0xa0 /home/sansigolo/Documents/joengine/Compiler/SH_NONE_ELF/bin/../lib/gcc/sh-none-elf/8.2.0/libgcc.a(_sdivsi3.o)
                0x000000000600d5a4                __sdivsi3
 .text          0x000000000600d644       0x6c /home/sansigolo/Documents/joengine/Compiler/SH_NONE_ELF/bin/../lib/gcc/sh-none-elf/8.2.0/libgcc.a(_udivsi3.o)
                0x000000000600d666                __udivsi3
 .text          0x000000000600d6b0      0x134 /home/sansigolo/Documents/joengine/Compiler/SH_NONE_ELF/bin/../lib/gcc/sh-none-elf/8.2.0/libgcc.a(_mul_sf.o)
                0x000000000600d6b0                __mulsf3
 .text          0x000000000600d7e4       0xdc /home/sansigolo/Documents/joengine/Compiler/SH_NONE_ELF/bin/../lib/gcc/sh-none-elf/8.2.0/libgcc.a(_div_sf.o)
                0x000000000600d7e4                __divsf3
 .text          0x000000000600d8c0       0x7c /home/sansigolo/Documents/joengine/Compiler/SH_NONE_ELF/bin/../lib/gcc/sh-none-elf/8.2.0/libgcc.a(_sf_to_si.o)
                0x000000000600d8c0                __fixsfsi
 .text          0x000000000600d93c        0x0 /home/sansigolo/Documents/joengine/Compiler/SH_NONE_ELF/bin/../lib/gcc/sh-none-elf/8.2.0/libgcc.a(_thenan_sf.o)
 .text          0x000000000600d93c       0x94 /home/sansigolo/Documents/joengine/Compiler/SH_NONE_ELF/bin/../lib/gcc/sh-none-elf/8.2.0/libgcc.a(_usi_to_sf.o)
                0x000000000600d93c                __floatunsisf
 .text          0x000000000600d9d0      0x114 /home/sansigolo/Documents/joengine/Compiler/SH_NONE_ELF/bin/../lib/gcc/sh-none-elf/8.2.0/libgcc.a(_pack_sf.o)
                0x000000000600d9d0                __pack_f
 .text          0x000000000600dae4       0xa0 /home/sansigolo/Documents/joengine/Compiler/SH_NONE_ELF/bin/../lib/gcc/sh-none-elf/8.2.0/libgcc.a(_unpack_sf.o)
                0x000000000600dae4                __unpack_f
 .text          0x000000000600db84       0x1e /home/sansigolo/Documents/joengine/Compiler/SH_NONE_ELF/bin/../lib/gcc/sh-none-elf/8.2.0/../../../../sh-none-elf/lib/libc.a(lib_a-memcmp.o)
                0x000000000600db84                memcmp
 *fill*         0x000000000600dba2        0x2 
 .text          0x000000000600dba4       0x94 /home/sansigolo/Documents/joengine/Compiler/SH_NONE_ELF/bin/../lib/gcc/sh-none-elf/8.2.0/../../../../sh-none-elf/lib/libc.a(lib_a-memcpy.o)
                0x000000000600dba4                memcpy
 .text          0x000000000600dc38       0x40 /home/sansigolo/Documents/joengine/Compiler/SH_NONE_ELF/bin/../lib/gcc/sh-none-elf/8.2.0/../../../../sh-none-elf/lib/libc.a(lib_a-memset.o)
                0x000000000600dc38                memset
 .text          0x000000000600dc78       0x8c /home/sansigolo/Documents/joengine/Compiler/SH_NONE_ELF/bin/../lib/gcc/sh-none-elf/8.2.0/../../../../sh-none-elf/lib/libc.a(lib_a-sprintf.o)
                0x000000000600dc78                _sprintf_r
                0x000000000600dcb8                sprintf
 .text          0x000000000600dd04       0x2a /home/sansigolo/Documents/joengine/Compiler/SH_NONE_ELF/bin/../lib/gcc/sh-none-elf/8.2.0/../../../../sh-none-elf/lib/libc.a(lib_a-strncmp.o)
                0x000000000600dd04                strncmp
 .text          0x000000000600dd2e       0x32 /home/sansigolo/Documents/joengine/Compiler/SH_NONE_ELF/bin/../lib/gcc/sh-none-elf/8.2.0/../../../../sh-none-elf/lib/libc.a(lib_a-strncpy.o)
                0x000000000600dd2e                strncpy
 .text          0x000000000600dd60     0x1378 /home/sansigolo/Documents/joengine/Compiler/SH_NONE_ELF/bin/../lib/gcc/sh-none-elf/8.2.0/../../../../sh-none-elf/lib/libc.a(lib_a-svfprintf.o)
                0x000000000600dd60                _svfprintf_r
 .text          0x000000000600f0d8      0xef4 /home/sansigolo/Documents/joengine/Compiler/SH_NONE_ELF/bin/../lib/gcc/sh-none-elf/8.2.0/../../../../sh-none-elf/lib/libc.a(lib_a-dtoa.o)
                0x000000000600f20c                _dtoa_r
 .text          0x000000000600ffcc        0x0 /home/sansigolo/Documents/joengine/Compiler/SH_NONE_ELF/bin/../lib/gcc/sh-none-elf/8.2.0/../../../../sh-none-elf/lib/libc.a(lib_a-impure.o)
 .text          0x000000000600ffcc       0x40 /home/sansigolo/Documents/joengine/Compiler/SH_NONE_ELF/bin/../lib/gcc/sh-none-elf/8.2.0/../../../../sh-none-elf/lib/libc.a(lib_a-localeconv.o)
                0x000000000600ffcc                __localeconv_l
                0x000000000600ffd4                _localeconv_r
                0x000000000600fff0                localeconv
 .text          0x000000000601000c       0xa8 /home/sansigolo/Documents/joengine/Compiler/SH_NONE_ELF/bin/../lib/gcc/sh-none-elf/8.2.0/../../../../sh-none-elf/lib/libc.a(lib_a-locale.o)
                0x000000000601000c                _setlocale_r
                0x0000000006010058                __locale_mb_cur_max
                0x0000000006010078                __locale_ctype_ptr_l
                0x0000000006010082                __locale_ctype_ptr
                0x00000000060100a0                setlocale
 .text          0x00000000060100b4       0x4c /home/sansigolo/Documents/joengine/Compiler/SH_NONE_ELF/bin/../lib/gcc/sh-none-elf/8.2.0/../../../../sh-none-elf/lib/libc.a(lib_a-mbtowc_r.o)
                0x00000000060100b4                _mbtowc_r
                0x00000000060100d8                __ascii_mbtowc
 .text          0x0000000006010100       0x1c /home/sansigolo/Documents/joengine/Compiler/SH_NONE_ELF/bin/../lib/gcc/sh-none-elf/8.2.0/../../../../sh-none-elf/lib/libc.a(lib_a-memchr.o)
                0x0000000006010100                memchr
 .text          0x000000000601011c      0xa9c /home/sansigolo/Documents/joengine/Compiler/SH_NONE_ELF/bin/../lib/gcc/sh-none-elf/8.2.0/../../../../sh-none-elf/lib/libc.a(lib_a-mprec.o)
                0x000000000601011c                _Balloc
                0x0000000006010190                _Bfree
                0x00000000060101a8                __multadd
                0x0000000006010250                __s2b
                0x0000000006010310                __hi0bits
                0x0000000006010364                __lo0bits
                0x00000000060103c8                __i2b
                0x00000000060103e4                __multiply
                0x0000000006010528                __pow5mult
                0x00000000060105e4                __lshift
                0x00000000060106d8                __mcmp
                0x0000000006010710                __mdiff
                0x00000000060107ec                __ulp
                0x0000000006010858                __b2d
                0x0000000006010940                __d2b
                0x0000000006010a2c                __ratio
                0x0000000006010ab0                _mprec_log10
                0x0000000006010b08                __copybits
                0x0000000006010b4c                __any_on
 .text          0x0000000006010bb8       0x34 /home/sansigolo/Documents/joengine/Compiler/SH_NONE_ELF/bin/../lib/gcc/sh-none-elf/8.2.0/../../../../sh-none-elf/lib/libc.a(lib_a-nano-callocr.o)
                0x0000000006010bb8                _calloc_r
 .text          0x0000000006010bec       0xf4 /home/sansigolo/Documents/joengine/Compiler/SH_NONE_ELF/bin/../lib/gcc/sh-none-elf/8.2.0/../../../../sh-none-elf/lib/libc.a(lib_a-nano-mallocr.o)
                0x0000000006010bec                _malloc_r
 .text          0x0000000006010ce0       0x30 /home/sansigolo/Documents/joengine/Compiler/SH_NONE_ELF/bin/../lib/gcc/sh-none-elf/8.2.0/../../../../sh-none-elf/lib/libc.a(lib_a-sbrkr.o)
                0x0000000006010ce0                _sbrk_r
 .text          0x0000000006010d10       0x38 /home/sansigolo/Documents/joengine/Compiler/SH_NONE_ELF/bin/../lib/gcc/sh-none-elf/8.2.0/../../../../sh-none-elf/lib/libc.a(lib_a-strcmp.o)
                0x0000000006010d10                strcmp
 .text          0x0000000006010d48       0x20 /home/sansigolo/Documents/joengine/Compiler/SH_NONE_ELF/bin/../lib/gcc/sh-none-elf/8.2.0/../../../../sh-none-elf/lib/libc.a(lib_a-strlen.o)
                0x0000000006010d48                strlen
 .text          0x0000000006010d68      0xa60 /home/sansigolo/Documents/joengine/Compiler/SH_NONE_ELF/bin/../lib/gcc/sh-none-elf/8.2.0/../../../../sh-none-elf/lib/libc.a(lib_a-svfiprintf.o)
                0x0000000006010d68                __ssprint_r
                0x0000000006010e9c                _svfiprintf_r
 .text          0x00000000060117c8      0x25c /home/sansigolo/Documents/joengine/Compiler/SH_NONE_ELF/bin/../lib/gcc/sh-none-elf/8.2.0/../../../../sh-none-elf/lib/libc.a(lib_a-syscalls.o)
                0x0000000006011840                _read
                0x0000000006011850                _lseek
                0x0000000006011860                _write
                0x0000000006011870                _close
                0x0000000006011880                _link
                0x0000000006011884                _sbrk
                0x00000000060118dc                _fstat
                0x00000000060118e6                _open
                0x00000000060118f8                _creat
                0x0000000006011908                _unlink
                0x000000000601190c                isatty
                0x0000000006011910                _isatty
                0x0000000006011914                _exit
                0x0000000006011924                _kill
                0x0000000006011938                _getpid
                0x000000000601193c                _raise
                0x0000000006011940                _stat
                0x0000000006011950                _chmod
                0x0000000006011960                _chown
                0x0000000006011970                _utime
                0x0000000006011984                _fork
                0x0000000006011990                _wait
                0x00000000060119a0                _execve
                0x00000000060119b0                _execv
                0x00000000060119c0                _pipe
                0x00000000060119cc                _times
                0x00000000060119d0                _gettimeofday
                0x00000000060119f8                __setup_argv_and_call_main
 .text          0x0000000006011a24       0x14 /home/sansigolo/Documents/joengine/Compiler/SH_NONE_ELF/bin/../lib/gcc/sh-none-elf/8.2.0/../../../../sh-none-elf/lib/libc.a(lib_a-trap.o)
                0x0000000006011a24                __trap34
 .text          0x0000000006011a38       0x40 /home/sansigolo/Documents/joengine/Compiler/SH_NONE_ELF/bin/../lib/gcc/sh-none-elf/8.2.0/../../../../sh-none-elf/lib/libc.a(lib_a-wctomb_r.o)
                0x0000000006011a38                _wctomb_r
                0x0000000006011a58                __ascii_wctomb
 .text          0x0000000006011a78       0x18 /home/sansigolo/Documents/joengine/Compiler/SH_NONE_ELF/bin/../lib/gcc/sh-none-elf/8.2.0/../../../../sh-none-elf/lib/libc.a(lib_a-abort.o)
                0x0000000006011a78                abort
 .text          0x0000000006011a90        0x0 /home/sansigolo/Documents/joengine/Compiler/SH_NONE_ELF/bin/../lib/gcc/sh-none-elf/8.2.0/../../../../sh-none-elf/lib/libc.a(lib_a-ctype_.o)
 .text          0x0000000006011a90       0x3c /home/sansigolo/Documents/joengine/Compiler/SH_NONE_ELF/bin/../lib/gcc/sh-none-elf/8.2.0/../../../../sh-none-elf/lib/libc.a(lib_a-memmove.o)
                0x0000000006011a90                memmove
 .text          0x0000000006011acc        0x8 /home/sansigolo/Documents/joengine/Compiler/SH_NONE_ELF/bin/../lib/gcc/sh-none-elf/8.2.0/../../../../sh-none-elf/lib/libc.a(lib_a-mlock.o)
                0x0000000006011acc                __malloc_lock
                0x0000000006011ad0                __malloc_unlock
 .text          0x0000000006011ad4       0xc8 /home/sansigolo/Documents/joengine/Compiler/SH_NONE_ELF/bin/../lib/gcc/sh-none-elf/8.2.0/../../../../sh-none-elf/lib/libc.a(lib_a-nano-freer.o)
                0x0000000006011ad4                _free_r
 .text          0x0000000006011b9c       0x7c /home/sansigolo/Documents/joengine/Compiler/SH_NONE_ELF/bin/../lib/gcc/sh-none-elf/8.2.0/../../../../sh-none-elf/lib/libc.a(lib_a-nano-reallocr.o)
                0x0000000006011b9c                _realloc_r
 .text          0x0000000006011c18      0x1b0 /home/sansigolo/Documents/joengine/Compiler/SH_NONE_ELF/bin/../lib/gcc/sh-none-elf/8.2.0/../../../../sh-none-elf/lib/libc.a(lib_a-signal.o)
                0x0000000006011c18                _init_signal_r
                0x0000000006011c54                _signal_r
                0x0000000006011ca0                _raise_r
                0x0000000006011d18                __sigtramp_r
                0x0000000006011d7c                raise
                0x0000000006011d90                signal
                0x0000000006011da4                _init_signal
                0x0000000006011db4                __sigtramp
 .text          0x0000000006011dc8       0x40 /home/sansigolo/Documents/joengine/Compiler/SH_NONE_ELF/bin/../lib/gcc/sh-none-elf/8.2.0/../../../../sh-none-elf/lib/libc.a(lib_a-signalr.o)
                0x0000000006011dc8                _kill_r
                0x0000000006011dfc                _getpid_r
 .text          0x0000000006011e08       0x16 /home/sansigolo/Documents/joengine/Compiler/SH_NONE_ELF/bin/../lib/gcc/sh-none-elf/8.2.0/../../../../sh-none-elf/lib/libc.a(lib_a-nano-msizer.o)
                0x0000000006011e08                _malloc_usable_size_r
 *fill*         0x0000000006011e1e        0x2 
 .text          0x0000000006011e20       0x80 /home/sansigolo/Documents/joengine/Compiler/SH_NONE_ELF/bin/../lib/gcc/sh-none-elf/8.2.0/libgcc.a(_ashiftrt_n.o)
                0x0000000006011e20                __ashrsi3
 .text          0x0000000006011ea0       0xbc /home/sansigolo/Documents/joengine/Compiler/SH_NONE_ELF/bin/../lib/gcc/sh-none-elf/8.2.0/libgcc.a(_ashiftlt.o)
                0x0000000006011ea0                __ashlsi3
                0x0000000006011ea4                __ashlsi3_r0
 .text          0x0000000006011f5c       0xbc /home/sansigolo/Documents/joengine/Compiler/SH_NONE_ELF/bin/../lib/gcc/sh-none-elf/8.2.0/libgcc.a(_lshiftrt.o)
                0x0000000006011f5c                __lshrsi3
                0x0000000006011f60                __lshrsi3_r0
 .text          0x0000000006012018      0x258 /home/sansigolo/Documents/joengine/Compiler/SH_NONE_ELF/bin/../lib/gcc/sh-none-elf/8.2.0/libgcc.a(_udivdi3.o)
                0x0000000006012018                __udivdi3
 .text          0x0000000006012270      0x2bc /home/sansigolo/Documents/joengine/Compiler/SH_NONE_ELF/bin/../lib/gcc/sh-none-elf/8.2.0/libgcc.a(_umoddi3.o)
                0x0000000006012270                __umoddi3
 .text          0x000000000601252c      0x3b4 /home/sansigolo/Documents/joengine/Compiler/SH_NONE_ELF/bin/../lib/gcc/sh-none-elf/8.2.0/libgcc.a(_addsub_df.o)
                0x000000000601283c                __adddf3
                0x000000000601288c                __subdf3
 .text          0x00000000060128e0      0x208 /home/sansigolo/Documents/joengine/Compiler/SH_NONE_ELF/bin/../lib/gcc/sh-none-elf/8.2.0/libgcc.a(_mul_df.o)
                0x00000000060128e0                __muldf3
 .text          0x0000000006012ae8      0x130 /home/sansigolo/Documents/joengine/Compiler/SH_NONE_ELF/bin/../lib/gcc/sh-none-elf/8.2.0/libgcc.a(_div_df.o)
                0x0000000006012ae8                __divdf3
 .text          0x0000000006012c18       0x58 /home/sansigolo/Documents/joengine/Compiler/SH_NONE_ELF/bin/../lib/gcc/sh-none-elf/8.2.0/libgcc.a(_eq_df.o)
                0x0000000006012c18                __eqdf2
 .text          0x0000000006012c70       0x58 /home/sansigolo/Documents/joengine/Compiler/SH_NONE_ELF/bin/../lib/gcc/sh-none-elf/8.2.0/libgcc.a(_ne_df.o)
                0x0000000006012c70                __nedf2
 .text          0x0000000006012cc8       0x50 /home/sansigolo/Documents/joengine/Compiler/SH_NONE_ELF/bin/../lib/gcc/sh-none-elf/8.2.0/libgcc.a(_gt_df.o)
                0x0000000006012cc8                __gtdf2
 .text          0x0000000006012d18       0x50 /home/sansigolo/Documents/joengine/Compiler/SH_NONE_ELF/bin/../lib/gcc/sh-none-elf/8.2.0/libgcc.a(_ge_df.o)
                0x0000000006012d18                __gedf2
 .text          0x0000000006012d68       0x58 /home/sansigolo/Documents/joengine/Compiler/SH_NONE_ELF/bin/../lib/gcc/sh-none-elf/8.2.0/libgcc.a(_lt_df.o)
                0x0000000006012d68                __ltdf2
 .text          0x0000000006012dc0       0x58 /home/sansigolo/Documents/joengine/Compiler/SH_NONE_ELF/bin/../lib/gcc/sh-none-elf/8.2.0/libgcc.a(_le_df.o)
                0x0000000006012dc0                __ledf2
 .text          0x0000000006012e18       0x40 /home/sansigolo/Documents/joengine/Compiler/SH_NONE_ELF/bin/../lib/gcc/sh-none-elf/8.2.0/libgcc.a(_unord_df.o)
                0x0000000006012e18                __unorddf2
 .text          0x0000000006012e58       0xa8 /home/sansigolo/Documents/joengine/Compiler/SH_NONE_ELF/bin/../lib/gcc/sh-none-elf/8.2.0/libgcc.a(_si_to_df.o)
                0x0000000006012e58                __floatsidf
 .text          0x0000000006012f00       0xa4 /home/sansigolo/Documents/joengine/Compiler/SH_NONE_ELF/bin/../lib/gcc/sh-none-elf/8.2.0/libgcc.a(_df_to_si.o)
                0x0000000006012f00                __fixdfsi
 .text          0x0000000006012fa4        0x0 /home/sansigolo/Documents/joengine/Compiler/SH_NONE_ELF/bin/../lib/gcc/sh-none-elf/8.2.0/libgcc.a(_thenan_df.o)
 .text          0x0000000006012fa4       0x88 /home/sansigolo/Documents/joengine/Compiler/SH_NONE_ELF/bin/../lib/gcc/sh-none-elf/8.2.0/libgcc.a(_usi_to_df.o)
                0x0000000006012fa4                __floatunsidf
 *fill*         0x000000000601302c        0x4 
 .text          0x0000000006013030       0x60 /home/sansigolo/Documents/joengine/Compiler/SH_NONE_ELF/bin/../lib/gcc/sh-none-elf/8.2.0/libgcc.a(_udiv_qrnnd_16.o)
                0x0000000006013030                __udiv_qrnnd_16
 .text          0x0000000006013090        0x0 /home/sansigolo/Documents/joengine/Compiler/SH_NONE_ELF/bin/../lib/gcc/sh-none-elf/8.2.0/libgcc.a(_clz.o)
 .text          0x0000000006013090       0x58 /home/sansigolo/Documents/joengine/Compiler/SH_NONE_ELF/bin/../lib/gcc/sh-none-elf/8.2.0/libgcc.a(_clzsi2.o)
                0x0000000006013090                __clzsi2
 .text          0x00000000060130e8      0x25c /home/sansigolo/Documents/joengine/Compiler/SH_NONE_ELF/bin/../lib/gcc/sh-none-elf/8.2.0/libgcc.a(_pack_df.o)
                0x00000000060130e8                __pack_d
 .text          0x0000000006013344       0xcc /home/sansigolo/Documents/joengine/Compiler/SH_NONE_ELF/bin/../lib/gcc/sh-none-elf/8.2.0/libgcc.a(_unpack_df.o)
                0x0000000006013344                __unpack_d
 .text          0x0000000006013410       0xc8 /home/sansigolo/Documents/joengine/Compiler/SH_NONE_ELF/bin/../lib/gcc/sh-none-elf/8.2.0/libgcc.a(_fpcmp_parts_df.o)
                0x0000000006013410                __fpcmp_parts_d
 *(.strings)
                0x00000000060134d8                __etext = .

.text.startup   0x00000000060134d8      0x484
 .text.startup  0x00000000060134d8      0x484 /tmp/ccGiCypq.ltrans0.ltrans.o
                0x00000000060134d8                main

.rodata         0x0000000006013960      0x63c
 *(.rodata)
 .rodata        0x0000000006013960      0x12c /tmp/ccGiCypq.ltrans0.ltrans.o
 .rodata        0x0000000006013a8c       0x10 /home/sansigolo/Documents/joengine/Compiler/SH_NONE_ELF/bin/../lib/gcc/sh-none-elf/8.2.0/libgcc.a(_thenan_sf.o)
                0x0000000006013a8c                __thenan_sf
 .rodata        0x0000000006013a9c       0x20 /home/sansigolo/Documents/joengine/Compiler/SH_NONE_ELF/bin/../lib/gcc/sh-none-elf/8.2.0/../../../../sh-none-elf/lib/libc.a(lib_a-svfprintf.o)
 .rodata        0x0000000006013abc        0x4 /home/sansigolo/Documents/joengine/Compiler/SH_NONE_ELF/bin/../lib/gcc/sh-none-elf/8.2.0/../../../../sh-none-elf/lib/libc.a(lib_a-impure.o)
                0x0000000006013abc                _global_impure_ptr
 .rodata        0x0000000006013ac0      0x124 /home/sansigolo/Documents/joengine/Compiler/SH_NONE_ELF/bin/../lib/gcc/sh-none-elf/8.2.0/../../../../sh-none-elf/lib/libc.a(lib_a-mprec.o)
                0x0000000006013acc                __mprec_tinytens
                0x0000000006013af4                __mprec_bigtens
                0x0000000006013b1c                __mprec_tens
 .rodata        0x0000000006013be4       0x20 /home/sansigolo/Documents/joengine/Compiler/SH_NONE_ELF/bin/../lib/gcc/sh-none-elf/8.2.0/../../../../sh-none-elf/lib/libc.a(lib_a-svfiprintf.o)
 .rodata        0x0000000006013c04      0x284 /home/sansigolo/Documents/joengine/Compiler/SH_NONE_ELF/bin/../lib/gcc/sh-none-elf/8.2.0/../../../../sh-none-elf/lib/libc.a(lib_a-ctype_.o)
                0x0000000006013c04                _ctype_
                0x0000000006013d08                _ctype_b
 .rodata        0x0000000006013e88       0x14 /home/sansigolo/Documents/joengine/Compiler/SH_NONE_ELF/bin/../lib/gcc/sh-none-elf/8.2.0/libgcc.a(_thenan_df.o)
                0x0000000006013e88                __thenan_df
 .rodata        0x0000000006013e9c      0x100 /home/sansigolo/Documents/joengine/Compiler/SH_NONE_ELF/bin/../lib/gcc/sh-none-elf/8.2.0/libgcc.a(_clz.o)
                0x0000000006013e9c                __clz_tab

.rodata.str1.4  0x0000000006013f9c     0x185a
 .rodata.str1.4
                0x0000000006013f9c     0x17e8 /tmp/ccGiCypq.ltrans0.ltrans.o
                                       0x183d (size before relaxing)
 .rodata.str1.4
                0x0000000006015784       0x3a /home/sansigolo/Documents/joengine/Compiler/SH_NONE_ELF/bin/../lib/gcc/sh-none-elf/8.2.0/../../../../sh-none-elf/lib/libc.a(lib_a-svfprintf.o)
 *fill*         0x00000000060157be        0x2 
 .rodata.str1.4
                0x00000000060157c0        0xd /home/sansigolo/Documents/joengine/Compiler/SH_NONE_ELF/bin/../lib/gcc/sh-none-elf/8.2.0/../../../../sh-none-elf/lib/libc.a(lib_a-dtoa.o)
                                         0x12 (size before relaxing)
 *fill*         0x00000000060157cd        0x3 
 .rodata.str1.4
                0x00000000060157d0        0xa /home/sansigolo/Documents/joengine/Compiler/SH_NONE_ELF/bin/../lib/gcc/sh-none-elf/8.2.0/../../../../sh-none-elf/lib/libc.a(lib_a-locale.o)
                                         0x12 (size before relaxing)
 .rodata.str1.4
                0x00000000060157da       0x25 /home/sansigolo/Documents/joengine/Compiler/SH_NONE_ELF/bin/../lib/gcc/sh-none-elf/8.2.0/../../../../sh-none-elf/lib/libc.a(lib_a-svfiprintf.o)
 *fill*         0x00000000060157da        0x2 
 .rodata.str1.4
                0x00000000060157dc       0x1a /home/sansigolo/Documents/joengine/Compiler/SH_NONE_ELF/bin/../lib/gcc/sh-none-elf/8.2.0/../../../../sh-none-elf/lib/libc.a(lib_a-syscalls.o)

.eh_frame       0x00000000060157f8      0x170
 .eh_frame      0x00000000060157f8       0xa8 /home/sansigolo/Documents/joengine/Compiler/SH_NONE_ELF/bin/../lib/gcc/sh-none-elf/8.2.0/libgcc.a(_udivdi3.o)
 .eh_frame      0x00000000060158a0       0xc8 /home/sansigolo/Documents/joengine/Compiler/SH_NONE_ELF/bin/../lib/gcc/sh-none-elf/8.2.0/libgcc.a(_umoddi3.o)
                                         0xdc (size before relaxing)

.rela.dyn       0x0000000006015968        0x0
 .rela.text     0x0000000006015968        0x0 /home/sansigolo/Documents/joengine/Compiler/SH_NONE_ELF/bin/../lib/gcc/sh-none-elf/8.2.0/../../../../sh-none-elf/lib/libc.a(lib_a-sbrkr.o)
 .rela.text.startup
                0x0000000006015968        0x0 /home/sansigolo/Documents/joengine/Compiler/SH_NONE_ELF/bin/../lib/gcc/sh-none-elf/8.2.0/../../../../sh-none-elf/lib/libc.a(lib_a-sbrkr.o)

SLPROG          0x0000000006015980    0x11720
                0x0000000006015980                __slprog_start = .
 *(SLPROG)
 SLPROG         0x0000000006015980     0x6540 ../../Compiler/SGL_302j/LIB_COFF/SGLAREA.O
                0x0000000006015980                MasterStack
                0x0000000006015984                SlaveStack
                0x0000000006015988                MaxVertices
                0x000000000601598a                MaxPolygons
                0x000000000601598c                SortList
                0x0000000006015990                SortListSize
                0x0000000006015994                TransList
                0x0000000006015998                Zbuffer
                0x000000000601599c                SpriteBuf
                0x00000000060159a0                SpriteBufSize
                0x00000000060159a4                Pbuffer
                0x00000000060159a8                CommandBuf
                0x00000000060159ac                CLOfstBuf
                0x00000000060159b0                PCM_Work
                0x00000000060159b4                PCM_WkSize
                0x00000000060159b8                MaxEvents
                0x00000000060159ba                EventSize
                0x00000000060159bc                MaxWorks
                0x00000000060159be                WorkSize
                0x00000000060159c0                RemainEvent
                0x0000000006015ac0                RemainWork
                0x0000000006015ec0                EventBuf
                0x0000000006017ec0                WorkBuf
 SLPROG         0x000000000601bec0       0x18 ../../Compiler/SGL_302j/LIB_COFF/LIBSGL.A(sglA15.o)
                0x000000000601bec0                slSlaveFunc
 *fill*         0x000000000601bed8        0x8 
 SLPROG         0x000000000601bee0      0x42c ../../Compiler/SGL_302j/LIB_COFF/LIBSGL.A(sglA20.o)
                0x000000000601bee0                slInitMatrix
                0x000000000601beea                slPushUnitMatrix
                0x000000000601befe                slUnitMatrix
 *fill*         0x000000000601c30c        0x4 
 SLPROG         0x000000000601c310       0x48 ../../Compiler/SGL_302j/LIB_COFF/LIBSGL.A(sglA21.o)
                0x000000000601c310                slPushMatrix
                0x000000000601c344                slPopMatrix
                0x000000000601c344                slDecMatrixPtr
 *fill*         0x000000000601c358        0x8 
 SLPROG         0x000000000601c360       0x50 ../../Compiler/SGL_302j/LIB_COFF/LIBSGL.A(sglA27.o)
                0x000000000601c360                slTranslate
 SLPROG         0x000000000601c3b0       0x20 ../../Compiler/SGL_302j/LIB_COFF/LIBSGL.A(sglB001.o)
                0x000000000601c3b0                slTVOn
                0x000000000601c3ba                slTVOff
 SLPROG         0x000000000601c3d0       0x24 ../../Compiler/SGL_302j/LIB_COFF/LIBSGL.A(sglB011.o)
                0x000000000601c3d0                slBitMapNbg1
 *fill*         0x000000000601c3f4        0xc 
 SLPROG         0x000000000601c400      0x40c ../../Compiler/SGL_302j/LIB_COFF/LIBSGL.A(sglB015.o)
                0x000000000601c400                slScrAutoDisp
 *fill*         0x000000000601c80c        0x4 
 SLPROG         0x000000000601c810        0xc ../../Compiler/SGL_302j/LIB_COFF/LIBSGL.A(sglB016.o)
                0x000000000601c810                slBack1ColSet
 *fill*         0x000000000601c81c        0x4 
 SLPROG         0x000000000601c820       0xb4 ../../Compiler/SGL_302j/LIB_COFF/LIBSGL.A(sglB032.o)
                0x000000000601c820                slMapNbg1
 *fill*         0x000000000601c8d4        0xc 
 SLPROG         0x000000000601c8e0        0xc ../../Compiler/SGL_302j/LIB_COFF/LIBSGL.A(sglB053.o)
                0x000000000601c8e0                slZoomNbg1
 *fill*         0x000000000601c8ec        0x4 
 SLPROG         0x000000000601c8f0        0xc ../../Compiler/SGL_302j/LIB_COFF/LIBSGL.A(sglB056.o)
                0x000000000601c8f0                slPlaneNbg1
 *fill*         0x000000000601c8fc        0x4 
 SLPROG         0x000000000601c900        0xc ../../Compiler/SGL_302j/LIB_COFF/LIBSGL.A(sglB063.o)
                0x000000000601c900                slPriority
 *fill*         0x000000000601c90c        0x4 
 SLPROG         0x000000000601c910      0x114 ../../Compiler/SGL_302j/LIB_COFF/LIBSGL.A(sglB200.o)
                0x000000000601c910                slCharRbg0
                0x000000000601c91c                slCharNbg0
                0x000000000601c928                slCharNbg1
                0x000000000601c934                slCharNbg2
                0x000000000601c94a                slCharNbg3
                0x000000000601c962                slPageRbg0
                0x000000000601c978                slPageNbg1
                0x000000000601c980                slPageNbg2
                0x000000000601c988                slPageNbg3
                0x000000000601c994                slPageNbg0
 *fill*         0x000000000601ca24        0xc 
 SLPROG         0x000000000601ca30       0x78 ../../Compiler/SGL_302j/LIB_COFF/LIBSGL.A(sglC05.o)
                0x000000000601ca30                slSetSprite
 *fill*         0x000000000601caa8        0x8 
 SLPROG         0x000000000601cab0       0xfa ../../Compiler/SGL_302j/LIB_COFF/LIBSGL.A(sglC06.o)
                0x000000000601cab0                slDispSprite
 *fill*         0x000000000601cbaa        0x6 
 SLPROG         0x000000000601cbb0      0x162 ../../Compiler/SGL_302j/LIB_COFF/LIBSGL.A(sglC07.o)
                0x000000000601cbb6                slPutSprite
 *fill*         0x000000000601cd12        0xe 
 SLPROG         0x000000000601cd20     0x1218 ../../Compiler/SGL_302j/LIB_COFF/LIBSGL.A(sglC08.o)
                0x000000000601cd20                slPutPolygon
                0x000000000601d99c                MsCalcDepthFlat
 *fill*         0x000000000601df38        0x8 
 SLPROG         0x000000000601df40       0x40 ../../Compiler/SGL_302j/LIB_COFF/LIBSGL.A(sglC20.o)
                0x000000000601df40                SpriteEntry
 SLPROG         0x000000000601df80       0x84 ../../Compiler/SGL_302j/LIB_COFF/LIBSGL.A(sglD00.o)
                0x000000000601df80                slDMACopy
                0x000000000601df80                slCpuDMACopy
                0x000000000601dfda                slCashPurge
                0x000000000601dfda                CSH_AllClr
 *fill*         0x000000000601e004        0xc 
 SLPROG         0x000000000601e010       0xa0 ../../Compiler/SGL_302j/LIB_COFF/LIBSGL.A(sglD01.o)
                0x000000000601e010                slDMAXCopy
 SLPROG         0x000000000601e0b0        0xc ../../Compiler/SGL_302j/LIB_COFF/LIBSGL.A(sglD03.o)
                0x000000000601e0b0                slDMAStatus
 *fill*         0x000000000601e0bc        0x4 
 SLPROG         0x000000000601e0c0       0x20 ../../Compiler/SGL_302j/LIB_COFF/LIBSGL.A(sglD15.o)
                0x000000000601e0c0                CSH_Purge
 SLPROG         0x000000000601e0e0       0x84 ../../Compiler/SGL_302j/LIB_COFF/LIBSGL.A(sglD16.o)
                0x000000000601e0e0                DMA_ScuSetPrm
                0x000000000601e128                DMA_SCU_PRM0
 *fill*         0x000000000601e164        0xc 
 SLPROG         0x000000000601e170       0x88 ../../Compiler/SGL_302j/LIB_COFF/LIBSGL.A(sglD17.o)
                0x000000000601e170                DMA_ScuStart
 *fill*         0x000000000601e1f8        0x8 
 SLPROG         0x000000000601e200       0x34 ../../Compiler/SGL_302j/LIB_COFF/LIBSGL.A(sglD18.o)
                0x000000000601e200                DMA_ScuGetStatus
 *fill*         0x000000000601e234        0xc 
 SLPROG         0x000000000601e240       0x4e ../../Compiler/SGL_302j/LIB_COFF/LIBSGL.A(sglF00.o)
                0x000000000601e240                slCurScrn
                0x000000000601e250                slCurColor
                0x000000000601e25a                slLocate
                0x000000000601e28c                CurrentScreen
 *fill*         0x000000000601e28e        0x2 
 SLPROG         0x000000000601e290       0x1c ../../Compiler/SGL_302j/LIB_COFF/LIBSGL.A(sglF05.o)
                0x000000000601e290                slPrint
 *fill*         0x000000000601e2ac        0x4 
 SLPROG         0x000000000601e2b0      0xfc8 ../../Compiler/SGL_302j/LIB_COFF/LIBSGL.A(sglH00.o)
                0x000000000601e2c8                slGetPortDir1
                0x000000000601e2d0                slGetPortDir2
                0x000000000601e2d8                slSetPortDir1
                0x000000000601e302                slSetPortDir2
                0x000000000601e33c                slGetPortData1
                0x000000000601e344                slGetPortData2
                0x000000000601e34c                slSetPortData1
                0x000000000601e356                slSetPortData2
                0x000000000601e368                slGetPortSelect1
                0x000000000601e372                slGetPortSelect2
                0x000000000601e37c                slSetPortSelect1
                0x000000000601e3b0                slSetPortSelect2
                0x000000000601e3ec                slGetPortExt1
                0x000000000601e3f6                slGetPortExt2
                0x000000000601e400                slSetPortExt1
                0x000000000601e430                slSetPortExt2
                0x000000000601e5a4                slSmpcDirectAccess
                0x000000000601e624                slInitPeripheral
                0x000000000601e6b6                slSetResultBuffer
                0x000000000601e742                slCheckIntBackSet
                0x000000000601e74e                slIntBackCancel
                0x000000000601e778                slCheckReset
                0x000000000601e782                slClearReset
                0x000000000601e948                slSmpcCashSend
                0x000000000601ea04                slSmpcCashBlow
                0x000000000601eae0                slGetOptimize
                0x000000000601eaea                slSetOptimize
                0x000000000601eb10                slGetPortMode1
                0x000000000601eb1c                slGetPortMode2
                0x000000000601eb2a                slSetPortMode1
                0x000000000601eb68                slSetPortMode2
                0x000000000601ecf4                slRequestCommand
                0x000000000601ed64                Smpc_Status
                0x000000000601ed68                Smpc_Result
                0x000000000601ed6c                Smpc_Peripheral
                0x000000000601ed72                Per_Connect1
                0x000000000601ed73                Per_Connect2
                0x000000000601ed94                SmpcStatusBuf
 *fill*         0x000000000601f278        0x8 
 SLPROG         0x000000000601f280       0xa8 ../../Compiler/SGL_302j/LIB_COFF/LIBSGL.A(sglH01.o)
                0x000000000601f280                slGetLanguage
                0x000000000601f28a                slSetLanguage
                0x000000000601f2ac                slGetSoundEffect
                0x000000000601f2b8                slSetSoundEffect
                0x000000000601f2d4                slGetSoundOutput
                0x000000000601f2e0                slSetSoundOutput
                0x000000000601f2fc                slGetHelpWindow
                0x000000000601f308                slSetHelpWindow
 *fill*         0x000000000601f328        0x8 
 SLPROG         0x000000000601f330      0x470 ../../Compiler/SGL_302j/LIB_COFF/LIBSGL.A(sglH02.o)
                0x000000000601f720                smpc_pfr_tbl
                0x000000000601f760                smpc_ptf_tbl
 SLPROG         0x000000000601f7a0       0x60 ../../Compiler/SGL_302j/LIB_COFF/LIBSGL.A(sglH04.o)
                0x000000000601f7a0                slComPrmIntBack
                0x000000000601f7b4                slComPrmSetMemory
                0x000000000601f7ca                slComPrmSetTime
 SLPROG         0x000000000601f800      0x3a4 ../../Compiler/SGL_302j/LIB_COFF/LIBSGL.A(sglI01.o)
                0x000000000601f800                slInitSynch
                0x000000000601f81a                slSynch
                0x000000000601f910                slRandom
                0x000000000601f92e                PCM_EndCheck
                0x000000000601f9ea                RetPCMBuf
                0x000000000601fa84                PCM_Buf
                0x000000000601fb24                Sound_Buf
 *fill*         0x000000000601fba4        0xc 
 SLPROG         0x000000000601fbb0       0x74 ../../Compiler/SGL_302j/LIB_COFF/LIBSGL.A(sglJ00.o)
                0x000000000601fbb0                InitSlaveSH
                0x000000000601fc18                SlaveCommand
 *fill*         0x000000000601fc24        0xc 
 SLPROG         0x000000000601fc30      0x3d0 ../../Compiler/SGL_302j/LIB_COFF/LIBSGL.A(sglJ01.o)
                0x000000000601fc30                SlaveControl
                0x000000000601ffec                ErasePolygonData
 SLPROG         0x0000000006020000     0x12b8 ../../Compiler/SGL_302j/LIB_COFF/LIBSGL.A(sglJ02.o)
                0x0000000006020000                sbMakePolygon
                0x00000000060201e8                sbCalcPolygon
                0x0000000006020f20                SetTexture
                0x0000000006020f2c                SetPolygon
                0x0000000006020f34                SetPosition
                0x0000000006020f6c                stvtc_4
                0x0000000006021024                stvtc_3
                0x0000000006021234                stvtc_1
                0x0000000006021248                stvtc_2
                0x000000000602125c                stvtc_0
 *fill*         0x00000000060212b8        0x8 
 SLPROG         0x00000000060212c0      0x140 ../../Compiler/SGL_302j/LIB_COFF/LIBSGL.A(sglJ03.o)
                0x00000000060212c0                sbMakeDMATable
 SLPROG         0x0000000006021400      0x470 ../../Compiler/SGL_302j/LIB_COFF/LIBSGL.A(sglJ04.o)
                0x000000000602145e                sbMakeSprite
                0x00000000060214c4                sbMakeRotSprite
 SLPROG         0x0000000006021870       0x3c ../../Compiler/SGL_302j/LIB_COFF/LIBSGL.A(sglJ05.o)
                0x0000000006021870                sbSortEntry
 *fill*         0x00000000060218ac        0x4 
 SLPROG         0x00000000060218b0       0x6a ../../Compiler/SGL_302j/LIB_COFF/LIBSGL.A(sglM01.o)
                0x00000000060218b0                slSetDepthLimit
                0x00000000060218dc                slSetDepthTbl
                0x000000000602190c                DepthWorkArea
 *fill*         0x000000000602191a        0x6 
 SLPROG         0x0000000006021920       0x20 ../../Compiler/SGL_302j/LIB_COFF/LIBSGL.A(sglA00.o)
                0x0000000006021920                set_imask
                0x0000000006021920                _builtin_set_imask
                0x0000000006021934                get_imask
                0x0000000006021934                _builtin_get_imask
 SLPROG         0x0000000006021940     0x411e ../../Compiler/SGL_302j/LIB_COFF/LIBSGL.A(sglA01.o)
                0x0000000006021940                slSin
                0x0000000006021964                slCos
                0x0000000006021988                GetSinCos
                0x0000000006021a1c                sin_cos_index_tbl
                0x0000000006021a5c                sin_tbl
 *fill*         0x0000000006025a5e        0x2 
 SLPROG         0x0000000006025a60      0xbd0 ../../Compiler/SGL_302j/LIB_COFF/LIBSGL.A(sglB000.o)
                0x0000000006025a60                slInitScroll
                0x0000000006025b80                setASC_1to8
                0x0000000006025bb0                setASC_4to8
                0x0000000006025cc0                TVSizeTbl
                0x0000000006025d40                TVModeTbl
                0x0000000006025f18                SGL_ASCII_CG
 SLPROG         0x0000000006026630       0xd4 ../../Compiler/SGL_302j/LIB_COFF/LIBSGL.A(sglB035.o)
                0x0000000006026630                sl1MapRA
                0x00000000060266c2                rbank_set
 *fill*         0x0000000006026704        0xc 
 SLPROG         0x0000000006026710      0x134 ../../Compiler/SGL_302j/LIB_COFF/LIBSGL.A(sglC00.o)
                0x0000000006026710                slInitSprite
 *fill*         0x0000000006026844        0xc 
 SLPROG         0x0000000006026850      0x75c ../../Compiler/SGL_302j/LIB_COFF/LIBSGL.A(sglI00.o)
                0x0000000006026b40                slInitInterrupt
 *fill*         0x0000000006026fac        0x4 
 SLPROG         0x0000000006026fb0       0xf0 ../../Compiler/SGL_302j/LIB_COFF/LIBSGL.A(sglH03.o)
                0x0000000006027014                slSmpcIntBack
                0x00000000060270a0                __slprog_end = .

.tors           0x00000000060270a0        0x0
                0x00000000060270a0                ___ctors = .
 *(.ctors)
                0x00000000060270a0                ___ctors_end = .
                0x00000000060270a0                ___dtors = .
 *(.dtors)
                0x00000000060270a0                ___dtors_end = .

.data           0x00000000060270a0      0x624
 *(.data)
 .data          0x00000000060270a0        0x0 ../../Compiler/SGL_302j/LIB_COFF/SGLAREA.O
 .data          0x00000000060270a0        0xc /tmp/ccGiCypq.ltrans0.ltrans.o
 *fill*         0x00000000060270ac        0x4 
 .data          0x00000000060270b0        0x0 ../../Compiler/SGL_302j/LIB_COFF/SEGA_SYS.A(sys_exit.o)
 .data          0x00000000060270b0        0x0 ../../Compiler/SGL_302j/LIB_COFF/SEGA_SYS.A(sys_sub.o)
 .data          0x00000000060270b0        0x0 ../../Compiler/SGL_302j/LIB_COFF/LIBCD.A(CDC_CMN.O)
 .data          0x00000000060270b0        0x0 ../../Compiler/SGL_302j/LIB_COFF/LIBCD.A(CDC_CFS.O)
 .data          0x00000000060270b0        0x0 ../../Compiler/SGL_302j/LIB_COFF/LIBCD.A(CDC_REG.O)
 .data          0x00000000060270b0        0x0 ../../Compiler/SGL_302j/LIB_COFF/LIBCD.A(CDC_SUB.O)
 .data          0x00000000060270b0        0x0 ../../Compiler/SGL_302j/LIB_COFF/LIBCD.A(GFS.O)
 .data          0x00000000060270b0        0x0 ../../Compiler/SGL_302j/LIB_COFF/LIBCD.A(GFS_BUF.O)
 .data          0x00000000060270b0        0x0 ../../Compiler/SGL_302j/LIB_COFF/LIBCD.A(GFS_CDB.O)
 .data          0x00000000060270b0        0x0 ../../Compiler/SGL_302j/LIB_COFF/LIBCD.A(GFS_CDC.O)
 .data          0x00000000060270b0        0x0 ../../Compiler/SGL_302j/LIB_COFF/LIBCD.A(GFS_CDF.O)
 .data          0x00000000060270b0        0x0 ../../Compiler/SGL_302j/LIB_COFF/LIBCD.A(GFS_DIR.O)
 .data          0x00000000060270b0        0x0 ../../Compiler/SGL_302j/LIB_COFF/LIBCD.A(GFS_TRN.O)
 .data          0x00000000060270b0        0x0 ../../Compiler/SGL_302j/LIB_COFF/LIBCD.A(CDC_DRV.O)
 .data          0x00000000060270b0        0x0 ../../Compiler/SGL_302j/LIB_COFF/LIBCD.A(CDC_DEV.O)
 .data          0x00000000060270b0        0x0 ../../Compiler/SGL_302j/LIB_COFF/LIBCD.A(CDC_SEL.O)
 .data          0x00000000060270b0        0x0 ../../Compiler/SGL_302j/LIB_COFF/LIBCD.A(CDC_BIF.O)
 .data          0x00000000060270b0        0x0 ../../Compiler/SGL_302j/LIB_COFF/LIBCD.A(CDC_BIO.O)
 .data          0x00000000060270b0        0x0 ../../Compiler/SGL_302j/LIB_COFF/LIBSGL.A(sglA15.o)
 .data          0x00000000060270b0        0x0 ../../Compiler/SGL_302j/LIB_COFF/LIBSGL.A(sglA20.o)
 .data          0x00000000060270b0        0x0 ../../Compiler/SGL_302j/LIB_COFF/LIBSGL.A(sglA21.o)
 .data          0x00000000060270b0        0x0 ../../Compiler/SGL_302j/LIB_COFF/LIBSGL.A(sglA27.o)
 .data          0x00000000060270b0        0x0 ../../Compiler/SGL_302j/LIB_COFF/LIBSGL.A(sglB001.o)
 .data          0x00000000060270b0        0x0 ../../Compiler/SGL_302j/LIB_COFF/LIBSGL.A(sglB011.o)
 .data          0x00000000060270b0        0x0 ../../Compiler/SGL_302j/LIB_COFF/LIBSGL.A(sglB015.o)
 .data          0x00000000060270b0        0x0 ../../Compiler/SGL_302j/LIB_COFF/LIBSGL.A(sglB016.o)
 .data          0x00000000060270b0        0x0 ../../Compiler/SGL_302j/LIB_COFF/LIBSGL.A(sglB032.o)
 .data          0x00000000060270b0        0x0 ../../Compiler/SGL_302j/LIB_COFF/LIBSGL.A(sglB053.o)
 .data          0x00000000060270b0        0x0 ../../Compiler/SGL_302j/LIB_COFF/LIBSGL.A(sglB056.o)
 .data          0x00000000060270b0        0x0 ../../Compiler/SGL_302j/LIB_COFF/LIBSGL.A(sglB063.o)
 .data          0x00000000060270b0        0x0 ../../Compiler/SGL_302j/LIB_COFF/LIBSGL.A(sglB200.o)
 .data          0x00000000060270b0        0x0 ../../Compiler/SGL_302j/LIB_COFF/LIBSGL.A(sglC05.o)
 .data          0x00000000060270b0        0x0 ../../Compiler/SGL_302j/LIB_COFF/LIBSGL.A(sglC06.o)
 .data          0x00000000060270b0        0x0 ../../Compiler/SGL_302j/LIB_COFF/LIBSGL.A(sglC07.o)
 .data          0x00000000060270b0        0x0 ../../Compiler/SGL_302j/LIB_COFF/LIBSGL.A(sglC08.o)
 .data          0x00000000060270b0        0x0 ../../Compiler/SGL_302j/LIB_COFF/LIBSGL.A(sglC20.o)
 .data          0x00000000060270b0        0x0 ../../Compiler/SGL_302j/LIB_COFF/LIBSGL.A(sglD00.o)
 .data          0x00000000060270b0        0x0 ../../Compiler/SGL_302j/LIB_COFF/LIBSGL.A(sglD01.o)
 .data          0x00000000060270b0        0x0 ../../Compiler/SGL_302j/LIB_COFF/LIBSGL.A(sglD03.o)
 .data          0x00000000060270b0        0x0 ../../Compiler/SGL_302j/LIB_COFF/LIBSGL.A(sglD15.o)
 .data          0x00000000060270b0        0x0 ../../Compiler/SGL_302j/LIB_COFF/LIBSGL.A(sglD16.o)
 .data          0x00000000060270b0        0x0 ../../Compiler/SGL_302j/LIB_COFF/LIBSGL.A(sglD17.o)
 .data          0x00000000060270b0        0x0 ../../Compiler/SGL_302j/LIB_COFF/LIBSGL.A(sglD18.o)
 .data          0x00000000060270b0        0x0 ../../Compiler/SGL_302j/LIB_COFF/LIBSGL.A(sglF00.o)
 .data          0x00000000060270b0        0x0 ../../Compiler/SGL_302j/LIB_COFF/LIBSGL.A(sglF05.o)
 .data          0x00000000060270b0        0x0 ../../Compiler/SGL_302j/LIB_COFF/LIBSGL.A(sglH00.o)
 .data          0x00000000060270b0        0x0 ../../Compiler/SGL_302j/LIB_COFF/LIBSGL.A(sglH01.o)
 .data          0x00000000060270b0        0x0 ../../Compiler/SGL_302j/LIB_COFF/LIBSGL.A(sglH02.o)
 .data          0x00000000060270b0        0x0 ../../Compiler/SGL_302j/LIB_COFF/LIBSGL.A(sglH04.o)
 .data          0x00000000060270b0        0x0 ../../Compiler/SGL_302j/LIB_COFF/LIBSGL.A(sglI01.o)
 .data          0x00000000060270b0       0x80 ../../Compiler/SGL_302j/LIB_COFF/LIBSGL.A(sglIc0.o)
                0x00000000060270b0                IntPrioMask
 .data          0x0000000006027130        0x0 ../../Compiler/SGL_302j/LIB_COFF/LIBSGL.A(sglJ00.o)
 .data          0x0000000006027130        0x0 ../../Compiler/SGL_302j/LIB_COFF/LIBSGL.A(sglJ01.o)
 .data          0x0000000006027130        0x0 ../../Compiler/SGL_302j/LIB_COFF/LIBSGL.A(sglJ02.o)
 .data          0x0000000006027130        0x0 ../../Compiler/SGL_302j/LIB_COFF/LIBSGL.A(sglJ03.o)
 .data          0x0000000006027130        0x0 ../../Compiler/SGL_302j/LIB_COFF/LIBSGL.A(sglJ04.o)
 .data          0x0000000006027130        0x0 ../../Compiler/SGL_302j/LIB_COFF/LIBSGL.A(sglJ05.o)
 .data          0x0000000006027130        0x0 ../../Compiler/SGL_302j/LIB_COFF/LIBSGL.A(sglK01.o)
 .data          0x0000000006027130        0x0 ../../Compiler/SGL_302j/LIB_COFF/LIBSGL.A(sglM01.o)
 .data          0x0000000006027130        0x0 ../../Compiler/SGL_302j/LIB_COFF/LIBSGL.A(sglA00.o)
 .data          0x0000000006027130        0x0 ../../Compiler/SGL_302j/LIB_COFF/LIBSGL.A(sglA01.o)
 .data          0x0000000006027130        0x0 ../../Compiler/SGL_302j/LIB_COFF/LIBSGL.A(sglB000.o)
 .data          0x0000000006027130        0x0 ../../Compiler/SGL_302j/LIB_COFF/LIBSGL.A(sglB035.o)
 .data          0x0000000006027130        0x0 ../../Compiler/SGL_302j/LIB_COFF/LIBSGL.A(sglC00.o)
 .data          0x0000000006027130        0x0 ../../Compiler/SGL_302j/LIB_COFF/LIBSGL.A(sglI00.o)
 .data          0x0000000006027130        0x0 ../../Compiler/SGL_302j/LIB_COFF/LIBSGL.A(sglH03.o)
 .data          0x0000000006027130        0x0 /home/sansigolo/Documents/joengine/Compiler/SH_NONE_ELF/bin/../lib/gcc/sh-none-elf/8.2.0/libgcc.a(_ashiftrt.o)
 .data          0x0000000006027130        0x0 /home/sansigolo/Documents/joengine/Compiler/SH_NONE_ELF/bin/../lib/gcc/sh-none-elf/8.2.0/libgcc.a(_sdivsi3.o)
 .data          0x0000000006027130        0x0 /home/sansigolo/Documents/joengine/Compiler/SH_NONE_ELF/bin/../lib/gcc/sh-none-elf/8.2.0/libgcc.a(_udivsi3.o)
 .data          0x0000000006027130        0x0 /home/sansigolo/Documents/joengine/Compiler/SH_NONE_ELF/bin/../lib/gcc/sh-none-elf/8.2.0/libgcc.a(_mul_sf.o)
 .data          0x0000000006027130        0x0 /home/sansigolo/Documents/joengine/Compiler/SH_NONE_ELF/bin/../lib/gcc/sh-none-elf/8.2.0/libgcc.a(_div_sf.o)
 .data          0x0000000006027130        0x0 /home/sansigolo/Documents/joengine/Compiler/SH_NONE_ELF/bin/../lib/gcc/sh-none-elf/8.2.0/libgcc.a(_sf_to_si.o)
 .data          0x0000000006027130        0x0 /home/sansigolo/Documents/joengine/Compiler/SH_NONE_ELF/bin/../lib/gcc/sh-none-elf/8.2.0/libgcc.a(_thenan_sf.o)
 .data          0x0000000006027130        0x0 /home/sansigolo/Documents/joengine/Compiler/SH_NONE_ELF/bin/../lib/gcc/sh-none-elf/8.2.0/libgcc.a(_usi_to_sf.o)
 .data          0x0000000006027130        0x0 /home/sansigolo/Documents/joengine/Compiler/SH_NONE_ELF/bin/../lib/gcc/sh-none-elf/8.2.0/libgcc.a(_pack_sf.o)
 .data          0x0000000006027130        0x0 /home/sansigolo/Documents/joengine/Compiler/SH_NONE_ELF/bin/../lib/gcc/sh-none-elf/8.2.0/libgcc.a(_unpack_sf.o)
 .data          0x0000000006027130        0x0 /home/sansigolo/Documents/joengine/Compiler/SH_NONE_ELF/bin/../lib/gcc/sh-none-elf/8.2.0/../../../../sh-none-elf/lib/libc.a(lib_a-memcmp.o)
 .data          0x0000000006027130        0x0 /home/sansigolo/Documents/joengine/Compiler/SH_NONE_ELF/bin/../lib/gcc/sh-none-elf/8.2.0/../../../../sh-none-elf/lib/libc.a(lib_a-memcpy.o)
 .data          0x0000000006027130        0x0 /home/sansigolo/Documents/joengine/Compiler/SH_NONE_ELF/bin/../lib/gcc/sh-none-elf/8.2.0/../../../../sh-none-elf/lib/libc.a(lib_a-memset.o)
 .data          0x0000000006027130        0x0 /home/sansigolo/Documents/joengine/Compiler/SH_NONE_ELF/bin/../lib/gcc/sh-none-elf/8.2.0/../../../../sh-none-elf/lib/libc.a(lib_a-sprintf.o)
 .data          0x0000000006027130        0x0 /home/sansigolo/Documents/joengine/Compiler/SH_NONE_ELF/bin/../lib/gcc/sh-none-elf/8.2.0/../../../../sh-none-elf/lib/libc.a(lib_a-strncmp.o)
 .data          0x0000000006027130        0x0 /home/sansigolo/Documents/joengine/Compiler/SH_NONE_ELF/bin/../lib/gcc/sh-none-elf/8.2.0/../../../../sh-none-elf/lib/libc.a(lib_a-strncpy.o)
 .data          0x0000000006027130        0x0 /home/sansigolo/Documents/joengine/Compiler/SH_NONE_ELF/bin/../lib/gcc/sh-none-elf/8.2.0/../../../../sh-none-elf/lib/libc.a(lib_a-svfprintf.o)
 .data          0x0000000006027130        0x0 /home/sansigolo/Documents/joengine/Compiler/SH_NONE_ELF/bin/../lib/gcc/sh-none-elf/8.2.0/../../../../sh-none-elf/lib/libc.a(lib_a-dtoa.o)
 .data          0x0000000006027130      0x428 /home/sansigolo/Documents/joengine/Compiler/SH_NONE_ELF/bin/../lib/gcc/sh-none-elf/8.2.0/../../../../sh-none-elf/lib/libc.a(lib_a-impure.o)
                0x0000000006027130                _impure_ptr
 .data          0x0000000006027558        0x0 /home/sansigolo/Documents/joengine/Compiler/SH_NONE_ELF/bin/../lib/gcc/sh-none-elf/8.2.0/../../../../sh-none-elf/lib/libc.a(lib_a-localeconv.o)
 .data          0x0000000006027558      0x16c /home/sansigolo/Documents/joengine/Compiler/SH_NONE_ELF/bin/../lib/gcc/sh-none-elf/8.2.0/../../../../sh-none-elf/lib/libc.a(lib_a-locale.o)
                0x0000000006027558                __global_locale
 .data          0x00000000060276c4        0x0 /home/sansigolo/Documents/joengine/Compiler/SH_NONE_ELF/bin/../lib/gcc/sh-none-elf/8.2.0/../../../../sh-none-elf/lib/libc.a(lib_a-mbtowc_r.o)
 .data          0x00000000060276c4        0x0 /home/sansigolo/Documents/joengine/Compiler/SH_NONE_ELF/bin/../lib/gcc/sh-none-elf/8.2.0/../../../../sh-none-elf/lib/libc.a(lib_a-memchr.o)
 .data          0x00000000060276c4        0x0 /home/sansigolo/Documents/joengine/Compiler/SH_NONE_ELF/bin/../lib/gcc/sh-none-elf/8.2.0/../../../../sh-none-elf/lib/libc.a(lib_a-mprec.o)
 .data          0x00000000060276c4        0x0 /home/sansigolo/Documents/joengine/Compiler/SH_NONE_ELF/bin/../lib/gcc/sh-none-elf/8.2.0/../../../../sh-none-elf/lib/libc.a(lib_a-nano-callocr.o)
 .data          0x00000000060276c4        0x0 /home/sansigolo/Documents/joengine/Compiler/SH_NONE_ELF/bin/../lib/gcc/sh-none-elf/8.2.0/../../../../sh-none-elf/lib/libc.a(lib_a-nano-mallocr.o)
 .data          0x00000000060276c4        0x0 /home/sansigolo/Documents/joengine/Compiler/SH_NONE_ELF/bin/../lib/gcc/sh-none-elf/8.2.0/../../../../sh-none-elf/lib/libc.a(lib_a-sbrkr.o)
 .data          0x00000000060276c4        0x0 /home/sansigolo/Documents/joengine/Compiler/SH_NONE_ELF/bin/../lib/gcc/sh-none-elf/8.2.0/../../../../sh-none-elf/lib/libc.a(lib_a-strcmp.o)
 .data          0x00000000060276c4        0x0 /home/sansigolo/Documents/joengine/Compiler/SH_NONE_ELF/bin/../lib/gcc/sh-none-elf/8.2.0/../../../../sh-none-elf/lib/libc.a(lib_a-strlen.o)
 .data          0x00000000060276c4        0x0 /home/sansigolo/Documents/joengine/Compiler/SH_NONE_ELF/bin/../lib/gcc/sh-none-elf/8.2.0/../../../../sh-none-elf/lib/libc.a(lib_a-svfiprintf.o)
 .data          0x00000000060276c4        0x0 /home/sansigolo/Documents/joengine/Compiler/SH_NONE_ELF/bin/../lib/gcc/sh-none-elf/8.2.0/../../../../sh-none-elf/lib/libc.a(lib_a-syscalls.o)
 .data          0x00000000060276c4        0x0 /home/sansigolo/Documents/joengine/Compiler/SH_NONE_ELF/bin/../lib/gcc/sh-none-elf/8.2.0/../../../../sh-none-elf/lib/libc.a(lib_a-trap.o)
 .data          0x00000000060276c4        0x0 /home/sansigolo/Documents/joengine/Compiler/SH_NONE_ELF/bin/../lib/gcc/sh-none-elf/8.2.0/../../../../sh-none-elf/lib/libc.a(lib_a-wctomb_r.o)
 .data          0x00000000060276c4        0x0 /home/sansigolo/Documents/joengine/Compiler/SH_NONE_ELF/bin/../lib/gcc/sh-none-elf/8.2.0/../../../../sh-none-elf/lib/libc.a(lib_a-abort.o)
 .data          0x00000000060276c4        0x0 /home/sansigolo/Documents/joengine/Compiler/SH_NONE_ELF/bin/../lib/gcc/sh-none-elf/8.2.0/../../../../sh-none-elf/lib/libc.a(lib_a-ctype_.o)
 .data          0x00000000060276c4        0x0 /home/sansigolo/Documents/joengine/Compiler/SH_NONE_ELF/bin/../lib/gcc/sh-none-elf/8.2.0/../../../../sh-none-elf/lib/libc.a(lib_a-memmove.o)
 .data          0x00000000060276c4        0x0 /home/sansigolo/Documents/joengine/Compiler/SH_NONE_ELF/bin/../lib/gcc/sh-none-elf/8.2.0/../../../../sh-none-elf/lib/libc.a(lib_a-mlock.o)
 .data          0x00000000060276c4        0x0 /home/sansigolo/Documents/joengine/Compiler/SH_NONE_ELF/bin/../lib/gcc/sh-none-elf/8.2.0/../../../../sh-none-elf/lib/libc.a(lib_a-nano-freer.o)
 .data          0x00000000060276c4        0x0 /home/sansigolo/Documents/joengine/Compiler/SH_NONE_ELF/bin/../lib/gcc/sh-none-elf/8.2.0/../../../../sh-none-elf/lib/libc.a(lib_a-nano-reallocr.o)
 .data          0x00000000060276c4        0x0 /home/sansigolo/Documents/joengine/Compiler/SH_NONE_ELF/bin/../lib/gcc/sh-none-elf/8.2.0/../../../../sh-none-elf/lib/libc.a(lib_a-signal.o)
 .data          0x00000000060276c4        0x0 /home/sansigolo/Documents/joengine/Compiler/SH_NONE_ELF/bin/../lib/gcc/sh-none-elf/8.2.0/../../../../sh-none-elf/lib/libc.a(lib_a-signalr.o)
 .data          0x00000000060276c4        0x0 /home/sansigolo/Documents/joengine/Compiler/SH_NONE_ELF/bin/../lib/gcc/sh-none-elf/8.2.0/../../../../sh-none-elf/lib/libc.a(lib_a-nano-msizer.o)
 .data          0x00000000060276c4        0x0 /home/sansigolo/Documents/joengine/Compiler/SH_NONE_ELF/bin/../lib/gcc/sh-none-elf/8.2.0/libgcc.a(_ashiftrt_n.o)
 .data          0x00000000060276c4        0x0 /home/sansigolo/Documents/joengine/Compiler/SH_NONE_ELF/bin/../lib/gcc/sh-none-elf/8.2.0/libgcc.a(_ashiftlt.o)
 .data          0x00000000060276c4        0x0 /home/sansigolo/Documents/joengine/Compiler/SH_NONE_ELF/bin/../lib/gcc/sh-none-elf/8.2.0/libgcc.a(_lshiftrt.o)
 .data          0x00000000060276c4        0x0 /home/sansigolo/Documents/joengine/Compiler/SH_NONE_ELF/bin/../lib/gcc/sh-none-elf/8.2.0/libgcc.a(_udivdi3.o)
 .data          0x00000000060276c4        0x0 /home/sansigolo/Documents/joengine/Compiler/SH_NONE_ELF/bin/../lib/gcc/sh-none-elf/8.2.0/libgcc.a(_umoddi3.o)
 .data          0x00000000060276c4        0x0 /home/sansigolo/Documents/joengine/Compiler/SH_NONE_ELF/bin/../lib/gcc/sh-none-elf/8.2.0/libgcc.a(_addsub_df.o)
 .data          0x00000000060276c4        0x0 /home/sansigolo/Documents/joengine/Compiler/SH_NONE_ELF/bin/../lib/gcc/sh-none-elf/8.2.0/libgcc.a(_mul_df.o)
 .data          0x00000000060276c4        0x0 /home/sansigolo/Documents/joengine/Compiler/SH_NONE_ELF/bin/../lib/gcc/sh-none-elf/8.2.0/libgcc.a(_div_df.o)
 .data          0x00000000060276c4        0x0 /home/sansigolo/Documents/joengine/Compiler/SH_NONE_ELF/bin/../lib/gcc/sh-none-elf/8.2.0/libgcc.a(_eq_df.o)
 .data          0x00000000060276c4        0x0 /home/sansigolo/Documents/joengine/Compiler/SH_NONE_ELF/bin/../lib/gcc/sh-none-elf/8.2.0/libgcc.a(_ne_df.o)
 .data          0x00000000060276c4        0x0 /home/sansigolo/Documents/joengine/Compiler/SH_NONE_ELF/bin/../lib/gcc/sh-none-elf/8.2.0/libgcc.a(_gt_df.o)
 .data          0x00000000060276c4        0x0 /home/sansigolo/Documents/joengine/Compiler/SH_NONE_ELF/bin/../lib/gcc/sh-none-elf/8.2.0/libgcc.a(_ge_df.o)
 .data          0x00000000060276c4        0x0 /home/sansigolo/Documents/joengine/Compiler/SH_NONE_ELF/bin/../lib/gcc/sh-none-elf/8.2.0/libgcc.a(_lt_df.o)
 .data          0x00000000060276c4        0x0 /home/sansigolo/Documents/joengine/Compiler/SH_NONE_ELF/bin/../lib/gcc/sh-none-elf/8.2.0/libgcc.a(_le_df.o)
 .data          0x00000000060276c4        0x0 /home/sansigolo/Documents/joengine/Compiler/SH_NONE_ELF/bin/../lib/gcc/sh-none-elf/8.2.0/libgcc.a(_unord_df.o)
 .data          0x00000000060276c4        0x0 /home/sansigolo/Documents/joengine/Compiler/SH_NONE_ELF/bin/../lib/gcc/sh-none-elf/8.2.0/libgcc.a(_si_to_df.o)
 .data          0x00000000060276c4        0x0 /home/sansigolo/Documents/joengine/Compiler/SH_NONE_ELF/bin/../lib/gcc/sh-none-elf/8.2.0/libgcc.a(_df_to_si.o)
 .data          0x00000000060276c4        0x0 /home/sansigolo/Documents/joengine/Compiler/SH_NONE_ELF/bin/../lib/gcc/sh-none-elf/8.2.0/libgcc.a(_thenan_df.o)
 .data          0x00000000060276c4        0x0 /home/sansigolo/Documents/joengine/Compiler/SH_NONE_ELF/bin/../lib/gcc/sh-none-elf/8.2.0/libgcc.a(_usi_to_df.o)
 .data          0x00000000060276c4        0x0 /home/sansigolo/Documents/joengine/Compiler/SH_NONE_ELF/bin/../lib/gcc/sh-none-elf/8.2.0/libgcc.a(_udiv_qrnnd_16.o)
 .data          0x00000000060276c4        0x0 /home/sansigolo/Documents/joengine/Compiler/SH_NONE_ELF/bin/../lib/gcc/sh-none-elf/8.2.0/libgcc.a(_clz.o)
 .data          0x00000000060276c4        0x0 /home/sansigolo/Documents/joengine/Compiler/SH_NONE_ELF/bin/../lib/gcc/sh-none-elf/8.2.0/libgcc.a(_clzsi2.o)
 .data          0x00000000060276c4        0x0 /home/sansigolo/Documents/joengine/Compiler/SH_NONE_ELF/bin/../lib/gcc/sh-none-elf/8.2.0/libgcc.a(_pack_df.o)
 .data          0x00000000060276c4        0x0 /home/sansigolo/Documents/joengine/Compiler/SH_NONE_ELF/bin/../lib/gcc/sh-none-elf/8.2.0/libgcc.a(_unpack_df.o)
 .data          0x00000000060276c4        0x0 /home/sansigolo/Documents/joengine/Compiler/SH_NONE_ELF/bin/../lib/gcc/sh-none-elf/8.2.0/libgcc.a(_fpcmp_parts_df.o)
                0x00000000060276c4                __edata = .

.bss            0x00000000060276d0    0x82f1c
                0x00000000060276d0                __bstart = .
 *(.bss)
 .bss           0x00000000060276d0        0x0 ../../Compiler/SGL_302j/LIB_COFF/SGLAREA.O
 .bss           0x00000000060276d0    0x82e98 /tmp/ccGiCypq.ltrans0.ltrans.o
 *fill*         0x00000000060aa568        0x8 
 .bss           0x00000000060aa570        0x4 ../../Compiler/SGL_302j/LIB_COFF/SEGA_SYS.A(sys_exit.o)
 *fill*         0x00000000060aa574        0xc 
 .bss           0x00000000060aa580        0x0 ../../Compiler/SGL_302j/LIB_COFF/SEGA_SYS.A(sys_sub.o)
 .bss           0x00000000060aa580        0x0 ../../Compiler/SGL_302j/LIB_COFF/LIBCD.A(CDC_CMN.O)
 .bss           0x00000000060aa580        0x0 ../../Compiler/SGL_302j/LIB_COFF/LIBCD.A(CDC_CFS.O)
 .bss           0x00000000060aa580        0x2 ../../Compiler/SGL_302j/LIB_COFF/LIBCD.A(CDC_REG.O)
 *fill*         0x00000000060aa582        0xe 
 .bss           0x00000000060aa590        0xc ../../Compiler/SGL_302j/LIB_COFF/LIBCD.A(CDC_SUB.O)
 *fill*         0x00000000060aa59c        0x4 
 .bss           0x00000000060aa5a0        0x0 ../../Compiler/SGL_302j/LIB_COFF/LIBCD.A(GFS.O)
 .bss           0x00000000060aa5a0        0x0 ../../Compiler/SGL_302j/LIB_COFF/LIBCD.A(GFS_BUF.O)
 .bss           0x00000000060aa5a0        0x0 ../../Compiler/SGL_302j/LIB_COFF/LIBCD.A(GFS_CDB.O)
 .bss           0x00000000060aa5a0        0x0 ../../Compiler/SGL_302j/LIB_COFF/LIBCD.A(GFS_CDC.O)
 .bss           0x00000000060aa5a0        0x0 ../../Compiler/SGL_302j/LIB_COFF/LIBCD.A(GFS_CDF.O)
 .bss           0x00000000060aa5a0        0x0 ../../Compiler/SGL_302j/LIB_COFF/LIBCD.A(GFS_DIR.O)
 .bss           0x00000000060aa5a0        0xc ../../Compiler/SGL_302j/LIB_COFF/LIBCD.A(GFS_TRN.O)
 *fill*         0x00000000060aa5ac        0x4 
 .bss           0x00000000060aa5b0        0x0 ../../Compiler/SGL_302j/LIB_COFF/LIBCD.A(CDC_DRV.O)
 .bss           0x00000000060aa5b0        0x0 ../../Compiler/SGL_302j/LIB_COFF/LIBCD.A(CDC_DEV.O)
 .bss           0x00000000060aa5b0        0x0 ../../Compiler/SGL_302j/LIB_COFF/LIBCD.A(CDC_SEL.O)
 .bss           0x00000000060aa5b0        0x0 ../../Compiler/SGL_302j/LIB_COFF/LIBCD.A(CDC_BIF.O)
 .bss           0x00000000060aa5b0        0x0 ../../Compiler/SGL_302j/LIB_COFF/LIBCD.A(CDC_BIO.O)
 .bss           0x00000000060aa5b0        0x0 ../../Compiler/SGL_302j/LIB_COFF/LIBSGL.A(sglA15.o)
 .bss           0x00000000060aa5b0        0x0 ../../Compiler/SGL_302j/LIB_COFF/LIBSGL.A(sglA20.o)
 .bss           0x00000000060aa5b0        0x0 ../../Compiler/SGL_302j/LIB_COFF/LIBSGL.A(sglA21.o)
 .bss           0x00000000060aa5b0        0x0 ../../Compiler/SGL_302j/LIB_COFF/LIBSGL.A(sglA27.o)
 .bss           0x00000000060aa5b0        0x0 ../../Compiler/SGL_302j/LIB_COFF/LIBSGL.A(sglB001.o)
 .bss           0x00000000060aa5b0        0x0 ../../Compiler/SGL_302j/LIB_COFF/LIBSGL.A(sglB011.o)
 .bss           0x00000000060aa5b0        0x0 ../../Compiler/SGL_302j/LIB_COFF/LIBSGL.A(sglB015.o)
 .bss           0x00000000060aa5b0        0x0 ../../Compiler/SGL_302j/LIB_COFF/LIBSGL.A(sglB016.o)
 .bss           0x00000000060aa5b0        0x0 ../../Compiler/SGL_302j/LIB_COFF/LIBSGL.A(sglB032.o)
 .bss           0x00000000060aa5b0        0x0 ../../Compiler/SGL_302j/LIB_COFF/LIBSGL.A(sglB053.o)
 .bss           0x00000000060aa5b0        0x0 ../../Compiler/SGL_302j/LIB_COFF/LIBSGL.A(sglB056.o)
 .bss           0x00000000060aa5b0        0x0 ../../Compiler/SGL_302j/LIB_COFF/LIBSGL.A(sglB063.o)
 .bss           0x00000000060aa5b0        0x0 ../../Compiler/SGL_302j/LIB_COFF/LIBSGL.A(sglB200.o)
 .bss           0x00000000060aa5b0        0x0 ../../Compiler/SGL_302j/LIB_COFF/LIBSGL.A(sglC05.o)
 .bss           0x00000000060aa5b0        0x0 ../../Compiler/SGL_302j/LIB_COFF/LIBSGL.A(sglC06.o)
 .bss           0x00000000060aa5b0        0x0 ../../Compiler/SGL_302j/LIB_COFF/LIBSGL.A(sglC07.o)
 .bss           0x00000000060aa5b0        0x0 ../../Compiler/SGL_302j/LIB_COFF/LIBSGL.A(sglC08.o)
 .bss           0x00000000060aa5b0        0x0 ../../Compiler/SGL_302j/LIB_COFF/LIBSGL.A(sglC20.o)
 .bss           0x00000000060aa5b0        0x0 ../../Compiler/SGL_302j/LIB_COFF/LIBSGL.A(sglD00.o)
 .bss           0x00000000060aa5b0        0x0 ../../Compiler/SGL_302j/LIB_COFF/LIBSGL.A(sglD01.o)
 .bss           0x00000000060aa5b0        0x0 ../../Compiler/SGL_302j/LIB_COFF/LIBSGL.A(sglD03.o)
 .bss           0x00000000060aa5b0        0x0 ../../Compiler/SGL_302j/LIB_COFF/LIBSGL.A(sglD15.o)
 .bss           0x00000000060aa5b0        0x0 ../../Compiler/SGL_302j/LIB_COFF/LIBSGL.A(sglD16.o)
 .bss           0x00000000060aa5b0        0x0 ../../Compiler/SGL_302j/LIB_COFF/LIBSGL.A(sglD17.o)
 .bss           0x00000000060aa5b0        0x0 ../../Compiler/SGL_302j/LIB_COFF/LIBSGL.A(sglD18.o)
 .bss           0x00000000060aa5b0        0x0 ../../Compiler/SGL_302j/LIB_COFF/LIBSGL.A(sglF00.o)
 .bss           0x00000000060aa5b0        0x0 ../../Compiler/SGL_302j/LIB_COFF/LIBSGL.A(sglF05.o)
 .bss           0x00000000060aa5b0        0x0 ../../Compiler/SGL_302j/LIB_COFF/LIBSGL.A(sglH00.o)
 .bss           0x00000000060aa5b0        0x0 ../../Compiler/SGL_302j/LIB_COFF/LIBSGL.A(sglH01.o)
 .bss           0x00000000060aa5b0        0x0 ../../Compiler/SGL_302j/LIB_COFF/LIBSGL.A(sglH02.o)
 .bss           0x00000000060aa5b0        0x0 ../../Compiler/SGL_302j/LIB_COFF/LIBSGL.A(sglH04.o)
 .bss           0x00000000060aa5b0        0x0 ../../Compiler/SGL_302j/LIB_COFF/LIBSGL.A(sglI01.o)
 .bss           0x00000000060aa5b0        0x0 ../../Compiler/SGL_302j/LIB_COFF/LIBSGL.A(sglIc0.o)
 .bss           0x00000000060aa5b0        0x0 ../../Compiler/SGL_302j/LIB_COFF/LIBSGL.A(sglJ00.o)
 .bss           0x00000000060aa5b0        0x0 ../../Compiler/SGL_302j/LIB_COFF/LIBSGL.A(sglJ01.o)
 .bss           0x00000000060aa5b0        0x0 ../../Compiler/SGL_302j/LIB_COFF/LIBSGL.A(sglJ02.o)
 .bss           0x00000000060aa5b0        0x0 ../../Compiler/SGL_302j/LIB_COFF/LIBSGL.A(sglJ03.o)
 .bss           0x00000000060aa5b0        0x0 ../../Compiler/SGL_302j/LIB_COFF/LIBSGL.A(sglJ04.o)
 .bss           0x00000000060aa5b0        0x0 ../../Compiler/SGL_302j/LIB_COFF/LIBSGL.A(sglJ05.o)
 .bss           0x00000000060aa5b0        0x0 ../../Compiler/SGL_302j/LIB_COFF/LIBSGL.A(sglK01.o)
 .bss           0x00000000060aa5b0        0x0 ../../Compiler/SGL_302j/LIB_COFF/LIBSGL.A(sglM01.o)
 .bss           0x00000000060aa5b0        0x0 ../../Compiler/SGL_302j/LIB_COFF/LIBSGL.A(sglA00.o)
 .bss           0x00000000060aa5b0        0x0 ../../Compiler/SGL_302j/LIB_COFF/LIBSGL.A(sglA01.o)
 .bss           0x00000000060aa5b0        0x0 ../../Compiler/SGL_302j/LIB_COFF/LIBSGL.A(sglB000.o)
 .bss           0x00000000060aa5b0        0x0 ../../Compiler/SGL_302j/LIB_COFF/LIBSGL.A(sglB035.o)
 .bss           0x00000000060aa5b0        0x0 ../../Compiler/SGL_302j/LIB_COFF/LIBSGL.A(sglC00.o)