Archive member included to satisfy reference by file (symbol)

../../Compiler/SGL_302j/LIB_COFF/SEGA_SYS.A(sys_exit.o)
                              ../../jo_engine/core.o (symbol from plugin) (SYS_Exit)
../../Compiler/SGL_302j/LIB_COFF/SEGA_SYS.A(sys_sub.o)
                              ../../Compiler/SGL_302j/LIB_COFF/SEGA_SYS.A(sys_exit.o) (SYSUB_SetStackptr)
../../Compiler/SGL_302j/LIB_COFF/LIBCD.A(CDC_CMN.O)
                              ../../Compiler/SGL_302j/LIB_COFF/SEGA_SYS.A(sys_exit.o) (CDC_GetCurStat)
../../Compiler/SGL_302j/LIB_COFF/LIBCD.A(CDC_CFS.O)
                              ../../Compiler/SGL_302j/LIB_COFF/SEGA_SYS.A(sys_exit.o) (CDC_ChgDir)
../../Compiler/SGL_302j/LIB_COFF/LIBCD.A(CDC_REG.O)
                              ../../Compiler/SGL_302j/LIB_COFF/SEGA_SYS.A(sys_exit.o) (CDC_GetHirqReq)
../../Compiler/SGL_302j/LIB_COFF/LIBCD.A(CDC_SUB.O)
                              ../../Compiler/SGL_302j/LIB_COFF/LIBCD.A(CDC_CMN.O) (CDSUB_UpdStatus)
../../Compiler/SGL_302j/LIB_COFF/LIBCD.A(GFS.O)
                              ../../jo_engine/fs.o (symbol from plugin) (GFS_Init)
../../Compiler/SGL_302j/LIB_COFF/LIBCD.A(GFS_BUF.O)
                              ../../Compiler/SGL_302j/LIB_COFF/LIBCD.A(GFS.O) (GFBF_GetNumData)
../../Compiler/SGL_302j/LIB_COFF/LIBCD.A(GFS_CDB.O)
                              ../../Compiler/SGL_302j/LIB_COFF/LIBCD.A(GFS.O) (GFCB_Close)
../../Compiler/SGL_302j/LIB_COFF/LIBCD.A(GFS_CDC.O)
                              ../../Compiler/SGL_302j/LIB_COFF/LIBCD.A(GFS.O) (GFCD_SetCdbfs)
../../Compiler/SGL_302j/LIB_COFF/LIBCD.A(GFS_CDF.O)
                              ../../Compiler/SGL_302j/LIB_COFF/LIBCD.A(GFS.O) (GFCF_Init)
../../Compiler/SGL_302j/LIB_COFF/LIBCD.A(GFS_DIR.O)
                              ../../Compiler/SGL_302j/LIB_COFF/LIBCD.A(GFS.O) (GFDR_SetupDirTbl)
../../Compiler/SGL_302j/LIB_COFF/LIBCD.A(GFS_TRN.O)
                              ../../Compiler/SGL_302j/LIB_COFF/LIBCD.A(GFS.O) (GFTR_Setup)
../../Compiler/SGL_302j/LIB_COFF/LIBCD.A(CDC_DRV.O)
                              ../../Compiler/SGL_302j/LIB_COFF/LIBCD.A(GFS_CDC.O) (CDC_CdPlay)
../../Compiler/SGL_302j/LIB_COFF/LIBCD.A(CDC_DEV.O)
                              ../../Compiler/SGL_302j/LIB_COFF/LIBCD.A(GFS_CDC.O) (CDC_CdSetCon)
../../Compiler/SGL_302j/LIB_COFF/LIBCD.A(CDC_SEL.O)
                              ../../Compiler/SGL_302j/LIB_COFF/LIBCD.A(GFS_CDC.O) (CDC_SetFiltRange)
../../Compiler/SGL_302j/LIB_COFF/LIBCD.A(CDC_BIF.O)
                              ../../Compiler/SGL_302j/LIB_COFF/LIBCD.A(GFS_CDC.O) (CDC_GetBufSiz)
../../Compiler/SGL_302j/LIB_COFF/LIBCD.A(CDC_BIO.O)
                              ../../Compiler/SGL_302j/LIB_COFF/LIBCD.A(GFS_CDC.O) (CDC_SetSctLen)
../../Compiler/SGL_302j/LIB_COFF/LIBSGL.A(sglA15.o)
                              ../../jo_engine/core.o (symbol from plugin) (slSlaveFunc)
../../Compiler/SGL_302j/LIB_COFF/LIBSGL.A(sglA20.o)
                              ../../jo_engine/core.o (symbol from plugin) (slUnitMatrix)
../../Compiler/SGL_302j/LIB_COFF/LIBSGL.A(sglA21.o)
                              ../../jo_engine/map.o (symbol from plugin) (slPushMatrix)
../../Compiler/SGL_302j/LIB_COFF/LIBSGL.A(sglA27.o)
                              ../../jo_engine/map.o (symbol from plugin) (slTranslate)
../../Compiler/SGL_302j/LIB_COFF/LIBSGL.A(sglB001.o)
                              ../../jo_engine/core.o (symbol from plugin) (slTVOn)
../../Compiler/SGL_302j/LIB_COFF/LIBSGL.A(sglB011.o)
                              ../../jo_engine/core.o (symbol from plugin) (slBitMapNbg1)
../../Compiler/SGL_302j/LIB_COFF/LIBSGL.A(sglB015.o)
                              ../../jo_engine/core.o (symbol from plugin) (slScrAutoDisp)
../../Compiler/SGL_302j/LIB_COFF/LIBSGL.A(sglB016.o)
                              ../../jo_engine/core.o (symbol from plugin) (slBack1ColSet)
../../Compiler/SGL_302j/LIB_COFF/LIBSGL.A(sglB032.o)
                              ../../jo_engine/core.o (symbol from plugin) (slMapNbg1)
../../Compiler/SGL_302j/LIB_COFF/LIBSGL.A(sglB053.o)
                              ../../jo_engine/core.o (symbol from plugin) (slZoomNbg1)
../../Compiler/SGL_302j/LIB_COFF/LIBSGL.A(sglB056.o)
                              ../../jo_engine/core.o (symbol from plugin) (slPlaneNbg1)
../../Compiler/SGL_302j/LIB_COFF/LIBSGL.A(sglB063.o)
                              ../../jo_engine/core.o (symbol from plugin) (slPriority)
../../Compiler/SGL_302j/LIB_COFF/LIBSGL.A(sglB200.o)
                              ../../jo_engine/core.o (symbol from plugin) (slCharNbg0)
../../Compiler/SGL_302j/LIB_COFF/LIBSGL.A(sglC05.o)
                              ../../jo_engine/sprites.o (symbol from plugin) (slSetSprite)
../../Compiler/SGL_302j/LIB_COFF/LIBSGL.A(sglC06.o)
                              ../../jo_engine/sprites.o (symbol from plugin) (slDispSprite)
../../Compiler/SGL_302j/LIB_COFF/LIBSGL.A(sglC07.o)
                              ../../jo_engine/sprites.o (symbol from plugin) (slPutSprite)
[...]
Memory Configuration

Name             Origin             Length             Attributes
*default*        0x0000000000000000 0xffffffffffffffff

Linker script and memory map

TARGET(coff-sh)

SLSTART         0x0000000006004000       0x28
                0x0000000006004000                ___Start = .
 *(SLSTART)
 SLSTART        0x0000000006004000       0x28 ../../Compiler/SGL_302j/LIB_COFF/LIBSGL.A(sglI00.o)
                0x0000000006004000                SGL_Start
                0x0000000006004002                slStartSGL

.text           0x0000000006004040    0x14688
 *(.text)
 .text          0x0000000006004040        0x0 ../../Compiler/SGL_302j/LIB_COFF/SGLAREA.O
 .text          0x0000000006004040     0x7914 /tmp/ccHx2ljW.ltrans0.ltrans.o
 *fill*         0x000000000600b954        0xc 
 .text          0x000000000600b960      0x238 ../../Compiler/SGL_302j/LIB_COFF/SEGA_SYS.A(sys_exit.o)
                0x000000000600b960                sys_version
                0x000000000600b980                SYS_Exit
 *fill*         0x000000000600bb98        0x8 
 .text          0x000000000600bba0        0x6 ../../Compiler/SGL_302j/LIB_COFF/SEGA_SYS.A(sys_sub.o)
                0x000000000600bba0                SYSUB_SetStackptr
 *fill*         0x000000000600bba6        0xa 
 .text          0x000000000600bbb0      0x3a0 ../../Compiler/SGL_302j/LIB_COFF/LIBCD.A(CDC_CMN.O)
                0x000000000600bbb0                CDC_GetCurStat
                0x000000000600bc00                CDC_GetLastStat
                0x000000000600bc18                CDC_GetPeriStat
                0x000000000600bcec                CDC_GetHwInfo
                0x000000000600bd54                CDC_TgetToc
                0x000000000600bda4                CDC_GetSes
                0x000000000600bde0                CDC_CdInit
                0x000000000600be64                CDC_CdOpen
                0x000000000600be8c                CDC_DataReady
                0x000000000600bef8                CDC_DataEnd
 .text          0x000000000600bf50      0x194 ../../Compiler/SGL_302j/LIB_COFF/LIBCD.A(CDC_CFS.O)
                0x000000000600bf50                CDC_ChgDir
                0x000000000600bf84                CDC_ReadDir
                0x000000000600bfb8                CDC_GetFileScope
                0x000000000600c018                CDC_TgetFileInfo
                0x000000000600c074                CDC_ReadFile
                0x000000000600c0a8                CDC_AbortFile
 *fill*         0x000000000600c0e4        0xc 
 .text          0x000000000600c0f0      0x2dc ../../Compiler/SGL_302j/LIB_COFF/LIBCD.A(CDC_REG.O)
                0x000000000600c0f0                CDC_GetDataPtr
                0x000000000600c100                CDC_GetHirqReq
                0x000000000600c114                CDC_ClrHirqReq
                0x000000000600c144                CDREG_ClrHirqReq
                0x000000000600c154                CDREG_InitHirqReq
                0x000000000600c17c                CDREG_SetHirqFlag
                0x000000000600c190                CDC_GetHirqMsk
                0x000000000600c1a4                CDC_SetHirqMsk
                0x000000000600c1b4                CDC_GetMpegPtr
                0x000000000600c1c4                CDREG_TgetData
                0x000000000600c220                CDREG_CmdRsp
                0x000000000600c320                CDREG_WaitHirq
                0x000000000600c390                CDREG_ReadRsp
 *fill*         0x000000000600c3cc        0x4 
 .text          0x000000000600c3d0      0x152 ../../Compiler/SGL_302j/LIB_COFF/LIBCD.A(CDC_SUB.O)
                0x000000000600c3d0                CDSUB_UpdStatus
                0x000000000600c3e8                CDSUB_UpdCdstat
                0x000000000600c408                CDSUB_CdCmd
                0x000000000600c478                CDSUB_GetCdstat
                0x000000000600c4b8                CDSUB_RspToCdstat
                0x000000000600c500                CDSUB_SoftTimer
 *fill*         0x000000000600c522        0xe 
 .text          0x000000000600c530     0x1adc ../../Compiler/SGL_302j/LIB_COFF/LIBCD.A(GFS.O)
                0x000000000600c530                gfs_version
                0x000000000600c550                GFS_Init
                0x000000000600c638                GFS_LoadDir
                0x000000000600c6e0                GFS_SetDir
                0x000000000600c748                GFS_NameToId
                0x000000000600c7ac                GFS_IdToName
                0x000000000600c818                GFS_GetDirInfo
                0x000000000600c888                GFS_Reset
                0x000000000600c90c                GFS_Open
                0x000000000600c9c0                GFS_Close
                0x000000000600c9f8                GFS_Seek
                0x000000000600caac                GFS_Tell
                0x000000000600cafc                GFS_IsEof
                0x000000000600cb50                GFS_ByteToSct
                0x000000000600cbac                GFS_GetFileSize
                0x000000000600cc08                GFS_GetFileInfo
                0x000000000600cc7c                GFS_GetNumCdbuf
                0x000000000600cca4                GFS_Load
                0x000000000600cd68                GFS_Fread
                0x000000000600ce04                gfs_waitRead
                0x000000000600ceac                GFS_NwFread
                0x000000000600cfb8                GFS_NwCdRead
                0x000000000600d030                GFS_NwIsComplete
                0x000000000600d068                GFS_NwStop
                0x000000000600d0d4                GFS_NwGetStat
                0x000000000600d150                gfs_recovRdErr
                0x000000000600d180                GFS_NwExecOne
                0x000000000600d240                GFS_NwExecServer
                0x000000000600d2bc                GFS_SetGmode
                0x000000000600d320                GFS_SetTmode
                0x000000000600d38c                GFS_SetReadPara
                0x000000000600d3f0                GFS_SetTransPara
                0x000000000600d45c                GFS_SetTrFunc
                0x000000000600d4c0                GFS_StartTrans
                0x000000000600d50c                GFS_CdMovePickup
                0x000000000600d578                GFS_SetErrFunc
                0x000000000600d5a4                GFS_GetErrStat
                0x000000000600d5c8                GFS_ConvTno
                0x000000000600d5f0                gfs_chgRoot
                0x000000000600d6bc                gfs_aborttrans
                0x000000000600d6c8                gfs_mngSetupFuncTbl
                0x000000000600d6fc                gfs_mngInitWork
                0x000000000600d7a0                gfs_mngGetNumFile
                0x000000000600d808                GFS_mngAllocGrp
                0x000000000600d850                gfs_mngFreeGrp
                0x000000000600d85c                gfs_mngTermAccess
                0x000000000600d8e0                gfs_mngSetErrCode
                0x000000000600d960                gfs_svrSearchHndl
                0x000000000600d9a0                gfs_svrAddHndl
                0x000000000600d9dc                gfs_svrRemoveHndl
                0x000000000600da38                GFS_OpenSub
                0x000000000600da90                gfs_loadVol
                0x000000000600db54                gfs_getRootDir
                0x000000000600dc50                gfs_loadRootDir
                0x000000000600dcd8                gfs_flowIn
                0x000000000600dd80                gfs_transData
                0x000000000600de24                GFS_GetFad
                0x000000000600de7c                gfs_SetSct
                0x000000000600debc                gfs_GetFinfo
                0x000000000600defc                gfs_closeSub
                0x000000000600df38                gfs_getGmode
                0x000000000600df44                gfs_isTaskDone
                0x000000000600df98                gfs_convFinStat
 *fill*         0x000000000600e00c        0x4 
 .text          0x000000000600e010      0x106 ../../Compiler/SGL_302j/LIB_COFF/LIBCD.A(GFS_BUF.O)
                0x000000000600e040                GFBF_GetTranData
                0x000000000600e068                GFBF_GetNumData
                0x000000000600e098                GFBF_GetSrcPk
                0x000000000600e0c0                GFBF_GetSctData
                0x000000000600e0e4                GFBF_RtnPk
                0x000000000600e10c                gfbf_getSctDt
 *fill*         0x000000000600e116        0xa 
 .text          0x000000000600e120      0x600 ../../Compiler/SGL_302j/LIB_COFF/LIBCD.A(GFS_CDB.O)
                0x000000000600e120                GFCB_Setup
                0x000000000600e240                GFCB_Close
                0x000000000600e268                GFCB_GetLenData
                0x000000000600e314                GFCB_GetLenRoom
                0x000000000600e320                GFCB_SetFilt
                0x000000000600e388                GFCB_DeleteAllData
                0x000000000600e3b0                GFCB_Tell
                0x000000000600e3c0                gfcb_getSctNum
                0x000000000600e410                GFCB_Seek
                0x000000000600e50c                GFCB_GetSrcPack
                0x000000000600e5ec                GFCB_GetSctData
                0x000000000600e624                GFCB_GetDstPack
                0x000000000600e630                GFCB_RtnPk
                0x000000000600e678                GFCB_MovePickup
                0x000000000600e694                GFCB_SetCon
                0x000000000600e6c8                GFCB_GetPickup
                0x000000000600e6f0                GFCB_IsPuOwner
                0x000000000600e708                GFCB_UngetPickup
 .text          0x000000000600e720     0x1a10 ../../Compiler/SGL_302j/LIB_COFF/LIBCD.A(GFS_CDC.O)
                0x000000000600e720                GFCD_SetCdbfs
                0x000000000600e74c                GFCD_Init
                0x000000000600e950                GFCD_AllocFilt
                0x000000000600e98c                GFCD_FreeFilt
                0x000000000600e9bc                GFCD_AllocBuf
                0x000000000600e9f0                GFCD_FreeBuf
                0x000000000600ea94                GFCD_GetBaseFad
                0x000000000600eac8                GFCD_GetPickup
                0x000000000600eafc                GFCD_UngetPickup
                0x000000000600eb28                GFCD_IsPuOwner
                0x000000000600eb4c                GFCD_SetFilt
                0x000000000600ec10                GFCD_GetFilt
                0x000000000600ec58                GFCD_SetCon
                0x000000000600ecb0                GFCD_Play
                0x000000000600ed10                GFCD_GetLenData
                0x000000000600ed78                GFCD_ReqData
                0x000000000600edd4                GFCD_EndData
                0x000000000600ee1c                GFCD_DelSctData
                0x000000000600ee74                GFCD_CheckDelSctData
                0x000000000600eea4                GFCD_GetStat
                0x000000000600ef58                GFCD_MovePickup
                0x000000000600efa4                GFCD_MoveSctData
                0x000000000600f018                GFCD_CheckMove
                0x000000000600f03c                GFCD_GetSctInfo
                0x000000000600f084                GFCD_ChgDir
                0x000000000600f0f8                GFCD_SetFiltCon
                0x000000000600f1e0                GFCD_GetFileInfo
                0x000000000600f2bc                GFCD_GetBufSiz
                0x000000000600f2f4                GFCD_ExecServer
                0x000000000600f3c8                gfcd_isIdleTask
                0x000000000600f454                gfcd_doTask
                0x000000000600f500                GFCD_SetTimer
                0x000000000600f514                GFCD_WaitServer
                0x000000000600f550                gfcd_doSetFiltTsk
                0x000000000600f714                gfcd_doSetConTsk
                0x000000000600f7a4                gfcd_doGetLenDataTsk
                0x000000000600f8f8                gfcd_doReqDataTsk
                0x000000000600f998                gfcd_doDelSctDataTsk
                0x000000000600facc                gfcd_doMoveSctTsk
                0x000000000600fc30                gfcd_doChgDirTsk
                0x000000000600fe2c                gfcd_doSetFiltConTsk
                0x000000000600ff70                gfcd_checkEflag
                0x000000000600ff94                gfcd_initCdbMng
                0x0000000006010014                gfcd_setStat
                0x0000000006010040                GFCD_SetCsctFunc
                0x000000000601005c                GFCD_ChkScdqFlag
                0x0000000006010080                GFCD_ClrScdqFlag
                0x000000000601009c                GFCD_WaitScdqFlag
                0x00000000060100e0                GFCD_WaitPause
 .text          0x0000000006010130      0x8d8 ../../Compiler/SGL_302j/LIB_COFF/LIBCD.A(GFS_CDF.O)
                0x0000000006010130                GFCF_Init
                0x00000000060101d0                GFCF_Setup
                0x0000000006010318                GFCF_SetSct
                0x000000000601035c                GFCF_GetFileInfo
                0x00000000060103d0                GFCF_FlowInBuf
                0x0000000006010524                GFCF_StopInBuf
                0x00000000060105c4                GFCF_Recover
                0x000000000601060c                GFCF_Tell
                0x0000000006010624                GFCF_Seek
                0x000000000601063c                GFCF_MovePickup
                0x00000000060106d8                GFCF_cnvIntlvOfs
                0x000000000601072c                GFCF_GetStat
                0x00000000060107c4                gfcf_getSctSize
                0x0000000006010800                gfcf_isCdOk
                0x00000000060108c0                gfcf_getPlayRange
 *fill*         0x0000000006010a08        0x8 
 .text          0x0000000006010a10      0x92c ../../Compiler/SGL_302j/LIB_COFF/LIBCD.A(GFS_DIR.O)
                0x0000000006010a10                GFDR_SetupDirTbl
                0x0000000006010a84                GFDR_NameToId
                0x0000000006010ae4                GFDR_GetInfoDirId
                0x0000000006010af8                GFDR_GetInfoDirName
                0x0000000006010b0c                GFDR_GetAtrDirId
                0x0000000006010b24                GFDR_GetAtrDirName
                0x0000000006010b3c                GFDR_ChgRoot
                0x0000000006010b54                GFDR_ChgDir
                0x0000000006010bc8                gfdr_setupDirIdTbl
                0x0000000006010c4c                gfdr_setupDirNameTbl
                0x0000000006010cf8                gfdr_open
                0x0000000006010d20                gfdr_read
                0x0000000006010de0                gfdr_readByte
                0x0000000006010e0c                gfdr_readWord
                0x0000000006010e38                gfdr_readWordNB
                0x0000000006010e8c                gfdr_readLongNB
                0x0000000006010ed8                gfdr_readLongNM
                0x0000000006010f00                gfdr_setNextRec
                0x0000000006010f84                gfdr_readDirEnt
                0x0000000006011300                gfdr_setDirrecCd
 *fill*         0x000000000601133c        0x4 
 .text          0x0000000006011340      0x9c6 ../../Compiler/SGL_302j/LIB_COFF/LIBCD.A(GFS_TRN.O)
                0x0000000006011370                GFTR_Setup
                0x00000000060113b4                GFTR_SetMode
                0x00000000060113c8                GFTR_SetUnit
                0x00000000060113d4                GFTR_SetTransPara
                0x0000000006011408                GFTR_GetTransPara
                0x0000000006011414                GFTR_GetNumTrans
                0x0000000006011420                GFTR_SetTransMax
                0x000000000601142c                GFTR_Start
                0x0000000006011438                GFTR_Pause
                0x0000000006011444                GFTR_Stop
                0x00000000060114fc                GFTR_Exec
                0x0000000006011580                GFTR_Idle
                0x00000000060115f8                GFTR_ExecSvr
                0x0000000006011700                gftr_getSrcPack
                0x0000000006011788                gftr_getDstPack
                0x00000000060117e4                gftr_reqScu
                0x00000000060117f0                gftr_execScu
                0x000000000601188c                gftr_remScu
                0x00000000060118c0                gfdma_canUse
                0x00000000060118cc                gfdma_exec
                0x000000000601193c                gfdma_getBytecnt
                0x0000000006011974                gftr_reqDma0
                0x000000000601198c                gftr_execSdma0
                0x00000000060119b0                gftr_remDma0
                0x00000000060119c8                gftr_reqDma1
                0x00000000060119e0                gftr_execSdma1
                0x0000000006011a04                gftr_remDma1
                0x0000000006011a1c                gftr_reqCpu
                0x0000000006011a28                gftr_execCpu
                0x0000000006011a68                gftr_remCpu
                0x0000000006011a74                gftr_reqTrn
                0x0000000006011ae4                gftr_execTrn
                0x0000000006011bbc                gftr_remTrn
                0x0000000006011c30                gftr_copyFrac
                0x0000000006011c58                GFTR_GetLenData
                0x0000000006011c64                GFTR_GetLenRoom
                0x0000000006011c7c                GFTR_GetDstPack
                0x0000000006011cb0                GFTR_RtnDstPk
                0x0000000006011ccc                GFTR_GetData
                0x0000000006011ce0                GFTR_SetData
                0x0000000006011cf4                GFTR_SetTransFunc
 *fill*         0x0000000006011d06        0xa 
 .text          0x0000000006011d10      0x130 ../../Compiler/SGL_302j/LIB_COFF/LIBCD.A(CDC_DRV.O)
                0x0000000006011d10                CDC_CdPlay
                0x0000000006011ddc                CDC_CdSeek
                0x0000000006011e10                CDC_CdScan
 .text          0x0000000006011e40       0xa8 ../../Compiler/SGL_302j/LIB_COFF/LIBCD.A(CDC_DEV.O)
                0x0000000006011e40                CDC_CdSetCon
                0x0000000006011e70                CDC_CdGetCon
                0x0000000006011eac                CDC_CdGetLastBuf
 *fill*         0x0000000006011ee8        0x8 
 .text          0x0000000006011ef0      0x2b8 ../../Compiler/SGL_302j/LIB_COFF/LIBCD.A(CDC_SEL.O)
                0x0000000006011ef0                CDC_SetFiltRange
                0x0000000006011f24                CDC_GetFiltRange
                0x0000000006011f7c                CDC_SetFiltSubh
                0x0000000006011fec                CDC_GetFiltSubh
                0x0000000006012068                CDC_SetFiltMode
                0x000000000601209c                CDC_GetFiltMode
                0x00000000060120e0                CDC_SetFiltCon
                0x0000000006012120                CDC_GetFiltCon
                0x0000000006012174                CDC_ResetSelector
 *fill*         0x00000000060121a8        0x8 
 .text          0x00000000060121b0      0x270 ../../Compiler/SGL_302j/LIB_COFF/LIBCD.A(CDC_BIF.O)
                0x00000000060121b0                CDC_GetBufSiz
                0x000000000601220c                CDC_GetSctNum
                0x0000000006012250                CDC_CalActSiz
                0x000000000601228c                CDC_GetActSiz
                0x000000000601230c                CDC_GetSctInfo
                0x000000000601238c                CDC_ExeFadSearch
                0x00000000060123c4                CDC_GetFadSearch
 .text          0x0000000006012420      0x1e4 ../../Compiler/SGL_302j/LIB_COFF/LIBCD.A(CDC_BIO.O)
                0x0000000006012420                CDC_SetSctLen
                0x0000000006012454                CDC_GetSctData
                0x0000000006012490                CDC_DelSctData
                0x00000000060124cc                CDC_GetdelSctData
                0x0000000006012508                CDC_PutSctData
                0x0000000006012540                CDC_CopySctData
                0x0000000006012584                CDC_MoveSctData
                0x00000000060125c8                CDC_GetCopyErr
 *fill*         0x0000000006012604        0xc 
 .text          0x0000000006012610        0x0 ../../Compiler/SGL_302j/LIB_COFF/LIBSGL.A(sglA15.o)
 .text          0x0000000006012610        0x0 ../../Compiler/SGL_302j/LIB_COFF/LIBSGL.A(sglA20.o)
 .text          0x0000000006012610        0x0 ../../Compiler/SGL_302j/LIB_COFF/LIBSGL.A(sglA21.o)
 .text          0x0000000006012610        0x0 ../../Compiler/SGL_302j/LIB_COFF/LIBSGL.A(sglA27.o)
 .text          0x0000000006012610        0x0 ../../Compiler/SGL_302j/LIB_COFF/LIBSGL.A(sglB001.o)
 .text          0x0000000006012610        0x0 ../../Compiler/SGL_302j/LIB_COFF/LIBSGL.A(sglB011.o)
 .text          0x0000000006012610        0x0 ../../Compiler/SGL_302j/LIB_COFF/LIBSGL.A(sglB015.o)
 .text          0x0000000006012610        0x0 ../../Compiler/SGL_302j/LIB_COFF/LIBSGL.A(sglB016.o)
 .text          0x0000000006012610        0x0 ../../Compiler/SGL_302j/LIB_COFF/LIBSGL.A(sglB032.o)
 .text          0x0000000006012610        0x0 ../../Compiler/SGL_302j/LIB_COFF/LIBSGL.A(sglB053.o)
 .text          0x0000000006012610        0x0 ../../Compiler/SGL_302j/LIB_COFF/LIBSGL.A(sglB056.o)
 .text          0x0000000006012610        0x0 ../../Compiler/SGL_302j/LIB_COFF/LIBSGL.A(sglB063.o)
 .text          0x0000000006012610        0x0 ../../Compiler/SGL_302j/LIB_COFF/LIBSGL.A(sglB200.o)
 .text          0x0000000006012610        0x0 ../../Compiler/SGL_302j/LIB_COFF/LIBSGL.A(sglC05.o)
 .text          0x0000000006012610        0x0 ../../Compiler/SGL_302j/LIB_COFF/LIBSGL.A(sglC06.o)
 .text          0x0000000006012610        0x0 ../../Compiler/SGL_302j/LIB_COFF/LIBSGL.A(sglC07.o)
 .text          0x0000000006012610        0x0 ../../Compiler/SGL_302j/LIB_COFF/LIBSGL.A(sglC08.o)
 .text          0x0000000006012610        0x0 ../../Compiler/SGL_302j/LIB_COFF/LIBSGL.A(sglC20.o)
 .text          0x0000000006012610        0x0 ../../Compiler/SGL_302j/LIB_COFF/LIBSGL.A(sglD00.o)
 .text          0x0000000006012610        0x0 ../../Compiler/SGL_302j/LIB_COFF/LIBSGL.A(sglD01.o)
 .text          0x0000000006012610        0x0 ../../Compiler/SGL_302j/LIB_COFF/LIBSGL.A(sglD03.o)
 .text          0x0000000006012610        0x0 ../../Compiler/SGL_302j/LIB_COFF/LIBSGL.A(sglD15.o)
 .text          0x0000000006012610        0x0 ../../Compiler/SGL_302j/LIB_COFF/LIBSGL.A(sglD16.o)
 .text          0x0000000006012610        0x0 ../../Compiler/SGL_302j/LIB_COFF/LIBSGL.A(sglD17.o)
 .text          0x0000000006012610        0x0 ../../Compiler/SGL_302j/LIB_COFF/LIBSGL.A(sglD18.o)
 .text          0x0000000006012610        0x0 ../../Compiler/SGL_302j/LIB_COFF/LIBSGL.A(sglF00.o)
 .text          0x0000000006012610        0x0 ../../Compiler/SGL_302j/LIB_COFF/LIBSGL.A(sglF05.o)
 .text          0x0000000006012610        0x0 ../../Compiler/SGL_302j/LIB_COFF/LIBSGL.A(sglH00.o)
 .text          0x0000000006012610        0x0 ../../Compiler/SGL_302j/LIB_COFF/LIBSGL.A(sglH01.o)
 .text          0x0000000006012610        0x0 ../../Compiler/SGL_302j/LIB_COFF/LIBSGL.A(sglH02.o)
 .text          0x0000000006012610        0x0 ../../Compiler/SGL_302j/LIB_COFF/LIBSGL.A(sglH04.o)
 .text          0x0000000006012610        0x0 ../../Compiler/SGL_302j/LIB_COFF/LIBSGL.A(sglI01.o)
 .text          0x0000000006012610      0x128 ../../Compiler/SGL_302j/LIB_COFF/LIBSGL.A(sglIc0.o)
                0x0000000006012610                slInitSystem
 *fill*         0x0000000006012738        0x8 
 .text          0x0000000006012740        0x0 ../../Compiler/SGL_302j/LIB_COFF/LIBSGL.A(sglJ00.o)
 .text          0x0000000006012740        0x0 ../../Compiler/SGL_302j/LIB_COFF/LIBSGL.A(sglJ01.o)
 .text          0x0000000006012740        0x0 ../../Compiler/SGL_302j/LIB_COFF/LIBSGL.A(sglJ02.o)
 .text          0x0000000006012740        0x0 ../../Compiler/SGL_302j/LIB_COFF/LIBSGL.A(sglJ03.o)
 .text          0x0000000006012740        0x0 ../../Compiler/SGL_302j/LIB_COFF/LIBSGL.A(sglJ04.o)
 .text          0x0000000006012740        0x0 ../../Compiler/SGL_302j/LIB_COFF/LIBSGL.A(sglJ05.o)
 .text          0x0000000006012740        0x0 ../../Compiler/SGL_302j/LIB_COFF/LIBSGL.A(sglK01.o)
 .text          0x0000000006012740        0x0 ../../Compiler/SGL_302j/LIB_COFF/LIBSGL.A(sglM01.o)
 .text          0x0000000006012740        0x0 ../../Compiler/SGL_302j/LIB_COFF/LIBSGL.A(sglA00.o)
 .text          0x0000000006012740        0x0 ../../Compiler/SGL_302j/LIB_COFF/LIBSGL.A(sglA01.o)
 .text          0x0000000006012740        0x0 ../../Compiler/SGL_302j/LIB_COFF/LIBSGL.A(sglB000.o)
 .text          0x0000000006012740        0x0 ../../Compiler/SGL_302j/LIB_COFF/LIBSGL.A(sglB035.o)
 .text          0x0000000006012740        0x0 ../../Compiler/SGL_302j/LIB_COFF/LIBSGL.A(sglC00.o)
 .text          0x0000000006012740        0x0 ../../Compiler/SGL_302j/LIB_COFF/LIBSGL.A(sglI00.o)
 .text          0x0000000006012740        0x0 ../../Compiler/SGL_302j/LIB_COFF/LIBSGL.A(sglH03.o)
 .text          0x0000000006012740       0x52 /home/sansigolo/Documents/joengine/Compiler/SH_NONE_ELF/bin/../lib/gcc/sh-none-elf/8.2.0/libgcc.a(_ashiftrt.o)
                0x0000000006012740                __ashiftrt_r4_31
                0x0000000006012740                __ashiftrt_r4_32
                0x0000000006012746                __ashiftrt_r4_30
                0x0000000006012748                __ashiftrt_r4_29
                0x000000000601274a                __ashiftrt_r4_28
                0x000000000601274c                __ashiftrt_r4_27
                0x000000000601274e                __ashiftrt_r4_26
                0x0000000006012750                __ashiftrt_r4_25
                0x0000000006012752                __ashiftrt_r4_24
                0x000000000601275a                __ashiftrt_r4_23
                0x000000000601275c                __ashiftrt_r4_22
                0x000000000601275e                __ashiftrt_r4_21
                0x0000000006012760                __ashiftrt_r4_20
                0x0000000006012762                __ashiftrt_r4_19
                0x0000000006012764                __ashiftrt_r4_18
                0x0000000006012766                __ashiftrt_r4_17
                0x0000000006012768                __ashiftrt_r4_16
                0x000000000601276e                __ashiftrt_r4_15
                0x0000000006012770                __ashiftrt_r4_14
                0x0000000006012772                __ashiftrt_r4_13
                0x0000000006012774                __ashiftrt_r4_12
                0x0000000006012776                __ashiftrt_r4_11
                0x0000000006012778                __ashiftrt_r4_10
                0x000000000601277a                __ashiftrt_r4_9
                0x000000000601277c                __ashiftrt_r4_8
                0x000000000601277e                __ashiftrt_r4_7
                0x0000000006012780                __ashiftrt_r4_6
                0x0000000006012782                __ashiftrt_r4_5
                0x0000000006012784                __ashiftrt_r4_4
                0x0000000006012786                __ashiftrt_r4_3
                0x0000000006012788                __ashiftrt_r4_2
                0x000000000601278a                __ashiftrt_r4_1
                0x000000000601278e                __ashiftrt_r4_0
 *fill*         0x0000000006012792        0x2 
 .text          0x0000000006012794       0xa0 /home/sansigolo/Documents/joengine/Compiler/SH_NONE_ELF/bin/../lib/gcc/sh-none-elf/8.2.0/libgcc.a(_sdivsi3.o)
                0x0000000006012794                __sdivsi3
 .text          0x0000000006012834       0x6c /home/sansigolo/Documents/joengine/Compiler/SH_NONE_ELF/bin/../lib/gcc/sh-none-elf/8.2.0/libgcc.a(_udivsi3.o)
                0x0000000006012856                __udivsi3
 .text          0x00000000060128a0      0x134 /home/sansigolo/Documents/joengine/Compiler/SH_NONE_ELF/bin/../lib/gcc/sh-none-elf/8.2.0/libgcc.a(_mul_sf.o)
                0x00000000060128a0                __mulsf3
 .text          0x00000000060129d4       0xdc /home/sansigolo/Documents/joengine/Compiler/SH_NONE_ELF/bin/../lib/gcc/sh-none-elf/8.2.0/libgcc.a(_div_sf.o)
                0x00000000060129d4                __divsf3
 .text          0x0000000006012ab0       0x7c /home/sansigolo/Documents/joengine/Compiler/SH_NONE_ELF/bin/../lib/gcc/sh-none-elf/8.2.0/libgcc.a(_sf_to_si.o)
                0x0000000006012ab0                __fixsfsi
 .text          0x0000000006012b2c        0x0 /home/sansigolo/Documents/joengine/Compiler/SH_NONE_ELF/bin/../lib/gcc/sh-none-elf/8.2.0/libgcc.a(_thenan_sf.o)
 .text          0x0000000006012b2c       0x94 /home/sansigolo/Documents/joengine/Compiler/SH_NONE_ELF/bin/../lib/gcc/sh-none-elf/8.2.0/libgcc.a(_usi_to_sf.o)
                0x0000000006012b2c                __floatunsisf
 .text          0x0000000006012bc0      0x114 /home/sansigolo/Documents/joengine/Compiler/SH_NONE_ELF/bin/../lib/gcc/sh-none-elf/8.2.0/libgcc.a(_pack_sf.o)
                0x0000000006012bc0                __pack_f
 .text          0x0000000006012cd4       0xa0 /home/sansigolo/Documents/joengine/Compiler/SH_NONE_ELF/bin/../lib/gcc/sh-none-elf/8.2.0/libgcc.a(_unpack_sf.o)
                0x0000000006012cd4                __unpack_f
 .text          0x0000000006012d74       0x1e /home/sansigolo/Documents/joengine/Compiler/SH_NONE_ELF/bin/../lib/gcc/sh-none-elf/8.2.0/../../../../sh-none-elf/lib/libc.a(lib_a-memcmp.o)
                0x0000000006012d74                memcmp
 *fill*         0x0000000006012d92        0x2 
 .text          0x0000000006012d94       0x94 /home/sansigolo/Documents/joengine/Compiler/SH_NONE_ELF/bin/../lib/gcc/sh-none-elf/8.2.0/../../../../sh-none-elf/lib/libc.a(lib_a-memcpy.o)
                0x0000000006012d94                memcpy
 .text          0x0000000006012e28       0x40 /home/sansigolo/Documents/joengine/Compiler/SH_NONE_ELF/bin/../lib/gcc/sh-none-elf/8.2.0/../../../../sh-none-elf/lib/libc.a(lib_a-memset.o)
                0x0000000006012e28                memset
 .text          0x0000000006012e68       0x8c /home/sansigolo/Documents/joengine/Compiler/SH_NONE_ELF/bin/../lib/gcc/sh-none-elf/8.2.0/../../../../sh-none-elf/lib/libc.a(lib_a-sprintf.o)
                0x0000000006012e68                _sprintf_r
                0x0000000006012ea8                sprintf
 .text          0x0000000006012ef4       0x2a /home/sansigolo/Documents/joengine/Compiler/SH_NONE_ELF/bin/../lib/gcc/sh-none-elf/8.2.0/../../../../sh-none-elf/lib/libc.a(lib_a-strncmp.o)
                0x0000000006012ef4                strncmp
 .text          0x0000000006012f1e       0x32 /home/sansigolo/Documents/joengine/Compiler/SH_NONE_ELF/bin/../lib/gcc/sh-none-elf/8.2.0/../../../../sh-none-elf/lib/libc.a(lib_a-strncpy.o)
                0x0000000006012f1e                strncpy
 .text          0x0000000006012f50     0x1378 /home/sansigolo/Documents/joengine/Compiler/SH_NONE_ELF/bin/../lib/gcc/sh-none-elf/8.2.0/../../../../sh-none-elf/lib/libc.a(lib_a-svfprintf.o)
                0x0000000006012f50                _svfprintf_r
 .text          0x00000000060142c8      0xef4 /home/sansigolo/Documents/joengine/Compiler/SH_NONE_ELF/bin/../lib/gcc/sh-none-elf/8.2.0/../../../../sh-none-elf/lib/libc.a(lib_a-dtoa.o)
                0x00000000060143fc                _dtoa_r
 .text          0x00000000060151bc        0x0 /home/sansigolo/Documents/joengine/Compiler/SH_NONE_ELF/bin/../lib/gcc/sh-none-elf/8.2.0/../../../../sh-none-elf/lib/libc.a(lib_a-impure.o)
 .text          0x00000000060151bc       0x40 /home/sansigolo/Documents/joengine/Compiler/SH_NONE_ELF/bin/../lib/gcc/sh-none-elf/8.2.0/../../../../sh-none-elf/lib/libc.a(lib_a-localeconv.o)
                0x00000000060151bc                __localeconv_l
                0x00000000060151c4                _localeconv_r
                0x00000000060151e0                localeconv
 .text          0x00000000060151fc       0xa8 /home/sansigolo/Documents/joengine/Compiler/SH_NONE_ELF/bin/../lib/gcc/sh-none-elf/8.2.0/../../../../sh-none-elf/lib/libc.a(lib_a-locale.o)
                0x00000000060151fc                _setlocale_r
                0x0000000006015248                __locale_mb_cur_max
                0x0000000006015268                __locale_ctype_ptr_l
                0x0000000006015272                __locale_ctype_ptr
                0x0000000006015290                setlocale
 .text          0x00000000060152a4       0x4c /home/sansigolo/Documents/joengine/Compiler/SH_NONE_ELF/bin/../lib/gcc/sh-none-elf/8.2.0/../../../../sh-none-elf/lib/libc.a(lib_a-mbtowc_r.o)
                0x00000000060152a4                _mbtowc_r
                0x00000000060152c8                __ascii_mbtowc
 .text          0x00000000060152f0       0x1c /home/sansigolo/Documents/joengine/Compiler/SH_NONE_ELF/bin/../lib/gcc/sh-none-elf/8.2.0/../../../../sh-none-elf/lib/libc.a(lib_a-memchr.o)
                0x00000000060152f0                memchr
 .text          0x000000000601530c      0xa9c /home/sansigolo/Documents/joengine/Compiler/SH_NONE_ELF/bin/../lib/gcc/sh-none-elf/8.2.0/../../../../sh-none-elf/lib/libc.a(lib_a-mprec.o)
                0x000000000601530c                _Balloc
                0x0000000006015380                _Bfree
                0x0000000006015398                __multadd
                0x0000000006015440                __s2b
                0x0000000006015500                __hi0bits
                0x0000000006015554                __lo0bits
                0x00000000060155b8                __i2b
                0x00000000060155d4                __multiply
                0x0000000006015718                __pow5mult
                0x00000000060157d4                __lshift
                0x00000000060158c8                __mcmp
                0x0000000006015900                __mdiff
                0x00000000060159dc                __ulp
                0x0000000006015a48                __b2d
                0x0000000006015b30                __d2b
                0x0000000006015c1c                __ratio
                0x0000000006015ca0                _mprec_log10
                0x0000000006015cf8                __copybits
                0x0000000006015d3c                __any_on
 .text          0x0000000006015da8       0x34 /home/sansigolo/Documents/joengine/Compiler/SH_NONE_ELF/bin/../lib/gcc/sh-none-elf/8.2.0/../../../../sh-none-elf/lib/libc.a(lib_a-nano-callocr.o)
                0x0000000006015da8                _calloc_r
 .text          0x0000000006015ddc       0xf4 /home/sansigolo/Documents/joengine/Compiler/SH_NONE_ELF/bin/../lib/gcc/sh-none-elf/8.2.0/../../../../sh-none-elf/lib/libc.a(lib_a-nano-mallocr.o)
                0x0000000006015ddc                _malloc_r
 .text          0x0000000006015ed0       0x30 /home/sansigolo/Documents/joengine/Compiler/SH_NONE_ELF/bin/../lib/gcc/sh-none-elf/8.2.0/../../../../sh-none-elf/lib/libc.a(lib_a-sbrkr.o)
                0x0000000006015ed0                _sbrk_r
 .text          0x0000000006015f00       0x38 /home/sansigolo/Documents/joengine/Compiler/SH_NONE_ELF/bin/../lib/gcc/sh-none-elf/8.2.0/../../../../sh-none-elf/lib/libc.a(lib_a-strcmp.o)
                0x0000000006015f00                strcmp
 .text          0x0000000006015f38       0x20 /home/sansigolo/Documents/joengine/Compiler/SH_NONE_ELF/bin/../lib/gcc/sh-none-elf/8.2.0/../../../../sh-none-elf/lib/libc.a(lib_a-strlen.o)
                0x0000000006015f38                strlen
 .text          0x0000000006015f58      0xa60 /home/sansigolo/Documents/joengine/Compiler/SH_NONE_ELF/bin/../lib/gcc/sh-none-elf/8.2.0/../../../../sh-none-elf/lib/libc.a(lib_a-svfiprintf.o)
                0x0000000006015f58                __ssprint_r
                0x000000000601608c                _svfiprintf_r
 .text          0x00000000060169b8      0x25c /home/sansigolo/Documents/joengine/Compiler/SH_NONE_ELF/bin/../lib/gcc/sh-none-elf/8.2.0/../../../../sh-none-elf/lib/libc.a(lib_a-syscalls.o)
                0x0000000006016a30                _read
                0x0000000006016a40                _lseek
                0x0000000006016a50                _write
                0x0000000006016a60                _close
                0x0000000006016a70                _link
                0x0000000006016a74                _sbrk
                0x0000000006016acc                _fstat
                0x0000000006016ad6                _open
                0x0000000006016ae8                _creat
                0x0000000006016af8                _unlink
                0x0000000006016afc                isatty
                0x0000000006016b00                _isatty
                0x0000000006016b04                _exit
                0x0000000006016b14                _kill
                0x0000000006016b28                _getpid
                0x0000000006016b2c                _raise
                0x0000000006016b30                _stat
                0x0000000006016b40                _chmod
                0x0000000006016b50                _chown
                0x0000000006016b60                _utime
                0x0000000006016b74                _fork
                0x0000000006016b80                _wait
                0x0000000006016b90                _execve
                0x0000000006016ba0                _execv
                0x0000000006016bb0                _pipe
                0x0000000006016bbc                _times
                0x0000000006016bc0                _gettimeofday
                0x0000000006016be8                __setup_argv_and_call_main
 .text          0x0000000006016c14       0x14 /home/sansigolo/Documents/joengine/Compiler/SH_NONE_ELF/bin/../lib/gcc/sh-none-elf/8.2.0/../../../../sh-none-elf/lib/libc.a(lib_a-trap.o)
                0x0000000006016c14                __trap34
 .text          0x0000000006016c28       0x40 /home/sansigolo/Documents/joengine/Compiler/SH_NONE_ELF/bin/../lib/gcc/sh-none-elf/8.2.0/../../../../sh-none-elf/lib/libc.a(lib_a-wctomb_r.o)
                0x0000000006016c28                _wctomb_r
                0x0000000006016c48                __ascii_wctomb
 .text          0x0000000006016c68       0x18 /home/sansigolo/Documents/joengine/Compiler/SH_NONE_ELF/bin/../lib/gcc/sh-none-elf/8.2.0/../../../../sh-none-elf/lib/libc.a(lib_a-abort.o)
                0x0000000006016c68                abort
 .text          0x0000000006016c80        0x0 /home/sansigolo/Documents/joengine/Compiler/SH_NONE_ELF/bin/../lib/gcc/sh-none-elf/8.2.0/../../../../sh-none-elf/lib/libc.a(lib_a-ctype_.o)
 .text          0x0000000006016c80       0x3c /home/sansigolo/Documents/joengine/Compiler/SH_NONE_ELF/bin/../lib/gcc/sh-none-elf/8.2.0/../../../../sh-none-elf/lib/libc.a(lib_a-memmove.o)
                0x0000000006016c80                memmove
 .text          0x0000000006016cbc        0x8 /home/sansigolo/Documents/joengine/Compiler/SH_NONE_ELF/bin/../lib/gcc/sh-none-elf/8.2.0/../../../../sh-none-elf/lib/libc.a(lib_a-mlock.o)
                0x0000000006016cbc                __malloc_lock
                0x0000000006016cc0                __malloc_unlock
 .text          0x0000000006016cc4       0xc8 /home/sansigolo/Documents/joengine/Compiler/SH_NONE_ELF/bin/../lib/gcc/sh-none-elf/8.2.0/../../../../sh-none-elf/lib/libc.a(lib_a-nano-freer.o)
                0x0000000006016cc4                _free_r
 .text          0x0000000006016d8c       0x7c /home/sansigolo/Documents/joengine/Compiler/SH_NONE_ELF/bin/../lib/gcc/sh-none-elf/8.2.0/../../../../sh-none-elf/lib/libc.a(lib_a-nano-reallocr.o)
                0x0000000006016d8c                _realloc_r
 .text          0x0000000006016e08      0x1b0 /home/sansigolo/Documents/joengine/Compiler/SH_NONE_ELF/bin/../lib/gcc/sh-none-elf/8.2.0/../../../../sh-none-elf/lib/libc.a(lib_a-signal.o)
                0x0000000006016e08                _init_signal_r
                0x0000000006016e44                _signal_r
                0x0000000006016e90                _raise_r
                0x0000000006016f08                __sigtramp_r
                0x0000000006016f6c                raise
                0x0000000006016f80                signal
                0x0000000006016f94                _init_signal
                0x0000000006016fa4                __sigtramp
 .text          0x0000000006016fb8       0x40 /home/sansigolo/Documents/joengine/Compiler/SH_NONE_ELF/bin/../lib/gcc/sh-none-elf/8.2.0/../../../../sh-none-elf/lib/libc.a(lib_a-signalr.o)
                0x0000000006016fb8                _kill_r
                0x0000000006016fec                _getpid_r
 .text          0x0000000006016ff8       0x16 /home/sansigolo/Documents/joengine/Compiler/SH_NONE_ELF/bin/../lib/gcc/sh-none-elf/8.2.0/../../../../sh-none-elf/lib/libc.a(lib_a-nano-msizer.o)
                0x0000000006016ff8                _malloc_usable_size_r
 *fill*         0x000000000601700e        0x2 
 .text          0x0000000006017010       0x80 /home/sansigolo/Documents/joengine/Compiler/SH_NONE_ELF/bin/../lib/gcc/sh-none-elf/8.2.0/libgcc.a(_ashiftrt_n.o)
                0x0000000006017010                __ashrsi3
 .text          0x0000000006017090       0xbc /home/sansigolo/Documents/joengine/Compiler/SH_NONE_ELF/bin/../lib/gcc/sh-none-elf/8.2.0/libgcc.a(_ashiftlt.o)
                0x0000000006017090                __ashlsi3
                0x0000000006017094                __ashlsi3_r0
 .text          0x000000000601714c       0xbc /home/sansigolo/Documents/joengine/Compiler/SH_NONE_ELF/bin/../lib/gcc/sh-none-elf/8.2.0/libgcc.a(_lshiftrt.o)
                0x000000000601714c                __lshrsi3
                0x0000000006017150                __lshrsi3_r0
 .text          0x0000000006017208      0x258 /home/sansigolo/Documents/joengine/Compiler/SH_NONE_ELF/bin/../lib/gcc/sh-none-elf/8.2.0/libgcc.a(_udivdi3.o)
                0x0000000006017208                __udivdi3
 .text          0x0000000006017460      0x2bc /home/sansigolo/Documents/joengine/Compiler/SH_NONE_ELF/bin/../lib/gcc/sh-none-elf/8.2.0/libgcc.a(_umoddi3.o)
                0x0000000006017460                __umoddi3
 .text          0x000000000601771c      0x3b4 /home/sansigolo/Documents/joengine/Compiler/SH_NONE_ELF/bin/../lib/gcc/sh-none-elf/8.2.0/libgcc.a(_addsub_df.o)
                0x0000000006017a2c                __adddf3
                0x0000000006017a7c                __subdf3
 .text          0x0000000006017ad0      0x208 /home/sansigolo/Documents/joengine/Compiler/SH_NONE_ELF/bin/../lib/gcc/sh-none-elf/8.2.0/libgcc.a(_mul_df.o)
                0x0000000006017ad0                __muldf3
 .text          0x0000000006017cd8      0x130 /home/sansigolo/Documents/joengine/Compiler/SH_NONE_ELF/bin/../lib/gcc/sh-none-elf/8.2.0/libgcc.a(_div_df.o)
                0x0000000006017cd8                __divdf3
 .text          0x0000000006017e08       0x58 /home/sansigolo/Documents/joengine/Compiler/SH_NONE_ELF/bin/../lib/gcc/sh-none-elf/8.2.0/libgcc.a(_eq_df.o)
                0x0000000006017e08                __eqdf2
 .text          0x0000000006017e60       0x58 /home/sansigolo/Documents/joengine/Compiler/SH_NONE_ELF/bin/../lib/gcc/sh-none-elf/8.2.0/libgcc.a(_ne_df.o)
                0x0000000006017e60                __nedf2
 .text          0x0000000006017eb8       0x50 /home/sansigolo/Documents/joengine/Compiler/SH_NONE_ELF/bin/../lib/gcc/sh-none-elf/8.2.0/libgcc.a(_gt_df.o)
                0x0000000006017eb8                __gtdf2
 .text          0x0000000006017f08       0x50 /home/sansigolo/Documents/joengine/Compiler/SH_NONE_ELF/bin/../lib/gcc/sh-none-elf/8.2.0/libgcc.a(_ge_df.o)
                0x0000000006017f08                __gedf2
 .text          0x0000000006017f58       0x58 /home/sansigolo/Documents/joengine/Compiler/SH_NONE_ELF/bin/../lib/gcc/sh-none-elf/8.2.0/libgcc.a(_lt_df.o)
                0x0000000006017f58                __ltdf2
 .text          0x0000000006017fb0       0x58 /home/sansigolo/Documents/joengine/Compiler/SH_NONE_ELF/bin/../lib/gcc/sh-none-elf/8.2.0/libgcc.a(_le_df.o)
                0x0000000006017fb0                __ledf2
 .text          0x0000000006018008       0x40 /home/sansigolo/Documents/joengine/Compiler/SH_NONE_ELF/bin/../lib/gcc/sh-none-elf/8.2.0/libgcc.a(_unord_df.o)
                0x0000000006018008                __unorddf2
 .text          0x0000000006018048       0xa8 /home/sansigolo/Documents/joengine/Compiler/SH_NONE_ELF/bin/../lib/gcc/sh-none-elf/8.2.0/libgcc.a(_si_to_df.o)
                0x0000000006018048                __floatsidf
 .text          0x00000000060180f0       0xa4 /home/sansigolo/Documents/joengine/Compiler/SH_NONE_ELF/bin/../lib/gcc/sh-none-elf/8.2.0/libgcc.a(_df_to_si.o)
                0x00000000060180f0                __fixdfsi
 .text          0x0000000006018194        0x0 /home/sansigolo/Documents/joengine/Compiler/SH_NONE_ELF/bin/../lib/gcc/sh-none-elf/8.2.0/libgcc.a(_thenan_df.o)
 .text          0x0000000006018194       0x88 /home/sansigolo/Documents/joengine/Compiler/SH_NONE_ELF/bin/../lib/gcc/sh-none-elf/8.2.0/libgcc.a(_usi_to_df.o)
                0x0000000006018194                __floatunsidf
 *fill*         0x000000000601821c        0x4 
 .text          0x0000000006018220       0x60 /home/sansigolo/Documents/joengine/Compiler/SH_NONE_ELF/bin/../lib/gcc/sh-none-elf/8.2.0/libgcc.a(_udiv_qrnnd_16.o)
                0x0000000006018220                __udiv_qrnnd_16
 .text          0x0000000006018280        0x0 /home/sansigolo/Documents/joengine/Compiler/SH_NONE_ELF/bin/../lib/gcc/sh-none-elf/8.2.0/libgcc.a(_clz.o)
 .text          0x0000000006018280       0x58 /home/sansigolo/Documents/joengine/Compiler/SH_NONE_ELF/bin/../lib/gcc/sh-none-elf/8.2.0/libgcc.a(_clzsi2.o)
                0x0000000006018280                __clzsi2
 .text          0x00000000060182d8      0x25c /home/sansigolo/Documents/joengine/Compiler/SH_NONE_ELF/bin/../lib/gcc/sh-none-elf/8.2.0/libgcc.a(_pack_df.o)
                0x00000000060182d8                __pack_d
 .text          0x0000000006018534       0xcc /home/sansigolo/Documents/joengine/Compiler/SH_NONE_ELF/bin/../lib/gcc/sh-none-elf/8.2.0/libgcc.a(_unpack_df.o)
                0x0000000006018534                __unpack_d
 .text          0x0000000006018600       0xc8 /home/sansigolo/Documents/joengine/Compiler/SH_NONE_ELF/bin/../lib/gcc/sh-none-elf/8.2.0/libgcc.a(_fpcmp_parts_df.o)
                0x0000000006018600                __fpcmp_parts_d
 *(.strings)
                0x00000000060186c8                __etext = .

.text.startup   0x00000000060186c8      0x44c
 .text.startup  0x00000000060186c8      0x44c /tmp/ccHx2ljW.ltrans0.ltrans.o
                0x00000000060186c8                main

.rodata         0x0000000006018b20      0x63c
 *(.rodata)
 .rodata        0x0000000006018b20      0x12c /tmp/ccHx2ljW.ltrans0.ltrans.o
 .rodata        0x0000000006018c4c       0x10 /home/sansigolo/Documents/joengine/Compiler/SH_NONE_ELF/bin/../lib/gcc/sh-none-elf/8.2.0/libgcc.a(_thenan_sf.o)
                0x0000000006018c4c                __thenan_sf
 .rodata        0x0000000006018c5c       0x20 /home/sansigolo/Documents/joengine/Compiler/SH_NONE_ELF/bin/../lib/gcc/sh-none-elf/8.2.0/../../../../sh-none-elf/lib/libc.a(lib_a-svfprintf.o)
 .rodata        0x0000000006018c7c        0x4 /home/sansigolo/Documents/joengine/Compiler/SH_NONE_ELF/bin/../lib/gcc/sh-none-elf/8.2.0/../../../../sh-none-elf/lib/libc.a(lib_a-impure.o)
                0x0000000006018c7c                _global_impure_ptr
 .rodata        0x0000000006018c80      0x124 /home/sansigolo/Documents/joengine/Compiler/SH_NONE_ELF/bin/../lib/gcc/sh-none-elf/8.2.0/../../../../sh-none-elf/lib/libc.a(lib_a-mprec.o)
                0x0000000006018c8c                __mprec_tinytens
                0x0000000006018cb4                __mprec_bigtens
                0x0000000006018cdc                __mprec_tens
 .rodata        0x0000000006018da4       0x20 /home/sansigolo/Documents/joengine/Compiler/SH_NONE_ELF/bin/../lib/gcc/sh-none-elf/8.2.0/../../../../sh-none-elf/lib/libc.a(lib_a-svfiprintf.o)
 .rodata        0x0000000006018dc4      0x284 /home/sansigolo/Documents/joengine/Compiler/SH_NONE_ELF/bin/../lib/gcc/sh-none-elf/8.2.0/../../../../sh-none-elf/lib/libc.a(lib_a-ctype_.o)
                0x0000000006018dc4                _ctype_
                0x0000000006018ec8                _ctype_b
 .rodata        0x0000000006019048       0x14 /home/sansigolo/Documents/joengine/Compiler/SH_NONE_ELF/bin/../lib/gcc/sh-none-elf/8.2.0/libgcc.a(_thenan_df.o)
                0x0000000006019048                __thenan_df
 .rodata        0x000000000601905c      0x100 /home/sansigolo/Documents/joengine/Compiler/SH_NONE_ELF/bin/../lib/gcc/sh-none-elf/8.2.0/libgcc.a(_clz.o)
                0x000000000601905c                __clz_tab

.rodata.str1.4  0x000000000601915c     0x508e
 .rodata.str1.4
                0x000000000601915c     0x501c /tmp/ccHx2ljW.ltrans0.ltrans.o
                                       0x5112 (size before relaxing)
 .rodata.str1.4
                0x000000000601e178       0x3a /home/sansigolo/Documents/joengine/Compiler/SH_NONE_ELF/bin/../lib/gcc/sh-none-elf/8.2.0/../../../../sh-none-elf/lib/libc.a(lib_a-svfprintf.o)
 *fill*         0x000000000601e1b2        0x2 
 .rodata.str1.4
                0x000000000601e1b4        0xd /home/sansigolo/Documents/joengine/Compiler/SH_NONE_ELF/bin/../lib/gcc/sh-none-elf/8.2.0/../../../../sh-none-elf/lib/libc.a(lib_a-dtoa.o)
                                         0x12 (size before relaxing)
 *fill*         0x000000000601e1c1        0x3 
 .rodata.str1.4
                0x000000000601e1c4        0xa /home/sansigolo/Documents/joengine/Compiler/SH_NONE_ELF/bin/../lib/gcc/sh-none-elf/8.2.0/../../../../sh-none-elf/lib/libc.a(lib_a-locale.o)
                                         0x12 (size before relaxing)
 .rodata.str1.4
                0x000000000601e1ce       0x25 /home/sansigolo/Documents/joengine/Compiler/SH_NONE_ELF/bin/../lib/gcc/sh-none-elf/8.2.0/../../../../sh-none-elf/lib/libc.a(lib_a-svfiprintf.o)
 *fill*         0x000000000601e1ce        0x2 
 .rodata.str1.4
                0x000000000601e1d0       0x1a /home/sansigolo/Documents/joengine/Compiler/SH_NONE_ELF/bin/../lib/gcc/sh-none-elf/8.2.0/../../../../sh-none-elf/lib/libc.a(lib_a-syscalls.o)

.eh_frame       0x000000000601e1ec      0x170
 .eh_frame      0x000000000601e1ec       0xa8 /home/sansigolo/Documents/joengine/Compiler/SH_NONE_ELF/bin/../lib/gcc/sh-none-elf/8.2.0/libgcc.a(_udivdi3.o)
 .eh_frame      0x000000000601e294       0xc8 /home/sansigolo/Documents/joengine/Compiler/SH_NONE_ELF/bin/../lib/gcc/sh-none-elf/8.2.0/libgcc.a(_umoddi3.o)
                                         0xdc (size before relaxing)

.rela.dyn       0x000000000601e35c        0x0
 .rela.text     0x000000000601e35c        0x0 /home/sansigolo/Documents/joengine/Compiler/SH_NONE_ELF/bin/../lib/gcc/sh-none-elf/8.2.0/../../../../sh-none-elf/lib/libc.a(lib_a-sbrkr.o)
 .rela.text.startup
                0x000000000601e35c        0x0 /home/sansigolo/Documents/joengine/Compiler/SH_NONE_ELF/bin/../lib/gcc/sh-none-elf/8.2.0/../../../../sh-none-elf/lib/libc.a(lib_a-sbrkr.o)

SLPROG          0x000000000601e360    0x11720
                0x000000000601e360                __slprog_start = .
 *(SLPROG)
 SLPROG         0x000000000601e360     0x6540 ../../Compiler/SGL_302j/LIB_COFF/SGLAREA.O
                0x000000000601e360                MasterStack
                0x000000000601e364                SlaveStack
                0x000000000601e368                MaxVertices
                0x000000000601e36a                MaxPolygons
                0x000000000601e36c                SortList
                0x000000000601e370                SortListSize
                0x000000000601e374                TransList
                0x000000000601e378                Zbuffer
                0x000000000601e37c                SpriteBuf
                0x000000000601e380                SpriteBufSize
                0x000000000601e384                Pbuffer
                0x000000000601e388                CommandBuf
                0x000000000601e38c                CLOfstBuf
                0x000000000601e390                PCM_Work
                0x000000000601e394                PCM_WkSize
                0x000000000601e398                MaxEvents
                0x000000000601e39a                EventSize
                0x000000000601e39c                MaxWorks
                0x000000000601e39e                WorkSize
                0x000000000601e3a0                RemainEvent
                0x000000000601e4a0                RemainWork
                0x000000000601e8a0                EventBuf
                0x00000000060208a0                WorkBuf
 SLPROG         0x00000000060248a0       0x18 ../../Compiler/SGL_302j/LIB_COFF/LIBSGL.A(sglA15.o)
                0x00000000060248a0                slSlaveFunc
 *fill*         0x00000000060248b8        0x8 
 SLPROG         0x00000000060248c0      0x42c ../../Compiler/SGL_302j/LIB_COFF/LIBSGL.A(sglA20.o)
                0x00000000060248c0                slInitMatrix
                0x00000000060248ca                slPushUnitMatrix
                0x00000000060248de                slUnitMatrix
 *fill*         0x0000000006024cec        0x4 
 SLPROG         0x0000000006024cf0       0x48 ../../Compiler/SGL_302j/LIB_COFF/LIBSGL.A(sglA21.o)
                0x0000000006024cf0                slPushMatrix
                0x0000000006024d24                slPopMatrix
                0x0000000006024d24                slDecMatrixPtr
 *fill*         0x0000000006024d38        0x8 
 SLPROG         0x0000000006024d40       0x50 ../../Compiler/SGL_302j/LIB_COFF/LIBSGL.A(sglA27.o)
                0x0000000006024d40                slTranslate
 SLPROG         0x0000000006024d90       0x20 ../../Compiler/SGL_302j/LIB_COFF/LIBSGL.A(sglB001.o)
                0x0000000006024d90                slTVOn
                0x0000000006024d9a                slTVOff
 SLPROG         0x0000000006024db0       0x24 ../../Compiler/SGL_302j/LIB_COFF/LIBSGL.A(sglB011.o)
                0x0000000006024db0                slBitMapNbg1
 *fill*         0x0000000006024dd4        0xc 
 SLPROG         0x0000000006024de0      0x40c ../../Compiler/SGL_302j/LIB_COFF/LIBSGL.A(sglB015.o)
                0x0000000006024de0                slScrAutoDisp
 *fill*         0x00000000060251ec        0x4 
 SLPROG         0x00000000060251f0        0xc ../../Compiler/SGL_302j/LIB_COFF/LIBSGL.A(sglB016.o)
                0x00000000060251f0                slBack1ColSet
 *fill*         0x00000000060251fc        0x4 
 SLPROG         0x0000000006025200       0xb4 ../../Compiler/SGL_302j/LIB_COFF/LIBSGL.A(sglB032.o)
                0x0000000006025200                slMapNbg1
 *fill*         0x00000000060252b4        0xc 
 SLPROG         0x00000000060252c0        0xc ../../Compiler/SGL_302j/LIB_COFF/LIBSGL.A(sglB053.o)
                0x00000000060252c0                slZoomNbg1
 *fill*         0x00000000060252cc        0x4 
 SLPROG         0x00000000060252d0        0xc ../../Compiler/SGL_302j/LIB_COFF/LIBSGL.A(sglB056.o)
                0x00000000060252d0                slPlaneNbg1
 *fill*         0x00000000060252dc        0x4 
 SLPROG         0x00000000060252e0        0xc ../../Compiler/SGL_302j/LIB_COFF/LIBSGL.A(sglB063.o)
                0x00000000060252e0                slPriority
 *fill*         0x00000000060252ec        0x4 
 SLPROG         0x00000000060252f0      0x114 ../../Compiler/SGL_302j/LIB_COFF/LIBSGL.A(sglB200.o)
                0x00000000060252f0                slCharRbg0
                0x00000000060252fc                slCharNbg0
                0x0000000006025308                slCharNbg1
                0x0000000006025314                slCharNbg2
                0x000000000602532a                slCharNbg3
                0x0000000006025342                slPageRbg0
                0x0000000006025358                slPageNbg1
                0x0000000006025360                slPageNbg2
                0x0000000006025368                slPageNbg3
                0x0000000006025374                slPageNbg0
 *fill*         0x0000000006025404        0xc 
 SLPROG         0x0000000006025410       0x78 ../../Compiler/SGL_302j/LIB_COFF/LIBSGL.A(sglC05.o)
                0x0000000006025410                slSetSprite
 *fill*         0x0000000006025488        0x8 
 SLPROG         0x0000000006025490       0xfa ../../Compiler/SGL_302j/LIB_COFF/LIBSGL.A(sglC06.o)
                0x0000000006025490                slDispSprite
 *fill*         0x000000000602558a        0x6 
 SLPROG         0x0000000006025590      0x162 ../../Compiler/SGL_302j/LIB_COFF/LIBSGL.A(sglC07.o)
                0x0000000006025596                slPutSprite
 *fill*         0x00000000060256f2        0xe 
 SLPROG         0x0000000006025700     0x1218 ../../Compiler/SGL_302j/LIB_COFF/LIBSGL.A(sglC08.o)
                0x0000000006025700                slPutPolygon
                0x000000000602637c                MsCalcDepthFlat
 *fill*         0x0000000006026918        0x8 
 SLPROG         0x0000000006026920       0x40 ../../Compiler/SGL_302j/LIB_COFF/LIBSGL.A(sglC20.o)
                0x0000000006026920                SpriteEntry
 SLPROG         0x0000000006026960       0x84 ../../Compiler/SGL_302j/LIB_COFF/LIBSGL.A(sglD00.o)
                0x0000000006026960                slDMACopy
                0x0000000006026960                slCpuDMACopy
                0x00000000060269ba                slCashPurge
                0x00000000060269ba                CSH_AllClr
 *fill*         0x00000000060269e4        0xc 
 SLPROG         0x00000000060269f0       0xa0 ../../Compiler/SGL_302j/LIB_COFF/LIBSGL.A(sglD01.o)
                0x00000000060269f0                slDMAXCopy
 SLPROG         0x0000000006026a90        0xc ../../Compiler/SGL_302j/LIB_COFF/LIBSGL.A(sglD03.o)
                0x0000000006026a90                slDMAStatus
 *fill*         0x0000000006026a9c        0x4 
 SLPROG         0x0000000006026aa0       0x20 ../../Compiler/SGL_302j/LIB_COFF/LIBSGL.A(sglD15.o)
                0x0000000006026aa0                CSH_Purge
 SLPROG         0x0000000006026ac0       0x84 ../../Compiler/SGL_302j/LIB_COFF/LIBSGL.A(sglD16.o)
                0x0000000006026ac0                DMA_ScuSetPrm
                0x0000000006026b08                DMA_SCU_PRM0
 *fill*         0x0000000006026b44        0xc 
 SLPROG         0x0000000006026b50       0x88 ../../Compiler/SGL_302j/LIB_COFF/LIBSGL.A(sglD17.o)
                0x0000000006026b50                DMA_ScuStart
 *fill*         0x0000000006026bd8        0x8 
 SLPROG         0x0000000006026be0       0x34 ../../Compiler/SGL_302j/LIB_COFF/LIBSGL.A(sglD18.o)
                0x0000000006026be0                DMA_ScuGetStatus
 *fill*         0x0000000006026c14        0xc 
 SLPROG         0x0000000006026c20       0x4e ../../Compiler/SGL_302j/LIB_COFF/LIBSGL.A(sglF00.o)
                0x0000000006026c20                slCurScrn
                0x0000000006026c30                slCurColor
                0x0000000006026c3a                slLocate
                0x0000000006026c6c                CurrentScreen
 *fill*         0x0000000006026c6e        0x2 
 SLPROG         0x0000000006026c70       0x1c ../../Compiler/SGL_302j/LIB_COFF/LIBSGL.A(sglF05.o)
                0x0000000006026c70                slPrint
 *fill*         0x0000000006026c8c        0x4 
 SLPROG         0x0000000006026c90      0xfc8 ../../Compiler/SGL_302j/LIB_COFF/LIBSGL.A(sglH00.o)
                0x0000000006026ca8                slGetPortDir1
                0x0000000006026cb0                slGetPortDir2
                0x0000000006026cb8                slSetPortDir1
                0x0000000006026ce2                slSetPortDir2
                0x0000000006026d1c                slGetPortData1
                0x0000000006026d24                slGetPortData2
                0x0000000006026d2c                slSetPortData1
                0x0000000006026d36                slSetPortData2
                0x0000000006026d48                slGetPortSelect1
                0x0000000006026d52                slGetPortSelect2
                0x0000000006026d5c                slSetPortSelect1
                0x0000000006026d90                slSetPortSelect2
                0x0000000006026dcc                slGetPortExt1
                0x0000000006026dd6                slGetPortExt2
                0x0000000006026de0                slSetPortExt1
                0x0000000006026e10                slSetPortExt2
                0x0000000006026f84                slSmpcDirectAccess
                0x0000000006027004                slInitPeripheral
                0x0000000006027096                slSetResultBuffer
                0x0000000006027122                slCheckIntBackSet
                0x000000000602712e                slIntBackCancel
                0x0000000006027158                slCheckReset
                0x0000000006027162                slClearReset
                0x0000000006027328                slSmpcCashSend
                0x00000000060273e4                slSmpcCashBlow
                0x00000000060274c0                slGetOptimize
                0x00000000060274ca                slSetOptimize
                0x00000000060274f0                slGetPortMode1
                0x00000000060274fc                slGetPortMode2
                0x000000000602750a                slSetPortMode1
                0x0000000006027548                slSetPortMode2
                0x00000000060276d4                slRequestCommand
                0x0000000006027744                Smpc_Status
                0x0000000006027748                Smpc_Result
                0x000000000602774c                Smpc_Peripheral
                0x0000000006027752                Per_Connect1
                0x0000000006027753                Per_Connect2
                0x0000000006027774                SmpcStatusBuf
 *fill*         0x0000000006027c58        0x8 
 SLPROG         0x0000000006027c60       0xa8 ../../Compiler/SGL_302j/LIB_COFF/LIBSGL.A(sglH01.o)
                0x0000000006027c60                slGetLanguage
                0x0000000006027c6a                slSetLanguage
                0x0000000006027c8c                slGetSoundEffect
                0x0000000006027c98                slSetSoundEffect
                0x0000000006027cb4                slGetSoundOutput
                0x0000000006027cc0                slSetSoundOutput
                0x0000000006027cdc                slGetHelpWindow
                0x0000000006027ce8                slSetHelpWindow
 *fill*         0x0000000006027d08        0x8 
 SLPROG         0x0000000006027d10      0x470 ../../Compiler/SGL_302j/LIB_COFF/LIBSGL.A(sglH02.o)
                0x0000000006028100                smpc_pfr_tbl
                0x0000000006028140                smpc_ptf_tbl
 SLPROG         0x0000000006028180       0x60 ../../Compiler/SGL_302j/LIB_COFF/LIBSGL.A(sglH04.o)
                0x0000000006028180                slComPrmIntBack
                0x0000000006028194                slComPrmSetMemory
                0x00000000060281aa                slComPrmSetTime
 SLPROG         0x00000000060281e0      0x3a4 ../../Compiler/SGL_302j/LIB_COFF/LIBSGL.A(sglI01.o)
                0x00000000060281e0                slInitSynch
                0x00000000060281fa                slSynch
                0x00000000060282f0                slRandom
                0x000000000602830e                PCM_EndCheck
                0x00000000060283ca                RetPCMBuf
                0x0000000006028464                PCM_Buf
                0x0000000006028504                Sound_Buf
 *fill*         0x0000000006028584        0xc 
 SLPROG         0x0000000006028590       0x74 ../../Compiler/SGL_302j/LIB_COFF/LIBSGL.A(sglJ00.o)
                0x0000000006028590                InitSlaveSH
                0x00000000060285f8                SlaveCommand
 *fill*         0x0000000006028604        0xc 
 SLPROG         0x0000000006028610      0x3d0 ../../Compiler/SGL_302j/LIB_COFF/LIBSGL.A(sglJ01.o)
                0x0000000006028610                SlaveControl
                0x00000000060289cc                ErasePolygonData
 SLPROG         0x00000000060289e0     0x12b8 ../../Compiler/SGL_302j/LIB_COFF/LIBSGL.A(sglJ02.o)
                0x00000000060289e0                sbMakePolygon
                0x0000000006028bc8                sbCalcPolygon
                0x0000000006029900                SetTexture
                0x000000000602990c                SetPolygon
                0x0000000006029914                SetPosition
                0x000000000602994c                stvtc_4
                0x0000000006029a04                stvtc_3
                0x0000000006029c14                stvtc_1
                0x0000000006029c28                stvtc_2
                0x0000000006029c3c                stvtc_0
 *fill*         0x0000000006029c98        0x8 
 SLPROG         0x0000000006029ca0      0x140 ../../Compiler/SGL_302j/LIB_COFF/LIBSGL.A(sglJ03.o)
                0x0000000006029ca0                sbMakeDMATable
 SLPROG         0x0000000006029de0      0x470 ../../Compiler/SGL_302j/LIB_COFF/LIBSGL.A(sglJ04.o)
                0x0000000006029e3e                sbMakeSprite
                0x0000000006029ea4                sbMakeRotSprite
 SLPROG         0x000000000602a250       0x3c ../../Compiler/SGL_302j/LIB_COFF/LIBSGL.A(sglJ05.o)
                0x000000000602a250                sbSortEntry
 *fill*         0x000000000602a28c        0x4 
 SLPROG         0x000000000602a290       0x6a ../../Compiler/SGL_302j/LIB_COFF/LIBSGL.A(sglM01.o)
                0x000000000602a290                slSetDepthLimit
                0x000000000602a2bc                slSetDepthTbl
                0x000000000602a2ec                DepthWorkArea
 *fill*         0x000000000602a2fa        0x6 
 SLPROG         0x000000000602a300       0x20 ../../Compiler/SGL_302j/LIB_COFF/LIBSGL.A(sglA00.o)
                0x000000000602a300                set_imask
                0x000000000602a300                _builtin_set_imask
                0x000000000602a314                get_imask
                0x000000000602a314                _builtin_get_imask
 SLPROG         0x000000000602a320     0x411e ../../Compiler/SGL_302j/LIB_COFF/LIBSGL.A(sglA01.o)
                0x000000000602a320                slSin
                0x000000000602a344                slCos
                0x000000000602a368                GetSinCos
                0x000000000602a3fc                sin_cos_index_tbl
                0x000000000602a43c                sin_tbl
 *fill*         0x000000000602e43e        0x2 
 SLPROG         0x000000000602e440      0xbd0 ../../Compiler/SGL_302j/LIB_COFF/LIBSGL.A(sglB000.o)
                0x000000000602e440                slInitScroll
                0x000000000602e560                setASC_1to8
                0x000000000602e590                setASC_4to8
                0x000000000602e6a0                TVSizeTbl
                0x000000000602e720                TVModeTbl
                0x000000000602e8f8                SGL_ASCII_CG
 SLPROG         0x000000000602f010       0xd4 ../../Compiler/SGL_302j/LIB_COFF/LIBSGL.A(sglB035.o)
                0x000000000602f010                sl1MapRA
                0x000000000602f0a2                rbank_set
 *fill*         0x000000000602f0e4        0xc 
 SLPROG         0x000000000602f0f0      0x134 ../../Compiler/SGL_302j/LIB_COFF/LIBSGL.A(sglC00.o)
                0x000000000602f0f0                slInitSprite
 *fill*         0x000000000602f224        0xc 
 SLPROG         0x000000000602f230      0x75c ../../Compiler/SGL_302j/LIB_COFF/LIBSGL.A(sglI00.o)
                0x000000000602f520                slInitInterrupt
 *fill*         0x000000000602f98c        0x4 
 SLPROG         0x000000000602f990       0xf0 ../../Compiler/SGL_302j/LIB_COFF/LIBSGL.A(sglH03.o)
                0x000000000602f9f4                slSmpcIntBack
                0x000000000602fa80                __slprog_end = .

.tors           0x000000000602fa80        0x0
                0x000000000602fa80                ___ctors = .
 *(.ctors)
                0x000000000602fa80                ___ctors_end = .
                0x000000000602fa80                ___dtors = .
 *(.dtors)
                0x000000000602fa80                ___dtors_end = .

.data           0x000000000602fa80      0x624
 *(.data)
 .data          0x000000000602fa80        0x0 ../../Compiler/SGL_302j/LIB_COFF/SGLAREA.O
 .data          0x000000000602fa80        0xc /tmp/ccHx2ljW.ltrans0.ltrans.o
 *fill*         0x000000000602fa8c        0x4 
 .data          0x000000000602fa90        0x0 ../../Compiler/SGL_302j/LIB_COFF/SEGA_SYS.A(sys_exit.o)
 .data          0x000000000602fa90        0x0 ../../Compiler/SGL_302j/LIB_COFF/SEGA_SYS.A(sys_sub.o)
 .data          0x000000000602fa90        0x0 ../../Compiler/SGL_302j/LIB_COFF/LIBCD.A(CDC_CMN.O)
 .data          0x000000000602fa90        0x0 ../../Compiler/SGL_302j/LIB_COFF/LIBCD.A(CDC_CFS.O)
 .data          0x000000000602fa90        0x0 ../../Compiler/SGL_302j/LIB_COFF/LIBCD.A(CDC_REG.O)
 .data          0x000000000602fa90        0x0 ../../Compiler/SGL_302j/LIB_COFF/LIBCD.A(CDC_SUB.O)
 .data          0x000000000602fa90        0x0 ../../Compiler/SGL_302j/LIB_COFF/LIBCD.A(GFS.O)
 .data          0x000000000602fa90        0x0 ../../Compiler/SGL_302j/LIB_COFF/LIBCD.A(GFS_BUF.O)
 .data          0x000000000602fa90        0x0 ../../Compiler/SGL_302j/LIB_COFF/LIBCD.A(GFS_CDB.O)
 .data          0x000000000602fa90        0x0 ../../Compiler/SGL_302j/LIB_COFF/LIBCD.A(GFS_CDC.O)
 .data          0x000000000602fa90        0x0 ../../Compiler/SGL_302j/LIB_COFF/LIBCD.A(GFS_CDF.O)
 .data          0x000000000602fa90        0x0 ../../Compiler/SGL_302j/LIB_COFF/LIBCD.A(GFS_DIR.O)
 .data          0x000000000602fa90        0x0 ../../Compiler/SGL_302j/LIB_COFF/LIBCD.A(GFS_TRN.O)
 .data          0x000000000602fa90        0x0 ../../Compiler/SGL_302j/LIB_COFF/LIBCD.A(CDC_DRV.O)
 .data          0x000000000602fa90        0x0 ../../Compiler/SGL_302j/LIB_COFF/LIBCD.A(CDC_DEV.O)
 .data          0x000000000602fa90        0x0 ../../Compiler/SGL_302j/LIB_COFF/LIBCD.A(CDC_SEL.O)
 .data          0x000000000602fa90        0x0 ../../Compiler/SGL_302j/LIB_COFF/LIBCD.A(CDC_BIF.O)
 .data          0x000000000602fa90        0x0 ../../Compiler/SGL_302j/LIB_COFF/LIBCD.A(CDC_BIO.O)
 .data          0x000000000602fa90        0x0 ../../Compiler/SGL_302j/LIB_COFF/LIBSGL.A(sglA15.o)
 .data          0x000000000602fa90        0x0 ../../Compiler/SGL_302j/LIB_COFF/LIBSGL.A(sglA20.o)
 .data          0x000000000602fa90        0x0 ../../Compiler/SGL_302j/LIB_COFF/LIBSGL.A(sglA21.o)
 .data          0x000000000602fa90        0x0 ../../Compiler/SGL_302j/LIB_COFF/LIBSGL.A(sglA27.o)
 .data          0x000000000602fa90        0x0 ../../Compiler/SGL_302j/LIB_COFF/LIBSGL.A(sglB001.o)
 .data          0x000000000602fa90        0x0 ../../Compiler/SGL_302j/LIB_COFF/LIBSGL.A(sglB011.o)
 .data          0x000000000602fa90        0x0 ../../Compiler/SGL_302j/LIB_COFF/LIBSGL.A(sglB015.o)
 .data          0x000000000602fa90        0x0 ../../Compiler/SGL_302j/LIB_COFF/LIBSGL.A(sglB016.o)
 .data          0x000000000602fa90        0x0 ../../Compiler/SGL_302j/LIB_COFF/LIBSGL.A(sglB032.o)
 .data          0x000000000602fa90        0x0 ../../Compiler/SGL_302j/LIB_COFF/LIBSGL.A(sglB053.o)
 .data          0x000000000602fa90        0x0 ../../Compiler/SGL_302j/LIB_COFF/LIBSGL.A(sglB056.o)
 .data          0x000000000602fa90        0x0 ../../Compiler/SGL_302j/LIB_COFF/LIBSGL.A(sglB063.o)
 .data          0x000000000602fa90        0x0 ../../Compiler/SGL_302j/LIB_COFF/LIBSGL.A(sglB200.o)
 .data          0x000000000602fa90        0x0 ../../Compiler/SGL_302j/LIB_COFF/LIBSGL.A(sglC05.o)
 .data          0x000000000602fa90        0x0 ../../Compiler/SGL_302j/LIB_COFF/LIBSGL.A(sglC06.o)
 .data          0x000000000602fa90        0x0 ../../Compiler/SGL_302j/LIB_COFF/LIBSGL.A(sglC07.o)
 .data          0x000000000602fa90        0x0 ../../Compiler/SGL_302j/LIB_COFF/LIBSGL.A(sglC08.o)
 .data          0x000000000602fa90        0x0 ../../Compiler/SGL_302j/LIB_COFF/LIBSGL.A(sglC20.o)
 .data          0x000000000602fa90        0x0 ../../Compiler/SGL_302j/LIB_COFF/LIBSGL.A(sglD00.o)
 .data          0x000000000602fa90        0x0 ../../Compiler/SGL_302j/LIB_COFF/LIBSGL.A(sglD01.o)
 .data          0x000000000602fa90        0x0 ../../Compiler/SGL_302j/LIB_COFF/LIBSGL.A(sglD03.o)
 .data          0x000000000602fa90        0x0 ../../Compiler/SGL_302j/LIB_COFF/LIBSGL.A(sglD15.o)
 .data          0x000000000602fa90        0x0 ../../Compiler/SGL_302j/LIB_COFF/LIBSGL.A(sglD16.o)
 .data          0x000000000602fa90        0x0 ../../Compiler/SGL_302j/LIB_COFF/LIBSGL.A(sglD17.o)
 .data          0x000000000602fa90        0x0 ../../Compiler/SGL_302j/LIB_COFF/LIBSGL.A(sglD18.o)
 .data          0x000000000602fa90        0x0 ../../Compiler/SGL_302j/LIB_COFF/LIBSGL.A(sglF00.o)
 .data          0x000000000602fa90        0x0 ../../Compiler/SGL_302j/LIB_COFF/LIBSGL.A(sglF05.o)
 .data          0x000000000602fa90        0x0 ../../Compiler/SGL_302j/LIB_COFF/LIBSGL.A(sglH00.o)
 .data          0x000000000602fa90        0x0 ../../Compiler/SGL_302j/LIB_COFF/LIBSGL.A(sglH01.o)
 .data          0x000000000602fa90        0x0 ../../Compiler/SGL_302j/LIB_COFF/LIBSGL.A(sglH02.o)
 .data          0x000000000602fa90        0x0 ../../Compiler/SGL_302j/LIB_COFF/LIBSGL.A(sglH04.o)
 .data          0x000000000602fa90        0x0 ../../Compiler/SGL_302j/LIB_COFF/LIBSGL.A(sglI01.o)
 .data          0x000000000602fa90       0x80 ../../Compiler/SGL_302j/LIB_COFF/LIBSGL.A(sglIc0.o)
                0x000000000602fa90                IntPrioMask
 .data          0x000000000602fb10        0x0 ../../Compiler/SGL_302j/LIB_COFF/LIBSGL.A(sglJ00.o)
 .data          0x000000000602fb10        0x0 ../../Compiler/SGL_302j/LIB_COFF/LIBSGL.A(sglJ01.o)
 .data          0x000000000602fb10        0x0 ../../Compiler/SGL_302j/LIB_COFF/LIBSGL.A(sglJ02.o)
 .data          0x000000000602fb10        0x0 ../../Compiler/SGL_302j/LIB_COFF/LIBSGL.A(sglJ03.o)
 .data          0x000000000602fb10        0x0 ../../Compiler/SGL_302j/LIB_COFF/LIBSGL.A(sglJ04.o)
 .data          0x000000000602fb10        0x0 ../../Compiler/SGL_302j/LIB_COFF/LIBSGL.A(sglJ05.o)
 .data          0x000000000602fb10        0x0 ../../Compiler/SGL_302j/LIB_COFF/LIBSGL.A(sglK01.o)
 .data          0x000000000602fb10        0x0 ../../Compiler/SGL_302j/LIB_COFF/LIBSGL.A(sglM01.o)
 .data          0x000000000602fb10        0x0 ../../Compiler/SGL_302j/LIB_COFF/LIBSGL.A(sglA00.o)
 .data          0x000000000602fb10        0x0 ../../Compiler/SGL_302j/LIB_COFF/LIBSGL.A(sglA01.o)
 .data          0x000000000602fb10        0x0 ../../Compiler/SGL_302j/LIB_COFF/LIBSGL.A(sglB000.o)
 .data          0x000000000602fb10        0x0 ../../Compiler/SGL_302j/LIB_COFF/LIBSGL.A(sglB035.o)
 .data          0x000000000602fb10        0x0 ../../Compiler/SGL_302j/LIB_COFF/LIBSGL.A(sglC00.o)
 .data          0x000000000602fb10        0x0 ../../Compiler/SGL_302j/LIB_COFF/LIBSGL.A(sglI00.o)
 .data          0x000000000602fb10        0x0 ../../Compiler/SGL_302j/LIB_COFF/LIBSGL.A(sglH03.o)
 .data          0x000000000602fb10        0x0 /home/sansigolo/Documents/joengine/Compiler/SH_NONE_ELF/bin/../lib/gcc/sh-none-elf/8.2.0/libgcc.a(_ashiftrt.o)
 .data          0x000000000602fb10        0x0 /home/sansigolo/Documents/joengine/Compiler/SH_NONE_ELF/bin/../lib/gcc/sh-none-elf/8.2.0/libgcc.a(_sdivsi3.o)
 .data          0x000000000602fb10        0x0 /home/sansigolo/Documents/joengine/Compiler/SH_NONE_ELF/bin/../lib/gcc/sh-none-elf/8.2.0/libgcc.a(_udivsi3.o)
 .data          0x000000000602fb10        0x0 /home/sansigolo/Documents/joengine/Compiler/SH_NONE_ELF/bin/../lib/gcc/sh-none-elf/8.2.0/libgcc.a(_mul_sf.o)
 .data          0x000000000602fb10        0x0 /home/sansigolo/Documents/joengine/Compiler/SH_NONE_ELF/bin/../lib/gcc/sh-none-elf/8.2.0/libgcc.a(_div_sf.o)
 .data          0x000000000602fb10        0x0 /home/sansigolo/Documents/joengine/Compiler/SH_NONE_ELF/bin/../lib/gcc/sh-none-elf/8.2.0/libgcc.a(_sf_to_si.o)
 .data          0x000000000602fb10        0x0 /home/sansigolo/Documents/joengine/Compiler/SH_NONE_ELF/bin/../lib/gcc/sh-none-elf/8.2.0/libgcc.a(_thenan_sf.o)
 .data          0x000000000602fb10        0x0 /home/sansigolo/Documents/joengine/Compiler/SH_NONE_ELF/bin/../lib/gcc/sh-none-elf/8.2.0/libgcc.a(_usi_to_sf.o)
 .data          0x000000000602fb10        0x0 /home/sansigolo/Documents/joengine/Compiler/SH_NONE_ELF/bin/../lib/gcc/sh-none-elf/8.2.0/libgcc.a(_pack_sf.o)
 .data          0x000000000602fb10        0x0 /home/sansigolo/Documents/joengine/Compiler/SH_NONE_ELF/bin/../lib/gcc/sh-none-elf/8.2.0/libgcc.a(_unpack_sf.o)
 .data          0x000000000602fb10        0x0 /home/sansigolo/Documents/joengine/Compiler/SH_NONE_ELF/bin/../lib/gcc/sh-none-elf/8.2.0/../../../../sh-none-elf/lib/libc.a(lib_a-memcmp.o)
 .data          0x000000000602fb10        0x0 /home/sansigolo/Documents/joengine/Compiler/SH_NONE_ELF/bin/../lib/gcc/sh-none-elf/8.2.0/../../../../sh-none-elf/lib/libc.a(lib_a-memcpy.o)
 .data          0x000000000602fb10        0x0 /home/sansigolo/Documents/joengine/Compiler/SH_NONE_ELF/bin/../lib/gcc/sh-none-elf/8.2.0/../../../../sh-none-elf/lib/libc.a(lib_a-memset.o)
 .data          0x000000000602fb10        0x0 /home/sansigolo/Documents/joengine/Compiler/SH_NONE_ELF/bin/../lib/gcc/sh-none-elf/8.2.0/../../../../sh-none-elf/lib/libc.a(lib_a-sprintf.o)
 .data          0x000000000602fb10        0x0 /home/sansigolo/Documents/joengine/Compiler/SH_NONE_ELF/bin/../lib/gcc/sh-none-elf/8.2.0/../../../../sh-none-elf/lib/libc.a(lib_a-strncmp.o)
 .data          0x000000000602fb10        0x0 /home/sansigolo/Documents/joengine/Compiler/SH_NONE_ELF/bin/../lib/gcc/sh-none-elf/8.2.0/../../../../sh-none-elf/lib/libc.a(lib_a-strncpy.o)
 .data          0x000000000602fb10        0x0 /home/sansigolo/Documents/joengine/Compiler/SH_NONE_ELF/bin/../lib/gcc/sh-none-elf/8.2.0/../../../../sh-none-elf/lib/libc.a(lib_a-svfprintf.o)
 .data          0x000000000602fb10        0x0 /home/sansigolo/Documents/joengine/Compiler/SH_NONE_ELF/bin/../lib/gcc/sh-none-elf/8.2.0/../../../../sh-none-elf/lib/libc.a(lib_a-dtoa.o)
 .data          0x000000000602fb10      0x428 /home/sansigolo/Documents/joengine/Compiler/SH_NONE_ELF/bin/../lib/gcc/sh-none-elf/8.2.0/../../../../sh-none-elf/lib/libc.a(lib_a-impure.o)
                0x000000000602fb10                _impure_ptr
 .data          0x000000000602ff38        0x0 /home/sansigolo/Documents/joengine/Compiler/SH_NONE_ELF/bin/../lib/gcc/sh-none-elf/8.2.0/../../../../sh-none-elf/lib/libc.a(lib_a-localeconv.o)
 .data          0x000000000602ff38      0x16c /home/sansigolo/Documents/joengine/Compiler/SH_NONE_ELF/bin/../lib/gcc/sh-none-elf/8.2.0/../../../../sh-none-elf/lib/libc.a(lib_a-locale.o)
                0x000000000602ff38                __global_locale
 .data          0x00000000060300a4        0x0 /home/sansigolo/Documents/joengine/Compiler/SH_NONE_ELF/bin/../lib/gcc/sh-none-elf/8.2.0/../../../../sh-none-elf/lib/libc.a(lib_a-mbtowc_r.o)
 .data          0x00000000060300a4        0x0 /home/sansigolo/Documents/joengine/Compiler/SH_NONE_ELF/bin/../lib/gcc/sh-none-elf/8.2.0/../../../../sh-none-elf/lib/libc.a(lib_a-memchr.o)
 .data          0x00000000060300a4        0x0 /home/sansigolo/Documents/joengine/Compiler/SH_NONE_ELF/bin/../lib/gcc/sh-none-elf/8.2.0/../../../../sh-none-elf/lib/libc.a(lib_a-mprec.o)
 .data          0x00000000060300a4        0x0 /home/sansigolo/Documents/joengine/Compiler/SH_NONE_ELF/bin/../lib/gcc/sh-none-elf/8.2.0/../../../../sh-none-elf/lib/libc.a(lib_a-nano-callocr.o)
 .data          0x00000000060300a4        0x0 /home/sansigolo/Documents/joengine/Compiler/SH_NONE_ELF/bin/../lib/gcc/sh-none-elf/8.2.0/../../../../sh-none-elf/lib/libc.a(lib_a-nano-mallocr.o)
 .data          0x00000000060300a4        0x0 /home/sansigolo/Documents/joengine/Compiler/SH_NONE_ELF/bin/../lib/gcc/sh-none-elf/8.2.0/../../../../sh-none-elf/lib/libc.a(lib_a-sbrkr.o)
 .data          0x00000000060300a4        0x0 /home/sansigolo/Documents/joengine/Compiler/SH_NONE_ELF/bin/../lib/gcc/sh-none-elf/8.2.0/../../../../sh-none-elf/lib/libc.a(lib_a-strcmp.o)
 .data          0x00000000060300a4        0x0 /home/sansigolo/Documents/joengine/Compiler/SH_NONE_ELF/bin/../lib/gcc/sh-none-elf/8.2.0/../../../../sh-none-elf/lib/libc.a(lib_a-strlen.o)
 .data          0x00000000060300a4        0x0 /home/sansigolo/Documents/joengine/Compiler/SH_NONE_ELF/bin/../lib/gcc/sh-none-elf/8.2.0/../../../../sh-none-elf/lib/libc.a(lib_a-svfiprintf.o)
 .data          0x00000000060300a4        0x0 /home/sansigolo/Documents/joengine/Compiler/SH_NONE_ELF/bin/../lib/gcc/sh-none-elf/8.2.0/../../../../sh-none-elf/lib/libc.a(lib_a-syscalls.o)
 .data          0x00000000060300a4        0x0 /home/sansigolo/Documents/joengine/Compiler/SH_NONE_ELF/bin/../lib/gcc/sh-none-elf/8.2.0/../../../../sh-none-elf/lib/libc.a(lib_a-trap.o)
 .data          0x00000000060300a4        0x0 /home/sansigolo/Documents/joengine/Compiler/SH_NONE_ELF/bin/../lib/gcc/sh-none-elf/8.2.0/../../../../sh-none-elf/lib/libc.a(lib_a-wctomb_r.o)
 .data          0x00000000060300a4        0x0 /home/sansigolo/Documents/joengine/Compiler/SH_NONE_ELF/bin/../lib/gcc/sh-none-elf/8.2.0/../../../../sh-none-elf/lib/libc.a(lib_a-abort.o)
 .data          0x00000000060300a4        0x0 /home/sansigolo/Documents/joengine/Compiler/SH_NONE_ELF/bin/../lib/gcc/sh-none-elf/8.2.0/../../../../sh-none-elf/lib/libc.a(lib_a-ctype_.o)
 .data          0x00000000060300a4        0x0 /home/sansigolo/Documents/joengine/Compiler/SH_NONE_ELF/bin/../lib/gcc/sh-none-elf/8.2.0/../../../../sh-none-elf/lib/libc.a(lib_a-memmove.o)
 .data          0x00000000060300a4        0x0 /home/sansigolo/Documents/joengine/Compiler/SH_NONE_ELF/bin/../lib/gcc/sh-none-elf/8.2.0/../../../../sh-none-elf/lib/libc.a(lib_a-mlock.o)
 .data          0x00000000060300a4        0x0 /home/sansigolo/Documents/joengine/Compiler/SH_NONE_ELF/bin/../lib/gcc/sh-none-elf/8.2.0/../../../../sh-none-elf/lib/libc.a(lib_a-nano-freer.o)
 .data          0x00000000060300a4        0x0 /home/sansigolo/Documents/joengine/Compiler/SH_NONE_ELF/bin/../lib/gcc/sh-none-elf/8.2.0/../../../../sh-none-elf/lib/libc.a(lib_a-nano-reallocr.o)
 .data          0x00000000060300a4        0x0 /home/sansigolo/Documents/joengine/Compiler/SH_NONE_ELF/bin/../lib/gcc/sh-none-elf/8.2.0/../../../../sh-none-elf/lib/libc.a(lib_a-signal.o)
 .data          0x00000000060300a4        0x0 /home/sansigolo/Documents/joengine/Compiler/SH_NONE_ELF/bin/../lib/gcc/sh-none-elf/8.2.0/../../../../sh-none-elf/lib/libc.a(lib_a-signalr.o)
 .data          0x00000000060300a4        0x0 /home/sansigolo/Documents/joengine/Compiler/SH_NONE_ELF/bin/../lib/gcc/sh-none-elf/8.2.0/../../../../sh-none-elf/lib/libc.a(lib_a-nano-msizer.o)
 .data          0x00000000060300a4        0x0 /home/sansigolo/Documents/joengine/Compiler/SH_NONE_ELF/bin/../lib/gcc/sh-none-elf/8.2.0/libgcc.a(_ashiftrt_n.o)
 .data          0x00000000060300a4        0x0 /home/sansigolo/Documents/joengine/Compiler/SH_NONE_ELF/bin/../lib/gcc/sh-none-elf/8.2.0/libgcc.a(_ashiftlt.o)
 .data          0x00000000060300a4        0x0 /home/sansigolo/Documents/joengine/Compiler/SH_NONE_ELF/bin/../lib/gcc/sh-none-elf/8.2.0/libgcc.a(_lshiftrt.o)
 .data          0x00000000060300a4        0x0 /home/sansigolo/Documents/joengine/Compiler/SH_NONE_ELF/bin/../lib/gcc/sh-none-elf/8.2.0/libgcc.a(_udivdi3.o)
 .data          0x00000000060300a4        0x0 /home/sansigolo/Documents/joengine/Compiler/SH_NONE_ELF/bin/../lib/gcc/sh-none-elf/8.2.0/libgcc.a(_umoddi3.o)
 .data          0x00000000060300a4        0x0 /home/sansigolo/Documents/joengine/Compiler/SH_NONE_ELF/bin/../lib/gcc/sh-none-elf/8.2.0/libgcc.a(_addsub_df.o)
 .data          0x00000000060300a4        0x0 /home/sansigolo/Documents/joengine/Compiler/SH_NONE_ELF/bin/../lib/gcc/sh-none-elf/8.2.0/libgcc.a(_mul_df.o)
 .data          0x00000000060300a4        0x0 /home/sansigolo/Documents/joengine/Compiler/SH_NONE_ELF/bin/../lib/gcc/sh-none-elf/8.2.0/libgcc.a(_div_df.o)
 .data          0x00000000060300a4        0x0 /home/sansigolo/Documents/joengine/Compiler/SH_NONE_ELF/bin/../lib/gcc/sh-none-elf/8.2.0/libgcc.a(_eq_df.o)
 .data          0x00000000060300a4        0x0 /home/sansigolo/Documents/joengine/Compiler/SH_NONE_ELF/bin/../lib/gcc/sh-none-elf/8.2.0/libgcc.a(_ne_df.o)
 .data          0x00000000060300a4        0x0 /home/sansigolo/Documents/joengine/Compiler/SH_NONE_ELF/bin/../lib/gcc/sh-none-elf/8.2.0/libgcc.a(_gt_df.o)
 .data          0x00000000060300a4        0x0 /home/sansigolo/Documents/joengine/Compiler/SH_NONE_ELF/bin/../lib/gcc/sh-none-elf/8.2.0/libgcc.a(_ge_df.o)
 .data          0x00000000060300a4        0x0 /home/sansigolo/Documents/joengine/Compiler/SH_NONE_ELF/bin/../lib/gcc/sh-none-elf/8.2.0/libgcc.a(_lt_df.o)
 .data          0x00000000060300a4        0x0 /home/sansigolo/Documents/joengine/Compiler/SH_NONE_ELF/bin/../lib/gcc/sh-none-elf/8.2.0/libgcc.a(_le_df.o)
 .data          0x00000000060300a4        0x0 /home/sansigolo/Documents/joengine/Compiler/SH_NONE_ELF/bin/../lib/gcc/sh-none-elf/8.2.0/libgcc.a(_unord_df.o)
 .data          0x00000000060300a4        0x0 /home/sansigolo/Documents/joengine/Compiler/SH_NONE_ELF/bin/../lib/gcc/sh-none-elf/8.2.0/libgcc.a(_si_to_df.o)
 .data          0x00000000060300a4        0x0 /home/sansigolo/Documents/joengine/Compiler/SH_NONE_ELF/bin/../lib/gcc/sh-none-elf/8.2.0/libgcc.a(_df_to_si.o)
 .data          0x00000000060300a4        0x0 /home/sansigolo/Documents/joengine/Compiler/SH_NONE_ELF/bin/../lib/gcc/sh-none-elf/8.2.0/libgcc.a(_thenan_df.o)
 .data          0x00000000060300a4        0x0 /home/sansigolo/Documents/joengine/Compiler/SH_NONE_ELF/bin/../lib/gcc/sh-none-elf/8.2.0/libgcc.a(_usi_to_df.o)
 .data          0x00000000060300a4        0x0 /home/sansigolo/Documents/joengine/Compiler/SH_NONE_ELF/bin/../lib/gcc/sh-none-elf/8.2.0/libgcc.a(_udiv_qrnnd_16.o)
 .data          0x00000000060300a4        0x0 /home/sansigolo/Documents/joengine/Compiler/SH_NONE_ELF/bin/../lib/gcc/sh-none-elf/8.2.0/libgcc.a(_clz.o)
 .data          0x00000000060300a4        0x0 /home/sansigolo/Documents/joengine/Compiler/SH_NONE_ELF/bin/../lib/gcc/sh-none-elf/8.2.0/libgcc.a(_clzsi2.o)
 .data          0x00000000060300a4        0x0 /home/sansigolo/Documents/joengine/Compiler/SH_NONE_ELF/bin/../lib/gcc/sh-none-elf/8.2.0/libgcc.a(_pack_df.o)
 .data          0x00000000060300a4        0x0 /home/sansigolo/Documents/joengine/Compiler/SH_NONE_ELF/bin/../lib/gcc/sh-none-elf/8.2.0/libgcc.a(_unpack_df.o)
 .data          0x00000000060300a4        0x0 /home/sansigolo/Documents/joengine/Compiler/SH_NONE_ELF/bin/../lib/gcc/sh-none-elf/8.2.0/libgcc.a(_fpcmp_parts_df.o)
                0x00000000060300a4                __edata = .

.bss            0x00000000060300b0    0x82f1c
                0x00000000060300b0                __bstart = .
 *(.bss)
 .bss           0x00000000060300b0        0x0 ../../Compiler/SGL_302j/LIB_COFF/SGLAREA.O
 .bss           0x00000000060300b0    0x82ea0 /tmp/ccHx2ljW.ltrans0.ltrans.o
 .bss           0x00000000060b2f50        0x4 ../../Compiler/SGL_302j/LIB_COFF/SEGA_SYS.A(sys_exit.o)
 *fill*         0x00000000060b2f54        0xc 
 .bss           0x00000000060b2f60        0x0 ../../Compiler/SGL_302j/LIB_COFF/SEGA_SYS.A(sys_sub.o)
 .bss           0x00000000060b2f60        0x0 ../../Compiler/SGL_302j/LIB_COFF/LIBCD.A(CDC_CMN.O)
 .bss           0x00000000060b2f60        0x0 ../../Compiler/SGL_302j/LIB_COFF/LIBCD.A(CDC_CFS.O)
 .bss           0x00000000060b2f60        0x2 ../../Compiler/SGL_302j/LIB_COFF/LIBCD.A(CDC_REG.O)
 *fill*         0x00000000060b2f62        0xe 
 .bss           0x00000000060b2f70        0xc ../../Compiler/SGL_302j/LIB_COFF/LIBCD.A(CDC_SUB.O)
 *fill*         0x00000000060b2f7c        0x4 
 .bss           0x00000000060b2f80        0x0 ../../Compiler/SGL_302j/LIB_COFF/LIBCD.A(GFS.O)
 .bss           0x00000000060b2f80        0x0 ../../Compiler/SGL_302j/LIB_COFF/LIBCD.A(GFS_BUF.O)
 .bss           0x00000000060b2f80        0x0 ../../Compiler/SGL_302j/LIB_COFF/LIBCD.A(GFS_CDB.O)
 .bss           0x00000000060b2f80        0x0 ../../Compiler/SGL_302j/LIB_COFF/LIBCD.A(GFS_CDC.O)
 .bss           0x00000000060b2f80        0x0 ../../Compiler/SGL_302j/LIB_COFF/LIBCD.A(GFS_CDF.O)
 .bss           0x00000000060b2f80        0x0 ../../Compiler/SGL_302j/LIB_COFF/LIBCD.A(GFS_DIR.O)
 .bss           0x00000000060b2f80        0xc ../../Compiler/SGL_302j/LIB_COFF/LIBCD.A(GFS_TRN.O)
 *fill*         0x00000000060b2f8c        0x4 
 .bss           0x00000000060b2f90        0x0 ../../Compiler/SGL_302j/LIB_COFF/LIBCD.A(CDC_DRV.O)
 .bss           0x00000000060b2f90        0x0 ../../Compiler/SGL_302j/LIB_COFF/LIBCD.A(CDC_DEV.O)
 .bss           0x00000000060b2f90        0x0 ../../Compiler/SGL_302j/LIB_COFF/LIBCD.A(CDC_SEL.O)
 .bss           0x00000000060b2f90        0x0 ../../Compiler/SGL_302j/LIB_COFF/LIBCD.A(CDC_BIF.O)
 .bss           0x00000000060b2f90        0x0 ../../Compiler/SGL_302j/LIB_COFF/LIBCD.A(CDC_BIO.O)
 .bss           0x00000000060b2f90        0x0 ../../Compiler/SGL_302j/LIB_COFF/LIBSGL.A(sglA15.o)
 .bss           0x00000000060b2f90        0x0 ../../Compiler/SGL_302j/LIB_COFF/LIBSGL.A(sglA20.o)
 .bss           0x00000000060b2f90        0x0 ../../Compiler/SGL_302j/LIB_COFF/LIBSGL.A(sglA21.o)
 .bss           0x00000000060b2f90        0x0 ../../Compiler/SGL_302j/LIB_COFF/LIBSGL.A(sglA27.o)
 .bss           0x00000000060b2f90        0x0 ../../Compiler/SGL_302j/LIB_COFF/LIBSGL.A(sglB001.o)
 .bss           0x00000000060b2f90        0x0 ../../Compiler/SGL_302j/LIB_COFF/LIBSGL.A(sglB011.o)
 .bss           0x00000000060b2f90        0x0 ../../Compiler/SGL_302j/LIB_COFF/LIBSGL.A(sglB015.o)
 .bss           0x00000000060b2f90        0x0 ../../Compiler/SGL_302j/LIB_COFF/LIBSGL.A(sglB016.o)
 .bss           0x00000000060b2f90        0x0 ../../Compiler/SGL_302j/LIB_COFF/LIBSGL.A(sglB032.o)
 .bss           0x00000000060b2f90        0x0 ../../Compiler/SGL_302j/LIB_COFF/LIBSGL.A(sglB053.o)
 .bss           0x00000000060b2f90        0x0 ../../Compiler/SGL_302j/LIB_COFF/LIBSGL.A(sglB056.o)
 .bss           0x00000000060b2f90        0x0 ../../Compiler/SGL_302j/LIB_COFF/LIBSGL.A(sglB063.o)
 .bss           0x00000000060b2f90        0x0 ../../Compiler/SGL_302j/LIB_COFF/LIBSGL.A(sglB200.o)
 .bss           0x00000000060b2f90        0x0 ../../Compiler/SGL_302j/LIB_COFF/LIBSGL.A(sglC05.o)
 .bss           0x00000000060b2f90        0x0 ../../Compiler/SGL_302j/LIB_COFF/LIBSGL.A(sglC06.o)
 .bss           0x00000000060b2f90        0x0 ../../Compiler/SGL_302j/LIB_COFF/LIBSGL.A(sglC07.o)
 .bss           0x00000000060b2f90        0x0 ../../Compiler/SGL_302j/LIB_COFF/LIBSGL.A(sglC08.o)
 .bss           0x00000000060b2f90        0x0 ../../Compiler/SGL_302j/LIB_COFF/LIBSGL.A(sglC20.o)
 .bss           0x00000000060b2f90        0x0 ../../Compiler/SGL_302j/LIB_COFF/LIBSGL.A(sglD00.o)
 .bss           0x00000000060b2f90        0x0 ../../Compiler/SGL_302j/LIB_COFF/LIBSGL.A(sglD01.o)
 .bss           0x00000000060b2f90        0x0 ../../Compiler/SGL_302j/LIB_COFF/LIBSGL.A(sglD03.o)
 .bss           0x00000000060b2f90        0x0 ../../Compiler/SGL_302j/LIB_COFF/LIBSGL.A(sglD15.o)
 .bss           0x00000000060b2f90        0x0 ../../Compiler/SGL_302j/LIB_COFF/LIBSGL.A(sglD16.o)
 .bss           0x00000000060b2f90        0x0 ../../Compiler/SGL_302j/LIB_COFF/LIBSGL.A(sglD17.o)
 .bss           0x00000000060b2f90        0x0 ../../Compiler/SGL_302j/LIB_COFF/LIBSGL.A(sglD18.o)
 .bss           0x00000000060b2f90        0x0 ../../Compiler/SGL_302j/LIB_COFF/LIBSGL.A(sglF00.o)
 .bss           0x00000000060b2f90        0x0 ../../Compiler/SGL_302j/LIB_COFF/LIBSGL.A(sglF05.o)
 .bss           0x00000000060b2f90        0x0 ../../Compiler/SGL_302j/LIB_COFF/LIBSGL.A(sglH00.o)
 .bss           0x00000000060b2f90        0x0 ../../Compiler/SGL_302j/LIB_COFF/LIBSGL.A(sglH01.o)
 .bss           0x00000000060b2f90        0x0 ../../Compiler/SGL_302j/LIB_COFF/LIBSGL.A(sglH02.o)
 .bss           0x00000000060b2f90        0x0 ../../Compiler/SGL_302j/LIB_COFF/LIBSGL.A(sglH04.o)
 .bss           0x00000000060b2f90        0x0 ../../Compiler/SGL_302j/LIB_COFF/LIBSGL.A(sglI01.o)
 .bss           0x00000000060b2f90        0x0 ../../Compiler/SGL_302j/LIB_COFF/LIBSGL.A(sglIc0.o)
 .bss           0x00000000060b2f90        0x0 ../../Compiler/SGL_302j/LIB_COFF/LIBSGL.A(sglJ00.o)
 .bss           0x00000000060b2f90        0x0 ../../Compiler/SGL_302j/LIB_COFF/LIBSGL.A(sglJ01.o)
 .bss           0x00000000060b2f90        0x0 ../../Compiler/SGL_302j/LIB_COFF/LIBSGL.A(sglJ02.o)
 .bss           0x00000000060b2f90        0x0 ../../Compiler/SGL_302j/LIB_COFF/LIBSGL.A(sglJ03.o)
 .bss           0x00000000060b2f90        0x0 ../../Compiler/SGL_302j/LIB_COFF/LIBSGL.A(sglJ04.o)
 .bss           0x00000000060b2f90        0x0 ../../Compiler/SGL_302j/LIB_COFF/LIBSGL.A(sglJ05.o)
 .bss           0x00000000060b2f90        0x0 ../../Compiler/SGL_302j/LIB_COFF/LIBSGL.A(sglK01.o)
 .bss           0x00000000060b2f90        0x0 ../../Compiler/SGL_302j/LIB_COFF/LIBSGL.A(sglM01.o)
 .bss           0x00000000060b2f90        0x0 ../../Compiler/SGL_302j/LIB_COFF/LIBSGL.A(sglA00.o)
 .bss           0x00000000060b2f90        0x0 ../../Compiler/SGL_302j/LIB_COFF/LIBSGL.A(sglA01.o)
 .bss           0x00000000060b2f90        0x0 ../../Compiler/SGL_302j/LIB_COFF/LIBSGL.A(sglB000.o)
 .bss           0x00000000060b2f90        0x0 ../../Compiler/SGL_302j/LIB_COFF/LIBSGL.A(sglB035.o)
 .bss           0x00000000060b2f90        0x0 ../../Compiler/SGL_302j/LIB_COFF/LIBSGL.A(sglC00.o)