Archive member included to satisfy reference by file (symbol)

../../Compiler/SGL_302j/LIB_COFF/SEGA_SYS.A(sys_exit.o)
                              ../../jo_engine/core.o (symbol from plugin) (SYS_Exit)
../../Compiler/SGL_302j/LIB_COFF/SEGA_SYS.A(sys_sub.o)
                              ../../Compiler/SGL_302j/LIB_COFF/SEGA_SYS.A(sys_exit.o) (SYSUB_SetStackptr)
../../Compiler/SGL_302j/LIB_COFF/LIBCD.A(CDC_CMN.O)
                              ../../Compiler/SGL_302j/LIB_COFF/SEGA_SYS.A(sys_exit.o) (CDC_GetCurStat)
../../Compiler/SGL_302j/LIB_COFF/LIBCD.A(CDC_CFS.O)
                              ../../Compiler/SGL_302j/LIB_COFF/SEGA_SYS.A(sys_exit.o) (CDC_ChgDir)
../../Compiler/SGL_302j/LIB_COFF/LIBCD.A(CDC_REG.O)
                              ../../Compiler/SGL_302j/LIB_COFF/SEGA_SYS.A(sys_exit.o) (CDC_GetHirqReq)
../../Compiler/SGL_302j/LIB_COFF/LIBCD.A(CDC_SUB.O)
                              ../../Compiler/SGL_302j/LIB_COFF/LIBCD.A(CDC_CMN.O) (CDSUB_UpdStatus)
../../Compiler/SGL_302j/LIB_COFF/LIBCD.A(GFS.O)
                              ../../jo_engine/fs.o (symbol from plugin) (GFS_Init)
../../Compiler/SGL_302j/LIB_COFF/LIBCD.A(GFS_BUF.O)
                              ../../Compiler/SGL_302j/LIB_COFF/LIBCD.A(GFS.O) (GFBF_GetNumData)
../../Compiler/SGL_302j/LIB_COFF/LIBCD.A(GFS_CDB.O)
                              ../../Compiler/SGL_302j/LIB_COFF/LIBCD.A(GFS.O) (GFCB_Close)
../../Compiler/SGL_302j/LIB_COFF/LIBCD.A(GFS_CDC.O)
                              ../../Compiler/SGL_302j/LIB_COFF/LIBCD.A(GFS.O) (GFCD_SetCdbfs)
../../Compiler/SGL_302j/LIB_COFF/LIBCD.A(GFS_CDF.O)
                              ../../Compiler/SGL_302j/LIB_COFF/LIBCD.A(GFS.O) (GFCF_Init)
../../Compiler/SGL_302j/LIB_COFF/LIBCD.A(GFS_DIR.O)
                              ../../Compiler/SGL_302j/LIB_COFF/LIBCD.A(GFS.O) (GFDR_SetupDirTbl)
../../Compiler/SGL_302j/LIB_COFF/LIBCD.A(GFS_TRN.O)
                              ../../Compiler/SGL_302j/LIB_COFF/LIBCD.A(GFS.O) (GFTR_Setup)
../../Compiler/SGL_302j/LIB_COFF/LIBCD.A(CDC_DRV.O)
                              ../../Compiler/SGL_302j/LIB_COFF/LIBCD.A(GFS_CDC.O) (CDC_CdPlay)
../../Compiler/SGL_302j/LIB_COFF/LIBCD.A(CDC_DEV.O)
                              ../../Compiler/SGL_302j/LIB_COFF/LIBCD.A(GFS_CDC.O) (CDC_CdSetCon)
../../Compiler/SGL_302j/LIB_COFF/LIBCD.A(CDC_SEL.O)
                              ../../Compiler/SGL_302j/LIB_COFF/LIBCD.A(GFS_CDC.O) (CDC_SetFiltRange)
../../Compiler/SGL_302j/LIB_COFF/LIBCD.A(CDC_BIF.O)
                              ../../Compiler/SGL_302j/LIB_COFF/LIBCD.A(GFS_CDC.O) (CDC_GetBufSiz)
../../Compiler/SGL_302j/LIB_COFF/LIBCD.A(CDC_BIO.O)
                              ../../Compiler/SGL_302j/LIB_COFF/LIBCD.A(GFS_CDC.O) (CDC_SetSctLen)
../../Compiler/SGL_302j/LIB_COFF/LIBSGL.A(sglA15.o)
                              ../../jo_engine/core.o (symbol from plugin) (slSlaveFunc)
../../Compiler/SGL_302j/LIB_COFF/LIBSGL.A(sglA20.o)
                              ../../jo_engine/core.o (symbol from plugin) (slUnitMatrix)
../../Compiler/SGL_302j/LIB_COFF/LIBSGL.A(sglA21.o)
                              ../../jo_engine/map.o (symbol from plugin) (slPushMatrix)
../../Compiler/SGL_302j/LIB_COFF/LIBSGL.A(sglA27.o)
                              ../../jo_engine/map.o (symbol from plugin) (slTranslate)
../../Compiler/SGL_302j/LIB_COFF/LIBSGL.A(sglB001.o)
                              ../../jo_engine/core.o (symbol from plugin) (slTVOn)
../../Compiler/SGL_302j/LIB_COFF/LIBSGL.A(sglB011.o)
                              ../../jo_engine/core.o (symbol from plugin) (slBitMapNbg1)
../../Compiler/SGL_302j/LIB_COFF/LIBSGL.A(sglB015.o)
                              ../../jo_engine/core.o (symbol from plugin) (slScrAutoDisp)
../../Compiler/SGL_302j/LIB_COFF/LIBSGL.A(sglB016.o)
                              ../../jo_engine/core.o (symbol from plugin) (slBack1ColSet)
../../Compiler/SGL_302j/LIB_COFF/LIBSGL.A(sglB032.o)
                              ../../jo_engine/core.o (symbol from plugin) (slMapNbg1)
../../Compiler/SGL_302j/LIB_COFF/LIBSGL.A(sglB053.o)
                              ../../jo_engine/core.o (symbol from plugin) (slZoomNbg1)
../../Compiler/SGL_302j/LIB_COFF/LIBSGL.A(sglB056.o)
                              ../../jo_engine/core.o (symbol from plugin) (slPlaneNbg1)
../../Compiler/SGL_302j/LIB_COFF/LIBSGL.A(sglB063.o)
                              ../../jo_engine/core.o (symbol from plugin) (slPriority)
../../Compiler/SGL_302j/LIB_COFF/LIBSGL.A(sglB200.o)
                              ../../jo_engine/core.o (symbol from plugin) (slCharNbg0)
../../Compiler/SGL_302j/LIB_COFF/LIBSGL.A(sglC06.o)
                              ../../jo_engine/sprites.o (symbol from plugin) (slDispSprite)
../../Compiler/SGL_302j/LIB_COFF/LIBSGL.A(sglC07.o)
                              ../../jo_engine/sprites.o (symbol from plugin) (slPutSprite)
../../Compiler/SGL_302j/LIB_COFF/LIBSGL.A(sglC08.o)
                              ../../jo_engine/map.o (symbol from plugin) (slPutPolygon)
[...]
Memory Configuration

Name             Origin             Length             Attributes
*default*        0x0000000000000000 0xffffffffffffffff

Linker script and memory map

TARGET(coff-sh)

SLSTART         0x0000000006004000       0x28
                0x0000000006004000                ___Start = .
 *(SLSTART)
 SLSTART        0x0000000006004000       0x28 ../../Compiler/SGL_302j/LIB_COFF/LIBSGL.A(sglI00.o)
                0x0000000006004000                SGL_Start
                0x0000000006004002                slStartSGL

.text           0x0000000006004040     0xea68
 *(.text)
 .text          0x0000000006004040        0x0 ../../Compiler/SGL_302j/LIB_COFF/SGLAREA.O
 .text          0x0000000006004040     0x1cfc /tmp/cci4Qnqx.ltrans0.ltrans.o
 *fill*         0x0000000006005d3c        0x4 
 .text          0x0000000006005d40      0x238 ../../Compiler/SGL_302j/LIB_COFF/SEGA_SYS.A(sys_exit.o)
                0x0000000006005d40                sys_version
                0x0000000006005d60                SYS_Exit
 *fill*         0x0000000006005f78        0x8 
 .text          0x0000000006005f80        0x6 ../../Compiler/SGL_302j/LIB_COFF/SEGA_SYS.A(sys_sub.o)
                0x0000000006005f80                SYSUB_SetStackptr
 *fill*         0x0000000006005f86        0xa 
 .text          0x0000000006005f90      0x3a0 ../../Compiler/SGL_302j/LIB_COFF/LIBCD.A(CDC_CMN.O)
                0x0000000006005f90                CDC_GetCurStat
                0x0000000006005fe0                CDC_GetLastStat
                0x0000000006005ff8                CDC_GetPeriStat
                0x00000000060060cc                CDC_GetHwInfo
                0x0000000006006134                CDC_TgetToc
                0x0000000006006184                CDC_GetSes
                0x00000000060061c0                CDC_CdInit
                0x0000000006006244                CDC_CdOpen
                0x000000000600626c                CDC_DataReady
                0x00000000060062d8                CDC_DataEnd
 .text          0x0000000006006330      0x194 ../../Compiler/SGL_302j/LIB_COFF/LIBCD.A(CDC_CFS.O)
                0x0000000006006330                CDC_ChgDir
                0x0000000006006364                CDC_ReadDir
                0x0000000006006398                CDC_GetFileScope
                0x00000000060063f8                CDC_TgetFileInfo
                0x0000000006006454                CDC_ReadFile
                0x0000000006006488                CDC_AbortFile
 *fill*         0x00000000060064c4        0xc 
 .text          0x00000000060064d0      0x2dc ../../Compiler/SGL_302j/LIB_COFF/LIBCD.A(CDC_REG.O)
                0x00000000060064d0                CDC_GetDataPtr
                0x00000000060064e0                CDC_GetHirqReq
                0x00000000060064f4                CDC_ClrHirqReq
                0x0000000006006524                CDREG_ClrHirqReq
                0x0000000006006534                CDREG_InitHirqReq
                0x000000000600655c                CDREG_SetHirqFlag
                0x0000000006006570                CDC_GetHirqMsk
                0x0000000006006584                CDC_SetHirqMsk
                0x0000000006006594                CDC_GetMpegPtr
                0x00000000060065a4                CDREG_TgetData
                0x0000000006006600                CDREG_CmdRsp
                0x0000000006006700                CDREG_WaitHirq
                0x0000000006006770                CDREG_ReadRsp
 *fill*         0x00000000060067ac        0x4 
 .text          0x00000000060067b0      0x152 ../../Compiler/SGL_302j/LIB_COFF/LIBCD.A(CDC_SUB.O)
                0x00000000060067b0                CDSUB_UpdStatus
                0x00000000060067c8                CDSUB_UpdCdstat
                0x00000000060067e8                CDSUB_CdCmd
                0x0000000006006858                CDSUB_GetCdstat
                0x0000000006006898                CDSUB_RspToCdstat
                0x00000000060068e0                CDSUB_SoftTimer
 *fill*         0x0000000006006902        0xe 
 .text          0x0000000006006910     0x1adc ../../Compiler/SGL_302j/LIB_COFF/LIBCD.A(GFS.O)
                0x0000000006006910                gfs_version
                0x0000000006006930                GFS_Init
                0x0000000006006a18                GFS_LoadDir
                0x0000000006006ac0                GFS_SetDir
                0x0000000006006b28                GFS_NameToId
                0x0000000006006b8c                GFS_IdToName
                0x0000000006006bf8                GFS_GetDirInfo
                0x0000000006006c68                GFS_Reset
                0x0000000006006cec                GFS_Open
                0x0000000006006da0                GFS_Close
                0x0000000006006dd8                GFS_Seek
                0x0000000006006e8c                GFS_Tell
                0x0000000006006edc                GFS_IsEof
                0x0000000006006f30                GFS_ByteToSct
                0x0000000006006f8c                GFS_GetFileSize
                0x0000000006006fe8                GFS_GetFileInfo
                0x000000000600705c                GFS_GetNumCdbuf
                0x0000000006007084                GFS_Load
                0x0000000006007148                GFS_Fread
                0x00000000060071e4                gfs_waitRead
                0x000000000600728c                GFS_NwFread
                0x0000000006007398                GFS_NwCdRead
                0x0000000006007410                GFS_NwIsComplete
                0x0000000006007448                GFS_NwStop
                0x00000000060074b4                GFS_NwGetStat
                0x0000000006007530                gfs_recovRdErr
                0x0000000006007560                GFS_NwExecOne
                0x0000000006007620                GFS_NwExecServer
                0x000000000600769c                GFS_SetGmode
                0x0000000006007700                GFS_SetTmode
                0x000000000600776c                GFS_SetReadPara
                0x00000000060077d0                GFS_SetTransPara
                0x000000000600783c                GFS_SetTrFunc
                0x00000000060078a0                GFS_StartTrans
                0x00000000060078ec                GFS_CdMovePickup
                0x0000000006007958                GFS_SetErrFunc
                0x0000000006007984                GFS_GetErrStat
                0x00000000060079a8                GFS_ConvTno
                0x00000000060079d0                gfs_chgRoot
                0x0000000006007a9c                gfs_aborttrans
                0x0000000006007aa8                gfs_mngSetupFuncTbl
                0x0000000006007adc                gfs_mngInitWork
                0x0000000006007b80                gfs_mngGetNumFile
                0x0000000006007be8                GFS_mngAllocGrp
                0x0000000006007c30                gfs_mngFreeGrp
                0x0000000006007c3c                gfs_mngTermAccess
                0x0000000006007cc0                gfs_mngSetErrCode
                0x0000000006007d40                gfs_svrSearchHndl
                0x0000000006007d80                gfs_svrAddHndl
                0x0000000006007dbc                gfs_svrRemoveHndl
                0x0000000006007e18                GFS_OpenSub
                0x0000000006007e70                gfs_loadVol
                0x0000000006007f34                gfs_getRootDir
                0x0000000006008030                gfs_loadRootDir
                0x00000000060080b8                gfs_flowIn
                0x0000000006008160                gfs_transData
                0x0000000006008204                GFS_GetFad
                0x000000000600825c                gfs_SetSct
                0x000000000600829c                gfs_GetFinfo
                0x00000000060082dc                gfs_closeSub
                0x0000000006008318                gfs_getGmode
                0x0000000006008324                gfs_isTaskDone
                0x0000000006008378                gfs_convFinStat
 *fill*         0x00000000060083ec        0x4 
 .text          0x00000000060083f0      0x106 ../../Compiler/SGL_302j/LIB_COFF/LIBCD.A(GFS_BUF.O)
                0x0000000006008420                GFBF_GetTranData
                0x0000000006008448                GFBF_GetNumData
                0x0000000006008478                GFBF_GetSrcPk
                0x00000000060084a0                GFBF_GetSctData
                0x00000000060084c4                GFBF_RtnPk
                0x00000000060084ec                gfbf_getSctDt
 *fill*         0x00000000060084f6        0xa 
 .text          0x0000000006008500      0x600 ../../Compiler/SGL_302j/LIB_COFF/LIBCD.A(GFS_CDB.O)
                0x0000000006008500                GFCB_Setup
                0x0000000006008620                GFCB_Close
                0x0000000006008648                GFCB_GetLenData
                0x00000000060086f4                GFCB_GetLenRoom
                0x0000000006008700                GFCB_SetFilt
                0x0000000006008768                GFCB_DeleteAllData
                0x0000000006008790                GFCB_Tell
                0x00000000060087a0                gfcb_getSctNum
                0x00000000060087f0                GFCB_Seek
                0x00000000060088ec                GFCB_GetSrcPack
                0x00000000060089cc                GFCB_GetSctData
                0x0000000006008a04                GFCB_GetDstPack
                0x0000000006008a10                GFCB_RtnPk
                0x0000000006008a58                GFCB_MovePickup
                0x0000000006008a74                GFCB_SetCon
                0x0000000006008aa8                GFCB_GetPickup
                0x0000000006008ad0                GFCB_IsPuOwner
                0x0000000006008ae8                GFCB_UngetPickup
 .text          0x0000000006008b00     0x1a10 ../../Compiler/SGL_302j/LIB_COFF/LIBCD.A(GFS_CDC.O)
                0x0000000006008b00                GFCD_SetCdbfs
                0x0000000006008b2c                GFCD_Init
                0x0000000006008d30                GFCD_AllocFilt
                0x0000000006008d6c                GFCD_FreeFilt
                0x0000000006008d9c                GFCD_AllocBuf
                0x0000000006008dd0                GFCD_FreeBuf
                0x0000000006008e74                GFCD_GetBaseFad
                0x0000000006008ea8                GFCD_GetPickup
                0x0000000006008edc                GFCD_UngetPickup
                0x0000000006008f08                GFCD_IsPuOwner
                0x0000000006008f2c                GFCD_SetFilt
                0x0000000006008ff0                GFCD_GetFilt
                0x0000000006009038                GFCD_SetCon
                0x0000000006009090                GFCD_Play
                0x00000000060090f0                GFCD_GetLenData
                0x0000000006009158                GFCD_ReqData
                0x00000000060091b4                GFCD_EndData
                0x00000000060091fc                GFCD_DelSctData
                0x0000000006009254                GFCD_CheckDelSctData
                0x0000000006009284                GFCD_GetStat
                0x0000000006009338                GFCD_MovePickup
                0x0000000006009384                GFCD_MoveSctData
                0x00000000060093f8                GFCD_CheckMove
                0x000000000600941c                GFCD_GetSctInfo
                0x0000000006009464                GFCD_ChgDir
                0x00000000060094d8                GFCD_SetFiltCon
                0x00000000060095c0                GFCD_GetFileInfo
                0x000000000600969c                GFCD_GetBufSiz
                0x00000000060096d4                GFCD_ExecServer
                0x00000000060097a8                gfcd_isIdleTask
                0x0000000006009834                gfcd_doTask
                0x00000000060098e0                GFCD_SetTimer
                0x00000000060098f4                GFCD_WaitServer
                0x0000000006009930                gfcd_doSetFiltTsk
                0x0000000006009af4                gfcd_doSetConTsk
                0x0000000006009b84                gfcd_doGetLenDataTsk
                0x0000000006009cd8                gfcd_doReqDataTsk
                0x0000000006009d78                gfcd_doDelSctDataTsk
                0x0000000006009eac                gfcd_doMoveSctTsk
                0x000000000600a010                gfcd_doChgDirTsk
                0x000000000600a20c                gfcd_doSetFiltConTsk
                0x000000000600a350                gfcd_checkEflag
                0x000000000600a374                gfcd_initCdbMng
                0x000000000600a3f4                gfcd_setStat
                0x000000000600a420                GFCD_SetCsctFunc
                0x000000000600a43c                GFCD_ChkScdqFlag
                0x000000000600a460                GFCD_ClrScdqFlag
                0x000000000600a47c                GFCD_WaitScdqFlag
                0x000000000600a4c0                GFCD_WaitPause
 .text          0x000000000600a510      0x8d8 ../../Compiler/SGL_302j/LIB_COFF/LIBCD.A(GFS_CDF.O)
                0x000000000600a510                GFCF_Init
                0x000000000600a5b0                GFCF_Setup
                0x000000000600a6f8                GFCF_SetSct
                0x000000000600a73c                GFCF_GetFileInfo
                0x000000000600a7b0                GFCF_FlowInBuf
                0x000000000600a904                GFCF_StopInBuf
                0x000000000600a9a4                GFCF_Recover
                0x000000000600a9ec                GFCF_Tell
                0x000000000600aa04                GFCF_Seek
                0x000000000600aa1c                GFCF_MovePickup
                0x000000000600aab8                GFCF_cnvIntlvOfs
                0x000000000600ab0c                GFCF_GetStat
                0x000000000600aba4                gfcf_getSctSize
                0x000000000600abe0                gfcf_isCdOk
                0x000000000600aca0                gfcf_getPlayRange
 *fill*         0x000000000600ade8        0x8 
 .text          0x000000000600adf0      0x92c ../../Compiler/SGL_302j/LIB_COFF/LIBCD.A(GFS_DIR.O)
                0x000000000600adf0                GFDR_SetupDirTbl
                0x000000000600ae64                GFDR_NameToId
                0x000000000600aec4                GFDR_GetInfoDirId
                0x000000000600aed8                GFDR_GetInfoDirName
                0x000000000600aeec                GFDR_GetAtrDirId
                0x000000000600af04                GFDR_GetAtrDirName
                0x000000000600af1c                GFDR_ChgRoot
                0x000000000600af34                GFDR_ChgDir
                0x000000000600afa8                gfdr_setupDirIdTbl
                0x000000000600b02c                gfdr_setupDirNameTbl
                0x000000000600b0d8                gfdr_open
                0x000000000600b100                gfdr_read
                0x000000000600b1c0                gfdr_readByte
                0x000000000600b1ec                gfdr_readWord
                0x000000000600b218                gfdr_readWordNB
                0x000000000600b26c                gfdr_readLongNB
                0x000000000600b2b8                gfdr_readLongNM
                0x000000000600b2e0                gfdr_setNextRec
                0x000000000600b364                gfdr_readDirEnt
                0x000000000600b6e0                gfdr_setDirrecCd
 *fill*         0x000000000600b71c        0x4 
 .text          0x000000000600b720      0x9c6 ../../Compiler/SGL_302j/LIB_COFF/LIBCD.A(GFS_TRN.O)
                0x000000000600b750                GFTR_Setup
                0x000000000600b794                GFTR_SetMode
                0x000000000600b7a8                GFTR_SetUnit
                0x000000000600b7b4                GFTR_SetTransPara
                0x000000000600b7e8                GFTR_GetTransPara
                0x000000000600b7f4                GFTR_GetNumTrans
                0x000000000600b800                GFTR_SetTransMax
                0x000000000600b80c                GFTR_Start
                0x000000000600b818                GFTR_Pause
                0x000000000600b824                GFTR_Stop
                0x000000000600b8dc                GFTR_Exec
                0x000000000600b960                GFTR_Idle
                0x000000000600b9d8                GFTR_ExecSvr
                0x000000000600bae0                gftr_getSrcPack
                0x000000000600bb68                gftr_getDstPack
                0x000000000600bbc4                gftr_reqScu
                0x000000000600bbd0                gftr_execScu
                0x000000000600bc6c                gftr_remScu
                0x000000000600bca0                gfdma_canUse
                0x000000000600bcac                gfdma_exec
                0x000000000600bd1c                gfdma_getBytecnt
                0x000000000600bd54                gftr_reqDma0
                0x000000000600bd6c                gftr_execSdma0
                0x000000000600bd90                gftr_remDma0
                0x000000000600bda8                gftr_reqDma1
                0x000000000600bdc0                gftr_execSdma1
                0x000000000600bde4                gftr_remDma1
                0x000000000600bdfc                gftr_reqCpu
                0x000000000600be08                gftr_execCpu
                0x000000000600be48                gftr_remCpu
                0x000000000600be54                gftr_reqTrn
                0x000000000600bec4                gftr_execTrn
                0x000000000600bf9c                gftr_remTrn
                0x000000000600c010                gftr_copyFrac
                0x000000000600c038                GFTR_GetLenData
                0x000000000600c044                GFTR_GetLenRoom
                0x000000000600c05c                GFTR_GetDstPack
                0x000000000600c090                GFTR_RtnDstPk
                0x000000000600c0ac                GFTR_GetData
                0x000000000600c0c0                GFTR_SetData
                0x000000000600c0d4                GFTR_SetTransFunc
 *fill*         0x000000000600c0e6        0xa 
 .text          0x000000000600c0f0      0x130 ../../Compiler/SGL_302j/LIB_COFF/LIBCD.A(CDC_DRV.O)
                0x000000000600c0f0                CDC_CdPlay
                0x000000000600c1bc                CDC_CdSeek
                0x000000000600c1f0                CDC_CdScan
 .text          0x000000000600c220       0xa8 ../../Compiler/SGL_302j/LIB_COFF/LIBCD.A(CDC_DEV.O)
                0x000000000600c220                CDC_CdSetCon
                0x000000000600c250                CDC_CdGetCon
                0x000000000600c28c                CDC_CdGetLastBuf
 *fill*         0x000000000600c2c8        0x8 
 .text          0x000000000600c2d0      0x2b8 ../../Compiler/SGL_302j/LIB_COFF/LIBCD.A(CDC_SEL.O)
                0x000000000600c2d0                CDC_SetFiltRange
                0x000000000600c304                CDC_GetFiltRange
                0x000000000600c35c                CDC_SetFiltSubh
                0x000000000600c3cc                CDC_GetFiltSubh
                0x000000000600c448                CDC_SetFiltMode
                0x000000000600c47c                CDC_GetFiltMode
                0x000000000600c4c0                CDC_SetFiltCon
                0x000000000600c500                CDC_GetFiltCon
                0x000000000600c554                CDC_ResetSelector
 *fill*         0x000000000600c588        0x8 
 .text          0x000000000600c590      0x270 ../../Compiler/SGL_302j/LIB_COFF/LIBCD.A(CDC_BIF.O)
                0x000000000600c590                CDC_GetBufSiz
                0x000000000600c5ec                CDC_GetSctNum
                0x000000000600c630                CDC_CalActSiz
                0x000000000600c66c                CDC_GetActSiz
                0x000000000600c6ec                CDC_GetSctInfo
                0x000000000600c76c                CDC_ExeFadSearch
                0x000000000600c7a4                CDC_GetFadSearch
 .text          0x000000000600c800      0x1e4 ../../Compiler/SGL_302j/LIB_COFF/LIBCD.A(CDC_BIO.O)
                0x000000000600c800                CDC_SetSctLen
                0x000000000600c834                CDC_GetSctData
                0x000000000600c870                CDC_DelSctData
                0x000000000600c8ac                CDC_GetdelSctData
                0x000000000600c8e8                CDC_PutSctData
                0x000000000600c920                CDC_CopySctData
                0x000000000600c964                CDC_MoveSctData
                0x000000000600c9a8                CDC_GetCopyErr
 *fill*         0x000000000600c9e4        0xc 
 .text          0x000000000600c9f0        0x0 ../../Compiler/SGL_302j/LIB_COFF/LIBSGL.A(sglA15.o)
 .text          0x000000000600c9f0        0x0 ../../Compiler/SGL_302j/LIB_COFF/LIBSGL.A(sglA20.o)
 .text          0x000000000600c9f0        0x0 ../../Compiler/SGL_302j/LIB_COFF/LIBSGL.A(sglA21.o)
 .text          0x000000000600c9f0        0x0 ../../Compiler/SGL_302j/LIB_COFF/LIBSGL.A(sglA27.o)
 .text          0x000000000600c9f0        0x0 ../../Compiler/SGL_302j/LIB_COFF/LIBSGL.A(sglB001.o)
 .text          0x000000000600c9f0        0x0 ../../Compiler/SGL_302j/LIB_COFF/LIBSGL.A(sglB011.o)
 .text          0x000000000600c9f0        0x0 ../../Compiler/SGL_302j/LIB_COFF/LIBSGL.A(sglB015.o)
 .text          0x000000000600c9f0        0x0 ../../Compiler/SGL_302j/LIB_COFF/LIBSGL.A(sglB016.o)
 .text          0x000000000600c9f0        0x0 ../../Compiler/SGL_302j/LIB_COFF/LIBSGL.A(sglB032.o)
 .text          0x000000000600c9f0        0x0 ../../Compiler/SGL_302j/LIB_COFF/LIBSGL.A(sglB053.o)
 .text          0x000000000600c9f0        0x0 ../../Compiler/SGL_302j/LIB_COFF/LIBSGL.A(sglB056.o)
 .text          0x000000000600c9f0        0x0 ../../Compiler/SGL_302j/LIB_COFF/LIBSGL.A(sglB063.o)
 .text          0x000000000600c9f0        0x0 ../../Compiler/SGL_302j/LIB_COFF/LIBSGL.A(sglB200.o)
 .text          0x000000000600c9f0        0x0 ../../Compiler/SGL_302j/LIB_COFF/LIBSGL.A(sglC06.o)
 .text          0x000000000600c9f0        0x0 ../../Compiler/SGL_302j/LIB_COFF/LIBSGL.A(sglC07.o)
 .text          0x000000000600c9f0        0x0 ../../Compiler/SGL_302j/LIB_COFF/LIBSGL.A(sglC08.o)
 .text          0x000000000600c9f0        0x0 ../../Compiler/SGL_302j/LIB_COFF/LIBSGL.A(sglC20.o)
 .text          0x000000000600c9f0        0x0 ../../Compiler/SGL_302j/LIB_COFF/LIBSGL.A(sglD00.o)
 .text          0x000000000600c9f0        0x0 ../../Compiler/SGL_302j/LIB_COFF/LIBSGL.A(sglD01.o)
 .text          0x000000000600c9f0        0x0 ../../Compiler/SGL_302j/LIB_COFF/LIBSGL.A(sglD03.o)
 .text          0x000000000600c9f0        0x0 ../../Compiler/SGL_302j/LIB_COFF/LIBSGL.A(sglD15.o)
 .text          0x000000000600c9f0        0x0 ../../Compiler/SGL_302j/LIB_COFF/LIBSGL.A(sglD16.o)
 .text          0x000000000600c9f0        0x0 ../../Compiler/SGL_302j/LIB_COFF/LIBSGL.A(sglD17.o)
 .text          0x000000000600c9f0        0x0 ../../Compiler/SGL_302j/LIB_COFF/LIBSGL.A(sglD18.o)
 .text          0x000000000600c9f0        0x0 ../../Compiler/SGL_302j/LIB_COFF/LIBSGL.A(sglF00.o)
 .text          0x000000000600c9f0        0x0 ../../Compiler/SGL_302j/LIB_COFF/LIBSGL.A(sglF05.o)
 .text          0x000000000600c9f0        0x0 ../../Compiler/SGL_302j/LIB_COFF/LIBSGL.A(sglH00.o)
 .text          0x000000000600c9f0        0x0 ../../Compiler/SGL_302j/LIB_COFF/LIBSGL.A(sglH01.o)
 .text          0x000000000600c9f0        0x0 ../../Compiler/SGL_302j/LIB_COFF/LIBSGL.A(sglH02.o)
 .text          0x000000000600c9f0        0x0 ../../Compiler/SGL_302j/LIB_COFF/LIBSGL.A(sglH04.o)
 .text          0x000000000600c9f0        0x0 ../../Compiler/SGL_302j/LIB_COFF/LIBSGL.A(sglI01.o)
 .text          0x000000000600c9f0      0x128 ../../Compiler/SGL_302j/LIB_COFF/LIBSGL.A(sglIc0.o)
                0x000000000600c9f0                slInitSystem
 *fill*         0x000000000600cb18        0x8 
 .text          0x000000000600cb20        0x0 ../../Compiler/SGL_302j/LIB_COFF/LIBSGL.A(sglJ00.o)
 .text          0x000000000600cb20        0x0 ../../Compiler/SGL_302j/LIB_COFF/LIBSGL.A(sglJ01.o)
 .text          0x000000000600cb20        0x0 ../../Compiler/SGL_302j/LIB_COFF/LIBSGL.A(sglJ02.o)
 .text          0x000000000600cb20        0x0 ../../Compiler/SGL_302j/LIB_COFF/LIBSGL.A(sglJ03.o)
 .text          0x000000000600cb20        0x0 ../../Compiler/SGL_302j/LIB_COFF/LIBSGL.A(sglJ04.o)
 .text          0x000000000600cb20        0x0 ../../Compiler/SGL_302j/LIB_COFF/LIBSGL.A(sglJ05.o)
 .text          0x000000000600cb20        0x0 ../../Compiler/SGL_302j/LIB_COFF/LIBSGL.A(sglK01.o)
 .text          0x000000000600cb20        0x0 ../../Compiler/SGL_302j/LIB_COFF/LIBSGL.A(sglM01.o)
 .text          0x000000000600cb20        0x0 ../../Compiler/SGL_302j/LIB_COFF/LIBSGL.A(sglA00.o)
 .text          0x000000000600cb20        0x0 ../../Compiler/SGL_302j/LIB_COFF/LIBSGL.A(sglA01.o)
 .text          0x000000000600cb20        0x0 ../../Compiler/SGL_302j/LIB_COFF/LIBSGL.A(sglB000.o)
 .text          0x000000000600cb20        0x0 ../../Compiler/SGL_302j/LIB_COFF/LIBSGL.A(sglB035.o)
 .text          0x000000000600cb20        0x0 ../../Compiler/SGL_302j/LIB_COFF/LIBSGL.A(sglC00.o)
 .text          0x000000000600cb20        0x0 ../../Compiler/SGL_302j/LIB_COFF/LIBSGL.A(sglI00.o)
 .text          0x000000000600cb20        0x0 ../../Compiler/SGL_302j/LIB_COFF/LIBSGL.A(sglH03.o)
 .text          0x000000000600cb20       0x52 /home/sansigolo/GameDev/joengine/Compiler/SH_NONE_ELF/bin/../lib/gcc/sh-none-elf/8.2.0/libgcc.a(_ashiftrt.o)
                0x000000000600cb20                __ashiftrt_r4_31
                0x000000000600cb20                __ashiftrt_r4_32
                0x000000000600cb26                __ashiftrt_r4_30
                0x000000000600cb28                __ashiftrt_r4_29
                0x000000000600cb2a                __ashiftrt_r4_28
                0x000000000600cb2c                __ashiftrt_r4_27
                0x000000000600cb2e                __ashiftrt_r4_26
                0x000000000600cb30                __ashiftrt_r4_25
                0x000000000600cb32                __ashiftrt_r4_24
                0x000000000600cb3a                __ashiftrt_r4_23
                0x000000000600cb3c                __ashiftrt_r4_22
                0x000000000600cb3e                __ashiftrt_r4_21
                0x000000000600cb40                __ashiftrt_r4_20
                0x000000000600cb42                __ashiftrt_r4_19
                0x000000000600cb44                __ashiftrt_r4_18
                0x000000000600cb46                __ashiftrt_r4_17
                0x000000000600cb48                __ashiftrt_r4_16
                0x000000000600cb4e                __ashiftrt_r4_15
                0x000000000600cb50                __ashiftrt_r4_14
                0x000000000600cb52                __ashiftrt_r4_13
                0x000000000600cb54                __ashiftrt_r4_12
                0x000000000600cb56                __ashiftrt_r4_11
                0x000000000600cb58                __ashiftrt_r4_10
                0x000000000600cb5a                __ashiftrt_r4_9
                0x000000000600cb5c                __ashiftrt_r4_8
                0x000000000600cb5e                __ashiftrt_r4_7
                0x000000000600cb60                __ashiftrt_r4_6
                0x000000000600cb62                __ashiftrt_r4_5
                0x000000000600cb64                __ashiftrt_r4_4
                0x000000000600cb66                __ashiftrt_r4_3
                0x000000000600cb68                __ashiftrt_r4_2
                0x000000000600cb6a                __ashiftrt_r4_1
                0x000000000600cb6e                __ashiftrt_r4_0
 *fill*         0x000000000600cb72        0x2 
 .text          0x000000000600cb74       0xa0 /home/sansigolo/GameDev/joengine/Compiler/SH_NONE_ELF/bin/../lib/gcc/sh-none-elf/8.2.0/libgcc.a(_sdivsi3.o)
                0x000000000600cb74                __sdivsi3
 .text          0x000000000600cc14       0x6c /home/sansigolo/GameDev/joengine/Compiler/SH_NONE_ELF/bin/../lib/gcc/sh-none-elf/8.2.0/libgcc.a(_udivsi3.o)
                0x000000000600cc36                __udivsi3
 .text          0x000000000600cc80      0x134 /home/sansigolo/GameDev/joengine/Compiler/SH_NONE_ELF/bin/../lib/gcc/sh-none-elf/8.2.0/libgcc.a(_mul_sf.o)
                0x000000000600cc80                __mulsf3
 .text          0x000000000600cdb4       0xdc /home/sansigolo/GameDev/joengine/Compiler/SH_NONE_ELF/bin/../lib/gcc/sh-none-elf/8.2.0/libgcc.a(_div_sf.o)
                0x000000000600cdb4                __divsf3
 .text          0x000000000600ce90       0x7c /home/sansigolo/GameDev/joengine/Compiler/SH_NONE_ELF/bin/../lib/gcc/sh-none-elf/8.2.0/libgcc.a(_sf_to_si.o)
                0x000000000600ce90                __fixsfsi
 .text          0x000000000600cf0c        0x0 /home/sansigolo/GameDev/joengine/Compiler/SH_NONE_ELF/bin/../lib/gcc/sh-none-elf/8.2.0/libgcc.a(_thenan_sf.o)
 .text          0x000000000600cf0c       0x94 /home/sansigolo/GameDev/joengine/Compiler/SH_NONE_ELF/bin/../lib/gcc/sh-none-elf/8.2.0/libgcc.a(_usi_to_sf.o)
                0x000000000600cf0c                __floatunsisf
 .text          0x000000000600cfa0      0x114 /home/sansigolo/GameDev/joengine/Compiler/SH_NONE_ELF/bin/../lib/gcc/sh-none-elf/8.2.0/libgcc.a(_pack_sf.o)
                0x000000000600cfa0                __pack_f
 .text          0x000000000600d0b4       0xa0 /home/sansigolo/GameDev/joengine/Compiler/SH_NONE_ELF/bin/../lib/gcc/sh-none-elf/8.2.0/libgcc.a(_unpack_sf.o)
                0x000000000600d0b4                __unpack_f
 .text          0x000000000600d154       0x1e /home/sansigolo/GameDev/joengine/Compiler/SH_NONE_ELF/bin/../lib/gcc/sh-none-elf/8.2.0/../../../../sh-none-elf/lib/libc.a(lib_a-memcmp.o)
                0x000000000600d154                memcmp
 *fill*         0x000000000600d172        0x2 
 .text          0x000000000600d174       0x94 /home/sansigolo/GameDev/joengine/Compiler/SH_NONE_ELF/bin/../lib/gcc/sh-none-elf/8.2.0/../../../../sh-none-elf/lib/libc.a(lib_a-memcpy.o)
                0x000000000600d174                memcpy
 .text          0x000000000600d208       0x40 /home/sansigolo/GameDev/joengine/Compiler/SH_NONE_ELF/bin/../lib/gcc/sh-none-elf/8.2.0/../../../../sh-none-elf/lib/libc.a(lib_a-memset.o)
                0x000000000600d208                memset
 .text          0x000000000600d248       0x8c /home/sansigolo/GameDev/joengine/Compiler/SH_NONE_ELF/bin/../lib/gcc/sh-none-elf/8.2.0/../../../../sh-none-elf/lib/libc.a(lib_a-sprintf.o)
                0x000000000600d248                _sprintf_r
                0x000000000600d288                sprintf
 .text          0x000000000600d2d4       0x2a /home/sansigolo/GameDev/joengine/Compiler/SH_NONE_ELF/bin/../lib/gcc/sh-none-elf/8.2.0/../../../../sh-none-elf/lib/libc.a(lib_a-strncmp.o)
                0x000000000600d2d4                strncmp
 .text          0x000000000600d2fe       0x32 /home/sansigolo/GameDev/joengine/Compiler/SH_NONE_ELF/bin/../lib/gcc/sh-none-elf/8.2.0/../../../../sh-none-elf/lib/libc.a(lib_a-strncpy.o)
                0x000000000600d2fe                strncpy
 .text          0x000000000600d330     0x1378 /home/sansigolo/GameDev/joengine/Compiler/SH_NONE_ELF/bin/../lib/gcc/sh-none-elf/8.2.0/../../../../sh-none-elf/lib/libc.a(lib_a-svfprintf.o)
                0x000000000600d330                _svfprintf_r
 .text          0x000000000600e6a8      0xef4 /home/sansigolo/GameDev/joengine/Compiler/SH_NONE_ELF/bin/../lib/gcc/sh-none-elf/8.2.0/../../../../sh-none-elf/lib/libc.a(lib_a-dtoa.o)
                0x000000000600e7dc                _dtoa_r
 .text          0x000000000600f59c        0x0 /home/sansigolo/GameDev/joengine/Compiler/SH_NONE_ELF/bin/../lib/gcc/sh-none-elf/8.2.0/../../../../sh-none-elf/lib/libc.a(lib_a-impure.o)
 .text          0x000000000600f59c       0x40 /home/sansigolo/GameDev/joengine/Compiler/SH_NONE_ELF/bin/../lib/gcc/sh-none-elf/8.2.0/../../../../sh-none-elf/lib/libc.a(lib_a-localeconv.o)
                0x000000000600f59c                __localeconv_l
                0x000000000600f5a4                _localeconv_r
                0x000000000600f5c0                localeconv
 .text          0x000000000600f5dc       0xa8 /home/sansigolo/GameDev/joengine/Compiler/SH_NONE_ELF/bin/../lib/gcc/sh-none-elf/8.2.0/../../../../sh-none-elf/lib/libc.a(lib_a-locale.o)
                0x000000000600f5dc                _setlocale_r
                0x000000000600f628                __locale_mb_cur_max
                0x000000000600f648                __locale_ctype_ptr_l
                0x000000000600f652                __locale_ctype_ptr
                0x000000000600f670                setlocale
 .text          0x000000000600f684       0x4c /home/sansigolo/GameDev/joengine/Compiler/SH_NONE_ELF/bin/../lib/gcc/sh-none-elf/8.2.0/../../../../sh-none-elf/lib/libc.a(lib_a-mbtowc_r.o)
                0x000000000600f684                _mbtowc_r
                0x000000000600f6a8                __ascii_mbtowc
 .text          0x000000000600f6d0       0x1c /home/sansigolo/GameDev/joengine/Compiler/SH_NONE_ELF/bin/../lib/gcc/sh-none-elf/8.2.0/../../../../sh-none-elf/lib/libc.a(lib_a-memchr.o)
                0x000000000600f6d0                memchr
 .text          0x000000000600f6ec      0xa9c /home/sansigolo/GameDev/joengine/Compiler/SH_NONE_ELF/bin/../lib/gcc/sh-none-elf/8.2.0/../../../../sh-none-elf/lib/libc.a(lib_a-mprec.o)
                0x000000000600f6ec                _Balloc
                0x000000000600f760                _Bfree
                0x000000000600f778                __multadd
                0x000000000600f820                __s2b
                0x000000000600f8e0                __hi0bits
                0x000000000600f934                __lo0bits
                0x000000000600f998                __i2b
                0x000000000600f9b4                __multiply
                0x000000000600faf8                __pow5mult
                0x000000000600fbb4                __lshift
                0x000000000600fca8                __mcmp
                0x000000000600fce0                __mdiff
                0x000000000600fdbc                __ulp
                0x000000000600fe28                __b2d
                0x000000000600ff10                __d2b
                0x000000000600fffc                __ratio
                0x0000000006010080                _mprec_log10
                0x00000000060100d8                __copybits
                0x000000000601011c                __any_on
 .text          0x0000000006010188       0x34 /home/sansigolo/GameDev/joengine/Compiler/SH_NONE_ELF/bin/../lib/gcc/sh-none-elf/8.2.0/../../../../sh-none-elf/lib/libc.a(lib_a-nano-callocr.o)
                0x0000000006010188                _calloc_r
 .text          0x00000000060101bc       0xf4 /home/sansigolo/GameDev/joengine/Compiler/SH_NONE_ELF/bin/../lib/gcc/sh-none-elf/8.2.0/../../../../sh-none-elf/lib/libc.a(lib_a-nano-mallocr.o)
                0x00000000060101bc                _malloc_r
 .text          0x00000000060102b0       0x30 /home/sansigolo/GameDev/joengine/Compiler/SH_NONE_ELF/bin/../lib/gcc/sh-none-elf/8.2.0/../../../../sh-none-elf/lib/libc.a(lib_a-sbrkr.o)
                0x00000000060102b0                _sbrk_r
 .text          0x00000000060102e0       0x38 /home/sansigolo/GameDev/joengine/Compiler/SH_NONE_ELF/bin/../lib/gcc/sh-none-elf/8.2.0/../../../../sh-none-elf/lib/libc.a(lib_a-strcmp.o)
                0x00000000060102e0                strcmp
 .text          0x0000000006010318       0x20 /home/sansigolo/GameDev/joengine/Compiler/SH_NONE_ELF/bin/../lib/gcc/sh-none-elf/8.2.0/../../../../sh-none-elf/lib/libc.a(lib_a-strlen.o)
                0x0000000006010318                strlen
 .text          0x0000000006010338      0xa60 /home/sansigolo/GameDev/joengine/Compiler/SH_NONE_ELF/bin/../lib/gcc/sh-none-elf/8.2.0/../../../../sh-none-elf/lib/libc.a(lib_a-svfiprintf.o)
                0x0000000006010338                __ssprint_r
                0x000000000601046c                _svfiprintf_r
 .text          0x0000000006010d98      0x25c /home/sansigolo/GameDev/joengine/Compiler/SH_NONE_ELF/bin/../lib/gcc/sh-none-elf/8.2.0/../../../../sh-none-elf/lib/libc.a(lib_a-syscalls.o)
                0x0000000006010e10                _read
                0x0000000006010e20                _lseek
                0x0000000006010e30                _write
                0x0000000006010e40                _close
                0x0000000006010e50                _link
                0x0000000006010e54                _sbrk
                0x0000000006010eac                _fstat
                0x0000000006010eb6                _open
                0x0000000006010ec8                _creat
                0x0000000006010ed8                _unlink
                0x0000000006010edc                isatty
                0x0000000006010ee0                _isatty
                0x0000000006010ee4                _exit
                0x0000000006010ef4                _kill
                0x0000000006010f08                _getpid
                0x0000000006010f0c                _raise
                0x0000000006010f10                _stat
                0x0000000006010f20                _chmod
                0x0000000006010f30                _chown
                0x0000000006010f40                _utime
                0x0000000006010f54                _fork
                0x0000000006010f60                _wait
                0x0000000006010f70                _execve
                0x0000000006010f80                _execv
                0x0000000006010f90                _pipe
                0x0000000006010f9c                _times
                0x0000000006010fa0                _gettimeofday
                0x0000000006010fc8                __setup_argv_and_call_main
 .text          0x0000000006010ff4       0x14 /home/sansigolo/GameDev/joengine/Compiler/SH_NONE_ELF/bin/../lib/gcc/sh-none-elf/8.2.0/../../../../sh-none-elf/lib/libc.a(lib_a-trap.o)
                0x0000000006010ff4                __trap34
 .text          0x0000000006011008       0x40 /home/sansigolo/GameDev/joengine/Compiler/SH_NONE_ELF/bin/../lib/gcc/sh-none-elf/8.2.0/../../../../sh-none-elf/lib/libc.a(lib_a-wctomb_r.o)
                0x0000000006011008                _wctomb_r
                0x0000000006011028                __ascii_wctomb
 .text          0x0000000006011048       0x18 /home/sansigolo/GameDev/joengine/Compiler/SH_NONE_ELF/bin/../lib/gcc/sh-none-elf/8.2.0/../../../../sh-none-elf/lib/libc.a(lib_a-abort.o)
                0x0000000006011048                abort
 .text          0x0000000006011060        0x0 /home/sansigolo/GameDev/joengine/Compiler/SH_NONE_ELF/bin/../lib/gcc/sh-none-elf/8.2.0/../../../../sh-none-elf/lib/libc.a(lib_a-ctype_.o)
 .text          0x0000000006011060       0x3c /home/sansigolo/GameDev/joengine/Compiler/SH_NONE_ELF/bin/../lib/gcc/sh-none-elf/8.2.0/../../../../sh-none-elf/lib/libc.a(lib_a-memmove.o)
                0x0000000006011060                memmove
 .text          0x000000000601109c        0x8 /home/sansigolo/GameDev/joengine/Compiler/SH_NONE_ELF/bin/../lib/gcc/sh-none-elf/8.2.0/../../../../sh-none-elf/lib/libc.a(lib_a-mlock.o)
                0x000000000601109c                __malloc_lock
                0x00000000060110a0                __malloc_unlock
 .text          0x00000000060110a4       0xc8 /home/sansigolo/GameDev/joengine/Compiler/SH_NONE_ELF/bin/../lib/gcc/sh-none-elf/8.2.0/../../../../sh-none-elf/lib/libc.a(lib_a-nano-freer.o)
                0x00000000060110a4                _free_r
 .text          0x000000000601116c       0x7c /home/sansigolo/GameDev/joengine/Compiler/SH_NONE_ELF/bin/../lib/gcc/sh-none-elf/8.2.0/../../../../sh-none-elf/lib/libc.a(lib_a-nano-reallocr.o)
                0x000000000601116c                _realloc_r
 .text          0x00000000060111e8      0x1b0 /home/sansigolo/GameDev/joengine/Compiler/SH_NONE_ELF/bin/../lib/gcc/sh-none-elf/8.2.0/../../../../sh-none-elf/lib/libc.a(lib_a-signal.o)
                0x00000000060111e8                _init_signal_r
                0x0000000006011224                _signal_r
                0x0000000006011270                _raise_r
                0x00000000060112e8                __sigtramp_r
                0x000000000601134c                raise
                0x0000000006011360                signal
                0x0000000006011374                _init_signal
                0x0000000006011384                __sigtramp
 .text          0x0000000006011398       0x40 /home/sansigolo/GameDev/joengine/Compiler/SH_NONE_ELF/bin/../lib/gcc/sh-none-elf/8.2.0/../../../../sh-none-elf/lib/libc.a(lib_a-signalr.o)
                0x0000000006011398                _kill_r
                0x00000000060113cc                _getpid_r
 .text          0x00000000060113d8       0x16 /home/sansigolo/GameDev/joengine/Compiler/SH_NONE_ELF/bin/../lib/gcc/sh-none-elf/8.2.0/../../../../sh-none-elf/lib/libc.a(lib_a-nano-msizer.o)
                0x00000000060113d8                _malloc_usable_size_r
 *fill*         0x00000000060113ee        0x2 
 .text          0x00000000060113f0       0x80 /home/sansigolo/GameDev/joengine/Compiler/SH_NONE_ELF/bin/../lib/gcc/sh-none-elf/8.2.0/libgcc.a(_ashiftrt_n.o)
                0x00000000060113f0                __ashrsi3
 .text          0x0000000006011470       0xbc /home/sansigolo/GameDev/joengine/Compiler/SH_NONE_ELF/bin/../lib/gcc/sh-none-elf/8.2.0/libgcc.a(_ashiftlt.o)
                0x0000000006011470                __ashlsi3
                0x0000000006011474                __ashlsi3_r0
 .text          0x000000000601152c       0xbc /home/sansigolo/GameDev/joengine/Compiler/SH_NONE_ELF/bin/../lib/gcc/sh-none-elf/8.2.0/libgcc.a(_lshiftrt.o)
                0x000000000601152c                __lshrsi3
                0x0000000006011530                __lshrsi3_r0
 .text          0x00000000060115e8      0x258 /home/sansigolo/GameDev/joengine/Compiler/SH_NONE_ELF/bin/../lib/gcc/sh-none-elf/8.2.0/libgcc.a(_udivdi3.o)
                0x00000000060115e8                __udivdi3
 .text          0x0000000006011840      0x2bc /home/sansigolo/GameDev/joengine/Compiler/SH_NONE_ELF/bin/../lib/gcc/sh-none-elf/8.2.0/libgcc.a(_umoddi3.o)
                0x0000000006011840                __umoddi3
 .text          0x0000000006011afc      0x3b4 /home/sansigolo/GameDev/joengine/Compiler/SH_NONE_ELF/bin/../lib/gcc/sh-none-elf/8.2.0/libgcc.a(_addsub_df.o)
                0x0000000006011e0c                __adddf3
                0x0000000006011e5c                __subdf3
 .text          0x0000000006011eb0      0x208 /home/sansigolo/GameDev/joengine/Compiler/SH_NONE_ELF/bin/../lib/gcc/sh-none-elf/8.2.0/libgcc.a(_mul_df.o)
                0x0000000006011eb0                __muldf3
 .text          0x00000000060120b8      0x130 /home/sansigolo/GameDev/joengine/Compiler/SH_NONE_ELF/bin/../lib/gcc/sh-none-elf/8.2.0/libgcc.a(_div_df.o)
                0x00000000060120b8                __divdf3
 .text          0x00000000060121e8       0x58 /home/sansigolo/GameDev/joengine/Compiler/SH_NONE_ELF/bin/../lib/gcc/sh-none-elf/8.2.0/libgcc.a(_eq_df.o)
                0x00000000060121e8                __eqdf2
 .text          0x0000000006012240       0x58 /home/sansigolo/GameDev/joengine/Compiler/SH_NONE_ELF/bin/../lib/gcc/sh-none-elf/8.2.0/libgcc.a(_ne_df.o)
                0x0000000006012240                __nedf2
 .text          0x0000000006012298       0x50 /home/sansigolo/GameDev/joengine/Compiler/SH_NONE_ELF/bin/../lib/gcc/sh-none-elf/8.2.0/libgcc.a(_gt_df.o)
                0x0000000006012298                __gtdf2
 .text          0x00000000060122e8       0x50 /home/sansigolo/GameDev/joengine/Compiler/SH_NONE_ELF/bin/../lib/gcc/sh-none-elf/8.2.0/libgcc.a(_ge_df.o)
                0x00000000060122e8                __gedf2
 .text          0x0000000006012338       0x58 /home/sansigolo/GameDev/joengine/Compiler/SH_NONE_ELF/bin/../lib/gcc/sh-none-elf/8.2.0/libgcc.a(_lt_df.o)
                0x0000000006012338                __ltdf2
 .text          0x0000000006012390       0x58 /home/sansigolo/GameDev/joengine/Compiler/SH_NONE_ELF/bin/../lib/gcc/sh-none-elf/8.2.0/libgcc.a(_le_df.o)
                0x0000000006012390                __ledf2
 .text          0x00000000060123e8       0x40 /home/sansigolo/GameDev/joengine/Compiler/SH_NONE_ELF/bin/../lib/gcc/sh-none-elf/8.2.0/libgcc.a(_unord_df.o)
                0x00000000060123e8                __unorddf2
 .text          0x0000000006012428       0xa8 /home/sansigolo/GameDev/joengine/Compiler/SH_NONE_ELF/bin/../lib/gcc/sh-none-elf/8.2.0/libgcc.a(_si_to_df.o)
                0x0000000006012428                __floatsidf
 .text          0x00000000060124d0       0xa4 /home/sansigolo/GameDev/joengine/Compiler/SH_NONE_ELF/bin/../lib/gcc/sh-none-elf/8.2.0/libgcc.a(_df_to_si.o)
                0x00000000060124d0                __fixdfsi
 .text          0x0000000006012574        0x0 /home/sansigolo/GameDev/joengine/Compiler/SH_NONE_ELF/bin/../lib/gcc/sh-none-elf/8.2.0/libgcc.a(_thenan_df.o)
 .text          0x0000000006012574       0x88 /home/sansigolo/GameDev/joengine/Compiler/SH_NONE_ELF/bin/../lib/gcc/sh-none-elf/8.2.0/libgcc.a(_usi_to_df.o)
                0x0000000006012574                __floatunsidf
 *fill*         0x00000000060125fc        0x4 
 .text          0x0000000006012600       0x60 /home/sansigolo/GameDev/joengine/Compiler/SH_NONE_ELF/bin/../lib/gcc/sh-none-elf/8.2.0/libgcc.a(_udiv_qrnnd_16.o)
                0x0000000006012600                __udiv_qrnnd_16
 .text          0x0000000006012660        0x0 /home/sansigolo/GameDev/joengine/Compiler/SH_NONE_ELF/bin/../lib/gcc/sh-none-elf/8.2.0/libgcc.a(_clz.o)
 .text          0x0000000006012660       0x58 /home/sansigolo/GameDev/joengine/Compiler/SH_NONE_ELF/bin/../lib/gcc/sh-none-elf/8.2.0/libgcc.a(_clzsi2.o)
                0x0000000006012660                __clzsi2
 .text          0x00000000060126b8      0x25c /home/sansigolo/GameDev/joengine/Compiler/SH_NONE_ELF/bin/../lib/gcc/sh-none-elf/8.2.0/libgcc.a(_pack_df.o)
                0x00000000060126b8                __pack_d
 .text          0x0000000006012914       0xcc /home/sansigolo/GameDev/joengine/Compiler/SH_NONE_ELF/bin/../lib/gcc/sh-none-elf/8.2.0/libgcc.a(_unpack_df.o)
                0x0000000006012914                __unpack_d
 .text          0x00000000060129e0       0xc8 /home/sansigolo/GameDev/joengine/Compiler/SH_NONE_ELF/bin/../lib/gcc/sh-none-elf/8.2.0/libgcc.a(_fpcmp_parts_df.o)
                0x00000000060129e0                __fpcmp_parts_d
 *(.strings)
                0x0000000006012aa8                __etext = .

.text.startup   0x0000000006012aa8      0x498
 .text.startup  0x0000000006012aa8      0x498 /tmp/cci4Qnqx.ltrans0.ltrans.o
                0x0000000006012aa8                main

.rodata         0x0000000006012f40      0x648
 *(.rodata)
 .rodata        0x0000000006012f40      0x138 /tmp/cci4Qnqx.ltrans0.ltrans.o
 .rodata        0x0000000006013078       0x10 /home/sansigolo/GameDev/joengine/Compiler/SH_NONE_ELF/bin/../lib/gcc/sh-none-elf/8.2.0/libgcc.a(_thenan_sf.o)
                0x0000000006013078                __thenan_sf
 .rodata        0x0000000006013088       0x20 /home/sansigolo/GameDev/joengine/Compiler/SH_NONE_ELF/bin/../lib/gcc/sh-none-elf/8.2.0/../../../../sh-none-elf/lib/libc.a(lib_a-svfprintf.o)
 .rodata        0x00000000060130a8        0x4 /home/sansigolo/GameDev/joengine/Compiler/SH_NONE_ELF/bin/../lib/gcc/sh-none-elf/8.2.0/../../../../sh-none-elf/lib/libc.a(lib_a-impure.o)
                0x00000000060130a8                _global_impure_ptr
 .rodata        0x00000000060130ac      0x124 /home/sansigolo/GameDev/joengine/Compiler/SH_NONE_ELF/bin/../lib/gcc/sh-none-elf/8.2.0/../../../../sh-none-elf/lib/libc.a(lib_a-mprec.o)
                0x00000000060130b8                __mprec_tinytens
                0x00000000060130e0                __mprec_bigtens
                0x0000000006013108                __mprec_tens
 .rodata        0x00000000060131d0       0x20 /home/sansigolo/GameDev/joengine/Compiler/SH_NONE_ELF/bin/../lib/gcc/sh-none-elf/8.2.0/../../../../sh-none-elf/lib/libc.a(lib_a-svfiprintf.o)
 .rodata        0x00000000060131f0      0x284 /home/sansigolo/GameDev/joengine/Compiler/SH_NONE_ELF/bin/../lib/gcc/sh-none-elf/8.2.0/../../../../sh-none-elf/lib/libc.a(lib_a-ctype_.o)
                0x00000000060131f0                _ctype_
                0x00000000060132f4                _ctype_b
 .rodata        0x0000000006013474       0x14 /home/sansigolo/GameDev/joengine/Compiler/SH_NONE_ELF/bin/../lib/gcc/sh-none-elf/8.2.0/libgcc.a(_thenan_df.o)
                0x0000000006013474                __thenan_df
 .rodata        0x0000000006013488      0x100 /home/sansigolo/GameDev/joengine/Compiler/SH_NONE_ELF/bin/../lib/gcc/sh-none-elf/8.2.0/libgcc.a(_clz.o)
                0x0000000006013488                __clz_tab

.rodata.str1.4  0x0000000006013588      0xeca
 .rodata.str1.4
                0x0000000006013588      0xe58 /tmp/cci4Qnqx.ltrans0.ltrans.o
                                        0xe71 (size before relaxing)
 .rodata.str1.4
                0x00000000060143e0       0x3a /home/sansigolo/GameDev/joengine/Compiler/SH_NONE_ELF/bin/../lib/gcc/sh-none-elf/8.2.0/../../../../sh-none-elf/lib/libc.a(lib_a-svfprintf.o)
 *fill*         0x000000000601441a        0x2 
 .rodata.str1.4
                0x000000000601441c        0xd /home/sansigolo/GameDev/joengine/Compiler/SH_NONE_ELF/bin/../lib/gcc/sh-none-elf/8.2.0/../../../../sh-none-elf/lib/libc.a(lib_a-dtoa.o)
                                         0x12 (size before relaxing)
 *fill*         0x0000000006014429        0x3 
 .rodata.str1.4
                0x000000000601442c        0xa /home/sansigolo/GameDev/joengine/Compiler/SH_NONE_ELF/bin/../lib/gcc/sh-none-elf/8.2.0/../../../../sh-none-elf/lib/libc.a(lib_a-locale.o)
                                         0x12 (size before relaxing)
 .rodata.str1.4
                0x0000000006014436       0x25 /home/sansigolo/GameDev/joengine/Compiler/SH_NONE_ELF/bin/../lib/gcc/sh-none-elf/8.2.0/../../../../sh-none-elf/lib/libc.a(lib_a-svfiprintf.o)
 *fill*         0x0000000006014436        0x2 
 .rodata.str1.4
                0x0000000006014438       0x1a /home/sansigolo/GameDev/joengine/Compiler/SH_NONE_ELF/bin/../lib/gcc/sh-none-elf/8.2.0/../../../../sh-none-elf/lib/libc.a(lib_a-syscalls.o)

.eh_frame       0x0000000006014454      0x170
 .eh_frame      0x0000000006014454       0xa8 /home/sansigolo/GameDev/joengine/Compiler/SH_NONE_ELF/bin/../lib/gcc/sh-none-elf/8.2.0/libgcc.a(_udivdi3.o)
 .eh_frame      0x00000000060144fc       0xc8 /home/sansigolo/GameDev/joengine/Compiler/SH_NONE_ELF/bin/../lib/gcc/sh-none-elf/8.2.0/libgcc.a(_umoddi3.o)
                                         0xdc (size before relaxing)

.rela.dyn       0x00000000060145c4        0x0
 .rela.text     0x00000000060145c4        0x0 /home/sansigolo/GameDev/joengine/Compiler/SH_NONE_ELF/bin/../lib/gcc/sh-none-elf/8.2.0/../../../../sh-none-elf/lib/libc.a(lib_a-sbrkr.o)
 .rela.text.startup
                0x00000000060145c4        0x0 /home/sansigolo/GameDev/joengine/Compiler/SH_NONE_ELF/bin/../lib/gcc/sh-none-elf/8.2.0/../../../../sh-none-elf/lib/libc.a(lib_a-sbrkr.o)

SLPROG          0x00000000060145e0    0x116a0
                0x00000000060145e0                __slprog_start = .
 *(SLPROG)
 SLPROG         0x00000000060145e0     0x6540 ../../Compiler/SGL_302j/LIB_COFF/SGLAREA.O
                0x00000000060145e0                MasterStack
                0x00000000060145e4                SlaveStack
                0x00000000060145e8                MaxVertices
                0x00000000060145ea                MaxPolygons
                0x00000000060145ec                SortList
                0x00000000060145f0                SortListSize
                0x00000000060145f4                TransList
                0x00000000060145f8                Zbuffer
                0x00000000060145fc                SpriteBuf
                0x0000000006014600                SpriteBufSize
                0x0000000006014604                Pbuffer
                0x0000000006014608                CommandBuf
                0x000000000601460c                CLOfstBuf
                0x0000000006014610                PCM_Work
                0x0000000006014614                PCM_WkSize
                0x0000000006014618                MaxEvents
                0x000000000601461a                EventSize
                0x000000000601461c                MaxWorks
                0x000000000601461e                WorkSize
                0x0000000006014620                RemainEvent
                0x0000000006014720                RemainWork
                0x0000000006014b20                EventBuf
                0x0000000006016b20                WorkBuf
 SLPROG         0x000000000601ab20       0x18 ../../Compiler/SGL_302j/LIB_COFF/LIBSGL.A(sglA15.o)
                0x000000000601ab20                slSlaveFunc
 *fill*         0x000000000601ab38        0x8 
 SLPROG         0x000000000601ab40      0x42c ../../Compiler/SGL_302j/LIB_COFF/LIBSGL.A(sglA20.o)
                0x000000000601ab40                slInitMatrix
                0x000000000601ab4a                slPushUnitMatrix
                0x000000000601ab5e                slUnitMatrix
 *fill*         0x000000000601af6c        0x4 
 SLPROG         0x000000000601af70       0x48 ../../Compiler/SGL_302j/LIB_COFF/LIBSGL.A(sglA21.o)
                0x000000000601af70                slPushMatrix
                0x000000000601afa4                slPopMatrix
                0x000000000601afa4                slDecMatrixPtr
 *fill*         0x000000000601afb8        0x8 
 SLPROG         0x000000000601afc0       0x50 ../../Compiler/SGL_302j/LIB_COFF/LIBSGL.A(sglA27.o)
                0x000000000601afc0                slTranslate
 SLPROG         0x000000000601b010       0x20 ../../Compiler/SGL_302j/LIB_COFF/LIBSGL.A(sglB001.o)
                0x000000000601b010                slTVOn
                0x000000000601b01a                slTVOff
 SLPROG         0x000000000601b030       0x24 ../../Compiler/SGL_302j/LIB_COFF/LIBSGL.A(sglB011.o)
                0x000000000601b030                slBitMapNbg1
 *fill*         0x000000000601b054        0xc 
 SLPROG         0x000000000601b060      0x40c ../../Compiler/SGL_302j/LIB_COFF/LIBSGL.A(sglB015.o)
                0x000000000601b060                slScrAutoDisp
 *fill*         0x000000000601b46c        0x4 
 SLPROG         0x000000000601b470        0xc ../../Compiler/SGL_302j/LIB_COFF/LIBSGL.A(sglB016.o)
                0x000000000601b470                slBack1ColSet
 *fill*         0x000000000601b47c        0x4 
 SLPROG         0x000000000601b480       0xb4 ../../Compiler/SGL_302j/LIB_COFF/LIBSGL.A(sglB032.o)
                0x000000000601b480                slMapNbg1
 *fill*         0x000000000601b534        0xc 
 SLPROG         0x000000000601b540        0xc ../../Compiler/SGL_302j/LIB_COFF/LIBSGL.A(sglB053.o)
                0x000000000601b540                slZoomNbg1
 *fill*         0x000000000601b54c        0x4 
 SLPROG         0x000000000601b550        0xc ../../Compiler/SGL_302j/LIB_COFF/LIBSGL.A(sglB056.o)
                0x000000000601b550                slPlaneNbg1
 *fill*         0x000000000601b55c        0x4 
 SLPROG         0x000000000601b560        0xc ../../Compiler/SGL_302j/LIB_COFF/LIBSGL.A(sglB063.o)
                0x000000000601b560                slPriority
 *fill*         0x000000000601b56c        0x4 
 SLPROG         0x000000000601b570      0x114 ../../Compiler/SGL_302j/LIB_COFF/LIBSGL.A(sglB200.o)
                0x000000000601b570                slCharRbg0
                0x000000000601b57c                slCharNbg0
                0x000000000601b588                slCharNbg1
                0x000000000601b594                slCharNbg2
                0x000000000601b5aa                slCharNbg3
                0x000000000601b5c2                slPageRbg0
                0x000000000601b5d8                slPageNbg1
                0x000000000601b5e0                slPageNbg2
                0x000000000601b5e8                slPageNbg3
                0x000000000601b5f4                slPageNbg0
 *fill*         0x000000000601b684        0xc 
 SLPROG         0x000000000601b690       0xfa ../../Compiler/SGL_302j/LIB_COFF/LIBSGL.A(sglC06.o)
                0x000000000601b690                slDispSprite
 *fill*         0x000000000601b78a        0x6 
 SLPROG         0x000000000601b790      0x162 ../../Compiler/SGL_302j/LIB_COFF/LIBSGL.A(sglC07.o)
                0x000000000601b796                slPutSprite
 *fill*         0x000000000601b8f2        0xe 
 SLPROG         0x000000000601b900     0x1218 ../../Compiler/SGL_302j/LIB_COFF/LIBSGL.A(sglC08.o)
                0x000000000601b900                slPutPolygon
                0x000000000601c57c                MsCalcDepthFlat
 *fill*         0x000000000601cb18        0x8 
 SLPROG         0x000000000601cb20       0x40 ../../Compiler/SGL_302j/LIB_COFF/LIBSGL.A(sglC20.o)
                0x000000000601cb20                SpriteEntry
 SLPROG         0x000000000601cb60       0x84 ../../Compiler/SGL_302j/LIB_COFF/LIBSGL.A(sglD00.o)
                0x000000000601cb60                slDMACopy
                0x000000000601cb60                slCpuDMACopy
                0x000000000601cbba                slCashPurge
                0x000000000601cbba                CSH_AllClr
 *fill*         0x000000000601cbe4        0xc 
 SLPROG         0x000000000601cbf0       0xa0 ../../Compiler/SGL_302j/LIB_COFF/LIBSGL.A(sglD01.o)
                0x000000000601cbf0                slDMAXCopy
 SLPROG         0x000000000601cc90        0xc ../../Compiler/SGL_302j/LIB_COFF/LIBSGL.A(sglD03.o)
                0x000000000601cc90                slDMAStatus
 *fill*         0x000000000601cc9c        0x4 
 SLPROG         0x000000000601cca0       0x20 ../../Compiler/SGL_302j/LIB_COFF/LIBSGL.A(sglD15.o)
                0x000000000601cca0                CSH_Purge
 SLPROG         0x000000000601ccc0       0x84 ../../Compiler/SGL_302j/LIB_COFF/LIBSGL.A(sglD16.o)
                0x000000000601ccc0                DMA_ScuSetPrm
                0x000000000601cd08                DMA_SCU_PRM0
 *fill*         0x000000000601cd44        0xc 
 SLPROG         0x000000000601cd50       0x88 ../../Compiler/SGL_302j/LIB_COFF/LIBSGL.A(sglD17.o)
                0x000000000601cd50                DMA_ScuStart
 *fill*         0x000000000601cdd8        0x8 
 SLPROG         0x000000000601cde0       0x34 ../../Compiler/SGL_302j/LIB_COFF/LIBSGL.A(sglD18.o)
                0x000000000601cde0                DMA_ScuGetStatus
 *fill*         0x000000000601ce14        0xc 
 SLPROG         0x000000000601ce20       0x4e ../../Compiler/SGL_302j/LIB_COFF/LIBSGL.A(sglF00.o)
                0x000000000601ce20                slCurScrn
                0x000000000601ce30                slCurColor
                0x000000000601ce3a                slLocate
                0x000000000601ce6c                CurrentScreen
 *fill*         0x000000000601ce6e        0x2 
 SLPROG         0x000000000601ce70       0x1c ../../Compiler/SGL_302j/LIB_COFF/LIBSGL.A(sglF05.o)
                0x000000000601ce70                slPrint
 *fill*         0x000000000601ce8c        0x4 
 SLPROG         0x000000000601ce90      0xfc8 ../../Compiler/SGL_302j/LIB_COFF/LIBSGL.A(sglH00.o)
                0x000000000601cea8                slGetPortDir1
                0x000000000601ceb0                slGetPortDir2
                0x000000000601ceb8                slSetPortDir1
                0x000000000601cee2                slSetPortDir2
                0x000000000601cf1c                slGetPortData1
                0x000000000601cf24                slGetPortData2
                0x000000000601cf2c                slSetPortData1
                0x000000000601cf36                slSetPortData2
                0x000000000601cf48                slGetPortSelect1
                0x000000000601cf52                slGetPortSelect2
                0x000000000601cf5c                slSetPortSelect1
                0x000000000601cf90                slSetPortSelect2
                0x000000000601cfcc                slGetPortExt1
                0x000000000601cfd6                slGetPortExt2
                0x000000000601cfe0                slSetPortExt1
                0x000000000601d010                slSetPortExt2
                0x000000000601d184                slSmpcDirectAccess
                0x000000000601d204                slInitPeripheral
                0x000000000601d296                slSetResultBuffer
                0x000000000601d322                slCheckIntBackSet
                0x000000000601d32e                slIntBackCancel
                0x000000000601d358                slCheckReset
                0x000000000601d362                slClearReset
                0x000000000601d528                slSmpcCashSend
                0x000000000601d5e4                slSmpcCashBlow
                0x000000000601d6c0                slGetOptimize
                0x000000000601d6ca                slSetOptimize
                0x000000000601d6f0                slGetPortMode1
                0x000000000601d6fc                slGetPortMode2
                0x000000000601d70a                slSetPortMode1
                0x000000000601d748                slSetPortMode2
                0x000000000601d8d4                slRequestCommand
                0x000000000601d944                Smpc_Status
                0x000000000601d948                Smpc_Result
                0x000000000601d94c                Smpc_Peripheral
                0x000000000601d952                Per_Connect1
                0x000000000601d953                Per_Connect2
                0x000000000601d974                SmpcStatusBuf
 *fill*         0x000000000601de58        0x8 
 SLPROG         0x000000000601de60       0xa8 ../../Compiler/SGL_302j/LIB_COFF/LIBSGL.A(sglH01.o)
                0x000000000601de60                slGetLanguage
                0x000000000601de6a                slSetLanguage
                0x000000000601de8c                slGetSoundEffect
                0x000000000601de98                slSetSoundEffect
                0x000000000601deb4                slGetSoundOutput
                0x000000000601dec0                slSetSoundOutput
                0x000000000601dedc                slGetHelpWindow
                0x000000000601dee8                slSetHelpWindow
 *fill*         0x000000000601df08        0x8 
 SLPROG         0x000000000601df10      0x470 ../../Compiler/SGL_302j/LIB_COFF/LIBSGL.A(sglH02.o)
                0x000000000601e300                smpc_pfr_tbl
                0x000000000601e340                smpc_ptf_tbl
 SLPROG         0x000000000601e380       0x60 ../../Compiler/SGL_302j/LIB_COFF/LIBSGL.A(sglH04.o)
                0x000000000601e380                slComPrmIntBack
                0x000000000601e394                slComPrmSetMemory
                0x000000000601e3aa                slComPrmSetTime
 SLPROG         0x000000000601e3e0      0x3a4 ../../Compiler/SGL_302j/LIB_COFF/LIBSGL.A(sglI01.o)
                0x000000000601e3e0                slInitSynch
                0x000000000601e3fa                slSynch
                0x000000000601e4f0                slRandom
                0x000000000601e50e                PCM_EndCheck
                0x000000000601e5ca                RetPCMBuf
                0x000000000601e664                PCM_Buf
                0x000000000601e704                Sound_Buf
 *fill*         0x000000000601e784        0xc 
 SLPROG         0x000000000601e790       0x74 ../../Compiler/SGL_302j/LIB_COFF/LIBSGL.A(sglJ00.o)
                0x000000000601e790                InitSlaveSH
                0x000000000601e7f8                SlaveCommand
 *fill*         0x000000000601e804        0xc 
 SLPROG         0x000000000601e810      0x3d0 ../../Compiler/SGL_302j/LIB_COFF/LIBSGL.A(sglJ01.o)
                0x000000000601e810                SlaveControl
                0x000000000601ebcc                ErasePolygonData
 SLPROG         0x000000000601ebe0     0x12b8 ../../Compiler/SGL_302j/LIB_COFF/LIBSGL.A(sglJ02.o)
                0x000000000601ebe0                sbMakePolygon
                0x000000000601edc8                sbCalcPolygon
                0x000000000601fb00                SetTexture
                0x000000000601fb0c                SetPolygon
                0x000000000601fb14                SetPosition
                0x000000000601fb4c                stvtc_4
                0x000000000601fc04                stvtc_3
                0x000000000601fe14                stvtc_1
                0x000000000601fe28                stvtc_2
                0x000000000601fe3c                stvtc_0
 *fill*         0x000000000601fe98        0x8 
 SLPROG         0x000000000601fea0      0x140 ../../Compiler/SGL_302j/LIB_COFF/LIBSGL.A(sglJ03.o)
                0x000000000601fea0                sbMakeDMATable
 SLPROG         0x000000000601ffe0      0x470 ../../Compiler/SGL_302j/LIB_COFF/LIBSGL.A(sglJ04.o)
                0x000000000602003e                sbMakeSprite
                0x00000000060200a4                sbMakeRotSprite
 SLPROG         0x0000000006020450       0x3c ../../Compiler/SGL_302j/LIB_COFF/LIBSGL.A(sglJ05.o)
                0x0000000006020450                sbSortEntry
 *fill*         0x000000000602048c        0x4 
 SLPROG         0x0000000006020490       0x6a ../../Compiler/SGL_302j/LIB_COFF/LIBSGL.A(sglM01.o)
                0x0000000006020490                slSetDepthLimit
                0x00000000060204bc                slSetDepthTbl
                0x00000000060204ec                DepthWorkArea
 *fill*         0x00000000060204fa        0x6 
 SLPROG         0x0000000006020500       0x20 ../../Compiler/SGL_302j/LIB_COFF/LIBSGL.A(sglA00.o)
                0x0000000006020500                set_imask
                0x0000000006020500                _builtin_set_imask
                0x0000000006020514                get_imask
                0x0000000006020514                _builtin_get_imask
 SLPROG         0x0000000006020520     0x411e ../../Compiler/SGL_302j/LIB_COFF/LIBSGL.A(sglA01.o)
                0x0000000006020520                slSin
                0x0000000006020544                slCos
                0x0000000006020568                GetSinCos
                0x00000000060205fc                sin_cos_index_tbl
                0x000000000602063c                sin_tbl
 *fill*         0x000000000602463e        0x2 
 SLPROG         0x0000000006024640      0xbd0 ../../Compiler/SGL_302j/LIB_COFF/LIBSGL.A(sglB000.o)
                0x0000000006024640                slInitScroll
                0x0000000006024760                setASC_1to8
                0x0000000006024790                setASC_4to8
                0x00000000060248a0                TVSizeTbl
                0x0000000006024920                TVModeTbl
                0x0000000006024af8                SGL_ASCII_CG
 SLPROG         0x0000000006025210       0xd4 ../../Compiler/SGL_302j/LIB_COFF/LIBSGL.A(sglB035.o)
                0x0000000006025210                sl1MapRA
                0x00000000060252a2                rbank_set
 *fill*         0x00000000060252e4        0xc 
 SLPROG         0x00000000060252f0      0x134 ../../Compiler/SGL_302j/LIB_COFF/LIBSGL.A(sglC00.o)
                0x00000000060252f0                slInitSprite
 *fill*         0x0000000006025424        0xc 
 SLPROG         0x0000000006025430      0x75c ../../Compiler/SGL_302j/LIB_COFF/LIBSGL.A(sglI00.o)
                0x0000000006025720                slInitInterrupt
 *fill*         0x0000000006025b8c        0x4 
 SLPROG         0x0000000006025b90       0xf0 ../../Compiler/SGL_302j/LIB_COFF/LIBSGL.A(sglH03.o)
                0x0000000006025bf4                slSmpcIntBack
                0x0000000006025c80                __slprog_end = .

.tors           0x0000000006025c80        0x0
                0x0000000006025c80                ___ctors = .
 *(.ctors)
                0x0000000006025c80                ___ctors_end = .
                0x0000000006025c80                ___dtors = .
 *(.dtors)
                0x0000000006025c80                ___dtors_end = .

.data           0x0000000006025c80      0x634
 *(.data)
 .data          0x0000000006025c80        0x0 ../../Compiler/SGL_302j/LIB_COFF/SGLAREA.O
 .data          0x0000000006025c80       0x1c /tmp/cci4Qnqx.ltrans0.ltrans.o
 *fill*         0x0000000006025c9c        0x4 
 .data          0x0000000006025ca0        0x0 ../../Compiler/SGL_302j/LIB_COFF/SEGA_SYS.A(sys_exit.o)
 .data          0x0000000006025ca0        0x0 ../../Compiler/SGL_302j/LIB_COFF/SEGA_SYS.A(sys_sub.o)
 .data          0x0000000006025ca0        0x0 ../../Compiler/SGL_302j/LIB_COFF/LIBCD.A(CDC_CMN.O)
 .data          0x0000000006025ca0        0x0 ../../Compiler/SGL_302j/LIB_COFF/LIBCD.A(CDC_CFS.O)
 .data          0x0000000006025ca0        0x0 ../../Compiler/SGL_302j/LIB_COFF/LIBCD.A(CDC_REG.O)
 .data          0x0000000006025ca0        0x0 ../../Compiler/SGL_302j/LIB_COFF/LIBCD.A(CDC_SUB.O)
 .data          0x0000000006025ca0        0x0 ../../Compiler/SGL_302j/LIB_COFF/LIBCD.A(GFS.O)
 .data          0x0000000006025ca0        0x0 ../../Compiler/SGL_302j/LIB_COFF/LIBCD.A(GFS_BUF.O)
 .data          0x0000000006025ca0        0x0 ../../Compiler/SGL_302j/LIB_COFF/LIBCD.A(GFS_CDB.O)
 .data          0x0000000006025ca0        0x0 ../../Compiler/SGL_302j/LIB_COFF/LIBCD.A(GFS_CDC.O)
 .data          0x0000000006025ca0        0x0 ../../Compiler/SGL_302j/LIB_COFF/LIBCD.A(GFS_CDF.O)
 .data          0x0000000006025ca0        0x0 ../../Compiler/SGL_302j/LIB_COFF/LIBCD.A(GFS_DIR.O)
 .data          0x0000000006025ca0        0x0 ../../Compiler/SGL_302j/LIB_COFF/LIBCD.A(GFS_TRN.O)
 .data          0x0000000006025ca0        0x0 ../../Compiler/SGL_302j/LIB_COFF/LIBCD.A(CDC_DRV.O)
 .data          0x0000000006025ca0        0x0 ../../Compiler/SGL_302j/LIB_COFF/LIBCD.A(CDC_DEV.O)
 .data          0x0000000006025ca0        0x0 ../../Compiler/SGL_302j/LIB_COFF/LIBCD.A(CDC_SEL.O)
 .data          0x0000000006025ca0        0x0 ../../Compiler/SGL_302j/LIB_COFF/LIBCD.A(CDC_BIF.O)
 .data          0x0000000006025ca0        0x0 ../../Compiler/SGL_302j/LIB_COFF/LIBCD.A(CDC_BIO.O)
 .data          0x0000000006025ca0        0x0 ../../Compiler/SGL_302j/LIB_COFF/LIBSGL.A(sglA15.o)
 .data          0x0000000006025ca0        0x0 ../../Compiler/SGL_302j/LIB_COFF/LIBSGL.A(sglA20.o)
 .data          0x0000000006025ca0        0x0 ../../Compiler/SGL_302j/LIB_COFF/LIBSGL.A(sglA21.o)
 .data          0x0000000006025ca0        0x0 ../../Compiler/SGL_302j/LIB_COFF/LIBSGL.A(sglA27.o)
 .data          0x0000000006025ca0        0x0 ../../Compiler/SGL_302j/LIB_COFF/LIBSGL.A(sglB001.o)
 .data          0x0000000006025ca0        0x0 ../../Compiler/SGL_302j/LIB_COFF/LIBSGL.A(sglB011.o)
 .data          0x0000000006025ca0        0x0 ../../Compiler/SGL_302j/LIB_COFF/LIBSGL.A(sglB015.o)
 .data          0x0000000006025ca0        0x0 ../../Compiler/SGL_302j/LIB_COFF/LIBSGL.A(sglB016.o)
 .data          0x0000000006025ca0        0x0 ../../Compiler/SGL_302j/LIB_COFF/LIBSGL.A(sglB032.o)
 .data          0x0000000006025ca0        0x0 ../../Compiler/SGL_302j/LIB_COFF/LIBSGL.A(sglB053.o)
 .data          0x0000000006025ca0        0x0 ../../Compiler/SGL_302j/LIB_COFF/LIBSGL.A(sglB056.o)
 .data          0x0000000006025ca0        0x0 ../../Compiler/SGL_302j/LIB_COFF/LIBSGL.A(sglB063.o)
 .data          0x0000000006025ca0        0x0 ../../Compiler/SGL_302j/LIB_COFF/LIBSGL.A(sglB200.o)
 .data          0x0000000006025ca0        0x0 ../../Compiler/SGL_302j/LIB_COFF/LIBSGL.A(sglC06.o)
 .data          0x0000000006025ca0        0x0 ../../Compiler/SGL_302j/LIB_COFF/LIBSGL.A(sglC07.o)
 .data          0x0000000006025ca0        0x0 ../../Compiler/SGL_302j/LIB_COFF/LIBSGL.A(sglC08.o)
 .data          0x0000000006025ca0        0x0 ../../Compiler/SGL_302j/LIB_COFF/LIBSGL.A(sglC20.o)
 .data          0x0000000006025ca0        0x0 ../../Compiler/SGL_302j/LIB_COFF/LIBSGL.A(sglD00.o)
 .data          0x0000000006025ca0        0x0 ../../Compiler/SGL_302j/LIB_COFF/LIBSGL.A(sglD01.o)
 .data          0x0000000006025ca0        0x0 ../../Compiler/SGL_302j/LIB_COFF/LIBSGL.A(sglD03.o)
 .data          0x0000000006025ca0        0x0 ../../Compiler/SGL_302j/LIB_COFF/LIBSGL.A(sglD15.o)
 .data          0x0000000006025ca0        0x0 ../../Compiler/SGL_302j/LIB_COFF/LIBSGL.A(sglD16.o)
 .data          0x0000000006025ca0        0x0 ../../Compiler/SGL_302j/LIB_COFF/LIBSGL.A(sglD17.o)
 .data          0x0000000006025ca0        0x0 ../../Compiler/SGL_302j/LIB_COFF/LIBSGL.A(sglD18.o)
 .data          0x0000000006025ca0        0x0 ../../Compiler/SGL_302j/LIB_COFF/LIBSGL.A(sglF00.o)
 .data          0x0000000006025ca0        0x0 ../../Compiler/SGL_302j/LIB_COFF/LIBSGL.A(sglF05.o)
 .data          0x0000000006025ca0        0x0 ../../Compiler/SGL_302j/LIB_COFF/LIBSGL.A(sglH00.o)
 .data          0x0000000006025ca0        0x0 ../../Compiler/SGL_302j/LIB_COFF/LIBSGL.A(sglH01.o)
 .data          0x0000000006025ca0        0x0 ../../Compiler/SGL_302j/LIB_COFF/LIBSGL.A(sglH02.o)
 .data          0x0000000006025ca0        0x0 ../../Compiler/SGL_302j/LIB_COFF/LIBSGL.A(sglH04.o)
 .data          0x0000000006025ca0        0x0 ../../Compiler/SGL_302j/LIB_COFF/LIBSGL.A(sglI01.o)
 .data          0x0000000006025ca0       0x80 ../../Compiler/SGL_302j/LIB_COFF/LIBSGL.A(sglIc0.o)
                0x0000000006025ca0                IntPrioMask
 .data          0x0000000006025d20        0x0 ../../Compiler/SGL_302j/LIB_COFF/LIBSGL.A(sglJ00.o)
 .data          0x0000000006025d20        0x0 ../../Compiler/SGL_302j/LIB_COFF/LIBSGL.A(sglJ01.o)
 .data          0x0000000006025d20        0x0 ../../Compiler/SGL_302j/LIB_COFF/LIBSGL.A(sglJ02.o)
 .data          0x0000000006025d20        0x0 ../../Compiler/SGL_302j/LIB_COFF/LIBSGL.A(sglJ03.o)
 .data          0x0000000006025d20        0x0 ../../Compiler/SGL_302j/LIB_COFF/LIBSGL.A(sglJ04.o)
 .data          0x0000000006025d20        0x0 ../../Compiler/SGL_302j/LIB_COFF/LIBSGL.A(sglJ05.o)
 .data          0x0000000006025d20        0x0 ../../Compiler/SGL_302j/LIB_COFF/LIBSGL.A(sglK01.o)
 .data          0x0000000006025d20        0x0 ../../Compiler/SGL_302j/LIB_COFF/LIBSGL.A(sglM01.o)
 .data          0x0000000006025d20        0x0 ../../Compiler/SGL_302j/LIB_COFF/LIBSGL.A(sglA00.o)
 .data          0x0000000006025d20        0x0 ../../Compiler/SGL_302j/LIB_COFF/LIBSGL.A(sglA01.o)
 .data          0x0000000006025d20        0x0 ../../Compiler/SGL_302j/LIB_COFF/LIBSGL.A(sglB000.o)
 .data          0x0000000006025d20        0x0 ../../Compiler/SGL_302j/LIB_COFF/LIBSGL.A(sglB035.o)
 .data          0x0000000006025d20        0x0 ../../Compiler/SGL_302j/LIB_COFF/LIBSGL.A(sglC00.o)
 .data          0x0000000006025d20        0x0 ../../Compiler/SGL_302j/LIB_COFF/LIBSGL.A(sglI00.o)
 .data          0x0000000006025d20        0x0 ../../Compiler/SGL_302j/LIB_COFF/LIBSGL.A(sglH03.o)
 .data          0x0000000006025d20        0x0 /home/sansigolo/GameDev/joengine/Compiler/SH_NONE_ELF/bin/../lib/gcc/sh-none-elf/8.2.0/libgcc.a(_ashiftrt.o)
 .data          0x0000000006025d20        0x0 /home/sansigolo/GameDev/joengine/Compiler/SH_NONE_ELF/bin/../lib/gcc/sh-none-elf/8.2.0/libgcc.a(_sdivsi3.o)
 .data          0x0000000006025d20        0x0 /home/sansigolo/GameDev/joengine/Compiler/SH_NONE_ELF/bin/../lib/gcc/sh-none-elf/8.2.0/libgcc.a(_udivsi3.o)
 .data          0x0000000006025d20        0x0 /home/sansigolo/GameDev/joengine/Compiler/SH_NONE_ELF/bin/../lib/gcc/sh-none-elf/8.2.0/libgcc.a(_mul_sf.o)
 .data          0x0000000006025d20        0x0 /home/sansigolo/GameDev/joengine/Compiler/SH_NONE_ELF/bin/../lib/gcc/sh-none-elf/8.2.0/libgcc.a(_div_sf.o)
 .data          0x0000000006025d20        0x0 /home/sansigolo/GameDev/joengine/Compiler/SH_NONE_ELF/bin/../lib/gcc/sh-none-elf/8.2.0/libgcc.a(_sf_to_si.o)
 .data          0x0000000006025d20        0x0 /home/sansigolo/GameDev/joengine/Compiler/SH_NONE_ELF/bin/../lib/gcc/sh-none-elf/8.2.0/libgcc.a(_thenan_sf.o)
 .data          0x0000000006025d20        0x0 /home/sansigolo/GameDev/joengine/Compiler/SH_NONE_ELF/bin/../lib/gcc/sh-none-elf/8.2.0/libgcc.a(_usi_to_sf.o)
 .data          0x0000000006025d20        0x0 /home/sansigolo/GameDev/joengine/Compiler/SH_NONE_ELF/bin/../lib/gcc/sh-none-elf/8.2.0/libgcc.a(_pack_sf.o)
 .data          0x0000000006025d20        0x0 /home/sansigolo/GameDev/joengine/Compiler/SH_NONE_ELF/bin/../lib/gcc/sh-none-elf/8.2.0/libgcc.a(_unpack_sf.o)
 .data          0x0000000006025d20        0x0 /home/sansigolo/GameDev/joengine/Compiler/SH_NONE_ELF/bin/../lib/gcc/sh-none-elf/8.2.0/../../../../sh-none-elf/lib/libc.a(lib_a-memcmp.o)
 .data          0x0000000006025d20        0x0 /home/sansigolo/GameDev/joengine/Compiler/SH_NONE_ELF/bin/../lib/gcc/sh-none-elf/8.2.0/../../../../sh-none-elf/lib/libc.a(lib_a-memcpy.o)
 .data          0x0000000006025d20        0x0 /home/sansigolo/GameDev/joengine/Compiler/SH_NONE_ELF/bin/../lib/gcc/sh-none-elf/8.2.0/../../../../sh-none-elf/lib/libc.a(lib_a-memset.o)
 .data          0x0000000006025d20        0x0 /home/sansigolo/GameDev/joengine/Compiler/SH_NONE_ELF/bin/../lib/gcc/sh-none-elf/8.2.0/../../../../sh-none-elf/lib/libc.a(lib_a-sprintf.o)
 .data          0x0000000006025d20        0x0 /home/sansigolo/GameDev/joengine/Compiler/SH_NONE_ELF/bin/../lib/gcc/sh-none-elf/8.2.0/../../../../sh-none-elf/lib/libc.a(lib_a-strncmp.o)
 .data          0x0000000006025d20        0x0 /home/sansigolo/GameDev/joengine/Compiler/SH_NONE_ELF/bin/../lib/gcc/sh-none-elf/8.2.0/../../../../sh-none-elf/lib/libc.a(lib_a-strncpy.o)
 .data          0x0000000006025d20        0x0 /home/sansigolo/GameDev/joengine/Compiler/SH_NONE_ELF/bin/../lib/gcc/sh-none-elf/8.2.0/../../../../sh-none-elf/lib/libc.a(lib_a-svfprintf.o)
 .data          0x0000000006025d20        0x0 /home/sansigolo/GameDev/joengine/Compiler/SH_NONE_ELF/bin/../lib/gcc/sh-none-elf/8.2.0/../../../../sh-none-elf/lib/libc.a(lib_a-dtoa.o)
 .data          0x0000000006025d20      0x428 /home/sansigolo/GameDev/joengine/Compiler/SH_NONE_ELF/bin/../lib/gcc/sh-none-elf/8.2.0/../../../../sh-none-elf/lib/libc.a(lib_a-impure.o)
                0x0000000006025d20                _impure_ptr
 .data          0x0000000006026148        0x0 /home/sansigolo/GameDev/joengine/Compiler/SH_NONE_ELF/bin/../lib/gcc/sh-none-elf/8.2.0/../../../../sh-none-elf/lib/libc.a(lib_a-localeconv.o)
 .data          0x0000000006026148      0x16c /home/sansigolo/GameDev/joengine/Compiler/SH_NONE_ELF/bin/../lib/gcc/sh-none-elf/8.2.0/../../../../sh-none-elf/lib/libc.a(lib_a-locale.o)
                0x0000000006026148                __global_locale
 .data          0x00000000060262b4        0x0 /home/sansigolo/GameDev/joengine/Compiler/SH_NONE_ELF/bin/../lib/gcc/sh-none-elf/8.2.0/../../../../sh-none-elf/lib/libc.a(lib_a-mbtowc_r.o)
 .data          0x00000000060262b4        0x0 /home/sansigolo/GameDev/joengine/Compiler/SH_NONE_ELF/bin/../lib/gcc/sh-none-elf/8.2.0/../../../../sh-none-elf/lib/libc.a(lib_a-memchr.o)
 .data          0x00000000060262b4        0x0 /home/sansigolo/GameDev/joengine/Compiler/SH_NONE_ELF/bin/../lib/gcc/sh-none-elf/8.2.0/../../../../sh-none-elf/lib/libc.a(lib_a-mprec.o)
 .data          0x00000000060262b4        0x0 /home/sansigolo/GameDev/joengine/Compiler/SH_NONE_ELF/bin/../lib/gcc/sh-none-elf/8.2.0/../../../../sh-none-elf/lib/libc.a(lib_a-nano-callocr.o)
 .data          0x00000000060262b4        0x0 /home/sansigolo/GameDev/joengine/Compiler/SH_NONE_ELF/bin/../lib/gcc/sh-none-elf/8.2.0/../../../../sh-none-elf/lib/libc.a(lib_a-nano-mallocr.o)
 .data          0x00000000060262b4        0x0 /home/sansigolo/GameDev/joengine/Compiler/SH_NONE_ELF/bin/../lib/gcc/sh-none-elf/8.2.0/../../../../sh-none-elf/lib/libc.a(lib_a-sbrkr.o)
 .data          0x00000000060262b4        0x0 /home/sansigolo/GameDev/joengine/Compiler/SH_NONE_ELF/bin/../lib/gcc/sh-none-elf/8.2.0/../../../../sh-none-elf/lib/libc.a(lib_a-strcmp.o)
 .data          0x00000000060262b4        0x0 /home/sansigolo/GameDev/joengine/Compiler/SH_NONE_ELF/bin/../lib/gcc/sh-none-elf/8.2.0/../../../../sh-none-elf/lib/libc.a(lib_a-strlen.o)
 .data          0x00000000060262b4        0x0 /home/sansigolo/GameDev/joengine/Compiler/SH_NONE_ELF/bin/../lib/gcc/sh-none-elf/8.2.0/../../../../sh-none-elf/lib/libc.a(lib_a-svfiprintf.o)
 .data          0x00000000060262b4        0x0 /home/sansigolo/GameDev/joengine/Compiler/SH_NONE_ELF/bin/../lib/gcc/sh-none-elf/8.2.0/../../../../sh-none-elf/lib/libc.a(lib_a-syscalls.o)
 .data          0x00000000060262b4        0x0 /home/sansigolo/GameDev/joengine/Compiler/SH_NONE_ELF/bin/../lib/gcc/sh-none-elf/8.2.0/../../../../sh-none-elf/lib/libc.a(lib_a-trap.o)
 .data          0x00000000060262b4        0x0 /home/sansigolo/GameDev/joengine/Compiler/SH_NONE_ELF/bin/../lib/gcc/sh-none-elf/8.2.0/../../../../sh-none-elf/lib/libc.a(lib_a-wctomb_r.o)
 .data          0x00000000060262b4        0x0 /home/sansigolo/GameDev/joengine/Compiler/SH_NONE_ELF/bin/../lib/gcc/sh-none-elf/8.2.0/../../../../sh-none-elf/lib/libc.a(lib_a-abort.o)
 .data          0x00000000060262b4        0x0 /home/sansigolo/GameDev/joengine/Compiler/SH_NONE_ELF/bin/../lib/gcc/sh-none-elf/8.2.0/../../../../sh-none-elf/lib/libc.a(lib_a-ctype_.o)
 .data          0x00000000060262b4        0x0 /home/sansigolo/GameDev/joengine/Compiler/SH_NONE_ELF/bin/../lib/gcc/sh-none-elf/8.2.0/../../../../sh-none-elf/lib/libc.a(lib_a-memmove.o)
 .data          0x00000000060262b4        0x0 /home/sansigolo/GameDev/joengine/Compiler/SH_NONE_ELF/bin/../lib/gcc/sh-none-elf/8.2.0/../../../../sh-none-elf/lib/libc.a(lib_a-mlock.o)
 .data          0x00000000060262b4        0x0 /home/sansigolo/GameDev/joengine/Compiler/SH_NONE_ELF/bin/../lib/gcc/sh-none-elf/8.2.0/../../../../sh-none-elf/lib/libc.a(lib_a-nano-freer.o)
 .data          0x00000000060262b4        0x0 /home/sansigolo/GameDev/joengine/Compiler/SH_NONE_ELF/bin/../lib/gcc/sh-none-elf/8.2.0/../../../../sh-none-elf/lib/libc.a(lib_a-nano-reallocr.o)
 .data          0x00000000060262b4        0x0 /home/sansigolo/GameDev/joengine/Compiler/SH_NONE_ELF/bin/../lib/gcc/sh-none-elf/8.2.0/../../../../sh-none-elf/lib/libc.a(lib_a-signal.o)
 .data          0x00000000060262b4        0x0 /home/sansigolo/GameDev/joengine/Compiler/SH_NONE_ELF/bin/../lib/gcc/sh-none-elf/8.2.0/../../../../sh-none-elf/lib/libc.a(lib_a-signalr.o)
 .data          0x00000000060262b4        0x0 /home/sansigolo/GameDev/joengine/Compiler/SH_NONE_ELF/bin/../lib/gcc/sh-none-elf/8.2.0/../../../../sh-none-elf/lib/libc.a(lib_a-nano-msizer.o)
 .data          0x00000000060262b4        0x0 /home/sansigolo/GameDev/joengine/Compiler/SH_NONE_ELF/bin/../lib/gcc/sh-none-elf/8.2.0/libgcc.a(_ashiftrt_n.o)
 .data          0x00000000060262b4        0x0 /home/sansigolo/GameDev/joengine/Compiler/SH_NONE_ELF/bin/../lib/gcc/sh-none-elf/8.2.0/libgcc.a(_ashiftlt.o)
 .data          0x00000000060262b4        0x0 /home/sansigolo/GameDev/joengine/Compiler/SH_NONE_ELF/bin/../lib/gcc/sh-none-elf/8.2.0/libgcc.a(_lshiftrt.o)
 .data          0x00000000060262b4        0x0 /home/sansigolo/GameDev/joengine/Compiler/SH_NONE_ELF/bin/../lib/gcc/sh-none-elf/8.2.0/libgcc.a(_udivdi3.o)
 .data          0x00000000060262b4        0x0 /home/sansigolo/GameDev/joengine/Compiler/SH_NONE_ELF/bin/../lib/gcc/sh-none-elf/8.2.0/libgcc.a(_umoddi3.o)
 .data          0x00000000060262b4        0x0 /home/sansigolo/GameDev/joengine/Compiler/SH_NONE_ELF/bin/../lib/gcc/sh-none-elf/8.2.0/libgcc.a(_addsub_df.o)
 .data          0x00000000060262b4        0x0 /home/sansigolo/GameDev/joengine/Compiler/SH_NONE_ELF/bin/../lib/gcc/sh-none-elf/8.2.0/libgcc.a(_mul_df.o)
 .data          0x00000000060262b4        0x0 /home/sansigolo/GameDev/joengine/Compiler/SH_NONE_ELF/bin/../lib/gcc/sh-none-elf/8.2.0/libgcc.a(_div_df.o)
 .data          0x00000000060262b4        0x0 /home/sansigolo/GameDev/joengine/Compiler/SH_NONE_ELF/bin/../lib/gcc/sh-none-elf/8.2.0/libgcc.a(_eq_df.o)
 .data          0x00000000060262b4        0x0 /home/sansigolo/GameDev/joengine/Compiler/SH_NONE_ELF/bin/../lib/gcc/sh-none-elf/8.2.0/libgcc.a(_ne_df.o)
 .data          0x00000000060262b4        0x0 /home/sansigolo/GameDev/joengine/Compiler/SH_NONE_ELF/bin/../lib/gcc/sh-none-elf/8.2.0/libgcc.a(_gt_df.o)
 .data          0x00000000060262b4        0x0 /home/sansigolo/GameDev/joengine/Compiler/SH_NONE_ELF/bin/../lib/gcc/sh-none-elf/8.2.0/libgcc.a(_ge_df.o)
 .data          0x00000000060262b4        0x0 /home/sansigolo/GameDev/joengine/Compiler/SH_NONE_ELF/bin/../lib/gcc/sh-none-elf/8.2.0/libgcc.a(_lt_df.o)
 .data          0x00000000060262b4        0x0 /home/sansigolo/GameDev/joengine/Compiler/SH_NONE_ELF/bin/../lib/gcc/sh-none-elf/8.2.0/libgcc.a(_le_df.o)
 .data          0x00000000060262b4        0x0 /home/sansigolo/GameDev/joengine/Compiler/SH_NONE_ELF/bin/../lib/gcc/sh-none-elf/8.2.0/libgcc.a(_unord_df.o)
 .data          0x00000000060262b4        0x0 /home/sansigolo/GameDev/joengine/Compiler/SH_NONE_ELF/bin/../lib/gcc/sh-none-elf/8.2.0/libgcc.a(_si_to_df.o)
 .data          0x00000000060262b4        0x0 /home/sansigolo/GameDev/joengine/Compiler/SH_NONE_ELF/bin/../lib/gcc/sh-none-elf/8.2.0/libgcc.a(_df_to_si.o)
 .data          0x00000000060262b4        0x0 /home/sansigolo/GameDev/joengine/Compiler/SH_NONE_ELF/bin/../lib/gcc/sh-none-elf/8.2.0/libgcc.a(_thenan_df.o)
 .data          0x00000000060262b4        0x0 /home/sansigolo/GameDev/joengine/Compiler/SH_NONE_ELF/bin/../lib/gcc/sh-none-elf/8.2.0/libgcc.a(_usi_to_df.o)
 .data          0x00000000060262b4        0x0 /home/sansigolo/GameDev/joengine/Compiler/SH_NONE_ELF/bin/../lib/gcc/sh-none-elf/8.2.0/libgcc.a(_udiv_qrnnd_16.o)
 .data          0x00000000060262b4        0x0 /home/sansigolo/GameDev/joengine/Compiler/SH_NONE_ELF/bin/../lib/gcc/sh-none-elf/8.2.0/libgcc.a(_clz.o)
 .data          0x00000000060262b4        0x0 /home/sansigolo/GameDev/joengine/Compiler/SH_NONE_ELF/bin/../lib/gcc/sh-none-elf/8.2.0/libgcc.a(_clzsi2.o)
 .data          0x00000000060262b4        0x0 /home/sansigolo/GameDev/joengine/Compiler/SH_NONE_ELF/bin/../lib/gcc/sh-none-elf/8.2.0/libgcc.a(_pack_df.o)
 .data          0x00000000060262b4        0x0 /home/sansigolo/GameDev/joengine/Compiler/SH_NONE_ELF/bin/../lib/gcc/sh-none-elf/8.2.0/libgcc.a(_unpack_df.o)
 .data          0x00000000060262b4        0x0 /home/sansigolo/GameDev/joengine/Compiler/SH_NONE_ELF/bin/../lib/gcc/sh-none-elf/8.2.0/libgcc.a(_fpcmp_parts_df.o)
                0x00000000060262b4                __edata = .

.bss            0x00000000060262c0    0x82f1c
                0x00000000060262c0                __bstart = .
 *(.bss)
 .bss           0x00000000060262c0        0x0 ../../Compiler/SGL_302j/LIB_COFF/SGLAREA.O
 .bss           0x00000000060262c0    0x82e94 /tmp/cci4Qnqx.ltrans0.ltrans.o
 *fill*         0x00000000060a9154        0xc 
 .bss           0x00000000060a9160        0x4 ../../Compiler/SGL_302j/LIB_COFF/SEGA_SYS.A(sys_exit.o)
 *fill*         0x00000000060a9164        0xc 
 .bss           0x00000000060a9170        0x0 ../../Compiler/SGL_302j/LIB_COFF/SEGA_SYS.A(sys_sub.o)
 .bss           0x00000000060a9170        0x0 ../../Compiler/SGL_302j/LIB_COFF/LIBCD.A(CDC_CMN.O)
 .bss           0x00000000060a9170        0x0 ../../Compiler/SGL_302j/LIB_COFF/LIBCD.A(CDC_CFS.O)
 .bss           0x00000000060a9170        0x2 ../../Compiler/SGL_302j/LIB_COFF/LIBCD.A(CDC_REG.O)
 *fill*         0x00000000060a9172        0xe 
 .bss           0x00000000060a9180        0xc ../../Compiler/SGL_302j/LIB_COFF/LIBCD.A(CDC_SUB.O)
 *fill*         0x00000000060a918c        0x4 
 .bss           0x00000000060a9190        0x0 ../../Compiler/SGL_302j/LIB_COFF/LIBCD.A(GFS.O)
 .bss           0x00000000060a9190        0x0 ../../Compiler/SGL_302j/LIB_COFF/LIBCD.A(GFS_BUF.O)
 .bss           0x00000000060a9190        0x0 ../../Compiler/SGL_302j/LIB_COFF/LIBCD.A(GFS_CDB.O)
 .bss           0x00000000060a9190        0x0 ../../Compiler/SGL_302j/LIB_COFF/LIBCD.A(GFS_CDC.O)
 .bss           0x00000000060a9190        0x0 ../../Compiler/SGL_302j/LIB_COFF/LIBCD.A(GFS_CDF.O)
 .bss           0x00000000060a9190        0x0 ../../Compiler/SGL_302j/LIB_COFF/LIBCD.A(GFS_DIR.O)
 .bss           0x00000000060a9190        0xc ../../Compiler/SGL_302j/LIB_COFF/LIBCD.A(GFS_TRN.O)
 *fill*         0x00000000060a919c        0x4 
 .bss           0x00000000060a91a0        0x0 ../../Compiler/SGL_302j/LIB_COFF/LIBCD.A(CDC_DRV.O)
 .bss           0x00000000060a91a0        0x0 ../../Compiler/SGL_302j/LIB_COFF/LIBCD.A(CDC_DEV.O)
 .bss           0x00000000060a91a0        0x0 ../../Compiler/SGL_302j/LIB_COFF/LIBCD.A(CDC_SEL.O)
 .bss           0x00000000060a91a0        0x0 ../../Compiler/SGL_302j/LIB_COFF/LIBCD.A(CDC_BIF.O)
 .bss           0x00000000060a91a0        0x0 ../../Compiler/SGL_302j/LIB_COFF/LIBCD.A(CDC_BIO.O)
 .bss           0x00000000060a91a0        0x0 ../../Compiler/SGL_302j/LIB_COFF/LIBSGL.A(sglA15.o)
 .bss           0x00000000060a91a0        0x0 ../../Compiler/SGL_302j/LIB_COFF/LIBSGL.A(sglA20.o)
 .bss           0x00000000060a91a0        0x0 ../../Compiler/SGL_302j/LIB_COFF/LIBSGL.A(sglA21.o)
 .bss           0x00000000060a91a0        0x0 ../../Compiler/SGL_302j/LIB_COFF/LIBSGL.A(sglA27.o)
 .bss           0x00000000060a91a0        0x0 ../../Compiler/SGL_302j/LIB_COFF/LIBSGL.A(sglB001.o)
 .bss           0x00000000060a91a0        0x0 ../../Compiler/SGL_302j/LIB_COFF/LIBSGL.A(sglB011.o)
 .bss           0x00000000060a91a0        0x0 ../../Compiler/SGL_302j/LIB_COFF/LIBSGL.A(sglB015.o)
 .bss           0x00000000060a91a0        0x0 ../../Compiler/SGL_302j/LIB_COFF/LIBSGL.A(sglB016.o)
 .bss           0x00000000060a91a0        0x0 ../../Compiler/SGL_302j/LIB_COFF/LIBSGL.A(sglB032.o)
 .bss           0x00000000060a91a0        0x0 ../../Compiler/SGL_302j/LIB_COFF/LIBSGL.A(sglB053.o)
 .bss           0x00000000060a91a0        0x0 ../../Compiler/SGL_302j/LIB_COFF/LIBSGL.A(sglB056.o)
 .bss           0x00000000060a91a0        0x0 ../../Compiler/SGL_302j/LIB_COFF/LIBSGL.A(sglB063.o)
 .bss           0x00000000060a91a0        0x0 ../../Compiler/SGL_302j/LIB_COFF/LIBSGL.A(sglB200.o)
 .bss           0x00000000060a91a0        0x0 ../../Compiler/SGL_302j/LIB_COFF/LIBSGL.A(sglC06.o)
 .bss           0x00000000060a91a0        0x0 ../../Compiler/SGL_302j/LIB_COFF/LIBSGL.A(sglC07.o)
 .bss           0x00000000060a91a0        0x0 ../../Compiler/SGL_302j/LIB_COFF/LIBSGL.A(sglC08.o)
 .bss           0x00000000060a91a0        0x0 ../../Compiler/SGL_302j/LIB_COFF/LIBSGL.A(sglC20.o)
 .bss           0x00000000060a91a0        0x0 ../../Compiler/SGL_302j/LIB_COFF/LIBSGL.A(sglD00.o)
 .bss           0x00000000060a91a0        0x0 ../../Compiler/SGL_302j/LIB_COFF/LIBSGL.A(sglD01.o)
 .bss           0x00000000060a91a0        0x0 ../../Compiler/SGL_302j/LIB_COFF/LIBSGL.A(sglD03.o)
 .bss           0x00000000060a91a0        0x0 ../../Compiler/SGL_302j/LIB_COFF/LIBSGL.A(sglD15.o)
 .bss           0x00000000060a91a0        0x0 ../../Compiler/SGL_302j/LIB_COFF/LIBSGL.A(sglD16.o)
 .bss           0x00000000060a91a0        0x0 ../../Compiler/SGL_302j/LIB_COFF/LIBSGL.A(sglD17.o)
 .bss           0x00000000060a91a0        0x0 ../../Compiler/SGL_302j/LIB_COFF/LIBSGL.A(sglD18.o)
 .bss           0x00000000060a91a0        0x0 ../../Compiler/SGL_302j/LIB_COFF/LIBSGL.A(sglF00.o)
 .bss           0x00000000060a91a0        0x0 ../../Compiler/SGL_302j/LIB_COFF/LIBSGL.A(sglF05.o)
 .bss           0x00000000060a91a0        0x0 ../../Compiler/SGL_302j/LIB_COFF/LIBSGL.A(sglH00.o)
 .bss           0x00000000060a91a0        0x0 ../../Compiler/SGL_302j/LIB_COFF/LIBSGL.A(sglH01.o)
 .bss           0x00000000060a91a0        0x0 ../../Compiler/SGL_302j/LIB_COFF/LIBSGL.A(sglH02.o)
 .bss           0x00000000060a91a0        0x0 ../../Compiler/SGL_302j/LIB_COFF/LIBSGL.A(sglH04.o)
 .bss           0x00000000060a91a0        0x0 ../../Compiler/SGL_302j/LIB_COFF/LIBSGL.A(sglI01.o)
 .bss           0x00000000060a91a0        0x0 ../../Compiler/SGL_302j/LIB_COFF/LIBSGL.A(sglIc0.o)
 .bss           0x00000000060a91a0        0x0 ../../Compiler/SGL_302j/LIB_COFF/LIBSGL.A(sglJ00.o)
 .bss           0x00000000060a91a0        0x0 ../../Compiler/SGL_302j/LIB_COFF/LIBSGL.A(sglJ01.o)
 .bss           0x00000000060a91a0        0x0 ../../Compiler/SGL_302j/LIB_COFF/LIBSGL.A(sglJ02.o)
 .bss           0x00000000060a91a0        0x0 ../../Compiler/SGL_302j/LIB_COFF/LIBSGL.A(sglJ03.o)
 .bss           0x00000000060a91a0        0x0 ../../Compiler/SGL_302j/LIB_COFF/LIBSGL.A(sglJ04.o)
 .bss           0x00000000060a91a0        0x0 ../../Compiler/SGL_302j/LIB_COFF/LIBSGL.A(sglJ05.o)
 .bss           0x00000000060a91a0        0x0 ../../Compiler/SGL_302j/LIB_COFF/LIBSGL.A(sglK01.o)
 .bss           0x00000000060a91a0        0x0 ../../Compiler/SGL_302j/LIB_COFF/LIBSGL.A(sglM01.o)
 .bss           0x00000000060a91a0        0x0 ../../Compiler/SGL_302j/LIB_COFF/LIBSGL.A(sglA00.o)
 .bss           0x00000000060a91a0        0x0 ../../Compiler/SGL_302j/LIB_COFF/LIBSGL.A(sglA01.o)
 .bss           0x00000000060a91a0        0x0 ../../Compiler/SGL_302j/LIB_COFF/LIBSGL.A(sglB000.o)
 .bss           0x00000000060a91a0        0x0 ../../Compiler/SGL_302j/LIB_COFF/LIBSGL.A(sglB035.o)
 .bss           0x00000000060a91a0        0x0 ../../Compiler/SGL_302j/LIB_COFF/LIBSGL.A(sglC00.o)
 .bss           0x00000000060a91a0        0x0 ../../Compiler/SGL_302j/LIB_COFF/LIBSGL.A(sglI00.o)
 .bss           0x00000000060a91a0        0x0 ../../Compiler/SGL_302j/LIB_COFF/LIBSGL.A(sglH03.o)
 .bss           0x00000000060a91a0        0x0 /home/sansigolo/GameDev/joengine/Compiler/SH_NONE_ELF/bin/../lib/gcc/sh-none-elf/8.2.0/libgcc.a(_ashiftrt.o)
 .bss           0x00000000060a91a0        0x0 /home/sansigolo/GameDev/joengine/Compiler/SH_NONE_ELF/bin/../lib/gcc/sh-none-elf/8.2.0/libgcc.a(_sdivsi3.o)
 .bss           0x00000000060a91a0        0x0 /home/sansigolo/GameDev/joengine/Compiler/SH_NONE_ELF/bin/../lib/gcc/sh-none-elf/8.2.0/libgcc.a(_udivsi3.o)
 .bss           0x00000000060a91a0        0x0 /home/sansigolo/GameDev/joengine/Compiler/SH_NONE_ELF/bin/../lib/gcc/sh-none-elf/8.2.0/libgcc.a(_mul_sf.o)