Archive member included to satisfy reference by file (symbol)

../../Compiler/SGL_302j/LIB_COFF/SEGA_SYS.A(sys_exit.o)
                              ../../jo_engine/core.o (symbol from plugin) (SYS_Exit)
../../Compiler/SGL_302j/LIB_COFF/SEGA_SYS.A(sys_sub.o)
                              ../../Compiler/SGL_302j/LIB_COFF/SEGA_SYS.A(sys_exit.o) (SYSUB_SetStackptr)
../../Compiler/SGL_302j/LIB_COFF/LIBCD.A(CDC_CMN.O)
                              ../../Compiler/SGL_302j/LIB_COFF/SEGA_SYS.A(sys_exit.o) (CDC_GetCurStat)
../../Compiler/SGL_302j/LIB_COFF/LIBCD.A(CDC_CFS.O)
                              ../../Compiler/SGL_302j/LIB_COFF/SEGA_SYS.A(sys_exit.o) (CDC_ChgDir)
../../Compiler/SGL_302j/LIB_COFF/LIBCD.A(CDC_REG.O)
                              ../../Compiler/SGL_302j/LIB_COFF/SEGA_SYS.A(sys_exit.o) (CDC_GetHirqReq)
../../Compiler/SGL_302j/LIB_COFF/LIBCD.A(CDC_SUB.O)
                              ../../Compiler/SGL_302j/LIB_COFF/LIBCD.A(CDC_CMN.O) (CDSUB_UpdStatus)
../../Compiler/SGL_302j/LIB_COFF/LIBCD.A(GFS.O)
                              ../../jo_engine/fs.o (symbol from plugin) (GFS_Init)
../../Compiler/SGL_302j/LIB_COFF/LIBCD.A(GFS_BUF.O)
                              ../../Compiler/SGL_302j/LIB_COFF/LIBCD.A(GFS.O) (GFBF_GetNumData)
../../Compiler/SGL_302j/LIB_COFF/LIBCD.A(GFS_CDB.O)
                              ../../Compiler/SGL_302j/LIB_COFF/LIBCD.A(GFS.O) (GFCB_Close)
../../Compiler/SGL_302j/LIB_COFF/LIBCD.A(GFS_CDC.O)
                              ../../Compiler/SGL_302j/LIB_COFF/LIBCD.A(GFS.O) (GFCD_SetCdbfs)
../../Compiler/SGL_302j/LIB_COFF/LIBCD.A(GFS_CDF.O)
                              ../../Compiler/SGL_302j/LIB_COFF/LIBCD.A(GFS.O) (GFCF_Init)
../../Compiler/SGL_302j/LIB_COFF/LIBCD.A(GFS_DIR.O)
                              ../../Compiler/SGL_302j/LIB_COFF/LIBCD.A(GFS.O) (GFDR_SetupDirTbl)
../../Compiler/SGL_302j/LIB_COFF/LIBCD.A(GFS_TRN.O)
                              ../../Compiler/SGL_302j/LIB_COFF/LIBCD.A(GFS.O) (GFTR_Setup)
../../Compiler/SGL_302j/LIB_COFF/LIBCD.A(CDC_DRV.O)
                              ../../Compiler/SGL_302j/LIB_COFF/LIBCD.A(GFS_CDC.O) (CDC_CdPlay)
../../Compiler/SGL_302j/LIB_COFF/LIBCD.A(CDC_DEV.O)
                              ../../Compiler/SGL_302j/LIB_COFF/LIBCD.A(GFS_CDC.O) (CDC_CdSetCon)
../../Compiler/SGL_302j/LIB_COFF/LIBCD.A(CDC_SEL.O)
                              ../../Compiler/SGL_302j/LIB_COFF/LIBCD.A(GFS_CDC.O) (CDC_SetFiltRange)
../../Compiler/SGL_302j/LIB_COFF/LIBCD.A(CDC_BIF.O)
                              ../../Compiler/SGL_302j/LIB_COFF/LIBCD.A(GFS_CDC.O) (CDC_GetBufSiz)
../../Compiler/SGL_302j/LIB_COFF/LIBCD.A(CDC_BIO.O)
                              ../../Compiler/SGL_302j/LIB_COFF/LIBCD.A(GFS_CDC.O) (CDC_SetSctLen)
../../Compiler/SGL_302j/LIB_COFF/LIBSGL.A(sglA15.o)
                              ../../jo_engine/core.o (symbol from plugin) (slSlaveFunc)
../../Compiler/SGL_302j/LIB_COFF/LIBSGL.A(sglA20.o)
                              ../../jo_engine/core.o (symbol from plugin) (slUnitMatrix)
../../Compiler/SGL_302j/LIB_COFF/LIBSGL.A(sglA21.o)
                              ../../jo_engine/map.o (symbol from plugin) (slPushMatrix)
../../Compiler/SGL_302j/LIB_COFF/LIBSGL.A(sglA27.o)
                              ../../jo_engine/map.o (symbol from plugin) (slTranslate)
../../Compiler/SGL_302j/LIB_COFF/LIBSGL.A(sglB001.o)
                              ../../jo_engine/core.o (symbol from plugin) (slTVOn)
../../Compiler/SGL_302j/LIB_COFF/LIBSGL.A(sglB011.o)
                              ../../jo_engine/core.o (symbol from plugin) (slBitMapNbg1)
../../Compiler/SGL_302j/LIB_COFF/LIBSGL.A(sglB015.o)
                              ../../jo_engine/core.o (symbol from plugin) (slScrAutoDisp)
../../Compiler/SGL_302j/LIB_COFF/LIBSGL.A(sglB016.o)
                              ../../jo_engine/core.o (symbol from plugin) (slBack1ColSet)
../../Compiler/SGL_302j/LIB_COFF/LIBSGL.A(sglB032.o)
                              ../../jo_engine/core.o (symbol from plugin) (slMapNbg1)
../../Compiler/SGL_302j/LIB_COFF/LIBSGL.A(sglB053.o)
                              ../../jo_engine/core.o (symbol from plugin) (slZoomNbg1)
../../Compiler/SGL_302j/LIB_COFF/LIBSGL.A(sglB056.o)
                              ../../jo_engine/core.o (symbol from plugin) (slPlaneNbg1)
../../Compiler/SGL_302j/LIB_COFF/LIBSGL.A(sglB063.o)
                              ../../jo_engine/core.o (symbol from plugin) (slPriority)
../../Compiler/SGL_302j/LIB_COFF/LIBSGL.A(sglB200.o)
                              ../../jo_engine/core.o (symbol from plugin) (slCharNbg0)
../../Compiler/SGL_302j/LIB_COFF/LIBSGL.A(sglC06.o)
                              ../../jo_engine/sprites.o (symbol from plugin) (slDispSprite)
../../Compiler/SGL_302j/LIB_COFF/LIBSGL.A(sglC07.o)
                              ../../jo_engine/sprites.o (symbol from plugin) (slPutSprite)
../../Compiler/SGL_302j/LIB_COFF/LIBSGL.A(sglC08.o)
                              ../../jo_engine/map.o (symbol from plugin) (slPutPolygon)
[...]
Memory Configuration

Name             Origin             Length             Attributes
*default*        0x0000000000000000 0xffffffffffffffff

Linker script and memory map

TARGET(coff-sh)

SLSTART         0x0000000006004000       0x28
                0x0000000006004000                ___Start = .
 *(SLSTART)
 SLSTART        0x0000000006004000       0x28 ../../Compiler/SGL_302j/LIB_COFF/LIBSGL.A(sglI00.o)
                0x0000000006004000                SGL_Start
                0x0000000006004002                slStartSGL

.text           0x0000000006004040     0xe2b8
 *(.text)
 .text          0x0000000006004040        0x0 ../../Compiler/SGL_302j/LIB_COFF/SGLAREA.O
 .text          0x0000000006004040     0x1550 /tmp/cclgE5FQ.ltrans0.ltrans.o
 .text          0x0000000006005590      0x238 ../../Compiler/SGL_302j/LIB_COFF/SEGA_SYS.A(sys_exit.o)
                0x0000000006005590                sys_version
                0x00000000060055b0                SYS_Exit
 *fill*         0x00000000060057c8        0x8 
 .text          0x00000000060057d0        0x6 ../../Compiler/SGL_302j/LIB_COFF/SEGA_SYS.A(sys_sub.o)
                0x00000000060057d0                SYSUB_SetStackptr
 *fill*         0x00000000060057d6        0xa 
 .text          0x00000000060057e0      0x3a0 ../../Compiler/SGL_302j/LIB_COFF/LIBCD.A(CDC_CMN.O)
                0x00000000060057e0                CDC_GetCurStat
                0x0000000006005830                CDC_GetLastStat
                0x0000000006005848                CDC_GetPeriStat
                0x000000000600591c                CDC_GetHwInfo
                0x0000000006005984                CDC_TgetToc
                0x00000000060059d4                CDC_GetSes
                0x0000000006005a10                CDC_CdInit
                0x0000000006005a94                CDC_CdOpen
                0x0000000006005abc                CDC_DataReady
                0x0000000006005b28                CDC_DataEnd
 .text          0x0000000006005b80      0x194 ../../Compiler/SGL_302j/LIB_COFF/LIBCD.A(CDC_CFS.O)
                0x0000000006005b80                CDC_ChgDir
                0x0000000006005bb4                CDC_ReadDir
                0x0000000006005be8                CDC_GetFileScope
                0x0000000006005c48                CDC_TgetFileInfo
                0x0000000006005ca4                CDC_ReadFile
                0x0000000006005cd8                CDC_AbortFile
 *fill*         0x0000000006005d14        0xc 
 .text          0x0000000006005d20      0x2dc ../../Compiler/SGL_302j/LIB_COFF/LIBCD.A(CDC_REG.O)
                0x0000000006005d20                CDC_GetDataPtr
                0x0000000006005d30                CDC_GetHirqReq
                0x0000000006005d44                CDC_ClrHirqReq
                0x0000000006005d74                CDREG_ClrHirqReq
                0x0000000006005d84                CDREG_InitHirqReq
                0x0000000006005dac                CDREG_SetHirqFlag
                0x0000000006005dc0                CDC_GetHirqMsk
                0x0000000006005dd4                CDC_SetHirqMsk
                0x0000000006005de4                CDC_GetMpegPtr
                0x0000000006005df4                CDREG_TgetData
                0x0000000006005e50                CDREG_CmdRsp
                0x0000000006005f50                CDREG_WaitHirq
                0x0000000006005fc0                CDREG_ReadRsp
 *fill*         0x0000000006005ffc        0x4 
 .text          0x0000000006006000      0x152 ../../Compiler/SGL_302j/LIB_COFF/LIBCD.A(CDC_SUB.O)
                0x0000000006006000                CDSUB_UpdStatus
                0x0000000006006018                CDSUB_UpdCdstat
                0x0000000006006038                CDSUB_CdCmd
                0x00000000060060a8                CDSUB_GetCdstat
                0x00000000060060e8                CDSUB_RspToCdstat
                0x0000000006006130                CDSUB_SoftTimer
 *fill*         0x0000000006006152        0xe 
 .text          0x0000000006006160     0x1adc ../../Compiler/SGL_302j/LIB_COFF/LIBCD.A(GFS.O)
                0x0000000006006160                gfs_version
                0x0000000006006180                GFS_Init
                0x0000000006006268                GFS_LoadDir
                0x0000000006006310                GFS_SetDir
                0x0000000006006378                GFS_NameToId
                0x00000000060063dc                GFS_IdToName
                0x0000000006006448                GFS_GetDirInfo
                0x00000000060064b8                GFS_Reset
                0x000000000600653c                GFS_Open
                0x00000000060065f0                GFS_Close
                0x0000000006006628                GFS_Seek
                0x00000000060066dc                GFS_Tell
                0x000000000600672c                GFS_IsEof
                0x0000000006006780                GFS_ByteToSct
                0x00000000060067dc                GFS_GetFileSize
                0x0000000006006838                GFS_GetFileInfo
                0x00000000060068ac                GFS_GetNumCdbuf
                0x00000000060068d4                GFS_Load
                0x0000000006006998                GFS_Fread
                0x0000000006006a34                gfs_waitRead
                0x0000000006006adc                GFS_NwFread
                0x0000000006006be8                GFS_NwCdRead
                0x0000000006006c60                GFS_NwIsComplete
                0x0000000006006c98                GFS_NwStop
                0x0000000006006d04                GFS_NwGetStat
                0x0000000006006d80                gfs_recovRdErr
                0x0000000006006db0                GFS_NwExecOne
                0x0000000006006e70                GFS_NwExecServer
                0x0000000006006eec                GFS_SetGmode
                0x0000000006006f50                GFS_SetTmode
                0x0000000006006fbc                GFS_SetReadPara
                0x0000000006007020                GFS_SetTransPara
                0x000000000600708c                GFS_SetTrFunc
                0x00000000060070f0                GFS_StartTrans
                0x000000000600713c                GFS_CdMovePickup
                0x00000000060071a8                GFS_SetErrFunc
                0x00000000060071d4                GFS_GetErrStat
                0x00000000060071f8                GFS_ConvTno
                0x0000000006007220                gfs_chgRoot
                0x00000000060072ec                gfs_aborttrans
                0x00000000060072f8                gfs_mngSetupFuncTbl
                0x000000000600732c                gfs_mngInitWork
                0x00000000060073d0                gfs_mngGetNumFile
                0x0000000006007438                GFS_mngAllocGrp
                0x0000000006007480                gfs_mngFreeGrp
                0x000000000600748c                gfs_mngTermAccess
                0x0000000006007510                gfs_mngSetErrCode
                0x0000000006007590                gfs_svrSearchHndl
                0x00000000060075d0                gfs_svrAddHndl
                0x000000000600760c                gfs_svrRemoveHndl
                0x0000000006007668                GFS_OpenSub
                0x00000000060076c0                gfs_loadVol
                0x0000000006007784                gfs_getRootDir
                0x0000000006007880                gfs_loadRootDir
                0x0000000006007908                gfs_flowIn
                0x00000000060079b0                gfs_transData
                0x0000000006007a54                GFS_GetFad
                0x0000000006007aac                gfs_SetSct
                0x0000000006007aec                gfs_GetFinfo
                0x0000000006007b2c                gfs_closeSub
                0x0000000006007b68                gfs_getGmode
                0x0000000006007b74                gfs_isTaskDone
                0x0000000006007bc8                gfs_convFinStat
 *fill*         0x0000000006007c3c        0x4 
 .text          0x0000000006007c40      0x106 ../../Compiler/SGL_302j/LIB_COFF/LIBCD.A(GFS_BUF.O)
                0x0000000006007c70                GFBF_GetTranData
                0x0000000006007c98                GFBF_GetNumData
                0x0000000006007cc8                GFBF_GetSrcPk
                0x0000000006007cf0                GFBF_GetSctData
                0x0000000006007d14                GFBF_RtnPk
                0x0000000006007d3c                gfbf_getSctDt
 *fill*         0x0000000006007d46        0xa 
 .text          0x0000000006007d50      0x600 ../../Compiler/SGL_302j/LIB_COFF/LIBCD.A(GFS_CDB.O)
                0x0000000006007d50                GFCB_Setup
                0x0000000006007e70                GFCB_Close
                0x0000000006007e98                GFCB_GetLenData
                0x0000000006007f44                GFCB_GetLenRoom
                0x0000000006007f50                GFCB_SetFilt
                0x0000000006007fb8                GFCB_DeleteAllData
                0x0000000006007fe0                GFCB_Tell
                0x0000000006007ff0                gfcb_getSctNum
                0x0000000006008040                GFCB_Seek
                0x000000000600813c                GFCB_GetSrcPack
                0x000000000600821c                GFCB_GetSctData
                0x0000000006008254                GFCB_GetDstPack
                0x0000000006008260                GFCB_RtnPk
                0x00000000060082a8                GFCB_MovePickup
                0x00000000060082c4                GFCB_SetCon
                0x00000000060082f8                GFCB_GetPickup
                0x0000000006008320                GFCB_IsPuOwner
                0x0000000006008338                GFCB_UngetPickup
 .text          0x0000000006008350     0x1a10 ../../Compiler/SGL_302j/LIB_COFF/LIBCD.A(GFS_CDC.O)
                0x0000000006008350                GFCD_SetCdbfs
                0x000000000600837c                GFCD_Init
                0x0000000006008580                GFCD_AllocFilt
                0x00000000060085bc                GFCD_FreeFilt
                0x00000000060085ec                GFCD_AllocBuf
                0x0000000006008620                GFCD_FreeBuf
                0x00000000060086c4                GFCD_GetBaseFad
                0x00000000060086f8                GFCD_GetPickup
                0x000000000600872c                GFCD_UngetPickup
                0x0000000006008758                GFCD_IsPuOwner
                0x000000000600877c                GFCD_SetFilt
                0x0000000006008840                GFCD_GetFilt
                0x0000000006008888                GFCD_SetCon
                0x00000000060088e0                GFCD_Play
                0x0000000006008940                GFCD_GetLenData
                0x00000000060089a8                GFCD_ReqData
                0x0000000006008a04                GFCD_EndData
                0x0000000006008a4c                GFCD_DelSctData
                0x0000000006008aa4                GFCD_CheckDelSctData
                0x0000000006008ad4                GFCD_GetStat
                0x0000000006008b88                GFCD_MovePickup
                0x0000000006008bd4                GFCD_MoveSctData
                0x0000000006008c48                GFCD_CheckMove
                0x0000000006008c6c                GFCD_GetSctInfo
                0x0000000006008cb4                GFCD_ChgDir
                0x0000000006008d28                GFCD_SetFiltCon
                0x0000000006008e10                GFCD_GetFileInfo
                0x0000000006008eec                GFCD_GetBufSiz
                0x0000000006008f24                GFCD_ExecServer
                0x0000000006008ff8                gfcd_isIdleTask
                0x0000000006009084                gfcd_doTask
                0x0000000006009130                GFCD_SetTimer
                0x0000000006009144                GFCD_WaitServer
                0x0000000006009180                gfcd_doSetFiltTsk
                0x0000000006009344                gfcd_doSetConTsk
                0x00000000060093d4                gfcd_doGetLenDataTsk
                0x0000000006009528                gfcd_doReqDataTsk
                0x00000000060095c8                gfcd_doDelSctDataTsk
                0x00000000060096fc                gfcd_doMoveSctTsk
                0x0000000006009860                gfcd_doChgDirTsk
                0x0000000006009a5c                gfcd_doSetFiltConTsk
                0x0000000006009ba0                gfcd_checkEflag
                0x0000000006009bc4                gfcd_initCdbMng
                0x0000000006009c44                gfcd_setStat
                0x0000000006009c70                GFCD_SetCsctFunc
                0x0000000006009c8c                GFCD_ChkScdqFlag
                0x0000000006009cb0                GFCD_ClrScdqFlag
                0x0000000006009ccc                GFCD_WaitScdqFlag
                0x0000000006009d10                GFCD_WaitPause
 .text          0x0000000006009d60      0x8d8 ../../Compiler/SGL_302j/LIB_COFF/LIBCD.A(GFS_CDF.O)
                0x0000000006009d60                GFCF_Init
                0x0000000006009e00                GFCF_Setup
                0x0000000006009f48                GFCF_SetSct
                0x0000000006009f8c                GFCF_GetFileInfo
                0x000000000600a000                GFCF_FlowInBuf
                0x000000000600a154                GFCF_StopInBuf
                0x000000000600a1f4                GFCF_Recover
                0x000000000600a23c                GFCF_Tell
                0x000000000600a254                GFCF_Seek
                0x000000000600a26c                GFCF_MovePickup
                0x000000000600a308                GFCF_cnvIntlvOfs
                0x000000000600a35c                GFCF_GetStat
                0x000000000600a3f4                gfcf_getSctSize
                0x000000000600a430                gfcf_isCdOk
                0x000000000600a4f0                gfcf_getPlayRange
 *fill*         0x000000000600a638        0x8 
 .text          0x000000000600a640      0x92c ../../Compiler/SGL_302j/LIB_COFF/LIBCD.A(GFS_DIR.O)
                0x000000000600a640                GFDR_SetupDirTbl
                0x000000000600a6b4                GFDR_NameToId
                0x000000000600a714                GFDR_GetInfoDirId
                0x000000000600a728                GFDR_GetInfoDirName
                0x000000000600a73c                GFDR_GetAtrDirId
                0x000000000600a754                GFDR_GetAtrDirName
                0x000000000600a76c                GFDR_ChgRoot
                0x000000000600a784                GFDR_ChgDir
                0x000000000600a7f8                gfdr_setupDirIdTbl
                0x000000000600a87c                gfdr_setupDirNameTbl
                0x000000000600a928                gfdr_open
                0x000000000600a950                gfdr_read
                0x000000000600aa10                gfdr_readByte
                0x000000000600aa3c                gfdr_readWord
                0x000000000600aa68                gfdr_readWordNB
                0x000000000600aabc                gfdr_readLongNB
                0x000000000600ab08                gfdr_readLongNM
                0x000000000600ab30                gfdr_setNextRec
                0x000000000600abb4                gfdr_readDirEnt
                0x000000000600af30                gfdr_setDirrecCd
 *fill*         0x000000000600af6c        0x4 
 .text          0x000000000600af70      0x9c6 ../../Compiler/SGL_302j/LIB_COFF/LIBCD.A(GFS_TRN.O)
                0x000000000600afa0                GFTR_Setup
                0x000000000600afe4                GFTR_SetMode
                0x000000000600aff8                GFTR_SetUnit
                0x000000000600b004                GFTR_SetTransPara
                0x000000000600b038                GFTR_GetTransPara
                0x000000000600b044                GFTR_GetNumTrans
                0x000000000600b050                GFTR_SetTransMax
                0x000000000600b05c                GFTR_Start
                0x000000000600b068                GFTR_Pause
                0x000000000600b074                GFTR_Stop
                0x000000000600b12c                GFTR_Exec
                0x000000000600b1b0                GFTR_Idle
                0x000000000600b228                GFTR_ExecSvr
                0x000000000600b330                gftr_getSrcPack
                0x000000000600b3b8                gftr_getDstPack
                0x000000000600b414                gftr_reqScu
                0x000000000600b420                gftr_execScu
                0x000000000600b4bc                gftr_remScu
                0x000000000600b4f0                gfdma_canUse
                0x000000000600b4fc                gfdma_exec
                0x000000000600b56c                gfdma_getBytecnt
                0x000000000600b5a4                gftr_reqDma0
                0x000000000600b5bc                gftr_execSdma0
                0x000000000600b5e0                gftr_remDma0
                0x000000000600b5f8                gftr_reqDma1
                0x000000000600b610                gftr_execSdma1
                0x000000000600b634                gftr_remDma1
                0x000000000600b64c                gftr_reqCpu
                0x000000000600b658                gftr_execCpu
                0x000000000600b698                gftr_remCpu
                0x000000000600b6a4                gftr_reqTrn
                0x000000000600b714                gftr_execTrn
                0x000000000600b7ec                gftr_remTrn
                0x000000000600b860                gftr_copyFrac
                0x000000000600b888                GFTR_GetLenData
                0x000000000600b894                GFTR_GetLenRoom
                0x000000000600b8ac                GFTR_GetDstPack
                0x000000000600b8e0                GFTR_RtnDstPk
                0x000000000600b8fc                GFTR_GetData
                0x000000000600b910                GFTR_SetData
                0x000000000600b924                GFTR_SetTransFunc
 *fill*         0x000000000600b936        0xa 
 .text          0x000000000600b940      0x130 ../../Compiler/SGL_302j/LIB_COFF/LIBCD.A(CDC_DRV.O)
                0x000000000600b940                CDC_CdPlay
                0x000000000600ba0c                CDC_CdSeek
                0x000000000600ba40                CDC_CdScan
 .text          0x000000000600ba70       0xa8 ../../Compiler/SGL_302j/LIB_COFF/LIBCD.A(CDC_DEV.O)
                0x000000000600ba70                CDC_CdSetCon
                0x000000000600baa0                CDC_CdGetCon
                0x000000000600badc                CDC_CdGetLastBuf
 *fill*         0x000000000600bb18        0x8 
 .text          0x000000000600bb20      0x2b8 ../../Compiler/SGL_302j/LIB_COFF/LIBCD.A(CDC_SEL.O)
                0x000000000600bb20                CDC_SetFiltRange
                0x000000000600bb54                CDC_GetFiltRange
                0x000000000600bbac                CDC_SetFiltSubh
                0x000000000600bc1c                CDC_GetFiltSubh
                0x000000000600bc98                CDC_SetFiltMode
                0x000000000600bccc                CDC_GetFiltMode
                0x000000000600bd10                CDC_SetFiltCon
                0x000000000600bd50                CDC_GetFiltCon
                0x000000000600bda4                CDC_ResetSelector
 *fill*         0x000000000600bdd8        0x8 
 .text          0x000000000600bde0      0x270 ../../Compiler/SGL_302j/LIB_COFF/LIBCD.A(CDC_BIF.O)
                0x000000000600bde0                CDC_GetBufSiz
                0x000000000600be3c                CDC_GetSctNum
                0x000000000600be80                CDC_CalActSiz
                0x000000000600bebc                CDC_GetActSiz
                0x000000000600bf3c                CDC_GetSctInfo
                0x000000000600bfbc                CDC_ExeFadSearch
                0x000000000600bff4                CDC_GetFadSearch
 .text          0x000000000600c050      0x1e4 ../../Compiler/SGL_302j/LIB_COFF/LIBCD.A(CDC_BIO.O)
                0x000000000600c050                CDC_SetSctLen
                0x000000000600c084                CDC_GetSctData
                0x000000000600c0c0                CDC_DelSctData
                0x000000000600c0fc                CDC_GetdelSctData
                0x000000000600c138                CDC_PutSctData
                0x000000000600c170                CDC_CopySctData
                0x000000000600c1b4                CDC_MoveSctData
                0x000000000600c1f8                CDC_GetCopyErr
 *fill*         0x000000000600c234        0xc 
 .text          0x000000000600c240        0x0 ../../Compiler/SGL_302j/LIB_COFF/LIBSGL.A(sglA15.o)
 .text          0x000000000600c240        0x0 ../../Compiler/SGL_302j/LIB_COFF/LIBSGL.A(sglA20.o)
 .text          0x000000000600c240        0x0 ../../Compiler/SGL_302j/LIB_COFF/LIBSGL.A(sglA21.o)
 .text          0x000000000600c240        0x0 ../../Compiler/SGL_302j/LIB_COFF/LIBSGL.A(sglA27.o)
 .text          0x000000000600c240        0x0 ../../Compiler/SGL_302j/LIB_COFF/LIBSGL.A(sglB001.o)
 .text          0x000000000600c240        0x0 ../../Compiler/SGL_302j/LIB_COFF/LIBSGL.A(sglB011.o)
 .text          0x000000000600c240        0x0 ../../Compiler/SGL_302j/LIB_COFF/LIBSGL.A(sglB015.o)
 .text          0x000000000600c240        0x0 ../../Compiler/SGL_302j/LIB_COFF/LIBSGL.A(sglB016.o)
 .text          0x000000000600c240        0x0 ../../Compiler/SGL_302j/LIB_COFF/LIBSGL.A(sglB032.o)
 .text          0x000000000600c240        0x0 ../../Compiler/SGL_302j/LIB_COFF/LIBSGL.A(sglB053.o)
 .text          0x000000000600c240        0x0 ../../Compiler/SGL_302j/LIB_COFF/LIBSGL.A(sglB056.o)
 .text          0x000000000600c240        0x0 ../../Compiler/SGL_302j/LIB_COFF/LIBSGL.A(sglB063.o)
 .text          0x000000000600c240        0x0 ../../Compiler/SGL_302j/LIB_COFF/LIBSGL.A(sglB200.o)
 .text          0x000000000600c240        0x0 ../../Compiler/SGL_302j/LIB_COFF/LIBSGL.A(sglC06.o)
 .text          0x000000000600c240        0x0 ../../Compiler/SGL_302j/LIB_COFF/LIBSGL.A(sglC07.o)
 .text          0x000000000600c240        0x0 ../../Compiler/SGL_302j/LIB_COFF/LIBSGL.A(sglC08.o)
 .text          0x000000000600c240        0x0 ../../Compiler/SGL_302j/LIB_COFF/LIBSGL.A(sglC20.o)
 .text          0x000000000600c240        0x0 ../../Compiler/SGL_302j/LIB_COFF/LIBSGL.A(sglD00.o)
 .text          0x000000000600c240        0x0 ../../Compiler/SGL_302j/LIB_COFF/LIBSGL.A(sglD01.o)
 .text          0x000000000600c240        0x0 ../../Compiler/SGL_302j/LIB_COFF/LIBSGL.A(sglD03.o)
 .text          0x000000000600c240        0x0 ../../Compiler/SGL_302j/LIB_COFF/LIBSGL.A(sglD15.o)
 .text          0x000000000600c240        0x0 ../../Compiler/SGL_302j/LIB_COFF/LIBSGL.A(sglD16.o)
 .text          0x000000000600c240        0x0 ../../Compiler/SGL_302j/LIB_COFF/LIBSGL.A(sglD17.o)
 .text          0x000000000600c240        0x0 ../../Compiler/SGL_302j/LIB_COFF/LIBSGL.A(sglD18.o)
 .text          0x000000000600c240        0x0 ../../Compiler/SGL_302j/LIB_COFF/LIBSGL.A(sglF00.o)
 .text          0x000000000600c240        0x0 ../../Compiler/SGL_302j/LIB_COFF/LIBSGL.A(sglF05.o)
 .text          0x000000000600c240        0x0 ../../Compiler/SGL_302j/LIB_COFF/LIBSGL.A(sglH00.o)
 .text          0x000000000600c240        0x0 ../../Compiler/SGL_302j/LIB_COFF/LIBSGL.A(sglH01.o)
 .text          0x000000000600c240        0x0 ../../Compiler/SGL_302j/LIB_COFF/LIBSGL.A(sglH02.o)
 .text          0x000000000600c240        0x0 ../../Compiler/SGL_302j/LIB_COFF/LIBSGL.A(sglH04.o)
 .text          0x000000000600c240        0x0 ../../Compiler/SGL_302j/LIB_COFF/LIBSGL.A(sglI01.o)
 .text          0x000000000600c240      0x128 ../../Compiler/SGL_302j/LIB_COFF/LIBSGL.A(sglIc0.o)
                0x000000000600c240                slInitSystem
 *fill*         0x000000000600c368        0x8 
 .text          0x000000000600c370        0x0 ../../Compiler/SGL_302j/LIB_COFF/LIBSGL.A(sglJ00.o)
 .text          0x000000000600c370        0x0 ../../Compiler/SGL_302j/LIB_COFF/LIBSGL.A(sglJ01.o)
 .text          0x000000000600c370        0x0 ../../Compiler/SGL_302j/LIB_COFF/LIBSGL.A(sglJ02.o)
 .text          0x000000000600c370        0x0 ../../Compiler/SGL_302j/LIB_COFF/LIBSGL.A(sglJ03.o)
 .text          0x000000000600c370        0x0 ../../Compiler/SGL_302j/LIB_COFF/LIBSGL.A(sglJ04.o)
 .text          0x000000000600c370        0x0 ../../Compiler/SGL_302j/LIB_COFF/LIBSGL.A(sglJ05.o)
 .text          0x000000000600c370        0x0 ../../Compiler/SGL_302j/LIB_COFF/LIBSGL.A(sglK01.o)
 .text          0x000000000600c370        0x0 ../../Compiler/SGL_302j/LIB_COFF/LIBSGL.A(sglM01.o)
 .text          0x000000000600c370        0x0 ../../Compiler/SGL_302j/LIB_COFF/LIBSGL.A(sglA00.o)
 .text          0x000000000600c370        0x0 ../../Compiler/SGL_302j/LIB_COFF/LIBSGL.A(sglA01.o)
 .text          0x000000000600c370        0x0 ../../Compiler/SGL_302j/LIB_COFF/LIBSGL.A(sglB000.o)
 .text          0x000000000600c370        0x0 ../../Compiler/SGL_302j/LIB_COFF/LIBSGL.A(sglB035.o)
 .text          0x000000000600c370        0x0 ../../Compiler/SGL_302j/LIB_COFF/LIBSGL.A(sglC00.o)
 .text          0x000000000600c370        0x0 ../../Compiler/SGL_302j/LIB_COFF/LIBSGL.A(sglI00.o)
 .text          0x000000000600c370        0x0 ../../Compiler/SGL_302j/LIB_COFF/LIBSGL.A(sglH03.o)
 .text          0x000000000600c370       0x52 /home/sansigolo/GameDev/joengine/Compiler/SH_NONE_ELF/bin/../lib/gcc/sh-none-elf/8.2.0/libgcc.a(_ashiftrt.o)
                0x000000000600c370                __ashiftrt_r4_31
                0x000000000600c370                __ashiftrt_r4_32
                0x000000000600c376                __ashiftrt_r4_30
                0x000000000600c378                __ashiftrt_r4_29
                0x000000000600c37a                __ashiftrt_r4_28
                0x000000000600c37c                __ashiftrt_r4_27
                0x000000000600c37e                __ashiftrt_r4_26
                0x000000000600c380                __ashiftrt_r4_25
                0x000000000600c382                __ashiftrt_r4_24
                0x000000000600c38a                __ashiftrt_r4_23
                0x000000000600c38c                __ashiftrt_r4_22
                0x000000000600c38e                __ashiftrt_r4_21
                0x000000000600c390                __ashiftrt_r4_20
                0x000000000600c392                __ashiftrt_r4_19
                0x000000000600c394                __ashiftrt_r4_18
                0x000000000600c396                __ashiftrt_r4_17
                0x000000000600c398                __ashiftrt_r4_16
                0x000000000600c39e                __ashiftrt_r4_15
                0x000000000600c3a0                __ashiftrt_r4_14
                0x000000000600c3a2                __ashiftrt_r4_13
                0x000000000600c3a4                __ashiftrt_r4_12
                0x000000000600c3a6                __ashiftrt_r4_11
                0x000000000600c3a8                __ashiftrt_r4_10
                0x000000000600c3aa                __ashiftrt_r4_9
                0x000000000600c3ac                __ashiftrt_r4_8
                0x000000000600c3ae                __ashiftrt_r4_7
                0x000000000600c3b0                __ashiftrt_r4_6
                0x000000000600c3b2                __ashiftrt_r4_5
                0x000000000600c3b4                __ashiftrt_r4_4
                0x000000000600c3b6                __ashiftrt_r4_3
                0x000000000600c3b8                __ashiftrt_r4_2
                0x000000000600c3ba                __ashiftrt_r4_1
                0x000000000600c3be                __ashiftrt_r4_0
 *fill*         0x000000000600c3c2        0x2 
 .text          0x000000000600c3c4       0xa0 /home/sansigolo/GameDev/joengine/Compiler/SH_NONE_ELF/bin/../lib/gcc/sh-none-elf/8.2.0/libgcc.a(_sdivsi3.o)
                0x000000000600c3c4                __sdivsi3
 .text          0x000000000600c464       0x6c /home/sansigolo/GameDev/joengine/Compiler/SH_NONE_ELF/bin/../lib/gcc/sh-none-elf/8.2.0/libgcc.a(_udivsi3.o)
                0x000000000600c486                __udivsi3
 .text          0x000000000600c4d0      0x134 /home/sansigolo/GameDev/joengine/Compiler/SH_NONE_ELF/bin/../lib/gcc/sh-none-elf/8.2.0/libgcc.a(_mul_sf.o)
                0x000000000600c4d0                __mulsf3
 .text          0x000000000600c604       0xdc /home/sansigolo/GameDev/joengine/Compiler/SH_NONE_ELF/bin/../lib/gcc/sh-none-elf/8.2.0/libgcc.a(_div_sf.o)
                0x000000000600c604                __divsf3
 .text          0x000000000600c6e0       0x7c /home/sansigolo/GameDev/joengine/Compiler/SH_NONE_ELF/bin/../lib/gcc/sh-none-elf/8.2.0/libgcc.a(_sf_to_si.o)
                0x000000000600c6e0                __fixsfsi
 .text          0x000000000600c75c        0x0 /home/sansigolo/GameDev/joengine/Compiler/SH_NONE_ELF/bin/../lib/gcc/sh-none-elf/8.2.0/libgcc.a(_thenan_sf.o)
 .text          0x000000000600c75c       0x94 /home/sansigolo/GameDev/joengine/Compiler/SH_NONE_ELF/bin/../lib/gcc/sh-none-elf/8.2.0/libgcc.a(_usi_to_sf.o)
                0x000000000600c75c                __floatunsisf
 .text          0x000000000600c7f0      0x114 /home/sansigolo/GameDev/joengine/Compiler/SH_NONE_ELF/bin/../lib/gcc/sh-none-elf/8.2.0/libgcc.a(_pack_sf.o)
                0x000000000600c7f0                __pack_f
 .text          0x000000000600c904       0xa0 /home/sansigolo/GameDev/joengine/Compiler/SH_NONE_ELF/bin/../lib/gcc/sh-none-elf/8.2.0/libgcc.a(_unpack_sf.o)
                0x000000000600c904                __unpack_f
 .text          0x000000000600c9a4       0x1e /home/sansigolo/GameDev/joengine/Compiler/SH_NONE_ELF/bin/../lib/gcc/sh-none-elf/8.2.0/../../../../sh-none-elf/lib/libc.a(lib_a-memcmp.o)
                0x000000000600c9a4                memcmp
 *fill*         0x000000000600c9c2        0x2 
 .text          0x000000000600c9c4       0x94 /home/sansigolo/GameDev/joengine/Compiler/SH_NONE_ELF/bin/../lib/gcc/sh-none-elf/8.2.0/../../../../sh-none-elf/lib/libc.a(lib_a-memcpy.o)
                0x000000000600c9c4                memcpy
 .text          0x000000000600ca58       0x40 /home/sansigolo/GameDev/joengine/Compiler/SH_NONE_ELF/bin/../lib/gcc/sh-none-elf/8.2.0/../../../../sh-none-elf/lib/libc.a(lib_a-memset.o)
                0x000000000600ca58                memset
 .text          0x000000000600ca98       0x8c /home/sansigolo/GameDev/joengine/Compiler/SH_NONE_ELF/bin/../lib/gcc/sh-none-elf/8.2.0/../../../../sh-none-elf/lib/libc.a(lib_a-sprintf.o)
                0x000000000600ca98                _sprintf_r
                0x000000000600cad8                sprintf
 .text          0x000000000600cb24       0x2a /home/sansigolo/GameDev/joengine/Compiler/SH_NONE_ELF/bin/../lib/gcc/sh-none-elf/8.2.0/../../../../sh-none-elf/lib/libc.a(lib_a-strncmp.o)
                0x000000000600cb24                strncmp
 .text          0x000000000600cb4e       0x32 /home/sansigolo/GameDev/joengine/Compiler/SH_NONE_ELF/bin/../lib/gcc/sh-none-elf/8.2.0/../../../../sh-none-elf/lib/libc.a(lib_a-strncpy.o)
                0x000000000600cb4e                strncpy
 .text          0x000000000600cb80     0x1378 /home/sansigolo/GameDev/joengine/Compiler/SH_NONE_ELF/bin/../lib/gcc/sh-none-elf/8.2.0/../../../../sh-none-elf/lib/libc.a(lib_a-svfprintf.o)
                0x000000000600cb80                _svfprintf_r
 .text          0x000000000600def8      0xef4 /home/sansigolo/GameDev/joengine/Compiler/SH_NONE_ELF/bin/../lib/gcc/sh-none-elf/8.2.0/../../../../sh-none-elf/lib/libc.a(lib_a-dtoa.o)
                0x000000000600e02c                _dtoa_r
 .text          0x000000000600edec        0x0 /home/sansigolo/GameDev/joengine/Compiler/SH_NONE_ELF/bin/../lib/gcc/sh-none-elf/8.2.0/../../../../sh-none-elf/lib/libc.a(lib_a-impure.o)
 .text          0x000000000600edec       0x40 /home/sansigolo/GameDev/joengine/Compiler/SH_NONE_ELF/bin/../lib/gcc/sh-none-elf/8.2.0/../../../../sh-none-elf/lib/libc.a(lib_a-localeconv.o)
                0x000000000600edec                __localeconv_l
                0x000000000600edf4                _localeconv_r
                0x000000000600ee10                localeconv
 .text          0x000000000600ee2c       0xa8 /home/sansigolo/GameDev/joengine/Compiler/SH_NONE_ELF/bin/../lib/gcc/sh-none-elf/8.2.0/../../../../sh-none-elf/lib/libc.a(lib_a-locale.o)
                0x000000000600ee2c                _setlocale_r
                0x000000000600ee78                __locale_mb_cur_max
                0x000000000600ee98                __locale_ctype_ptr_l
                0x000000000600eea2                __locale_ctype_ptr
                0x000000000600eec0                setlocale
 .text          0x000000000600eed4       0x4c /home/sansigolo/GameDev/joengine/Compiler/SH_NONE_ELF/bin/../lib/gcc/sh-none-elf/8.2.0/../../../../sh-none-elf/lib/libc.a(lib_a-mbtowc_r.o)
                0x000000000600eed4                _mbtowc_r
                0x000000000600eef8                __ascii_mbtowc
 .text          0x000000000600ef20       0x1c /home/sansigolo/GameDev/joengine/Compiler/SH_NONE_ELF/bin/../lib/gcc/sh-none-elf/8.2.0/../../../../sh-none-elf/lib/libc.a(lib_a-memchr.o)
                0x000000000600ef20                memchr
 .text          0x000000000600ef3c      0xa9c /home/sansigolo/GameDev/joengine/Compiler/SH_NONE_ELF/bin/../lib/gcc/sh-none-elf/8.2.0/../../../../sh-none-elf/lib/libc.a(lib_a-mprec.o)
                0x000000000600ef3c                _Balloc
                0x000000000600efb0                _Bfree
                0x000000000600efc8                __multadd
                0x000000000600f070                __s2b
                0x000000000600f130                __hi0bits
                0x000000000600f184                __lo0bits
                0x000000000600f1e8                __i2b
                0x000000000600f204                __multiply
                0x000000000600f348                __pow5mult
                0x000000000600f404                __lshift
                0x000000000600f4f8                __mcmp
                0x000000000600f530                __mdiff
                0x000000000600f60c                __ulp
                0x000000000600f678                __b2d
                0x000000000600f760                __d2b
                0x000000000600f84c                __ratio
                0x000000000600f8d0                _mprec_log10
                0x000000000600f928                __copybits
                0x000000000600f96c                __any_on
 .text          0x000000000600f9d8       0x34 /home/sansigolo/GameDev/joengine/Compiler/SH_NONE_ELF/bin/../lib/gcc/sh-none-elf/8.2.0/../../../../sh-none-elf/lib/libc.a(lib_a-nano-callocr.o)
                0x000000000600f9d8                _calloc_r
 .text          0x000000000600fa0c       0xf4 /home/sansigolo/GameDev/joengine/Compiler/SH_NONE_ELF/bin/../lib/gcc/sh-none-elf/8.2.0/../../../../sh-none-elf/lib/libc.a(lib_a-nano-mallocr.o)
                0x000000000600fa0c                _malloc_r
 .text          0x000000000600fb00       0x30 /home/sansigolo/GameDev/joengine/Compiler/SH_NONE_ELF/bin/../lib/gcc/sh-none-elf/8.2.0/../../../../sh-none-elf/lib/libc.a(lib_a-sbrkr.o)
                0x000000000600fb00                _sbrk_r
 .text          0x000000000600fb30       0x38 /home/sansigolo/GameDev/joengine/Compiler/SH_NONE_ELF/bin/../lib/gcc/sh-none-elf/8.2.0/../../../../sh-none-elf/lib/libc.a(lib_a-strcmp.o)
                0x000000000600fb30                strcmp
 .text          0x000000000600fb68       0x20 /home/sansigolo/GameDev/joengine/Compiler/SH_NONE_ELF/bin/../lib/gcc/sh-none-elf/8.2.0/../../../../sh-none-elf/lib/libc.a(lib_a-strlen.o)
                0x000000000600fb68                strlen
 .text          0x000000000600fb88      0xa60 /home/sansigolo/GameDev/joengine/Compiler/SH_NONE_ELF/bin/../lib/gcc/sh-none-elf/8.2.0/../../../../sh-none-elf/lib/libc.a(lib_a-svfiprintf.o)
                0x000000000600fb88                __ssprint_r
                0x000000000600fcbc                _svfiprintf_r
 .text          0x00000000060105e8      0x25c /home/sansigolo/GameDev/joengine/Compiler/SH_NONE_ELF/bin/../lib/gcc/sh-none-elf/8.2.0/../../../../sh-none-elf/lib/libc.a(lib_a-syscalls.o)
                0x0000000006010660                _read
                0x0000000006010670                _lseek
                0x0000000006010680                _write
                0x0000000006010690                _close
                0x00000000060106a0                _link
                0x00000000060106a4                _sbrk
                0x00000000060106fc                _fstat
                0x0000000006010706                _open
                0x0000000006010718                _creat
                0x0000000006010728                _unlink
                0x000000000601072c                isatty
                0x0000000006010730                _isatty
                0x0000000006010734                _exit
                0x0000000006010744                _kill
                0x0000000006010758                _getpid
                0x000000000601075c                _raise
                0x0000000006010760                _stat
                0x0000000006010770                _chmod
                0x0000000006010780                _chown
                0x0000000006010790                _utime
                0x00000000060107a4                _fork
                0x00000000060107b0                _wait
                0x00000000060107c0                _execve
                0x00000000060107d0                _execv
                0x00000000060107e0                _pipe
                0x00000000060107ec                _times
                0x00000000060107f0                _gettimeofday
                0x0000000006010818                __setup_argv_and_call_main
 .text          0x0000000006010844       0x14 /home/sansigolo/GameDev/joengine/Compiler/SH_NONE_ELF/bin/../lib/gcc/sh-none-elf/8.2.0/../../../../sh-none-elf/lib/libc.a(lib_a-trap.o)
                0x0000000006010844                __trap34
 .text          0x0000000006010858       0x40 /home/sansigolo/GameDev/joengine/Compiler/SH_NONE_ELF/bin/../lib/gcc/sh-none-elf/8.2.0/../../../../sh-none-elf/lib/libc.a(lib_a-wctomb_r.o)
                0x0000000006010858                _wctomb_r
                0x0000000006010878                __ascii_wctomb
 .text          0x0000000006010898       0x18 /home/sansigolo/GameDev/joengine/Compiler/SH_NONE_ELF/bin/../lib/gcc/sh-none-elf/8.2.0/../../../../sh-none-elf/lib/libc.a(lib_a-abort.o)
                0x0000000006010898                abort
 .text          0x00000000060108b0        0x0 /home/sansigolo/GameDev/joengine/Compiler/SH_NONE_ELF/bin/../lib/gcc/sh-none-elf/8.2.0/../../../../sh-none-elf/lib/libc.a(lib_a-ctype_.o)
 .text          0x00000000060108b0       0x3c /home/sansigolo/GameDev/joengine/Compiler/SH_NONE_ELF/bin/../lib/gcc/sh-none-elf/8.2.0/../../../../sh-none-elf/lib/libc.a(lib_a-memmove.o)
                0x00000000060108b0                memmove
 .text          0x00000000060108ec        0x8 /home/sansigolo/GameDev/joengine/Compiler/SH_NONE_ELF/bin/../lib/gcc/sh-none-elf/8.2.0/../../../../sh-none-elf/lib/libc.a(lib_a-mlock.o)
                0x00000000060108ec                __malloc_lock
                0x00000000060108f0                __malloc_unlock
 .text          0x00000000060108f4       0xc8 /home/sansigolo/GameDev/joengine/Compiler/SH_NONE_ELF/bin/../lib/gcc/sh-none-elf/8.2.0/../../../../sh-none-elf/lib/libc.a(lib_a-nano-freer.o)
                0x00000000060108f4                _free_r
 .text          0x00000000060109bc       0x7c /home/sansigolo/GameDev/joengine/Compiler/SH_NONE_ELF/bin/../lib/gcc/sh-none-elf/8.2.0/../../../../sh-none-elf/lib/libc.a(lib_a-nano-reallocr.o)
                0x00000000060109bc                _realloc_r
 .text          0x0000000006010a38      0x1b0 /home/sansigolo/GameDev/joengine/Compiler/SH_NONE_ELF/bin/../lib/gcc/sh-none-elf/8.2.0/../../../../sh-none-elf/lib/libc.a(lib_a-signal.o)
                0x0000000006010a38                _init_signal_r
                0x0000000006010a74                _signal_r
                0x0000000006010ac0                _raise_r
                0x0000000006010b38                __sigtramp_r
                0x0000000006010b9c                raise
                0x0000000006010bb0                signal
                0x0000000006010bc4                _init_signal
                0x0000000006010bd4                __sigtramp
 .text          0x0000000006010be8       0x40 /home/sansigolo/GameDev/joengine/Compiler/SH_NONE_ELF/bin/../lib/gcc/sh-none-elf/8.2.0/../../../../sh-none-elf/lib/libc.a(lib_a-signalr.o)
                0x0000000006010be8                _kill_r
                0x0000000006010c1c                _getpid_r
 .text          0x0000000006010c28       0x16 /home/sansigolo/GameDev/joengine/Compiler/SH_NONE_ELF/bin/../lib/gcc/sh-none-elf/8.2.0/../../../../sh-none-elf/lib/libc.a(lib_a-nano-msizer.o)
                0x0000000006010c28                _malloc_usable_size_r
 *fill*         0x0000000006010c3e        0x2 
 .text          0x0000000006010c40       0x80 /home/sansigolo/GameDev/joengine/Compiler/SH_NONE_ELF/bin/../lib/gcc/sh-none-elf/8.2.0/libgcc.a(_ashiftrt_n.o)
                0x0000000006010c40                __ashrsi3
 .text          0x0000000006010cc0       0xbc /home/sansigolo/GameDev/joengine/Compiler/SH_NONE_ELF/bin/../lib/gcc/sh-none-elf/8.2.0/libgcc.a(_ashiftlt.o)
                0x0000000006010cc0                __ashlsi3
                0x0000000006010cc4                __ashlsi3_r0
 .text          0x0000000006010d7c       0xbc /home/sansigolo/GameDev/joengine/Compiler/SH_NONE_ELF/bin/../lib/gcc/sh-none-elf/8.2.0/libgcc.a(_lshiftrt.o)
                0x0000000006010d7c                __lshrsi3
                0x0000000006010d80                __lshrsi3_r0
 .text          0x0000000006010e38      0x258 /home/sansigolo/GameDev/joengine/Compiler/SH_NONE_ELF/bin/../lib/gcc/sh-none-elf/8.2.0/libgcc.a(_udivdi3.o)
                0x0000000006010e38                __udivdi3
 .text          0x0000000006011090      0x2bc /home/sansigolo/GameDev/joengine/Compiler/SH_NONE_ELF/bin/../lib/gcc/sh-none-elf/8.2.0/libgcc.a(_umoddi3.o)
                0x0000000006011090                __umoddi3
 .text          0x000000000601134c      0x3b4 /home/sansigolo/GameDev/joengine/Compiler/SH_NONE_ELF/bin/../lib/gcc/sh-none-elf/8.2.0/libgcc.a(_addsub_df.o)
                0x000000000601165c                __adddf3
                0x00000000060116ac                __subdf3
 .text          0x0000000006011700      0x208 /home/sansigolo/GameDev/joengine/Compiler/SH_NONE_ELF/bin/../lib/gcc/sh-none-elf/8.2.0/libgcc.a(_mul_df.o)
                0x0000000006011700                __muldf3
 .text          0x0000000006011908      0x130 /home/sansigolo/GameDev/joengine/Compiler/SH_NONE_ELF/bin/../lib/gcc/sh-none-elf/8.2.0/libgcc.a(_div_df.o)
                0x0000000006011908                __divdf3
 .text          0x0000000006011a38       0x58 /home/sansigolo/GameDev/joengine/Compiler/SH_NONE_ELF/bin/../lib/gcc/sh-none-elf/8.2.0/libgcc.a(_eq_df.o)
                0x0000000006011a38                __eqdf2
 .text          0x0000000006011a90       0x58 /home/sansigolo/GameDev/joengine/Compiler/SH_NONE_ELF/bin/../lib/gcc/sh-none-elf/8.2.0/libgcc.a(_ne_df.o)
                0x0000000006011a90                __nedf2
 .text          0x0000000006011ae8       0x50 /home/sansigolo/GameDev/joengine/Compiler/SH_NONE_ELF/bin/../lib/gcc/sh-none-elf/8.2.0/libgcc.a(_gt_df.o)
                0x0000000006011ae8                __gtdf2
 .text          0x0000000006011b38       0x50 /home/sansigolo/GameDev/joengine/Compiler/SH_NONE_ELF/bin/../lib/gcc/sh-none-elf/8.2.0/libgcc.a(_ge_df.o)
                0x0000000006011b38                __gedf2
 .text          0x0000000006011b88       0x58 /home/sansigolo/GameDev/joengine/Compiler/SH_NONE_ELF/bin/../lib/gcc/sh-none-elf/8.2.0/libgcc.a(_lt_df.o)
                0x0000000006011b88                __ltdf2
 .text          0x0000000006011be0       0x58 /home/sansigolo/GameDev/joengine/Compiler/SH_NONE_ELF/bin/../lib/gcc/sh-none-elf/8.2.0/libgcc.a(_le_df.o)
                0x0000000006011be0                __ledf2
 .text          0x0000000006011c38       0x40 /home/sansigolo/GameDev/joengine/Compiler/SH_NONE_ELF/bin/../lib/gcc/sh-none-elf/8.2.0/libgcc.a(_unord_df.o)
                0x0000000006011c38                __unorddf2
 .text          0x0000000006011c78       0xa8 /home/sansigolo/GameDev/joengine/Compiler/SH_NONE_ELF/bin/../lib/gcc/sh-none-elf/8.2.0/libgcc.a(_si_to_df.o)
                0x0000000006011c78                __floatsidf
 .text          0x0000000006011d20       0xa4 /home/sansigolo/GameDev/joengine/Compiler/SH_NONE_ELF/bin/../lib/gcc/sh-none-elf/8.2.0/libgcc.a(_df_to_si.o)
                0x0000000006011d20                __fixdfsi
 .text          0x0000000006011dc4        0x0 /home/sansigolo/GameDev/joengine/Compiler/SH_NONE_ELF/bin/../lib/gcc/sh-none-elf/8.2.0/libgcc.a(_thenan_df.o)
 .text          0x0000000006011dc4       0x88 /home/sansigolo/GameDev/joengine/Compiler/SH_NONE_ELF/bin/../lib/gcc/sh-none-elf/8.2.0/libgcc.a(_usi_to_df.o)
                0x0000000006011dc4                __floatunsidf
 *fill*         0x0000000006011e4c        0x4 
 .text          0x0000000006011e50       0x60 /home/sansigolo/GameDev/joengine/Compiler/SH_NONE_ELF/bin/../lib/gcc/sh-none-elf/8.2.0/libgcc.a(_udiv_qrnnd_16.o)
                0x0000000006011e50                __udiv_qrnnd_16
 .text          0x0000000006011eb0        0x0 /home/sansigolo/GameDev/joengine/Compiler/SH_NONE_ELF/bin/../lib/gcc/sh-none-elf/8.2.0/libgcc.a(_clz.o)
 .text          0x0000000006011eb0       0x58 /home/sansigolo/GameDev/joengine/Compiler/SH_NONE_ELF/bin/../lib/gcc/sh-none-elf/8.2.0/libgcc.a(_clzsi2.o)
                0x0000000006011eb0                __clzsi2
 .text          0x0000000006011f08      0x25c /home/sansigolo/GameDev/joengine/Compiler/SH_NONE_ELF/bin/../lib/gcc/sh-none-elf/8.2.0/libgcc.a(_pack_df.o)
                0x0000000006011f08                __pack_d
 .text          0x0000000006012164       0xcc /home/sansigolo/GameDev/joengine/Compiler/SH_NONE_ELF/bin/../lib/gcc/sh-none-elf/8.2.0/libgcc.a(_unpack_df.o)
                0x0000000006012164                __unpack_d
 .text          0x0000000006012230       0xc8 /home/sansigolo/GameDev/joengine/Compiler/SH_NONE_ELF/bin/../lib/gcc/sh-none-elf/8.2.0/libgcc.a(_fpcmp_parts_df.o)
                0x0000000006012230                __fpcmp_parts_d
 *(.strings)
                0x00000000060122f8                __etext = .

.text.startup   0x00000000060122f8      0x498
 .text.startup  0x00000000060122f8      0x498 /tmp/cclgE5FQ.ltrans0.ltrans.o
                0x00000000060122f8                main

.rodata         0x00000000060127a0      0x648
 *(.rodata)
 .rodata        0x00000000060127a0      0x138 /tmp/cclgE5FQ.ltrans0.ltrans.o
 .rodata        0x00000000060128d8       0x10 /home/sansigolo/GameDev/joengine/Compiler/SH_NONE_ELF/bin/../lib/gcc/sh-none-elf/8.2.0/libgcc.a(_thenan_sf.o)
                0x00000000060128d8                __thenan_sf
 .rodata        0x00000000060128e8       0x20 /home/sansigolo/GameDev/joengine/Compiler/SH_NONE_ELF/bin/../lib/gcc/sh-none-elf/8.2.0/../../../../sh-none-elf/lib/libc.a(lib_a-svfprintf.o)
 .rodata        0x0000000006012908        0x4 /home/sansigolo/GameDev/joengine/Compiler/SH_NONE_ELF/bin/../lib/gcc/sh-none-elf/8.2.0/../../../../sh-none-elf/lib/libc.a(lib_a-impure.o)
                0x0000000006012908                _global_impure_ptr
 .rodata        0x000000000601290c      0x124 /home/sansigolo/GameDev/joengine/Compiler/SH_NONE_ELF/bin/../lib/gcc/sh-none-elf/8.2.0/../../../../sh-none-elf/lib/libc.a(lib_a-mprec.o)
                0x0000000006012918                __mprec_tinytens
                0x0000000006012940                __mprec_bigtens
                0x0000000006012968                __mprec_tens
 .rodata        0x0000000006012a30       0x20 /home/sansigolo/GameDev/joengine/Compiler/SH_NONE_ELF/bin/../lib/gcc/sh-none-elf/8.2.0/../../../../sh-none-elf/lib/libc.a(lib_a-svfiprintf.o)
 .rodata        0x0000000006012a50      0x284 /home/sansigolo/GameDev/joengine/Compiler/SH_NONE_ELF/bin/../lib/gcc/sh-none-elf/8.2.0/../../../../sh-none-elf/lib/libc.a(lib_a-ctype_.o)
                0x0000000006012a50                _ctype_
                0x0000000006012b54                _ctype_b
 .rodata        0x0000000006012cd4       0x14 /home/sansigolo/GameDev/joengine/Compiler/SH_NONE_ELF/bin/../lib/gcc/sh-none-elf/8.2.0/libgcc.a(_thenan_df.o)
                0x0000000006012cd4                __thenan_df
 .rodata        0x0000000006012ce8      0x100 /home/sansigolo/GameDev/joengine/Compiler/SH_NONE_ELF/bin/../lib/gcc/sh-none-elf/8.2.0/libgcc.a(_clz.o)
                0x0000000006012ce8                __clz_tab

.rodata.str1.4  0x0000000006012de8      0x686
 .rodata.str1.4
                0x0000000006012de8      0x614 /tmp/cclgE5FQ.ltrans0.ltrans.o
                                        0x625 (size before relaxing)
 .rodata.str1.4
                0x00000000060133fc       0x3a /home/sansigolo/GameDev/joengine/Compiler/SH_NONE_ELF/bin/../lib/gcc/sh-none-elf/8.2.0/../../../../sh-none-elf/lib/libc.a(lib_a-svfprintf.o)
 *fill*         0x0000000006013436        0x2 
 .rodata.str1.4
                0x0000000006013438        0xd /home/sansigolo/GameDev/joengine/Compiler/SH_NONE_ELF/bin/../lib/gcc/sh-none-elf/8.2.0/../../../../sh-none-elf/lib/libc.a(lib_a-dtoa.o)
                                         0x12 (size before relaxing)
 *fill*         0x0000000006013445        0x3 
 .rodata.str1.4
                0x0000000006013448        0xa /home/sansigolo/GameDev/joengine/Compiler/SH_NONE_ELF/bin/../lib/gcc/sh-none-elf/8.2.0/../../../../sh-none-elf/lib/libc.a(lib_a-locale.o)
                                         0x12 (size before relaxing)
 .rodata.str1.4
                0x0000000006013452       0x25 /home/sansigolo/GameDev/joengine/Compiler/SH_NONE_ELF/bin/../lib/gcc/sh-none-elf/8.2.0/../../../../sh-none-elf/lib/libc.a(lib_a-svfiprintf.o)
 *fill*         0x0000000006013452        0x2 
 .rodata.str1.4
                0x0000000006013454       0x1a /home/sansigolo/GameDev/joengine/Compiler/SH_NONE_ELF/bin/../lib/gcc/sh-none-elf/8.2.0/../../../../sh-none-elf/lib/libc.a(lib_a-syscalls.o)

.eh_frame       0x0000000006013470      0x170
 .eh_frame      0x0000000006013470       0xa8 /home/sansigolo/GameDev/joengine/Compiler/SH_NONE_ELF/bin/../lib/gcc/sh-none-elf/8.2.0/libgcc.a(_udivdi3.o)
 .eh_frame      0x0000000006013518       0xc8 /home/sansigolo/GameDev/joengine/Compiler/SH_NONE_ELF/bin/../lib/gcc/sh-none-elf/8.2.0/libgcc.a(_umoddi3.o)
                                         0xdc (size before relaxing)

.rela.dyn       0x00000000060135e0        0x0
 .rela.text     0x00000000060135e0        0x0 /home/sansigolo/GameDev/joengine/Compiler/SH_NONE_ELF/bin/../lib/gcc/sh-none-elf/8.2.0/../../../../sh-none-elf/lib/libc.a(lib_a-sbrkr.o)
 .rela.text.startup
                0x00000000060135e0        0x0 /home/sansigolo/GameDev/joengine/Compiler/SH_NONE_ELF/bin/../lib/gcc/sh-none-elf/8.2.0/../../../../sh-none-elf/lib/libc.a(lib_a-sbrkr.o)

SLPROG          0x00000000060135e0    0x116a0
                0x00000000060135e0                __slprog_start = .
 *(SLPROG)
 SLPROG         0x00000000060135e0     0x6540 ../../Compiler/SGL_302j/LIB_COFF/SGLAREA.O
                0x00000000060135e0                MasterStack
                0x00000000060135e4                SlaveStack
                0x00000000060135e8                MaxVertices
                0x00000000060135ea                MaxPolygons
                0x00000000060135ec                SortList
                0x00000000060135f0                SortListSize
                0x00000000060135f4                TransList
                0x00000000060135f8                Zbuffer
                0x00000000060135fc                SpriteBuf
                0x0000000006013600                SpriteBufSize
                0x0000000006013604                Pbuffer
                0x0000000006013608                CommandBuf
                0x000000000601360c                CLOfstBuf
                0x0000000006013610                PCM_Work
                0x0000000006013614                PCM_WkSize
                0x0000000006013618                MaxEvents
                0x000000000601361a                EventSize
                0x000000000601361c                MaxWorks
                0x000000000601361e                WorkSize
                0x0000000006013620                RemainEvent
                0x0000000006013720                RemainWork
                0x0000000006013b20                EventBuf
                0x0000000006015b20                WorkBuf
 SLPROG         0x0000000006019b20       0x18 ../../Compiler/SGL_302j/LIB_COFF/LIBSGL.A(sglA15.o)
                0x0000000006019b20                slSlaveFunc
 *fill*         0x0000000006019b38        0x8 
 SLPROG         0x0000000006019b40      0x42c ../../Compiler/SGL_302j/LIB_COFF/LIBSGL.A(sglA20.o)
                0x0000000006019b40                slInitMatrix
                0x0000000006019b4a                slPushUnitMatrix
                0x0000000006019b5e                slUnitMatrix
 *fill*         0x0000000006019f6c        0x4 
 SLPROG         0x0000000006019f70       0x48 ../../Compiler/SGL_302j/LIB_COFF/LIBSGL.A(sglA21.o)
                0x0000000006019f70                slPushMatrix
                0x0000000006019fa4                slPopMatrix
                0x0000000006019fa4                slDecMatrixPtr
 *fill*         0x0000000006019fb8        0x8 
 SLPROG         0x0000000006019fc0       0x50 ../../Compiler/SGL_302j/LIB_COFF/LIBSGL.A(sglA27.o)
                0x0000000006019fc0                slTranslate
 SLPROG         0x000000000601a010       0x20 ../../Compiler/SGL_302j/LIB_COFF/LIBSGL.A(sglB001.o)
                0x000000000601a010                slTVOn
                0x000000000601a01a                slTVOff
 SLPROG         0x000000000601a030       0x24 ../../Compiler/SGL_302j/LIB_COFF/LIBSGL.A(sglB011.o)
                0x000000000601a030                slBitMapNbg1
 *fill*         0x000000000601a054        0xc 
 SLPROG         0x000000000601a060      0x40c ../../Compiler/SGL_302j/LIB_COFF/LIBSGL.A(sglB015.o)
                0x000000000601a060                slScrAutoDisp
 *fill*         0x000000000601a46c        0x4 
 SLPROG         0x000000000601a470        0xc ../../Compiler/SGL_302j/LIB_COFF/LIBSGL.A(sglB016.o)
                0x000000000601a470                slBack1ColSet
 *fill*         0x000000000601a47c        0x4 
 SLPROG         0x000000000601a480       0xb4 ../../Compiler/SGL_302j/LIB_COFF/LIBSGL.A(sglB032.o)
                0x000000000601a480                slMapNbg1
 *fill*         0x000000000601a534        0xc 
 SLPROG         0x000000000601a540        0xc ../../Compiler/SGL_302j/LIB_COFF/LIBSGL.A(sglB053.o)
                0x000000000601a540                slZoomNbg1
 *fill*         0x000000000601a54c        0x4 
 SLPROG         0x000000000601a550        0xc ../../Compiler/SGL_302j/LIB_COFF/LIBSGL.A(sglB056.o)
                0x000000000601a550                slPlaneNbg1
 *fill*         0x000000000601a55c        0x4 
 SLPROG         0x000000000601a560        0xc ../../Compiler/SGL_302j/LIB_COFF/LIBSGL.A(sglB063.o)
                0x000000000601a560                slPriority
 *fill*         0x000000000601a56c        0x4 
 SLPROG         0x000000000601a570      0x114 ../../Compiler/SGL_302j/LIB_COFF/LIBSGL.A(sglB200.o)
                0x000000000601a570                slCharRbg0
                0x000000000601a57c                slCharNbg0
                0x000000000601a588                slCharNbg1
                0x000000000601a594                slCharNbg2
                0x000000000601a5aa                slCharNbg3
                0x000000000601a5c2                slPageRbg0
                0x000000000601a5d8                slPageNbg1
                0x000000000601a5e0                slPageNbg2
                0x000000000601a5e8                slPageNbg3
                0x000000000601a5f4                slPageNbg0
 *fill*         0x000000000601a684        0xc 
 SLPROG         0x000000000601a690       0xfa ../../Compiler/SGL_302j/LIB_COFF/LIBSGL.A(sglC06.o)
                0x000000000601a690                slDispSprite
 *fill*         0x000000000601a78a        0x6 
 SLPROG         0x000000000601a790      0x162 ../../Compiler/SGL_302j/LIB_COFF/LIBSGL.A(sglC07.o)
                0x000000000601a796                slPutSprite
 *fill*         0x000000000601a8f2        0xe 
 SLPROG         0x000000000601a900     0x1218 ../../Compiler/SGL_302j/LIB_COFF/LIBSGL.A(sglC08.o)
                0x000000000601a900                slPutPolygon
                0x000000000601b57c                MsCalcDepthFlat
 *fill*         0x000000000601bb18        0x8 
 SLPROG         0x000000000601bb20       0x40 ../../Compiler/SGL_302j/LIB_COFF/LIBSGL.A(sglC20.o)
                0x000000000601bb20                SpriteEntry
 SLPROG         0x000000000601bb60       0x84 ../../Compiler/SGL_302j/LIB_COFF/LIBSGL.A(sglD00.o)
                0x000000000601bb60                slDMACopy
                0x000000000601bb60                slCpuDMACopy
                0x000000000601bbba                slCashPurge
                0x000000000601bbba                CSH_AllClr
 *fill*         0x000000000601bbe4        0xc 
 SLPROG         0x000000000601bbf0       0xa0 ../../Compiler/SGL_302j/LIB_COFF/LIBSGL.A(sglD01.o)
                0x000000000601bbf0                slDMAXCopy
 SLPROG         0x000000000601bc90        0xc ../../Compiler/SGL_302j/LIB_COFF/LIBSGL.A(sglD03.o)
                0x000000000601bc90                slDMAStatus
 *fill*         0x000000000601bc9c        0x4 
 SLPROG         0x000000000601bca0       0x20 ../../Compiler/SGL_302j/LIB_COFF/LIBSGL.A(sglD15.o)
                0x000000000601bca0                CSH_Purge
 SLPROG         0x000000000601bcc0       0x84 ../../Compiler/SGL_302j/LIB_COFF/LIBSGL.A(sglD16.o)
                0x000000000601bcc0                DMA_ScuSetPrm
                0x000000000601bd08                DMA_SCU_PRM0
 *fill*         0x000000000601bd44        0xc 
 SLPROG         0x000000000601bd50       0x88 ../../Compiler/SGL_302j/LIB_COFF/LIBSGL.A(sglD17.o)
                0x000000000601bd50                DMA_ScuStart
 *fill*         0x000000000601bdd8        0x8 
 SLPROG         0x000000000601bde0       0x34 ../../Compiler/SGL_302j/LIB_COFF/LIBSGL.A(sglD18.o)
                0x000000000601bde0                DMA_ScuGetStatus
 *fill*         0x000000000601be14        0xc 
 SLPROG         0x000000000601be20       0x4e ../../Compiler/SGL_302j/LIB_COFF/LIBSGL.A(sglF00.o)
                0x000000000601be20                slCurScrn
                0x000000000601be30                slCurColor
                0x000000000601be3a                slLocate
                0x000000000601be6c                CurrentScreen
 *fill*         0x000000000601be6e        0x2 
 SLPROG         0x000000000601be70       0x1c ../../Compiler/SGL_302j/LIB_COFF/LIBSGL.A(sglF05.o)
                0x000000000601be70                slPrint
 *fill*         0x000000000601be8c        0x4 
 SLPROG         0x000000000601be90      0xfc8 ../../Compiler/SGL_302j/LIB_COFF/LIBSGL.A(sglH00.o)
                0x000000000601bea8                slGetPortDir1
                0x000000000601beb0                slGetPortDir2
                0x000000000601beb8                slSetPortDir1
                0x000000000601bee2                slSetPortDir2
                0x000000000601bf1c                slGetPortData1
                0x000000000601bf24                slGetPortData2
                0x000000000601bf2c                slSetPortData1
                0x000000000601bf36                slSetPortData2
                0x000000000601bf48                slGetPortSelect1
                0x000000000601bf52                slGetPortSelect2
                0x000000000601bf5c                slSetPortSelect1
                0x000000000601bf90                slSetPortSelect2
                0x000000000601bfcc                slGetPortExt1
                0x000000000601bfd6                slGetPortExt2
                0x000000000601bfe0                slSetPortExt1
                0x000000000601c010                slSetPortExt2
                0x000000000601c184                slSmpcDirectAccess
                0x000000000601c204                slInitPeripheral
                0x000000000601c296                slSetResultBuffer
                0x000000000601c322                slCheckIntBackSet
                0x000000000601c32e                slIntBackCancel
                0x000000000601c358                slCheckReset
                0x000000000601c362                slClearReset
                0x000000000601c528                slSmpcCashSend
                0x000000000601c5e4                slSmpcCashBlow
                0x000000000601c6c0                slGetOptimize
                0x000000000601c6ca                slSetOptimize
                0x000000000601c6f0                slGetPortMode1
                0x000000000601c6fc                slGetPortMode2
                0x000000000601c70a                slSetPortMode1
                0x000000000601c748                slSetPortMode2
                0x000000000601c8d4                slRequestCommand
                0x000000000601c944                Smpc_Status
                0x000000000601c948                Smpc_Result
                0x000000000601c94c                Smpc_Peripheral
                0x000000000601c952                Per_Connect1
                0x000000000601c953                Per_Connect2
                0x000000000601c974                SmpcStatusBuf
 *fill*         0x000000000601ce58        0x8 
 SLPROG         0x000000000601ce60       0xa8 ../../Compiler/SGL_302j/LIB_COFF/LIBSGL.A(sglH01.o)
                0x000000000601ce60                slGetLanguage
                0x000000000601ce6a                slSetLanguage
                0x000000000601ce8c                slGetSoundEffect
                0x000000000601ce98                slSetSoundEffect
                0x000000000601ceb4                slGetSoundOutput
                0x000000000601cec0                slSetSoundOutput
                0x000000000601cedc                slGetHelpWindow
                0x000000000601cee8                slSetHelpWindow
 *fill*         0x000000000601cf08        0x8 
 SLPROG         0x000000000601cf10      0x470 ../../Compiler/SGL_302j/LIB_COFF/LIBSGL.A(sglH02.o)
                0x000000000601d300                smpc_pfr_tbl
                0x000000000601d340                smpc_ptf_tbl
 SLPROG         0x000000000601d380       0x60 ../../Compiler/SGL_302j/LIB_COFF/LIBSGL.A(sglH04.o)
                0x000000000601d380                slComPrmIntBack
                0x000000000601d394                slComPrmSetMemory
                0x000000000601d3aa                slComPrmSetTime
 SLPROG         0x000000000601d3e0      0x3a4 ../../Compiler/SGL_302j/LIB_COFF/LIBSGL.A(sglI01.o)
                0x000000000601d3e0                slInitSynch
                0x000000000601d3fa                slSynch
                0x000000000601d4f0                slRandom
                0x000000000601d50e                PCM_EndCheck
                0x000000000601d5ca                RetPCMBuf
                0x000000000601d664                PCM_Buf
                0x000000000601d704                Sound_Buf
 *fill*         0x000000000601d784        0xc 
 SLPROG         0x000000000601d790       0x74 ../../Compiler/SGL_302j/LIB_COFF/LIBSGL.A(sglJ00.o)
                0x000000000601d790                InitSlaveSH
                0x000000000601d7f8                SlaveCommand
 *fill*         0x000000000601d804        0xc 
 SLPROG         0x000000000601d810      0x3d0 ../../Compiler/SGL_302j/LIB_COFF/LIBSGL.A(sglJ01.o)
                0x000000000601d810                SlaveControl
                0x000000000601dbcc                ErasePolygonData
 SLPROG         0x000000000601dbe0     0x12b8 ../../Compiler/SGL_302j/LIB_COFF/LIBSGL.A(sglJ02.o)
                0x000000000601dbe0                sbMakePolygon
                0x000000000601ddc8                sbCalcPolygon
                0x000000000601eb00                SetTexture
                0x000000000601eb0c                SetPolygon
                0x000000000601eb14                SetPosition
                0x000000000601eb4c                stvtc_4
                0x000000000601ec04                stvtc_3
                0x000000000601ee14                stvtc_1
                0x000000000601ee28                stvtc_2
                0x000000000601ee3c                stvtc_0
 *fill*         0x000000000601ee98        0x8 
 SLPROG         0x000000000601eea0      0x140 ../../Compiler/SGL_302j/LIB_COFF/LIBSGL.A(sglJ03.o)
                0x000000000601eea0                sbMakeDMATable
 SLPROG         0x000000000601efe0      0x470 ../../Compiler/SGL_302j/LIB_COFF/LIBSGL.A(sglJ04.o)
                0x000000000601f03e                sbMakeSprite
                0x000000000601f0a4                sbMakeRotSprite
 SLPROG         0x000000000601f450       0x3c ../../Compiler/SGL_302j/LIB_COFF/LIBSGL.A(sglJ05.o)
                0x000000000601f450                sbSortEntry
 *fill*         0x000000000601f48c        0x4 
 SLPROG         0x000000000601f490       0x6a ../../Compiler/SGL_302j/LIB_COFF/LIBSGL.A(sglM01.o)
                0x000000000601f490                slSetDepthLimit
                0x000000000601f4bc                slSetDepthTbl
                0x000000000601f4ec                DepthWorkArea
 *fill*         0x000000000601f4fa        0x6 
 SLPROG         0x000000000601f500       0x20 ../../Compiler/SGL_302j/LIB_COFF/LIBSGL.A(sglA00.o)
                0x000000000601f500                set_imask
                0x000000000601f500                _builtin_set_imask
                0x000000000601f514                get_imask
                0x000000000601f514                _builtin_get_imask
 SLPROG         0x000000000601f520     0x411e ../../Compiler/SGL_302j/LIB_COFF/LIBSGL.A(sglA01.o)
                0x000000000601f520                slSin
                0x000000000601f544                slCos
                0x000000000601f568                GetSinCos
                0x000000000601f5fc                sin_cos_index_tbl
                0x000000000601f63c                sin_tbl
 *fill*         0x000000000602363e        0x2 
 SLPROG         0x0000000006023640      0xbd0 ../../Compiler/SGL_302j/LIB_COFF/LIBSGL.A(sglB000.o)
                0x0000000006023640                slInitScroll
                0x0000000006023760                setASC_1to8
                0x0000000006023790                setASC_4to8
                0x00000000060238a0                TVSizeTbl
                0x0000000006023920                TVModeTbl
                0x0000000006023af8                SGL_ASCII_CG
 SLPROG         0x0000000006024210       0xd4 ../../Compiler/SGL_302j/LIB_COFF/LIBSGL.A(sglB035.o)
                0x0000000006024210                sl1MapRA
                0x00000000060242a2                rbank_set
 *fill*         0x00000000060242e4        0xc 
 SLPROG         0x00000000060242f0      0x134 ../../Compiler/SGL_302j/LIB_COFF/LIBSGL.A(sglC00.o)
                0x00000000060242f0                slInitSprite
 *fill*         0x0000000006024424        0xc 
 SLPROG         0x0000000006024430      0x75c ../../Compiler/SGL_302j/LIB_COFF/LIBSGL.A(sglI00.o)
                0x0000000006024720                slInitInterrupt
 *fill*         0x0000000006024b8c        0x4 
 SLPROG         0x0000000006024b90       0xf0 ../../Compiler/SGL_302j/LIB_COFF/LIBSGL.A(sglH03.o)
                0x0000000006024bf4                slSmpcIntBack
                0x0000000006024c80                __slprog_end = .

.tors           0x0000000006024c80        0x0
                0x0000000006024c80                ___ctors = .
 *(.ctors)
                0x0000000006024c80                ___ctors_end = .
                0x0000000006024c80                ___dtors = .
 *(.dtors)
                0x0000000006024c80                ___dtors_end = .

.data           0x0000000006024c80      0x634
 *(.data)
 .data          0x0000000006024c80        0x0 ../../Compiler/SGL_302j/LIB_COFF/SGLAREA.O
 .data          0x0000000006024c80       0x1c /tmp/cclgE5FQ.ltrans0.ltrans.o
 *fill*         0x0000000006024c9c        0x4 
 .data          0x0000000006024ca0        0x0 ../../Compiler/SGL_302j/LIB_COFF/SEGA_SYS.A(sys_exit.o)
 .data          0x0000000006024ca0        0x0 ../../Compiler/SGL_302j/LIB_COFF/SEGA_SYS.A(sys_sub.o)
 .data          0x0000000006024ca0        0x0 ../../Compiler/SGL_302j/LIB_COFF/LIBCD.A(CDC_CMN.O)
 .data          0x0000000006024ca0        0x0 ../../Compiler/SGL_302j/LIB_COFF/LIBCD.A(CDC_CFS.O)
 .data          0x0000000006024ca0        0x0 ../../Compiler/SGL_302j/LIB_COFF/LIBCD.A(CDC_REG.O)
 .data          0x0000000006024ca0        0x0 ../../Compiler/SGL_302j/LIB_COFF/LIBCD.A(CDC_SUB.O)
 .data          0x0000000006024ca0        0x0 ../../Compiler/SGL_302j/LIB_COFF/LIBCD.A(GFS.O)
 .data          0x0000000006024ca0        0x0 ../../Compiler/SGL_302j/LIB_COFF/LIBCD.A(GFS_BUF.O)
 .data          0x0000000006024ca0        0x0 ../../Compiler/SGL_302j/LIB_COFF/LIBCD.A(GFS_CDB.O)
 .data          0x0000000006024ca0        0x0 ../../Compiler/SGL_302j/LIB_COFF/LIBCD.A(GFS_CDC.O)
 .data          0x0000000006024ca0        0x0 ../../Compiler/SGL_302j/LIB_COFF/LIBCD.A(GFS_CDF.O)
 .data          0x0000000006024ca0        0x0 ../../Compiler/SGL_302j/LIB_COFF/LIBCD.A(GFS_DIR.O)
 .data          0x0000000006024ca0        0x0 ../../Compiler/SGL_302j/LIB_COFF/LIBCD.A(GFS_TRN.O)
 .data          0x0000000006024ca0        0x0 ../../Compiler/SGL_302j/LIB_COFF/LIBCD.A(CDC_DRV.O)
 .data          0x0000000006024ca0        0x0 ../../Compiler/SGL_302j/LIB_COFF/LIBCD.A(CDC_DEV.O)
 .data          0x0000000006024ca0        0x0 ../../Compiler/SGL_302j/LIB_COFF/LIBCD.A(CDC_SEL.O)
 .data          0x0000000006024ca0        0x0 ../../Compiler/SGL_302j/LIB_COFF/LIBCD.A(CDC_BIF.O)
 .data          0x0000000006024ca0        0x0 ../../Compiler/SGL_302j/LIB_COFF/LIBCD.A(CDC_BIO.O)
 .data          0x0000000006024ca0        0x0 ../../Compiler/SGL_302j/LIB_COFF/LIBSGL.A(sglA15.o)
 .data          0x0000000006024ca0        0x0 ../../Compiler/SGL_302j/LIB_COFF/LIBSGL.A(sglA20.o)
 .data          0x0000000006024ca0        0x0 ../../Compiler/SGL_302j/LIB_COFF/LIBSGL.A(sglA21.o)
 .data          0x0000000006024ca0        0x0 ../../Compiler/SGL_302j/LIB_COFF/LIBSGL.A(sglA27.o)
 .data          0x0000000006024ca0        0x0 ../../Compiler/SGL_302j/LIB_COFF/LIBSGL.A(sglB001.o)
 .data          0x0000000006024ca0        0x0 ../../Compiler/SGL_302j/LIB_COFF/LIBSGL.A(sglB011.o)
 .data          0x0000000006024ca0        0x0 ../../Compiler/SGL_302j/LIB_COFF/LIBSGL.A(sglB015.o)
 .data          0x0000000006024ca0        0x0 ../../Compiler/SGL_302j/LIB_COFF/LIBSGL.A(sglB016.o)
 .data          0x0000000006024ca0        0x0 ../../Compiler/SGL_302j/LIB_COFF/LIBSGL.A(sglB032.o)
 .data          0x0000000006024ca0        0x0 ../../Compiler/SGL_302j/LIB_COFF/LIBSGL.A(sglB053.o)
 .data          0x0000000006024ca0        0x0 ../../Compiler/SGL_302j/LIB_COFF/LIBSGL.A(sglB056.o)
 .data          0x0000000006024ca0        0x0 ../../Compiler/SGL_302j/LIB_COFF/LIBSGL.A(sglB063.o)
 .data          0x0000000006024ca0        0x0 ../../Compiler/SGL_302j/LIB_COFF/LIBSGL.A(sglB200.o)
 .data          0x0000000006024ca0        0x0 ../../Compiler/SGL_302j/LIB_COFF/LIBSGL.A(sglC06.o)
 .data          0x0000000006024ca0        0x0 ../../Compiler/SGL_302j/LIB_COFF/LIBSGL.A(sglC07.o)
 .data          0x0000000006024ca0        0x0 ../../Compiler/SGL_302j/LIB_COFF/LIBSGL.A(sglC08.o)
 .data          0x0000000006024ca0        0x0 ../../Compiler/SGL_302j/LIB_COFF/LIBSGL.A(sglC20.o)
 .data          0x0000000006024ca0        0x0 ../../Compiler/SGL_302j/LIB_COFF/LIBSGL.A(sglD00.o)
 .data          0x0000000006024ca0        0x0 ../../Compiler/SGL_302j/LIB_COFF/LIBSGL.A(sglD01.o)
 .data          0x0000000006024ca0        0x0 ../../Compiler/SGL_302j/LIB_COFF/LIBSGL.A(sglD03.o)
 .data          0x0000000006024ca0        0x0 ../../Compiler/SGL_302j/LIB_COFF/LIBSGL.A(sglD15.o)
 .data          0x0000000006024ca0        0x0 ../../Compiler/SGL_302j/LIB_COFF/LIBSGL.A(sglD16.o)
 .data          0x0000000006024ca0        0x0 ../../Compiler/SGL_302j/LIB_COFF/LIBSGL.A(sglD17.o)
 .data          0x0000000006024ca0        0x0 ../../Compiler/SGL_302j/LIB_COFF/LIBSGL.A(sglD18.o)
 .data          0x0000000006024ca0        0x0 ../../Compiler/SGL_302j/LIB_COFF/LIBSGL.A(sglF00.o)
 .data          0x0000000006024ca0        0x0 ../../Compiler/SGL_302j/LIB_COFF/LIBSGL.A(sglF05.o)
 .data          0x0000000006024ca0        0x0 ../../Compiler/SGL_302j/LIB_COFF/LIBSGL.A(sglH00.o)
 .data          0x0000000006024ca0        0x0 ../../Compiler/SGL_302j/LIB_COFF/LIBSGL.A(sglH01.o)
 .data          0x0000000006024ca0        0x0 ../../Compiler/SGL_302j/LIB_COFF/LIBSGL.A(sglH02.o)
 .data          0x0000000006024ca0        0x0 ../../Compiler/SGL_302j/LIB_COFF/LIBSGL.A(sglH04.o)
 .data          0x0000000006024ca0        0x0 ../../Compiler/SGL_302j/LIB_COFF/LIBSGL.A(sglI01.o)
 .data          0x0000000006024ca0       0x80 ../../Compiler/SGL_302j/LIB_COFF/LIBSGL.A(sglIc0.o)
                0x0000000006024ca0                IntPrioMask
 .data          0x0000000006024d20        0x0 ../../Compiler/SGL_302j/LIB_COFF/LIBSGL.A(sglJ00.o)
 .data          0x0000000006024d20        0x0 ../../Compiler/SGL_302j/LIB_COFF/LIBSGL.A(sglJ01.o)
 .data          0x0000000006024d20        0x0 ../../Compiler/SGL_302j/LIB_COFF/LIBSGL.A(sglJ02.o)
 .data          0x0000000006024d20        0x0 ../../Compiler/SGL_302j/LIB_COFF/LIBSGL.A(sglJ03.o)
 .data          0x0000000006024d20        0x0 ../../Compiler/SGL_302j/LIB_COFF/LIBSGL.A(sglJ04.o)
 .data          0x0000000006024d20        0x0 ../../Compiler/SGL_302j/LIB_COFF/LIBSGL.A(sglJ05.o)
 .data          0x0000000006024d20        0x0 ../../Compiler/SGL_302j/LIB_COFF/LIBSGL.A(sglK01.o)
 .data          0x0000000006024d20        0x0 ../../Compiler/SGL_302j/LIB_COFF/LIBSGL.A(sglM01.o)
 .data          0x0000000006024d20        0x0 ../../Compiler/SGL_302j/LIB_COFF/LIBSGL.A(sglA00.o)
 .data          0x0000000006024d20        0x0 ../../Compiler/SGL_302j/LIB_COFF/LIBSGL.A(sglA01.o)
 .data          0x0000000006024d20        0x0 ../../Compiler/SGL_302j/LIB_COFF/LIBSGL.A(sglB000.o)
 .data          0x0000000006024d20        0x0 ../../Compiler/SGL_302j/LIB_COFF/LIBSGL.A(sglB035.o)
 .data          0x0000000006024d20        0x0 ../../Compiler/SGL_302j/LIB_COFF/LIBSGL.A(sglC00.o)
 .data          0x0000000006024d20        0x0 ../../Compiler/SGL_302j/LIB_COFF/LIBSGL.A(sglI00.o)
 .data          0x0000000006024d20        0x0 ../../Compiler/SGL_302j/LIB_COFF/LIBSGL.A(sglH03.o)
 .data          0x0000000006024d20        0x0 /home/sansigolo/GameDev/joengine/Compiler/SH_NONE_ELF/bin/../lib/gcc/sh-none-elf/8.2.0/libgcc.a(_ashiftrt.o)
 .data          0x0000000006024d20        0x0 /home/sansigolo/GameDev/joengine/Compiler/SH_NONE_ELF/bin/../lib/gcc/sh-none-elf/8.2.0/libgcc.a(_sdivsi3.o)
 .data          0x0000000006024d20        0x0 /home/sansigolo/GameDev/joengine/Compiler/SH_NONE_ELF/bin/../lib/gcc/sh-none-elf/8.2.0/libgcc.a(_udivsi3.o)
 .data          0x0000000006024d20        0x0 /home/sansigolo/GameDev/joengine/Compiler/SH_NONE_ELF/bin/../lib/gcc/sh-none-elf/8.2.0/libgcc.a(_mul_sf.o)
 .data          0x0000000006024d20        0x0 /home/sansigolo/GameDev/joengine/Compiler/SH_NONE_ELF/bin/../lib/gcc/sh-none-elf/8.2.0/libgcc.a(_div_sf.o)
 .data          0x0000000006024d20        0x0 /home/sansigolo/GameDev/joengine/Compiler/SH_NONE_ELF/bin/../lib/gcc/sh-none-elf/8.2.0/libgcc.a(_sf_to_si.o)
 .data          0x0000000006024d20        0x0 /home/sansigolo/GameDev/joengine/Compiler/SH_NONE_ELF/bin/../lib/gcc/sh-none-elf/8.2.0/libgcc.a(_thenan_sf.o)
 .data          0x0000000006024d20        0x0 /home/sansigolo/GameDev/joengine/Compiler/SH_NONE_ELF/bin/../lib/gcc/sh-none-elf/8.2.0/libgcc.a(_usi_to_sf.o)
 .data          0x0000000006024d20        0x0 /home/sansigolo/GameDev/joengine/Compiler/SH_NONE_ELF/bin/../lib/gcc/sh-none-elf/8.2.0/libgcc.a(_pack_sf.o)
 .data          0x0000000006024d20        0x0 /home/sansigolo/GameDev/joengine/Compiler/SH_NONE_ELF/bin/../lib/gcc/sh-none-elf/8.2.0/libgcc.a(_unpack_sf.o)
 .data          0x0000000006024d20        0x0 /home/sansigolo/GameDev/joengine/Compiler/SH_NONE_ELF/bin/../lib/gcc/sh-none-elf/8.2.0/../../../../sh-none-elf/lib/libc.a(lib_a-memcmp.o)
 .data          0x0000000006024d20        0x0 /home/sansigolo/GameDev/joengine/Compiler/SH_NONE_ELF/bin/../lib/gcc/sh-none-elf/8.2.0/../../../../sh-none-elf/lib/libc.a(lib_a-memcpy.o)
 .data          0x0000000006024d20        0x0 /home/sansigolo/GameDev/joengine/Compiler/SH_NONE_ELF/bin/../lib/gcc/sh-none-elf/8.2.0/../../../../sh-none-elf/lib/libc.a(lib_a-memset.o)
 .data          0x0000000006024d20        0x0 /home/sansigolo/GameDev/joengine/Compiler/SH_NONE_ELF/bin/../lib/gcc/sh-none-elf/8.2.0/../../../../sh-none-elf/lib/libc.a(lib_a-sprintf.o)
 .data          0x0000000006024d20        0x0 /home/sansigolo/GameDev/joengine/Compiler/SH_NONE_ELF/bin/../lib/gcc/sh-none-elf/8.2.0/../../../../sh-none-elf/lib/libc.a(lib_a-strncmp.o)
 .data          0x0000000006024d20        0x0 /home/sansigolo/GameDev/joengine/Compiler/SH_NONE_ELF/bin/../lib/gcc/sh-none-elf/8.2.0/../../../../sh-none-elf/lib/libc.a(lib_a-strncpy.o)
 .data          0x0000000006024d20        0x0 /home/sansigolo/GameDev/joengine/Compiler/SH_NONE_ELF/bin/../lib/gcc/sh-none-elf/8.2.0/../../../../sh-none-elf/lib/libc.a(lib_a-svfprintf.o)
 .data          0x0000000006024d20        0x0 /home/sansigolo/GameDev/joengine/Compiler/SH_NONE_ELF/bin/../lib/gcc/sh-none-elf/8.2.0/../../../../sh-none-elf/lib/libc.a(lib_a-dtoa.o)
 .data          0x0000000006024d20      0x428 /home/sansigolo/GameDev/joengine/Compiler/SH_NONE_ELF/bin/../lib/gcc/sh-none-elf/8.2.0/../../../../sh-none-elf/lib/libc.a(lib_a-impure.o)
                0x0000000006024d20                _impure_ptr
 .data          0x0000000006025148        0x0 /home/sansigolo/GameDev/joengine/Compiler/SH_NONE_ELF/bin/../lib/gcc/sh-none-elf/8.2.0/../../../../sh-none-elf/lib/libc.a(lib_a-localeconv.o)
 .data          0x0000000006025148      0x16c /home/sansigolo/GameDev/joengine/Compiler/SH_NONE_ELF/bin/../lib/gcc/sh-none-elf/8.2.0/../../../../sh-none-elf/lib/libc.a(lib_a-locale.o)
                0x0000000006025148                __global_locale
 .data          0x00000000060252b4        0x0 /home/sansigolo/GameDev/joengine/Compiler/SH_NONE_ELF/bin/../lib/gcc/sh-none-elf/8.2.0/../../../../sh-none-elf/lib/libc.a(lib_a-mbtowc_r.o)
 .data          0x00000000060252b4        0x0 /home/sansigolo/GameDev/joengine/Compiler/SH_NONE_ELF/bin/../lib/gcc/sh-none-elf/8.2.0/../../../../sh-none-elf/lib/libc.a(lib_a-memchr.o)
 .data          0x00000000060252b4        0x0 /home/sansigolo/GameDev/joengine/Compiler/SH_NONE_ELF/bin/../lib/gcc/sh-none-elf/8.2.0/../../../../sh-none-elf/lib/libc.a(lib_a-mprec.o)
 .data          0x00000000060252b4        0x0 /home/sansigolo/GameDev/joengine/Compiler/SH_NONE_ELF/bin/../lib/gcc/sh-none-elf/8.2.0/../../../../sh-none-elf/lib/libc.a(lib_a-nano-callocr.o)
 .data          0x00000000060252b4        0x0 /home/sansigolo/GameDev/joengine/Compiler/SH_NONE_ELF/bin/../lib/gcc/sh-none-elf/8.2.0/../../../../sh-none-elf/lib/libc.a(lib_a-nano-mallocr.o)
 .data          0x00000000060252b4        0x0 /home/sansigolo/GameDev/joengine/Compiler/SH_NONE_ELF/bin/../lib/gcc/sh-none-elf/8.2.0/../../../../sh-none-elf/lib/libc.a(lib_a-sbrkr.o)
 .data          0x00000000060252b4        0x0 /home/sansigolo/GameDev/joengine/Compiler/SH_NONE_ELF/bin/../lib/gcc/sh-none-elf/8.2.0/../../../../sh-none-elf/lib/libc.a(lib_a-strcmp.o)
 .data          0x00000000060252b4        0x0 /home/sansigolo/GameDev/joengine/Compiler/SH_NONE_ELF/bin/../lib/gcc/sh-none-elf/8.2.0/../../../../sh-none-elf/lib/libc.a(lib_a-strlen.o)
 .data          0x00000000060252b4        0x0 /home/sansigolo/GameDev/joengine/Compiler/SH_NONE_ELF/bin/../lib/gcc/sh-none-elf/8.2.0/../../../../sh-none-elf/lib/libc.a(lib_a-svfiprintf.o)
 .data          0x00000000060252b4        0x0 /home/sansigolo/GameDev/joengine/Compiler/SH_NONE_ELF/bin/../lib/gcc/sh-none-elf/8.2.0/../../../../sh-none-elf/lib/libc.a(lib_a-syscalls.o)
 .data          0x00000000060252b4        0x0 /home/sansigolo/GameDev/joengine/Compiler/SH_NONE_ELF/bin/../lib/gcc/sh-none-elf/8.2.0/../../../../sh-none-elf/lib/libc.a(lib_a-trap.o)
 .data          0x00000000060252b4        0x0 /home/sansigolo/GameDev/joengine/Compiler/SH_NONE_ELF/bin/../lib/gcc/sh-none-elf/8.2.0/../../../../sh-none-elf/lib/libc.a(lib_a-wctomb_r.o)
 .data          0x00000000060252b4        0x0 /home/sansigolo/GameDev/joengine/Compiler/SH_NONE_ELF/bin/../lib/gcc/sh-none-elf/8.2.0/../../../../sh-none-elf/lib/libc.a(lib_a-abort.o)
 .data          0x00000000060252b4        0x0 /home/sansigolo/GameDev/joengine/Compiler/SH_NONE_ELF/bin/../lib/gcc/sh-none-elf/8.2.0/../../../../sh-none-elf/lib/libc.a(lib_a-ctype_.o)
 .data          0x00000000060252b4        0x0 /home/sansigolo/GameDev/joengine/Compiler/SH_NONE_ELF/bin/../lib/gcc/sh-none-elf/8.2.0/../../../../sh-none-elf/lib/libc.a(lib_a-memmove.o)
 .data          0x00000000060252b4        0x0 /home/sansigolo/GameDev/joengine/Compiler/SH_NONE_ELF/bin/../lib/gcc/sh-none-elf/8.2.0/../../../../sh-none-elf/lib/libc.a(lib_a-mlock.o)
 .data          0x00000000060252b4        0x0 /home/sansigolo/GameDev/joengine/Compiler/SH_NONE_ELF/bin/../lib/gcc/sh-none-elf/8.2.0/../../../../sh-none-elf/lib/libc.a(lib_a-nano-freer.o)
 .data          0x00000000060252b4        0x0 /home/sansigolo/GameDev/joengine/Compiler/SH_NONE_ELF/bin/../lib/gcc/sh-none-elf/8.2.0/../../../../sh-none-elf/lib/libc.a(lib_a-nano-reallocr.o)
 .data          0x00000000060252b4        0x0 /home/sansigolo/GameDev/joengine/Compiler/SH_NONE_ELF/bin/../lib/gcc/sh-none-elf/8.2.0/../../../../sh-none-elf/lib/libc.a(lib_a-signal.o)
 .data          0x00000000060252b4        0x0 /home/sansigolo/GameDev/joengine/Compiler/SH_NONE_ELF/bin/../lib/gcc/sh-none-elf/8.2.0/../../../../sh-none-elf/lib/libc.a(lib_a-signalr.o)
 .data          0x00000000060252b4        0x0 /home/sansigolo/GameDev/joengine/Compiler/SH_NONE_ELF/bin/../lib/gcc/sh-none-elf/8.2.0/../../../../sh-none-elf/lib/libc.a(lib_a-nano-msizer.o)
 .data          0x00000000060252b4        0x0 /home/sansigolo/GameDev/joengine/Compiler/SH_NONE_ELF/bin/../lib/gcc/sh-none-elf/8.2.0/libgcc.a(_ashiftrt_n.o)
 .data          0x00000000060252b4        0x0 /home/sansigolo/GameDev/joengine/Compiler/SH_NONE_ELF/bin/../lib/gcc/sh-none-elf/8.2.0/libgcc.a(_ashiftlt.o)
 .data          0x00000000060252b4        0x0 /home/sansigolo/GameDev/joengine/Compiler/SH_NONE_ELF/bin/../lib/gcc/sh-none-elf/8.2.0/libgcc.a(_lshiftrt.o)
 .data          0x00000000060252b4        0x0 /home/sansigolo/GameDev/joengine/Compiler/SH_NONE_ELF/bin/../lib/gcc/sh-none-elf/8.2.0/libgcc.a(_udivdi3.o)
 .data          0x00000000060252b4        0x0 /home/sansigolo/GameDev/joengine/Compiler/SH_NONE_ELF/bin/../lib/gcc/sh-none-elf/8.2.0/libgcc.a(_umoddi3.o)
 .data          0x00000000060252b4        0x0 /home/sansigolo/GameDev/joengine/Compiler/SH_NONE_ELF/bin/../lib/gcc/sh-none-elf/8.2.0/libgcc.a(_addsub_df.o)
 .data          0x00000000060252b4        0x0 /home/sansigolo/GameDev/joengine/Compiler/SH_NONE_ELF/bin/../lib/gcc/sh-none-elf/8.2.0/libgcc.a(_mul_df.o)
 .data          0x00000000060252b4        0x0 /home/sansigolo/GameDev/joengine/Compiler/SH_NONE_ELF/bin/../lib/gcc/sh-none-elf/8.2.0/libgcc.a(_div_df.o)
 .data          0x00000000060252b4        0x0 /home/sansigolo/GameDev/joengine/Compiler/SH_NONE_ELF/bin/../lib/gcc/sh-none-elf/8.2.0/libgcc.a(_eq_df.o)
 .data          0x00000000060252b4        0x0 /home/sansigolo/GameDev/joengine/Compiler/SH_NONE_ELF/bin/../lib/gcc/sh-none-elf/8.2.0/libgcc.a(_ne_df.o)
 .data          0x00000000060252b4        0x0 /home/sansigolo/GameDev/joengine/Compiler/SH_NONE_ELF/bin/../lib/gcc/sh-none-elf/8.2.0/libgcc.a(_gt_df.o)
 .data          0x00000000060252b4        0x0 /home/sansigolo/GameDev/joengine/Compiler/SH_NONE_ELF/bin/../lib/gcc/sh-none-elf/8.2.0/libgcc.a(_ge_df.o)
 .data          0x00000000060252b4        0x0 /home/sansigolo/GameDev/joengine/Compiler/SH_NONE_ELF/bin/../lib/gcc/sh-none-elf/8.2.0/libgcc.a(_lt_df.o)
 .data          0x00000000060252b4        0x0 /home/sansigolo/GameDev/joengine/Compiler/SH_NONE_ELF/bin/../lib/gcc/sh-none-elf/8.2.0/libgcc.a(_le_df.o)
 .data          0x00000000060252b4        0x0 /home/sansigolo/GameDev/joengine/Compiler/SH_NONE_ELF/bin/../lib/gcc/sh-none-elf/8.2.0/libgcc.a(_unord_df.o)
 .data          0x00000000060252b4        0x0 /home/sansigolo/GameDev/joengine/Compiler/SH_NONE_ELF/bin/../lib/gcc/sh-none-elf/8.2.0/libgcc.a(_si_to_df.o)
 .data          0x00000000060252b4        0x0 /home/sansigolo/GameDev/joengine/Compiler/SH_NONE_ELF/bin/../lib/gcc/sh-none-elf/8.2.0/libgcc.a(_df_to_si.o)
 .data          0x00000000060252b4        0x0 /home/sansigolo/GameDev/joengine/Compiler/SH_NONE_ELF/bin/../lib/gcc/sh-none-elf/8.2.0/libgcc.a(_thenan_df.o)
 .data          0x00000000060252b4        0x0 /home/sansigolo/GameDev/joengine/Compiler/SH_NONE_ELF/bin/../lib/gcc/sh-none-elf/8.2.0/libgcc.a(_usi_to_df.o)
 .data          0x00000000060252b4        0x0 /home/sansigolo/GameDev/joengine/Compiler/SH_NONE_ELF/bin/../lib/gcc/sh-none-elf/8.2.0/libgcc.a(_udiv_qrnnd_16.o)
 .data          0x00000000060252b4        0x0 /home/sansigolo/GameDev/joengine/Compiler/SH_NONE_ELF/bin/../lib/gcc/sh-none-elf/8.2.0/libgcc.a(_clz.o)
 .data          0x00000000060252b4        0x0 /home/sansigolo/GameDev/joengine/Compiler/SH_NONE_ELF/bin/../lib/gcc/sh-none-elf/8.2.0/libgcc.a(_clzsi2.o)
 .data          0x00000000060252b4        0x0 /home/sansigolo/GameDev/joengine/Compiler/SH_NONE_ELF/bin/../lib/gcc/sh-none-elf/8.2.0/libgcc.a(_pack_df.o)
 .data          0x00000000060252b4        0x0 /home/sansigolo/GameDev/joengine/Compiler/SH_NONE_ELF/bin/../lib/gcc/sh-none-elf/8.2.0/libgcc.a(_unpack_df.o)
 .data          0x00000000060252b4        0x0 /home/sansigolo/GameDev/joengine/Compiler/SH_NONE_ELF/bin/../lib/gcc/sh-none-elf/8.2.0/libgcc.a(_fpcmp_parts_df.o)
                0x00000000060252b4                __edata = .

.bss            0x00000000060252c0    0x82f1c
                0x00000000060252c0                __bstart = .
 *(.bss)
 .bss           0x00000000060252c0        0x0 ../../Compiler/SGL_302j/LIB_COFF/SGLAREA.O
 .bss           0x00000000060252c0    0x82e94 /tmp/cclgE5FQ.ltrans0.ltrans.o
 *fill*         0x00000000060a8154        0xc 
 .bss           0x00000000060a8160        0x4 ../../Compiler/SGL_302j/LIB_COFF/SEGA_SYS.A(sys_exit.o)
 *fill*         0x00000000060a8164        0xc 
 .bss           0x00000000060a8170        0x0 ../../Compiler/SGL_302j/LIB_COFF/SEGA_SYS.A(sys_sub.o)
 .bss           0x00000000060a8170        0x0 ../../Compiler/SGL_302j/LIB_COFF/LIBCD.A(CDC_CMN.O)
 .bss           0x00000000060a8170        0x0 ../../Compiler/SGL_302j/LIB_COFF/LIBCD.A(CDC_CFS.O)
 .bss           0x00000000060a8170        0x2 ../../Compiler/SGL_302j/LIB_COFF/LIBCD.A(CDC_REG.O)
 *fill*         0x00000000060a8172        0xe 
 .bss           0x00000000060a8180        0xc ../../Compiler/SGL_302j/LIB_COFF/LIBCD.A(CDC_SUB.O)
 *fill*         0x00000000060a818c        0x4 
 .bss           0x00000000060a8190        0x0 ../../Compiler/SGL_302j/LIB_COFF/LIBCD.A(GFS.O)
 .bss           0x00000000060a8190        0x0 ../../Compiler/SGL_302j/LIB_COFF/LIBCD.A(GFS_BUF.O)
 .bss           0x00000000060a8190        0x0 ../../Compiler/SGL_302j/LIB_COFF/LIBCD.A(GFS_CDB.O)
 .bss           0x00000000060a8190        0x0 ../../Compiler/SGL_302j/LIB_COFF/LIBCD.A(GFS_CDC.O)
 .bss           0x00000000060a8190        0x0 ../../Compiler/SGL_302j/LIB_COFF/LIBCD.A(GFS_CDF.O)
 .bss           0x00000000060a8190        0x0 ../../Compiler/SGL_302j/LIB_COFF/LIBCD.A(GFS_DIR.O)
 .bss           0x00000000060a8190        0xc ../../Compiler/SGL_302j/LIB_COFF/LIBCD.A(GFS_TRN.O)
 *fill*         0x00000000060a819c        0x4 
 .bss           0x00000000060a81a0        0x0 ../../Compiler/SGL_302j/LIB_COFF/LIBCD.A(CDC_DRV.O)
 .bss           0x00000000060a81a0        0x0 ../../Compiler/SGL_302j/LIB_COFF/LIBCD.A(CDC_DEV.O)
 .bss           0x00000000060a81a0        0x0 ../../Compiler/SGL_302j/LIB_COFF/LIBCD.A(CDC_SEL.O)
 .bss           0x00000000060a81a0        0x0 ../../Compiler/SGL_302j/LIB_COFF/LIBCD.A(CDC_BIF.O)
 .bss           0x00000000060a81a0        0x0 ../../Compiler/SGL_302j/LIB_COFF/LIBCD.A(CDC_BIO.O)
 .bss           0x00000000060a81a0        0x0 ../../Compiler/SGL_302j/LIB_COFF/LIBSGL.A(sglA15.o)
 .bss           0x00000000060a81a0        0x0 ../../Compiler/SGL_302j/LIB_COFF/LIBSGL.A(sglA20.o)
 .bss           0x00000000060a81a0        0x0 ../../Compiler/SGL_302j/LIB_COFF/LIBSGL.A(sglA21.o)
 .bss           0x00000000060a81a0        0x0 ../../Compiler/SGL_302j/LIB_COFF/LIBSGL.A(sglA27.o)
 .bss           0x00000000060a81a0        0x0 ../../Compiler/SGL_302j/LIB_COFF/LIBSGL.A(sglB001.o)
 .bss           0x00000000060a81a0        0x0 ../../Compiler/SGL_302j/LIB_COFF/LIBSGL.A(sglB011.o)
 .bss           0x00000000060a81a0        0x0 ../../Compiler/SGL_302j/LIB_COFF/LIBSGL.A(sglB015.o)
 .bss           0x00000000060a81a0        0x0 ../../Compiler/SGL_302j/LIB_COFF/LIBSGL.A(sglB016.o)
 .bss           0x00000000060a81a0        0x0 ../../Compiler/SGL_302j/LIB_COFF/LIBSGL.A(sglB032.o)
 .bss           0x00000000060a81a0        0x0 ../../Compiler/SGL_302j/LIB_COFF/LIBSGL.A(sglB053.o)
 .bss           0x00000000060a81a0        0x0 ../../Compiler/SGL_302j/LIB_COFF/LIBSGL.A(sglB056.o)
 .bss           0x00000000060a81a0        0x0 ../../Compiler/SGL_302j/LIB_COFF/LIBSGL.A(sglB063.o)
 .bss           0x00000000060a81a0        0x0 ../../Compiler/SGL_302j/LIB_COFF/LIBSGL.A(sglB200.o)
 .bss           0x00000000060a81a0        0x0 ../../Compiler/SGL_302j/LIB_COFF/LIBSGL.A(sglC06.o)
 .bss           0x00000000060a81a0        0x0 ../../Compiler/SGL_302j/LIB_COFF/LIBSGL.A(sglC07.o)
 .bss           0x00000000060a81a0        0x0 ../../Compiler/SGL_302j/LIB_COFF/LIBSGL.A(sglC08.o)
 .bss           0x00000000060a81a0        0x0 ../../Compiler/SGL_302j/LIB_COFF/LIBSGL.A(sglC20.o)
 .bss           0x00000000060a81a0        0x0 ../../Compiler/SGL_302j/LIB_COFF/LIBSGL.A(sglD00.o)
 .bss           0x00000000060a81a0        0x0 ../../Compiler/SGL_302j/LIB_COFF/LIBSGL.A(sglD01.o)
 .bss           0x00000000060a81a0        0x0 ../../Compiler/SGL_302j/LIB_COFF/LIBSGL.A(sglD03.o)
 .bss           0x00000000060a81a0        0x0 ../../Compiler/SGL_302j/LIB_COFF/LIBSGL.A(sglD15.o)
 .bss           0x00000000060a81a0        0x0 ../../Compiler/SGL_302j/LIB_COFF/LIBSGL.A(sglD16.o)
 .bss           0x00000000060a81a0        0x0 ../../Compiler/SGL_302j/LIB_COFF/LIBSGL.A(sglD17.o)
 .bss           0x00000000060a81a0        0x0 ../../Compiler/SGL_302j/LIB_COFF/LIBSGL.A(sglD18.o)
 .bss           0x00000000060a81a0        0x0 ../../Compiler/SGL_302j/LIB_COFF/LIBSGL.A(sglF00.o)
 .bss           0x00000000060a81a0        0x0 ../../Compiler/SGL_302j/LIB_COFF/LIBSGL.A(sglF05.o)
 .bss           0x00000000060a81a0        0x0 ../../Compiler/SGL_302j/LIB_COFF/LIBSGL.A(sglH00.o)
 .bss           0x00000000060a81a0        0x0 ../../Compiler/SGL_302j/LIB_COFF/LIBSGL.A(sglH01.o)
 .bss           0x00000000060a81a0        0x0 ../../Compiler/SGL_302j/LIB_COFF/LIBSGL.A(sglH02.o)
 .bss           0x00000000060a81a0        0x0 ../../Compiler/SGL_302j/LIB_COFF/LIBSGL.A(sglH04.o)
 .bss           0x00000000060a81a0        0x0 ../../Compiler/SGL_302j/LIB_COFF/LIBSGL.A(sglI01.o)
 .bss           0x00000000060a81a0        0x0 ../../Compiler/SGL_302j/LIB_COFF/LIBSGL.A(sglIc0.o)
 .bss           0x00000000060a81a0        0x0 ../../Compiler/SGL_302j/LIB_COFF/LIBSGL.A(sglJ00.o)
 .bss           0x00000000060a81a0        0x0 ../../Compiler/SGL_302j/LIB_COFF/LIBSGL.A(sglJ01.o)
 .bss           0x00000000060a81a0        0x0 ../../Compiler/SGL_302j/LIB_COFF/LIBSGL.A(sglJ02.o)
 .bss           0x00000000060a81a0        0x0 ../../Compiler/SGL_302j/LIB_COFF/LIBSGL.A(sglJ03.o)
 .bss           0x00000000060a81a0        0x0 ../../Compiler/SGL_302j/LIB_COFF/LIBSGL.A(sglJ04.o)
 .bss           0x00000000060a81a0        0x0 ../../Compiler/SGL_302j/LIB_COFF/LIBSGL.A(sglJ05.o)
 .bss           0x00000000060a81a0        0x0 ../../Compiler/SGL_302j/LIB_COFF/LIBSGL.A(sglK01.o)
 .bss           0x00000000060a81a0        0x0 ../../Compiler/SGL_302j/LIB_COFF/LIBSGL.A(sglM01.o)
 .bss           0x00000000060a81a0        0x0 ../../Compiler/SGL_302j/LIB_COFF/LIBSGL.A(sglA00.o)
 .bss           0x00000000060a81a0        0x0 ../../Compiler/SGL_302j/LIB_COFF/LIBSGL.A(sglA01.o)
 .bss           0x00000000060a81a0        0x0 ../../Compiler/SGL_302j/LIB_COFF/LIBSGL.A(sglB000.o)
 .bss           0x00000000060a81a0        0x0 ../../Compiler/SGL_302j/LIB_COFF/LIBSGL.A(sglB035.o)
 .bss           0x00000000060a81a0        0x0 ../../Compiler/SGL_302j/LIB_COFF/LIBSGL.A(sglC00.o)
 .bss           0x00000000060a81a0        0x0 ../../Compiler/SGL_302j/LIB_COFF/LIBSGL.A(sglI00.o)
 .bss           0x00000000060a81a0        0x0 ../../Compiler/SGL_302j/LIB_COFF/LIBSGL.A(sglH03.o)
 .bss           0x00000000060a81a0        0x0 /home/sansigolo/GameDev/joengine/Compiler/SH_NONE_ELF/bin/../lib/gcc/sh-none-elf/8.2.0/libgcc.a(_ashiftrt.o)
 .bss           0x00000000060a81a0        0x0 /home/sansigolo/GameDev/joengine/Compiler/SH_NONE_ELF/bin/../lib/gcc/sh-none-elf/8.2.0/libgcc.a(_sdivsi3.o)
 .bss           0x00000000060a81a0        0x0 /home/sansigolo/GameDev/joengine/Compiler/SH_NONE_ELF/bin/../lib/gcc/sh-none-elf/8.2.0/libgcc.a(_udivsi3.o)
 .bss           0x00000000060a81a0        0x0 /home/sansigolo/GameDev/joengine/Compiler/SH_NONE_ELF/bin/../lib/gcc/sh-none-elf/8.2.0/libgcc.a(_mul_sf.o)