Archive member included to satisfy reference by file (symbol)

../../Compiler/SGL_302j/LIB_COFF/SEGA_SYS.A(sys_exit.o)
                              ../../jo_engine/core.o (symbol from plugin) (SYS_Exit)
../../Compiler/SGL_302j/LIB_COFF/SEGA_SYS.A(sys_sub.o)
                              ../../Compiler/SGL_302j/LIB_COFF/SEGA_SYS.A(sys_exit.o) (SYSUB_SetStackptr)
../../Compiler/SGL_302j/LIB_COFF/LIBCD.A(CDC_CMN.O)
                              ../../Compiler/SGL_302j/LIB_COFF/SEGA_SYS.A(sys_exit.o) (CDC_GetCurStat)
../../Compiler/SGL_302j/LIB_COFF/LIBCD.A(CDC_CFS.O)
                              ../../Compiler/SGL_302j/LIB_COFF/SEGA_SYS.A(sys_exit.o) (CDC_ChgDir)
../../Compiler/SGL_302j/LIB_COFF/LIBCD.A(CDC_REG.O)
                              ../../Compiler/SGL_302j/LIB_COFF/SEGA_SYS.A(sys_exit.o) (CDC_GetHirqReq)
../../Compiler/SGL_302j/LIB_COFF/LIBCD.A(CDC_SUB.O)
                              ../../Compiler/SGL_302j/LIB_COFF/LIBCD.A(CDC_CMN.O) (CDSUB_UpdStatus)
../../Compiler/SGL_302j/LIB_COFF/LIBCD.A(GFS.O)
                              ../../jo_engine/fs.o (symbol from plugin) (GFS_Init)
../../Compiler/SGL_302j/LIB_COFF/LIBCD.A(GFS_BUF.O)
                              ../../Compiler/SGL_302j/LIB_COFF/LIBCD.A(GFS.O) (GFBF_GetNumData)
../../Compiler/SGL_302j/LIB_COFF/LIBCD.A(GFS_CDB.O)
                              ../../Compiler/SGL_302j/LIB_COFF/LIBCD.A(GFS.O) (GFCB_Close)
../../Compiler/SGL_302j/LIB_COFF/LIBCD.A(GFS_CDC.O)
                              ../../Compiler/SGL_302j/LIB_COFF/LIBCD.A(GFS.O) (GFCD_SetCdbfs)
../../Compiler/SGL_302j/LIB_COFF/LIBCD.A(GFS_CDF.O)
                              ../../Compiler/SGL_302j/LIB_COFF/LIBCD.A(GFS.O) (GFCF_Init)
../../Compiler/SGL_302j/LIB_COFF/LIBCD.A(GFS_DIR.O)
                              ../../Compiler/SGL_302j/LIB_COFF/LIBCD.A(GFS.O) (GFDR_SetupDirTbl)
../../Compiler/SGL_302j/LIB_COFF/LIBCD.A(GFS_TRN.O)
                              ../../Compiler/SGL_302j/LIB_COFF/LIBCD.A(GFS.O) (GFTR_Setup)
../../Compiler/SGL_302j/LIB_COFF/LIBCD.A(CDC_DRV.O)
                              ../../Compiler/SGL_302j/LIB_COFF/LIBCD.A(GFS_CDC.O) (CDC_CdPlay)
../../Compiler/SGL_302j/LIB_COFF/LIBCD.A(CDC_DEV.O)
                              ../../Compiler/SGL_302j/LIB_COFF/LIBCD.A(GFS_CDC.O) (CDC_CdSetCon)
../../Compiler/SGL_302j/LIB_COFF/LIBCD.A(CDC_SEL.O)
                              ../../Compiler/SGL_302j/LIB_COFF/LIBCD.A(GFS_CDC.O) (CDC_SetFiltRange)
../../Compiler/SGL_302j/LIB_COFF/LIBCD.A(CDC_BIF.O)
                              ../../Compiler/SGL_302j/LIB_COFF/LIBCD.A(GFS_CDC.O) (CDC_GetBufSiz)
../../Compiler/SGL_302j/LIB_COFF/LIBCD.A(CDC_BIO.O)
                              ../../Compiler/SGL_302j/LIB_COFF/LIBCD.A(GFS_CDC.O) (CDC_SetSctLen)
../../Compiler/SGL_302j/LIB_COFF/LIBSGL.A(sglA15.o)
                              ../../jo_engine/core.o (symbol from plugin) (slSlaveFunc)
../../Compiler/SGL_302j/LIB_COFF/LIBSGL.A(sglA20.o)
                              ../../jo_engine/core.o (symbol from plugin) (slUnitMatrix)
../../Compiler/SGL_302j/LIB_COFF/LIBSGL.A(sglA21.o)
                              ../../jo_engine/map.o (symbol from plugin) (slPushMatrix)
../../Compiler/SGL_302j/LIB_COFF/LIBSGL.A(sglA27.o)
                              ../../jo_engine/map.o (symbol from plugin) (slTranslate)
../../Compiler/SGL_302j/LIB_COFF/LIBSGL.A(sglB001.o)
                              ../../jo_engine/core.o (symbol from plugin) (slTVOn)
../../Compiler/SGL_302j/LIB_COFF/LIBSGL.A(sglB011.o)
                              ../../jo_engine/core.o (symbol from plugin) (slBitMapNbg1)
../../Compiler/SGL_302j/LIB_COFF/LIBSGL.A(sglB015.o)
                              ../../jo_engine/core.o (symbol from plugin) (slScrAutoDisp)
../../Compiler/SGL_302j/LIB_COFF/LIBSGL.A(sglB016.o)
                              ../../jo_engine/core.o (symbol from plugin) (slBack1ColSet)
../../Compiler/SGL_302j/LIB_COFF/LIBSGL.A(sglB032.o)
                              ../../jo_engine/core.o (symbol from plugin) (slMapNbg1)
../../Compiler/SGL_302j/LIB_COFF/LIBSGL.A(sglB053.o)
                              ../../jo_engine/core.o (symbol from plugin) (slZoomNbg1)
../../Compiler/SGL_302j/LIB_COFF/LIBSGL.A(sglB056.o)
                              ../../jo_engine/core.o (symbol from plugin) (slPlaneNbg1)
../../Compiler/SGL_302j/LIB_COFF/LIBSGL.A(sglB063.o)
                              ../../jo_engine/core.o (symbol from plugin) (slPriority)
../../Compiler/SGL_302j/LIB_COFF/LIBSGL.A(sglB200.o)
                              ../../jo_engine/core.o (symbol from plugin) (slCharNbg0)
../../Compiler/SGL_302j/LIB_COFF/LIBSGL.A(sglC05.o)
                              ../../jo_engine/sprites.o (symbol from plugin) (slSetSprite)
../../Compiler/SGL_302j/LIB_COFF/LIBSGL.A(sglC06.o)
                              ../../jo_engine/sprites.o (symbol from plugin) (slDispSprite)
../../Compiler/SGL_302j/LIB_COFF/LIBSGL.A(sglC07.o)
                              ../../jo_engine/sprites.o (symbol from plugin) (slPutSprite)
[...]
Memory Configuration

Name             Origin             Length             Attributes
*default*        0x0000000000000000 0xffffffffffffffff

Linker script and memory map

TARGET(coff-sh)

SLSTART         0x0000000006004000       0x28
                0x0000000006004000                ___Start = .
 *(SLSTART)
 SLSTART        0x0000000006004000       0x28 ../../Compiler/SGL_302j/LIB_COFF/LIBSGL.A(sglI00.o)
                0x0000000006004000                SGL_Start
                0x0000000006004002                slStartSGL

.text           0x0000000006004040    0x11508
 *(.text)
 .text          0x0000000006004040        0x0 ../../Compiler/SGL_302j/LIB_COFF/SGLAREA.O
 .text          0x0000000006004040     0x47a0 /tmp/ccPn4YFa.ltrans0.ltrans.o
 .text          0x00000000060087e0      0x238 ../../Compiler/SGL_302j/LIB_COFF/SEGA_SYS.A(sys_exit.o)
                0x00000000060087e0                sys_version
                0x0000000006008800                SYS_Exit
 *fill*         0x0000000006008a18        0x8 
 .text          0x0000000006008a20        0x6 ../../Compiler/SGL_302j/LIB_COFF/SEGA_SYS.A(sys_sub.o)
                0x0000000006008a20                SYSUB_SetStackptr
 *fill*         0x0000000006008a26        0xa 
 .text          0x0000000006008a30      0x3a0 ../../Compiler/SGL_302j/LIB_COFF/LIBCD.A(CDC_CMN.O)
                0x0000000006008a30                CDC_GetCurStat
                0x0000000006008a80                CDC_GetLastStat
                0x0000000006008a98                CDC_GetPeriStat
                0x0000000006008b6c                CDC_GetHwInfo
                0x0000000006008bd4                CDC_TgetToc
                0x0000000006008c24                CDC_GetSes
                0x0000000006008c60                CDC_CdInit
                0x0000000006008ce4                CDC_CdOpen
                0x0000000006008d0c                CDC_DataReady
                0x0000000006008d78                CDC_DataEnd
 .text          0x0000000006008dd0      0x194 ../../Compiler/SGL_302j/LIB_COFF/LIBCD.A(CDC_CFS.O)
                0x0000000006008dd0                CDC_ChgDir
                0x0000000006008e04                CDC_ReadDir
                0x0000000006008e38                CDC_GetFileScope
                0x0000000006008e98                CDC_TgetFileInfo
                0x0000000006008ef4                CDC_ReadFile
                0x0000000006008f28                CDC_AbortFile
 *fill*         0x0000000006008f64        0xc 
 .text          0x0000000006008f70      0x2dc ../../Compiler/SGL_302j/LIB_COFF/LIBCD.A(CDC_REG.O)
                0x0000000006008f70                CDC_GetDataPtr
                0x0000000006008f80                CDC_GetHirqReq
                0x0000000006008f94                CDC_ClrHirqReq
                0x0000000006008fc4                CDREG_ClrHirqReq
                0x0000000006008fd4                CDREG_InitHirqReq
                0x0000000006008ffc                CDREG_SetHirqFlag
                0x0000000006009010                CDC_GetHirqMsk
                0x0000000006009024                CDC_SetHirqMsk
                0x0000000006009034                CDC_GetMpegPtr
                0x0000000006009044                CDREG_TgetData
                0x00000000060090a0                CDREG_CmdRsp
                0x00000000060091a0                CDREG_WaitHirq
                0x0000000006009210                CDREG_ReadRsp
 *fill*         0x000000000600924c        0x4 
 .text          0x0000000006009250      0x152 ../../Compiler/SGL_302j/LIB_COFF/LIBCD.A(CDC_SUB.O)
                0x0000000006009250                CDSUB_UpdStatus
                0x0000000006009268                CDSUB_UpdCdstat
                0x0000000006009288                CDSUB_CdCmd
                0x00000000060092f8                CDSUB_GetCdstat
                0x0000000006009338                CDSUB_RspToCdstat
                0x0000000006009380                CDSUB_SoftTimer
 *fill*         0x00000000060093a2        0xe 
 .text          0x00000000060093b0     0x1adc ../../Compiler/SGL_302j/LIB_COFF/LIBCD.A(GFS.O)
                0x00000000060093b0                gfs_version
                0x00000000060093d0                GFS_Init
                0x00000000060094b8                GFS_LoadDir
                0x0000000006009560                GFS_SetDir
                0x00000000060095c8                GFS_NameToId
                0x000000000600962c                GFS_IdToName
                0x0000000006009698                GFS_GetDirInfo
                0x0000000006009708                GFS_Reset
                0x000000000600978c                GFS_Open
                0x0000000006009840                GFS_Close
                0x0000000006009878                GFS_Seek
                0x000000000600992c                GFS_Tell
                0x000000000600997c                GFS_IsEof
                0x00000000060099d0                GFS_ByteToSct
                0x0000000006009a2c                GFS_GetFileSize
                0x0000000006009a88                GFS_GetFileInfo
                0x0000000006009afc                GFS_GetNumCdbuf
                0x0000000006009b24                GFS_Load
                0x0000000006009be8                GFS_Fread
                0x0000000006009c84                gfs_waitRead
                0x0000000006009d2c                GFS_NwFread
                0x0000000006009e38                GFS_NwCdRead
                0x0000000006009eb0                GFS_NwIsComplete
                0x0000000006009ee8                GFS_NwStop
                0x0000000006009f54                GFS_NwGetStat
                0x0000000006009fd0                gfs_recovRdErr
                0x000000000600a000                GFS_NwExecOne
                0x000000000600a0c0                GFS_NwExecServer
                0x000000000600a13c                GFS_SetGmode
                0x000000000600a1a0                GFS_SetTmode
                0x000000000600a20c                GFS_SetReadPara
                0x000000000600a270                GFS_SetTransPara
                0x000000000600a2dc                GFS_SetTrFunc
                0x000000000600a340                GFS_StartTrans
                0x000000000600a38c                GFS_CdMovePickup
                0x000000000600a3f8                GFS_SetErrFunc
                0x000000000600a424                GFS_GetErrStat
                0x000000000600a448                GFS_ConvTno
                0x000000000600a470                gfs_chgRoot
                0x000000000600a53c                gfs_aborttrans
                0x000000000600a548                gfs_mngSetupFuncTbl
                0x000000000600a57c                gfs_mngInitWork
                0x000000000600a620                gfs_mngGetNumFile
                0x000000000600a688                GFS_mngAllocGrp
                0x000000000600a6d0                gfs_mngFreeGrp
                0x000000000600a6dc                gfs_mngTermAccess
                0x000000000600a760                gfs_mngSetErrCode
                0x000000000600a7e0                gfs_svrSearchHndl
                0x000000000600a820                gfs_svrAddHndl
                0x000000000600a85c                gfs_svrRemoveHndl
                0x000000000600a8b8                GFS_OpenSub
                0x000000000600a910                gfs_loadVol
                0x000000000600a9d4                gfs_getRootDir
                0x000000000600aad0                gfs_loadRootDir
                0x000000000600ab58                gfs_flowIn
                0x000000000600ac00                gfs_transData
                0x000000000600aca4                GFS_GetFad
                0x000000000600acfc                gfs_SetSct
                0x000000000600ad3c                gfs_GetFinfo
                0x000000000600ad7c                gfs_closeSub
                0x000000000600adb8                gfs_getGmode
                0x000000000600adc4                gfs_isTaskDone
                0x000000000600ae18                gfs_convFinStat
 *fill*         0x000000000600ae8c        0x4 
 .text          0x000000000600ae90      0x106 ../../Compiler/SGL_302j/LIB_COFF/LIBCD.A(GFS_BUF.O)
                0x000000000600aec0                GFBF_GetTranData
                0x000000000600aee8                GFBF_GetNumData
                0x000000000600af18                GFBF_GetSrcPk
                0x000000000600af40                GFBF_GetSctData
                0x000000000600af64                GFBF_RtnPk
                0x000000000600af8c                gfbf_getSctDt
 *fill*         0x000000000600af96        0xa 
 .text          0x000000000600afa0      0x600 ../../Compiler/SGL_302j/LIB_COFF/LIBCD.A(GFS_CDB.O)
                0x000000000600afa0                GFCB_Setup
                0x000000000600b0c0                GFCB_Close
                0x000000000600b0e8                GFCB_GetLenData
                0x000000000600b194                GFCB_GetLenRoom
                0x000000000600b1a0                GFCB_SetFilt
                0x000000000600b208                GFCB_DeleteAllData
                0x000000000600b230                GFCB_Tell
                0x000000000600b240                gfcb_getSctNum
                0x000000000600b290                GFCB_Seek
                0x000000000600b38c                GFCB_GetSrcPack
                0x000000000600b46c                GFCB_GetSctData
                0x000000000600b4a4                GFCB_GetDstPack
                0x000000000600b4b0                GFCB_RtnPk
                0x000000000600b4f8                GFCB_MovePickup
                0x000000000600b514                GFCB_SetCon
                0x000000000600b548                GFCB_GetPickup
                0x000000000600b570                GFCB_IsPuOwner
                0x000000000600b588                GFCB_UngetPickup
 .text          0x000000000600b5a0     0x1a10 ../../Compiler/SGL_302j/LIB_COFF/LIBCD.A(GFS_CDC.O)
                0x000000000600b5a0                GFCD_SetCdbfs
                0x000000000600b5cc                GFCD_Init
                0x000000000600b7d0                GFCD_AllocFilt
                0x000000000600b80c                GFCD_FreeFilt
                0x000000000600b83c                GFCD_AllocBuf
                0x000000000600b870                GFCD_FreeBuf
                0x000000000600b914                GFCD_GetBaseFad
                0x000000000600b948                GFCD_GetPickup
                0x000000000600b97c                GFCD_UngetPickup
                0x000000000600b9a8                GFCD_IsPuOwner
                0x000000000600b9cc                GFCD_SetFilt
                0x000000000600ba90                GFCD_GetFilt
                0x000000000600bad8                GFCD_SetCon
                0x000000000600bb30                GFCD_Play
                0x000000000600bb90                GFCD_GetLenData
                0x000000000600bbf8                GFCD_ReqData
                0x000000000600bc54                GFCD_EndData
                0x000000000600bc9c                GFCD_DelSctData
                0x000000000600bcf4                GFCD_CheckDelSctData
                0x000000000600bd24                GFCD_GetStat
                0x000000000600bdd8                GFCD_MovePickup
                0x000000000600be24                GFCD_MoveSctData
                0x000000000600be98                GFCD_CheckMove
                0x000000000600bebc                GFCD_GetSctInfo
                0x000000000600bf04                GFCD_ChgDir
                0x000000000600bf78                GFCD_SetFiltCon
                0x000000000600c060                GFCD_GetFileInfo
                0x000000000600c13c                GFCD_GetBufSiz
                0x000000000600c174                GFCD_ExecServer
                0x000000000600c248                gfcd_isIdleTask
                0x000000000600c2d4                gfcd_doTask
                0x000000000600c380                GFCD_SetTimer
                0x000000000600c394                GFCD_WaitServer
                0x000000000600c3d0                gfcd_doSetFiltTsk
                0x000000000600c594                gfcd_doSetConTsk
                0x000000000600c624                gfcd_doGetLenDataTsk
                0x000000000600c778                gfcd_doReqDataTsk
                0x000000000600c818                gfcd_doDelSctDataTsk
                0x000000000600c94c                gfcd_doMoveSctTsk
                0x000000000600cab0                gfcd_doChgDirTsk
                0x000000000600ccac                gfcd_doSetFiltConTsk
                0x000000000600cdf0                gfcd_checkEflag
                0x000000000600ce14                gfcd_initCdbMng
                0x000000000600ce94                gfcd_setStat
                0x000000000600cec0                GFCD_SetCsctFunc
                0x000000000600cedc                GFCD_ChkScdqFlag
                0x000000000600cf00                GFCD_ClrScdqFlag
                0x000000000600cf1c                GFCD_WaitScdqFlag
                0x000000000600cf60                GFCD_WaitPause
 .text          0x000000000600cfb0      0x8d8 ../../Compiler/SGL_302j/LIB_COFF/LIBCD.A(GFS_CDF.O)
                0x000000000600cfb0                GFCF_Init
                0x000000000600d050                GFCF_Setup
                0x000000000600d198                GFCF_SetSct
                0x000000000600d1dc                GFCF_GetFileInfo
                0x000000000600d250                GFCF_FlowInBuf
                0x000000000600d3a4                GFCF_StopInBuf
                0x000000000600d444                GFCF_Recover
                0x000000000600d48c                GFCF_Tell
                0x000000000600d4a4                GFCF_Seek
                0x000000000600d4bc                GFCF_MovePickup
                0x000000000600d558                GFCF_cnvIntlvOfs
                0x000000000600d5ac                GFCF_GetStat
                0x000000000600d644                gfcf_getSctSize
                0x000000000600d680                gfcf_isCdOk
                0x000000000600d740                gfcf_getPlayRange
 *fill*         0x000000000600d888        0x8 
 .text          0x000000000600d890      0x92c ../../Compiler/SGL_302j/LIB_COFF/LIBCD.A(GFS_DIR.O)
                0x000000000600d890                GFDR_SetupDirTbl
                0x000000000600d904                GFDR_NameToId
                0x000000000600d964                GFDR_GetInfoDirId
                0x000000000600d978                GFDR_GetInfoDirName
                0x000000000600d98c                GFDR_GetAtrDirId
                0x000000000600d9a4                GFDR_GetAtrDirName
                0x000000000600d9bc                GFDR_ChgRoot
                0x000000000600d9d4                GFDR_ChgDir
                0x000000000600da48                gfdr_setupDirIdTbl
                0x000000000600dacc                gfdr_setupDirNameTbl
                0x000000000600db78                gfdr_open
                0x000000000600dba0                gfdr_read
                0x000000000600dc60                gfdr_readByte
                0x000000000600dc8c                gfdr_readWord
                0x000000000600dcb8                gfdr_readWordNB
                0x000000000600dd0c                gfdr_readLongNB
                0x000000000600dd58                gfdr_readLongNM
                0x000000000600dd80                gfdr_setNextRec
                0x000000000600de04                gfdr_readDirEnt
                0x000000000600e180                gfdr_setDirrecCd
 *fill*         0x000000000600e1bc        0x4 
 .text          0x000000000600e1c0      0x9c6 ../../Compiler/SGL_302j/LIB_COFF/LIBCD.A(GFS_TRN.O)
                0x000000000600e1f0                GFTR_Setup
                0x000000000600e234                GFTR_SetMode
                0x000000000600e248                GFTR_SetUnit
                0x000000000600e254                GFTR_SetTransPara
                0x000000000600e288                GFTR_GetTransPara
                0x000000000600e294                GFTR_GetNumTrans
                0x000000000600e2a0                GFTR_SetTransMax
                0x000000000600e2ac                GFTR_Start
                0x000000000600e2b8                GFTR_Pause
                0x000000000600e2c4                GFTR_Stop
                0x000000000600e37c                GFTR_Exec
                0x000000000600e400                GFTR_Idle
                0x000000000600e478                GFTR_ExecSvr
                0x000000000600e580                gftr_getSrcPack
                0x000000000600e608                gftr_getDstPack
                0x000000000600e664                gftr_reqScu
                0x000000000600e670                gftr_execScu
                0x000000000600e70c                gftr_remScu
                0x000000000600e740                gfdma_canUse
                0x000000000600e74c                gfdma_exec
                0x000000000600e7bc                gfdma_getBytecnt
                0x000000000600e7f4                gftr_reqDma0
                0x000000000600e80c                gftr_execSdma0
                0x000000000600e830                gftr_remDma0
                0x000000000600e848                gftr_reqDma1
                0x000000000600e860                gftr_execSdma1
                0x000000000600e884                gftr_remDma1
                0x000000000600e89c                gftr_reqCpu
                0x000000000600e8a8                gftr_execCpu
                0x000000000600e8e8                gftr_remCpu
                0x000000000600e8f4                gftr_reqTrn
                0x000000000600e964                gftr_execTrn
                0x000000000600ea3c                gftr_remTrn
                0x000000000600eab0                gftr_copyFrac
                0x000000000600ead8                GFTR_GetLenData
                0x000000000600eae4                GFTR_GetLenRoom
                0x000000000600eafc                GFTR_GetDstPack
                0x000000000600eb30                GFTR_RtnDstPk
                0x000000000600eb4c                GFTR_GetData
                0x000000000600eb60                GFTR_SetData
                0x000000000600eb74                GFTR_SetTransFunc
 *fill*         0x000000000600eb86        0xa 
 .text          0x000000000600eb90      0x130 ../../Compiler/SGL_302j/LIB_COFF/LIBCD.A(CDC_DRV.O)
                0x000000000600eb90                CDC_CdPlay
                0x000000000600ec5c                CDC_CdSeek
                0x000000000600ec90                CDC_CdScan
 .text          0x000000000600ecc0       0xa8 ../../Compiler/SGL_302j/LIB_COFF/LIBCD.A(CDC_DEV.O)
                0x000000000600ecc0                CDC_CdSetCon
                0x000000000600ecf0                CDC_CdGetCon
                0x000000000600ed2c                CDC_CdGetLastBuf
 *fill*         0x000000000600ed68        0x8 
 .text          0x000000000600ed70      0x2b8 ../../Compiler/SGL_302j/LIB_COFF/LIBCD.A(CDC_SEL.O)
                0x000000000600ed70                CDC_SetFiltRange
                0x000000000600eda4                CDC_GetFiltRange
                0x000000000600edfc                CDC_SetFiltSubh
                0x000000000600ee6c                CDC_GetFiltSubh
                0x000000000600eee8                CDC_SetFiltMode
                0x000000000600ef1c                CDC_GetFiltMode
                0x000000000600ef60                CDC_SetFiltCon
                0x000000000600efa0                CDC_GetFiltCon
                0x000000000600eff4                CDC_ResetSelector
 *fill*         0x000000000600f028        0x8 
 .text          0x000000000600f030      0x270 ../../Compiler/SGL_302j/LIB_COFF/LIBCD.A(CDC_BIF.O)
                0x000000000600f030                CDC_GetBufSiz
                0x000000000600f08c                CDC_GetSctNum
                0x000000000600f0d0                CDC_CalActSiz
                0x000000000600f10c                CDC_GetActSiz
                0x000000000600f18c                CDC_GetSctInfo
                0x000000000600f20c                CDC_ExeFadSearch
                0x000000000600f244                CDC_GetFadSearch
 .text          0x000000000600f2a0      0x1e4 ../../Compiler/SGL_302j/LIB_COFF/LIBCD.A(CDC_BIO.O)
                0x000000000600f2a0                CDC_SetSctLen
                0x000000000600f2d4                CDC_GetSctData
                0x000000000600f310                CDC_DelSctData
                0x000000000600f34c                CDC_GetdelSctData
                0x000000000600f388                CDC_PutSctData
                0x000000000600f3c0                CDC_CopySctData
                0x000000000600f404                CDC_MoveSctData
                0x000000000600f448                CDC_GetCopyErr
 *fill*         0x000000000600f484        0xc 
 .text          0x000000000600f490        0x0 ../../Compiler/SGL_302j/LIB_COFF/LIBSGL.A(sglA15.o)
 .text          0x000000000600f490        0x0 ../../Compiler/SGL_302j/LIB_COFF/LIBSGL.A(sglA20.o)
 .text          0x000000000600f490        0x0 ../../Compiler/SGL_302j/LIB_COFF/LIBSGL.A(sglA21.o)
 .text          0x000000000600f490        0x0 ../../Compiler/SGL_302j/LIB_COFF/LIBSGL.A(sglA27.o)
 .text          0x000000000600f490        0x0 ../../Compiler/SGL_302j/LIB_COFF/LIBSGL.A(sglB001.o)
 .text          0x000000000600f490        0x0 ../../Compiler/SGL_302j/LIB_COFF/LIBSGL.A(sglB011.o)
 .text          0x000000000600f490        0x0 ../../Compiler/SGL_302j/LIB_COFF/LIBSGL.A(sglB015.o)
 .text          0x000000000600f490        0x0 ../../Compiler/SGL_302j/LIB_COFF/LIBSGL.A(sglB016.o)
 .text          0x000000000600f490        0x0 ../../Compiler/SGL_302j/LIB_COFF/LIBSGL.A(sglB032.o)
 .text          0x000000000600f490        0x0 ../../Compiler/SGL_302j/LIB_COFF/LIBSGL.A(sglB053.o)
 .text          0x000000000600f490        0x0 ../../Compiler/SGL_302j/LIB_COFF/LIBSGL.A(sglB056.o)
 .text          0x000000000600f490        0x0 ../../Compiler/SGL_302j/LIB_COFF/LIBSGL.A(sglB063.o)
 .text          0x000000000600f490        0x0 ../../Compiler/SGL_302j/LIB_COFF/LIBSGL.A(sglB200.o)
 .text          0x000000000600f490        0x0 ../../Compiler/SGL_302j/LIB_COFF/LIBSGL.A(sglC05.o)
 .text          0x000000000600f490        0x0 ../../Compiler/SGL_302j/LIB_COFF/LIBSGL.A(sglC06.o)
 .text          0x000000000600f490        0x0 ../../Compiler/SGL_302j/LIB_COFF/LIBSGL.A(sglC07.o)
 .text          0x000000000600f490        0x0 ../../Compiler/SGL_302j/LIB_COFF/LIBSGL.A(sglC08.o)
 .text          0x000000000600f490        0x0 ../../Compiler/SGL_302j/LIB_COFF/LIBSGL.A(sglC20.o)
 .text          0x000000000600f490        0x0 ../../Compiler/SGL_302j/LIB_COFF/LIBSGL.A(sglD00.o)
 .text          0x000000000600f490        0x0 ../../Compiler/SGL_302j/LIB_COFF/LIBSGL.A(sglD01.o)
 .text          0x000000000600f490        0x0 ../../Compiler/SGL_302j/LIB_COFF/LIBSGL.A(sglD03.o)
 .text          0x000000000600f490        0x0 ../../Compiler/SGL_302j/LIB_COFF/LIBSGL.A(sglD15.o)
 .text          0x000000000600f490        0x0 ../../Compiler/SGL_302j/LIB_COFF/LIBSGL.A(sglD16.o)
 .text          0x000000000600f490        0x0 ../../Compiler/SGL_302j/LIB_COFF/LIBSGL.A(sglD17.o)
 .text          0x000000000600f490        0x0 ../../Compiler/SGL_302j/LIB_COFF/LIBSGL.A(sglD18.o)
 .text          0x000000000600f490        0x0 ../../Compiler/SGL_302j/LIB_COFF/LIBSGL.A(sglF00.o)
 .text          0x000000000600f490        0x0 ../../Compiler/SGL_302j/LIB_COFF/LIBSGL.A(sglF05.o)
 .text          0x000000000600f490        0x0 ../../Compiler/SGL_302j/LIB_COFF/LIBSGL.A(sglH00.o)
 .text          0x000000000600f490        0x0 ../../Compiler/SGL_302j/LIB_COFF/LIBSGL.A(sglH01.o)
 .text          0x000000000600f490        0x0 ../../Compiler/SGL_302j/LIB_COFF/LIBSGL.A(sglH02.o)
 .text          0x000000000600f490        0x0 ../../Compiler/SGL_302j/LIB_COFF/LIBSGL.A(sglH04.o)
 .text          0x000000000600f490        0x0 ../../Compiler/SGL_302j/LIB_COFF/LIBSGL.A(sglI01.o)
 .text          0x000000000600f490      0x128 ../../Compiler/SGL_302j/LIB_COFF/LIBSGL.A(sglIc0.o)
                0x000000000600f490                slInitSystem
 *fill*         0x000000000600f5b8        0x8 
 .text          0x000000000600f5c0        0x0 ../../Compiler/SGL_302j/LIB_COFF/LIBSGL.A(sglJ00.o)
 .text          0x000000000600f5c0        0x0 ../../Compiler/SGL_302j/LIB_COFF/LIBSGL.A(sglJ01.o)
 .text          0x000000000600f5c0        0x0 ../../Compiler/SGL_302j/LIB_COFF/LIBSGL.A(sglJ02.o)
 .text          0x000000000600f5c0        0x0 ../../Compiler/SGL_302j/LIB_COFF/LIBSGL.A(sglJ03.o)
 .text          0x000000000600f5c0        0x0 ../../Compiler/SGL_302j/LIB_COFF/LIBSGL.A(sglJ04.o)
 .text          0x000000000600f5c0        0x0 ../../Compiler/SGL_302j/LIB_COFF/LIBSGL.A(sglJ05.o)
 .text          0x000000000600f5c0        0x0 ../../Compiler/SGL_302j/LIB_COFF/LIBSGL.A(sglK01.o)
 .text          0x000000000600f5c0        0x0 ../../Compiler/SGL_302j/LIB_COFF/LIBSGL.A(sglM01.o)
 .text          0x000000000600f5c0        0x0 ../../Compiler/SGL_302j/LIB_COFF/LIBSGL.A(sglA00.o)
 .text          0x000000000600f5c0        0x0 ../../Compiler/SGL_302j/LIB_COFF/LIBSGL.A(sglA01.o)
 .text          0x000000000600f5c0        0x0 ../../Compiler/SGL_302j/LIB_COFF/LIBSGL.A(sglB000.o)
 .text          0x000000000600f5c0        0x0 ../../Compiler/SGL_302j/LIB_COFF/LIBSGL.A(sglB035.o)
 .text          0x000000000600f5c0        0x0 ../../Compiler/SGL_302j/LIB_COFF/LIBSGL.A(sglC00.o)
 .text          0x000000000600f5c0        0x0 ../../Compiler/SGL_302j/LIB_COFF/LIBSGL.A(sglI00.o)
 .text          0x000000000600f5c0        0x0 ../../Compiler/SGL_302j/LIB_COFF/LIBSGL.A(sglH03.o)
 .text          0x000000000600f5c0       0x52 /home/sansigolo/Documents/joengine/Compiler/SH_NONE_ELF/bin/../lib/gcc/sh-none-elf/8.2.0/libgcc.a(_ashiftrt.o)
                0x000000000600f5c0                __ashiftrt_r4_31
                0x000000000600f5c0                __ashiftrt_r4_32
                0x000000000600f5c6                __ashiftrt_r4_30
                0x000000000600f5c8                __ashiftrt_r4_29
                0x000000000600f5ca                __ashiftrt_r4_28
                0x000000000600f5cc                __ashiftrt_r4_27
                0x000000000600f5ce                __ashiftrt_r4_26
                0x000000000600f5d0                __ashiftrt_r4_25
                0x000000000600f5d2                __ashiftrt_r4_24
                0x000000000600f5da                __ashiftrt_r4_23
                0x000000000600f5dc                __ashiftrt_r4_22
                0x000000000600f5de                __ashiftrt_r4_21
                0x000000000600f5e0                __ashiftrt_r4_20
                0x000000000600f5e2                __ashiftrt_r4_19
                0x000000000600f5e4                __ashiftrt_r4_18
                0x000000000600f5e6                __ashiftrt_r4_17
                0x000000000600f5e8                __ashiftrt_r4_16
                0x000000000600f5ee                __ashiftrt_r4_15
                0x000000000600f5f0                __ashiftrt_r4_14
                0x000000000600f5f2                __ashiftrt_r4_13
                0x000000000600f5f4                __ashiftrt_r4_12
                0x000000000600f5f6                __ashiftrt_r4_11
                0x000000000600f5f8                __ashiftrt_r4_10
                0x000000000600f5fa                __ashiftrt_r4_9
                0x000000000600f5fc                __ashiftrt_r4_8
                0x000000000600f5fe                __ashiftrt_r4_7
                0x000000000600f600                __ashiftrt_r4_6
                0x000000000600f602                __ashiftrt_r4_5
                0x000000000600f604                __ashiftrt_r4_4
                0x000000000600f606                __ashiftrt_r4_3
                0x000000000600f608                __ashiftrt_r4_2
                0x000000000600f60a                __ashiftrt_r4_1
                0x000000000600f60e                __ashiftrt_r4_0
 *fill*         0x000000000600f612        0x2 
 .text          0x000000000600f614       0xa0 /home/sansigolo/Documents/joengine/Compiler/SH_NONE_ELF/bin/../lib/gcc/sh-none-elf/8.2.0/libgcc.a(_sdivsi3.o)
                0x000000000600f614                __sdivsi3
 .text          0x000000000600f6b4       0x6c /home/sansigolo/Documents/joengine/Compiler/SH_NONE_ELF/bin/../lib/gcc/sh-none-elf/8.2.0/libgcc.a(_udivsi3.o)
                0x000000000600f6d6                __udivsi3
 .text          0x000000000600f720      0x134 /home/sansigolo/Documents/joengine/Compiler/SH_NONE_ELF/bin/../lib/gcc/sh-none-elf/8.2.0/libgcc.a(_mul_sf.o)
                0x000000000600f720                __mulsf3
 .text          0x000000000600f854       0xdc /home/sansigolo/Documents/joengine/Compiler/SH_NONE_ELF/bin/../lib/gcc/sh-none-elf/8.2.0/libgcc.a(_div_sf.o)
                0x000000000600f854                __divsf3
 .text          0x000000000600f930       0x7c /home/sansigolo/Documents/joengine/Compiler/SH_NONE_ELF/bin/../lib/gcc/sh-none-elf/8.2.0/libgcc.a(_sf_to_si.o)
                0x000000000600f930                __fixsfsi
 .text          0x000000000600f9ac        0x0 /home/sansigolo/Documents/joengine/Compiler/SH_NONE_ELF/bin/../lib/gcc/sh-none-elf/8.2.0/libgcc.a(_thenan_sf.o)
 .text          0x000000000600f9ac       0x94 /home/sansigolo/Documents/joengine/Compiler/SH_NONE_ELF/bin/../lib/gcc/sh-none-elf/8.2.0/libgcc.a(_usi_to_sf.o)
                0x000000000600f9ac                __floatunsisf
 .text          0x000000000600fa40      0x114 /home/sansigolo/Documents/joengine/Compiler/SH_NONE_ELF/bin/../lib/gcc/sh-none-elf/8.2.0/libgcc.a(_pack_sf.o)
                0x000000000600fa40                __pack_f
 .text          0x000000000600fb54       0xa0 /home/sansigolo/Documents/joengine/Compiler/SH_NONE_ELF/bin/../lib/gcc/sh-none-elf/8.2.0/libgcc.a(_unpack_sf.o)
                0x000000000600fb54                __unpack_f
 .text          0x000000000600fbf4       0x1e /home/sansigolo/Documents/joengine/Compiler/SH_NONE_ELF/bin/../lib/gcc/sh-none-elf/8.2.0/../../../../sh-none-elf/lib/libc.a(lib_a-memcmp.o)
                0x000000000600fbf4                memcmp
 *fill*         0x000000000600fc12        0x2 
 .text          0x000000000600fc14       0x94 /home/sansigolo/Documents/joengine/Compiler/SH_NONE_ELF/bin/../lib/gcc/sh-none-elf/8.2.0/../../../../sh-none-elf/lib/libc.a(lib_a-memcpy.o)
                0x000000000600fc14                memcpy
 .text          0x000000000600fca8       0x40 /home/sansigolo/Documents/joengine/Compiler/SH_NONE_ELF/bin/../lib/gcc/sh-none-elf/8.2.0/../../../../sh-none-elf/lib/libc.a(lib_a-memset.o)
                0x000000000600fca8                memset
 .text          0x000000000600fce8       0x8c /home/sansigolo/Documents/joengine/Compiler/SH_NONE_ELF/bin/../lib/gcc/sh-none-elf/8.2.0/../../../../sh-none-elf/lib/libc.a(lib_a-sprintf.o)
                0x000000000600fce8                _sprintf_r
                0x000000000600fd28                sprintf
 .text          0x000000000600fd74       0x2a /home/sansigolo/Documents/joengine/Compiler/SH_NONE_ELF/bin/../lib/gcc/sh-none-elf/8.2.0/../../../../sh-none-elf/lib/libc.a(lib_a-strncmp.o)
                0x000000000600fd74                strncmp
 .text          0x000000000600fd9e       0x32 /home/sansigolo/Documents/joengine/Compiler/SH_NONE_ELF/bin/../lib/gcc/sh-none-elf/8.2.0/../../../../sh-none-elf/lib/libc.a(lib_a-strncpy.o)
                0x000000000600fd9e                strncpy
 .text          0x000000000600fdd0     0x1378 /home/sansigolo/Documents/joengine/Compiler/SH_NONE_ELF/bin/../lib/gcc/sh-none-elf/8.2.0/../../../../sh-none-elf/lib/libc.a(lib_a-svfprintf.o)
                0x000000000600fdd0                _svfprintf_r
 .text          0x0000000006011148      0xef4 /home/sansigolo/Documents/joengine/Compiler/SH_NONE_ELF/bin/../lib/gcc/sh-none-elf/8.2.0/../../../../sh-none-elf/lib/libc.a(lib_a-dtoa.o)
                0x000000000601127c                _dtoa_r
 .text          0x000000000601203c        0x0 /home/sansigolo/Documents/joengine/Compiler/SH_NONE_ELF/bin/../lib/gcc/sh-none-elf/8.2.0/../../../../sh-none-elf/lib/libc.a(lib_a-impure.o)
 .text          0x000000000601203c       0x40 /home/sansigolo/Documents/joengine/Compiler/SH_NONE_ELF/bin/../lib/gcc/sh-none-elf/8.2.0/../../../../sh-none-elf/lib/libc.a(lib_a-localeconv.o)
                0x000000000601203c                __localeconv_l
                0x0000000006012044                _localeconv_r
                0x0000000006012060                localeconv
 .text          0x000000000601207c       0xa8 /home/sansigolo/Documents/joengine/Compiler/SH_NONE_ELF/bin/../lib/gcc/sh-none-elf/8.2.0/../../../../sh-none-elf/lib/libc.a(lib_a-locale.o)
                0x000000000601207c                _setlocale_r
                0x00000000060120c8                __locale_mb_cur_max
                0x00000000060120e8                __locale_ctype_ptr_l
                0x00000000060120f2                __locale_ctype_ptr
                0x0000000006012110                setlocale
 .text          0x0000000006012124       0x4c /home/sansigolo/Documents/joengine/Compiler/SH_NONE_ELF/bin/../lib/gcc/sh-none-elf/8.2.0/../../../../sh-none-elf/lib/libc.a(lib_a-mbtowc_r.o)
                0x0000000006012124                _mbtowc_r
                0x0000000006012148                __ascii_mbtowc
 .text          0x0000000006012170       0x1c /home/sansigolo/Documents/joengine/Compiler/SH_NONE_ELF/bin/../lib/gcc/sh-none-elf/8.2.0/../../../../sh-none-elf/lib/libc.a(lib_a-memchr.o)
                0x0000000006012170                memchr
 .text          0x000000000601218c      0xa9c /home/sansigolo/Documents/joengine/Compiler/SH_NONE_ELF/bin/../lib/gcc/sh-none-elf/8.2.0/../../../../sh-none-elf/lib/libc.a(lib_a-mprec.o)
                0x000000000601218c                _Balloc
                0x0000000006012200                _Bfree
                0x0000000006012218                __multadd
                0x00000000060122c0                __s2b
                0x0000000006012380                __hi0bits
                0x00000000060123d4                __lo0bits
                0x0000000006012438                __i2b
                0x0000000006012454                __multiply
                0x0000000006012598                __pow5mult
                0x0000000006012654                __lshift
                0x0000000006012748                __mcmp
                0x0000000006012780                __mdiff
                0x000000000601285c                __ulp
                0x00000000060128c8                __b2d
                0x00000000060129b0                __d2b
                0x0000000006012a9c                __ratio
                0x0000000006012b20                _mprec_log10
                0x0000000006012b78                __copybits
                0x0000000006012bbc                __any_on
 .text          0x0000000006012c28       0x34 /home/sansigolo/Documents/joengine/Compiler/SH_NONE_ELF/bin/../lib/gcc/sh-none-elf/8.2.0/../../../../sh-none-elf/lib/libc.a(lib_a-nano-callocr.o)
                0x0000000006012c28                _calloc_r
 .text          0x0000000006012c5c       0xf4 /home/sansigolo/Documents/joengine/Compiler/SH_NONE_ELF/bin/../lib/gcc/sh-none-elf/8.2.0/../../../../sh-none-elf/lib/libc.a(lib_a-nano-mallocr.o)
                0x0000000006012c5c                _malloc_r
 .text          0x0000000006012d50       0x30 /home/sansigolo/Documents/joengine/Compiler/SH_NONE_ELF/bin/../lib/gcc/sh-none-elf/8.2.0/../../../../sh-none-elf/lib/libc.a(lib_a-sbrkr.o)
                0x0000000006012d50                _sbrk_r
 .text          0x0000000006012d80       0x38 /home/sansigolo/Documents/joengine/Compiler/SH_NONE_ELF/bin/../lib/gcc/sh-none-elf/8.2.0/../../../../sh-none-elf/lib/libc.a(lib_a-strcmp.o)
                0x0000000006012d80                strcmp
 .text          0x0000000006012db8       0x20 /home/sansigolo/Documents/joengine/Compiler/SH_NONE_ELF/bin/../lib/gcc/sh-none-elf/8.2.0/../../../../sh-none-elf/lib/libc.a(lib_a-strlen.o)
                0x0000000006012db8                strlen
 .text          0x0000000006012dd8      0xa60 /home/sansigolo/Documents/joengine/Compiler/SH_NONE_ELF/bin/../lib/gcc/sh-none-elf/8.2.0/../../../../sh-none-elf/lib/libc.a(lib_a-svfiprintf.o)
                0x0000000006012dd8                __ssprint_r
                0x0000000006012f0c                _svfiprintf_r
 .text          0x0000000006013838      0x25c /home/sansigolo/Documents/joengine/Compiler/SH_NONE_ELF/bin/../lib/gcc/sh-none-elf/8.2.0/../../../../sh-none-elf/lib/libc.a(lib_a-syscalls.o)
                0x00000000060138b0                _read
                0x00000000060138c0                _lseek
                0x00000000060138d0                _write
                0x00000000060138e0                _close
                0x00000000060138f0                _link
                0x00000000060138f4                _sbrk
                0x000000000601394c                _fstat
                0x0000000006013956                _open
                0x0000000006013968                _creat
                0x0000000006013978                _unlink
                0x000000000601397c                isatty
                0x0000000006013980                _isatty
                0x0000000006013984                _exit
                0x0000000006013994                _kill
                0x00000000060139a8                _getpid
                0x00000000060139ac                _raise
                0x00000000060139b0                _stat
                0x00000000060139c0                _chmod
                0x00000000060139d0                _chown
                0x00000000060139e0                _utime
                0x00000000060139f4                _fork
                0x0000000006013a00                _wait
                0x0000000006013a10                _execve
                0x0000000006013a20                _execv
                0x0000000006013a30                _pipe
                0x0000000006013a3c                _times
                0x0000000006013a40                _gettimeofday
                0x0000000006013a68                __setup_argv_and_call_main
 .text          0x0000000006013a94       0x14 /home/sansigolo/Documents/joengine/Compiler/SH_NONE_ELF/bin/../lib/gcc/sh-none-elf/8.2.0/../../../../sh-none-elf/lib/libc.a(lib_a-trap.o)
                0x0000000006013a94                __trap34
 .text          0x0000000006013aa8       0x40 /home/sansigolo/Documents/joengine/Compiler/SH_NONE_ELF/bin/../lib/gcc/sh-none-elf/8.2.0/../../../../sh-none-elf/lib/libc.a(lib_a-wctomb_r.o)
                0x0000000006013aa8                _wctomb_r
                0x0000000006013ac8                __ascii_wctomb
 .text          0x0000000006013ae8       0x18 /home/sansigolo/Documents/joengine/Compiler/SH_NONE_ELF/bin/../lib/gcc/sh-none-elf/8.2.0/../../../../sh-none-elf/lib/libc.a(lib_a-abort.o)
                0x0000000006013ae8                abort
 .text          0x0000000006013b00        0x0 /home/sansigolo/Documents/joengine/Compiler/SH_NONE_ELF/bin/../lib/gcc/sh-none-elf/8.2.0/../../../../sh-none-elf/lib/libc.a(lib_a-ctype_.o)
 .text          0x0000000006013b00       0x3c /home/sansigolo/Documents/joengine/Compiler/SH_NONE_ELF/bin/../lib/gcc/sh-none-elf/8.2.0/../../../../sh-none-elf/lib/libc.a(lib_a-memmove.o)
                0x0000000006013b00                memmove
 .text          0x0000000006013b3c        0x8 /home/sansigolo/Documents/joengine/Compiler/SH_NONE_ELF/bin/../lib/gcc/sh-none-elf/8.2.0/../../../../sh-none-elf/lib/libc.a(lib_a-mlock.o)
                0x0000000006013b3c                __malloc_lock
                0x0000000006013b40                __malloc_unlock
 .text          0x0000000006013b44       0xc8 /home/sansigolo/Documents/joengine/Compiler/SH_NONE_ELF/bin/../lib/gcc/sh-none-elf/8.2.0/../../../../sh-none-elf/lib/libc.a(lib_a-nano-freer.o)
                0x0000000006013b44                _free_r
 .text          0x0000000006013c0c       0x7c /home/sansigolo/Documents/joengine/Compiler/SH_NONE_ELF/bin/../lib/gcc/sh-none-elf/8.2.0/../../../../sh-none-elf/lib/libc.a(lib_a-nano-reallocr.o)
                0x0000000006013c0c                _realloc_r
 .text          0x0000000006013c88      0x1b0 /home/sansigolo/Documents/joengine/Compiler/SH_NONE_ELF/bin/../lib/gcc/sh-none-elf/8.2.0/../../../../sh-none-elf/lib/libc.a(lib_a-signal.o)
                0x0000000006013c88                _init_signal_r
                0x0000000006013cc4                _signal_r
                0x0000000006013d10                _raise_r
                0x0000000006013d88                __sigtramp_r
                0x0000000006013dec                raise
                0x0000000006013e00                signal
                0x0000000006013e14                _init_signal
                0x0000000006013e24                __sigtramp
 .text          0x0000000006013e38       0x40 /home/sansigolo/Documents/joengine/Compiler/SH_NONE_ELF/bin/../lib/gcc/sh-none-elf/8.2.0/../../../../sh-none-elf/lib/libc.a(lib_a-signalr.o)
                0x0000000006013e38                _kill_r
                0x0000000006013e6c                _getpid_r
 .text          0x0000000006013e78       0x16 /home/sansigolo/Documents/joengine/Compiler/SH_NONE_ELF/bin/../lib/gcc/sh-none-elf/8.2.0/../../../../sh-none-elf/lib/libc.a(lib_a-nano-msizer.o)
                0x0000000006013e78                _malloc_usable_size_r
 *fill*         0x0000000006013e8e        0x2 
 .text          0x0000000006013e90       0x80 /home/sansigolo/Documents/joengine/Compiler/SH_NONE_ELF/bin/../lib/gcc/sh-none-elf/8.2.0/libgcc.a(_ashiftrt_n.o)
                0x0000000006013e90                __ashrsi3
 .text          0x0000000006013f10       0xbc /home/sansigolo/Documents/joengine/Compiler/SH_NONE_ELF/bin/../lib/gcc/sh-none-elf/8.2.0/libgcc.a(_ashiftlt.o)
                0x0000000006013f10                __ashlsi3
                0x0000000006013f14                __ashlsi3_r0
 .text          0x0000000006013fcc       0xbc /home/sansigolo/Documents/joengine/Compiler/SH_NONE_ELF/bin/../lib/gcc/sh-none-elf/8.2.0/libgcc.a(_lshiftrt.o)
                0x0000000006013fcc                __lshrsi3
                0x0000000006013fd0                __lshrsi3_r0
 .text          0x0000000006014088      0x258 /home/sansigolo/Documents/joengine/Compiler/SH_NONE_ELF/bin/../lib/gcc/sh-none-elf/8.2.0/libgcc.a(_udivdi3.o)
                0x0000000006014088                __udivdi3
 .text          0x00000000060142e0      0x2bc /home/sansigolo/Documents/joengine/Compiler/SH_NONE_ELF/bin/../lib/gcc/sh-none-elf/8.2.0/libgcc.a(_umoddi3.o)
                0x00000000060142e0                __umoddi3
 .text          0x000000000601459c      0x3b4 /home/sansigolo/Documents/joengine/Compiler/SH_NONE_ELF/bin/../lib/gcc/sh-none-elf/8.2.0/libgcc.a(_addsub_df.o)
                0x00000000060148ac                __adddf3
                0x00000000060148fc                __subdf3
 .text          0x0000000006014950      0x208 /home/sansigolo/Documents/joengine/Compiler/SH_NONE_ELF/bin/../lib/gcc/sh-none-elf/8.2.0/libgcc.a(_mul_df.o)
                0x0000000006014950                __muldf3
 .text          0x0000000006014b58      0x130 /home/sansigolo/Documents/joengine/Compiler/SH_NONE_ELF/bin/../lib/gcc/sh-none-elf/8.2.0/libgcc.a(_div_df.o)
                0x0000000006014b58                __divdf3
 .text          0x0000000006014c88       0x58 /home/sansigolo/Documents/joengine/Compiler/SH_NONE_ELF/bin/../lib/gcc/sh-none-elf/8.2.0/libgcc.a(_eq_df.o)
                0x0000000006014c88                __eqdf2
 .text          0x0000000006014ce0       0x58 /home/sansigolo/Documents/joengine/Compiler/SH_NONE_ELF/bin/../lib/gcc/sh-none-elf/8.2.0/libgcc.a(_ne_df.o)
                0x0000000006014ce0                __nedf2
 .text          0x0000000006014d38       0x50 /home/sansigolo/Documents/joengine/Compiler/SH_NONE_ELF/bin/../lib/gcc/sh-none-elf/8.2.0/libgcc.a(_gt_df.o)
                0x0000000006014d38                __gtdf2
 .text          0x0000000006014d88       0x50 /home/sansigolo/Documents/joengine/Compiler/SH_NONE_ELF/bin/../lib/gcc/sh-none-elf/8.2.0/libgcc.a(_ge_df.o)
                0x0000000006014d88                __gedf2
 .text          0x0000000006014dd8       0x58 /home/sansigolo/Documents/joengine/Compiler/SH_NONE_ELF/bin/../lib/gcc/sh-none-elf/8.2.0/libgcc.a(_lt_df.o)
                0x0000000006014dd8                __ltdf2
 .text          0x0000000006014e30       0x58 /home/sansigolo/Documents/joengine/Compiler/SH_NONE_ELF/bin/../lib/gcc/sh-none-elf/8.2.0/libgcc.a(_le_df.o)
                0x0000000006014e30                __ledf2
 .text          0x0000000006014e88       0x40 /home/sansigolo/Documents/joengine/Compiler/SH_NONE_ELF/bin/../lib/gcc/sh-none-elf/8.2.0/libgcc.a(_unord_df.o)
                0x0000000006014e88                __unorddf2
 .text          0x0000000006014ec8       0xa8 /home/sansigolo/Documents/joengine/Compiler/SH_NONE_ELF/bin/../lib/gcc/sh-none-elf/8.2.0/libgcc.a(_si_to_df.o)
                0x0000000006014ec8                __floatsidf
 .text          0x0000000006014f70       0xa4 /home/sansigolo/Documents/joengine/Compiler/SH_NONE_ELF/bin/../lib/gcc/sh-none-elf/8.2.0/libgcc.a(_df_to_si.o)
                0x0000000006014f70                __fixdfsi
 .text          0x0000000006015014        0x0 /home/sansigolo/Documents/joengine/Compiler/SH_NONE_ELF/bin/../lib/gcc/sh-none-elf/8.2.0/libgcc.a(_thenan_df.o)
 .text          0x0000000006015014       0x88 /home/sansigolo/Documents/joengine/Compiler/SH_NONE_ELF/bin/../lib/gcc/sh-none-elf/8.2.0/libgcc.a(_usi_to_df.o)
                0x0000000006015014                __floatunsidf
 *fill*         0x000000000601509c        0x4 
 .text          0x00000000060150a0       0x60 /home/sansigolo/Documents/joengine/Compiler/SH_NONE_ELF/bin/../lib/gcc/sh-none-elf/8.2.0/libgcc.a(_udiv_qrnnd_16.o)
                0x00000000060150a0                __udiv_qrnnd_16
 .text          0x0000000006015100        0x0 /home/sansigolo/Documents/joengine/Compiler/SH_NONE_ELF/bin/../lib/gcc/sh-none-elf/8.2.0/libgcc.a(_clz.o)
 .text          0x0000000006015100       0x58 /home/sansigolo/Documents/joengine/Compiler/SH_NONE_ELF/bin/../lib/gcc/sh-none-elf/8.2.0/libgcc.a(_clzsi2.o)
                0x0000000006015100                __clzsi2
 .text          0x0000000006015158      0x25c /home/sansigolo/Documents/joengine/Compiler/SH_NONE_ELF/bin/../lib/gcc/sh-none-elf/8.2.0/libgcc.a(_pack_df.o)
                0x0000000006015158                __pack_d
 .text          0x00000000060153b4       0xcc /home/sansigolo/Documents/joengine/Compiler/SH_NONE_ELF/bin/../lib/gcc/sh-none-elf/8.2.0/libgcc.a(_unpack_df.o)
                0x00000000060153b4                __unpack_d
 .text          0x0000000006015480       0xc8 /home/sansigolo/Documents/joengine/Compiler/SH_NONE_ELF/bin/../lib/gcc/sh-none-elf/8.2.0/libgcc.a(_fpcmp_parts_df.o)
                0x0000000006015480                __fpcmp_parts_d
 *(.strings)
                0x0000000006015548                __etext = .

.text.startup   0x0000000006015548      0x484
 .text.startup  0x0000000006015548      0x484 /tmp/ccPn4YFa.ltrans0.ltrans.o
                0x0000000006015548                main

.rodata         0x00000000060159e0      0x63c
 *(.rodata)
 .rodata        0x00000000060159e0      0x12c /tmp/ccPn4YFa.ltrans0.ltrans.o
 .rodata        0x0000000006015b0c       0x10 /home/sansigolo/Documents/joengine/Compiler/SH_NONE_ELF/bin/../lib/gcc/sh-none-elf/8.2.0/libgcc.a(_thenan_sf.o)
                0x0000000006015b0c                __thenan_sf
 .rodata        0x0000000006015b1c       0x20 /home/sansigolo/Documents/joengine/Compiler/SH_NONE_ELF/bin/../lib/gcc/sh-none-elf/8.2.0/../../../../sh-none-elf/lib/libc.a(lib_a-svfprintf.o)
 .rodata        0x0000000006015b3c        0x4 /home/sansigolo/Documents/joengine/Compiler/SH_NONE_ELF/bin/../lib/gcc/sh-none-elf/8.2.0/../../../../sh-none-elf/lib/libc.a(lib_a-impure.o)
                0x0000000006015b3c                _global_impure_ptr
 .rodata        0x0000000006015b40      0x124 /home/sansigolo/Documents/joengine/Compiler/SH_NONE_ELF/bin/../lib/gcc/sh-none-elf/8.2.0/../../../../sh-none-elf/lib/libc.a(lib_a-mprec.o)
                0x0000000006015b4c                __mprec_tinytens
                0x0000000006015b74                __mprec_bigtens
                0x0000000006015b9c                __mprec_tens
 .rodata        0x0000000006015c64       0x20 /home/sansigolo/Documents/joengine/Compiler/SH_NONE_ELF/bin/../lib/gcc/sh-none-elf/8.2.0/../../../../sh-none-elf/lib/libc.a(lib_a-svfiprintf.o)
 .rodata        0x0000000006015c84      0x284 /home/sansigolo/Documents/joengine/Compiler/SH_NONE_ELF/bin/../lib/gcc/sh-none-elf/8.2.0/../../../../sh-none-elf/lib/libc.a(lib_a-ctype_.o)
                0x0000000006015c84                _ctype_
                0x0000000006015d88                _ctype_b
 .rodata        0x0000000006015f08       0x14 /home/sansigolo/Documents/joengine/Compiler/SH_NONE_ELF/bin/../lib/gcc/sh-none-elf/8.2.0/libgcc.a(_thenan_df.o)
                0x0000000006015f08                __thenan_df
 .rodata        0x0000000006015f1c      0x100 /home/sansigolo/Documents/joengine/Compiler/SH_NONE_ELF/bin/../lib/gcc/sh-none-elf/8.2.0/libgcc.a(_clz.o)
                0x0000000006015f1c                __clz_tab

.rodata.str1.4  0x000000000601601c     0x2e02
 .rodata.str1.4
                0x000000000601601c     0x2d90 /tmp/ccPn4YFa.ltrans0.ltrans.o
                                       0x2e01 (size before relaxing)
 .rodata.str1.4
                0x0000000006018dac       0x3a /home/sansigolo/Documents/joengine/Compiler/SH_NONE_ELF/bin/../lib/gcc/sh-none-elf/8.2.0/../../../../sh-none-elf/lib/libc.a(lib_a-svfprintf.o)
 *fill*         0x0000000006018de6        0x2 
 .rodata.str1.4
                0x0000000006018de8        0xd /home/sansigolo/Documents/joengine/Compiler/SH_NONE_ELF/bin/../lib/gcc/sh-none-elf/8.2.0/../../../../sh-none-elf/lib/libc.a(lib_a-dtoa.o)
                                         0x12 (size before relaxing)
 *fill*         0x0000000006018df5        0x3 
 .rodata.str1.4
                0x0000000006018df8        0xa /home/sansigolo/Documents/joengine/Compiler/SH_NONE_ELF/bin/../lib/gcc/sh-none-elf/8.2.0/../../../../sh-none-elf/lib/libc.a(lib_a-locale.o)
                                         0x12 (size before relaxing)
 .rodata.str1.4
                0x0000000006018e02       0x25 /home/sansigolo/Documents/joengine/Compiler/SH_NONE_ELF/bin/../lib/gcc/sh-none-elf/8.2.0/../../../../sh-none-elf/lib/libc.a(lib_a-svfiprintf.o)
 *fill*         0x0000000006018e02        0x2 
 .rodata.str1.4
                0x0000000006018e04       0x1a /home/sansigolo/Documents/joengine/Compiler/SH_NONE_ELF/bin/../lib/gcc/sh-none-elf/8.2.0/../../../../sh-none-elf/lib/libc.a(lib_a-syscalls.o)

.eh_frame       0x0000000006018e20      0x170
 .eh_frame      0x0000000006018e20       0xa8 /home/sansigolo/Documents/joengine/Compiler/SH_NONE_ELF/bin/../lib/gcc/sh-none-elf/8.2.0/libgcc.a(_udivdi3.o)
 .eh_frame      0x0000000006018ec8       0xc8 /home/sansigolo/Documents/joengine/Compiler/SH_NONE_ELF/bin/../lib/gcc/sh-none-elf/8.2.0/libgcc.a(_umoddi3.o)
                                         0xdc (size before relaxing)

.rela.dyn       0x0000000006018f90        0x0
 .rela.text     0x0000000006018f90        0x0 /home/sansigolo/Documents/joengine/Compiler/SH_NONE_ELF/bin/../lib/gcc/sh-none-elf/8.2.0/../../../../sh-none-elf/lib/libc.a(lib_a-sbrkr.o)
 .rela.text.startup
                0x0000000006018f90        0x0 /home/sansigolo/Documents/joengine/Compiler/SH_NONE_ELF/bin/../lib/gcc/sh-none-elf/8.2.0/../../../../sh-none-elf/lib/libc.a(lib_a-sbrkr.o)

SLPROG          0x0000000006018fa0    0x11720
                0x0000000006018fa0                __slprog_start = .
 *(SLPROG)
 SLPROG         0x0000000006018fa0     0x6540 ../../Compiler/SGL_302j/LIB_COFF/SGLAREA.O
                0x0000000006018fa0                MasterStack
                0x0000000006018fa4                SlaveStack
                0x0000000006018fa8                MaxVertices
                0x0000000006018faa                MaxPolygons
                0x0000000006018fac                SortList
                0x0000000006018fb0                SortListSize
                0x0000000006018fb4                TransList
                0x0000000006018fb8                Zbuffer
                0x0000000006018fbc                SpriteBuf
                0x0000000006018fc0                SpriteBufSize
                0x0000000006018fc4                Pbuffer
                0x0000000006018fc8                CommandBuf
                0x0000000006018fcc                CLOfstBuf
                0x0000000006018fd0                PCM_Work
                0x0000000006018fd4                PCM_WkSize
                0x0000000006018fd8                MaxEvents
                0x0000000006018fda                EventSize
                0x0000000006018fdc                MaxWorks
                0x0000000006018fde                WorkSize
                0x0000000006018fe0                RemainEvent
                0x00000000060190e0                RemainWork
                0x00000000060194e0                EventBuf
                0x000000000601b4e0                WorkBuf
 SLPROG         0x000000000601f4e0       0x18 ../../Compiler/SGL_302j/LIB_COFF/LIBSGL.A(sglA15.o)
                0x000000000601f4e0                slSlaveFunc
 *fill*         0x000000000601f4f8        0x8 
 SLPROG         0x000000000601f500      0x42c ../../Compiler/SGL_302j/LIB_COFF/LIBSGL.A(sglA20.o)
                0x000000000601f500                slInitMatrix
                0x000000000601f50a                slPushUnitMatrix
                0x000000000601f51e                slUnitMatrix
 *fill*         0x000000000601f92c        0x4 
 SLPROG         0x000000000601f930       0x48 ../../Compiler/SGL_302j/LIB_COFF/LIBSGL.A(sglA21.o)
                0x000000000601f930                slPushMatrix
                0x000000000601f964                slPopMatrix
                0x000000000601f964                slDecMatrixPtr
 *fill*         0x000000000601f978        0x8 
 SLPROG         0x000000000601f980       0x50 ../../Compiler/SGL_302j/LIB_COFF/LIBSGL.A(sglA27.o)
                0x000000000601f980                slTranslate
 SLPROG         0x000000000601f9d0       0x20 ../../Compiler/SGL_302j/LIB_COFF/LIBSGL.A(sglB001.o)
                0x000000000601f9d0                slTVOn
                0x000000000601f9da                slTVOff
 SLPROG         0x000000000601f9f0       0x24 ../../Compiler/SGL_302j/LIB_COFF/LIBSGL.A(sglB011.o)
                0x000000000601f9f0                slBitMapNbg1
 *fill*         0x000000000601fa14        0xc 
 SLPROG         0x000000000601fa20      0x40c ../../Compiler/SGL_302j/LIB_COFF/LIBSGL.A(sglB015.o)
                0x000000000601fa20                slScrAutoDisp
 *fill*         0x000000000601fe2c        0x4 
 SLPROG         0x000000000601fe30        0xc ../../Compiler/SGL_302j/LIB_COFF/LIBSGL.A(sglB016.o)
                0x000000000601fe30                slBack1ColSet
 *fill*         0x000000000601fe3c        0x4 
 SLPROG         0x000000000601fe40       0xb4 ../../Compiler/SGL_302j/LIB_COFF/LIBSGL.A(sglB032.o)
                0x000000000601fe40                slMapNbg1
 *fill*         0x000000000601fef4        0xc 
 SLPROG         0x000000000601ff00        0xc ../../Compiler/SGL_302j/LIB_COFF/LIBSGL.A(sglB053.o)
                0x000000000601ff00                slZoomNbg1
 *fill*         0x000000000601ff0c        0x4 
 SLPROG         0x000000000601ff10        0xc ../../Compiler/SGL_302j/LIB_COFF/LIBSGL.A(sglB056.o)
                0x000000000601ff10                slPlaneNbg1
 *fill*         0x000000000601ff1c        0x4 
 SLPROG         0x000000000601ff20        0xc ../../Compiler/SGL_302j/LIB_COFF/LIBSGL.A(sglB063.o)
                0x000000000601ff20                slPriority
 *fill*         0x000000000601ff2c        0x4 
 SLPROG         0x000000000601ff30      0x114 ../../Compiler/SGL_302j/LIB_COFF/LIBSGL.A(sglB200.o)
                0x000000000601ff30                slCharRbg0
                0x000000000601ff3c                slCharNbg0
                0x000000000601ff48                slCharNbg1
                0x000000000601ff54                slCharNbg2
                0x000000000601ff6a                slCharNbg3
                0x000000000601ff82                slPageRbg0
                0x000000000601ff98                slPageNbg1
                0x000000000601ffa0                slPageNbg2
                0x000000000601ffa8                slPageNbg3
                0x000000000601ffb4                slPageNbg0
 *fill*         0x0000000006020044        0xc 
 SLPROG         0x0000000006020050       0x78 ../../Compiler/SGL_302j/LIB_COFF/LIBSGL.A(sglC05.o)
                0x0000000006020050                slSetSprite
 *fill*         0x00000000060200c8        0x8 
 SLPROG         0x00000000060200d0       0xfa ../../Compiler/SGL_302j/LIB_COFF/LIBSGL.A(sglC06.o)
                0x00000000060200d0                slDispSprite
 *fill*         0x00000000060201ca        0x6 
 SLPROG         0x00000000060201d0      0x162 ../../Compiler/SGL_302j/LIB_COFF/LIBSGL.A(sglC07.o)
                0x00000000060201d6                slPutSprite
 *fill*         0x0000000006020332        0xe 
 SLPROG         0x0000000006020340     0x1218 ../../Compiler/SGL_302j/LIB_COFF/LIBSGL.A(sglC08.o)
                0x0000000006020340                slPutPolygon
                0x0000000006020fbc                MsCalcDepthFlat
 *fill*         0x0000000006021558        0x8 
 SLPROG         0x0000000006021560       0x40 ../../Compiler/SGL_302j/LIB_COFF/LIBSGL.A(sglC20.o)
                0x0000000006021560                SpriteEntry
 SLPROG         0x00000000060215a0       0x84 ../../Compiler/SGL_302j/LIB_COFF/LIBSGL.A(sglD00.o)
                0x00000000060215a0                slDMACopy
                0x00000000060215a0                slCpuDMACopy
                0x00000000060215fa                slCashPurge
                0x00000000060215fa                CSH_AllClr
 *fill*         0x0000000006021624        0xc 
 SLPROG         0x0000000006021630       0xa0 ../../Compiler/SGL_302j/LIB_COFF/LIBSGL.A(sglD01.o)
                0x0000000006021630                slDMAXCopy
 SLPROG         0x00000000060216d0        0xc ../../Compiler/SGL_302j/LIB_COFF/LIBSGL.A(sglD03.o)
                0x00000000060216d0                slDMAStatus
 *fill*         0x00000000060216dc        0x4 
 SLPROG         0x00000000060216e0       0x20 ../../Compiler/SGL_302j/LIB_COFF/LIBSGL.A(sglD15.o)
                0x00000000060216e0                CSH_Purge
 SLPROG         0x0000000006021700       0x84 ../../Compiler/SGL_302j/LIB_COFF/LIBSGL.A(sglD16.o)
                0x0000000006021700                DMA_ScuSetPrm
                0x0000000006021748                DMA_SCU_PRM0
 *fill*         0x0000000006021784        0xc 
 SLPROG         0x0000000006021790       0x88 ../../Compiler/SGL_302j/LIB_COFF/LIBSGL.A(sglD17.o)
                0x0000000006021790                DMA_ScuStart
 *fill*         0x0000000006021818        0x8 
 SLPROG         0x0000000006021820       0x34 ../../Compiler/SGL_302j/LIB_COFF/LIBSGL.A(sglD18.o)
                0x0000000006021820                DMA_ScuGetStatus
 *fill*         0x0000000006021854        0xc 
 SLPROG         0x0000000006021860       0x4e ../../Compiler/SGL_302j/LIB_COFF/LIBSGL.A(sglF00.o)
                0x0000000006021860                slCurScrn
                0x0000000006021870                slCurColor
                0x000000000602187a                slLocate
                0x00000000060218ac                CurrentScreen
 *fill*         0x00000000060218ae        0x2 
 SLPROG         0x00000000060218b0       0x1c ../../Compiler/SGL_302j/LIB_COFF/LIBSGL.A(sglF05.o)
                0x00000000060218b0                slPrint
 *fill*         0x00000000060218cc        0x4 
 SLPROG         0x00000000060218d0      0xfc8 ../../Compiler/SGL_302j/LIB_COFF/LIBSGL.A(sglH00.o)
                0x00000000060218e8                slGetPortDir1
                0x00000000060218f0                slGetPortDir2
                0x00000000060218f8                slSetPortDir1
                0x0000000006021922                slSetPortDir2
                0x000000000602195c                slGetPortData1
                0x0000000006021964                slGetPortData2
                0x000000000602196c                slSetPortData1
                0x0000000006021976                slSetPortData2
                0x0000000006021988                slGetPortSelect1
                0x0000000006021992                slGetPortSelect2
                0x000000000602199c                slSetPortSelect1
                0x00000000060219d0                slSetPortSelect2
                0x0000000006021a0c                slGetPortExt1
                0x0000000006021a16                slGetPortExt2
                0x0000000006021a20                slSetPortExt1
                0x0000000006021a50                slSetPortExt2
                0x0000000006021bc4                slSmpcDirectAccess
                0x0000000006021c44                slInitPeripheral
                0x0000000006021cd6                slSetResultBuffer
                0x0000000006021d62                slCheckIntBackSet
                0x0000000006021d6e                slIntBackCancel
                0x0000000006021d98                slCheckReset
                0x0000000006021da2                slClearReset
                0x0000000006021f68                slSmpcCashSend
                0x0000000006022024                slSmpcCashBlow
                0x0000000006022100                slGetOptimize
                0x000000000602210a                slSetOptimize
                0x0000000006022130                slGetPortMode1
                0x000000000602213c                slGetPortMode2
                0x000000000602214a                slSetPortMode1
                0x0000000006022188                slSetPortMode2
                0x0000000006022314                slRequestCommand
                0x0000000006022384                Smpc_Status
                0x0000000006022388                Smpc_Result
                0x000000000602238c                Smpc_Peripheral
                0x0000000006022392                Per_Connect1
                0x0000000006022393                Per_Connect2
                0x00000000060223b4                SmpcStatusBuf
 *fill*         0x0000000006022898        0x8 
 SLPROG         0x00000000060228a0       0xa8 ../../Compiler/SGL_302j/LIB_COFF/LIBSGL.A(sglH01.o)
                0x00000000060228a0                slGetLanguage
                0x00000000060228aa                slSetLanguage
                0x00000000060228cc                slGetSoundEffect
                0x00000000060228d8                slSetSoundEffect
                0x00000000060228f4                slGetSoundOutput
                0x0000000006022900                slSetSoundOutput
                0x000000000602291c                slGetHelpWindow
                0x0000000006022928                slSetHelpWindow
 *fill*         0x0000000006022948        0x8 
 SLPROG         0x0000000006022950      0x470 ../../Compiler/SGL_302j/LIB_COFF/LIBSGL.A(sglH02.o)
                0x0000000006022d40                smpc_pfr_tbl
                0x0000000006022d80                smpc_ptf_tbl
 SLPROG         0x0000000006022dc0       0x60 ../../Compiler/SGL_302j/LIB_COFF/LIBSGL.A(sglH04.o)
                0x0000000006022dc0                slComPrmIntBack
                0x0000000006022dd4                slComPrmSetMemory
                0x0000000006022dea                slComPrmSetTime
 SLPROG         0x0000000006022e20      0x3a4 ../../Compiler/SGL_302j/LIB_COFF/LIBSGL.A(sglI01.o)
                0x0000000006022e20                slInitSynch
                0x0000000006022e3a                slSynch
                0x0000000006022f30                slRandom
                0x0000000006022f4e                PCM_EndCheck
                0x000000000602300a                RetPCMBuf
                0x00000000060230a4                PCM_Buf
                0x0000000006023144                Sound_Buf
 *fill*         0x00000000060231c4        0xc 
 SLPROG         0x00000000060231d0       0x74 ../../Compiler/SGL_302j/LIB_COFF/LIBSGL.A(sglJ00.o)
                0x00000000060231d0                InitSlaveSH
                0x0000000006023238                SlaveCommand
 *fill*         0x0000000006023244        0xc 
 SLPROG         0x0000000006023250      0x3d0 ../../Compiler/SGL_302j/LIB_COFF/LIBSGL.A(sglJ01.o)
                0x0000000006023250                SlaveControl
                0x000000000602360c                ErasePolygonData
 SLPROG         0x0000000006023620     0x12b8 ../../Compiler/SGL_302j/LIB_COFF/LIBSGL.A(sglJ02.o)
                0x0000000006023620                sbMakePolygon
                0x0000000006023808                sbCalcPolygon
                0x0000000006024540                SetTexture
                0x000000000602454c                SetPolygon
                0x0000000006024554                SetPosition
                0x000000000602458c                stvtc_4
                0x0000000006024644                stvtc_3
                0x0000000006024854                stvtc_1
                0x0000000006024868                stvtc_2
                0x000000000602487c                stvtc_0
 *fill*         0x00000000060248d8        0x8 
 SLPROG         0x00000000060248e0      0x140 ../../Compiler/SGL_302j/LIB_COFF/LIBSGL.A(sglJ03.o)
                0x00000000060248e0                sbMakeDMATable
 SLPROG         0x0000000006024a20      0x470 ../../Compiler/SGL_302j/LIB_COFF/LIBSGL.A(sglJ04.o)
                0x0000000006024a7e                sbMakeSprite
                0x0000000006024ae4                sbMakeRotSprite
 SLPROG         0x0000000006024e90       0x3c ../../Compiler/SGL_302j/LIB_COFF/LIBSGL.A(sglJ05.o)
                0x0000000006024e90                sbSortEntry
 *fill*         0x0000000006024ecc        0x4 
 SLPROG         0x0000000006024ed0       0x6a ../../Compiler/SGL_302j/LIB_COFF/LIBSGL.A(sglM01.o)
                0x0000000006024ed0                slSetDepthLimit
                0x0000000006024efc                slSetDepthTbl
                0x0000000006024f2c                DepthWorkArea
 *fill*         0x0000000006024f3a        0x6 
 SLPROG         0x0000000006024f40       0x20 ../../Compiler/SGL_302j/LIB_COFF/LIBSGL.A(sglA00.o)
                0x0000000006024f40                set_imask
                0x0000000006024f40                _builtin_set_imask
                0x0000000006024f54                get_imask
                0x0000000006024f54                _builtin_get_imask
 SLPROG         0x0000000006024f60     0x411e ../../Compiler/SGL_302j/LIB_COFF/LIBSGL.A(sglA01.o)
                0x0000000006024f60                slSin
                0x0000000006024f84                slCos
                0x0000000006024fa8                GetSinCos
                0x000000000602503c                sin_cos_index_tbl
                0x000000000602507c                sin_tbl
 *fill*         0x000000000602907e        0x2 
 SLPROG         0x0000000006029080      0xbd0 ../../Compiler/SGL_302j/LIB_COFF/LIBSGL.A(sglB000.o)
                0x0000000006029080                slInitScroll
                0x00000000060291a0                setASC_1to8
                0x00000000060291d0                setASC_4to8
                0x00000000060292e0                TVSizeTbl
                0x0000000006029360                TVModeTbl
                0x0000000006029538                SGL_ASCII_CG
 SLPROG         0x0000000006029c50       0xd4 ../../Compiler/SGL_302j/LIB_COFF/LIBSGL.A(sglB035.o)
                0x0000000006029c50                sl1MapRA
                0x0000000006029ce2                rbank_set
 *fill*         0x0000000006029d24        0xc 
 SLPROG         0x0000000006029d30      0x134 ../../Compiler/SGL_302j/LIB_COFF/LIBSGL.A(sglC00.o)
                0x0000000006029d30                slInitSprite
 *fill*         0x0000000006029e64        0xc 
 SLPROG         0x0000000006029e70      0x75c ../../Compiler/SGL_302j/LIB_COFF/LIBSGL.A(sglI00.o)
                0x000000000602a160                slInitInterrupt
 *fill*         0x000000000602a5cc        0x4 
 SLPROG         0x000000000602a5d0       0xf0 ../../Compiler/SGL_302j/LIB_COFF/LIBSGL.A(sglH03.o)
                0x000000000602a634                slSmpcIntBack
                0x000000000602a6c0                __slprog_end = .

.tors           0x000000000602a6c0        0x0
                0x000000000602a6c0                ___ctors = .
 *(.ctors)
                0x000000000602a6c0                ___ctors_end = .
                0x000000000602a6c0                ___dtors = .
 *(.dtors)
                0x000000000602a6c0                ___dtors_end = .

.data           0x000000000602a6c0      0x624
 *(.data)
 .data          0x000000000602a6c0        0x0 ../../Compiler/SGL_302j/LIB_COFF/SGLAREA.O
 .data          0x000000000602a6c0        0xc /tmp/ccPn4YFa.ltrans0.ltrans.o
 *fill*         0x000000000602a6cc        0x4 
 .data          0x000000000602a6d0        0x0 ../../Compiler/SGL_302j/LIB_COFF/SEGA_SYS.A(sys_exit.o)
 .data          0x000000000602a6d0        0x0 ../../Compiler/SGL_302j/LIB_COFF/SEGA_SYS.A(sys_sub.o)
 .data          0x000000000602a6d0        0x0 ../../Compiler/SGL_302j/LIB_COFF/LIBCD.A(CDC_CMN.O)
 .data          0x000000000602a6d0        0x0 ../../Compiler/SGL_302j/LIB_COFF/LIBCD.A(CDC_CFS.O)
 .data          0x000000000602a6d0        0x0 ../../Compiler/SGL_302j/LIB_COFF/LIBCD.A(CDC_REG.O)
 .data          0x000000000602a6d0        0x0 ../../Compiler/SGL_302j/LIB_COFF/LIBCD.A(CDC_SUB.O)
 .data          0x000000000602a6d0        0x0 ../../Compiler/SGL_302j/LIB_COFF/LIBCD.A(GFS.O)
 .data          0x000000000602a6d0        0x0 ../../Compiler/SGL_302j/LIB_COFF/LIBCD.A(GFS_BUF.O)
 .data          0x000000000602a6d0        0x0 ../../Compiler/SGL_302j/LIB_COFF/LIBCD.A(GFS_CDB.O)
 .data          0x000000000602a6d0        0x0 ../../Compiler/SGL_302j/LIB_COFF/LIBCD.A(GFS_CDC.O)
 .data          0x000000000602a6d0        0x0 ../../Compiler/SGL_302j/LIB_COFF/LIBCD.A(GFS_CDF.O)
 .data          0x000000000602a6d0        0x0 ../../Compiler/SGL_302j/LIB_COFF/LIBCD.A(GFS_DIR.O)
 .data          0x000000000602a6d0        0x0 ../../Compiler/SGL_302j/LIB_COFF/LIBCD.A(GFS_TRN.O)
 .data          0x000000000602a6d0        0x0 ../../Compiler/SGL_302j/LIB_COFF/LIBCD.A(CDC_DRV.O)
 .data          0x000000000602a6d0        0x0 ../../Compiler/SGL_302j/LIB_COFF/LIBCD.A(CDC_DEV.O)
 .data          0x000000000602a6d0        0x0 ../../Compiler/SGL_302j/LIB_COFF/LIBCD.A(CDC_SEL.O)
 .data          0x000000000602a6d0        0x0 ../../Compiler/SGL_302j/LIB_COFF/LIBCD.A(CDC_BIF.O)
 .data          0x000000000602a6d0        0x0 ../../Compiler/SGL_302j/LIB_COFF/LIBCD.A(CDC_BIO.O)
 .data          0x000000000602a6d0        0x0 ../../Compiler/SGL_302j/LIB_COFF/LIBSGL.A(sglA15.o)
 .data          0x000000000602a6d0        0x0 ../../Compiler/SGL_302j/LIB_COFF/LIBSGL.A(sglA20.o)
 .data          0x000000000602a6d0        0x0 ../../Compiler/SGL_302j/LIB_COFF/LIBSGL.A(sglA21.o)
 .data          0x000000000602a6d0        0x0 ../../Compiler/SGL_302j/LIB_COFF/LIBSGL.A(sglA27.o)
 .data          0x000000000602a6d0        0x0 ../../Compiler/SGL_302j/LIB_COFF/LIBSGL.A(sglB001.o)
 .data          0x000000000602a6d0        0x0 ../../Compiler/SGL_302j/LIB_COFF/LIBSGL.A(sglB011.o)
 .data          0x000000000602a6d0        0x0 ../../Compiler/SGL_302j/LIB_COFF/LIBSGL.A(sglB015.o)
 .data          0x000000000602a6d0        0x0 ../../Compiler/SGL_302j/LIB_COFF/LIBSGL.A(sglB016.o)
 .data          0x000000000602a6d0        0x0 ../../Compiler/SGL_302j/LIB_COFF/LIBSGL.A(sglB032.o)
 .data          0x000000000602a6d0        0x0 ../../Compiler/SGL_302j/LIB_COFF/LIBSGL.A(sglB053.o)
 .data          0x000000000602a6d0        0x0 ../../Compiler/SGL_302j/LIB_COFF/LIBSGL.A(sglB056.o)
 .data          0x000000000602a6d0        0x0 ../../Compiler/SGL_302j/LIB_COFF/LIBSGL.A(sglB063.o)
 .data          0x000000000602a6d0        0x0 ../../Compiler/SGL_302j/LIB_COFF/LIBSGL.A(sglB200.o)
 .data          0x000000000602a6d0        0x0 ../../Compiler/SGL_302j/LIB_COFF/LIBSGL.A(sglC05.o)
 .data          0x000000000602a6d0        0x0 ../../Compiler/SGL_302j/LIB_COFF/LIBSGL.A(sglC06.o)
 .data          0x000000000602a6d0        0x0 ../../Compiler/SGL_302j/LIB_COFF/LIBSGL.A(sglC07.o)
 .data          0x000000000602a6d0        0x0 ../../Compiler/SGL_302j/LIB_COFF/LIBSGL.A(sglC08.o)
 .data          0x000000000602a6d0        0x0 ../../Compiler/SGL_302j/LIB_COFF/LIBSGL.A(sglC20.o)
 .data          0x000000000602a6d0        0x0 ../../Compiler/SGL_302j/LIB_COFF/LIBSGL.A(sglD00.o)
 .data          0x000000000602a6d0        0x0 ../../Compiler/SGL_302j/LIB_COFF/LIBSGL.A(sglD01.o)
 .data          0x000000000602a6d0        0x0 ../../Compiler/SGL_302j/LIB_COFF/LIBSGL.A(sglD03.o)
 .data          0x000000000602a6d0        0x0 ../../Compiler/SGL_302j/LIB_COFF/LIBSGL.A(sglD15.o)
 .data          0x000000000602a6d0        0x0 ../../Compiler/SGL_302j/LIB_COFF/LIBSGL.A(sglD16.o)
 .data          0x000000000602a6d0        0x0 ../../Compiler/SGL_302j/LIB_COFF/LIBSGL.A(sglD17.o)
 .data          0x000000000602a6d0        0x0 ../../Compiler/SGL_302j/LIB_COFF/LIBSGL.A(sglD18.o)
 .data          0x000000000602a6d0        0x0 ../../Compiler/SGL_302j/LIB_COFF/LIBSGL.A(sglF00.o)
 .data          0x000000000602a6d0        0x0 ../../Compiler/SGL_302j/LIB_COFF/LIBSGL.A(sglF05.o)
 .data          0x000000000602a6d0        0x0 ../../Compiler/SGL_302j/LIB_COFF/LIBSGL.A(sglH00.o)
 .data          0x000000000602a6d0        0x0 ../../Compiler/SGL_302j/LIB_COFF/LIBSGL.A(sglH01.o)
 .data          0x000000000602a6d0        0x0 ../../Compiler/SGL_302j/LIB_COFF/LIBSGL.A(sglH02.o)
 .data          0x000000000602a6d0        0x0 ../../Compiler/SGL_302j/LIB_COFF/LIBSGL.A(sglH04.o)
 .data          0x000000000602a6d0        0x0 ../../Compiler/SGL_302j/LIB_COFF/LIBSGL.A(sglI01.o)
 .data          0x000000000602a6d0       0x80 ../../Compiler/SGL_302j/LIB_COFF/LIBSGL.A(sglIc0.o)
                0x000000000602a6d0                IntPrioMask
 .data          0x000000000602a750        0x0 ../../Compiler/SGL_302j/LIB_COFF/LIBSGL.A(sglJ00.o)
 .data          0x000000000602a750        0x0 ../../Compiler/SGL_302j/LIB_COFF/LIBSGL.A(sglJ01.o)
 .data          0x000000000602a750        0x0 ../../Compiler/SGL_302j/LIB_COFF/LIBSGL.A(sglJ02.o)
 .data          0x000000000602a750        0x0 ../../Compiler/SGL_302j/LIB_COFF/LIBSGL.A(sglJ03.o)
 .data          0x000000000602a750        0x0 ../../Compiler/SGL_302j/LIB_COFF/LIBSGL.A(sglJ04.o)
 .data          0x000000000602a750        0x0 ../../Compiler/SGL_302j/LIB_COFF/LIBSGL.A(sglJ05.o)
 .data          0x000000000602a750        0x0 ../../Compiler/SGL_302j/LIB_COFF/LIBSGL.A(sglK01.o)
 .data          0x000000000602a750        0x0 ../../Compiler/SGL_302j/LIB_COFF/LIBSGL.A(sglM01.o)
 .data          0x000000000602a750        0x0 ../../Compiler/SGL_302j/LIB_COFF/LIBSGL.A(sglA00.o)
 .data          0x000000000602a750        0x0 ../../Compiler/SGL_302j/LIB_COFF/LIBSGL.A(sglA01.o)
 .data          0x000000000602a750        0x0 ../../Compiler/SGL_302j/LIB_COFF/LIBSGL.A(sglB000.o)
 .data          0x000000000602a750        0x0 ../../Compiler/SGL_302j/LIB_COFF/LIBSGL.A(sglB035.o)
 .data          0x000000000602a750        0x0 ../../Compiler/SGL_302j/LIB_COFF/LIBSGL.A(sglC00.o)
 .data          0x000000000602a750        0x0 ../../Compiler/SGL_302j/LIB_COFF/LIBSGL.A(sglI00.o)
 .data          0x000000000602a750        0x0 ../../Compiler/SGL_302j/LIB_COFF/LIBSGL.A(sglH03.o)
 .data          0x000000000602a750        0x0 /home/sansigolo/Documents/joengine/Compiler/SH_NONE_ELF/bin/../lib/gcc/sh-none-elf/8.2.0/libgcc.a(_ashiftrt.o)
 .data          0x000000000602a750        0x0 /home/sansigolo/Documents/joengine/Compiler/SH_NONE_ELF/bin/../lib/gcc/sh-none-elf/8.2.0/libgcc.a(_sdivsi3.o)
 .data          0x000000000602a750        0x0 /home/sansigolo/Documents/joengine/Compiler/SH_NONE_ELF/bin/../lib/gcc/sh-none-elf/8.2.0/libgcc.a(_udivsi3.o)
 .data          0x000000000602a750        0x0 /home/sansigolo/Documents/joengine/Compiler/SH_NONE_ELF/bin/../lib/gcc/sh-none-elf/8.2.0/libgcc.a(_mul_sf.o)
 .data          0x000000000602a750        0x0 /home/sansigolo/Documents/joengine/Compiler/SH_NONE_ELF/bin/../lib/gcc/sh-none-elf/8.2.0/libgcc.a(_div_sf.o)
 .data          0x000000000602a750        0x0 /home/sansigolo/Documents/joengine/Compiler/SH_NONE_ELF/bin/../lib/gcc/sh-none-elf/8.2.0/libgcc.a(_sf_to_si.o)
 .data          0x000000000602a750        0x0 /home/sansigolo/Documents/joengine/Compiler/SH_NONE_ELF/bin/../lib/gcc/sh-none-elf/8.2.0/libgcc.a(_thenan_sf.o)
 .data          0x000000000602a750        0x0 /home/sansigolo/Documents/joengine/Compiler/SH_NONE_ELF/bin/../lib/gcc/sh-none-elf/8.2.0/libgcc.a(_usi_to_sf.o)
 .data          0x000000000602a750        0x0 /home/sansigolo/Documents/joengine/Compiler/SH_NONE_ELF/bin/../lib/gcc/sh-none-elf/8.2.0/libgcc.a(_pack_sf.o)
 .data          0x000000000602a750        0x0 /home/sansigolo/Documents/joengine/Compiler/SH_NONE_ELF/bin/../lib/gcc/sh-none-elf/8.2.0/libgcc.a(_unpack_sf.o)
 .data          0x000000000602a750        0x0 /home/sansigolo/Documents/joengine/Compiler/SH_NONE_ELF/bin/../lib/gcc/sh-none-elf/8.2.0/../../../../sh-none-elf/lib/libc.a(lib_a-memcmp.o)
 .data          0x000000000602a750        0x0 /home/sansigolo/Documents/joengine/Compiler/SH_NONE_ELF/bin/../lib/gcc/sh-none-elf/8.2.0/../../../../sh-none-elf/lib/libc.a(lib_a-memcpy.o)
 .data          0x000000000602a750        0x0 /home/sansigolo/Documents/joengine/Compiler/SH_NONE_ELF/bin/../lib/gcc/sh-none-elf/8.2.0/../../../../sh-none-elf/lib/libc.a(lib_a-memset.o)
 .data          0x000000000602a750        0x0 /home/sansigolo/Documents/joengine/Compiler/SH_NONE_ELF/bin/../lib/gcc/sh-none-elf/8.2.0/../../../../sh-none-elf/lib/libc.a(lib_a-sprintf.o)
 .data          0x000000000602a750        0x0 /home/sansigolo/Documents/joengine/Compiler/SH_NONE_ELF/bin/../lib/gcc/sh-none-elf/8.2.0/../../../../sh-none-elf/lib/libc.a(lib_a-strncmp.o)
 .data          0x000000000602a750        0x0 /home/sansigolo/Documents/joengine/Compiler/SH_NONE_ELF/bin/../lib/gcc/sh-none-elf/8.2.0/../../../../sh-none-elf/lib/libc.a(lib_a-strncpy.o)
 .data          0x000000000602a750        0x0 /home/sansigolo/Documents/joengine/Compiler/SH_NONE_ELF/bin/../lib/gcc/sh-none-elf/8.2.0/../../../../sh-none-elf/lib/libc.a(lib_a-svfprintf.o)
 .data          0x000000000602a750        0x0 /home/sansigolo/Documents/joengine/Compiler/SH_NONE_ELF/bin/../lib/gcc/sh-none-elf/8.2.0/../../../../sh-none-elf/lib/libc.a(lib_a-dtoa.o)
 .data          0x000000000602a750      0x428 /home/sansigolo/Documents/joengine/Compiler/SH_NONE_ELF/bin/../lib/gcc/sh-none-elf/8.2.0/../../../../sh-none-elf/lib/libc.a(lib_a-impure.o)
                0x000000000602a750                _impure_ptr
 .data          0x000000000602ab78        0x0 /home/sansigolo/Documents/joengine/Compiler/SH_NONE_ELF/bin/../lib/gcc/sh-none-elf/8.2.0/../../../../sh-none-elf/lib/libc.a(lib_a-localeconv.o)
 .data          0x000000000602ab78      0x16c /home/sansigolo/Documents/joengine/Compiler/SH_NONE_ELF/bin/../lib/gcc/sh-none-elf/8.2.0/../../../../sh-none-elf/lib/libc.a(lib_a-locale.o)
                0x000000000602ab78                __global_locale
 .data          0x000000000602ace4        0x0 /home/sansigolo/Documents/joengine/Compiler/SH_NONE_ELF/bin/../lib/gcc/sh-none-elf/8.2.0/../../../../sh-none-elf/lib/libc.a(lib_a-mbtowc_r.o)
 .data          0x000000000602ace4        0x0 /home/sansigolo/Documents/joengine/Compiler/SH_NONE_ELF/bin/../lib/gcc/sh-none-elf/8.2.0/../../../../sh-none-elf/lib/libc.a(lib_a-memchr.o)
 .data          0x000000000602ace4        0x0 /home/sansigolo/Documents/joengine/Compiler/SH_NONE_ELF/bin/../lib/gcc/sh-none-elf/8.2.0/../../../../sh-none-elf/lib/libc.a(lib_a-mprec.o)
 .data          0x000000000602ace4        0x0 /home/sansigolo/Documents/joengine/Compiler/SH_NONE_ELF/bin/../lib/gcc/sh-none-elf/8.2.0/../../../../sh-none-elf/lib/libc.a(lib_a-nano-callocr.o)
 .data          0x000000000602ace4        0x0 /home/sansigolo/Documents/joengine/Compiler/SH_NONE_ELF/bin/../lib/gcc/sh-none-elf/8.2.0/../../../../sh-none-elf/lib/libc.a(lib_a-nano-mallocr.o)
 .data          0x000000000602ace4        0x0 /home/sansigolo/Documents/joengine/Compiler/SH_NONE_ELF/bin/../lib/gcc/sh-none-elf/8.2.0/../../../../sh-none-elf/lib/libc.a(lib_a-sbrkr.o)
 .data          0x000000000602ace4        0x0 /home/sansigolo/Documents/joengine/Compiler/SH_NONE_ELF/bin/../lib/gcc/sh-none-elf/8.2.0/../../../../sh-none-elf/lib/libc.a(lib_a-strcmp.o)
 .data          0x000000000602ace4        0x0 /home/sansigolo/Documents/joengine/Compiler/SH_NONE_ELF/bin/../lib/gcc/sh-none-elf/8.2.0/../../../../sh-none-elf/lib/libc.a(lib_a-strlen.o)
 .data          0x000000000602ace4        0x0 /home/sansigolo/Documents/joengine/Compiler/SH_NONE_ELF/bin/../lib/gcc/sh-none-elf/8.2.0/../../../../sh-none-elf/lib/libc.a(lib_a-svfiprintf.o)
 .data          0x000000000602ace4        0x0 /home/sansigolo/Documents/joengine/Compiler/SH_NONE_ELF/bin/../lib/gcc/sh-none-elf/8.2.0/../../../../sh-none-elf/lib/libc.a(lib_a-syscalls.o)
 .data          0x000000000602ace4        0x0 /home/sansigolo/Documents/joengine/Compiler/SH_NONE_ELF/bin/../lib/gcc/sh-none-elf/8.2.0/../../../../sh-none-elf/lib/libc.a(lib_a-trap.o)
 .data          0x000000000602ace4        0x0 /home/sansigolo/Documents/joengine/Compiler/SH_NONE_ELF/bin/../lib/gcc/sh-none-elf/8.2.0/../../../../sh-none-elf/lib/libc.a(lib_a-wctomb_r.o)
 .data          0x000000000602ace4        0x0 /home/sansigolo/Documents/joengine/Compiler/SH_NONE_ELF/bin/../lib/gcc/sh-none-elf/8.2.0/../../../../sh-none-elf/lib/libc.a(lib_a-abort.o)
 .data          0x000000000602ace4        0x0 /home/sansigolo/Documents/joengine/Compiler/SH_NONE_ELF/bin/../lib/gcc/sh-none-elf/8.2.0/../../../../sh-none-elf/lib/libc.a(lib_a-ctype_.o)
 .data          0x000000000602ace4        0x0 /home/sansigolo/Documents/joengine/Compiler/SH_NONE_ELF/bin/../lib/gcc/sh-none-elf/8.2.0/../../../../sh-none-elf/lib/libc.a(lib_a-memmove.o)
 .data          0x000000000602ace4        0x0 /home/sansigolo/Documents/joengine/Compiler/SH_NONE_ELF/bin/../lib/gcc/sh-none-elf/8.2.0/../../../../sh-none-elf/lib/libc.a(lib_a-mlock.o)
 .data          0x000000000602ace4        0x0 /home/sansigolo/Documents/joengine/Compiler/SH_NONE_ELF/bin/../lib/gcc/sh-none-elf/8.2.0/../../../../sh-none-elf/lib/libc.a(lib_a-nano-freer.o)
 .data          0x000000000602ace4        0x0 /home/sansigolo/Documents/joengine/Compiler/SH_NONE_ELF/bin/../lib/gcc/sh-none-elf/8.2.0/../../../../sh-none-elf/lib/libc.a(lib_a-nano-reallocr.o)
 .data          0x000000000602ace4        0x0 /home/sansigolo/Documents/joengine/Compiler/SH_NONE_ELF/bin/../lib/gcc/sh-none-elf/8.2.0/../../../../sh-none-elf/lib/libc.a(lib_a-signal.o)
 .data          0x000000000602ace4        0x0 /home/sansigolo/Documents/joengine/Compiler/SH_NONE_ELF/bin/../lib/gcc/sh-none-elf/8.2.0/../../../../sh-none-elf/lib/libc.a(lib_a-signalr.o)
 .data          0x000000000602ace4        0x0 /home/sansigolo/Documents/joengine/Compiler/SH_NONE_ELF/bin/../lib/gcc/sh-none-elf/8.2.0/../../../../sh-none-elf/lib/libc.a(lib_a-nano-msizer.o)
 .data          0x000000000602ace4        0x0 /home/sansigolo/Documents/joengine/Compiler/SH_NONE_ELF/bin/../lib/gcc/sh-none-elf/8.2.0/libgcc.a(_ashiftrt_n.o)
 .data          0x000000000602ace4        0x0 /home/sansigolo/Documents/joengine/Compiler/SH_NONE_ELF/bin/../lib/gcc/sh-none-elf/8.2.0/libgcc.a(_ashiftlt.o)
 .data          0x000000000602ace4        0x0 /home/sansigolo/Documents/joengine/Compiler/SH_NONE_ELF/bin/../lib/gcc/sh-none-elf/8.2.0/libgcc.a(_lshiftrt.o)
 .data          0x000000000602ace4        0x0 /home/sansigolo/Documents/joengine/Compiler/SH_NONE_ELF/bin/../lib/gcc/sh-none-elf/8.2.0/libgcc.a(_udivdi3.o)
 .data          0x000000000602ace4        0x0 /home/sansigolo/Documents/joengine/Compiler/SH_NONE_ELF/bin/../lib/gcc/sh-none-elf/8.2.0/libgcc.a(_umoddi3.o)
 .data          0x000000000602ace4        0x0 /home/sansigolo/Documents/joengine/Compiler/SH_NONE_ELF/bin/../lib/gcc/sh-none-elf/8.2.0/libgcc.a(_addsub_df.o)
 .data          0x000000000602ace4        0x0 /home/sansigolo/Documents/joengine/Compiler/SH_NONE_ELF/bin/../lib/gcc/sh-none-elf/8.2.0/libgcc.a(_mul_df.o)
 .data          0x000000000602ace4        0x0 /home/sansigolo/Documents/joengine/Compiler/SH_NONE_ELF/bin/../lib/gcc/sh-none-elf/8.2.0/libgcc.a(_div_df.o)
 .data          0x000000000602ace4        0x0 /home/sansigolo/Documents/joengine/Compiler/SH_NONE_ELF/bin/../lib/gcc/sh-none-elf/8.2.0/libgcc.a(_eq_df.o)
 .data          0x000000000602ace4        0x0 /home/sansigolo/Documents/joengine/Compiler/SH_NONE_ELF/bin/../lib/gcc/sh-none-elf/8.2.0/libgcc.a(_ne_df.o)
 .data          0x000000000602ace4        0x0 /home/sansigolo/Documents/joengine/Compiler/SH_NONE_ELF/bin/../lib/gcc/sh-none-elf/8.2.0/libgcc.a(_gt_df.o)
 .data          0x000000000602ace4        0x0 /home/sansigolo/Documents/joengine/Compiler/SH_NONE_ELF/bin/../lib/gcc/sh-none-elf/8.2.0/libgcc.a(_ge_df.o)
 .data          0x000000000602ace4        0x0 /home/sansigolo/Documents/joengine/Compiler/SH_NONE_ELF/bin/../lib/gcc/sh-none-elf/8.2.0/libgcc.a(_lt_df.o)
 .data          0x000000000602ace4        0x0 /home/sansigolo/Documents/joengine/Compiler/SH_NONE_ELF/bin/../lib/gcc/sh-none-elf/8.2.0/libgcc.a(_le_df.o)
 .data          0x000000000602ace4        0x0 /home/sansigolo/Documents/joengine/Compiler/SH_NONE_ELF/bin/../lib/gcc/sh-none-elf/8.2.0/libgcc.a(_unord_df.o)
 .data          0x000000000602ace4        0x0 /home/sansigolo/Documents/joengine/Compiler/SH_NONE_ELF/bin/../lib/gcc/sh-none-elf/8.2.0/libgcc.a(_si_to_df.o)
 .data          0x000000000602ace4        0x0 /home/sansigolo/Documents/joengine/Compiler/SH_NONE_ELF/bin/../lib/gcc/sh-none-elf/8.2.0/libgcc.a(_df_to_si.o)
 .data          0x000000000602ace4        0x0 /home/sansigolo/Documents/joengine/Compiler/SH_NONE_ELF/bin/../lib/gcc/sh-none-elf/8.2.0/libgcc.a(_thenan_df.o)
 .data          0x000000000602ace4        0x0 /home/sansigolo/Documents/joengine/Compiler/SH_NONE_ELF/bin/../lib/gcc/sh-none-elf/8.2.0/libgcc.a(_usi_to_df.o)
 .data          0x000000000602ace4        0x0 /home/sansigolo/Documents/joengine/Compiler/SH_NONE_ELF/bin/../lib/gcc/sh-none-elf/8.2.0/libgcc.a(_udiv_qrnnd_16.o)
 .data          0x000000000602ace4        0x0 /home/sansigolo/Documents/joengine/Compiler/SH_NONE_ELF/bin/../lib/gcc/sh-none-elf/8.2.0/libgcc.a(_clz.o)
 .data          0x000000000602ace4        0x0 /home/sansigolo/Documents/joengine/Compiler/SH_NONE_ELF/bin/../lib/gcc/sh-none-elf/8.2.0/libgcc.a(_clzsi2.o)
 .data          0x000000000602ace4        0x0 /home/sansigolo/Documents/joengine/Compiler/SH_NONE_ELF/bin/../lib/gcc/sh-none-elf/8.2.0/libgcc.a(_pack_df.o)
 .data          0x000000000602ace4        0x0 /home/sansigolo/Documents/joengine/Compiler/SH_NONE_ELF/bin/../lib/gcc/sh-none-elf/8.2.0/libgcc.a(_unpack_df.o)
 .data          0x000000000602ace4        0x0 /home/sansigolo/Documents/joengine/Compiler/SH_NONE_ELF/bin/../lib/gcc/sh-none-elf/8.2.0/libgcc.a(_fpcmp_parts_df.o)
                0x000000000602ace4                __edata = .

.bss            0x000000000602acf0    0x82f1c
                0x000000000602acf0                __bstart = .
 *(.bss)
 .bss           0x000000000602acf0        0x0 ../../Compiler/SGL_302j/LIB_COFF/SGLAREA.O
 .bss           0x000000000602acf0    0x82e98 /tmp/ccPn4YFa.ltrans0.ltrans.o
 *fill*         0x00000000060adb88        0x8 
 .bss           0x00000000060adb90        0x4 ../../Compiler/SGL_302j/LIB_COFF/SEGA_SYS.A(sys_exit.o)
 *fill*         0x00000000060adb94        0xc 
 .bss           0x00000000060adba0        0x0 ../../Compiler/SGL_302j/LIB_COFF/SEGA_SYS.A(sys_sub.o)
 .bss           0x00000000060adba0        0x0 ../../Compiler/SGL_302j/LIB_COFF/LIBCD.A(CDC_CMN.O)
 .bss           0x00000000060adba0        0x0 ../../Compiler/SGL_302j/LIB_COFF/LIBCD.A(CDC_CFS.O)
 .bss           0x00000000060adba0        0x2 ../../Compiler/SGL_302j/LIB_COFF/LIBCD.A(CDC_REG.O)
 *fill*         0x00000000060adba2        0xe 
 .bss           0x00000000060adbb0        0xc ../../Compiler/SGL_302j/LIB_COFF/LIBCD.A(CDC_SUB.O)
 *fill*         0x00000000060adbbc        0x4 
 .bss           0x00000000060adbc0        0x0 ../../Compiler/SGL_302j/LIB_COFF/LIBCD.A(GFS.O)
 .bss           0x00000000060adbc0        0x0 ../../Compiler/SGL_302j/LIB_COFF/LIBCD.A(GFS_BUF.O)
 .bss           0x00000000060adbc0        0x0 ../../Compiler/SGL_302j/LIB_COFF/LIBCD.A(GFS_CDB.O)
 .bss           0x00000000060adbc0        0x0 ../../Compiler/SGL_302j/LIB_COFF/LIBCD.A(GFS_CDC.O)
 .bss           0x00000000060adbc0        0x0 ../../Compiler/SGL_302j/LIB_COFF/LIBCD.A(GFS_CDF.O)
 .bss           0x00000000060adbc0        0x0 ../../Compiler/SGL_302j/LIB_COFF/LIBCD.A(GFS_DIR.O)
 .bss           0x00000000060adbc0        0xc ../../Compiler/SGL_302j/LIB_COFF/LIBCD.A(GFS_TRN.O)
 *fill*         0x00000000060adbcc        0x4 
 .bss           0x00000000060adbd0        0x0 ../../Compiler/SGL_302j/LIB_COFF/LIBCD.A(CDC_DRV.O)
 .bss           0x00000000060adbd0        0x0 ../../Compiler/SGL_302j/LIB_COFF/LIBCD.A(CDC_DEV.O)
 .bss           0x00000000060adbd0        0x0 ../../Compiler/SGL_302j/LIB_COFF/LIBCD.A(CDC_SEL.O)
 .bss           0x00000000060adbd0        0x0 ../../Compiler/SGL_302j/LIB_COFF/LIBCD.A(CDC_BIF.O)
 .bss           0x00000000060adbd0        0x0 ../../Compiler/SGL_302j/LIB_COFF/LIBCD.A(CDC_BIO.O)
 .bss           0x00000000060adbd0        0x0 ../../Compiler/SGL_302j/LIB_COFF/LIBSGL.A(sglA15.o)
 .bss           0x00000000060adbd0        0x0 ../../Compiler/SGL_302j/LIB_COFF/LIBSGL.A(sglA20.o)
 .bss           0x00000000060adbd0        0x0 ../../Compiler/SGL_302j/LIB_COFF/LIBSGL.A(sglA21.o)
 .bss           0x00000000060adbd0        0x0 ../../Compiler/SGL_302j/LIB_COFF/LIBSGL.A(sglA27.o)
 .bss           0x00000000060adbd0        0x0 ../../Compiler/SGL_302j/LIB_COFF/LIBSGL.A(sglB001.o)
 .bss           0x00000000060adbd0        0x0 ../../Compiler/SGL_302j/LIB_COFF/LIBSGL.A(sglB011.o)
 .bss           0x00000000060adbd0        0x0 ../../Compiler/SGL_302j/LIB_COFF/LIBSGL.A(sglB015.o)
 .bss           0x00000000060adbd0        0x0 ../../Compiler/SGL_302j/LIB_COFF/LIBSGL.A(sglB016.o)
 .bss           0x00000000060adbd0        0x0 ../../Compiler/SGL_302j/LIB_COFF/LIBSGL.A(sglB032.o)
 .bss           0x00000000060adbd0        0x0 ../../Compiler/SGL_302j/LIB_COFF/LIBSGL.A(sglB053.o)
 .bss           0x00000000060adbd0        0x0 ../../Compiler/SGL_302j/LIB_COFF/LIBSGL.A(sglB056.o)
 .bss           0x00000000060adbd0        0x0 ../../Compiler/SGL_302j/LIB_COFF/LIBSGL.A(sglB063.o)
 .bss           0x00000000060adbd0        0x0 ../../Compiler/SGL_302j/LIB_COFF/LIBSGL.A(sglB200.o)
 .bss           0x00000000060adbd0        0x0 ../../Compiler/SGL_302j/LIB_COFF/LIBSGL.A(sglC05.o)
 .bss           0x00000000060adbd0        0x0 ../../Compiler/SGL_302j/LIB_COFF/LIBSGL.A(sglC06.o)
 .bss           0x00000000060adbd0        0x0 ../../Compiler/SGL_302j/LIB_COFF/LIBSGL.A(sglC07.o)
 .bss           0x00000000060adbd0        0x0 ../../Compiler/SGL_302j/LIB_COFF/LIBSGL.A(sglC08.o)
 .bss           0x00000000060adbd0        0x0 ../../Compiler/SGL_302j/LIB_COFF/LIBSGL.A(sglC20.o)
 .bss           0x00000000060adbd0        0x0 ../../Compiler/SGL_302j/LIB_COFF/LIBSGL.A(sglD00.o)
 .bss           0x00000000060adbd0        0x0 ../../Compiler/SGL_302j/LIB_COFF/LIBSGL.A(sglD01.o)
 .bss           0x00000000060adbd0        0x0 ../../Compiler/SGL_302j/LIB_COFF/LIBSGL.A(sglD03.o)
 .bss           0x00000000060adbd0        0x0 ../../Compiler/SGL_302j/LIB_COFF/LIBSGL.A(sglD15.o)
 .bss           0x00000000060adbd0        0x0 ../../Compiler/SGL_302j/LIB_COFF/LIBSGL.A(sglD16.o)
 .bss           0x00000000060adbd0        0x0 ../../Compiler/SGL_302j/LIB_COFF/LIBSGL.A(sglD17.o)
 .bss           0x00000000060adbd0        0x0 ../../Compiler/SGL_302j/LIB_COFF/LIBSGL.A(sglD18.o)
 .bss           0x00000000060adbd0        0x0 ../../Compiler/SGL_302j/LIB_COFF/LIBSGL.A(sglF00.o)
 .bss           0x00000000060adbd0        0x0 ../../Compiler/SGL_302j/LIB_COFF/LIBSGL.A(sglF05.o)
 .bss           0x00000000060adbd0        0x0 ../../Compiler/SGL_302j/LIB_COFF/LIBSGL.A(sglH00.o)
 .bss           0x00000000060adbd0        0x0 ../../Compiler/SGL_302j/LIB_COFF/LIBSGL.A(sglH01.o)
 .bss           0x00000000060adbd0        0x0 ../../Compiler/SGL_302j/LIB_COFF/LIBSGL.A(sglH02.o)
 .bss           0x00000000060adbd0        0x0 ../../Compiler/SGL_302j/LIB_COFF/LIBSGL.A(sglH04.o)
 .bss           0x00000000060adbd0        0x0 ../../Compiler/SGL_302j/LIB_COFF/LIBSGL.A(sglI01.o)
 .bss           0x00000000060adbd0        0x0 ../../Compiler/SGL_302j/LIB_COFF/LIBSGL.A(sglIc0.o)
 .bss           0x00000000060adbd0        0x0 ../../Compiler/SGL_302j/LIB_COFF/LIBSGL.A(sglJ00.o)
 .bss           0x00000000060adbd0        0x0 ../../Compiler/SGL_302j/LIB_COFF/LIBSGL.A(sglJ01.o)
 .bss           0x00000000060adbd0        0x0 ../../Compiler/SGL_302j/LIB_COFF/LIBSGL.A(sglJ02.o)
 .bss           0x00000000060adbd0        0x0 ../../Compiler/SGL_302j/LIB_COFF/LIBSGL.A(sglJ03.o)
 .bss           0x00000000060adbd0        0x0 ../../Compiler/SGL_302j/LIB_COFF/LIBSGL.A(sglJ04.o)
 .bss           0x00000000060adbd0        0x0 ../../Compiler/SGL_302j/LIB_COFF/LIBSGL.A(sglJ05.o)
 .bss           0x00000000060adbd0        0x0 ../../Compiler/SGL_302j/LIB_COFF/LIBSGL.A(sglK01.o)
 .bss           0x00000000060adbd0        0x0 ../../Compiler/SGL_302j/LIB_COFF/LIBSGL.A(sglM01.o)
 .bss           0x00000000060adbd0        0x0 ../../Compiler/SGL_302j/LIB_COFF/LIBSGL.A(sglA00.o)
 .bss           0x00000000060adbd0        0x0 ../../Compiler/SGL_302j/LIB_COFF/LIBSGL.A(sglA01.o)
 .bss           0x00000000060adbd0        0x0 ../../Compiler/SGL_302j/LIB_COFF/LIBSGL.A(sglB000.o)
 .bss           0x00000000060adbd0        0x0 ../../Compiler/SGL_302j/LIB_COFF/LIBSGL.A(sglB035.o)
 .bss           0x00000000060adbd0        0x0 ../../Compiler/SGL_302j/LIB_COFF/LIBSGL.A(sglC00.o)