Archive member included to satisfy reference by file (symbol)

../../Compiler/SGL_302j/LIB_COFF/SEGA_SYS.A(sys_exit.o)
                              ../../jo_engine/core.o (symbol from plugin) (SYS_Exit)
../../Compiler/SGL_302j/LIB_COFF/SEGA_SYS.A(sys_sub.o)
                              ../../Compiler/SGL_302j/LIB_COFF/SEGA_SYS.A(sys_exit.o) (SYSUB_SetStackptr)
../../Compiler/SGL_302j/LIB_COFF/LIBCD.A(CDC_CMN.O)
                              ../../Compiler/SGL_302j/LIB_COFF/SEGA_SYS.A(sys_exit.o) (CDC_GetCurStat)
../../Compiler/SGL_302j/LIB_COFF/LIBCD.A(CDC_CFS.O)
                              ../../Compiler/SGL_302j/LIB_COFF/SEGA_SYS.A(sys_exit.o) (CDC_ChgDir)
../../Compiler/SGL_302j/LIB_COFF/LIBCD.A(CDC_REG.O)
                              ../../Compiler/SGL_302j/LIB_COFF/SEGA_SYS.A(sys_exit.o) (CDC_GetHirqReq)
../../Compiler/SGL_302j/LIB_COFF/LIBCD.A(CDC_SUB.O)
                              ../../Compiler/SGL_302j/LIB_COFF/LIBCD.A(CDC_CMN.O) (CDSUB_UpdStatus)
../../Compiler/SGL_302j/LIB_COFF/LIBCD.A(GFS.O)
                              ../../jo_engine/fs.o (symbol from plugin) (GFS_Init)
../../Compiler/SGL_302j/LIB_COFF/LIBCD.A(GFS_BUF.O)
                              ../../Compiler/SGL_302j/LIB_COFF/LIBCD.A(GFS.O) (GFBF_GetNumData)
../../Compiler/SGL_302j/LIB_COFF/LIBCD.A(GFS_CDB.O)
                              ../../Compiler/SGL_302j/LIB_COFF/LIBCD.A(GFS.O) (GFCB_Close)
../../Compiler/SGL_302j/LIB_COFF/LIBCD.A(GFS_CDC.O)
                              ../../Compiler/SGL_302j/LIB_COFF/LIBCD.A(GFS.O) (GFCD_SetCdbfs)
../../Compiler/SGL_302j/LIB_COFF/LIBCD.A(GFS_CDF.O)
                              ../../Compiler/SGL_302j/LIB_COFF/LIBCD.A(GFS.O) (GFCF_Init)
../../Compiler/SGL_302j/LIB_COFF/LIBCD.A(GFS_DIR.O)
                              ../../Compiler/SGL_302j/LIB_COFF/LIBCD.A(GFS.O) (GFDR_SetupDirTbl)
../../Compiler/SGL_302j/LIB_COFF/LIBCD.A(GFS_TRN.O)
                              ../../Compiler/SGL_302j/LIB_COFF/LIBCD.A(GFS.O) (GFTR_Setup)
../../Compiler/SGL_302j/LIB_COFF/LIBCD.A(CDC_DRV.O)
                              ../../Compiler/SGL_302j/LIB_COFF/LIBCD.A(GFS_CDC.O) (CDC_CdPlay)
../../Compiler/SGL_302j/LIB_COFF/LIBCD.A(CDC_DEV.O)
                              ../../Compiler/SGL_302j/LIB_COFF/LIBCD.A(GFS_CDC.O) (CDC_CdSetCon)
../../Compiler/SGL_302j/LIB_COFF/LIBCD.A(CDC_SEL.O)
                              ../../Compiler/SGL_302j/LIB_COFF/LIBCD.A(GFS_CDC.O) (CDC_SetFiltRange)
../../Compiler/SGL_302j/LIB_COFF/LIBCD.A(CDC_BIF.O)
                              ../../Compiler/SGL_302j/LIB_COFF/LIBCD.A(GFS_CDC.O) (CDC_GetBufSiz)
../../Compiler/SGL_302j/LIB_COFF/LIBCD.A(CDC_BIO.O)
                              ../../Compiler/SGL_302j/LIB_COFF/LIBCD.A(GFS_CDC.O) (CDC_SetSctLen)
../../Compiler/SGL_302j/LIB_COFF/LIBSGL.A(sglA15.o)
                              ../../jo_engine/core.o (symbol from plugin) (slSlaveFunc)
../../Compiler/SGL_302j/LIB_COFF/LIBSGL.A(sglA20.o)
                              ../../jo_engine/core.o (symbol from plugin) (slUnitMatrix)
../../Compiler/SGL_302j/LIB_COFF/LIBSGL.A(sglA21.o)
                              ../../jo_engine/map.o (symbol from plugin) (slPushMatrix)
../../Compiler/SGL_302j/LIB_COFF/LIBSGL.A(sglA27.o)
                              ../../jo_engine/map.o (symbol from plugin) (slTranslate)
../../Compiler/SGL_302j/LIB_COFF/LIBSGL.A(sglB001.o)
                              ../../jo_engine/core.o (symbol from plugin) (slTVOn)
../../Compiler/SGL_302j/LIB_COFF/LIBSGL.A(sglB011.o)
                              ../../jo_engine/core.o (symbol from plugin) (slBitMapNbg1)
../../Compiler/SGL_302j/LIB_COFF/LIBSGL.A(sglB015.o)
                              ../../jo_engine/core.o (symbol from plugin) (slScrAutoDisp)
../../Compiler/SGL_302j/LIB_COFF/LIBSGL.A(sglB016.o)
                              ../../jo_engine/core.o (symbol from plugin) (slBack1ColSet)
../../Compiler/SGL_302j/LIB_COFF/LIBSGL.A(sglB032.o)
                              ../../jo_engine/core.o (symbol from plugin) (slMapNbg1)
../../Compiler/SGL_302j/LIB_COFF/LIBSGL.A(sglB053.o)
                              ../../jo_engine/core.o (symbol from plugin) (slZoomNbg1)
../../Compiler/SGL_302j/LIB_COFF/LIBSGL.A(sglB056.o)
                              ../../jo_engine/core.o (symbol from plugin) (slPlaneNbg1)
../../Compiler/SGL_302j/LIB_COFF/LIBSGL.A(sglB063.o)
                              ../../jo_engine/core.o (symbol from plugin) (slPriority)
../../Compiler/SGL_302j/LIB_COFF/LIBSGL.A(sglB200.o)
                              ../../jo_engine/core.o (symbol from plugin) (slCharNbg0)
../../Compiler/SGL_302j/LIB_COFF/LIBSGL.A(sglC05.o)
                              ../../jo_engine/sprites.o (symbol from plugin) (slSetSprite)
../../Compiler/SGL_302j/LIB_COFF/LIBSGL.A(sglC06.o)
                              ../../jo_engine/sprites.o (symbol from plugin) (slDispSprite)
../../Compiler/SGL_302j/LIB_COFF/LIBSGL.A(sglC07.o)
                              ../../jo_engine/sprites.o (symbol from plugin) (slPutSprite)
[...]
Memory Configuration

Name             Origin             Length             Attributes
*default*        0x0000000000000000 0xffffffffffffffff

Linker script and memory map

TARGET(coff-sh)

SLSTART         0x0000000006004000       0x28
                0x0000000006004000                ___Start = .
 *(SLSTART)
 SLSTART        0x0000000006004000       0x28 ../../Compiler/SGL_302j/LIB_COFF/LIBSGL.A(sglI00.o)
                0x0000000006004000                SGL_Start
                0x0000000006004002                slStartSGL

.text           0x0000000006004040     0xf308
 *(.text)
 .text          0x0000000006004040        0x0 ../../Compiler/SGL_302j/LIB_COFF/SGLAREA.O
 .text          0x0000000006004040     0x25a0 /tmp/ccWngrTe.ltrans0.ltrans.o
 .text          0x00000000060065e0      0x238 ../../Compiler/SGL_302j/LIB_COFF/SEGA_SYS.A(sys_exit.o)
                0x00000000060065e0                sys_version
                0x0000000006006600                SYS_Exit
 *fill*         0x0000000006006818        0x8 
 .text          0x0000000006006820        0x6 ../../Compiler/SGL_302j/LIB_COFF/SEGA_SYS.A(sys_sub.o)
                0x0000000006006820                SYSUB_SetStackptr
 *fill*         0x0000000006006826        0xa 
 .text          0x0000000006006830      0x3a0 ../../Compiler/SGL_302j/LIB_COFF/LIBCD.A(CDC_CMN.O)
                0x0000000006006830                CDC_GetCurStat
                0x0000000006006880                CDC_GetLastStat
                0x0000000006006898                CDC_GetPeriStat
                0x000000000600696c                CDC_GetHwInfo
                0x00000000060069d4                CDC_TgetToc
                0x0000000006006a24                CDC_GetSes
                0x0000000006006a60                CDC_CdInit
                0x0000000006006ae4                CDC_CdOpen
                0x0000000006006b0c                CDC_DataReady
                0x0000000006006b78                CDC_DataEnd
 .text          0x0000000006006bd0      0x194 ../../Compiler/SGL_302j/LIB_COFF/LIBCD.A(CDC_CFS.O)
                0x0000000006006bd0                CDC_ChgDir
                0x0000000006006c04                CDC_ReadDir
                0x0000000006006c38                CDC_GetFileScope
                0x0000000006006c98                CDC_TgetFileInfo
                0x0000000006006cf4                CDC_ReadFile
                0x0000000006006d28                CDC_AbortFile
 *fill*         0x0000000006006d64        0xc 
 .text          0x0000000006006d70      0x2dc ../../Compiler/SGL_302j/LIB_COFF/LIBCD.A(CDC_REG.O)
                0x0000000006006d70                CDC_GetDataPtr
                0x0000000006006d80                CDC_GetHirqReq
                0x0000000006006d94                CDC_ClrHirqReq
                0x0000000006006dc4                CDREG_ClrHirqReq
                0x0000000006006dd4                CDREG_InitHirqReq
                0x0000000006006dfc                CDREG_SetHirqFlag
                0x0000000006006e10                CDC_GetHirqMsk
                0x0000000006006e24                CDC_SetHirqMsk
                0x0000000006006e34                CDC_GetMpegPtr
                0x0000000006006e44                CDREG_TgetData
                0x0000000006006ea0                CDREG_CmdRsp
                0x0000000006006fa0                CDREG_WaitHirq
                0x0000000006007010                CDREG_ReadRsp
 *fill*         0x000000000600704c        0x4 
 .text          0x0000000006007050      0x152 ../../Compiler/SGL_302j/LIB_COFF/LIBCD.A(CDC_SUB.O)
                0x0000000006007050                CDSUB_UpdStatus
                0x0000000006007068                CDSUB_UpdCdstat
                0x0000000006007088                CDSUB_CdCmd
                0x00000000060070f8                CDSUB_GetCdstat
                0x0000000006007138                CDSUB_RspToCdstat
                0x0000000006007180                CDSUB_SoftTimer
 *fill*         0x00000000060071a2        0xe 
 .text          0x00000000060071b0     0x1adc ../../Compiler/SGL_302j/LIB_COFF/LIBCD.A(GFS.O)
                0x00000000060071b0                gfs_version
                0x00000000060071d0                GFS_Init
                0x00000000060072b8                GFS_LoadDir
                0x0000000006007360                GFS_SetDir
                0x00000000060073c8                GFS_NameToId
                0x000000000600742c                GFS_IdToName
                0x0000000006007498                GFS_GetDirInfo
                0x0000000006007508                GFS_Reset
                0x000000000600758c                GFS_Open
                0x0000000006007640                GFS_Close
                0x0000000006007678                GFS_Seek
                0x000000000600772c                GFS_Tell
                0x000000000600777c                GFS_IsEof
                0x00000000060077d0                GFS_ByteToSct
                0x000000000600782c                GFS_GetFileSize
                0x0000000006007888                GFS_GetFileInfo
                0x00000000060078fc                GFS_GetNumCdbuf
                0x0000000006007924                GFS_Load
                0x00000000060079e8                GFS_Fread
                0x0000000006007a84                gfs_waitRead
                0x0000000006007b2c                GFS_NwFread
                0x0000000006007c38                GFS_NwCdRead
                0x0000000006007cb0                GFS_NwIsComplete
                0x0000000006007ce8                GFS_NwStop
                0x0000000006007d54                GFS_NwGetStat
                0x0000000006007dd0                gfs_recovRdErr
                0x0000000006007e00                GFS_NwExecOne
                0x0000000006007ec0                GFS_NwExecServer
                0x0000000006007f3c                GFS_SetGmode
                0x0000000006007fa0                GFS_SetTmode
                0x000000000600800c                GFS_SetReadPara
                0x0000000006008070                GFS_SetTransPara
                0x00000000060080dc                GFS_SetTrFunc
                0x0000000006008140                GFS_StartTrans
                0x000000000600818c                GFS_CdMovePickup
                0x00000000060081f8                GFS_SetErrFunc
                0x0000000006008224                GFS_GetErrStat
                0x0000000006008248                GFS_ConvTno
                0x0000000006008270                gfs_chgRoot
                0x000000000600833c                gfs_aborttrans
                0x0000000006008348                gfs_mngSetupFuncTbl
                0x000000000600837c                gfs_mngInitWork
                0x0000000006008420                gfs_mngGetNumFile
                0x0000000006008488                GFS_mngAllocGrp
                0x00000000060084d0                gfs_mngFreeGrp
                0x00000000060084dc                gfs_mngTermAccess
                0x0000000006008560                gfs_mngSetErrCode
                0x00000000060085e0                gfs_svrSearchHndl
                0x0000000006008620                gfs_svrAddHndl
                0x000000000600865c                gfs_svrRemoveHndl
                0x00000000060086b8                GFS_OpenSub
                0x0000000006008710                gfs_loadVol
                0x00000000060087d4                gfs_getRootDir
                0x00000000060088d0                gfs_loadRootDir
                0x0000000006008958                gfs_flowIn
                0x0000000006008a00                gfs_transData
                0x0000000006008aa4                GFS_GetFad
                0x0000000006008afc                gfs_SetSct
                0x0000000006008b3c                gfs_GetFinfo
                0x0000000006008b7c                gfs_closeSub
                0x0000000006008bb8                gfs_getGmode
                0x0000000006008bc4                gfs_isTaskDone
                0x0000000006008c18                gfs_convFinStat
 *fill*         0x0000000006008c8c        0x4 
 .text          0x0000000006008c90      0x106 ../../Compiler/SGL_302j/LIB_COFF/LIBCD.A(GFS_BUF.O)
                0x0000000006008cc0                GFBF_GetTranData
                0x0000000006008ce8                GFBF_GetNumData
                0x0000000006008d18                GFBF_GetSrcPk
                0x0000000006008d40                GFBF_GetSctData
                0x0000000006008d64                GFBF_RtnPk
                0x0000000006008d8c                gfbf_getSctDt
 *fill*         0x0000000006008d96        0xa 
 .text          0x0000000006008da0      0x600 ../../Compiler/SGL_302j/LIB_COFF/LIBCD.A(GFS_CDB.O)
                0x0000000006008da0                GFCB_Setup
                0x0000000006008ec0                GFCB_Close
                0x0000000006008ee8                GFCB_GetLenData
                0x0000000006008f94                GFCB_GetLenRoom
                0x0000000006008fa0                GFCB_SetFilt
                0x0000000006009008                GFCB_DeleteAllData
                0x0000000006009030                GFCB_Tell
                0x0000000006009040                gfcb_getSctNum
                0x0000000006009090                GFCB_Seek
                0x000000000600918c                GFCB_GetSrcPack
                0x000000000600926c                GFCB_GetSctData
                0x00000000060092a4                GFCB_GetDstPack
                0x00000000060092b0                GFCB_RtnPk
                0x00000000060092f8                GFCB_MovePickup
                0x0000000006009314                GFCB_SetCon
                0x0000000006009348                GFCB_GetPickup
                0x0000000006009370                GFCB_IsPuOwner
                0x0000000006009388                GFCB_UngetPickup
 .text          0x00000000060093a0     0x1a10 ../../Compiler/SGL_302j/LIB_COFF/LIBCD.A(GFS_CDC.O)
                0x00000000060093a0                GFCD_SetCdbfs
                0x00000000060093cc                GFCD_Init
                0x00000000060095d0                GFCD_AllocFilt
                0x000000000600960c                GFCD_FreeFilt
                0x000000000600963c                GFCD_AllocBuf
                0x0000000006009670                GFCD_FreeBuf
                0x0000000006009714                GFCD_GetBaseFad
                0x0000000006009748                GFCD_GetPickup
                0x000000000600977c                GFCD_UngetPickup
                0x00000000060097a8                GFCD_IsPuOwner
                0x00000000060097cc                GFCD_SetFilt
                0x0000000006009890                GFCD_GetFilt
                0x00000000060098d8                GFCD_SetCon
                0x0000000006009930                GFCD_Play
                0x0000000006009990                GFCD_GetLenData
                0x00000000060099f8                GFCD_ReqData
                0x0000000006009a54                GFCD_EndData
                0x0000000006009a9c                GFCD_DelSctData
                0x0000000006009af4                GFCD_CheckDelSctData
                0x0000000006009b24                GFCD_GetStat
                0x0000000006009bd8                GFCD_MovePickup
                0x0000000006009c24                GFCD_MoveSctData
                0x0000000006009c98                GFCD_CheckMove
                0x0000000006009cbc                GFCD_GetSctInfo
                0x0000000006009d04                GFCD_ChgDir
                0x0000000006009d78                GFCD_SetFiltCon
                0x0000000006009e60                GFCD_GetFileInfo
                0x0000000006009f3c                GFCD_GetBufSiz
                0x0000000006009f74                GFCD_ExecServer
                0x000000000600a048                gfcd_isIdleTask
                0x000000000600a0d4                gfcd_doTask
                0x000000000600a180                GFCD_SetTimer
                0x000000000600a194                GFCD_WaitServer
                0x000000000600a1d0                gfcd_doSetFiltTsk
                0x000000000600a394                gfcd_doSetConTsk
                0x000000000600a424                gfcd_doGetLenDataTsk
                0x000000000600a578                gfcd_doReqDataTsk
                0x000000000600a618                gfcd_doDelSctDataTsk
                0x000000000600a74c                gfcd_doMoveSctTsk
                0x000000000600a8b0                gfcd_doChgDirTsk
                0x000000000600aaac                gfcd_doSetFiltConTsk
                0x000000000600abf0                gfcd_checkEflag
                0x000000000600ac14                gfcd_initCdbMng
                0x000000000600ac94                gfcd_setStat
                0x000000000600acc0                GFCD_SetCsctFunc
                0x000000000600acdc                GFCD_ChkScdqFlag
                0x000000000600ad00                GFCD_ClrScdqFlag
                0x000000000600ad1c                GFCD_WaitScdqFlag
                0x000000000600ad60                GFCD_WaitPause
 .text          0x000000000600adb0      0x8d8 ../../Compiler/SGL_302j/LIB_COFF/LIBCD.A(GFS_CDF.O)
                0x000000000600adb0                GFCF_Init
                0x000000000600ae50                GFCF_Setup
                0x000000000600af98                GFCF_SetSct
                0x000000000600afdc                GFCF_GetFileInfo
                0x000000000600b050                GFCF_FlowInBuf
                0x000000000600b1a4                GFCF_StopInBuf
                0x000000000600b244                GFCF_Recover
                0x000000000600b28c                GFCF_Tell
                0x000000000600b2a4                GFCF_Seek
                0x000000000600b2bc                GFCF_MovePickup
                0x000000000600b358                GFCF_cnvIntlvOfs
                0x000000000600b3ac                GFCF_GetStat
                0x000000000600b444                gfcf_getSctSize
                0x000000000600b480                gfcf_isCdOk
                0x000000000600b540                gfcf_getPlayRange
 *fill*         0x000000000600b688        0x8 
 .text          0x000000000600b690      0x92c ../../Compiler/SGL_302j/LIB_COFF/LIBCD.A(GFS_DIR.O)
                0x000000000600b690                GFDR_SetupDirTbl
                0x000000000600b704                GFDR_NameToId
                0x000000000600b764                GFDR_GetInfoDirId
                0x000000000600b778                GFDR_GetInfoDirName
                0x000000000600b78c                GFDR_GetAtrDirId
                0x000000000600b7a4                GFDR_GetAtrDirName
                0x000000000600b7bc                GFDR_ChgRoot
                0x000000000600b7d4                GFDR_ChgDir
                0x000000000600b848                gfdr_setupDirIdTbl
                0x000000000600b8cc                gfdr_setupDirNameTbl
                0x000000000600b978                gfdr_open
                0x000000000600b9a0                gfdr_read
                0x000000000600ba60                gfdr_readByte
                0x000000000600ba8c                gfdr_readWord
                0x000000000600bab8                gfdr_readWordNB
                0x000000000600bb0c                gfdr_readLongNB
                0x000000000600bb58                gfdr_readLongNM
                0x000000000600bb80                gfdr_setNextRec
                0x000000000600bc04                gfdr_readDirEnt
                0x000000000600bf80                gfdr_setDirrecCd
 *fill*         0x000000000600bfbc        0x4 
 .text          0x000000000600bfc0      0x9c6 ../../Compiler/SGL_302j/LIB_COFF/LIBCD.A(GFS_TRN.O)
                0x000000000600bff0                GFTR_Setup
                0x000000000600c034                GFTR_SetMode
                0x000000000600c048                GFTR_SetUnit
                0x000000000600c054                GFTR_SetTransPara
                0x000000000600c088                GFTR_GetTransPara
                0x000000000600c094                GFTR_GetNumTrans
                0x000000000600c0a0                GFTR_SetTransMax
                0x000000000600c0ac                GFTR_Start
                0x000000000600c0b8                GFTR_Pause
                0x000000000600c0c4                GFTR_Stop
                0x000000000600c17c                GFTR_Exec
                0x000000000600c200                GFTR_Idle
                0x000000000600c278                GFTR_ExecSvr
                0x000000000600c380                gftr_getSrcPack
                0x000000000600c408                gftr_getDstPack
                0x000000000600c464                gftr_reqScu
                0x000000000600c470                gftr_execScu
                0x000000000600c50c                gftr_remScu
                0x000000000600c540                gfdma_canUse
                0x000000000600c54c                gfdma_exec
                0x000000000600c5bc                gfdma_getBytecnt
                0x000000000600c5f4                gftr_reqDma0
                0x000000000600c60c                gftr_execSdma0
                0x000000000600c630                gftr_remDma0
                0x000000000600c648                gftr_reqDma1
                0x000000000600c660                gftr_execSdma1
                0x000000000600c684                gftr_remDma1
                0x000000000600c69c                gftr_reqCpu
                0x000000000600c6a8                gftr_execCpu
                0x000000000600c6e8                gftr_remCpu
                0x000000000600c6f4                gftr_reqTrn
                0x000000000600c764                gftr_execTrn
                0x000000000600c83c                gftr_remTrn
                0x000000000600c8b0                gftr_copyFrac
                0x000000000600c8d8                GFTR_GetLenData
                0x000000000600c8e4                GFTR_GetLenRoom
                0x000000000600c8fc                GFTR_GetDstPack
                0x000000000600c930                GFTR_RtnDstPk
                0x000000000600c94c                GFTR_GetData
                0x000000000600c960                GFTR_SetData
                0x000000000600c974                GFTR_SetTransFunc
 *fill*         0x000000000600c986        0xa 
 .text          0x000000000600c990      0x130 ../../Compiler/SGL_302j/LIB_COFF/LIBCD.A(CDC_DRV.O)
                0x000000000600c990                CDC_CdPlay
                0x000000000600ca5c                CDC_CdSeek
                0x000000000600ca90                CDC_CdScan
 .text          0x000000000600cac0       0xa8 ../../Compiler/SGL_302j/LIB_COFF/LIBCD.A(CDC_DEV.O)
                0x000000000600cac0                CDC_CdSetCon
                0x000000000600caf0                CDC_CdGetCon
                0x000000000600cb2c                CDC_CdGetLastBuf
 *fill*         0x000000000600cb68        0x8 
 .text          0x000000000600cb70      0x2b8 ../../Compiler/SGL_302j/LIB_COFF/LIBCD.A(CDC_SEL.O)
                0x000000000600cb70                CDC_SetFiltRange
                0x000000000600cba4                CDC_GetFiltRange
                0x000000000600cbfc                CDC_SetFiltSubh
                0x000000000600cc6c                CDC_GetFiltSubh
                0x000000000600cce8                CDC_SetFiltMode
                0x000000000600cd1c                CDC_GetFiltMode
                0x000000000600cd60                CDC_SetFiltCon
                0x000000000600cda0                CDC_GetFiltCon
                0x000000000600cdf4                CDC_ResetSelector
 *fill*         0x000000000600ce28        0x8 
 .text          0x000000000600ce30      0x270 ../../Compiler/SGL_302j/LIB_COFF/LIBCD.A(CDC_BIF.O)
                0x000000000600ce30                CDC_GetBufSiz
                0x000000000600ce8c                CDC_GetSctNum
                0x000000000600ced0                CDC_CalActSiz
                0x000000000600cf0c                CDC_GetActSiz
                0x000000000600cf8c                CDC_GetSctInfo
                0x000000000600d00c                CDC_ExeFadSearch
                0x000000000600d044                CDC_GetFadSearch
 .text          0x000000000600d0a0      0x1e4 ../../Compiler/SGL_302j/LIB_COFF/LIBCD.A(CDC_BIO.O)
                0x000000000600d0a0                CDC_SetSctLen
                0x000000000600d0d4                CDC_GetSctData
                0x000000000600d110                CDC_DelSctData
                0x000000000600d14c                CDC_GetdelSctData
                0x000000000600d188                CDC_PutSctData
                0x000000000600d1c0                CDC_CopySctData
                0x000000000600d204                CDC_MoveSctData
                0x000000000600d248                CDC_GetCopyErr
 *fill*         0x000000000600d284        0xc 
 .text          0x000000000600d290        0x0 ../../Compiler/SGL_302j/LIB_COFF/LIBSGL.A(sglA15.o)
 .text          0x000000000600d290        0x0 ../../Compiler/SGL_302j/LIB_COFF/LIBSGL.A(sglA20.o)
 .text          0x000000000600d290        0x0 ../../Compiler/SGL_302j/LIB_COFF/LIBSGL.A(sglA21.o)
 .text          0x000000000600d290        0x0 ../../Compiler/SGL_302j/LIB_COFF/LIBSGL.A(sglA27.o)
 .text          0x000000000600d290        0x0 ../../Compiler/SGL_302j/LIB_COFF/LIBSGL.A(sglB001.o)
 .text          0x000000000600d290        0x0 ../../Compiler/SGL_302j/LIB_COFF/LIBSGL.A(sglB011.o)
 .text          0x000000000600d290        0x0 ../../Compiler/SGL_302j/LIB_COFF/LIBSGL.A(sglB015.o)
 .text          0x000000000600d290        0x0 ../../Compiler/SGL_302j/LIB_COFF/LIBSGL.A(sglB016.o)
 .text          0x000000000600d290        0x0 ../../Compiler/SGL_302j/LIB_COFF/LIBSGL.A(sglB032.o)
 .text          0x000000000600d290        0x0 ../../Compiler/SGL_302j/LIB_COFF/LIBSGL.A(sglB053.o)
 .text          0x000000000600d290        0x0 ../../Compiler/SGL_302j/LIB_COFF/LIBSGL.A(sglB056.o)
 .text          0x000000000600d290        0x0 ../../Compiler/SGL_302j/LIB_COFF/LIBSGL.A(sglB063.o)
 .text          0x000000000600d290        0x0 ../../Compiler/SGL_302j/LIB_COFF/LIBSGL.A(sglB200.o)
 .text          0x000000000600d290        0x0 ../../Compiler/SGL_302j/LIB_COFF/LIBSGL.A(sglC05.o)
 .text          0x000000000600d290        0x0 ../../Compiler/SGL_302j/LIB_COFF/LIBSGL.A(sglC06.o)
 .text          0x000000000600d290        0x0 ../../Compiler/SGL_302j/LIB_COFF/LIBSGL.A(sglC07.o)
 .text          0x000000000600d290        0x0 ../../Compiler/SGL_302j/LIB_COFF/LIBSGL.A(sglC08.o)
 .text          0x000000000600d290        0x0 ../../Compiler/SGL_302j/LIB_COFF/LIBSGL.A(sglC20.o)
 .text          0x000000000600d290        0x0 ../../Compiler/SGL_302j/LIB_COFF/LIBSGL.A(sglD00.o)
 .text          0x000000000600d290        0x0 ../../Compiler/SGL_302j/LIB_COFF/LIBSGL.A(sglD01.o)
 .text          0x000000000600d290        0x0 ../../Compiler/SGL_302j/LIB_COFF/LIBSGL.A(sglD03.o)
 .text          0x000000000600d290        0x0 ../../Compiler/SGL_302j/LIB_COFF/LIBSGL.A(sglD15.o)
 .text          0x000000000600d290        0x0 ../../Compiler/SGL_302j/LIB_COFF/LIBSGL.A(sglD16.o)
 .text          0x000000000600d290        0x0 ../../Compiler/SGL_302j/LIB_COFF/LIBSGL.A(sglD17.o)
 .text          0x000000000600d290        0x0 ../../Compiler/SGL_302j/LIB_COFF/LIBSGL.A(sglD18.o)
 .text          0x000000000600d290        0x0 ../../Compiler/SGL_302j/LIB_COFF/LIBSGL.A(sglF00.o)
 .text          0x000000000600d290        0x0 ../../Compiler/SGL_302j/LIB_COFF/LIBSGL.A(sglF05.o)
 .text          0x000000000600d290        0x0 ../../Compiler/SGL_302j/LIB_COFF/LIBSGL.A(sglH00.o)
 .text          0x000000000600d290        0x0 ../../Compiler/SGL_302j/LIB_COFF/LIBSGL.A(sglH01.o)
 .text          0x000000000600d290        0x0 ../../Compiler/SGL_302j/LIB_COFF/LIBSGL.A(sglH02.o)
 .text          0x000000000600d290        0x0 ../../Compiler/SGL_302j/LIB_COFF/LIBSGL.A(sglH04.o)
 .text          0x000000000600d290        0x0 ../../Compiler/SGL_302j/LIB_COFF/LIBSGL.A(sglI01.o)
 .text          0x000000000600d290      0x128 ../../Compiler/SGL_302j/LIB_COFF/LIBSGL.A(sglIc0.o)
                0x000000000600d290                slInitSystem
 *fill*         0x000000000600d3b8        0x8 
 .text          0x000000000600d3c0        0x0 ../../Compiler/SGL_302j/LIB_COFF/LIBSGL.A(sglJ00.o)
 .text          0x000000000600d3c0        0x0 ../../Compiler/SGL_302j/LIB_COFF/LIBSGL.A(sglJ01.o)
 .text          0x000000000600d3c0        0x0 ../../Compiler/SGL_302j/LIB_COFF/LIBSGL.A(sglJ02.o)
 .text          0x000000000600d3c0        0x0 ../../Compiler/SGL_302j/LIB_COFF/LIBSGL.A(sglJ03.o)
 .text          0x000000000600d3c0        0x0 ../../Compiler/SGL_302j/LIB_COFF/LIBSGL.A(sglJ04.o)
 .text          0x000000000600d3c0        0x0 ../../Compiler/SGL_302j/LIB_COFF/LIBSGL.A(sglJ05.o)
 .text          0x000000000600d3c0        0x0 ../../Compiler/SGL_302j/LIB_COFF/LIBSGL.A(sglK01.o)
 .text          0x000000000600d3c0        0x0 ../../Compiler/SGL_302j/LIB_COFF/LIBSGL.A(sglM01.o)
 .text          0x000000000600d3c0        0x0 ../../Compiler/SGL_302j/LIB_COFF/LIBSGL.A(sglA00.o)
 .text          0x000000000600d3c0        0x0 ../../Compiler/SGL_302j/LIB_COFF/LIBSGL.A(sglA01.o)
 .text          0x000000000600d3c0        0x0 ../../Compiler/SGL_302j/LIB_COFF/LIBSGL.A(sglB000.o)
 .text          0x000000000600d3c0        0x0 ../../Compiler/SGL_302j/LIB_COFF/LIBSGL.A(sglB035.o)
 .text          0x000000000600d3c0        0x0 ../../Compiler/SGL_302j/LIB_COFF/LIBSGL.A(sglC00.o)
 .text          0x000000000600d3c0        0x0 ../../Compiler/SGL_302j/LIB_COFF/LIBSGL.A(sglI00.o)
 .text          0x000000000600d3c0        0x0 ../../Compiler/SGL_302j/LIB_COFF/LIBSGL.A(sglH03.o)
 .text          0x000000000600d3c0       0x52 /home/sansigolo/Documents/joengine/Compiler/SH_NONE_ELF/bin/../lib/gcc/sh-none-elf/8.2.0/libgcc.a(_ashiftrt.o)
                0x000000000600d3c0                __ashiftrt_r4_31
                0x000000000600d3c0                __ashiftrt_r4_32
                0x000000000600d3c6                __ashiftrt_r4_30
                0x000000000600d3c8                __ashiftrt_r4_29
                0x000000000600d3ca                __ashiftrt_r4_28
                0x000000000600d3cc                __ashiftrt_r4_27
                0x000000000600d3ce                __ashiftrt_r4_26
                0x000000000600d3d0                __ashiftrt_r4_25
                0x000000000600d3d2                __ashiftrt_r4_24
                0x000000000600d3da                __ashiftrt_r4_23
                0x000000000600d3dc                __ashiftrt_r4_22
                0x000000000600d3de                __ashiftrt_r4_21
                0x000000000600d3e0                __ashiftrt_r4_20
                0x000000000600d3e2                __ashiftrt_r4_19
                0x000000000600d3e4                __ashiftrt_r4_18
                0x000000000600d3e6                __ashiftrt_r4_17
                0x000000000600d3e8                __ashiftrt_r4_16
                0x000000000600d3ee                __ashiftrt_r4_15
                0x000000000600d3f0                __ashiftrt_r4_14
                0x000000000600d3f2                __ashiftrt_r4_13
                0x000000000600d3f4                __ashiftrt_r4_12
                0x000000000600d3f6                __ashiftrt_r4_11
                0x000000000600d3f8                __ashiftrt_r4_10
                0x000000000600d3fa                __ashiftrt_r4_9
                0x000000000600d3fc                __ashiftrt_r4_8
                0x000000000600d3fe                __ashiftrt_r4_7
                0x000000000600d400                __ashiftrt_r4_6
                0x000000000600d402                __ashiftrt_r4_5
                0x000000000600d404                __ashiftrt_r4_4
                0x000000000600d406                __ashiftrt_r4_3
                0x000000000600d408                __ashiftrt_r4_2
                0x000000000600d40a                __ashiftrt_r4_1
                0x000000000600d40e                __ashiftrt_r4_0
 *fill*         0x000000000600d412        0x2 
 .text          0x000000000600d414       0xa0 /home/sansigolo/Documents/joengine/Compiler/SH_NONE_ELF/bin/../lib/gcc/sh-none-elf/8.2.0/libgcc.a(_sdivsi3.o)
                0x000000000600d414                __sdivsi3
 .text          0x000000000600d4b4       0x6c /home/sansigolo/Documents/joengine/Compiler/SH_NONE_ELF/bin/../lib/gcc/sh-none-elf/8.2.0/libgcc.a(_udivsi3.o)
                0x000000000600d4d6                __udivsi3
 .text          0x000000000600d520      0x134 /home/sansigolo/Documents/joengine/Compiler/SH_NONE_ELF/bin/../lib/gcc/sh-none-elf/8.2.0/libgcc.a(_mul_sf.o)
                0x000000000600d520                __mulsf3
 .text          0x000000000600d654       0xdc /home/sansigolo/Documents/joengine/Compiler/SH_NONE_ELF/bin/../lib/gcc/sh-none-elf/8.2.0/libgcc.a(_div_sf.o)
                0x000000000600d654                __divsf3
 .text          0x000000000600d730       0x7c /home/sansigolo/Documents/joengine/Compiler/SH_NONE_ELF/bin/../lib/gcc/sh-none-elf/8.2.0/libgcc.a(_sf_to_si.o)
                0x000000000600d730                __fixsfsi
 .text          0x000000000600d7ac        0x0 /home/sansigolo/Documents/joengine/Compiler/SH_NONE_ELF/bin/../lib/gcc/sh-none-elf/8.2.0/libgcc.a(_thenan_sf.o)
 .text          0x000000000600d7ac       0x94 /home/sansigolo/Documents/joengine/Compiler/SH_NONE_ELF/bin/../lib/gcc/sh-none-elf/8.2.0/libgcc.a(_usi_to_sf.o)
                0x000000000600d7ac                __floatunsisf
 .text          0x000000000600d840      0x114 /home/sansigolo/Documents/joengine/Compiler/SH_NONE_ELF/bin/../lib/gcc/sh-none-elf/8.2.0/libgcc.a(_pack_sf.o)
                0x000000000600d840                __pack_f
 .text          0x000000000600d954       0xa0 /home/sansigolo/Documents/joengine/Compiler/SH_NONE_ELF/bin/../lib/gcc/sh-none-elf/8.2.0/libgcc.a(_unpack_sf.o)
                0x000000000600d954                __unpack_f
 .text          0x000000000600d9f4       0x1e /home/sansigolo/Documents/joengine/Compiler/SH_NONE_ELF/bin/../lib/gcc/sh-none-elf/8.2.0/../../../../sh-none-elf/lib/libc.a(lib_a-memcmp.o)
                0x000000000600d9f4                memcmp
 *fill*         0x000000000600da12        0x2 
 .text          0x000000000600da14       0x94 /home/sansigolo/Documents/joengine/Compiler/SH_NONE_ELF/bin/../lib/gcc/sh-none-elf/8.2.0/../../../../sh-none-elf/lib/libc.a(lib_a-memcpy.o)
                0x000000000600da14                memcpy
 .text          0x000000000600daa8       0x40 /home/sansigolo/Documents/joengine/Compiler/SH_NONE_ELF/bin/../lib/gcc/sh-none-elf/8.2.0/../../../../sh-none-elf/lib/libc.a(lib_a-memset.o)
                0x000000000600daa8                memset
 .text          0x000000000600dae8       0x8c /home/sansigolo/Documents/joengine/Compiler/SH_NONE_ELF/bin/../lib/gcc/sh-none-elf/8.2.0/../../../../sh-none-elf/lib/libc.a(lib_a-sprintf.o)
                0x000000000600dae8                _sprintf_r
                0x000000000600db28                sprintf
 .text          0x000000000600db74       0x2a /home/sansigolo/Documents/joengine/Compiler/SH_NONE_ELF/bin/../lib/gcc/sh-none-elf/8.2.0/../../../../sh-none-elf/lib/libc.a(lib_a-strncmp.o)
                0x000000000600db74                strncmp
 .text          0x000000000600db9e       0x32 /home/sansigolo/Documents/joengine/Compiler/SH_NONE_ELF/bin/../lib/gcc/sh-none-elf/8.2.0/../../../../sh-none-elf/lib/libc.a(lib_a-strncpy.o)
                0x000000000600db9e                strncpy
 .text          0x000000000600dbd0     0x1378 /home/sansigolo/Documents/joengine/Compiler/SH_NONE_ELF/bin/../lib/gcc/sh-none-elf/8.2.0/../../../../sh-none-elf/lib/libc.a(lib_a-svfprintf.o)
                0x000000000600dbd0                _svfprintf_r
 .text          0x000000000600ef48      0xef4 /home/sansigolo/Documents/joengine/Compiler/SH_NONE_ELF/bin/../lib/gcc/sh-none-elf/8.2.0/../../../../sh-none-elf/lib/libc.a(lib_a-dtoa.o)
                0x000000000600f07c                _dtoa_r
 .text          0x000000000600fe3c        0x0 /home/sansigolo/Documents/joengine/Compiler/SH_NONE_ELF/bin/../lib/gcc/sh-none-elf/8.2.0/../../../../sh-none-elf/lib/libc.a(lib_a-impure.o)
 .text          0x000000000600fe3c       0x40 /home/sansigolo/Documents/joengine/Compiler/SH_NONE_ELF/bin/../lib/gcc/sh-none-elf/8.2.0/../../../../sh-none-elf/lib/libc.a(lib_a-localeconv.o)
                0x000000000600fe3c                __localeconv_l
                0x000000000600fe44                _localeconv_r
                0x000000000600fe60                localeconv
 .text          0x000000000600fe7c       0xa8 /home/sansigolo/Documents/joengine/Compiler/SH_NONE_ELF/bin/../lib/gcc/sh-none-elf/8.2.0/../../../../sh-none-elf/lib/libc.a(lib_a-locale.o)
                0x000000000600fe7c                _setlocale_r
                0x000000000600fec8                __locale_mb_cur_max
                0x000000000600fee8                __locale_ctype_ptr_l
                0x000000000600fef2                __locale_ctype_ptr
                0x000000000600ff10                setlocale
 .text          0x000000000600ff24       0x4c /home/sansigolo/Documents/joengine/Compiler/SH_NONE_ELF/bin/../lib/gcc/sh-none-elf/8.2.0/../../../../sh-none-elf/lib/libc.a(lib_a-mbtowc_r.o)
                0x000000000600ff24                _mbtowc_r
                0x000000000600ff48                __ascii_mbtowc
 .text          0x000000000600ff70       0x1c /home/sansigolo/Documents/joengine/Compiler/SH_NONE_ELF/bin/../lib/gcc/sh-none-elf/8.2.0/../../../../sh-none-elf/lib/libc.a(lib_a-memchr.o)
                0x000000000600ff70                memchr
 .text          0x000000000600ff8c      0xa9c /home/sansigolo/Documents/joengine/Compiler/SH_NONE_ELF/bin/../lib/gcc/sh-none-elf/8.2.0/../../../../sh-none-elf/lib/libc.a(lib_a-mprec.o)
                0x000000000600ff8c                _Balloc
                0x0000000006010000                _Bfree
                0x0000000006010018                __multadd
                0x00000000060100c0                __s2b
                0x0000000006010180                __hi0bits
                0x00000000060101d4                __lo0bits
                0x0000000006010238                __i2b
                0x0000000006010254                __multiply
                0x0000000006010398                __pow5mult
                0x0000000006010454                __lshift
                0x0000000006010548                __mcmp
                0x0000000006010580                __mdiff
                0x000000000601065c                __ulp
                0x00000000060106c8                __b2d
                0x00000000060107b0                __d2b
                0x000000000601089c                __ratio
                0x0000000006010920                _mprec_log10
                0x0000000006010978                __copybits
                0x00000000060109bc                __any_on
 .text          0x0000000006010a28       0x34 /home/sansigolo/Documents/joengine/Compiler/SH_NONE_ELF/bin/../lib/gcc/sh-none-elf/8.2.0/../../../../sh-none-elf/lib/libc.a(lib_a-nano-callocr.o)
                0x0000000006010a28                _calloc_r
 .text          0x0000000006010a5c       0xf4 /home/sansigolo/Documents/joengine/Compiler/SH_NONE_ELF/bin/../lib/gcc/sh-none-elf/8.2.0/../../../../sh-none-elf/lib/libc.a(lib_a-nano-mallocr.o)
                0x0000000006010a5c                _malloc_r
 .text          0x0000000006010b50       0x30 /home/sansigolo/Documents/joengine/Compiler/SH_NONE_ELF/bin/../lib/gcc/sh-none-elf/8.2.0/../../../../sh-none-elf/lib/libc.a(lib_a-sbrkr.o)
                0x0000000006010b50                _sbrk_r
 .text          0x0000000006010b80       0x38 /home/sansigolo/Documents/joengine/Compiler/SH_NONE_ELF/bin/../lib/gcc/sh-none-elf/8.2.0/../../../../sh-none-elf/lib/libc.a(lib_a-strcmp.o)
                0x0000000006010b80                strcmp
 .text          0x0000000006010bb8       0x20 /home/sansigolo/Documents/joengine/Compiler/SH_NONE_ELF/bin/../lib/gcc/sh-none-elf/8.2.0/../../../../sh-none-elf/lib/libc.a(lib_a-strlen.o)
                0x0000000006010bb8                strlen
 .text          0x0000000006010bd8      0xa60 /home/sansigolo/Documents/joengine/Compiler/SH_NONE_ELF/bin/../lib/gcc/sh-none-elf/8.2.0/../../../../sh-none-elf/lib/libc.a(lib_a-svfiprintf.o)
                0x0000000006010bd8                __ssprint_r
                0x0000000006010d0c                _svfiprintf_r
 .text          0x0000000006011638      0x25c /home/sansigolo/Documents/joengine/Compiler/SH_NONE_ELF/bin/../lib/gcc/sh-none-elf/8.2.0/../../../../sh-none-elf/lib/libc.a(lib_a-syscalls.o)
                0x00000000060116b0                _read
                0x00000000060116c0                _lseek
                0x00000000060116d0                _write
                0x00000000060116e0                _close
                0x00000000060116f0                _link
                0x00000000060116f4                _sbrk
                0x000000000601174c                _fstat
                0x0000000006011756                _open
                0x0000000006011768                _creat
                0x0000000006011778                _unlink
                0x000000000601177c                isatty
                0x0000000006011780                _isatty
                0x0000000006011784                _exit
                0x0000000006011794                _kill
                0x00000000060117a8                _getpid
                0x00000000060117ac                _raise
                0x00000000060117b0                _stat
                0x00000000060117c0                _chmod
                0x00000000060117d0                _chown
                0x00000000060117e0                _utime
                0x00000000060117f4                _fork
                0x0000000006011800                _wait
                0x0000000006011810                _execve
                0x0000000006011820                _execv
                0x0000000006011830                _pipe
                0x000000000601183c                _times
                0x0000000006011840                _gettimeofday
                0x0000000006011868                __setup_argv_and_call_main
 .text          0x0000000006011894       0x14 /home/sansigolo/Documents/joengine/Compiler/SH_NONE_ELF/bin/../lib/gcc/sh-none-elf/8.2.0/../../../../sh-none-elf/lib/libc.a(lib_a-trap.o)
                0x0000000006011894                __trap34
 .text          0x00000000060118a8       0x40 /home/sansigolo/Documents/joengine/Compiler/SH_NONE_ELF/bin/../lib/gcc/sh-none-elf/8.2.0/../../../../sh-none-elf/lib/libc.a(lib_a-wctomb_r.o)
                0x00000000060118a8                _wctomb_r
                0x00000000060118c8                __ascii_wctomb
 .text          0x00000000060118e8       0x18 /home/sansigolo/Documents/joengine/Compiler/SH_NONE_ELF/bin/../lib/gcc/sh-none-elf/8.2.0/../../../../sh-none-elf/lib/libc.a(lib_a-abort.o)
                0x00000000060118e8                abort
 .text          0x0000000006011900        0x0 /home/sansigolo/Documents/joengine/Compiler/SH_NONE_ELF/bin/../lib/gcc/sh-none-elf/8.2.0/../../../../sh-none-elf/lib/libc.a(lib_a-ctype_.o)
 .text          0x0000000006011900       0x3c /home/sansigolo/Documents/joengine/Compiler/SH_NONE_ELF/bin/../lib/gcc/sh-none-elf/8.2.0/../../../../sh-none-elf/lib/libc.a(lib_a-memmove.o)
                0x0000000006011900                memmove
 .text          0x000000000601193c        0x8 /home/sansigolo/Documents/joengine/Compiler/SH_NONE_ELF/bin/../lib/gcc/sh-none-elf/8.2.0/../../../../sh-none-elf/lib/libc.a(lib_a-mlock.o)
                0x000000000601193c                __malloc_lock
                0x0000000006011940                __malloc_unlock
 .text          0x0000000006011944       0xc8 /home/sansigolo/Documents/joengine/Compiler/SH_NONE_ELF/bin/../lib/gcc/sh-none-elf/8.2.0/../../../../sh-none-elf/lib/libc.a(lib_a-nano-freer.o)
                0x0000000006011944                _free_r
 .text          0x0000000006011a0c       0x7c /home/sansigolo/Documents/joengine/Compiler/SH_NONE_ELF/bin/../lib/gcc/sh-none-elf/8.2.0/../../../../sh-none-elf/lib/libc.a(lib_a-nano-reallocr.o)
                0x0000000006011a0c                _realloc_r
 .text          0x0000000006011a88      0x1b0 /home/sansigolo/Documents/joengine/Compiler/SH_NONE_ELF/bin/../lib/gcc/sh-none-elf/8.2.0/../../../../sh-none-elf/lib/libc.a(lib_a-signal.o)
                0x0000000006011a88                _init_signal_r
                0x0000000006011ac4                _signal_r
                0x0000000006011b10                _raise_r
                0x0000000006011b88                __sigtramp_r
                0x0000000006011bec                raise
                0x0000000006011c00                signal
                0x0000000006011c14                _init_signal
                0x0000000006011c24                __sigtramp
 .text          0x0000000006011c38       0x40 /home/sansigolo/Documents/joengine/Compiler/SH_NONE_ELF/bin/../lib/gcc/sh-none-elf/8.2.0/../../../../sh-none-elf/lib/libc.a(lib_a-signalr.o)
                0x0000000006011c38                _kill_r
                0x0000000006011c6c                _getpid_r
 .text          0x0000000006011c78       0x16 /home/sansigolo/Documents/joengine/Compiler/SH_NONE_ELF/bin/../lib/gcc/sh-none-elf/8.2.0/../../../../sh-none-elf/lib/libc.a(lib_a-nano-msizer.o)
                0x0000000006011c78                _malloc_usable_size_r
 *fill*         0x0000000006011c8e        0x2 
 .text          0x0000000006011c90       0x80 /home/sansigolo/Documents/joengine/Compiler/SH_NONE_ELF/bin/../lib/gcc/sh-none-elf/8.2.0/libgcc.a(_ashiftrt_n.o)
                0x0000000006011c90                __ashrsi3
 .text          0x0000000006011d10       0xbc /home/sansigolo/Documents/joengine/Compiler/SH_NONE_ELF/bin/../lib/gcc/sh-none-elf/8.2.0/libgcc.a(_ashiftlt.o)
                0x0000000006011d10                __ashlsi3
                0x0000000006011d14                __ashlsi3_r0
 .text          0x0000000006011dcc       0xbc /home/sansigolo/Documents/joengine/Compiler/SH_NONE_ELF/bin/../lib/gcc/sh-none-elf/8.2.0/libgcc.a(_lshiftrt.o)
                0x0000000006011dcc                __lshrsi3
                0x0000000006011dd0                __lshrsi3_r0
 .text          0x0000000006011e88      0x258 /home/sansigolo/Documents/joengine/Compiler/SH_NONE_ELF/bin/../lib/gcc/sh-none-elf/8.2.0/libgcc.a(_udivdi3.o)
                0x0000000006011e88                __udivdi3
 .text          0x00000000060120e0      0x2bc /home/sansigolo/Documents/joengine/Compiler/SH_NONE_ELF/bin/../lib/gcc/sh-none-elf/8.2.0/libgcc.a(_umoddi3.o)
                0x00000000060120e0                __umoddi3
 .text          0x000000000601239c      0x3b4 /home/sansigolo/Documents/joengine/Compiler/SH_NONE_ELF/bin/../lib/gcc/sh-none-elf/8.2.0/libgcc.a(_addsub_df.o)
                0x00000000060126ac                __adddf3
                0x00000000060126fc                __subdf3
 .text          0x0000000006012750      0x208 /home/sansigolo/Documents/joengine/Compiler/SH_NONE_ELF/bin/../lib/gcc/sh-none-elf/8.2.0/libgcc.a(_mul_df.o)
                0x0000000006012750                __muldf3
 .text          0x0000000006012958      0x130 /home/sansigolo/Documents/joengine/Compiler/SH_NONE_ELF/bin/../lib/gcc/sh-none-elf/8.2.0/libgcc.a(_div_df.o)
                0x0000000006012958                __divdf3
 .text          0x0000000006012a88       0x58 /home/sansigolo/Documents/joengine/Compiler/SH_NONE_ELF/bin/../lib/gcc/sh-none-elf/8.2.0/libgcc.a(_eq_df.o)
                0x0000000006012a88                __eqdf2
 .text          0x0000000006012ae0       0x58 /home/sansigolo/Documents/joengine/Compiler/SH_NONE_ELF/bin/../lib/gcc/sh-none-elf/8.2.0/libgcc.a(_ne_df.o)
                0x0000000006012ae0                __nedf2
 .text          0x0000000006012b38       0x50 /home/sansigolo/Documents/joengine/Compiler/SH_NONE_ELF/bin/../lib/gcc/sh-none-elf/8.2.0/libgcc.a(_gt_df.o)
                0x0000000006012b38                __gtdf2
 .text          0x0000000006012b88       0x50 /home/sansigolo/Documents/joengine/Compiler/SH_NONE_ELF/bin/../lib/gcc/sh-none-elf/8.2.0/libgcc.a(_ge_df.o)
                0x0000000006012b88                __gedf2
 .text          0x0000000006012bd8       0x58 /home/sansigolo/Documents/joengine/Compiler/SH_NONE_ELF/bin/../lib/gcc/sh-none-elf/8.2.0/libgcc.a(_lt_df.o)
                0x0000000006012bd8                __ltdf2
 .text          0x0000000006012c30       0x58 /home/sansigolo/Documents/joengine/Compiler/SH_NONE_ELF/bin/../lib/gcc/sh-none-elf/8.2.0/libgcc.a(_le_df.o)
                0x0000000006012c30                __ledf2
 .text          0x0000000006012c88       0x40 /home/sansigolo/Documents/joengine/Compiler/SH_NONE_ELF/bin/../lib/gcc/sh-none-elf/8.2.0/libgcc.a(_unord_df.o)
                0x0000000006012c88                __unorddf2
 .text          0x0000000006012cc8       0xa8 /home/sansigolo/Documents/joengine/Compiler/SH_NONE_ELF/bin/../lib/gcc/sh-none-elf/8.2.0/libgcc.a(_si_to_df.o)
                0x0000000006012cc8                __floatsidf
 .text          0x0000000006012d70       0xa4 /home/sansigolo/Documents/joengine/Compiler/SH_NONE_ELF/bin/../lib/gcc/sh-none-elf/8.2.0/libgcc.a(_df_to_si.o)
                0x0000000006012d70                __fixdfsi
 .text          0x0000000006012e14        0x0 /home/sansigolo/Documents/joengine/Compiler/SH_NONE_ELF/bin/../lib/gcc/sh-none-elf/8.2.0/libgcc.a(_thenan_df.o)
 .text          0x0000000006012e14       0x88 /home/sansigolo/Documents/joengine/Compiler/SH_NONE_ELF/bin/../lib/gcc/sh-none-elf/8.2.0/libgcc.a(_usi_to_df.o)
                0x0000000006012e14                __floatunsidf
 *fill*         0x0000000006012e9c        0x4 
 .text          0x0000000006012ea0       0x60 /home/sansigolo/Documents/joengine/Compiler/SH_NONE_ELF/bin/../lib/gcc/sh-none-elf/8.2.0/libgcc.a(_udiv_qrnnd_16.o)
                0x0000000006012ea0                __udiv_qrnnd_16
 .text          0x0000000006012f00        0x0 /home/sansigolo/Documents/joengine/Compiler/SH_NONE_ELF/bin/../lib/gcc/sh-none-elf/8.2.0/libgcc.a(_clz.o)
 .text          0x0000000006012f00       0x58 /home/sansigolo/Documents/joengine/Compiler/SH_NONE_ELF/bin/../lib/gcc/sh-none-elf/8.2.0/libgcc.a(_clzsi2.o)
                0x0000000006012f00                __clzsi2
 .text          0x0000000006012f58      0x25c /home/sansigolo/Documents/joengine/Compiler/SH_NONE_ELF/bin/../lib/gcc/sh-none-elf/8.2.0/libgcc.a(_pack_df.o)
                0x0000000006012f58                __pack_d
 .text          0x00000000060131b4       0xcc /home/sansigolo/Documents/joengine/Compiler/SH_NONE_ELF/bin/../lib/gcc/sh-none-elf/8.2.0/libgcc.a(_unpack_df.o)
                0x00000000060131b4                __unpack_d
 .text          0x0000000006013280       0xc8 /home/sansigolo/Documents/joengine/Compiler/SH_NONE_ELF/bin/../lib/gcc/sh-none-elf/8.2.0/libgcc.a(_fpcmp_parts_df.o)
                0x0000000006013280                __fpcmp_parts_d
 *(.strings)
                0x0000000006013348                __etext = .

.text.startup   0x0000000006013348      0x484
 .text.startup  0x0000000006013348      0x484 /tmp/ccWngrTe.ltrans0.ltrans.o
                0x0000000006013348                main

.rodata         0x00000000060137e0      0x63c
 *(.rodata)
 .rodata        0x00000000060137e0      0x12c /tmp/ccWngrTe.ltrans0.ltrans.o
 .rodata        0x000000000601390c       0x10 /home/sansigolo/Documents/joengine/Compiler/SH_NONE_ELF/bin/../lib/gcc/sh-none-elf/8.2.0/libgcc.a(_thenan_sf.o)
                0x000000000601390c                __thenan_sf
 .rodata        0x000000000601391c       0x20 /home/sansigolo/Documents/joengine/Compiler/SH_NONE_ELF/bin/../lib/gcc/sh-none-elf/8.2.0/../../../../sh-none-elf/lib/libc.a(lib_a-svfprintf.o)
 .rodata        0x000000000601393c        0x4 /home/sansigolo/Documents/joengine/Compiler/SH_NONE_ELF/bin/../lib/gcc/sh-none-elf/8.2.0/../../../../sh-none-elf/lib/libc.a(lib_a-impure.o)
                0x000000000601393c                _global_impure_ptr
 .rodata        0x0000000006013940      0x124 /home/sansigolo/Documents/joengine/Compiler/SH_NONE_ELF/bin/../lib/gcc/sh-none-elf/8.2.0/../../../../sh-none-elf/lib/libc.a(lib_a-mprec.o)
                0x000000000601394c                __mprec_tinytens
                0x0000000006013974                __mprec_bigtens
                0x000000000601399c                __mprec_tens
 .rodata        0x0000000006013a64       0x20 /home/sansigolo/Documents/joengine/Compiler/SH_NONE_ELF/bin/../lib/gcc/sh-none-elf/8.2.0/../../../../sh-none-elf/lib/libc.a(lib_a-svfiprintf.o)
 .rodata        0x0000000006013a84      0x284 /home/sansigolo/Documents/joengine/Compiler/SH_NONE_ELF/bin/../lib/gcc/sh-none-elf/8.2.0/../../../../sh-none-elf/lib/libc.a(lib_a-ctype_.o)
                0x0000000006013a84                _ctype_
                0x0000000006013b88                _ctype_b
 .rodata        0x0000000006013d08       0x14 /home/sansigolo/Documents/joengine/Compiler/SH_NONE_ELF/bin/../lib/gcc/sh-none-elf/8.2.0/libgcc.a(_thenan_df.o)
                0x0000000006013d08                __thenan_df
 .rodata        0x0000000006013d1c      0x100 /home/sansigolo/Documents/joengine/Compiler/SH_NONE_ELF/bin/../lib/gcc/sh-none-elf/8.2.0/libgcc.a(_clz.o)
                0x0000000006013d1c                __clz_tab

.rodata.str1.4  0x0000000006013e1c     0x1736
 .rodata.str1.4
                0x0000000006013e1c     0x16c4 /tmp/ccWngrTe.ltrans0.ltrans.o
                                       0x1719 (size before relaxing)
 .rodata.str1.4
                0x00000000060154e0       0x3a /home/sansigolo/Documents/joengine/Compiler/SH_NONE_ELF/bin/../lib/gcc/sh-none-elf/8.2.0/../../../../sh-none-elf/lib/libc.a(lib_a-svfprintf.o)
 *fill*         0x000000000601551a        0x2 
 .rodata.str1.4
                0x000000000601551c        0xd /home/sansigolo/Documents/joengine/Compiler/SH_NONE_ELF/bin/../lib/gcc/sh-none-elf/8.2.0/../../../../sh-none-elf/lib/libc.a(lib_a-dtoa.o)
                                         0x12 (size before relaxing)
 *fill*         0x0000000006015529        0x3 
 .rodata.str1.4
                0x000000000601552c        0xa /home/sansigolo/Documents/joengine/Compiler/SH_NONE_ELF/bin/../lib/gcc/sh-none-elf/8.2.0/../../../../sh-none-elf/lib/libc.a(lib_a-locale.o)
                                         0x12 (size before relaxing)
 .rodata.str1.4
                0x0000000006015536       0x25 /home/sansigolo/Documents/joengine/Compiler/SH_NONE_ELF/bin/../lib/gcc/sh-none-elf/8.2.0/../../../../sh-none-elf/lib/libc.a(lib_a-svfiprintf.o)
 *fill*         0x0000000006015536        0x2 
 .rodata.str1.4
                0x0000000006015538       0x1a /home/sansigolo/Documents/joengine/Compiler/SH_NONE_ELF/bin/../lib/gcc/sh-none-elf/8.2.0/../../../../sh-none-elf/lib/libc.a(lib_a-syscalls.o)

.eh_frame       0x0000000006015554      0x170
 .eh_frame      0x0000000006015554       0xa8 /home/sansigolo/Documents/joengine/Compiler/SH_NONE_ELF/bin/../lib/gcc/sh-none-elf/8.2.0/libgcc.a(_udivdi3.o)
 .eh_frame      0x00000000060155fc       0xc8 /home/sansigolo/Documents/joengine/Compiler/SH_NONE_ELF/bin/../lib/gcc/sh-none-elf/8.2.0/libgcc.a(_umoddi3.o)
                                         0xdc (size before relaxing)

.rela.dyn       0x00000000060156c4        0x0
 .rela.text     0x00000000060156c4        0x0 /home/sansigolo/Documents/joengine/Compiler/SH_NONE_ELF/bin/../lib/gcc/sh-none-elf/8.2.0/../../../../sh-none-elf/lib/libc.a(lib_a-sbrkr.o)
 .rela.text.startup
                0x00000000060156c4        0x0 /home/sansigolo/Documents/joengine/Compiler/SH_NONE_ELF/bin/../lib/gcc/sh-none-elf/8.2.0/../../../../sh-none-elf/lib/libc.a(lib_a-sbrkr.o)

SLPROG          0x00000000060156e0    0x11720
                0x00000000060156e0                __slprog_start = .
 *(SLPROG)
 SLPROG         0x00000000060156e0     0x6540 ../../Compiler/SGL_302j/LIB_COFF/SGLAREA.O
                0x00000000060156e0                MasterStack
                0x00000000060156e4                SlaveStack
                0x00000000060156e8                MaxVertices
                0x00000000060156ea                MaxPolygons
                0x00000000060156ec                SortList
                0x00000000060156f0                SortListSize
                0x00000000060156f4                TransList
                0x00000000060156f8                Zbuffer
                0x00000000060156fc                SpriteBuf
                0x0000000006015700                SpriteBufSize
                0x0000000006015704                Pbuffer
                0x0000000006015708                CommandBuf
                0x000000000601570c                CLOfstBuf
                0x0000000006015710                PCM_Work
                0x0000000006015714                PCM_WkSize
                0x0000000006015718                MaxEvents
                0x000000000601571a                EventSize
                0x000000000601571c                MaxWorks
                0x000000000601571e                WorkSize
                0x0000000006015720                RemainEvent
                0x0000000006015820                RemainWork
                0x0000000006015c20                EventBuf
                0x0000000006017c20                WorkBuf
 SLPROG         0x000000000601bc20       0x18 ../../Compiler/SGL_302j/LIB_COFF/LIBSGL.A(sglA15.o)
                0x000000000601bc20                slSlaveFunc
 *fill*         0x000000000601bc38        0x8 
 SLPROG         0x000000000601bc40      0x42c ../../Compiler/SGL_302j/LIB_COFF/LIBSGL.A(sglA20.o)
                0x000000000601bc40                slInitMatrix
                0x000000000601bc4a                slPushUnitMatrix
                0x000000000601bc5e                slUnitMatrix
 *fill*         0x000000000601c06c        0x4 
 SLPROG         0x000000000601c070       0x48 ../../Compiler/SGL_302j/LIB_COFF/LIBSGL.A(sglA21.o)
                0x000000000601c070                slPushMatrix
                0x000000000601c0a4                slPopMatrix
                0x000000000601c0a4                slDecMatrixPtr
 *fill*         0x000000000601c0b8        0x8 
 SLPROG         0x000000000601c0c0       0x50 ../../Compiler/SGL_302j/LIB_COFF/LIBSGL.A(sglA27.o)
                0x000000000601c0c0                slTranslate
 SLPROG         0x000000000601c110       0x20 ../../Compiler/SGL_302j/LIB_COFF/LIBSGL.A(sglB001.o)
                0x000000000601c110                slTVOn
                0x000000000601c11a                slTVOff
 SLPROG         0x000000000601c130       0x24 ../../Compiler/SGL_302j/LIB_COFF/LIBSGL.A(sglB011.o)
                0x000000000601c130                slBitMapNbg1
 *fill*         0x000000000601c154        0xc 
 SLPROG         0x000000000601c160      0x40c ../../Compiler/SGL_302j/LIB_COFF/LIBSGL.A(sglB015.o)
                0x000000000601c160                slScrAutoDisp
 *fill*         0x000000000601c56c        0x4 
 SLPROG         0x000000000601c570        0xc ../../Compiler/SGL_302j/LIB_COFF/LIBSGL.A(sglB016.o)
                0x000000000601c570                slBack1ColSet
 *fill*         0x000000000601c57c        0x4 
 SLPROG         0x000000000601c580       0xb4 ../../Compiler/SGL_302j/LIB_COFF/LIBSGL.A(sglB032.o)
                0x000000000601c580                slMapNbg1
 *fill*         0x000000000601c634        0xc 
 SLPROG         0x000000000601c640        0xc ../../Compiler/SGL_302j/LIB_COFF/LIBSGL.A(sglB053.o)
                0x000000000601c640                slZoomNbg1
 *fill*         0x000000000601c64c        0x4 
 SLPROG         0x000000000601c650        0xc ../../Compiler/SGL_302j/LIB_COFF/LIBSGL.A(sglB056.o)
                0x000000000601c650                slPlaneNbg1
 *fill*         0x000000000601c65c        0x4 
 SLPROG         0x000000000601c660        0xc ../../Compiler/SGL_302j/LIB_COFF/LIBSGL.A(sglB063.o)
                0x000000000601c660                slPriority
 *fill*         0x000000000601c66c        0x4 
 SLPROG         0x000000000601c670      0x114 ../../Compiler/SGL_302j/LIB_COFF/LIBSGL.A(sglB200.o)
                0x000000000601c670                slCharRbg0
                0x000000000601c67c                slCharNbg0
                0x000000000601c688                slCharNbg1
                0x000000000601c694                slCharNbg2
                0x000000000601c6aa                slCharNbg3
                0x000000000601c6c2                slPageRbg0
                0x000000000601c6d8                slPageNbg1
                0x000000000601c6e0                slPageNbg2
                0x000000000601c6e8                slPageNbg3
                0x000000000601c6f4                slPageNbg0
 *fill*         0x000000000601c784        0xc 
 SLPROG         0x000000000601c790       0x78 ../../Compiler/SGL_302j/LIB_COFF/LIBSGL.A(sglC05.o)
                0x000000000601c790                slSetSprite
 *fill*         0x000000000601c808        0x8 
 SLPROG         0x000000000601c810       0xfa ../../Compiler/SGL_302j/LIB_COFF/LIBSGL.A(sglC06.o)
                0x000000000601c810                slDispSprite
 *fill*         0x000000000601c90a        0x6 
 SLPROG         0x000000000601c910      0x162 ../../Compiler/SGL_302j/LIB_COFF/LIBSGL.A(sglC07.o)
                0x000000000601c916                slPutSprite
 *fill*         0x000000000601ca72        0xe 
 SLPROG         0x000000000601ca80     0x1218 ../../Compiler/SGL_302j/LIB_COFF/LIBSGL.A(sglC08.o)
                0x000000000601ca80                slPutPolygon
                0x000000000601d6fc                MsCalcDepthFlat
 *fill*         0x000000000601dc98        0x8 
 SLPROG         0x000000000601dca0       0x40 ../../Compiler/SGL_302j/LIB_COFF/LIBSGL.A(sglC20.o)
                0x000000000601dca0                SpriteEntry
 SLPROG         0x000000000601dce0       0x84 ../../Compiler/SGL_302j/LIB_COFF/LIBSGL.A(sglD00.o)
                0x000000000601dce0                slDMACopy
                0x000000000601dce0                slCpuDMACopy
                0x000000000601dd3a                slCashPurge
                0x000000000601dd3a                CSH_AllClr
 *fill*         0x000000000601dd64        0xc 
 SLPROG         0x000000000601dd70       0xa0 ../../Compiler/SGL_302j/LIB_COFF/LIBSGL.A(sglD01.o)
                0x000000000601dd70                slDMAXCopy
 SLPROG         0x000000000601de10        0xc ../../Compiler/SGL_302j/LIB_COFF/LIBSGL.A(sglD03.o)
                0x000000000601de10                slDMAStatus
 *fill*         0x000000000601de1c        0x4 
 SLPROG         0x000000000601de20       0x20 ../../Compiler/SGL_302j/LIB_COFF/LIBSGL.A(sglD15.o)
                0x000000000601de20                CSH_Purge
 SLPROG         0x000000000601de40       0x84 ../../Compiler/SGL_302j/LIB_COFF/LIBSGL.A(sglD16.o)
                0x000000000601de40                DMA_ScuSetPrm
                0x000000000601de88                DMA_SCU_PRM0
 *fill*         0x000000000601dec4        0xc 
 SLPROG         0x000000000601ded0       0x88 ../../Compiler/SGL_302j/LIB_COFF/LIBSGL.A(sglD17.o)
                0x000000000601ded0                DMA_ScuStart
 *fill*         0x000000000601df58        0x8 
 SLPROG         0x000000000601df60       0x34 ../../Compiler/SGL_302j/LIB_COFF/LIBSGL.A(sglD18.o)
                0x000000000601df60                DMA_ScuGetStatus
 *fill*         0x000000000601df94        0xc 
 SLPROG         0x000000000601dfa0       0x4e ../../Compiler/SGL_302j/LIB_COFF/LIBSGL.A(sglF00.o)
                0x000000000601dfa0                slCurScrn
                0x000000000601dfb0                slCurColor
                0x000000000601dfba                slLocate
                0x000000000601dfec                CurrentScreen
 *fill*         0x000000000601dfee        0x2 
 SLPROG         0x000000000601dff0       0x1c ../../Compiler/SGL_302j/LIB_COFF/LIBSGL.A(sglF05.o)
                0x000000000601dff0                slPrint
 *fill*         0x000000000601e00c        0x4 
 SLPROG         0x000000000601e010      0xfc8 ../../Compiler/SGL_302j/LIB_COFF/LIBSGL.A(sglH00.o)
                0x000000000601e028                slGetPortDir1
                0x000000000601e030                slGetPortDir2
                0x000000000601e038                slSetPortDir1
                0x000000000601e062                slSetPortDir2
                0x000000000601e09c                slGetPortData1
                0x000000000601e0a4                slGetPortData2
                0x000000000601e0ac                slSetPortData1
                0x000000000601e0b6                slSetPortData2
                0x000000000601e0c8                slGetPortSelect1
                0x000000000601e0d2                slGetPortSelect2
                0x000000000601e0dc                slSetPortSelect1
                0x000000000601e110                slSetPortSelect2
                0x000000000601e14c                slGetPortExt1
                0x000000000601e156                slGetPortExt2
                0x000000000601e160                slSetPortExt1
                0x000000000601e190                slSetPortExt2
                0x000000000601e304                slSmpcDirectAccess
                0x000000000601e384                slInitPeripheral
                0x000000000601e416                slSetResultBuffer
                0x000000000601e4a2                slCheckIntBackSet
                0x000000000601e4ae                slIntBackCancel
                0x000000000601e4d8                slCheckReset
                0x000000000601e4e2                slClearReset
                0x000000000601e6a8                slSmpcCashSend
                0x000000000601e764                slSmpcCashBlow
                0x000000000601e840                slGetOptimize
                0x000000000601e84a                slSetOptimize
                0x000000000601e870                slGetPortMode1
                0x000000000601e87c                slGetPortMode2
                0x000000000601e88a                slSetPortMode1
                0x000000000601e8c8                slSetPortMode2
                0x000000000601ea54                slRequestCommand
                0x000000000601eac4                Smpc_Status
                0x000000000601eac8                Smpc_Result
                0x000000000601eacc                Smpc_Peripheral
                0x000000000601ead2                Per_Connect1
                0x000000000601ead3                Per_Connect2
                0x000000000601eaf4                SmpcStatusBuf
 *fill*         0x000000000601efd8        0x8 
 SLPROG         0x000000000601efe0       0xa8 ../../Compiler/SGL_302j/LIB_COFF/LIBSGL.A(sglH01.o)
                0x000000000601efe0                slGetLanguage
                0x000000000601efea                slSetLanguage
                0x000000000601f00c                slGetSoundEffect
                0x000000000601f018                slSetSoundEffect
                0x000000000601f034                slGetSoundOutput
                0x000000000601f040                slSetSoundOutput
                0x000000000601f05c                slGetHelpWindow
                0x000000000601f068                slSetHelpWindow
 *fill*         0x000000000601f088        0x8 
 SLPROG         0x000000000601f090      0x470 ../../Compiler/SGL_302j/LIB_COFF/LIBSGL.A(sglH02.o)
                0x000000000601f480                smpc_pfr_tbl
                0x000000000601f4c0                smpc_ptf_tbl
 SLPROG         0x000000000601f500       0x60 ../../Compiler/SGL_302j/LIB_COFF/LIBSGL.A(sglH04.o)
                0x000000000601f500                slComPrmIntBack
                0x000000000601f514                slComPrmSetMemory
                0x000000000601f52a                slComPrmSetTime
 SLPROG         0x000000000601f560      0x3a4 ../../Compiler/SGL_302j/LIB_COFF/LIBSGL.A(sglI01.o)
                0x000000000601f560                slInitSynch
                0x000000000601f57a                slSynch
                0x000000000601f670                slRandom
                0x000000000601f68e                PCM_EndCheck
                0x000000000601f74a                RetPCMBuf
                0x000000000601f7e4                PCM_Buf
                0x000000000601f884                Sound_Buf
 *fill*         0x000000000601f904        0xc 
 SLPROG         0x000000000601f910       0x74 ../../Compiler/SGL_302j/LIB_COFF/LIBSGL.A(sglJ00.o)
                0x000000000601f910                InitSlaveSH
                0x000000000601f978                SlaveCommand
 *fill*         0x000000000601f984        0xc 
 SLPROG         0x000000000601f990      0x3d0 ../../Compiler/SGL_302j/LIB_COFF/LIBSGL.A(sglJ01.o)
                0x000000000601f990                SlaveControl
                0x000000000601fd4c                ErasePolygonData
 SLPROG         0x000000000601fd60     0x12b8 ../../Compiler/SGL_302j/LIB_COFF/LIBSGL.A(sglJ02.o)
                0x000000000601fd60                sbMakePolygon
                0x000000000601ff48                sbCalcPolygon
                0x0000000006020c80                SetTexture
                0x0000000006020c8c                SetPolygon
                0x0000000006020c94                SetPosition
                0x0000000006020ccc                stvtc_4
                0x0000000006020d84                stvtc_3
                0x0000000006020f94                stvtc_1
                0x0000000006020fa8                stvtc_2
                0x0000000006020fbc                stvtc_0
 *fill*         0x0000000006021018        0x8 
 SLPROG         0x0000000006021020      0x140 ../../Compiler/SGL_302j/LIB_COFF/LIBSGL.A(sglJ03.o)
                0x0000000006021020                sbMakeDMATable
 SLPROG         0x0000000006021160      0x470 ../../Compiler/SGL_302j/LIB_COFF/LIBSGL.A(sglJ04.o)
                0x00000000060211be                sbMakeSprite
                0x0000000006021224                sbMakeRotSprite
 SLPROG         0x00000000060215d0       0x3c ../../Compiler/SGL_302j/LIB_COFF/LIBSGL.A(sglJ05.o)
                0x00000000060215d0                sbSortEntry
 *fill*         0x000000000602160c        0x4 
 SLPROG         0x0000000006021610       0x6a ../../Compiler/SGL_302j/LIB_COFF/LIBSGL.A(sglM01.o)
                0x0000000006021610                slSetDepthLimit
                0x000000000602163c                slSetDepthTbl
                0x000000000602166c                DepthWorkArea
 *fill*         0x000000000602167a        0x6 
 SLPROG         0x0000000006021680       0x20 ../../Compiler/SGL_302j/LIB_COFF/LIBSGL.A(sglA00.o)
                0x0000000006021680                set_imask
                0x0000000006021680                _builtin_set_imask
                0x0000000006021694                get_imask
                0x0000000006021694                _builtin_get_imask
 SLPROG         0x00000000060216a0     0x411e ../../Compiler/SGL_302j/LIB_COFF/LIBSGL.A(sglA01.o)
                0x00000000060216a0                slSin
                0x00000000060216c4                slCos
                0x00000000060216e8                GetSinCos
                0x000000000602177c                sin_cos_index_tbl
                0x00000000060217bc                sin_tbl
 *fill*         0x00000000060257be        0x2 
 SLPROG         0x00000000060257c0      0xbd0 ../../Compiler/SGL_302j/LIB_COFF/LIBSGL.A(sglB000.o)
                0x00000000060257c0                slInitScroll
                0x00000000060258e0                setASC_1to8
                0x0000000006025910                setASC_4to8
                0x0000000006025a20                TVSizeTbl
                0x0000000006025aa0                TVModeTbl
                0x0000000006025c78                SGL_ASCII_CG
 SLPROG         0x0000000006026390       0xd4 ../../Compiler/SGL_302j/LIB_COFF/LIBSGL.A(sglB035.o)
                0x0000000006026390                sl1MapRA
                0x0000000006026422                rbank_set
 *fill*         0x0000000006026464        0xc 
 SLPROG         0x0000000006026470      0x134 ../../Compiler/SGL_302j/LIB_COFF/LIBSGL.A(sglC00.o)
                0x0000000006026470                slInitSprite
 *fill*         0x00000000060265a4        0xc 
 SLPROG         0x00000000060265b0      0x75c ../../Compiler/SGL_302j/LIB_COFF/LIBSGL.A(sglI00.o)
                0x00000000060268a0                slInitInterrupt
 *fill*         0x0000000006026d0c        0x4 
 SLPROG         0x0000000006026d10       0xf0 ../../Compiler/SGL_302j/LIB_COFF/LIBSGL.A(sglH03.o)
                0x0000000006026d74                slSmpcIntBack
                0x0000000006026e00                __slprog_end = .

.tors           0x0000000006026e00        0x0
                0x0000000006026e00                ___ctors = .
 *(.ctors)
                0x0000000006026e00                ___ctors_end = .
                0x0000000006026e00                ___dtors = .
 *(.dtors)
                0x0000000006026e00                ___dtors_end = .

.data           0x0000000006026e00      0x624
 *(.data)
 .data          0x0000000006026e00        0x0 ../../Compiler/SGL_302j/LIB_COFF/SGLAREA.O
 .data          0x0000000006026e00        0xc /tmp/ccWngrTe.ltrans0.ltrans.o
 *fill*         0x0000000006026e0c        0x4 
 .data          0x0000000006026e10        0x0 ../../Compiler/SGL_302j/LIB_COFF/SEGA_SYS.A(sys_exit.o)
 .data          0x0000000006026e10        0x0 ../../Compiler/SGL_302j/LIB_COFF/SEGA_SYS.A(sys_sub.o)
 .data          0x0000000006026e10        0x0 ../../Compiler/SGL_302j/LIB_COFF/LIBCD.A(CDC_CMN.O)
 .data          0x0000000006026e10        0x0 ../../Compiler/SGL_302j/LIB_COFF/LIBCD.A(CDC_CFS.O)
 .data          0x0000000006026e10        0x0 ../../Compiler/SGL_302j/LIB_COFF/LIBCD.A(CDC_REG.O)
 .data          0x0000000006026e10        0x0 ../../Compiler/SGL_302j/LIB_COFF/LIBCD.A(CDC_SUB.O)
 .data          0x0000000006026e10        0x0 ../../Compiler/SGL_302j/LIB_COFF/LIBCD.A(GFS.O)
 .data          0x0000000006026e10        0x0 ../../Compiler/SGL_302j/LIB_COFF/LIBCD.A(GFS_BUF.O)
 .data          0x0000000006026e10        0x0 ../../Compiler/SGL_302j/LIB_COFF/LIBCD.A(GFS_CDB.O)
 .data          0x0000000006026e10        0x0 ../../Compiler/SGL_302j/LIB_COFF/LIBCD.A(GFS_CDC.O)
 .data          0x0000000006026e10        0x0 ../../Compiler/SGL_302j/LIB_COFF/LIBCD.A(GFS_CDF.O)
 .data          0x0000000006026e10        0x0 ../../Compiler/SGL_302j/LIB_COFF/LIBCD.A(GFS_DIR.O)
 .data          0x0000000006026e10        0x0 ../../Compiler/SGL_302j/LIB_COFF/LIBCD.A(GFS_TRN.O)
 .data          0x0000000006026e10        0x0 ../../Compiler/SGL_302j/LIB_COFF/LIBCD.A(CDC_DRV.O)
 .data          0x0000000006026e10        0x0 ../../Compiler/SGL_302j/LIB_COFF/LIBCD.A(CDC_DEV.O)
 .data          0x0000000006026e10        0x0 ../../Compiler/SGL_302j/LIB_COFF/LIBCD.A(CDC_SEL.O)
 .data          0x0000000006026e10        0x0 ../../Compiler/SGL_302j/LIB_COFF/LIBCD.A(CDC_BIF.O)
 .data          0x0000000006026e10        0x0 ../../Compiler/SGL_302j/LIB_COFF/LIBCD.A(CDC_BIO.O)
 .data          0x0000000006026e10        0x0 ../../Compiler/SGL_302j/LIB_COFF/LIBSGL.A(sglA15.o)
 .data          0x0000000006026e10        0x0 ../../Compiler/SGL_302j/LIB_COFF/LIBSGL.A(sglA20.o)
 .data          0x0000000006026e10        0x0 ../../Compiler/SGL_302j/LIB_COFF/LIBSGL.A(sglA21.o)
 .data          0x0000000006026e10        0x0 ../../Compiler/SGL_302j/LIB_COFF/LIBSGL.A(sglA27.o)
 .data          0x0000000006026e10        0x0 ../../Compiler/SGL_302j/LIB_COFF/LIBSGL.A(sglB001.o)
 .data          0x0000000006026e10        0x0 ../../Compiler/SGL_302j/LIB_COFF/LIBSGL.A(sglB011.o)
 .data          0x0000000006026e10        0x0 ../../Compiler/SGL_302j/LIB_COFF/LIBSGL.A(sglB015.o)
 .data          0x0000000006026e10        0x0 ../../Compiler/SGL_302j/LIB_COFF/LIBSGL.A(sglB016.o)
 .data          0x0000000006026e10        0x0 ../../Compiler/SGL_302j/LIB_COFF/LIBSGL.A(sglB032.o)
 .data          0x0000000006026e10        0x0 ../../Compiler/SGL_302j/LIB_COFF/LIBSGL.A(sglB053.o)
 .data          0x0000000006026e10        0x0 ../../Compiler/SGL_302j/LIB_COFF/LIBSGL.A(sglB056.o)
 .data          0x0000000006026e10        0x0 ../../Compiler/SGL_302j/LIB_COFF/LIBSGL.A(sglB063.o)
 .data          0x0000000006026e10        0x0 ../../Compiler/SGL_302j/LIB_COFF/LIBSGL.A(sglB200.o)
 .data          0x0000000006026e10        0x0 ../../Compiler/SGL_302j/LIB_COFF/LIBSGL.A(sglC05.o)
 .data          0x0000000006026e10        0x0 ../../Compiler/SGL_302j/LIB_COFF/LIBSGL.A(sglC06.o)
 .data          0x0000000006026e10        0x0 ../../Compiler/SGL_302j/LIB_COFF/LIBSGL.A(sglC07.o)
 .data          0x0000000006026e10        0x0 ../../Compiler/SGL_302j/LIB_COFF/LIBSGL.A(sglC08.o)
 .data          0x0000000006026e10        0x0 ../../Compiler/SGL_302j/LIB_COFF/LIBSGL.A(sglC20.o)
 .data          0x0000000006026e10        0x0 ../../Compiler/SGL_302j/LIB_COFF/LIBSGL.A(sglD00.o)
 .data          0x0000000006026e10        0x0 ../../Compiler/SGL_302j/LIB_COFF/LIBSGL.A(sglD01.o)
 .data          0x0000000006026e10        0x0 ../../Compiler/SGL_302j/LIB_COFF/LIBSGL.A(sglD03.o)
 .data          0x0000000006026e10        0x0 ../../Compiler/SGL_302j/LIB_COFF/LIBSGL.A(sglD15.o)
 .data          0x0000000006026e10        0x0 ../../Compiler/SGL_302j/LIB_COFF/LIBSGL.A(sglD16.o)
 .data          0x0000000006026e10        0x0 ../../Compiler/SGL_302j/LIB_COFF/LIBSGL.A(sglD17.o)
 .data          0x0000000006026e10        0x0 ../../Compiler/SGL_302j/LIB_COFF/LIBSGL.A(sglD18.o)
 .data          0x0000000006026e10        0x0 ../../Compiler/SGL_302j/LIB_COFF/LIBSGL.A(sglF00.o)
 .data          0x0000000006026e10        0x0 ../../Compiler/SGL_302j/LIB_COFF/LIBSGL.A(sglF05.o)
 .data          0x0000000006026e10        0x0 ../../Compiler/SGL_302j/LIB_COFF/LIBSGL.A(sglH00.o)
 .data          0x0000000006026e10        0x0 ../../Compiler/SGL_302j/LIB_COFF/LIBSGL.A(sglH01.o)
 .data          0x0000000006026e10        0x0 ../../Compiler/SGL_302j/LIB_COFF/LIBSGL.A(sglH02.o)
 .data          0x0000000006026e10        0x0 ../../Compiler/SGL_302j/LIB_COFF/LIBSGL.A(sglH04.o)
 .data          0x0000000006026e10        0x0 ../../Compiler/SGL_302j/LIB_COFF/LIBSGL.A(sglI01.o)
 .data          0x0000000006026e10       0x80 ../../Compiler/SGL_302j/LIB_COFF/LIBSGL.A(sglIc0.o)
                0x0000000006026e10                IntPrioMask
 .data          0x0000000006026e90        0x0 ../../Compiler/SGL_302j/LIB_COFF/LIBSGL.A(sglJ00.o)
 .data          0x0000000006026e90        0x0 ../../Compiler/SGL_302j/LIB_COFF/LIBSGL.A(sglJ01.o)
 .data          0x0000000006026e90        0x0 ../../Compiler/SGL_302j/LIB_COFF/LIBSGL.A(sglJ02.o)
 .data          0x0000000006026e90        0x0 ../../Compiler/SGL_302j/LIB_COFF/LIBSGL.A(sglJ03.o)
 .data          0x0000000006026e90        0x0 ../../Compiler/SGL_302j/LIB_COFF/LIBSGL.A(sglJ04.o)
 .data          0x0000000006026e90        0x0 ../../Compiler/SGL_302j/LIB_COFF/LIBSGL.A(sglJ05.o)
 .data          0x0000000006026e90        0x0 ../../Compiler/SGL_302j/LIB_COFF/LIBSGL.A(sglK01.o)
 .data          0x0000000006026e90        0x0 ../../Compiler/SGL_302j/LIB_COFF/LIBSGL.A(sglM01.o)
 .data          0x0000000006026e90        0x0 ../../Compiler/SGL_302j/LIB_COFF/LIBSGL.A(sglA00.o)
 .data          0x0000000006026e90        0x0 ../../Compiler/SGL_302j/LIB_COFF/LIBSGL.A(sglA01.o)
 .data          0x0000000006026e90        0x0 ../../Compiler/SGL_302j/LIB_COFF/LIBSGL.A(sglB000.o)
 .data          0x0000000006026e90        0x0 ../../Compiler/SGL_302j/LIB_COFF/LIBSGL.A(sglB035.o)
 .data          0x0000000006026e90        0x0 ../../Compiler/SGL_302j/LIB_COFF/LIBSGL.A(sglC00.o)
 .data          0x0000000006026e90        0x0 ../../Compiler/SGL_302j/LIB_COFF/LIBSGL.A(sglI00.o)
 .data          0x0000000006026e90        0x0 ../../Compiler/SGL_302j/LIB_COFF/LIBSGL.A(sglH03.o)
 .data          0x0000000006026e90        0x0 /home/sansigolo/Documents/joengine/Compiler/SH_NONE_ELF/bin/../lib/gcc/sh-none-elf/8.2.0/libgcc.a(_ashiftrt.o)
 .data          0x0000000006026e90        0x0 /home/sansigolo/Documents/joengine/Compiler/SH_NONE_ELF/bin/../lib/gcc/sh-none-elf/8.2.0/libgcc.a(_sdivsi3.o)
 .data          0x0000000006026e90        0x0 /home/sansigolo/Documents/joengine/Compiler/SH_NONE_ELF/bin/../lib/gcc/sh-none-elf/8.2.0/libgcc.a(_udivsi3.o)
 .data          0x0000000006026e90        0x0 /home/sansigolo/Documents/joengine/Compiler/SH_NONE_ELF/bin/../lib/gcc/sh-none-elf/8.2.0/libgcc.a(_mul_sf.o)
 .data          0x0000000006026e90        0x0 /home/sansigolo/Documents/joengine/Compiler/SH_NONE_ELF/bin/../lib/gcc/sh-none-elf/8.2.0/libgcc.a(_div_sf.o)
 .data          0x0000000006026e90        0x0 /home/sansigolo/Documents/joengine/Compiler/SH_NONE_ELF/bin/../lib/gcc/sh-none-elf/8.2.0/libgcc.a(_sf_to_si.o)
 .data          0x0000000006026e90        0x0 /home/sansigolo/Documents/joengine/Compiler/SH_NONE_ELF/bin/../lib/gcc/sh-none-elf/8.2.0/libgcc.a(_thenan_sf.o)
 .data          0x0000000006026e90        0x0 /home/sansigolo/Documents/joengine/Compiler/SH_NONE_ELF/bin/../lib/gcc/sh-none-elf/8.2.0/libgcc.a(_usi_to_sf.o)
 .data          0x0000000006026e90        0x0 /home/sansigolo/Documents/joengine/Compiler/SH_NONE_ELF/bin/../lib/gcc/sh-none-elf/8.2.0/libgcc.a(_pack_sf.o)
 .data          0x0000000006026e90        0x0 /home/sansigolo/Documents/joengine/Compiler/SH_NONE_ELF/bin/../lib/gcc/sh-none-elf/8.2.0/libgcc.a(_unpack_sf.o)
 .data          0x0000000006026e90        0x0 /home/sansigolo/Documents/joengine/Compiler/SH_NONE_ELF/bin/../lib/gcc/sh-none-elf/8.2.0/../../../../sh-none-elf/lib/libc.a(lib_a-memcmp.o)
 .data          0x0000000006026e90        0x0 /home/sansigolo/Documents/joengine/Compiler/SH_NONE_ELF/bin/../lib/gcc/sh-none-elf/8.2.0/../../../../sh-none-elf/lib/libc.a(lib_a-memcpy.o)
 .data          0x0000000006026e90        0x0 /home/sansigolo/Documents/joengine/Compiler/SH_NONE_ELF/bin/../lib/gcc/sh-none-elf/8.2.0/../../../../sh-none-elf/lib/libc.a(lib_a-memset.o)
 .data          0x0000000006026e90        0x0 /home/sansigolo/Documents/joengine/Compiler/SH_NONE_ELF/bin/../lib/gcc/sh-none-elf/8.2.0/../../../../sh-none-elf/lib/libc.a(lib_a-sprintf.o)
 .data          0x0000000006026e90        0x0 /home/sansigolo/Documents/joengine/Compiler/SH_NONE_ELF/bin/../lib/gcc/sh-none-elf/8.2.0/../../../../sh-none-elf/lib/libc.a(lib_a-strncmp.o)
 .data          0x0000000006026e90        0x0 /home/sansigolo/Documents/joengine/Compiler/SH_NONE_ELF/bin/../lib/gcc/sh-none-elf/8.2.0/../../../../sh-none-elf/lib/libc.a(lib_a-strncpy.o)
 .data          0x0000000006026e90        0x0 /home/sansigolo/Documents/joengine/Compiler/SH_NONE_ELF/bin/../lib/gcc/sh-none-elf/8.2.0/../../../../sh-none-elf/lib/libc.a(lib_a-svfprintf.o)
 .data          0x0000000006026e90        0x0 /home/sansigolo/Documents/joengine/Compiler/SH_NONE_ELF/bin/../lib/gcc/sh-none-elf/8.2.0/../../../../sh-none-elf/lib/libc.a(lib_a-dtoa.o)
 .data          0x0000000006026e90      0x428 /home/sansigolo/Documents/joengine/Compiler/SH_NONE_ELF/bin/../lib/gcc/sh-none-elf/8.2.0/../../../../sh-none-elf/lib/libc.a(lib_a-impure.o)
                0x0000000006026e90                _impure_ptr
 .data          0x00000000060272b8        0x0 /home/sansigolo/Documents/joengine/Compiler/SH_NONE_ELF/bin/../lib/gcc/sh-none-elf/8.2.0/../../../../sh-none-elf/lib/libc.a(lib_a-localeconv.o)
 .data          0x00000000060272b8      0x16c /home/sansigolo/Documents/joengine/Compiler/SH_NONE_ELF/bin/../lib/gcc/sh-none-elf/8.2.0/../../../../sh-none-elf/lib/libc.a(lib_a-locale.o)
                0x00000000060272b8                __global_locale
 .data          0x0000000006027424        0x0 /home/sansigolo/Documents/joengine/Compiler/SH_NONE_ELF/bin/../lib/gcc/sh-none-elf/8.2.0/../../../../sh-none-elf/lib/libc.a(lib_a-mbtowc_r.o)
 .data          0x0000000006027424        0x0 /home/sansigolo/Documents/joengine/Compiler/SH_NONE_ELF/bin/../lib/gcc/sh-none-elf/8.2.0/../../../../sh-none-elf/lib/libc.a(lib_a-memchr.o)
 .data          0x0000000006027424        0x0 /home/sansigolo/Documents/joengine/Compiler/SH_NONE_ELF/bin/../lib/gcc/sh-none-elf/8.2.0/../../../../sh-none-elf/lib/libc.a(lib_a-mprec.o)
 .data          0x0000000006027424        0x0 /home/sansigolo/Documents/joengine/Compiler/SH_NONE_ELF/bin/../lib/gcc/sh-none-elf/8.2.0/../../../../sh-none-elf/lib/libc.a(lib_a-nano-callocr.o)
 .data          0x0000000006027424        0x0 /home/sansigolo/Documents/joengine/Compiler/SH_NONE_ELF/bin/../lib/gcc/sh-none-elf/8.2.0/../../../../sh-none-elf/lib/libc.a(lib_a-nano-mallocr.o)
 .data          0x0000000006027424        0x0 /home/sansigolo/Documents/joengine/Compiler/SH_NONE_ELF/bin/../lib/gcc/sh-none-elf/8.2.0/../../../../sh-none-elf/lib/libc.a(lib_a-sbrkr.o)
 .data          0x0000000006027424        0x0 /home/sansigolo/Documents/joengine/Compiler/SH_NONE_ELF/bin/../lib/gcc/sh-none-elf/8.2.0/../../../../sh-none-elf/lib/libc.a(lib_a-strcmp.o)
 .data          0x0000000006027424        0x0 /home/sansigolo/Documents/joengine/Compiler/SH_NONE_ELF/bin/../lib/gcc/sh-none-elf/8.2.0/../../../../sh-none-elf/lib/libc.a(lib_a-strlen.o)
 .data          0x0000000006027424        0x0 /home/sansigolo/Documents/joengine/Compiler/SH_NONE_ELF/bin/../lib/gcc/sh-none-elf/8.2.0/../../../../sh-none-elf/lib/libc.a(lib_a-svfiprintf.o)
 .data          0x0000000006027424        0x0 /home/sansigolo/Documents/joengine/Compiler/SH_NONE_ELF/bin/../lib/gcc/sh-none-elf/8.2.0/../../../../sh-none-elf/lib/libc.a(lib_a-syscalls.o)
 .data          0x0000000006027424        0x0 /home/sansigolo/Documents/joengine/Compiler/SH_NONE_ELF/bin/../lib/gcc/sh-none-elf/8.2.0/../../../../sh-none-elf/lib/libc.a(lib_a-trap.o)
 .data          0x0000000006027424        0x0 /home/sansigolo/Documents/joengine/Compiler/SH_NONE_ELF/bin/../lib/gcc/sh-none-elf/8.2.0/../../../../sh-none-elf/lib/libc.a(lib_a-wctomb_r.o)
 .data          0x0000000006027424        0x0 /home/sansigolo/Documents/joengine/Compiler/SH_NONE_ELF/bin/../lib/gcc/sh-none-elf/8.2.0/../../../../sh-none-elf/lib/libc.a(lib_a-abort.o)
 .data          0x0000000006027424        0x0 /home/sansigolo/Documents/joengine/Compiler/SH_NONE_ELF/bin/../lib/gcc/sh-none-elf/8.2.0/../../../../sh-none-elf/lib/libc.a(lib_a-ctype_.o)
 .data          0x0000000006027424        0x0 /home/sansigolo/Documents/joengine/Compiler/SH_NONE_ELF/bin/../lib/gcc/sh-none-elf/8.2.0/../../../../sh-none-elf/lib/libc.a(lib_a-memmove.o)
 .data          0x0000000006027424        0x0 /home/sansigolo/Documents/joengine/Compiler/SH_NONE_ELF/bin/../lib/gcc/sh-none-elf/8.2.0/../../../../sh-none-elf/lib/libc.a(lib_a-mlock.o)
 .data          0x0000000006027424        0x0 /home/sansigolo/Documents/joengine/Compiler/SH_NONE_ELF/bin/../lib/gcc/sh-none-elf/8.2.0/../../../../sh-none-elf/lib/libc.a(lib_a-nano-freer.o)
 .data          0x0000000006027424        0x0 /home/sansigolo/Documents/joengine/Compiler/SH_NONE_ELF/bin/../lib/gcc/sh-none-elf/8.2.0/../../../../sh-none-elf/lib/libc.a(lib_a-nano-reallocr.o)
 .data          0x0000000006027424        0x0 /home/sansigolo/Documents/joengine/Compiler/SH_NONE_ELF/bin/../lib/gcc/sh-none-elf/8.2.0/../../../../sh-none-elf/lib/libc.a(lib_a-signal.o)
 .data          0x0000000006027424        0x0 /home/sansigolo/Documents/joengine/Compiler/SH_NONE_ELF/bin/../lib/gcc/sh-none-elf/8.2.0/../../../../sh-none-elf/lib/libc.a(lib_a-signalr.o)
 .data          0x0000000006027424        0x0 /home/sansigolo/Documents/joengine/Compiler/SH_NONE_ELF/bin/../lib/gcc/sh-none-elf/8.2.0/../../../../sh-none-elf/lib/libc.a(lib_a-nano-msizer.o)
 .data          0x0000000006027424        0x0 /home/sansigolo/Documents/joengine/Compiler/SH_NONE_ELF/bin/../lib/gcc/sh-none-elf/8.2.0/libgcc.a(_ashiftrt_n.o)
 .data          0x0000000006027424        0x0 /home/sansigolo/Documents/joengine/Compiler/SH_NONE_ELF/bin/../lib/gcc/sh-none-elf/8.2.0/libgcc.a(_ashiftlt.o)
 .data          0x0000000006027424        0x0 /home/sansigolo/Documents/joengine/Compiler/SH_NONE_ELF/bin/../lib/gcc/sh-none-elf/8.2.0/libgcc.a(_lshiftrt.o)
 .data          0x0000000006027424        0x0 /home/sansigolo/Documents/joengine/Compiler/SH_NONE_ELF/bin/../lib/gcc/sh-none-elf/8.2.0/libgcc.a(_udivdi3.o)
 .data          0x0000000006027424        0x0 /home/sansigolo/Documents/joengine/Compiler/SH_NONE_ELF/bin/../lib/gcc/sh-none-elf/8.2.0/libgcc.a(_umoddi3.o)
 .data          0x0000000006027424        0x0 /home/sansigolo/Documents/joengine/Compiler/SH_NONE_ELF/bin/../lib/gcc/sh-none-elf/8.2.0/libgcc.a(_addsub_df.o)
 .data          0x0000000006027424        0x0 /home/sansigolo/Documents/joengine/Compiler/SH_NONE_ELF/bin/../lib/gcc/sh-none-elf/8.2.0/libgcc.a(_mul_df.o)
 .data          0x0000000006027424        0x0 /home/sansigolo/Documents/joengine/Compiler/SH_NONE_ELF/bin/../lib/gcc/sh-none-elf/8.2.0/libgcc.a(_div_df.o)
 .data          0x0000000006027424        0x0 /home/sansigolo/Documents/joengine/Compiler/SH_NONE_ELF/bin/../lib/gcc/sh-none-elf/8.2.0/libgcc.a(_eq_df.o)
 .data          0x0000000006027424        0x0 /home/sansigolo/Documents/joengine/Compiler/SH_NONE_ELF/bin/../lib/gcc/sh-none-elf/8.2.0/libgcc.a(_ne_df.o)
 .data          0x0000000006027424        0x0 /home/sansigolo/Documents/joengine/Compiler/SH_NONE_ELF/bin/../lib/gcc/sh-none-elf/8.2.0/libgcc.a(_gt_df.o)
 .data          0x0000000006027424        0x0 /home/sansigolo/Documents/joengine/Compiler/SH_NONE_ELF/bin/../lib/gcc/sh-none-elf/8.2.0/libgcc.a(_ge_df.o)
 .data          0x0000000006027424        0x0 /home/sansigolo/Documents/joengine/Compiler/SH_NONE_ELF/bin/../lib/gcc/sh-none-elf/8.2.0/libgcc.a(_lt_df.o)
 .data          0x0000000006027424        0x0 /home/sansigolo/Documents/joengine/Compiler/SH_NONE_ELF/bin/../lib/gcc/sh-none-elf/8.2.0/libgcc.a(_le_df.o)
 .data          0x0000000006027424        0x0 /home/sansigolo/Documents/joengine/Compiler/SH_NONE_ELF/bin/../lib/gcc/sh-none-elf/8.2.0/libgcc.a(_unord_df.o)
 .data          0x0000000006027424        0x0 /home/sansigolo/Documents/joengine/Compiler/SH_NONE_ELF/bin/../lib/gcc/sh-none-elf/8.2.0/libgcc.a(_si_to_df.o)
 .data          0x0000000006027424        0x0 /home/sansigolo/Documents/joengine/Compiler/SH_NONE_ELF/bin/../lib/gcc/sh-none-elf/8.2.0/libgcc.a(_df_to_si.o)
 .data          0x0000000006027424        0x0 /home/sansigolo/Documents/joengine/Compiler/SH_NONE_ELF/bin/../lib/gcc/sh-none-elf/8.2.0/libgcc.a(_thenan_df.o)
 .data          0x0000000006027424        0x0 /home/sansigolo/Documents/joengine/Compiler/SH_NONE_ELF/bin/../lib/gcc/sh-none-elf/8.2.0/libgcc.a(_usi_to_df.o)
 .data          0x0000000006027424        0x0 /home/sansigolo/Documents/joengine/Compiler/SH_NONE_ELF/bin/../lib/gcc/sh-none-elf/8.2.0/libgcc.a(_udiv_qrnnd_16.o)
 .data          0x0000000006027424        0x0 /home/sansigolo/Documents/joengine/Compiler/SH_NONE_ELF/bin/../lib/gcc/sh-none-elf/8.2.0/libgcc.a(_clz.o)
 .data          0x0000000006027424        0x0 /home/sansigolo/Documents/joengine/Compiler/SH_NONE_ELF/bin/../lib/gcc/sh-none-elf/8.2.0/libgcc.a(_clzsi2.o)
 .data          0x0000000006027424        0x0 /home/sansigolo/Documents/joengine/Compiler/SH_NONE_ELF/bin/../lib/gcc/sh-none-elf/8.2.0/libgcc.a(_pack_df.o)
 .data          0x0000000006027424        0x0 /home/sansigolo/Documents/joengine/Compiler/SH_NONE_ELF/bin/../lib/gcc/sh-none-elf/8.2.0/libgcc.a(_unpack_df.o)
 .data          0x0000000006027424        0x0 /home/sansigolo/Documents/joengine/Compiler/SH_NONE_ELF/bin/../lib/gcc/sh-none-elf/8.2.0/libgcc.a(_fpcmp_parts_df.o)
                0x0000000006027424                __edata = .

.bss            0x0000000006027430    0x82f1c
                0x0000000006027430                __bstart = .
 *(.bss)
 .bss           0x0000000006027430        0x0 ../../Compiler/SGL_302j/LIB_COFF/SGLAREA.O
 .bss           0x0000000006027430    0x82e94 /tmp/ccWngrTe.ltrans0.ltrans.o
 *fill*         0x00000000060aa2c4        0xc 
 .bss           0x00000000060aa2d0        0x4 ../../Compiler/SGL_302j/LIB_COFF/SEGA_SYS.A(sys_exit.o)
 *fill*         0x00000000060aa2d4        0xc 
 .bss           0x00000000060aa2e0        0x0 ../../Compiler/SGL_302j/LIB_COFF/SEGA_SYS.A(sys_sub.o)
 .bss           0x00000000060aa2e0        0x0 ../../Compiler/SGL_302j/LIB_COFF/LIBCD.A(CDC_CMN.O)
 .bss           0x00000000060aa2e0        0x0 ../../Compiler/SGL_302j/LIB_COFF/LIBCD.A(CDC_CFS.O)
 .bss           0x00000000060aa2e0        0x2 ../../Compiler/SGL_302j/LIB_COFF/LIBCD.A(CDC_REG.O)
 *fill*         0x00000000060aa2e2        0xe 
 .bss           0x00000000060aa2f0        0xc ../../Compiler/SGL_302j/LIB_COFF/LIBCD.A(CDC_SUB.O)
 *fill*         0x00000000060aa2fc        0x4 
 .bss           0x00000000060aa300        0x0 ../../Compiler/SGL_302j/LIB_COFF/LIBCD.A(GFS.O)
 .bss           0x00000000060aa300        0x0 ../../Compiler/SGL_302j/LIB_COFF/LIBCD.A(GFS_BUF.O)
 .bss           0x00000000060aa300        0x0 ../../Compiler/SGL_302j/LIB_COFF/LIBCD.A(GFS_CDB.O)
 .bss           0x00000000060aa300        0x0 ../../Compiler/SGL_302j/LIB_COFF/LIBCD.A(GFS_CDC.O)
 .bss           0x00000000060aa300        0x0 ../../Compiler/SGL_302j/LIB_COFF/LIBCD.A(GFS_CDF.O)
 .bss           0x00000000060aa300        0x0 ../../Compiler/SGL_302j/LIB_COFF/LIBCD.A(GFS_DIR.O)
 .bss           0x00000000060aa300        0xc ../../Compiler/SGL_302j/LIB_COFF/LIBCD.A(GFS_TRN.O)
 *fill*         0x00000000060aa30c        0x4 
 .bss           0x00000000060aa310        0x0 ../../Compiler/SGL_302j/LIB_COFF/LIBCD.A(CDC_DRV.O)
 .bss           0x00000000060aa310        0x0 ../../Compiler/SGL_302j/LIB_COFF/LIBCD.A(CDC_DEV.O)
 .bss           0x00000000060aa310        0x0 ../../Compiler/SGL_302j/LIB_COFF/LIBCD.A(CDC_SEL.O)
 .bss           0x00000000060aa310        0x0 ../../Compiler/SGL_302j/LIB_COFF/LIBCD.A(CDC_BIF.O)
 .bss           0x00000000060aa310        0x0 ../../Compiler/SGL_302j/LIB_COFF/LIBCD.A(CDC_BIO.O)
 .bss           0x00000000060aa310        0x0 ../../Compiler/SGL_302j/LIB_COFF/LIBSGL.A(sglA15.o)
 .bss           0x00000000060aa310        0x0 ../../Compiler/SGL_302j/LIB_COFF/LIBSGL.A(sglA20.o)
 .bss           0x00000000060aa310        0x0 ../../Compiler/SGL_302j/LIB_COFF/LIBSGL.A(sglA21.o)
 .bss           0x00000000060aa310        0x0 ../../Compiler/SGL_302j/LIB_COFF/LIBSGL.A(sglA27.o)
 .bss           0x00000000060aa310        0x0 ../../Compiler/SGL_302j/LIB_COFF/LIBSGL.A(sglB001.o)
 .bss           0x00000000060aa310        0x0 ../../Compiler/SGL_302j/LIB_COFF/LIBSGL.A(sglB011.o)
 .bss           0x00000000060aa310        0x0 ../../Compiler/SGL_302j/LIB_COFF/LIBSGL.A(sglB015.o)
 .bss           0x00000000060aa310        0x0 ../../Compiler/SGL_302j/LIB_COFF/LIBSGL.A(sglB016.o)
 .bss           0x00000000060aa310        0x0 ../../Compiler/SGL_302j/LIB_COFF/LIBSGL.A(sglB032.o)
 .bss           0x00000000060aa310        0x0 ../../Compiler/SGL_302j/LIB_COFF/LIBSGL.A(sglB053.o)
 .bss           0x00000000060aa310        0x0 ../../Compiler/SGL_302j/LIB_COFF/LIBSGL.A(sglB056.o)
 .bss           0x00000000060aa310        0x0 ../../Compiler/SGL_302j/LIB_COFF/LIBSGL.A(sglB063.o)
 .bss           0x00000000060aa310        0x0 ../../Compiler/SGL_302j/LIB_COFF/LIBSGL.A(sglB200.o)
 .bss           0x00000000060aa310        0x0 ../../Compiler/SGL_302j/LIB_COFF/LIBSGL.A(sglC05.o)
 .bss           0x00000000060aa310        0x0 ../../Compiler/SGL_302j/LIB_COFF/LIBSGL.A(sglC06.o)
 .bss           0x00000000060aa310        0x0 ../../Compiler/SGL_302j/LIB_COFF/LIBSGL.A(sglC07.o)
 .bss           0x00000000060aa310        0x0 ../../Compiler/SGL_302j/LIB_COFF/LIBSGL.A(sglC08.o)
 .bss           0x00000000060aa310        0x0 ../../Compiler/SGL_302j/LIB_COFF/LIBSGL.A(sglC20.o)
 .bss           0x00000000060aa310        0x0 ../../Compiler/SGL_302j/LIB_COFF/LIBSGL.A(sglD00.o)
 .bss           0x00000000060aa310        0x0 ../../Compiler/SGL_302j/LIB_COFF/LIBSGL.A(sglD01.o)
 .bss           0x00000000060aa310        0x0 ../../Compiler/SGL_302j/LIB_COFF/LIBSGL.A(sglD03.o)
 .bss           0x00000000060aa310        0x0 ../../Compiler/SGL_302j/LIB_COFF/LIBSGL.A(sglD15.o)
 .bss           0x00000000060aa310        0x0 ../../Compiler/SGL_302j/LIB_COFF/LIBSGL.A(sglD16.o)
 .bss           0x00000000060aa310        0x0 ../../Compiler/SGL_302j/LIB_COFF/LIBSGL.A(sglD17.o)
 .bss           0x00000000060aa310        0x0 ../../Compiler/SGL_302j/LIB_COFF/LIBSGL.A(sglD18.o)
 .bss           0x00000000060aa310        0x0 ../../Compiler/SGL_302j/LIB_COFF/LIBSGL.A(sglF00.o)
 .bss           0x00000000060aa310        0x0 ../../Compiler/SGL_302j/LIB_COFF/LIBSGL.A(sglF05.o)
 .bss           0x00000000060aa310        0x0 ../../Compiler/SGL_302j/LIB_COFF/LIBSGL.A(sglH00.o)
 .bss           0x00000000060aa310        0x0 ../../Compiler/SGL_302j/LIB_COFF/LIBSGL.A(sglH01.o)
 .bss           0x00000000060aa310        0x0 ../../Compiler/SGL_302j/LIB_COFF/LIBSGL.A(sglH02.o)
 .bss           0x00000000060aa310        0x0 ../../Compiler/SGL_302j/LIB_COFF/LIBSGL.A(sglH04.o)
 .bss           0x00000000060aa310        0x0 ../../Compiler/SGL_302j/LIB_COFF/LIBSGL.A(sglI01.o)
 .bss           0x00000000060aa310        0x0 ../../Compiler/SGL_302j/LIB_COFF/LIBSGL.A(sglIc0.o)
 .bss           0x00000000060aa310        0x0 ../../Compiler/SGL_302j/LIB_COFF/LIBSGL.A(sglJ00.o)
 .bss           0x00000000060aa310        0x0 ../../Compiler/SGL_302j/LIB_COFF/LIBSGL.A(sglJ01.o)
 .bss           0x00000000060aa310        0x0 ../../Compiler/SGL_302j/LIB_COFF/LIBSGL.A(sglJ02.o)
 .bss           0x00000000060aa310        0x0 ../../Compiler/SGL_302j/LIB_COFF/LIBSGL.A(sglJ03.o)
 .bss           0x00000000060aa310        0x0 ../../Compiler/SGL_302j/LIB_COFF/LIBSGL.A(sglJ04.o)
 .bss           0x00000000060aa310        0x0 ../../Compiler/SGL_302j/LIB_COFF/LIBSGL.A(sglJ05.o)
 .bss           0x00000000060aa310        0x0 ../../Compiler/SGL_302j/LIB_COFF/LIBSGL.A(sglK01.o)
 .bss           0x00000000060aa310        0x0 ../../Compiler/SGL_302j/LIB_COFF/LIBSGL.A(sglM01.o)
 .bss           0x00000000060aa310        0x0 ../../Compiler/SGL_302j/LIB_COFF/LIBSGL.A(sglA00.o)
 .bss           0x00000000060aa310        0x0 ../../Compiler/SGL_302j/LIB_COFF/LIBSGL.A(sglA01.o)
 .bss           0x00000000060aa310        0x0 ../../Compiler/SGL_302j/LIB_COFF/LIBSGL.A(sglB000.o)
 .bss           0x00000000060aa310        0x0 ../../Compiler/SGL_302j/LIB_COFF/LIBSGL.A(sglB035.o)
 .bss           0x00000000060aa310        0x0 ../../Compiler/SGL_302j/LIB_COFF/LIBSGL.A(sglC00.o)