Archive member included to satisfy reference by file (symbol)

../../Compiler/SGL_302j/LIB_COFF/SEGA_SYS.A(sys_exit.o)
                              ../../jo_engine/core.o (symbol from plugin) (SYS_Exit)
../../Compiler/SGL_302j/LIB_COFF/SEGA_SYS.A(sys_sub.o)
                              ../../Compiler/SGL_302j/LIB_COFF/SEGA_SYS.A(sys_exit.o) (SYSUB_SetStackptr)
../../Compiler/SGL_302j/LIB_COFF/LIBCD.A(CDC_CMN.O)
                              ../../Compiler/SGL_302j/LIB_COFF/SEGA_SYS.A(sys_exit.o) (CDC_GetCurStat)
../../Compiler/SGL_302j/LIB_COFF/LIBCD.A(CDC_CFS.O)
                              ../../Compiler/SGL_302j/LIB_COFF/SEGA_SYS.A(sys_exit.o) (CDC_ChgDir)
../../Compiler/SGL_302j/LIB_COFF/LIBCD.A(CDC_REG.O)
                              ../../Compiler/SGL_302j/LIB_COFF/SEGA_SYS.A(sys_exit.o) (CDC_GetHirqReq)
../../Compiler/SGL_302j/LIB_COFF/LIBCD.A(CDC_SUB.O)
                              ../../Compiler/SGL_302j/LIB_COFF/LIBCD.A(CDC_CMN.O) (CDSUB_UpdStatus)
../../Compiler/SGL_302j/LIB_COFF/LIBCD.A(GFS.O)
                              ../../jo_engine/fs.o (symbol from plugin) (GFS_Init)
../../Compiler/SGL_302j/LIB_COFF/LIBCD.A(GFS_BUF.O)
                              ../../Compiler/SGL_302j/LIB_COFF/LIBCD.A(GFS.O) (GFBF_GetNumData)
../../Compiler/SGL_302j/LIB_COFF/LIBCD.A(GFS_CDB.O)
                              ../../Compiler/SGL_302j/LIB_COFF/LIBCD.A(GFS.O) (GFCB_Close)
../../Compiler/SGL_302j/LIB_COFF/LIBCD.A(GFS_CDC.O)
                              ../../Compiler/SGL_302j/LIB_COFF/LIBCD.A(GFS.O) (GFCD_SetCdbfs)
../../Compiler/SGL_302j/LIB_COFF/LIBCD.A(GFS_CDF.O)
                              ../../Compiler/SGL_302j/LIB_COFF/LIBCD.A(GFS.O) (GFCF_Init)
../../Compiler/SGL_302j/LIB_COFF/LIBCD.A(GFS_DIR.O)
                              ../../Compiler/SGL_302j/LIB_COFF/LIBCD.A(GFS.O) (GFDR_SetupDirTbl)
../../Compiler/SGL_302j/LIB_COFF/LIBCD.A(GFS_TRN.O)
                              ../../Compiler/SGL_302j/LIB_COFF/LIBCD.A(GFS.O) (GFTR_Setup)
../../Compiler/SGL_302j/LIB_COFF/LIBCD.A(CDC_DRV.O)
                              ../../Compiler/SGL_302j/LIB_COFF/LIBCD.A(GFS_CDC.O) (CDC_CdPlay)
../../Compiler/SGL_302j/LIB_COFF/LIBCD.A(CDC_DEV.O)
                              ../../Compiler/SGL_302j/LIB_COFF/LIBCD.A(GFS_CDC.O) (CDC_CdSetCon)
../../Compiler/SGL_302j/LIB_COFF/LIBCD.A(CDC_SEL.O)
                              ../../Compiler/SGL_302j/LIB_COFF/LIBCD.A(GFS_CDC.O) (CDC_SetFiltRange)
../../Compiler/SGL_302j/LIB_COFF/LIBCD.A(CDC_BIF.O)
                              ../../Compiler/SGL_302j/LIB_COFF/LIBCD.A(GFS_CDC.O) (CDC_GetBufSiz)
../../Compiler/SGL_302j/LIB_COFF/LIBCD.A(CDC_BIO.O)
                              ../../Compiler/SGL_302j/LIB_COFF/LIBCD.A(GFS_CDC.O) (CDC_SetSctLen)
../../Compiler/SGL_302j/LIB_COFF/LIBSGL.A(sglA15.o)
                              ../../jo_engine/core.o (symbol from plugin) (slSlaveFunc)
../../Compiler/SGL_302j/LIB_COFF/LIBSGL.A(sglA20.o)
                              ../../jo_engine/core.o (symbol from plugin) (slUnitMatrix)
../../Compiler/SGL_302j/LIB_COFF/LIBSGL.A(sglA21.o)
                              ../../jo_engine/map.o (symbol from plugin) (slPushMatrix)
../../Compiler/SGL_302j/LIB_COFF/LIBSGL.A(sglA27.o)
                              ../../jo_engine/map.o (symbol from plugin) (slTranslate)
../../Compiler/SGL_302j/LIB_COFF/LIBSGL.A(sglB001.o)
                              ../../jo_engine/core.o (symbol from plugin) (slTVOn)
../../Compiler/SGL_302j/LIB_COFF/LIBSGL.A(sglB011.o)
                              ../../jo_engine/core.o (symbol from plugin) (slBitMapNbg1)
../../Compiler/SGL_302j/LIB_COFF/LIBSGL.A(sglB015.o)
                              ../../jo_engine/core.o (symbol from plugin) (slScrAutoDisp)
../../Compiler/SGL_302j/LIB_COFF/LIBSGL.A(sglB016.o)
                              ../../jo_engine/core.o (symbol from plugin) (slBack1ColSet)
../../Compiler/SGL_302j/LIB_COFF/LIBSGL.A(sglB032.o)
                              ../../jo_engine/core.o (symbol from plugin) (slMapNbg1)
../../Compiler/SGL_302j/LIB_COFF/LIBSGL.A(sglB053.o)
                              ../../jo_engine/core.o (symbol from plugin) (slZoomNbg1)
../../Compiler/SGL_302j/LIB_COFF/LIBSGL.A(sglB056.o)
                              ../../jo_engine/core.o (symbol from plugin) (slPlaneNbg1)
../../Compiler/SGL_302j/LIB_COFF/LIBSGL.A(sglB063.o)
                              ../../jo_engine/core.o (symbol from plugin) (slPriority)
../../Compiler/SGL_302j/LIB_COFF/LIBSGL.A(sglB200.o)
                              ../../jo_engine/core.o (symbol from plugin) (slCharNbg0)
../../Compiler/SGL_302j/LIB_COFF/LIBSGL.A(sglC05.o)
                              ../../jo_engine/sprites.o (symbol from plugin) (slSetSprite)
../../Compiler/SGL_302j/LIB_COFF/LIBSGL.A(sglC06.o)
                              ../../jo_engine/sprites.o (symbol from plugin) (slDispSprite)
../../Compiler/SGL_302j/LIB_COFF/LIBSGL.A(sglC07.o)
                              ../../jo_engine/sprites.o (symbol from plugin) (slPutSprite)
[...]
Memory Configuration

Name             Origin             Length             Attributes
*default*        0x0000000000000000 0xffffffffffffffff

Linker script and memory map

TARGET(coff-sh)

SLSTART         0x0000000006004000       0x28
                0x0000000006004000                ___Start = .
 *(SLSTART)
 SLSTART        0x0000000006004000       0x28 ../../Compiler/SGL_302j/LIB_COFF/LIBSGL.A(sglI00.o)
                0x0000000006004000                SGL_Start
                0x0000000006004002                slStartSGL

.text           0x0000000006004040     0xec68
 *(.text)
 .text          0x0000000006004040        0x0 ../../Compiler/SGL_302j/LIB_COFF/SGLAREA.O
 .text          0x0000000006004040     0x1ef4 /tmp/ccJfuVYy.ltrans0.ltrans.o
 *fill*         0x0000000006005f34        0xc 
 .text          0x0000000006005f40      0x238 ../../Compiler/SGL_302j/LIB_COFF/SEGA_SYS.A(sys_exit.o)
                0x0000000006005f40                sys_version
                0x0000000006005f60                SYS_Exit
 *fill*         0x0000000006006178        0x8 
 .text          0x0000000006006180        0x6 ../../Compiler/SGL_302j/LIB_COFF/SEGA_SYS.A(sys_sub.o)
                0x0000000006006180                SYSUB_SetStackptr
 *fill*         0x0000000006006186        0xa 
 .text          0x0000000006006190      0x3a0 ../../Compiler/SGL_302j/LIB_COFF/LIBCD.A(CDC_CMN.O)
                0x0000000006006190                CDC_GetCurStat
                0x00000000060061e0                CDC_GetLastStat
                0x00000000060061f8                CDC_GetPeriStat
                0x00000000060062cc                CDC_GetHwInfo
                0x0000000006006334                CDC_TgetToc
                0x0000000006006384                CDC_GetSes
                0x00000000060063c0                CDC_CdInit
                0x0000000006006444                CDC_CdOpen
                0x000000000600646c                CDC_DataReady
                0x00000000060064d8                CDC_DataEnd
 .text          0x0000000006006530      0x194 ../../Compiler/SGL_302j/LIB_COFF/LIBCD.A(CDC_CFS.O)
                0x0000000006006530                CDC_ChgDir
                0x0000000006006564                CDC_ReadDir
                0x0000000006006598                CDC_GetFileScope
                0x00000000060065f8                CDC_TgetFileInfo
                0x0000000006006654                CDC_ReadFile
                0x0000000006006688                CDC_AbortFile
 *fill*         0x00000000060066c4        0xc 
 .text          0x00000000060066d0      0x2dc ../../Compiler/SGL_302j/LIB_COFF/LIBCD.A(CDC_REG.O)
                0x00000000060066d0                CDC_GetDataPtr
                0x00000000060066e0                CDC_GetHirqReq
                0x00000000060066f4                CDC_ClrHirqReq
                0x0000000006006724                CDREG_ClrHirqReq
                0x0000000006006734                CDREG_InitHirqReq
                0x000000000600675c                CDREG_SetHirqFlag
                0x0000000006006770                CDC_GetHirqMsk
                0x0000000006006784                CDC_SetHirqMsk
                0x0000000006006794                CDC_GetMpegPtr
                0x00000000060067a4                CDREG_TgetData
                0x0000000006006800                CDREG_CmdRsp
                0x0000000006006900                CDREG_WaitHirq
                0x0000000006006970                CDREG_ReadRsp
 *fill*         0x00000000060069ac        0x4 
 .text          0x00000000060069b0      0x152 ../../Compiler/SGL_302j/LIB_COFF/LIBCD.A(CDC_SUB.O)
                0x00000000060069b0                CDSUB_UpdStatus
                0x00000000060069c8                CDSUB_UpdCdstat
                0x00000000060069e8                CDSUB_CdCmd
                0x0000000006006a58                CDSUB_GetCdstat
                0x0000000006006a98                CDSUB_RspToCdstat
                0x0000000006006ae0                CDSUB_SoftTimer
 *fill*         0x0000000006006b02        0xe 
 .text          0x0000000006006b10     0x1adc ../../Compiler/SGL_302j/LIB_COFF/LIBCD.A(GFS.O)
                0x0000000006006b10                gfs_version
                0x0000000006006b30                GFS_Init
                0x0000000006006c18                GFS_LoadDir
                0x0000000006006cc0                GFS_SetDir
                0x0000000006006d28                GFS_NameToId
                0x0000000006006d8c                GFS_IdToName
                0x0000000006006df8                GFS_GetDirInfo
                0x0000000006006e68                GFS_Reset
                0x0000000006006eec                GFS_Open
                0x0000000006006fa0                GFS_Close
                0x0000000006006fd8                GFS_Seek
                0x000000000600708c                GFS_Tell
                0x00000000060070dc                GFS_IsEof
                0x0000000006007130                GFS_ByteToSct
                0x000000000600718c                GFS_GetFileSize
                0x00000000060071e8                GFS_GetFileInfo
                0x000000000600725c                GFS_GetNumCdbuf
                0x0000000006007284                GFS_Load
                0x0000000006007348                GFS_Fread
                0x00000000060073e4                gfs_waitRead
                0x000000000600748c                GFS_NwFread
                0x0000000006007598                GFS_NwCdRead
                0x0000000006007610                GFS_NwIsComplete
                0x0000000006007648                GFS_NwStop
                0x00000000060076b4                GFS_NwGetStat
                0x0000000006007730                gfs_recovRdErr
                0x0000000006007760                GFS_NwExecOne
                0x0000000006007820                GFS_NwExecServer
                0x000000000600789c                GFS_SetGmode
                0x0000000006007900                GFS_SetTmode
                0x000000000600796c                GFS_SetReadPara
                0x00000000060079d0                GFS_SetTransPara
                0x0000000006007a3c                GFS_SetTrFunc
                0x0000000006007aa0                GFS_StartTrans
                0x0000000006007aec                GFS_CdMovePickup
                0x0000000006007b58                GFS_SetErrFunc
                0x0000000006007b84                GFS_GetErrStat
                0x0000000006007ba8                GFS_ConvTno
                0x0000000006007bd0                gfs_chgRoot
                0x0000000006007c9c                gfs_aborttrans
                0x0000000006007ca8                gfs_mngSetupFuncTbl
                0x0000000006007cdc                gfs_mngInitWork
                0x0000000006007d80                gfs_mngGetNumFile
                0x0000000006007de8                GFS_mngAllocGrp
                0x0000000006007e30                gfs_mngFreeGrp
                0x0000000006007e3c                gfs_mngTermAccess
                0x0000000006007ec0                gfs_mngSetErrCode
                0x0000000006007f40                gfs_svrSearchHndl
                0x0000000006007f80                gfs_svrAddHndl
                0x0000000006007fbc                gfs_svrRemoveHndl
                0x0000000006008018                GFS_OpenSub
                0x0000000006008070                gfs_loadVol
                0x0000000006008134                gfs_getRootDir
                0x0000000006008230                gfs_loadRootDir
                0x00000000060082b8                gfs_flowIn
                0x0000000006008360                gfs_transData
                0x0000000006008404                GFS_GetFad
                0x000000000600845c                gfs_SetSct
                0x000000000600849c                gfs_GetFinfo
                0x00000000060084dc                gfs_closeSub
                0x0000000006008518                gfs_getGmode
                0x0000000006008524                gfs_isTaskDone
                0x0000000006008578                gfs_convFinStat
 *fill*         0x00000000060085ec        0x4 
 .text          0x00000000060085f0      0x106 ../../Compiler/SGL_302j/LIB_COFF/LIBCD.A(GFS_BUF.O)
                0x0000000006008620                GFBF_GetTranData
                0x0000000006008648                GFBF_GetNumData
                0x0000000006008678                GFBF_GetSrcPk
                0x00000000060086a0                GFBF_GetSctData
                0x00000000060086c4                GFBF_RtnPk
                0x00000000060086ec                gfbf_getSctDt
 *fill*         0x00000000060086f6        0xa 
 .text          0x0000000006008700      0x600 ../../Compiler/SGL_302j/LIB_COFF/LIBCD.A(GFS_CDB.O)
                0x0000000006008700                GFCB_Setup
                0x0000000006008820                GFCB_Close
                0x0000000006008848                GFCB_GetLenData
                0x00000000060088f4                GFCB_GetLenRoom
                0x0000000006008900                GFCB_SetFilt
                0x0000000006008968                GFCB_DeleteAllData
                0x0000000006008990                GFCB_Tell
                0x00000000060089a0                gfcb_getSctNum
                0x00000000060089f0                GFCB_Seek
                0x0000000006008aec                GFCB_GetSrcPack
                0x0000000006008bcc                GFCB_GetSctData
                0x0000000006008c04                GFCB_GetDstPack
                0x0000000006008c10                GFCB_RtnPk
                0x0000000006008c58                GFCB_MovePickup
                0x0000000006008c74                GFCB_SetCon
                0x0000000006008ca8                GFCB_GetPickup
                0x0000000006008cd0                GFCB_IsPuOwner
                0x0000000006008ce8                GFCB_UngetPickup
 .text          0x0000000006008d00     0x1a10 ../../Compiler/SGL_302j/LIB_COFF/LIBCD.A(GFS_CDC.O)
                0x0000000006008d00                GFCD_SetCdbfs
                0x0000000006008d2c                GFCD_Init
                0x0000000006008f30                GFCD_AllocFilt
                0x0000000006008f6c                GFCD_FreeFilt
                0x0000000006008f9c                GFCD_AllocBuf
                0x0000000006008fd0                GFCD_FreeBuf
                0x0000000006009074                GFCD_GetBaseFad
                0x00000000060090a8                GFCD_GetPickup
                0x00000000060090dc                GFCD_UngetPickup
                0x0000000006009108                GFCD_IsPuOwner
                0x000000000600912c                GFCD_SetFilt
                0x00000000060091f0                GFCD_GetFilt
                0x0000000006009238                GFCD_SetCon
                0x0000000006009290                GFCD_Play
                0x00000000060092f0                GFCD_GetLenData
                0x0000000006009358                GFCD_ReqData
                0x00000000060093b4                GFCD_EndData
                0x00000000060093fc                GFCD_DelSctData
                0x0000000006009454                GFCD_CheckDelSctData
                0x0000000006009484                GFCD_GetStat
                0x0000000006009538                GFCD_MovePickup
                0x0000000006009584                GFCD_MoveSctData
                0x00000000060095f8                GFCD_CheckMove
                0x000000000600961c                GFCD_GetSctInfo
                0x0000000006009664                GFCD_ChgDir
                0x00000000060096d8                GFCD_SetFiltCon
                0x00000000060097c0                GFCD_GetFileInfo
                0x000000000600989c                GFCD_GetBufSiz
                0x00000000060098d4                GFCD_ExecServer
                0x00000000060099a8                gfcd_isIdleTask
                0x0000000006009a34                gfcd_doTask
                0x0000000006009ae0                GFCD_SetTimer
                0x0000000006009af4                GFCD_WaitServer
                0x0000000006009b30                gfcd_doSetFiltTsk
                0x0000000006009cf4                gfcd_doSetConTsk
                0x0000000006009d84                gfcd_doGetLenDataTsk
                0x0000000006009ed8                gfcd_doReqDataTsk
                0x0000000006009f78                gfcd_doDelSctDataTsk
                0x000000000600a0ac                gfcd_doMoveSctTsk
                0x000000000600a210                gfcd_doChgDirTsk
                0x000000000600a40c                gfcd_doSetFiltConTsk
                0x000000000600a550                gfcd_checkEflag
                0x000000000600a574                gfcd_initCdbMng
                0x000000000600a5f4                gfcd_setStat
                0x000000000600a620                GFCD_SetCsctFunc
                0x000000000600a63c                GFCD_ChkScdqFlag
                0x000000000600a660                GFCD_ClrScdqFlag
                0x000000000600a67c                GFCD_WaitScdqFlag
                0x000000000600a6c0                GFCD_WaitPause
 .text          0x000000000600a710      0x8d8 ../../Compiler/SGL_302j/LIB_COFF/LIBCD.A(GFS_CDF.O)
                0x000000000600a710                GFCF_Init
                0x000000000600a7b0                GFCF_Setup
                0x000000000600a8f8                GFCF_SetSct
                0x000000000600a93c                GFCF_GetFileInfo
                0x000000000600a9b0                GFCF_FlowInBuf
                0x000000000600ab04                GFCF_StopInBuf
                0x000000000600aba4                GFCF_Recover
                0x000000000600abec                GFCF_Tell
                0x000000000600ac04                GFCF_Seek
                0x000000000600ac1c                GFCF_MovePickup
                0x000000000600acb8                GFCF_cnvIntlvOfs
                0x000000000600ad0c                GFCF_GetStat
                0x000000000600ada4                gfcf_getSctSize
                0x000000000600ade0                gfcf_isCdOk
                0x000000000600aea0                gfcf_getPlayRange
 *fill*         0x000000000600afe8        0x8 
 .text          0x000000000600aff0      0x92c ../../Compiler/SGL_302j/LIB_COFF/LIBCD.A(GFS_DIR.O)
                0x000000000600aff0                GFDR_SetupDirTbl
                0x000000000600b064                GFDR_NameToId
                0x000000000600b0c4                GFDR_GetInfoDirId
                0x000000000600b0d8                GFDR_GetInfoDirName
                0x000000000600b0ec                GFDR_GetAtrDirId
                0x000000000600b104                GFDR_GetAtrDirName
                0x000000000600b11c                GFDR_ChgRoot
                0x000000000600b134                GFDR_ChgDir
                0x000000000600b1a8                gfdr_setupDirIdTbl
                0x000000000600b22c                gfdr_setupDirNameTbl
                0x000000000600b2d8                gfdr_open
                0x000000000600b300                gfdr_read
                0x000000000600b3c0                gfdr_readByte
                0x000000000600b3ec                gfdr_readWord
                0x000000000600b418                gfdr_readWordNB
                0x000000000600b46c                gfdr_readLongNB
                0x000000000600b4b8                gfdr_readLongNM
                0x000000000600b4e0                gfdr_setNextRec
                0x000000000600b564                gfdr_readDirEnt
                0x000000000600b8e0                gfdr_setDirrecCd
 *fill*         0x000000000600b91c        0x4 
 .text          0x000000000600b920      0x9c6 ../../Compiler/SGL_302j/LIB_COFF/LIBCD.A(GFS_TRN.O)
                0x000000000600b950                GFTR_Setup
                0x000000000600b994                GFTR_SetMode
                0x000000000600b9a8                GFTR_SetUnit
                0x000000000600b9b4                GFTR_SetTransPara
                0x000000000600b9e8                GFTR_GetTransPara
                0x000000000600b9f4                GFTR_GetNumTrans
                0x000000000600ba00                GFTR_SetTransMax
                0x000000000600ba0c                GFTR_Start
                0x000000000600ba18                GFTR_Pause
                0x000000000600ba24                GFTR_Stop
                0x000000000600badc                GFTR_Exec
                0x000000000600bb60                GFTR_Idle
                0x000000000600bbd8                GFTR_ExecSvr
                0x000000000600bce0                gftr_getSrcPack
                0x000000000600bd68                gftr_getDstPack
                0x000000000600bdc4                gftr_reqScu
                0x000000000600bdd0                gftr_execScu
                0x000000000600be6c                gftr_remScu
                0x000000000600bea0                gfdma_canUse
                0x000000000600beac                gfdma_exec
                0x000000000600bf1c                gfdma_getBytecnt
                0x000000000600bf54                gftr_reqDma0
                0x000000000600bf6c                gftr_execSdma0
                0x000000000600bf90                gftr_remDma0
                0x000000000600bfa8                gftr_reqDma1
                0x000000000600bfc0                gftr_execSdma1
                0x000000000600bfe4                gftr_remDma1
                0x000000000600bffc                gftr_reqCpu
                0x000000000600c008                gftr_execCpu
                0x000000000600c048                gftr_remCpu
                0x000000000600c054                gftr_reqTrn
                0x000000000600c0c4                gftr_execTrn
                0x000000000600c19c                gftr_remTrn
                0x000000000600c210                gftr_copyFrac
                0x000000000600c238                GFTR_GetLenData
                0x000000000600c244                GFTR_GetLenRoom
                0x000000000600c25c                GFTR_GetDstPack
                0x000000000600c290                GFTR_RtnDstPk
                0x000000000600c2ac                GFTR_GetData
                0x000000000600c2c0                GFTR_SetData
                0x000000000600c2d4                GFTR_SetTransFunc
 *fill*         0x000000000600c2e6        0xa 
 .text          0x000000000600c2f0      0x130 ../../Compiler/SGL_302j/LIB_COFF/LIBCD.A(CDC_DRV.O)
                0x000000000600c2f0                CDC_CdPlay
                0x000000000600c3bc                CDC_CdSeek
                0x000000000600c3f0                CDC_CdScan
 .text          0x000000000600c420       0xa8 ../../Compiler/SGL_302j/LIB_COFF/LIBCD.A(CDC_DEV.O)
                0x000000000600c420                CDC_CdSetCon
                0x000000000600c450                CDC_CdGetCon
                0x000000000600c48c                CDC_CdGetLastBuf
 *fill*         0x000000000600c4c8        0x8 
 .text          0x000000000600c4d0      0x2b8 ../../Compiler/SGL_302j/LIB_COFF/LIBCD.A(CDC_SEL.O)
                0x000000000600c4d0                CDC_SetFiltRange
                0x000000000600c504                CDC_GetFiltRange
                0x000000000600c55c                CDC_SetFiltSubh
                0x000000000600c5cc                CDC_GetFiltSubh
                0x000000000600c648                CDC_SetFiltMode
                0x000000000600c67c                CDC_GetFiltMode
                0x000000000600c6c0                CDC_SetFiltCon
                0x000000000600c700                CDC_GetFiltCon
                0x000000000600c754                CDC_ResetSelector
 *fill*         0x000000000600c788        0x8 
 .text          0x000000000600c790      0x270 ../../Compiler/SGL_302j/LIB_COFF/LIBCD.A(CDC_BIF.O)
                0x000000000600c790                CDC_GetBufSiz
                0x000000000600c7ec                CDC_GetSctNum
                0x000000000600c830                CDC_CalActSiz
                0x000000000600c86c                CDC_GetActSiz
                0x000000000600c8ec                CDC_GetSctInfo
                0x000000000600c96c                CDC_ExeFadSearch
                0x000000000600c9a4                CDC_GetFadSearch
 .text          0x000000000600ca00      0x1e4 ../../Compiler/SGL_302j/LIB_COFF/LIBCD.A(CDC_BIO.O)
                0x000000000600ca00                CDC_SetSctLen
                0x000000000600ca34                CDC_GetSctData
                0x000000000600ca70                CDC_DelSctData
                0x000000000600caac                CDC_GetdelSctData
                0x000000000600cae8                CDC_PutSctData
                0x000000000600cb20                CDC_CopySctData
                0x000000000600cb64                CDC_MoveSctData
                0x000000000600cba8                CDC_GetCopyErr
 *fill*         0x000000000600cbe4        0xc 
 .text          0x000000000600cbf0        0x0 ../../Compiler/SGL_302j/LIB_COFF/LIBSGL.A(sglA15.o)
 .text          0x000000000600cbf0        0x0 ../../Compiler/SGL_302j/LIB_COFF/LIBSGL.A(sglA20.o)
 .text          0x000000000600cbf0        0x0 ../../Compiler/SGL_302j/LIB_COFF/LIBSGL.A(sglA21.o)
 .text          0x000000000600cbf0        0x0 ../../Compiler/SGL_302j/LIB_COFF/LIBSGL.A(sglA27.o)
 .text          0x000000000600cbf0        0x0 ../../Compiler/SGL_302j/LIB_COFF/LIBSGL.A(sglB001.o)
 .text          0x000000000600cbf0        0x0 ../../Compiler/SGL_302j/LIB_COFF/LIBSGL.A(sglB011.o)
 .text          0x000000000600cbf0        0x0 ../../Compiler/SGL_302j/LIB_COFF/LIBSGL.A(sglB015.o)
 .text          0x000000000600cbf0        0x0 ../../Compiler/SGL_302j/LIB_COFF/LIBSGL.A(sglB016.o)
 .text          0x000000000600cbf0        0x0 ../../Compiler/SGL_302j/LIB_COFF/LIBSGL.A(sglB032.o)
 .text          0x000000000600cbf0        0x0 ../../Compiler/SGL_302j/LIB_COFF/LIBSGL.A(sglB053.o)
 .text          0x000000000600cbf0        0x0 ../../Compiler/SGL_302j/LIB_COFF/LIBSGL.A(sglB056.o)
 .text          0x000000000600cbf0        0x0 ../../Compiler/SGL_302j/LIB_COFF/LIBSGL.A(sglB063.o)
 .text          0x000000000600cbf0        0x0 ../../Compiler/SGL_302j/LIB_COFF/LIBSGL.A(sglB200.o)
 .text          0x000000000600cbf0        0x0 ../../Compiler/SGL_302j/LIB_COFF/LIBSGL.A(sglC05.o)
 .text          0x000000000600cbf0        0x0 ../../Compiler/SGL_302j/LIB_COFF/LIBSGL.A(sglC06.o)
 .text          0x000000000600cbf0        0x0 ../../Compiler/SGL_302j/LIB_COFF/LIBSGL.A(sglC07.o)
 .text          0x000000000600cbf0        0x0 ../../Compiler/SGL_302j/LIB_COFF/LIBSGL.A(sglC08.o)
 .text          0x000000000600cbf0        0x0 ../../Compiler/SGL_302j/LIB_COFF/LIBSGL.A(sglC20.o)
 .text          0x000000000600cbf0        0x0 ../../Compiler/SGL_302j/LIB_COFF/LIBSGL.A(sglD00.o)
 .text          0x000000000600cbf0        0x0 ../../Compiler/SGL_302j/LIB_COFF/LIBSGL.A(sglD01.o)
 .text          0x000000000600cbf0        0x0 ../../Compiler/SGL_302j/LIB_COFF/LIBSGL.A(sglD03.o)
 .text          0x000000000600cbf0        0x0 ../../Compiler/SGL_302j/LIB_COFF/LIBSGL.A(sglD15.o)
 .text          0x000000000600cbf0        0x0 ../../Compiler/SGL_302j/LIB_COFF/LIBSGL.A(sglD16.o)
 .text          0x000000000600cbf0        0x0 ../../Compiler/SGL_302j/LIB_COFF/LIBSGL.A(sglD17.o)
 .text          0x000000000600cbf0        0x0 ../../Compiler/SGL_302j/LIB_COFF/LIBSGL.A(sglD18.o)
 .text          0x000000000600cbf0        0x0 ../../Compiler/SGL_302j/LIB_COFF/LIBSGL.A(sglF00.o)
 .text          0x000000000600cbf0        0x0 ../../Compiler/SGL_302j/LIB_COFF/LIBSGL.A(sglF05.o)
 .text          0x000000000600cbf0        0x0 ../../Compiler/SGL_302j/LIB_COFF/LIBSGL.A(sglH00.o)
 .text          0x000000000600cbf0        0x0 ../../Compiler/SGL_302j/LIB_COFF/LIBSGL.A(sglH01.o)
 .text          0x000000000600cbf0        0x0 ../../Compiler/SGL_302j/LIB_COFF/LIBSGL.A(sglH02.o)
 .text          0x000000000600cbf0        0x0 ../../Compiler/SGL_302j/LIB_COFF/LIBSGL.A(sglH04.o)
 .text          0x000000000600cbf0        0x0 ../../Compiler/SGL_302j/LIB_COFF/LIBSGL.A(sglI01.o)
 .text          0x000000000600cbf0      0x128 ../../Compiler/SGL_302j/LIB_COFF/LIBSGL.A(sglIc0.o)
                0x000000000600cbf0                slInitSystem
 *fill*         0x000000000600cd18        0x8 
 .text          0x000000000600cd20        0x0 ../../Compiler/SGL_302j/LIB_COFF/LIBSGL.A(sglJ00.o)
 .text          0x000000000600cd20        0x0 ../../Compiler/SGL_302j/LIB_COFF/LIBSGL.A(sglJ01.o)
 .text          0x000000000600cd20        0x0 ../../Compiler/SGL_302j/LIB_COFF/LIBSGL.A(sglJ02.o)
 .text          0x000000000600cd20        0x0 ../../Compiler/SGL_302j/LIB_COFF/LIBSGL.A(sglJ03.o)
 .text          0x000000000600cd20        0x0 ../../Compiler/SGL_302j/LIB_COFF/LIBSGL.A(sglJ04.o)
 .text          0x000000000600cd20        0x0 ../../Compiler/SGL_302j/LIB_COFF/LIBSGL.A(sglJ05.o)
 .text          0x000000000600cd20        0x0 ../../Compiler/SGL_302j/LIB_COFF/LIBSGL.A(sglK01.o)
 .text          0x000000000600cd20        0x0 ../../Compiler/SGL_302j/LIB_COFF/LIBSGL.A(sglM01.o)
 .text          0x000000000600cd20        0x0 ../../Compiler/SGL_302j/LIB_COFF/LIBSGL.A(sglA00.o)
 .text          0x000000000600cd20        0x0 ../../Compiler/SGL_302j/LIB_COFF/LIBSGL.A(sglA01.o)
 .text          0x000000000600cd20        0x0 ../../Compiler/SGL_302j/LIB_COFF/LIBSGL.A(sglB000.o)
 .text          0x000000000600cd20        0x0 ../../Compiler/SGL_302j/LIB_COFF/LIBSGL.A(sglB035.o)
 .text          0x000000000600cd20        0x0 ../../Compiler/SGL_302j/LIB_COFF/LIBSGL.A(sglC00.o)
 .text          0x000000000600cd20        0x0 ../../Compiler/SGL_302j/LIB_COFF/LIBSGL.A(sglI00.o)
 .text          0x000000000600cd20        0x0 ../../Compiler/SGL_302j/LIB_COFF/LIBSGL.A(sglH03.o)
 .text          0x000000000600cd20       0x52 /home/sansigolo/Documents/joengine/Compiler/SH_NONE_ELF/bin/../lib/gcc/sh-none-elf/8.2.0/libgcc.a(_ashiftrt.o)
                0x000000000600cd20                __ashiftrt_r4_31
                0x000000000600cd20                __ashiftrt_r4_32
                0x000000000600cd26                __ashiftrt_r4_30
                0x000000000600cd28                __ashiftrt_r4_29
                0x000000000600cd2a                __ashiftrt_r4_28
                0x000000000600cd2c                __ashiftrt_r4_27
                0x000000000600cd2e                __ashiftrt_r4_26
                0x000000000600cd30                __ashiftrt_r4_25
                0x000000000600cd32                __ashiftrt_r4_24
                0x000000000600cd3a                __ashiftrt_r4_23
                0x000000000600cd3c                __ashiftrt_r4_22
                0x000000000600cd3e                __ashiftrt_r4_21
                0x000000000600cd40                __ashiftrt_r4_20
                0x000000000600cd42                __ashiftrt_r4_19
                0x000000000600cd44                __ashiftrt_r4_18
                0x000000000600cd46                __ashiftrt_r4_17
                0x000000000600cd48                __ashiftrt_r4_16
                0x000000000600cd4e                __ashiftrt_r4_15
                0x000000000600cd50                __ashiftrt_r4_14
                0x000000000600cd52                __ashiftrt_r4_13
                0x000000000600cd54                __ashiftrt_r4_12
                0x000000000600cd56                __ashiftrt_r4_11
                0x000000000600cd58                __ashiftrt_r4_10
                0x000000000600cd5a                __ashiftrt_r4_9
                0x000000000600cd5c                __ashiftrt_r4_8
                0x000000000600cd5e                __ashiftrt_r4_7
                0x000000000600cd60                __ashiftrt_r4_6
                0x000000000600cd62                __ashiftrt_r4_5
                0x000000000600cd64                __ashiftrt_r4_4
                0x000000000600cd66                __ashiftrt_r4_3
                0x000000000600cd68                __ashiftrt_r4_2
                0x000000000600cd6a                __ashiftrt_r4_1
                0x000000000600cd6e                __ashiftrt_r4_0
 *fill*         0x000000000600cd72        0x2 
 .text          0x000000000600cd74       0xa0 /home/sansigolo/Documents/joengine/Compiler/SH_NONE_ELF/bin/../lib/gcc/sh-none-elf/8.2.0/libgcc.a(_sdivsi3.o)
                0x000000000600cd74                __sdivsi3
 .text          0x000000000600ce14       0x6c /home/sansigolo/Documents/joengine/Compiler/SH_NONE_ELF/bin/../lib/gcc/sh-none-elf/8.2.0/libgcc.a(_udivsi3.o)
                0x000000000600ce36                __udivsi3
 .text          0x000000000600ce80      0x134 /home/sansigolo/Documents/joengine/Compiler/SH_NONE_ELF/bin/../lib/gcc/sh-none-elf/8.2.0/libgcc.a(_mul_sf.o)
                0x000000000600ce80                __mulsf3
 .text          0x000000000600cfb4       0xdc /home/sansigolo/Documents/joengine/Compiler/SH_NONE_ELF/bin/../lib/gcc/sh-none-elf/8.2.0/libgcc.a(_div_sf.o)
                0x000000000600cfb4                __divsf3
 .text          0x000000000600d090       0x7c /home/sansigolo/Documents/joengine/Compiler/SH_NONE_ELF/bin/../lib/gcc/sh-none-elf/8.2.0/libgcc.a(_sf_to_si.o)
                0x000000000600d090                __fixsfsi
 .text          0x000000000600d10c        0x0 /home/sansigolo/Documents/joengine/Compiler/SH_NONE_ELF/bin/../lib/gcc/sh-none-elf/8.2.0/libgcc.a(_thenan_sf.o)
 .text          0x000000000600d10c       0x94 /home/sansigolo/Documents/joengine/Compiler/SH_NONE_ELF/bin/../lib/gcc/sh-none-elf/8.2.0/libgcc.a(_usi_to_sf.o)
                0x000000000600d10c                __floatunsisf
 .text          0x000000000600d1a0      0x114 /home/sansigolo/Documents/joengine/Compiler/SH_NONE_ELF/bin/../lib/gcc/sh-none-elf/8.2.0/libgcc.a(_pack_sf.o)
                0x000000000600d1a0                __pack_f
 .text          0x000000000600d2b4       0xa0 /home/sansigolo/Documents/joengine/Compiler/SH_NONE_ELF/bin/../lib/gcc/sh-none-elf/8.2.0/libgcc.a(_unpack_sf.o)
                0x000000000600d2b4                __unpack_f
 .text          0x000000000600d354       0x1e /home/sansigolo/Documents/joengine/Compiler/SH_NONE_ELF/bin/../lib/gcc/sh-none-elf/8.2.0/../../../../sh-none-elf/lib/libc.a(lib_a-memcmp.o)
                0x000000000600d354                memcmp
 *fill*         0x000000000600d372        0x2 
 .text          0x000000000600d374       0x94 /home/sansigolo/Documents/joengine/Compiler/SH_NONE_ELF/bin/../lib/gcc/sh-none-elf/8.2.0/../../../../sh-none-elf/lib/libc.a(lib_a-memcpy.o)
                0x000000000600d374                memcpy
 .text          0x000000000600d408       0x40 /home/sansigolo/Documents/joengine/Compiler/SH_NONE_ELF/bin/../lib/gcc/sh-none-elf/8.2.0/../../../../sh-none-elf/lib/libc.a(lib_a-memset.o)
                0x000000000600d408                memset
 .text          0x000000000600d448       0x8c /home/sansigolo/Documents/joengine/Compiler/SH_NONE_ELF/bin/../lib/gcc/sh-none-elf/8.2.0/../../../../sh-none-elf/lib/libc.a(lib_a-sprintf.o)
                0x000000000600d448                _sprintf_r
                0x000000000600d488                sprintf
 .text          0x000000000600d4d4       0x2a /home/sansigolo/Documents/joengine/Compiler/SH_NONE_ELF/bin/../lib/gcc/sh-none-elf/8.2.0/../../../../sh-none-elf/lib/libc.a(lib_a-strncmp.o)
                0x000000000600d4d4                strncmp
 .text          0x000000000600d4fe       0x32 /home/sansigolo/Documents/joengine/Compiler/SH_NONE_ELF/bin/../lib/gcc/sh-none-elf/8.2.0/../../../../sh-none-elf/lib/libc.a(lib_a-strncpy.o)
                0x000000000600d4fe                strncpy
 .text          0x000000000600d530     0x1378 /home/sansigolo/Documents/joengine/Compiler/SH_NONE_ELF/bin/../lib/gcc/sh-none-elf/8.2.0/../../../../sh-none-elf/lib/libc.a(lib_a-svfprintf.o)
                0x000000000600d530                _svfprintf_r
 .text          0x000000000600e8a8      0xef4 /home/sansigolo/Documents/joengine/Compiler/SH_NONE_ELF/bin/../lib/gcc/sh-none-elf/8.2.0/../../../../sh-none-elf/lib/libc.a(lib_a-dtoa.o)
                0x000000000600e9dc                _dtoa_r
 .text          0x000000000600f79c        0x0 /home/sansigolo/Documents/joengine/Compiler/SH_NONE_ELF/bin/../lib/gcc/sh-none-elf/8.2.0/../../../../sh-none-elf/lib/libc.a(lib_a-impure.o)
 .text          0x000000000600f79c       0x40 /home/sansigolo/Documents/joengine/Compiler/SH_NONE_ELF/bin/../lib/gcc/sh-none-elf/8.2.0/../../../../sh-none-elf/lib/libc.a(lib_a-localeconv.o)
                0x000000000600f79c                __localeconv_l
                0x000000000600f7a4                _localeconv_r
                0x000000000600f7c0                localeconv
 .text          0x000000000600f7dc       0xa8 /home/sansigolo/Documents/joengine/Compiler/SH_NONE_ELF/bin/../lib/gcc/sh-none-elf/8.2.0/../../../../sh-none-elf/lib/libc.a(lib_a-locale.o)
                0x000000000600f7dc                _setlocale_r
                0x000000000600f828                __locale_mb_cur_max
                0x000000000600f848                __locale_ctype_ptr_l
                0x000000000600f852                __locale_ctype_ptr
                0x000000000600f870                setlocale
 .text          0x000000000600f884       0x4c /home/sansigolo/Documents/joengine/Compiler/SH_NONE_ELF/bin/../lib/gcc/sh-none-elf/8.2.0/../../../../sh-none-elf/lib/libc.a(lib_a-mbtowc_r.o)
                0x000000000600f884                _mbtowc_r
                0x000000000600f8a8                __ascii_mbtowc
 .text          0x000000000600f8d0       0x1c /home/sansigolo/Documents/joengine/Compiler/SH_NONE_ELF/bin/../lib/gcc/sh-none-elf/8.2.0/../../../../sh-none-elf/lib/libc.a(lib_a-memchr.o)
                0x000000000600f8d0                memchr
 .text          0x000000000600f8ec      0xa9c /home/sansigolo/Documents/joengine/Compiler/SH_NONE_ELF/bin/../lib/gcc/sh-none-elf/8.2.0/../../../../sh-none-elf/lib/libc.a(lib_a-mprec.o)
                0x000000000600f8ec                _Balloc
                0x000000000600f960                _Bfree
                0x000000000600f978                __multadd
                0x000000000600fa20                __s2b
                0x000000000600fae0                __hi0bits
                0x000000000600fb34                __lo0bits
                0x000000000600fb98                __i2b
                0x000000000600fbb4                __multiply
                0x000000000600fcf8                __pow5mult
                0x000000000600fdb4                __lshift
                0x000000000600fea8                __mcmp
                0x000000000600fee0                __mdiff
                0x000000000600ffbc                __ulp
                0x0000000006010028                __b2d
                0x0000000006010110                __d2b
                0x00000000060101fc                __ratio
                0x0000000006010280                _mprec_log10
                0x00000000060102d8                __copybits
                0x000000000601031c                __any_on
 .text          0x0000000006010388       0x34 /home/sansigolo/Documents/joengine/Compiler/SH_NONE_ELF/bin/../lib/gcc/sh-none-elf/8.2.0/../../../../sh-none-elf/lib/libc.a(lib_a-nano-callocr.o)
                0x0000000006010388                _calloc_r
 .text          0x00000000060103bc       0xf4 /home/sansigolo/Documents/joengine/Compiler/SH_NONE_ELF/bin/../lib/gcc/sh-none-elf/8.2.0/../../../../sh-none-elf/lib/libc.a(lib_a-nano-mallocr.o)
                0x00000000060103bc                _malloc_r
 .text          0x00000000060104b0       0x30 /home/sansigolo/Documents/joengine/Compiler/SH_NONE_ELF/bin/../lib/gcc/sh-none-elf/8.2.0/../../../../sh-none-elf/lib/libc.a(lib_a-sbrkr.o)
                0x00000000060104b0                _sbrk_r
 .text          0x00000000060104e0       0x38 /home/sansigolo/Documents/joengine/Compiler/SH_NONE_ELF/bin/../lib/gcc/sh-none-elf/8.2.0/../../../../sh-none-elf/lib/libc.a(lib_a-strcmp.o)
                0x00000000060104e0                strcmp
 .text          0x0000000006010518       0x20 /home/sansigolo/Documents/joengine/Compiler/SH_NONE_ELF/bin/../lib/gcc/sh-none-elf/8.2.0/../../../../sh-none-elf/lib/libc.a(lib_a-strlen.o)
                0x0000000006010518                strlen
 .text          0x0000000006010538      0xa60 /home/sansigolo/Documents/joengine/Compiler/SH_NONE_ELF/bin/../lib/gcc/sh-none-elf/8.2.0/../../../../sh-none-elf/lib/libc.a(lib_a-svfiprintf.o)
                0x0000000006010538                __ssprint_r
                0x000000000601066c                _svfiprintf_r
 .text          0x0000000006010f98      0x25c /home/sansigolo/Documents/joengine/Compiler/SH_NONE_ELF/bin/../lib/gcc/sh-none-elf/8.2.0/../../../../sh-none-elf/lib/libc.a(lib_a-syscalls.o)
                0x0000000006011010                _read
                0x0000000006011020                _lseek
                0x0000000006011030                _write
                0x0000000006011040                _close
                0x0000000006011050                _link
                0x0000000006011054                _sbrk
                0x00000000060110ac                _fstat
                0x00000000060110b6                _open
                0x00000000060110c8                _creat
                0x00000000060110d8                _unlink
                0x00000000060110dc                isatty
                0x00000000060110e0                _isatty
                0x00000000060110e4                _exit
                0x00000000060110f4                _kill
                0x0000000006011108                _getpid
                0x000000000601110c                _raise
                0x0000000006011110                _stat
                0x0000000006011120                _chmod
                0x0000000006011130                _chown
                0x0000000006011140                _utime
                0x0000000006011154                _fork
                0x0000000006011160                _wait
                0x0000000006011170                _execve
                0x0000000006011180                _execv
                0x0000000006011190                _pipe
                0x000000000601119c                _times
                0x00000000060111a0                _gettimeofday
                0x00000000060111c8                __setup_argv_and_call_main
 .text          0x00000000060111f4       0x14 /home/sansigolo/Documents/joengine/Compiler/SH_NONE_ELF/bin/../lib/gcc/sh-none-elf/8.2.0/../../../../sh-none-elf/lib/libc.a(lib_a-trap.o)
                0x00000000060111f4                __trap34
 .text          0x0000000006011208       0x40 /home/sansigolo/Documents/joengine/Compiler/SH_NONE_ELF/bin/../lib/gcc/sh-none-elf/8.2.0/../../../../sh-none-elf/lib/libc.a(lib_a-wctomb_r.o)
                0x0000000006011208                _wctomb_r
                0x0000000006011228                __ascii_wctomb
 .text          0x0000000006011248       0x18 /home/sansigolo/Documents/joengine/Compiler/SH_NONE_ELF/bin/../lib/gcc/sh-none-elf/8.2.0/../../../../sh-none-elf/lib/libc.a(lib_a-abort.o)
                0x0000000006011248                abort
 .text          0x0000000006011260        0x0 /home/sansigolo/Documents/joengine/Compiler/SH_NONE_ELF/bin/../lib/gcc/sh-none-elf/8.2.0/../../../../sh-none-elf/lib/libc.a(lib_a-ctype_.o)
 .text          0x0000000006011260       0x3c /home/sansigolo/Documents/joengine/Compiler/SH_NONE_ELF/bin/../lib/gcc/sh-none-elf/8.2.0/../../../../sh-none-elf/lib/libc.a(lib_a-memmove.o)
                0x0000000006011260                memmove
 .text          0x000000000601129c        0x8 /home/sansigolo/Documents/joengine/Compiler/SH_NONE_ELF/bin/../lib/gcc/sh-none-elf/8.2.0/../../../../sh-none-elf/lib/libc.a(lib_a-mlock.o)
                0x000000000601129c                __malloc_lock
                0x00000000060112a0                __malloc_unlock
 .text          0x00000000060112a4       0xc8 /home/sansigolo/Documents/joengine/Compiler/SH_NONE_ELF/bin/../lib/gcc/sh-none-elf/8.2.0/../../../../sh-none-elf/lib/libc.a(lib_a-nano-freer.o)
                0x00000000060112a4                _free_r
 .text          0x000000000601136c       0x7c /home/sansigolo/Documents/joengine/Compiler/SH_NONE_ELF/bin/../lib/gcc/sh-none-elf/8.2.0/../../../../sh-none-elf/lib/libc.a(lib_a-nano-reallocr.o)
                0x000000000601136c                _realloc_r
 .text          0x00000000060113e8      0x1b0 /home/sansigolo/Documents/joengine/Compiler/SH_NONE_ELF/bin/../lib/gcc/sh-none-elf/8.2.0/../../../../sh-none-elf/lib/libc.a(lib_a-signal.o)
                0x00000000060113e8                _init_signal_r
                0x0000000006011424                _signal_r
                0x0000000006011470                _raise_r
                0x00000000060114e8                __sigtramp_r
                0x000000000601154c                raise
                0x0000000006011560                signal
                0x0000000006011574                _init_signal
                0x0000000006011584                __sigtramp
 .text          0x0000000006011598       0x40 /home/sansigolo/Documents/joengine/Compiler/SH_NONE_ELF/bin/../lib/gcc/sh-none-elf/8.2.0/../../../../sh-none-elf/lib/libc.a(lib_a-signalr.o)
                0x0000000006011598                _kill_r
                0x00000000060115cc                _getpid_r
 .text          0x00000000060115d8       0x16 /home/sansigolo/Documents/joengine/Compiler/SH_NONE_ELF/bin/../lib/gcc/sh-none-elf/8.2.0/../../../../sh-none-elf/lib/libc.a(lib_a-nano-msizer.o)
                0x00000000060115d8                _malloc_usable_size_r
 *fill*         0x00000000060115ee        0x2 
 .text          0x00000000060115f0       0x80 /home/sansigolo/Documents/joengine/Compiler/SH_NONE_ELF/bin/../lib/gcc/sh-none-elf/8.2.0/libgcc.a(_ashiftrt_n.o)
                0x00000000060115f0                __ashrsi3
 .text          0x0000000006011670       0xbc /home/sansigolo/Documents/joengine/Compiler/SH_NONE_ELF/bin/../lib/gcc/sh-none-elf/8.2.0/libgcc.a(_ashiftlt.o)
                0x0000000006011670                __ashlsi3
                0x0000000006011674                __ashlsi3_r0
 .text          0x000000000601172c       0xbc /home/sansigolo/Documents/joengine/Compiler/SH_NONE_ELF/bin/../lib/gcc/sh-none-elf/8.2.0/libgcc.a(_lshiftrt.o)
                0x000000000601172c                __lshrsi3
                0x0000000006011730                __lshrsi3_r0
 .text          0x00000000060117e8      0x258 /home/sansigolo/Documents/joengine/Compiler/SH_NONE_ELF/bin/../lib/gcc/sh-none-elf/8.2.0/libgcc.a(_udivdi3.o)
                0x00000000060117e8                __udivdi3
 .text          0x0000000006011a40      0x2bc /home/sansigolo/Documents/joengine/Compiler/SH_NONE_ELF/bin/../lib/gcc/sh-none-elf/8.2.0/libgcc.a(_umoddi3.o)
                0x0000000006011a40                __umoddi3
 .text          0x0000000006011cfc      0x3b4 /home/sansigolo/Documents/joengine/Compiler/SH_NONE_ELF/bin/../lib/gcc/sh-none-elf/8.2.0/libgcc.a(_addsub_df.o)
                0x000000000601200c                __adddf3
                0x000000000601205c                __subdf3
 .text          0x00000000060120b0      0x208 /home/sansigolo/Documents/joengine/Compiler/SH_NONE_ELF/bin/../lib/gcc/sh-none-elf/8.2.0/libgcc.a(_mul_df.o)
                0x00000000060120b0                __muldf3
 .text          0x00000000060122b8      0x130 /home/sansigolo/Documents/joengine/Compiler/SH_NONE_ELF/bin/../lib/gcc/sh-none-elf/8.2.0/libgcc.a(_div_df.o)
                0x00000000060122b8                __divdf3
 .text          0x00000000060123e8       0x58 /home/sansigolo/Documents/joengine/Compiler/SH_NONE_ELF/bin/../lib/gcc/sh-none-elf/8.2.0/libgcc.a(_eq_df.o)
                0x00000000060123e8                __eqdf2
 .text          0x0000000006012440       0x58 /home/sansigolo/Documents/joengine/Compiler/SH_NONE_ELF/bin/../lib/gcc/sh-none-elf/8.2.0/libgcc.a(_ne_df.o)
                0x0000000006012440                __nedf2
 .text          0x0000000006012498       0x50 /home/sansigolo/Documents/joengine/Compiler/SH_NONE_ELF/bin/../lib/gcc/sh-none-elf/8.2.0/libgcc.a(_gt_df.o)
                0x0000000006012498                __gtdf2
 .text          0x00000000060124e8       0x50 /home/sansigolo/Documents/joengine/Compiler/SH_NONE_ELF/bin/../lib/gcc/sh-none-elf/8.2.0/libgcc.a(_ge_df.o)
                0x00000000060124e8                __gedf2
 .text          0x0000000006012538       0x58 /home/sansigolo/Documents/joengine/Compiler/SH_NONE_ELF/bin/../lib/gcc/sh-none-elf/8.2.0/libgcc.a(_lt_df.o)
                0x0000000006012538                __ltdf2
 .text          0x0000000006012590       0x58 /home/sansigolo/Documents/joengine/Compiler/SH_NONE_ELF/bin/../lib/gcc/sh-none-elf/8.2.0/libgcc.a(_le_df.o)
                0x0000000006012590                __ledf2
 .text          0x00000000060125e8       0x40 /home/sansigolo/Documents/joengine/Compiler/SH_NONE_ELF/bin/../lib/gcc/sh-none-elf/8.2.0/libgcc.a(_unord_df.o)
                0x00000000060125e8                __unorddf2
 .text          0x0000000006012628       0xa8 /home/sansigolo/Documents/joengine/Compiler/SH_NONE_ELF/bin/../lib/gcc/sh-none-elf/8.2.0/libgcc.a(_si_to_df.o)
                0x0000000006012628                __floatsidf
 .text          0x00000000060126d0       0xa4 /home/sansigolo/Documents/joengine/Compiler/SH_NONE_ELF/bin/../lib/gcc/sh-none-elf/8.2.0/libgcc.a(_df_to_si.o)
                0x00000000060126d0                __fixdfsi
 .text          0x0000000006012774        0x0 /home/sansigolo/Documents/joengine/Compiler/SH_NONE_ELF/bin/../lib/gcc/sh-none-elf/8.2.0/libgcc.a(_thenan_df.o)
 .text          0x0000000006012774       0x88 /home/sansigolo/Documents/joengine/Compiler/SH_NONE_ELF/bin/../lib/gcc/sh-none-elf/8.2.0/libgcc.a(_usi_to_df.o)
                0x0000000006012774                __floatunsidf
 *fill*         0x00000000060127fc        0x4 
 .text          0x0000000006012800       0x60 /home/sansigolo/Documents/joengine/Compiler/SH_NONE_ELF/bin/../lib/gcc/sh-none-elf/8.2.0/libgcc.a(_udiv_qrnnd_16.o)
                0x0000000006012800                __udiv_qrnnd_16
 .text          0x0000000006012860        0x0 /home/sansigolo/Documents/joengine/Compiler/SH_NONE_ELF/bin/../lib/gcc/sh-none-elf/8.2.0/libgcc.a(_clz.o)
 .text          0x0000000006012860       0x58 /home/sansigolo/Documents/joengine/Compiler/SH_NONE_ELF/bin/../lib/gcc/sh-none-elf/8.2.0/libgcc.a(_clzsi2.o)
                0x0000000006012860                __clzsi2
 .text          0x00000000060128b8      0x25c /home/sansigolo/Documents/joengine/Compiler/SH_NONE_ELF/bin/../lib/gcc/sh-none-elf/8.2.0/libgcc.a(_pack_df.o)
                0x00000000060128b8                __pack_d
 .text          0x0000000006012b14       0xcc /home/sansigolo/Documents/joengine/Compiler/SH_NONE_ELF/bin/../lib/gcc/sh-none-elf/8.2.0/libgcc.a(_unpack_df.o)
                0x0000000006012b14                __unpack_d
 .text          0x0000000006012be0       0xc8 /home/sansigolo/Documents/joengine/Compiler/SH_NONE_ELF/bin/../lib/gcc/sh-none-elf/8.2.0/libgcc.a(_fpcmp_parts_df.o)
                0x0000000006012be0                __fpcmp_parts_d
 *(.strings)
                0x0000000006012ca8                __etext = .

.text.startup   0x0000000006012ca8      0x484
 .text.startup  0x0000000006012ca8      0x484 /tmp/ccJfuVYy.ltrans0.ltrans.o
                0x0000000006012ca8                main

.rodata         0x0000000006013140      0x63c
 *(.rodata)
 .rodata        0x0000000006013140      0x12c /tmp/ccJfuVYy.ltrans0.ltrans.o
 .rodata        0x000000000601326c       0x10 /home/sansigolo/Documents/joengine/Compiler/SH_NONE_ELF/bin/../lib/gcc/sh-none-elf/8.2.0/libgcc.a(_thenan_sf.o)
                0x000000000601326c                __thenan_sf
 .rodata        0x000000000601327c       0x20 /home/sansigolo/Documents/joengine/Compiler/SH_NONE_ELF/bin/../lib/gcc/sh-none-elf/8.2.0/../../../../sh-none-elf/lib/libc.a(lib_a-svfprintf.o)
 .rodata        0x000000000601329c        0x4 /home/sansigolo/Documents/joengine/Compiler/SH_NONE_ELF/bin/../lib/gcc/sh-none-elf/8.2.0/../../../../sh-none-elf/lib/libc.a(lib_a-impure.o)
                0x000000000601329c                _global_impure_ptr
 .rodata        0x00000000060132a0      0x124 /home/sansigolo/Documents/joengine/Compiler/SH_NONE_ELF/bin/../lib/gcc/sh-none-elf/8.2.0/../../../../sh-none-elf/lib/libc.a(lib_a-mprec.o)
                0x00000000060132ac                __mprec_tinytens
                0x00000000060132d4                __mprec_bigtens
                0x00000000060132fc                __mprec_tens
 .rodata        0x00000000060133c4       0x20 /home/sansigolo/Documents/joengine/Compiler/SH_NONE_ELF/bin/../lib/gcc/sh-none-elf/8.2.0/../../../../sh-none-elf/lib/libc.a(lib_a-svfiprintf.o)
 .rodata        0x00000000060133e4      0x284 /home/sansigolo/Documents/joengine/Compiler/SH_NONE_ELF/bin/../lib/gcc/sh-none-elf/8.2.0/../../../../sh-none-elf/lib/libc.a(lib_a-ctype_.o)
                0x00000000060133e4                _ctype_
                0x00000000060134e8                _ctype_b
 .rodata        0x0000000006013668       0x14 /home/sansigolo/Documents/joengine/Compiler/SH_NONE_ELF/bin/../lib/gcc/sh-none-elf/8.2.0/libgcc.a(_thenan_df.o)
                0x0000000006013668                __thenan_df
 .rodata        0x000000000601367c      0x100 /home/sansigolo/Documents/joengine/Compiler/SH_NONE_ELF/bin/../lib/gcc/sh-none-elf/8.2.0/libgcc.a(_clz.o)
                0x000000000601367c                __clz_tab

.rodata.str1.4  0x000000000601377c     0x10de
 .rodata.str1.4
                0x000000000601377c     0x106c /tmp/ccJfuVYy.ltrans0.ltrans.o
                                       0x109d (size before relaxing)
 .rodata.str1.4
                0x00000000060147e8       0x3a /home/sansigolo/Documents/joengine/Compiler/SH_NONE_ELF/bin/../lib/gcc/sh-none-elf/8.2.0/../../../../sh-none-elf/lib/libc.a(lib_a-svfprintf.o)
 *fill*         0x0000000006014822        0x2 
 .rodata.str1.4
                0x0000000006014824        0xd /home/sansigolo/Documents/joengine/Compiler/SH_NONE_ELF/bin/../lib/gcc/sh-none-elf/8.2.0/../../../../sh-none-elf/lib/libc.a(lib_a-dtoa.o)
                                         0x12 (size before relaxing)
 *fill*         0x0000000006014831        0x3 
 .rodata.str1.4
                0x0000000006014834        0xa /home/sansigolo/Documents/joengine/Compiler/SH_NONE_ELF/bin/../lib/gcc/sh-none-elf/8.2.0/../../../../sh-none-elf/lib/libc.a(lib_a-locale.o)
                                         0x12 (size before relaxing)
 .rodata.str1.4
                0x000000000601483e       0x25 /home/sansigolo/Documents/joengine/Compiler/SH_NONE_ELF/bin/../lib/gcc/sh-none-elf/8.2.0/../../../../sh-none-elf/lib/libc.a(lib_a-svfiprintf.o)
 *fill*         0x000000000601483e        0x2 
 .rodata.str1.4
                0x0000000006014840       0x1a /home/sansigolo/Documents/joengine/Compiler/SH_NONE_ELF/bin/../lib/gcc/sh-none-elf/8.2.0/../../../../sh-none-elf/lib/libc.a(lib_a-syscalls.o)

.eh_frame       0x000000000601485c      0x170
 .eh_frame      0x000000000601485c       0xa8 /home/sansigolo/Documents/joengine/Compiler/SH_NONE_ELF/bin/../lib/gcc/sh-none-elf/8.2.0/libgcc.a(_udivdi3.o)
 .eh_frame      0x0000000006014904       0xc8 /home/sansigolo/Documents/joengine/Compiler/SH_NONE_ELF/bin/../lib/gcc/sh-none-elf/8.2.0/libgcc.a(_umoddi3.o)
                                         0xdc (size before relaxing)

.rela.dyn       0x00000000060149cc        0x0
 .rela.text     0x00000000060149cc        0x0 /home/sansigolo/Documents/joengine/Compiler/SH_NONE_ELF/bin/../lib/gcc/sh-none-elf/8.2.0/../../../../sh-none-elf/lib/libc.a(lib_a-sbrkr.o)
 .rela.text.startup
                0x00000000060149cc        0x0 /home/sansigolo/Documents/joengine/Compiler/SH_NONE_ELF/bin/../lib/gcc/sh-none-elf/8.2.0/../../../../sh-none-elf/lib/libc.a(lib_a-sbrkr.o)

SLPROG          0x00000000060149e0    0x11720
                0x00000000060149e0                __slprog_start = .
 *(SLPROG)
 SLPROG         0x00000000060149e0     0x6540 ../../Compiler/SGL_302j/LIB_COFF/SGLAREA.O
                0x00000000060149e0                MasterStack
                0x00000000060149e4                SlaveStack
                0x00000000060149e8                MaxVertices
                0x00000000060149ea                MaxPolygons
                0x00000000060149ec                SortList
                0x00000000060149f0                SortListSize
                0x00000000060149f4                TransList
                0x00000000060149f8                Zbuffer
                0x00000000060149fc                SpriteBuf
                0x0000000006014a00                SpriteBufSize
                0x0000000006014a04                Pbuffer
                0x0000000006014a08                CommandBuf
                0x0000000006014a0c                CLOfstBuf
                0x0000000006014a10                PCM_Work
                0x0000000006014a14                PCM_WkSize
                0x0000000006014a18                MaxEvents
                0x0000000006014a1a                EventSize
                0x0000000006014a1c                MaxWorks
                0x0000000006014a1e                WorkSize
                0x0000000006014a20                RemainEvent
                0x0000000006014b20                RemainWork
                0x0000000006014f20                EventBuf
                0x0000000006016f20                WorkBuf
 SLPROG         0x000000000601af20       0x18 ../../Compiler/SGL_302j/LIB_COFF/LIBSGL.A(sglA15.o)
                0x000000000601af20                slSlaveFunc
 *fill*         0x000000000601af38        0x8 
 SLPROG         0x000000000601af40      0x42c ../../Compiler/SGL_302j/LIB_COFF/LIBSGL.A(sglA20.o)
                0x000000000601af40                slInitMatrix
                0x000000000601af4a                slPushUnitMatrix
                0x000000000601af5e                slUnitMatrix
 *fill*         0x000000000601b36c        0x4 
 SLPROG         0x000000000601b370       0x48 ../../Compiler/SGL_302j/LIB_COFF/LIBSGL.A(sglA21.o)
                0x000000000601b370                slPushMatrix
                0x000000000601b3a4                slPopMatrix
                0x000000000601b3a4                slDecMatrixPtr
 *fill*         0x000000000601b3b8        0x8 
 SLPROG         0x000000000601b3c0       0x50 ../../Compiler/SGL_302j/LIB_COFF/LIBSGL.A(sglA27.o)
                0x000000000601b3c0                slTranslate
 SLPROG         0x000000000601b410       0x20 ../../Compiler/SGL_302j/LIB_COFF/LIBSGL.A(sglB001.o)
                0x000000000601b410                slTVOn
                0x000000000601b41a                slTVOff
 SLPROG         0x000000000601b430       0x24 ../../Compiler/SGL_302j/LIB_COFF/LIBSGL.A(sglB011.o)
                0x000000000601b430                slBitMapNbg1
 *fill*         0x000000000601b454        0xc 
 SLPROG         0x000000000601b460      0x40c ../../Compiler/SGL_302j/LIB_COFF/LIBSGL.A(sglB015.o)
                0x000000000601b460                slScrAutoDisp
 *fill*         0x000000000601b86c        0x4 
 SLPROG         0x000000000601b870        0xc ../../Compiler/SGL_302j/LIB_COFF/LIBSGL.A(sglB016.o)
                0x000000000601b870                slBack1ColSet
 *fill*         0x000000000601b87c        0x4 
 SLPROG         0x000000000601b880       0xb4 ../../Compiler/SGL_302j/LIB_COFF/LIBSGL.A(sglB032.o)
                0x000000000601b880                slMapNbg1
 *fill*         0x000000000601b934        0xc 
 SLPROG         0x000000000601b940        0xc ../../Compiler/SGL_302j/LIB_COFF/LIBSGL.A(sglB053.o)
                0x000000000601b940                slZoomNbg1
 *fill*         0x000000000601b94c        0x4 
 SLPROG         0x000000000601b950        0xc ../../Compiler/SGL_302j/LIB_COFF/LIBSGL.A(sglB056.o)
                0x000000000601b950                slPlaneNbg1
 *fill*         0x000000000601b95c        0x4 
 SLPROG         0x000000000601b960        0xc ../../Compiler/SGL_302j/LIB_COFF/LIBSGL.A(sglB063.o)
                0x000000000601b960                slPriority
 *fill*         0x000000000601b96c        0x4 
 SLPROG         0x000000000601b970      0x114 ../../Compiler/SGL_302j/LIB_COFF/LIBSGL.A(sglB200.o)
                0x000000000601b970                slCharRbg0
                0x000000000601b97c                slCharNbg0
                0x000000000601b988                slCharNbg1
                0x000000000601b994                slCharNbg2
                0x000000000601b9aa                slCharNbg3
                0x000000000601b9c2                slPageRbg0
                0x000000000601b9d8                slPageNbg1
                0x000000000601b9e0                slPageNbg2
                0x000000000601b9e8                slPageNbg3
                0x000000000601b9f4                slPageNbg0
 *fill*         0x000000000601ba84        0xc 
 SLPROG         0x000000000601ba90       0x78 ../../Compiler/SGL_302j/LIB_COFF/LIBSGL.A(sglC05.o)
                0x000000000601ba90                slSetSprite
 *fill*         0x000000000601bb08        0x8 
 SLPROG         0x000000000601bb10       0xfa ../../Compiler/SGL_302j/LIB_COFF/LIBSGL.A(sglC06.o)
                0x000000000601bb10                slDispSprite
 *fill*         0x000000000601bc0a        0x6 
 SLPROG         0x000000000601bc10      0x162 ../../Compiler/SGL_302j/LIB_COFF/LIBSGL.A(sglC07.o)
                0x000000000601bc16                slPutSprite
 *fill*         0x000000000601bd72        0xe 
 SLPROG         0x000000000601bd80     0x1218 ../../Compiler/SGL_302j/LIB_COFF/LIBSGL.A(sglC08.o)
                0x000000000601bd80                slPutPolygon
                0x000000000601c9fc                MsCalcDepthFlat
 *fill*         0x000000000601cf98        0x8 
 SLPROG         0x000000000601cfa0       0x40 ../../Compiler/SGL_302j/LIB_COFF/LIBSGL.A(sglC20.o)
                0x000000000601cfa0                SpriteEntry
 SLPROG         0x000000000601cfe0       0x84 ../../Compiler/SGL_302j/LIB_COFF/LIBSGL.A(sglD00.o)
                0x000000000601cfe0                slDMACopy
                0x000000000601cfe0                slCpuDMACopy
                0x000000000601d03a                slCashPurge
                0x000000000601d03a                CSH_AllClr
 *fill*         0x000000000601d064        0xc 
 SLPROG         0x000000000601d070       0xa0 ../../Compiler/SGL_302j/LIB_COFF/LIBSGL.A(sglD01.o)
                0x000000000601d070                slDMAXCopy
 SLPROG         0x000000000601d110        0xc ../../Compiler/SGL_302j/LIB_COFF/LIBSGL.A(sglD03.o)
                0x000000000601d110                slDMAStatus
 *fill*         0x000000000601d11c        0x4 
 SLPROG         0x000000000601d120       0x20 ../../Compiler/SGL_302j/LIB_COFF/LIBSGL.A(sglD15.o)
                0x000000000601d120                CSH_Purge
 SLPROG         0x000000000601d140       0x84 ../../Compiler/SGL_302j/LIB_COFF/LIBSGL.A(sglD16.o)
                0x000000000601d140                DMA_ScuSetPrm
                0x000000000601d188                DMA_SCU_PRM0
 *fill*         0x000000000601d1c4        0xc 
 SLPROG         0x000000000601d1d0       0x88 ../../Compiler/SGL_302j/LIB_COFF/LIBSGL.A(sglD17.o)
                0x000000000601d1d0                DMA_ScuStart
 *fill*         0x000000000601d258        0x8 
 SLPROG         0x000000000601d260       0x34 ../../Compiler/SGL_302j/LIB_COFF/LIBSGL.A(sglD18.o)
                0x000000000601d260                DMA_ScuGetStatus
 *fill*         0x000000000601d294        0xc 
 SLPROG         0x000000000601d2a0       0x4e ../../Compiler/SGL_302j/LIB_COFF/LIBSGL.A(sglF00.o)
                0x000000000601d2a0                slCurScrn
                0x000000000601d2b0                slCurColor
                0x000000000601d2ba                slLocate
                0x000000000601d2ec                CurrentScreen
 *fill*         0x000000000601d2ee        0x2 
 SLPROG         0x000000000601d2f0       0x1c ../../Compiler/SGL_302j/LIB_COFF/LIBSGL.A(sglF05.o)
                0x000000000601d2f0                slPrint
 *fill*         0x000000000601d30c        0x4 
 SLPROG         0x000000000601d310      0xfc8 ../../Compiler/SGL_302j/LIB_COFF/LIBSGL.A(sglH00.o)
                0x000000000601d328                slGetPortDir1
                0x000000000601d330                slGetPortDir2
                0x000000000601d338                slSetPortDir1
                0x000000000601d362                slSetPortDir2
                0x000000000601d39c                slGetPortData1
                0x000000000601d3a4                slGetPortData2
                0x000000000601d3ac                slSetPortData1
                0x000000000601d3b6                slSetPortData2
                0x000000000601d3c8                slGetPortSelect1
                0x000000000601d3d2                slGetPortSelect2
                0x000000000601d3dc                slSetPortSelect1
                0x000000000601d410                slSetPortSelect2
                0x000000000601d44c                slGetPortExt1
                0x000000000601d456                slGetPortExt2
                0x000000000601d460                slSetPortExt1
                0x000000000601d490                slSetPortExt2
                0x000000000601d604                slSmpcDirectAccess
                0x000000000601d684                slInitPeripheral
                0x000000000601d716                slSetResultBuffer
                0x000000000601d7a2                slCheckIntBackSet
                0x000000000601d7ae                slIntBackCancel
                0x000000000601d7d8                slCheckReset
                0x000000000601d7e2                slClearReset
                0x000000000601d9a8                slSmpcCashSend
                0x000000000601da64                slSmpcCashBlow
                0x000000000601db40                slGetOptimize
                0x000000000601db4a                slSetOptimize
                0x000000000601db70                slGetPortMode1
                0x000000000601db7c                slGetPortMode2
                0x000000000601db8a                slSetPortMode1
                0x000000000601dbc8                slSetPortMode2
                0x000000000601dd54                slRequestCommand
                0x000000000601ddc4                Smpc_Status
                0x000000000601ddc8                Smpc_Result
                0x000000000601ddcc                Smpc_Peripheral
                0x000000000601ddd2                Per_Connect1
                0x000000000601ddd3                Per_Connect2
                0x000000000601ddf4                SmpcStatusBuf
 *fill*         0x000000000601e2d8        0x8 
 SLPROG         0x000000000601e2e0       0xa8 ../../Compiler/SGL_302j/LIB_COFF/LIBSGL.A(sglH01.o)
                0x000000000601e2e0                slGetLanguage
                0x000000000601e2ea                slSetLanguage
                0x000000000601e30c                slGetSoundEffect
                0x000000000601e318                slSetSoundEffect
                0x000000000601e334                slGetSoundOutput
                0x000000000601e340                slSetSoundOutput
                0x000000000601e35c                slGetHelpWindow
                0x000000000601e368                slSetHelpWindow
 *fill*         0x000000000601e388        0x8 
 SLPROG         0x000000000601e390      0x470 ../../Compiler/SGL_302j/LIB_COFF/LIBSGL.A(sglH02.o)
                0x000000000601e780                smpc_pfr_tbl
                0x000000000601e7c0                smpc_ptf_tbl
 SLPROG         0x000000000601e800       0x60 ../../Compiler/SGL_302j/LIB_COFF/LIBSGL.A(sglH04.o)
                0x000000000601e800                slComPrmIntBack
                0x000000000601e814                slComPrmSetMemory
                0x000000000601e82a                slComPrmSetTime
 SLPROG         0x000000000601e860      0x3a4 ../../Compiler/SGL_302j/LIB_COFF/LIBSGL.A(sglI01.o)
                0x000000000601e860                slInitSynch
                0x000000000601e87a                slSynch
                0x000000000601e970                slRandom
                0x000000000601e98e                PCM_EndCheck
                0x000000000601ea4a                RetPCMBuf
                0x000000000601eae4                PCM_Buf
                0x000000000601eb84                Sound_Buf
 *fill*         0x000000000601ec04        0xc 
 SLPROG         0x000000000601ec10       0x74 ../../Compiler/SGL_302j/LIB_COFF/LIBSGL.A(sglJ00.o)
                0x000000000601ec10                InitSlaveSH
                0x000000000601ec78                SlaveCommand
 *fill*         0x000000000601ec84        0xc 
 SLPROG         0x000000000601ec90      0x3d0 ../../Compiler/SGL_302j/LIB_COFF/LIBSGL.A(sglJ01.o)
                0x000000000601ec90                SlaveControl
                0x000000000601f04c                ErasePolygonData
 SLPROG         0x000000000601f060     0x12b8 ../../Compiler/SGL_302j/LIB_COFF/LIBSGL.A(sglJ02.o)
                0x000000000601f060                sbMakePolygon
                0x000000000601f248                sbCalcPolygon
                0x000000000601ff80                SetTexture
                0x000000000601ff8c                SetPolygon
                0x000000000601ff94                SetPosition
                0x000000000601ffcc                stvtc_4
                0x0000000006020084                stvtc_3
                0x0000000006020294                stvtc_1
                0x00000000060202a8                stvtc_2
                0x00000000060202bc                stvtc_0
 *fill*         0x0000000006020318        0x8 
 SLPROG         0x0000000006020320      0x140 ../../Compiler/SGL_302j/LIB_COFF/LIBSGL.A(sglJ03.o)
                0x0000000006020320                sbMakeDMATable
 SLPROG         0x0000000006020460      0x470 ../../Compiler/SGL_302j/LIB_COFF/LIBSGL.A(sglJ04.o)
                0x00000000060204be                sbMakeSprite
                0x0000000006020524                sbMakeRotSprite
 SLPROG         0x00000000060208d0       0x3c ../../Compiler/SGL_302j/LIB_COFF/LIBSGL.A(sglJ05.o)
                0x00000000060208d0                sbSortEntry
 *fill*         0x000000000602090c        0x4 
 SLPROG         0x0000000006020910       0x6a ../../Compiler/SGL_302j/LIB_COFF/LIBSGL.A(sglM01.o)
                0x0000000006020910                slSetDepthLimit
                0x000000000602093c                slSetDepthTbl
                0x000000000602096c                DepthWorkArea
 *fill*         0x000000000602097a        0x6 
 SLPROG         0x0000000006020980       0x20 ../../Compiler/SGL_302j/LIB_COFF/LIBSGL.A(sglA00.o)
                0x0000000006020980                set_imask
                0x0000000006020980                _builtin_set_imask
                0x0000000006020994                get_imask
                0x0000000006020994                _builtin_get_imask
 SLPROG         0x00000000060209a0     0x411e ../../Compiler/SGL_302j/LIB_COFF/LIBSGL.A(sglA01.o)
                0x00000000060209a0                slSin
                0x00000000060209c4                slCos
                0x00000000060209e8                GetSinCos
                0x0000000006020a7c                sin_cos_index_tbl
                0x0000000006020abc                sin_tbl
 *fill*         0x0000000006024abe        0x2 
 SLPROG         0x0000000006024ac0      0xbd0 ../../Compiler/SGL_302j/LIB_COFF/LIBSGL.A(sglB000.o)
                0x0000000006024ac0                slInitScroll
                0x0000000006024be0                setASC_1to8
                0x0000000006024c10                setASC_4to8
                0x0000000006024d20                TVSizeTbl
                0x0000000006024da0                TVModeTbl
                0x0000000006024f78                SGL_ASCII_CG
 SLPROG         0x0000000006025690       0xd4 ../../Compiler/SGL_302j/LIB_COFF/LIBSGL.A(sglB035.o)
                0x0000000006025690                sl1MapRA
                0x0000000006025722                rbank_set
 *fill*         0x0000000006025764        0xc 
 SLPROG         0x0000000006025770      0x134 ../../Compiler/SGL_302j/LIB_COFF/LIBSGL.A(sglC00.o)
                0x0000000006025770                slInitSprite
 *fill*         0x00000000060258a4        0xc 
 SLPROG         0x00000000060258b0      0x75c ../../Compiler/SGL_302j/LIB_COFF/LIBSGL.A(sglI00.o)
                0x0000000006025ba0                slInitInterrupt
 *fill*         0x000000000602600c        0x4 
 SLPROG         0x0000000006026010       0xf0 ../../Compiler/SGL_302j/LIB_COFF/LIBSGL.A(sglH03.o)
                0x0000000006026074                slSmpcIntBack
                0x0000000006026100                __slprog_end = .

.tors           0x0000000006026100        0x0
                0x0000000006026100                ___ctors = .
 *(.ctors)
                0x0000000006026100                ___ctors_end = .
                0x0000000006026100                ___dtors = .
 *(.dtors)
                0x0000000006026100                ___dtors_end = .

.data           0x0000000006026100      0x624
 *(.data)
 .data          0x0000000006026100        0x0 ../../Compiler/SGL_302j/LIB_COFF/SGLAREA.O
 .data          0x0000000006026100        0xc /tmp/ccJfuVYy.ltrans0.ltrans.o
 *fill*         0x000000000602610c        0x4 
 .data          0x0000000006026110        0x0 ../../Compiler/SGL_302j/LIB_COFF/SEGA_SYS.A(sys_exit.o)
 .data          0x0000000006026110        0x0 ../../Compiler/SGL_302j/LIB_COFF/SEGA_SYS.A(sys_sub.o)
 .data          0x0000000006026110        0x0 ../../Compiler/SGL_302j/LIB_COFF/LIBCD.A(CDC_CMN.O)
 .data          0x0000000006026110        0x0 ../../Compiler/SGL_302j/LIB_COFF/LIBCD.A(CDC_CFS.O)
 .data          0x0000000006026110        0x0 ../../Compiler/SGL_302j/LIB_COFF/LIBCD.A(CDC_REG.O)
 .data          0x0000000006026110        0x0 ../../Compiler/SGL_302j/LIB_COFF/LIBCD.A(CDC_SUB.O)
 .data          0x0000000006026110        0x0 ../../Compiler/SGL_302j/LIB_COFF/LIBCD.A(GFS.O)
 .data          0x0000000006026110        0x0 ../../Compiler/SGL_302j/LIB_COFF/LIBCD.A(GFS_BUF.O)
 .data          0x0000000006026110        0x0 ../../Compiler/SGL_302j/LIB_COFF/LIBCD.A(GFS_CDB.O)
 .data          0x0000000006026110        0x0 ../../Compiler/SGL_302j/LIB_COFF/LIBCD.A(GFS_CDC.O)
 .data          0x0000000006026110        0x0 ../../Compiler/SGL_302j/LIB_COFF/LIBCD.A(GFS_CDF.O)
 .data          0x0000000006026110        0x0 ../../Compiler/SGL_302j/LIB_COFF/LIBCD.A(GFS_DIR.O)
 .data          0x0000000006026110        0x0 ../../Compiler/SGL_302j/LIB_COFF/LIBCD.A(GFS_TRN.O)
 .data          0x0000000006026110        0x0 ../../Compiler/SGL_302j/LIB_COFF/LIBCD.A(CDC_DRV.O)
 .data          0x0000000006026110        0x0 ../../Compiler/SGL_302j/LIB_COFF/LIBCD.A(CDC_DEV.O)
 .data          0x0000000006026110        0x0 ../../Compiler/SGL_302j/LIB_COFF/LIBCD.A(CDC_SEL.O)
 .data          0x0000000006026110        0x0 ../../Compiler/SGL_302j/LIB_COFF/LIBCD.A(CDC_BIF.O)
 .data          0x0000000006026110        0x0 ../../Compiler/SGL_302j/LIB_COFF/LIBCD.A(CDC_BIO.O)
 .data          0x0000000006026110        0x0 ../../Compiler/SGL_302j/LIB_COFF/LIBSGL.A(sglA15.o)
 .data          0x0000000006026110        0x0 ../../Compiler/SGL_302j/LIB_COFF/LIBSGL.A(sglA20.o)
 .data          0x0000000006026110        0x0 ../../Compiler/SGL_302j/LIB_COFF/LIBSGL.A(sglA21.o)
 .data          0x0000000006026110        0x0 ../../Compiler/SGL_302j/LIB_COFF/LIBSGL.A(sglA27.o)
 .data          0x0000000006026110        0x0 ../../Compiler/SGL_302j/LIB_COFF/LIBSGL.A(sglB001.o)
 .data          0x0000000006026110        0x0 ../../Compiler/SGL_302j/LIB_COFF/LIBSGL.A(sglB011.o)
 .data          0x0000000006026110        0x0 ../../Compiler/SGL_302j/LIB_COFF/LIBSGL.A(sglB015.o)
 .data          0x0000000006026110        0x0 ../../Compiler/SGL_302j/LIB_COFF/LIBSGL.A(sglB016.o)
 .data          0x0000000006026110        0x0 ../../Compiler/SGL_302j/LIB_COFF/LIBSGL.A(sglB032.o)
 .data          0x0000000006026110        0x0 ../../Compiler/SGL_302j/LIB_COFF/LIBSGL.A(sglB053.o)
 .data          0x0000000006026110        0x0 ../../Compiler/SGL_302j/LIB_COFF/LIBSGL.A(sglB056.o)
 .data          0x0000000006026110        0x0 ../../Compiler/SGL_302j/LIB_COFF/LIBSGL.A(sglB063.o)
 .data          0x0000000006026110        0x0 ../../Compiler/SGL_302j/LIB_COFF/LIBSGL.A(sglB200.o)
 .data          0x0000000006026110        0x0 ../../Compiler/SGL_302j/LIB_COFF/LIBSGL.A(sglC05.o)
 .data          0x0000000006026110        0x0 ../../Compiler/SGL_302j/LIB_COFF/LIBSGL.A(sglC06.o)
 .data          0x0000000006026110        0x0 ../../Compiler/SGL_302j/LIB_COFF/LIBSGL.A(sglC07.o)
 .data          0x0000000006026110        0x0 ../../Compiler/SGL_302j/LIB_COFF/LIBSGL.A(sglC08.o)
 .data          0x0000000006026110        0x0 ../../Compiler/SGL_302j/LIB_COFF/LIBSGL.A(sglC20.o)
 .data          0x0000000006026110        0x0 ../../Compiler/SGL_302j/LIB_COFF/LIBSGL.A(sglD00.o)
 .data          0x0000000006026110        0x0 ../../Compiler/SGL_302j/LIB_COFF/LIBSGL.A(sglD01.o)
 .data          0x0000000006026110        0x0 ../../Compiler/SGL_302j/LIB_COFF/LIBSGL.A(sglD03.o)
 .data          0x0000000006026110        0x0 ../../Compiler/SGL_302j/LIB_COFF/LIBSGL.A(sglD15.o)
 .data          0x0000000006026110        0x0 ../../Compiler/SGL_302j/LIB_COFF/LIBSGL.A(sglD16.o)
 .data          0x0000000006026110        0x0 ../../Compiler/SGL_302j/LIB_COFF/LIBSGL.A(sglD17.o)
 .data          0x0000000006026110        0x0 ../../Compiler/SGL_302j/LIB_COFF/LIBSGL.A(sglD18.o)
 .data          0x0000000006026110        0x0 ../../Compiler/SGL_302j/LIB_COFF/LIBSGL.A(sglF00.o)
 .data          0x0000000006026110        0x0 ../../Compiler/SGL_302j/LIB_COFF/LIBSGL.A(sglF05.o)
 .data          0x0000000006026110        0x0 ../../Compiler/SGL_302j/LIB_COFF/LIBSGL.A(sglH00.o)
 .data          0x0000000006026110        0x0 ../../Compiler/SGL_302j/LIB_COFF/LIBSGL.A(sglH01.o)
 .data          0x0000000006026110        0x0 ../../Compiler/SGL_302j/LIB_COFF/LIBSGL.A(sglH02.o)
 .data          0x0000000006026110        0x0 ../../Compiler/SGL_302j/LIB_COFF/LIBSGL.A(sglH04.o)
 .data          0x0000000006026110        0x0 ../../Compiler/SGL_302j/LIB_COFF/LIBSGL.A(sglI01.o)
 .data          0x0000000006026110       0x80 ../../Compiler/SGL_302j/LIB_COFF/LIBSGL.A(sglIc0.o)
                0x0000000006026110                IntPrioMask
 .data          0x0000000006026190        0x0 ../../Compiler/SGL_302j/LIB_COFF/LIBSGL.A(sglJ00.o)
 .data          0x0000000006026190        0x0 ../../Compiler/SGL_302j/LIB_COFF/LIBSGL.A(sglJ01.o)
 .data          0x0000000006026190        0x0 ../../Compiler/SGL_302j/LIB_COFF/LIBSGL.A(sglJ02.o)
 .data          0x0000000006026190        0x0 ../../Compiler/SGL_302j/LIB_COFF/LIBSGL.A(sglJ03.o)
 .data          0x0000000006026190        0x0 ../../Compiler/SGL_302j/LIB_COFF/LIBSGL.A(sglJ04.o)
 .data          0x0000000006026190        0x0 ../../Compiler/SGL_302j/LIB_COFF/LIBSGL.A(sglJ05.o)
 .data          0x0000000006026190        0x0 ../../Compiler/SGL_302j/LIB_COFF/LIBSGL.A(sglK01.o)
 .data          0x0000000006026190        0x0 ../../Compiler/SGL_302j/LIB_COFF/LIBSGL.A(sglM01.o)
 .data          0x0000000006026190        0x0 ../../Compiler/SGL_302j/LIB_COFF/LIBSGL.A(sglA00.o)
 .data          0x0000000006026190        0x0 ../../Compiler/SGL_302j/LIB_COFF/LIBSGL.A(sglA01.o)
 .data          0x0000000006026190        0x0 ../../Compiler/SGL_302j/LIB_COFF/LIBSGL.A(sglB000.o)
 .data          0x0000000006026190        0x0 ../../Compiler/SGL_302j/LIB_COFF/LIBSGL.A(sglB035.o)
 .data          0x0000000006026190        0x0 ../../Compiler/SGL_302j/LIB_COFF/LIBSGL.A(sglC00.o)
 .data          0x0000000006026190        0x0 ../../Compiler/SGL_302j/LIB_COFF/LIBSGL.A(sglI00.o)
 .data          0x0000000006026190        0x0 ../../Compiler/SGL_302j/LIB_COFF/LIBSGL.A(sglH03.o)
 .data          0x0000000006026190        0x0 /home/sansigolo/Documents/joengine/Compiler/SH_NONE_ELF/bin/../lib/gcc/sh-none-elf/8.2.0/libgcc.a(_ashiftrt.o)
 .data          0x0000000006026190        0x0 /home/sansigolo/Documents/joengine/Compiler/SH_NONE_ELF/bin/../lib/gcc/sh-none-elf/8.2.0/libgcc.a(_sdivsi3.o)
 .data          0x0000000006026190        0x0 /home/sansigolo/Documents/joengine/Compiler/SH_NONE_ELF/bin/../lib/gcc/sh-none-elf/8.2.0/libgcc.a(_udivsi3.o)
 .data          0x0000000006026190        0x0 /home/sansigolo/Documents/joengine/Compiler/SH_NONE_ELF/bin/../lib/gcc/sh-none-elf/8.2.0/libgcc.a(_mul_sf.o)
 .data          0x0000000006026190        0x0 /home/sansigolo/Documents/joengine/Compiler/SH_NONE_ELF/bin/../lib/gcc/sh-none-elf/8.2.0/libgcc.a(_div_sf.o)
 .data          0x0000000006026190        0x0 /home/sansigolo/Documents/joengine/Compiler/SH_NONE_ELF/bin/../lib/gcc/sh-none-elf/8.2.0/libgcc.a(_sf_to_si.o)
 .data          0x0000000006026190        0x0 /home/sansigolo/Documents/joengine/Compiler/SH_NONE_ELF/bin/../lib/gcc/sh-none-elf/8.2.0/libgcc.a(_thenan_sf.o)
 .data          0x0000000006026190        0x0 /home/sansigolo/Documents/joengine/Compiler/SH_NONE_ELF/bin/../lib/gcc/sh-none-elf/8.2.0/libgcc.a(_usi_to_sf.o)
 .data          0x0000000006026190        0x0 /home/sansigolo/Documents/joengine/Compiler/SH_NONE_ELF/bin/../lib/gcc/sh-none-elf/8.2.0/libgcc.a(_pack_sf.o)
 .data          0x0000000006026190        0x0 /home/sansigolo/Documents/joengine/Compiler/SH_NONE_ELF/bin/../lib/gcc/sh-none-elf/8.2.0/libgcc.a(_unpack_sf.o)
 .data          0x0000000006026190        0x0 /home/sansigolo/Documents/joengine/Compiler/SH_NONE_ELF/bin/../lib/gcc/sh-none-elf/8.2.0/../../../../sh-none-elf/lib/libc.a(lib_a-memcmp.o)
 .data          0x0000000006026190        0x0 /home/sansigolo/Documents/joengine/Compiler/SH_NONE_ELF/bin/../lib/gcc/sh-none-elf/8.2.0/../../../../sh-none-elf/lib/libc.a(lib_a-memcpy.o)
 .data          0x0000000006026190        0x0 /home/sansigolo/Documents/joengine/Compiler/SH_NONE_ELF/bin/../lib/gcc/sh-none-elf/8.2.0/../../../../sh-none-elf/lib/libc.a(lib_a-memset.o)
 .data          0x0000000006026190        0x0 /home/sansigolo/Documents/joengine/Compiler/SH_NONE_ELF/bin/../lib/gcc/sh-none-elf/8.2.0/../../../../sh-none-elf/lib/libc.a(lib_a-sprintf.o)
 .data          0x0000000006026190        0x0 /home/sansigolo/Documents/joengine/Compiler/SH_NONE_ELF/bin/../lib/gcc/sh-none-elf/8.2.0/../../../../sh-none-elf/lib/libc.a(lib_a-strncmp.o)
 .data          0x0000000006026190        0x0 /home/sansigolo/Documents/joengine/Compiler/SH_NONE_ELF/bin/../lib/gcc/sh-none-elf/8.2.0/../../../../sh-none-elf/lib/libc.a(lib_a-strncpy.o)
 .data          0x0000000006026190        0x0 /home/sansigolo/Documents/joengine/Compiler/SH_NONE_ELF/bin/../lib/gcc/sh-none-elf/8.2.0/../../../../sh-none-elf/lib/libc.a(lib_a-svfprintf.o)
 .data          0x0000000006026190        0x0 /home/sansigolo/Documents/joengine/Compiler/SH_NONE_ELF/bin/../lib/gcc/sh-none-elf/8.2.0/../../../../sh-none-elf/lib/libc.a(lib_a-dtoa.o)
 .data          0x0000000006026190      0x428 /home/sansigolo/Documents/joengine/Compiler/SH_NONE_ELF/bin/../lib/gcc/sh-none-elf/8.2.0/../../../../sh-none-elf/lib/libc.a(lib_a-impure.o)
                0x0000000006026190                _impure_ptr
 .data          0x00000000060265b8        0x0 /home/sansigolo/Documents/joengine/Compiler/SH_NONE_ELF/bin/../lib/gcc/sh-none-elf/8.2.0/../../../../sh-none-elf/lib/libc.a(lib_a-localeconv.o)
 .data          0x00000000060265b8      0x16c /home/sansigolo/Documents/joengine/Compiler/SH_NONE_ELF/bin/../lib/gcc/sh-none-elf/8.2.0/../../../../sh-none-elf/lib/libc.a(lib_a-locale.o)
                0x00000000060265b8                __global_locale
 .data          0x0000000006026724        0x0 /home/sansigolo/Documents/joengine/Compiler/SH_NONE_ELF/bin/../lib/gcc/sh-none-elf/8.2.0/../../../../sh-none-elf/lib/libc.a(lib_a-mbtowc_r.o)
 .data          0x0000000006026724        0x0 /home/sansigolo/Documents/joengine/Compiler/SH_NONE_ELF/bin/../lib/gcc/sh-none-elf/8.2.0/../../../../sh-none-elf/lib/libc.a(lib_a-memchr.o)
 .data          0x0000000006026724        0x0 /home/sansigolo/Documents/joengine/Compiler/SH_NONE_ELF/bin/../lib/gcc/sh-none-elf/8.2.0/../../../../sh-none-elf/lib/libc.a(lib_a-mprec.o)
 .data          0x0000000006026724        0x0 /home/sansigolo/Documents/joengine/Compiler/SH_NONE_ELF/bin/../lib/gcc/sh-none-elf/8.2.0/../../../../sh-none-elf/lib/libc.a(lib_a-nano-callocr.o)
 .data          0x0000000006026724        0x0 /home/sansigolo/Documents/joengine/Compiler/SH_NONE_ELF/bin/../lib/gcc/sh-none-elf/8.2.0/../../../../sh-none-elf/lib/libc.a(lib_a-nano-mallocr.o)
 .data          0x0000000006026724        0x0 /home/sansigolo/Documents/joengine/Compiler/SH_NONE_ELF/bin/../lib/gcc/sh-none-elf/8.2.0/../../../../sh-none-elf/lib/libc.a(lib_a-sbrkr.o)
 .data          0x0000000006026724        0x0 /home/sansigolo/Documents/joengine/Compiler/SH_NONE_ELF/bin/../lib/gcc/sh-none-elf/8.2.0/../../../../sh-none-elf/lib/libc.a(lib_a-strcmp.o)
 .data          0x0000000006026724        0x0 /home/sansigolo/Documents/joengine/Compiler/SH_NONE_ELF/bin/../lib/gcc/sh-none-elf/8.2.0/../../../../sh-none-elf/lib/libc.a(lib_a-strlen.o)
 .data          0x0000000006026724        0x0 /home/sansigolo/Documents/joengine/Compiler/SH_NONE_ELF/bin/../lib/gcc/sh-none-elf/8.2.0/../../../../sh-none-elf/lib/libc.a(lib_a-svfiprintf.o)
 .data          0x0000000006026724        0x0 /home/sansigolo/Documents/joengine/Compiler/SH_NONE_ELF/bin/../lib/gcc/sh-none-elf/8.2.0/../../../../sh-none-elf/lib/libc.a(lib_a-syscalls.o)
 .data          0x0000000006026724        0x0 /home/sansigolo/Documents/joengine/Compiler/SH_NONE_ELF/bin/../lib/gcc/sh-none-elf/8.2.0/../../../../sh-none-elf/lib/libc.a(lib_a-trap.o)
 .data          0x0000000006026724        0x0 /home/sansigolo/Documents/joengine/Compiler/SH_NONE_ELF/bin/../lib/gcc/sh-none-elf/8.2.0/../../../../sh-none-elf/lib/libc.a(lib_a-wctomb_r.o)
 .data          0x0000000006026724        0x0 /home/sansigolo/Documents/joengine/Compiler/SH_NONE_ELF/bin/../lib/gcc/sh-none-elf/8.2.0/../../../../sh-none-elf/lib/libc.a(lib_a-abort.o)
 .data          0x0000000006026724        0x0 /home/sansigolo/Documents/joengine/Compiler/SH_NONE_ELF/bin/../lib/gcc/sh-none-elf/8.2.0/../../../../sh-none-elf/lib/libc.a(lib_a-ctype_.o)
 .data          0x0000000006026724        0x0 /home/sansigolo/Documents/joengine/Compiler/SH_NONE_ELF/bin/../lib/gcc/sh-none-elf/8.2.0/../../../../sh-none-elf/lib/libc.a(lib_a-memmove.o)
 .data          0x0000000006026724        0x0 /home/sansigolo/Documents/joengine/Compiler/SH_NONE_ELF/bin/../lib/gcc/sh-none-elf/8.2.0/../../../../sh-none-elf/lib/libc.a(lib_a-mlock.o)
 .data          0x0000000006026724        0x0 /home/sansigolo/Documents/joengine/Compiler/SH_NONE_ELF/bin/../lib/gcc/sh-none-elf/8.2.0/../../../../sh-none-elf/lib/libc.a(lib_a-nano-freer.o)
 .data          0x0000000006026724        0x0 /home/sansigolo/Documents/joengine/Compiler/SH_NONE_ELF/bin/../lib/gcc/sh-none-elf/8.2.0/../../../../sh-none-elf/lib/libc.a(lib_a-nano-reallocr.o)
 .data          0x0000000006026724        0x0 /home/sansigolo/Documents/joengine/Compiler/SH_NONE_ELF/bin/../lib/gcc/sh-none-elf/8.2.0/../../../../sh-none-elf/lib/libc.a(lib_a-signal.o)
 .data          0x0000000006026724        0x0 /home/sansigolo/Documents/joengine/Compiler/SH_NONE_ELF/bin/../lib/gcc/sh-none-elf/8.2.0/../../../../sh-none-elf/lib/libc.a(lib_a-signalr.o)
 .data          0x0000000006026724        0x0 /home/sansigolo/Documents/joengine/Compiler/SH_NONE_ELF/bin/../lib/gcc/sh-none-elf/8.2.0/../../../../sh-none-elf/lib/libc.a(lib_a-nano-msizer.o)
 .data          0x0000000006026724        0x0 /home/sansigolo/Documents/joengine/Compiler/SH_NONE_ELF/bin/../lib/gcc/sh-none-elf/8.2.0/libgcc.a(_ashiftrt_n.o)
 .data          0x0000000006026724        0x0 /home/sansigolo/Documents/joengine/Compiler/SH_NONE_ELF/bin/../lib/gcc/sh-none-elf/8.2.0/libgcc.a(_ashiftlt.o)
 .data          0x0000000006026724        0x0 /home/sansigolo/Documents/joengine/Compiler/SH_NONE_ELF/bin/../lib/gcc/sh-none-elf/8.2.0/libgcc.a(_lshiftrt.o)
 .data          0x0000000006026724        0x0 /home/sansigolo/Documents/joengine/Compiler/SH_NONE_ELF/bin/../lib/gcc/sh-none-elf/8.2.0/libgcc.a(_udivdi3.o)
 .data          0x0000000006026724        0x0 /home/sansigolo/Documents/joengine/Compiler/SH_NONE_ELF/bin/../lib/gcc/sh-none-elf/8.2.0/libgcc.a(_umoddi3.o)
 .data          0x0000000006026724        0x0 /home/sansigolo/Documents/joengine/Compiler/SH_NONE_ELF/bin/../lib/gcc/sh-none-elf/8.2.0/libgcc.a(_addsub_df.o)
 .data          0x0000000006026724        0x0 /home/sansigolo/Documents/joengine/Compiler/SH_NONE_ELF/bin/../lib/gcc/sh-none-elf/8.2.0/libgcc.a(_mul_df.o)
 .data          0x0000000006026724        0x0 /home/sansigolo/Documents/joengine/Compiler/SH_NONE_ELF/bin/../lib/gcc/sh-none-elf/8.2.0/libgcc.a(_div_df.o)
 .data          0x0000000006026724        0x0 /home/sansigolo/Documents/joengine/Compiler/SH_NONE_ELF/bin/../lib/gcc/sh-none-elf/8.2.0/libgcc.a(_eq_df.o)
 .data          0x0000000006026724        0x0 /home/sansigolo/Documents/joengine/Compiler/SH_NONE_ELF/bin/../lib/gcc/sh-none-elf/8.2.0/libgcc.a(_ne_df.o)
 .data          0x0000000006026724        0x0 /home/sansigolo/Documents/joengine/Compiler/SH_NONE_ELF/bin/../lib/gcc/sh-none-elf/8.2.0/libgcc.a(_gt_df.o)
 .data          0x0000000006026724        0x0 /home/sansigolo/Documents/joengine/Compiler/SH_NONE_ELF/bin/../lib/gcc/sh-none-elf/8.2.0/libgcc.a(_ge_df.o)
 .data          0x0000000006026724        0x0 /home/sansigolo/Documents/joengine/Compiler/SH_NONE_ELF/bin/../lib/gcc/sh-none-elf/8.2.0/libgcc.a(_lt_df.o)
 .data          0x0000000006026724        0x0 /home/sansigolo/Documents/joengine/Compiler/SH_NONE_ELF/bin/../lib/gcc/sh-none-elf/8.2.0/libgcc.a(_le_df.o)
 .data          0x0000000006026724        0x0 /home/sansigolo/Documents/joengine/Compiler/SH_NONE_ELF/bin/../lib/gcc/sh-none-elf/8.2.0/libgcc.a(_unord_df.o)
 .data          0x0000000006026724        0x0 /home/sansigolo/Documents/joengine/Compiler/SH_NONE_ELF/bin/../lib/gcc/sh-none-elf/8.2.0/libgcc.a(_si_to_df.o)
 .data          0x0000000006026724        0x0 /home/sansigolo/Documents/joengine/Compiler/SH_NONE_ELF/bin/../lib/gcc/sh-none-elf/8.2.0/libgcc.a(_df_to_si.o)
 .data          0x0000000006026724        0x0 /home/sansigolo/Documents/joengine/Compiler/SH_NONE_ELF/bin/../lib/gcc/sh-none-elf/8.2.0/libgcc.a(_thenan_df.o)
 .data          0x0000000006026724        0x0 /home/sansigolo/Documents/joengine/Compiler/SH_NONE_ELF/bin/../lib/gcc/sh-none-elf/8.2.0/libgcc.a(_usi_to_df.o)
 .data          0x0000000006026724        0x0 /home/sansigolo/Documents/joengine/Compiler/SH_NONE_ELF/bin/../lib/gcc/sh-none-elf/8.2.0/libgcc.a(_udiv_qrnnd_16.o)
 .data          0x0000000006026724        0x0 /home/sansigolo/Documents/joengine/Compiler/SH_NONE_ELF/bin/../lib/gcc/sh-none-elf/8.2.0/libgcc.a(_clz.o)
 .data          0x0000000006026724        0x0 /home/sansigolo/Documents/joengine/Compiler/SH_NONE_ELF/bin/../lib/gcc/sh-none-elf/8.2.0/libgcc.a(_clzsi2.o)
 .data          0x0000000006026724        0x0 /home/sansigolo/Documents/joengine/Compiler/SH_NONE_ELF/bin/../lib/gcc/sh-none-elf/8.2.0/libgcc.a(_pack_df.o)
 .data          0x0000000006026724        0x0 /home/sansigolo/Documents/joengine/Compiler/SH_NONE_ELF/bin/../lib/gcc/sh-none-elf/8.2.0/libgcc.a(_unpack_df.o)
 .data          0x0000000006026724        0x0 /home/sansigolo/Documents/joengine/Compiler/SH_NONE_ELF/bin/../lib/gcc/sh-none-elf/8.2.0/libgcc.a(_fpcmp_parts_df.o)
                0x0000000006026724                __edata = .

.bss            0x0000000006026730    0x82f1c
                0x0000000006026730                __bstart = .
 *(.bss)
 .bss           0x0000000006026730        0x0 ../../Compiler/SGL_302j/LIB_COFF/SGLAREA.O
 .bss           0x0000000006026730    0x82e94 /tmp/ccJfuVYy.ltrans0.ltrans.o
 *fill*         0x00000000060a95c4        0xc 
 .bss           0x00000000060a95d0        0x4 ../../Compiler/SGL_302j/LIB_COFF/SEGA_SYS.A(sys_exit.o)
 *fill*         0x00000000060a95d4        0xc 
 .bss           0x00000000060a95e0        0x0 ../../Compiler/SGL_302j/LIB_COFF/SEGA_SYS.A(sys_sub.o)
 .bss           0x00000000060a95e0        0x0 ../../Compiler/SGL_302j/LIB_COFF/LIBCD.A(CDC_CMN.O)
 .bss           0x00000000060a95e0        0x0 ../../Compiler/SGL_302j/LIB_COFF/LIBCD.A(CDC_CFS.O)
 .bss           0x00000000060a95e0        0x2 ../../Compiler/SGL_302j/LIB_COFF/LIBCD.A(CDC_REG.O)
 *fill*         0x00000000060a95e2        0xe 
 .bss           0x00000000060a95f0        0xc ../../Compiler/SGL_302j/LIB_COFF/LIBCD.A(CDC_SUB.O)
 *fill*         0x00000000060a95fc        0x4 
 .bss           0x00000000060a9600        0x0 ../../Compiler/SGL_302j/LIB_COFF/LIBCD.A(GFS.O)
 .bss           0x00000000060a9600        0x0 ../../Compiler/SGL_302j/LIB_COFF/LIBCD.A(GFS_BUF.O)
 .bss           0x00000000060a9600        0x0 ../../Compiler/SGL_302j/LIB_COFF/LIBCD.A(GFS_CDB.O)
 .bss           0x00000000060a9600        0x0 ../../Compiler/SGL_302j/LIB_COFF/LIBCD.A(GFS_CDC.O)
 .bss           0x00000000060a9600        0x0 ../../Compiler/SGL_302j/LIB_COFF/LIBCD.A(GFS_CDF.O)
 .bss           0x00000000060a9600        0x0 ../../Compiler/SGL_302j/LIB_COFF/LIBCD.A(GFS_DIR.O)
 .bss           0x00000000060a9600        0xc ../../Compiler/SGL_302j/LIB_COFF/LIBCD.A(GFS_TRN.O)
 *fill*         0x00000000060a960c        0x4 
 .bss           0x00000000060a9610        0x0 ../../Compiler/SGL_302j/LIB_COFF/LIBCD.A(CDC_DRV.O)
 .bss           0x00000000060a9610        0x0 ../../Compiler/SGL_302j/LIB_COFF/LIBCD.A(CDC_DEV.O)
 .bss           0x00000000060a9610        0x0 ../../Compiler/SGL_302j/LIB_COFF/LIBCD.A(CDC_SEL.O)
 .bss           0x00000000060a9610        0x0 ../../Compiler/SGL_302j/LIB_COFF/LIBCD.A(CDC_BIF.O)
 .bss           0x00000000060a9610        0x0 ../../Compiler/SGL_302j/LIB_COFF/LIBCD.A(CDC_BIO.O)
 .bss           0x00000000060a9610        0x0 ../../Compiler/SGL_302j/LIB_COFF/LIBSGL.A(sglA15.o)
 .bss           0x00000000060a9610        0x0 ../../Compiler/SGL_302j/LIB_COFF/LIBSGL.A(sglA20.o)
 .bss           0x00000000060a9610        0x0 ../../Compiler/SGL_302j/LIB_COFF/LIBSGL.A(sglA21.o)
 .bss           0x00000000060a9610        0x0 ../../Compiler/SGL_302j/LIB_COFF/LIBSGL.A(sglA27.o)
 .bss           0x00000000060a9610        0x0 ../../Compiler/SGL_302j/LIB_COFF/LIBSGL.A(sglB001.o)
 .bss           0x00000000060a9610        0x0 ../../Compiler/SGL_302j/LIB_COFF/LIBSGL.A(sglB011.o)
 .bss           0x00000000060a9610        0x0 ../../Compiler/SGL_302j/LIB_COFF/LIBSGL.A(sglB015.o)
 .bss           0x00000000060a9610        0x0 ../../Compiler/SGL_302j/LIB_COFF/LIBSGL.A(sglB016.o)
 .bss           0x00000000060a9610        0x0 ../../Compiler/SGL_302j/LIB_COFF/LIBSGL.A(sglB032.o)
 .bss           0x00000000060a9610        0x0 ../../Compiler/SGL_302j/LIB_COFF/LIBSGL.A(sglB053.o)
 .bss           0x00000000060a9610        0x0 ../../Compiler/SGL_302j/LIB_COFF/LIBSGL.A(sglB056.o)
 .bss           0x00000000060a9610        0x0 ../../Compiler/SGL_302j/LIB_COFF/LIBSGL.A(sglB063.o)
 .bss           0x00000000060a9610        0x0 ../../Compiler/SGL_302j/LIB_COFF/LIBSGL.A(sglB200.o)
 .bss           0x00000000060a9610        0x0 ../../Compiler/SGL_302j/LIB_COFF/LIBSGL.A(sglC05.o)
 .bss           0x00000000060a9610        0x0 ../../Compiler/SGL_302j/LIB_COFF/LIBSGL.A(sglC06.o)
 .bss           0x00000000060a9610        0x0 ../../Compiler/SGL_302j/LIB_COFF/LIBSGL.A(sglC07.o)
 .bss           0x00000000060a9610        0x0 ../../Compiler/SGL_302j/LIB_COFF/LIBSGL.A(sglC08.o)
 .bss           0x00000000060a9610        0x0 ../../Compiler/SGL_302j/LIB_COFF/LIBSGL.A(sglC20.o)
 .bss           0x00000000060a9610        0x0 ../../Compiler/SGL_302j/LIB_COFF/LIBSGL.A(sglD00.o)
 .bss           0x00000000060a9610        0x0 ../../Compiler/SGL_302j/LIB_COFF/LIBSGL.A(sglD01.o)
 .bss           0x00000000060a9610        0x0 ../../Compiler/SGL_302j/LIB_COFF/LIBSGL.A(sglD03.o)
 .bss           0x00000000060a9610        0x0 ../../Compiler/SGL_302j/LIB_COFF/LIBSGL.A(sglD15.o)
 .bss           0x00000000060a9610        0x0 ../../Compiler/SGL_302j/LIB_COFF/LIBSGL.A(sglD16.o)
 .bss           0x00000000060a9610        0x0 ../../Compiler/SGL_302j/LIB_COFF/LIBSGL.A(sglD17.o)
 .bss           0x00000000060a9610        0x0 ../../Compiler/SGL_302j/LIB_COFF/LIBSGL.A(sglD18.o)
 .bss           0x00000000060a9610        0x0 ../../Compiler/SGL_302j/LIB_COFF/LIBSGL.A(sglF00.o)
 .bss           0x00000000060a9610        0x0 ../../Compiler/SGL_302j/LIB_COFF/LIBSGL.A(sglF05.o)
 .bss           0x00000000060a9610        0x0 ../../Compiler/SGL_302j/LIB_COFF/LIBSGL.A(sglH00.o)
 .bss           0x00000000060a9610        0x0 ../../Compiler/SGL_302j/LIB_COFF/LIBSGL.A(sglH01.o)
 .bss           0x00000000060a9610        0x0 ../../Compiler/SGL_302j/LIB_COFF/LIBSGL.A(sglH02.o)
 .bss           0x00000000060a9610        0x0 ../../Compiler/SGL_302j/LIB_COFF/LIBSGL.A(sglH04.o)
 .bss           0x00000000060a9610        0x0 ../../Compiler/SGL_302j/LIB_COFF/LIBSGL.A(sglI01.o)
 .bss           0x00000000060a9610        0x0 ../../Compiler/SGL_302j/LIB_COFF/LIBSGL.A(sglIc0.o)
 .bss           0x00000000060a9610        0x0 ../../Compiler/SGL_302j/LIB_COFF/LIBSGL.A(sglJ00.o)
 .bss           0x00000000060a9610        0x0 ../../Compiler/SGL_302j/LIB_COFF/LIBSGL.A(sglJ01.o)
 .bss           0x00000000060a9610        0x0 ../../Compiler/SGL_302j/LIB_COFF/LIBSGL.A(sglJ02.o)
 .bss           0x00000000060a9610        0x0 ../../Compiler/SGL_302j/LIB_COFF/LIBSGL.A(sglJ03.o)
 .bss           0x00000000060a9610        0x0 ../../Compiler/SGL_302j/LIB_COFF/LIBSGL.A(sglJ04.o)
 .bss           0x00000000060a9610        0x0 ../../Compiler/SGL_302j/LIB_COFF/LIBSGL.A(sglJ05.o)
 .bss           0x00000000060a9610        0x0 ../../Compiler/SGL_302j/LIB_COFF/LIBSGL.A(sglK01.o)
 .bss           0x00000000060a9610        0x0 ../../Compiler/SGL_302j/LIB_COFF/LIBSGL.A(sglM01.o)
 .bss           0x00000000060a9610        0x0 ../../Compiler/SGL_302j/LIB_COFF/LIBSGL.A(sglA00.o)
 .bss           0x00000000060a9610        0x0 ../../Compiler/SGL_302j/LIB_COFF/LIBSGL.A(sglA01.o)
 .bss           0x00000000060a9610        0x0 ../../Compiler/SGL_302j/LIB_COFF/LIBSGL.A(sglB000.o)
 .bss           0x00000000060a9610        0x0 ../../Compiler/SGL_302j/LIB_COFF/LIBSGL.A(sglB035.o)
 .bss           0x00000000060a9610        0x0 ../../Compiler/SGL_302j/LIB_COFF/LIBSGL.A(sglC00.o)