Archive member included to satisfy reference by file (symbol)

../../Compiler/SGL_302j/LIB_COFF/SEGA_SYS.A(sys_exit.o)
                              ../../jo_engine/core.o (symbol from plugin) (SYS_Exit)
../../Compiler/SGL_302j/LIB_COFF/SEGA_SYS.A(sys_sub.o)
                              ../../Compiler/SGL_302j/LIB_COFF/SEGA_SYS.A(sys_exit.o) (SYSUB_SetStackptr)
../../Compiler/SGL_302j/LIB_COFF/LIBCD.A(CDC_CMN.O)
                              ../../Compiler/SGL_302j/LIB_COFF/SEGA_SYS.A(sys_exit.o) (CDC_GetCurStat)
../../Compiler/SGL_302j/LIB_COFF/LIBCD.A(CDC_CFS.O)
                              ../../Compiler/SGL_302j/LIB_COFF/SEGA_SYS.A(sys_exit.o) (CDC_ChgDir)
../../Compiler/SGL_302j/LIB_COFF/LIBCD.A(CDC_REG.O)
                              ../../Compiler/SGL_302j/LIB_COFF/SEGA_SYS.A(sys_exit.o) (CDC_GetHirqReq)
../../Compiler/SGL_302j/LIB_COFF/LIBCD.A(CDC_SUB.O)
                              ../../Compiler/SGL_302j/LIB_COFF/LIBCD.A(CDC_CMN.O) (CDSUB_UpdStatus)
../../Compiler/SGL_302j/LIB_COFF/LIBCD.A(GFS.O)
                              ../../jo_engine/fs.o (symbol from plugin) (GFS_Init)
../../Compiler/SGL_302j/LIB_COFF/LIBCD.A(GFS_BUF.O)
                              ../../Compiler/SGL_302j/LIB_COFF/LIBCD.A(GFS.O) (GFBF_GetNumData)
../../Compiler/SGL_302j/LIB_COFF/LIBCD.A(GFS_CDB.O)
                              ../../Compiler/SGL_302j/LIB_COFF/LIBCD.A(GFS.O) (GFCB_Close)
../../Compiler/SGL_302j/LIB_COFF/LIBCD.A(GFS_CDC.O)
                              ../../Compiler/SGL_302j/LIB_COFF/LIBCD.A(GFS.O) (GFCD_SetCdbfs)
../../Compiler/SGL_302j/LIB_COFF/LIBCD.A(GFS_CDF.O)
                              ../../Compiler/SGL_302j/LIB_COFF/LIBCD.A(GFS.O) (GFCF_Init)
../../Compiler/SGL_302j/LIB_COFF/LIBCD.A(GFS_DIR.O)
                              ../../Compiler/SGL_302j/LIB_COFF/LIBCD.A(GFS.O) (GFDR_SetupDirTbl)
../../Compiler/SGL_302j/LIB_COFF/LIBCD.A(GFS_TRN.O)
                              ../../Compiler/SGL_302j/LIB_COFF/LIBCD.A(GFS.O) (GFTR_Setup)
../../Compiler/SGL_302j/LIB_COFF/LIBCD.A(CDC_DRV.O)
                              ../../Compiler/SGL_302j/LIB_COFF/LIBCD.A(GFS_CDC.O) (CDC_CdPlay)
../../Compiler/SGL_302j/LIB_COFF/LIBCD.A(CDC_DEV.O)
                              ../../Compiler/SGL_302j/LIB_COFF/LIBCD.A(GFS_CDC.O) (CDC_CdSetCon)
../../Compiler/SGL_302j/LIB_COFF/LIBCD.A(CDC_SEL.O)
                              ../../Compiler/SGL_302j/LIB_COFF/LIBCD.A(GFS_CDC.O) (CDC_SetFiltRange)
../../Compiler/SGL_302j/LIB_COFF/LIBCD.A(CDC_BIF.O)
                              ../../Compiler/SGL_302j/LIB_COFF/LIBCD.A(GFS_CDC.O) (CDC_GetBufSiz)
../../Compiler/SGL_302j/LIB_COFF/LIBCD.A(CDC_BIO.O)
                              ../../Compiler/SGL_302j/LIB_COFF/LIBCD.A(GFS_CDC.O) (CDC_SetSctLen)
../../Compiler/SGL_302j/LIB_COFF/LIBSGL.A(sglA15.o)
                              ../../jo_engine/core.o (symbol from plugin) (slSlaveFunc)
../../Compiler/SGL_302j/LIB_COFF/LIBSGL.A(sglA20.o)
                              ../../jo_engine/core.o (symbol from plugin) (slUnitMatrix)
../../Compiler/SGL_302j/LIB_COFF/LIBSGL.A(sglA21.o)
                              ../../jo_engine/map.o (symbol from plugin) (slPushMatrix)
../../Compiler/SGL_302j/LIB_COFF/LIBSGL.A(sglA27.o)
                              ../../jo_engine/map.o (symbol from plugin) (slTranslate)
../../Compiler/SGL_302j/LIB_COFF/LIBSGL.A(sglB001.o)
                              ../../jo_engine/core.o (symbol from plugin) (slTVOn)
../../Compiler/SGL_302j/LIB_COFF/LIBSGL.A(sglB011.o)
                              ../../jo_engine/core.o (symbol from plugin) (slBitMapNbg1)
../../Compiler/SGL_302j/LIB_COFF/LIBSGL.A(sglB015.o)
                              ../../jo_engine/core.o (symbol from plugin) (slScrAutoDisp)
../../Compiler/SGL_302j/LIB_COFF/LIBSGL.A(sglB016.o)
                              ../../jo_engine/core.o (symbol from plugin) (slBack1ColSet)
../../Compiler/SGL_302j/LIB_COFF/LIBSGL.A(sglB032.o)
                              ../../jo_engine/core.o (symbol from plugin) (slMapNbg1)
../../Compiler/SGL_302j/LIB_COFF/LIBSGL.A(sglB053.o)
                              ../../jo_engine/core.o (symbol from plugin) (slZoomNbg1)
../../Compiler/SGL_302j/LIB_COFF/LIBSGL.A(sglB056.o)
                              ../../jo_engine/core.o (symbol from plugin) (slPlaneNbg1)
../../Compiler/SGL_302j/LIB_COFF/LIBSGL.A(sglB063.o)
                              ../../jo_engine/core.o (symbol from plugin) (slPriority)
../../Compiler/SGL_302j/LIB_COFF/LIBSGL.A(sglB200.o)
                              ../../jo_engine/core.o (symbol from plugin) (slCharNbg0)
../../Compiler/SGL_302j/LIB_COFF/LIBSGL.A(sglC06.o)
                              ../../jo_engine/sprites.o (symbol from plugin) (slDispSprite)
../../Compiler/SGL_302j/LIB_COFF/LIBSGL.A(sglC07.o)
                              ../../jo_engine/sprites.o (symbol from plugin) (slPutSprite)
../../Compiler/SGL_302j/LIB_COFF/LIBSGL.A(sglC08.o)
                              ../../jo_engine/map.o (symbol from plugin) (slPutPolygon)
[...]
Memory Configuration

Name             Origin             Length             Attributes
*default*        0x0000000000000000 0xffffffffffffffff

Linker script and memory map

TARGET(coff-sh)

SLSTART         0x0000000006004000       0x28
                0x0000000006004000                ___Start = .
 *(SLSTART)
 SLSTART        0x0000000006004000       0x28 ../../Compiler/SGL_302j/LIB_COFF/LIBSGL.A(sglI00.o)
                0x0000000006004000                SGL_Start
                0x0000000006004002                slStartSGL

.text           0x0000000006004040     0xe558
 *(.text)
 .text          0x0000000006004040        0x0 ../../Compiler/SGL_302j/LIB_COFF/SGLAREA.O
 .text          0x0000000006004040     0x1768 /tmp/ccnUbFNA.ltrans0.ltrans.o
 *fill*         0x00000000060057a8        0x8 
 .text          0x00000000060057b0      0x238 ../../Compiler/SGL_302j/LIB_COFF/SEGA_SYS.A(sys_exit.o)
                0x00000000060057b0                sys_version
                0x00000000060057d0                SYS_Exit
 *fill*         0x00000000060059e8        0x8 
 .text          0x00000000060059f0        0x6 ../../Compiler/SGL_302j/LIB_COFF/SEGA_SYS.A(sys_sub.o)
                0x00000000060059f0                SYSUB_SetStackptr
 *fill*         0x00000000060059f6        0xa 
 .text          0x0000000006005a00      0x3a0 ../../Compiler/SGL_302j/LIB_COFF/LIBCD.A(CDC_CMN.O)
                0x0000000006005a00                CDC_GetCurStat
                0x0000000006005a50                CDC_GetLastStat
                0x0000000006005a68                CDC_GetPeriStat
                0x0000000006005b3c                CDC_GetHwInfo
                0x0000000006005ba4                CDC_TgetToc
                0x0000000006005bf4                CDC_GetSes
                0x0000000006005c30                CDC_CdInit
                0x0000000006005cb4                CDC_CdOpen
                0x0000000006005cdc                CDC_DataReady
                0x0000000006005d48                CDC_DataEnd
 .text          0x0000000006005da0      0x194 ../../Compiler/SGL_302j/LIB_COFF/LIBCD.A(CDC_CFS.O)
                0x0000000006005da0                CDC_ChgDir
                0x0000000006005dd4                CDC_ReadDir
                0x0000000006005e08                CDC_GetFileScope
                0x0000000006005e68                CDC_TgetFileInfo
                0x0000000006005ec4                CDC_ReadFile
                0x0000000006005ef8                CDC_AbortFile
 *fill*         0x0000000006005f34        0xc 
 .text          0x0000000006005f40      0x2dc ../../Compiler/SGL_302j/LIB_COFF/LIBCD.A(CDC_REG.O)
                0x0000000006005f40                CDC_GetDataPtr
                0x0000000006005f50                CDC_GetHirqReq
                0x0000000006005f64                CDC_ClrHirqReq
                0x0000000006005f94                CDREG_ClrHirqReq
                0x0000000006005fa4                CDREG_InitHirqReq
                0x0000000006005fcc                CDREG_SetHirqFlag
                0x0000000006005fe0                CDC_GetHirqMsk
                0x0000000006005ff4                CDC_SetHirqMsk
                0x0000000006006004                CDC_GetMpegPtr
                0x0000000006006014                CDREG_TgetData
                0x0000000006006070                CDREG_CmdRsp
                0x0000000006006170                CDREG_WaitHirq
                0x00000000060061e0                CDREG_ReadRsp
 *fill*         0x000000000600621c        0x4 
 .text          0x0000000006006220      0x152 ../../Compiler/SGL_302j/LIB_COFF/LIBCD.A(CDC_SUB.O)
                0x0000000006006220                CDSUB_UpdStatus
                0x0000000006006238                CDSUB_UpdCdstat
                0x0000000006006258                CDSUB_CdCmd
                0x00000000060062c8                CDSUB_GetCdstat
                0x0000000006006308                CDSUB_RspToCdstat
                0x0000000006006350                CDSUB_SoftTimer
 *fill*         0x0000000006006372        0xe 
 .text          0x0000000006006380     0x1adc ../../Compiler/SGL_302j/LIB_COFF/LIBCD.A(GFS.O)
                0x0000000006006380                gfs_version
                0x00000000060063a0                GFS_Init
                0x0000000006006488                GFS_LoadDir
                0x0000000006006530                GFS_SetDir
                0x0000000006006598                GFS_NameToId
                0x00000000060065fc                GFS_IdToName
                0x0000000006006668                GFS_GetDirInfo
                0x00000000060066d8                GFS_Reset
                0x000000000600675c                GFS_Open
                0x0000000006006810                GFS_Close
                0x0000000006006848                GFS_Seek
                0x00000000060068fc                GFS_Tell
                0x000000000600694c                GFS_IsEof
                0x00000000060069a0                GFS_ByteToSct
                0x00000000060069fc                GFS_GetFileSize
                0x0000000006006a58                GFS_GetFileInfo
                0x0000000006006acc                GFS_GetNumCdbuf
                0x0000000006006af4                GFS_Load
                0x0000000006006bb8                GFS_Fread
                0x0000000006006c54                gfs_waitRead
                0x0000000006006cfc                GFS_NwFread
                0x0000000006006e08                GFS_NwCdRead
                0x0000000006006e80                GFS_NwIsComplete
                0x0000000006006eb8                GFS_NwStop
                0x0000000006006f24                GFS_NwGetStat
                0x0000000006006fa0                gfs_recovRdErr
                0x0000000006006fd0                GFS_NwExecOne
                0x0000000006007090                GFS_NwExecServer
                0x000000000600710c                GFS_SetGmode
                0x0000000006007170                GFS_SetTmode
                0x00000000060071dc                GFS_SetReadPara
                0x0000000006007240                GFS_SetTransPara
                0x00000000060072ac                GFS_SetTrFunc
                0x0000000006007310                GFS_StartTrans
                0x000000000600735c                GFS_CdMovePickup
                0x00000000060073c8                GFS_SetErrFunc
                0x00000000060073f4                GFS_GetErrStat
                0x0000000006007418                GFS_ConvTno
                0x0000000006007440                gfs_chgRoot
                0x000000000600750c                gfs_aborttrans
                0x0000000006007518                gfs_mngSetupFuncTbl
                0x000000000600754c                gfs_mngInitWork
                0x00000000060075f0                gfs_mngGetNumFile
                0x0000000006007658                GFS_mngAllocGrp
                0x00000000060076a0                gfs_mngFreeGrp
                0x00000000060076ac                gfs_mngTermAccess
                0x0000000006007730                gfs_mngSetErrCode
                0x00000000060077b0                gfs_svrSearchHndl
                0x00000000060077f0                gfs_svrAddHndl
                0x000000000600782c                gfs_svrRemoveHndl
                0x0000000006007888                GFS_OpenSub
                0x00000000060078e0                gfs_loadVol
                0x00000000060079a4                gfs_getRootDir
                0x0000000006007aa0                gfs_loadRootDir
                0x0000000006007b28                gfs_flowIn
                0x0000000006007bd0                gfs_transData
                0x0000000006007c74                GFS_GetFad
                0x0000000006007ccc                gfs_SetSct
                0x0000000006007d0c                gfs_GetFinfo
                0x0000000006007d4c                gfs_closeSub
                0x0000000006007d88                gfs_getGmode
                0x0000000006007d94                gfs_isTaskDone
                0x0000000006007de8                gfs_convFinStat
 *fill*         0x0000000006007e5c        0x4 
 .text          0x0000000006007e60      0x106 ../../Compiler/SGL_302j/LIB_COFF/LIBCD.A(GFS_BUF.O)
                0x0000000006007e90                GFBF_GetTranData
                0x0000000006007eb8                GFBF_GetNumData
                0x0000000006007ee8                GFBF_GetSrcPk
                0x0000000006007f10                GFBF_GetSctData
                0x0000000006007f34                GFBF_RtnPk
                0x0000000006007f5c                gfbf_getSctDt
 *fill*         0x0000000006007f66        0xa 
 .text          0x0000000006007f70      0x600 ../../Compiler/SGL_302j/LIB_COFF/LIBCD.A(GFS_CDB.O)
                0x0000000006007f70                GFCB_Setup
                0x0000000006008090                GFCB_Close
                0x00000000060080b8                GFCB_GetLenData
                0x0000000006008164                GFCB_GetLenRoom
                0x0000000006008170                GFCB_SetFilt
                0x00000000060081d8                GFCB_DeleteAllData
                0x0000000006008200                GFCB_Tell
                0x0000000006008210                gfcb_getSctNum
                0x0000000006008260                GFCB_Seek
                0x000000000600835c                GFCB_GetSrcPack
                0x000000000600843c                GFCB_GetSctData
                0x0000000006008474                GFCB_GetDstPack
                0x0000000006008480                GFCB_RtnPk
                0x00000000060084c8                GFCB_MovePickup
                0x00000000060084e4                GFCB_SetCon
                0x0000000006008518                GFCB_GetPickup
                0x0000000006008540                GFCB_IsPuOwner
                0x0000000006008558                GFCB_UngetPickup
 .text          0x0000000006008570     0x1a10 ../../Compiler/SGL_302j/LIB_COFF/LIBCD.A(GFS_CDC.O)
                0x0000000006008570                GFCD_SetCdbfs
                0x000000000600859c                GFCD_Init
                0x00000000060087a0                GFCD_AllocFilt
                0x00000000060087dc                GFCD_FreeFilt
                0x000000000600880c                GFCD_AllocBuf
                0x0000000006008840                GFCD_FreeBuf
                0x00000000060088e4                GFCD_GetBaseFad
                0x0000000006008918                GFCD_GetPickup
                0x000000000600894c                GFCD_UngetPickup
                0x0000000006008978                GFCD_IsPuOwner
                0x000000000600899c                GFCD_SetFilt
                0x0000000006008a60                GFCD_GetFilt
                0x0000000006008aa8                GFCD_SetCon
                0x0000000006008b00                GFCD_Play
                0x0000000006008b60                GFCD_GetLenData
                0x0000000006008bc8                GFCD_ReqData
                0x0000000006008c24                GFCD_EndData
                0x0000000006008c6c                GFCD_DelSctData
                0x0000000006008cc4                GFCD_CheckDelSctData
                0x0000000006008cf4                GFCD_GetStat
                0x0000000006008da8                GFCD_MovePickup
                0x0000000006008df4                GFCD_MoveSctData
                0x0000000006008e68                GFCD_CheckMove
                0x0000000006008e8c                GFCD_GetSctInfo
                0x0000000006008ed4                GFCD_ChgDir
                0x0000000006008f48                GFCD_SetFiltCon
                0x0000000006009030                GFCD_GetFileInfo
                0x000000000600910c                GFCD_GetBufSiz
                0x0000000006009144                GFCD_ExecServer
                0x0000000006009218                gfcd_isIdleTask
                0x00000000060092a4                gfcd_doTask
                0x0000000006009350                GFCD_SetTimer
                0x0000000006009364                GFCD_WaitServer
                0x00000000060093a0                gfcd_doSetFiltTsk
                0x0000000006009564                gfcd_doSetConTsk
                0x00000000060095f4                gfcd_doGetLenDataTsk
                0x0000000006009748                gfcd_doReqDataTsk
                0x00000000060097e8                gfcd_doDelSctDataTsk
                0x000000000600991c                gfcd_doMoveSctTsk
                0x0000000006009a80                gfcd_doChgDirTsk
                0x0000000006009c7c                gfcd_doSetFiltConTsk
                0x0000000006009dc0                gfcd_checkEflag
                0x0000000006009de4                gfcd_initCdbMng
                0x0000000006009e64                gfcd_setStat
                0x0000000006009e90                GFCD_SetCsctFunc
                0x0000000006009eac                GFCD_ChkScdqFlag
                0x0000000006009ed0                GFCD_ClrScdqFlag
                0x0000000006009eec                GFCD_WaitScdqFlag
                0x0000000006009f30                GFCD_WaitPause
 .text          0x0000000006009f80      0x8d8 ../../Compiler/SGL_302j/LIB_COFF/LIBCD.A(GFS_CDF.O)
                0x0000000006009f80                GFCF_Init
                0x000000000600a020                GFCF_Setup
                0x000000000600a168                GFCF_SetSct
                0x000000000600a1ac                GFCF_GetFileInfo
                0x000000000600a220                GFCF_FlowInBuf
                0x000000000600a374                GFCF_StopInBuf
                0x000000000600a414                GFCF_Recover
                0x000000000600a45c                GFCF_Tell
                0x000000000600a474                GFCF_Seek
                0x000000000600a48c                GFCF_MovePickup
                0x000000000600a528                GFCF_cnvIntlvOfs
                0x000000000600a57c                GFCF_GetStat
                0x000000000600a614                gfcf_getSctSize
                0x000000000600a650                gfcf_isCdOk
                0x000000000600a710                gfcf_getPlayRange
 *fill*         0x000000000600a858        0x8 
 .text          0x000000000600a860      0x92c ../../Compiler/SGL_302j/LIB_COFF/LIBCD.A(GFS_DIR.O)
                0x000000000600a860                GFDR_SetupDirTbl
                0x000000000600a8d4                GFDR_NameToId
                0x000000000600a934                GFDR_GetInfoDirId
                0x000000000600a948                GFDR_GetInfoDirName
                0x000000000600a95c                GFDR_GetAtrDirId
                0x000000000600a974                GFDR_GetAtrDirName
                0x000000000600a98c                GFDR_ChgRoot
                0x000000000600a9a4                GFDR_ChgDir
                0x000000000600aa18                gfdr_setupDirIdTbl
                0x000000000600aa9c                gfdr_setupDirNameTbl
                0x000000000600ab48                gfdr_open
                0x000000000600ab70                gfdr_read
                0x000000000600ac30                gfdr_readByte
                0x000000000600ac5c                gfdr_readWord
                0x000000000600ac88                gfdr_readWordNB
                0x000000000600acdc                gfdr_readLongNB
                0x000000000600ad28                gfdr_readLongNM
                0x000000000600ad50                gfdr_setNextRec
                0x000000000600add4                gfdr_readDirEnt
                0x000000000600b150                gfdr_setDirrecCd
 *fill*         0x000000000600b18c        0x4 
 .text          0x000000000600b190      0x9c6 ../../Compiler/SGL_302j/LIB_COFF/LIBCD.A(GFS_TRN.O)
                0x000000000600b1c0                GFTR_Setup
                0x000000000600b204                GFTR_SetMode
                0x000000000600b218                GFTR_SetUnit
                0x000000000600b224                GFTR_SetTransPara
                0x000000000600b258                GFTR_GetTransPara
                0x000000000600b264                GFTR_GetNumTrans
                0x000000000600b270                GFTR_SetTransMax
                0x000000000600b27c                GFTR_Start
                0x000000000600b288                GFTR_Pause
                0x000000000600b294                GFTR_Stop
                0x000000000600b34c                GFTR_Exec
                0x000000000600b3d0                GFTR_Idle
                0x000000000600b448                GFTR_ExecSvr
                0x000000000600b550                gftr_getSrcPack
                0x000000000600b5d8                gftr_getDstPack
                0x000000000600b634                gftr_reqScu
                0x000000000600b640                gftr_execScu
                0x000000000600b6dc                gftr_remScu
                0x000000000600b710                gfdma_canUse
                0x000000000600b71c                gfdma_exec
                0x000000000600b78c                gfdma_getBytecnt
                0x000000000600b7c4                gftr_reqDma0
                0x000000000600b7dc                gftr_execSdma0
                0x000000000600b800                gftr_remDma0
                0x000000000600b818                gftr_reqDma1
                0x000000000600b830                gftr_execSdma1
                0x000000000600b854                gftr_remDma1
                0x000000000600b86c                gftr_reqCpu
                0x000000000600b878                gftr_execCpu
                0x000000000600b8b8                gftr_remCpu
                0x000000000600b8c4                gftr_reqTrn
                0x000000000600b934                gftr_execTrn
                0x000000000600ba0c                gftr_remTrn
                0x000000000600ba80                gftr_copyFrac
                0x000000000600baa8                GFTR_GetLenData
                0x000000000600bab4                GFTR_GetLenRoom
                0x000000000600bacc                GFTR_GetDstPack
                0x000000000600bb00                GFTR_RtnDstPk
                0x000000000600bb1c                GFTR_GetData
                0x000000000600bb30                GFTR_SetData
                0x000000000600bb44                GFTR_SetTransFunc
 *fill*         0x000000000600bb56        0xa 
 .text          0x000000000600bb60      0x130 ../../Compiler/SGL_302j/LIB_COFF/LIBCD.A(CDC_DRV.O)
                0x000000000600bb60                CDC_CdPlay
                0x000000000600bc2c                CDC_CdSeek
                0x000000000600bc60                CDC_CdScan
 .text          0x000000000600bc90       0xa8 ../../Compiler/SGL_302j/LIB_COFF/LIBCD.A(CDC_DEV.O)
                0x000000000600bc90                CDC_CdSetCon
                0x000000000600bcc0                CDC_CdGetCon
                0x000000000600bcfc                CDC_CdGetLastBuf
 *fill*         0x000000000600bd38        0x8 
 .text          0x000000000600bd40      0x2b8 ../../Compiler/SGL_302j/LIB_COFF/LIBCD.A(CDC_SEL.O)
                0x000000000600bd40                CDC_SetFiltRange
                0x000000000600bd74                CDC_GetFiltRange
                0x000000000600bdcc                CDC_SetFiltSubh
                0x000000000600be3c                CDC_GetFiltSubh
                0x000000000600beb8                CDC_SetFiltMode
                0x000000000600beec                CDC_GetFiltMode
                0x000000000600bf30                CDC_SetFiltCon
                0x000000000600bf70                CDC_GetFiltCon
                0x000000000600bfc4                CDC_ResetSelector
 *fill*         0x000000000600bff8        0x8 
 .text          0x000000000600c000      0x270 ../../Compiler/SGL_302j/LIB_COFF/LIBCD.A(CDC_BIF.O)
                0x000000000600c000                CDC_GetBufSiz
                0x000000000600c05c                CDC_GetSctNum
                0x000000000600c0a0                CDC_CalActSiz
                0x000000000600c0dc                CDC_GetActSiz
                0x000000000600c15c                CDC_GetSctInfo
                0x000000000600c1dc                CDC_ExeFadSearch
                0x000000000600c214                CDC_GetFadSearch
 .text          0x000000000600c270      0x1e4 ../../Compiler/SGL_302j/LIB_COFF/LIBCD.A(CDC_BIO.O)
                0x000000000600c270                CDC_SetSctLen
                0x000000000600c2a4                CDC_GetSctData
                0x000000000600c2e0                CDC_DelSctData
                0x000000000600c31c                CDC_GetdelSctData
                0x000000000600c358                CDC_PutSctData
                0x000000000600c390                CDC_CopySctData
                0x000000000600c3d4                CDC_MoveSctData
                0x000000000600c418                CDC_GetCopyErr
 *fill*         0x000000000600c454        0xc 
 .text          0x000000000600c460        0x0 ../../Compiler/SGL_302j/LIB_COFF/LIBSGL.A(sglA15.o)
 .text          0x000000000600c460        0x0 ../../Compiler/SGL_302j/LIB_COFF/LIBSGL.A(sglA20.o)
 .text          0x000000000600c460        0x0 ../../Compiler/SGL_302j/LIB_COFF/LIBSGL.A(sglA21.o)
 .text          0x000000000600c460        0x0 ../../Compiler/SGL_302j/LIB_COFF/LIBSGL.A(sglA27.o)
 .text          0x000000000600c460        0x0 ../../Compiler/SGL_302j/LIB_COFF/LIBSGL.A(sglB001.o)
 .text          0x000000000600c460        0x0 ../../Compiler/SGL_302j/LIB_COFF/LIBSGL.A(sglB011.o)
 .text          0x000000000600c460        0x0 ../../Compiler/SGL_302j/LIB_COFF/LIBSGL.A(sglB015.o)
 .text          0x000000000600c460        0x0 ../../Compiler/SGL_302j/LIB_COFF/LIBSGL.A(sglB016.o)
 .text          0x000000000600c460        0x0 ../../Compiler/SGL_302j/LIB_COFF/LIBSGL.A(sglB032.o)
 .text          0x000000000600c460        0x0 ../../Compiler/SGL_302j/LIB_COFF/LIBSGL.A(sglB053.o)
 .text          0x000000000600c460        0x0 ../../Compiler/SGL_302j/LIB_COFF/LIBSGL.A(sglB056.o)
 .text          0x000000000600c460        0x0 ../../Compiler/SGL_302j/LIB_COFF/LIBSGL.A(sglB063.o)
 .text          0x000000000600c460        0x0 ../../Compiler/SGL_302j/LIB_COFF/LIBSGL.A(sglB200.o)
 .text          0x000000000600c460        0x0 ../../Compiler/SGL_302j/LIB_COFF/LIBSGL.A(sglC06.o)
 .text          0x000000000600c460        0x0 ../../Compiler/SGL_302j/LIB_COFF/LIBSGL.A(sglC07.o)
 .text          0x000000000600c460        0x0 ../../Compiler/SGL_302j/LIB_COFF/LIBSGL.A(sglC08.o)
 .text          0x000000000600c460        0x0 ../../Compiler/SGL_302j/LIB_COFF/LIBSGL.A(sglC20.o)
 .text          0x000000000600c460        0x0 ../../Compiler/SGL_302j/LIB_COFF/LIBSGL.A(sglD00.o)
 .text          0x000000000600c460        0x0 ../../Compiler/SGL_302j/LIB_COFF/LIBSGL.A(sglD01.o)
 .text          0x000000000600c460        0x0 ../../Compiler/SGL_302j/LIB_COFF/LIBSGL.A(sglD03.o)
 .text          0x000000000600c460        0x0 ../../Compiler/SGL_302j/LIB_COFF/LIBSGL.A(sglD15.o)
 .text          0x000000000600c460        0x0 ../../Compiler/SGL_302j/LIB_COFF/LIBSGL.A(sglD16.o)
 .text          0x000000000600c460        0x0 ../../Compiler/SGL_302j/LIB_COFF/LIBSGL.A(sglD17.o)
 .text          0x000000000600c460        0x0 ../../Compiler/SGL_302j/LIB_COFF/LIBSGL.A(sglD18.o)
 .text          0x000000000600c460        0x0 ../../Compiler/SGL_302j/LIB_COFF/LIBSGL.A(sglF00.o)
 .text          0x000000000600c460        0x0 ../../Compiler/SGL_302j/LIB_COFF/LIBSGL.A(sglF05.o)
 .text          0x000000000600c460        0x0 ../../Compiler/SGL_302j/LIB_COFF/LIBSGL.A(sglH00.o)
 .text          0x000000000600c460        0x0 ../../Compiler/SGL_302j/LIB_COFF/LIBSGL.A(sglH01.o)
 .text          0x000000000600c460        0x0 ../../Compiler/SGL_302j/LIB_COFF/LIBSGL.A(sglH02.o)
 .text          0x000000000600c460        0x0 ../../Compiler/SGL_302j/LIB_COFF/LIBSGL.A(sglH04.o)
 .text          0x000000000600c460        0x0 ../../Compiler/SGL_302j/LIB_COFF/LIBSGL.A(sglI01.o)
 .text          0x000000000600c460      0x128 ../../Compiler/SGL_302j/LIB_COFF/LIBSGL.A(sglIc0.o)
                0x000000000600c460                slInitSystem
 *fill*         0x000000000600c588        0x8 
 .text          0x000000000600c590        0x0 ../../Compiler/SGL_302j/LIB_COFF/LIBSGL.A(sglJ00.o)
 .text          0x000000000600c590        0x0 ../../Compiler/SGL_302j/LIB_COFF/LIBSGL.A(sglJ01.o)
 .text          0x000000000600c590        0x0 ../../Compiler/SGL_302j/LIB_COFF/LIBSGL.A(sglJ02.o)
 .text          0x000000000600c590        0x0 ../../Compiler/SGL_302j/LIB_COFF/LIBSGL.A(sglJ03.o)
 .text          0x000000000600c590        0x0 ../../Compiler/SGL_302j/LIB_COFF/LIBSGL.A(sglJ04.o)
 .text          0x000000000600c590        0x0 ../../Compiler/SGL_302j/LIB_COFF/LIBSGL.A(sglJ05.o)
 .text          0x000000000600c590        0x0 ../../Compiler/SGL_302j/LIB_COFF/LIBSGL.A(sglK01.o)
 .text          0x000000000600c590        0x0 ../../Compiler/SGL_302j/LIB_COFF/LIBSGL.A(sglM01.o)
 .text          0x000000000600c590        0x0 ../../Compiler/SGL_302j/LIB_COFF/LIBSGL.A(sglA00.o)
 .text          0x000000000600c590        0x0 ../../Compiler/SGL_302j/LIB_COFF/LIBSGL.A(sglA01.o)
 .text          0x000000000600c590        0x0 ../../Compiler/SGL_302j/LIB_COFF/LIBSGL.A(sglB000.o)
 .text          0x000000000600c590        0x0 ../../Compiler/SGL_302j/LIB_COFF/LIBSGL.A(sglB035.o)
 .text          0x000000000600c590        0x0 ../../Compiler/SGL_302j/LIB_COFF/LIBSGL.A(sglC00.o)
 .text          0x000000000600c590        0x0 ../../Compiler/SGL_302j/LIB_COFF/LIBSGL.A(sglI00.o)
 .text          0x000000000600c590        0x0 ../../Compiler/SGL_302j/LIB_COFF/LIBSGL.A(sglH03.o)
 .text          0x000000000600c590       0x52 /home/sansigolo/GameDev/joengine/Compiler/SH_NONE_ELF/bin/../lib/gcc/sh-none-elf/8.2.0/libgcc.a(_ashiftrt.o)
                0x000000000600c590                __ashiftrt_r4_31
                0x000000000600c590                __ashiftrt_r4_32
                0x000000000600c596                __ashiftrt_r4_30
                0x000000000600c598                __ashiftrt_r4_29
                0x000000000600c59a                __ashiftrt_r4_28
                0x000000000600c59c                __ashiftrt_r4_27
                0x000000000600c59e                __ashiftrt_r4_26
                0x000000000600c5a0                __ashiftrt_r4_25
                0x000000000600c5a2                __ashiftrt_r4_24
                0x000000000600c5aa                __ashiftrt_r4_23
                0x000000000600c5ac                __ashiftrt_r4_22
                0x000000000600c5ae                __ashiftrt_r4_21
                0x000000000600c5b0                __ashiftrt_r4_20
                0x000000000600c5b2                __ashiftrt_r4_19
                0x000000000600c5b4                __ashiftrt_r4_18
                0x000000000600c5b6                __ashiftrt_r4_17
                0x000000000600c5b8                __ashiftrt_r4_16
                0x000000000600c5be                __ashiftrt_r4_15
                0x000000000600c5c0                __ashiftrt_r4_14
                0x000000000600c5c2                __ashiftrt_r4_13
                0x000000000600c5c4                __ashiftrt_r4_12
                0x000000000600c5c6                __ashiftrt_r4_11
                0x000000000600c5c8                __ashiftrt_r4_10
                0x000000000600c5ca                __ashiftrt_r4_9
                0x000000000600c5cc                __ashiftrt_r4_8
                0x000000000600c5ce                __ashiftrt_r4_7
                0x000000000600c5d0                __ashiftrt_r4_6
                0x000000000600c5d2                __ashiftrt_r4_5
                0x000000000600c5d4                __ashiftrt_r4_4
                0x000000000600c5d6                __ashiftrt_r4_3
                0x000000000600c5d8                __ashiftrt_r4_2
                0x000000000600c5da                __ashiftrt_r4_1
                0x000000000600c5de                __ashiftrt_r4_0
 *fill*         0x000000000600c5e2        0x2 
 .text          0x000000000600c5e4       0xa0 /home/sansigolo/GameDev/joengine/Compiler/SH_NONE_ELF/bin/../lib/gcc/sh-none-elf/8.2.0/libgcc.a(_sdivsi3.o)
                0x000000000600c5e4                __sdivsi3
 .text          0x000000000600c684       0x6c /home/sansigolo/GameDev/joengine/Compiler/SH_NONE_ELF/bin/../lib/gcc/sh-none-elf/8.2.0/libgcc.a(_udivsi3.o)
                0x000000000600c6a6                __udivsi3
 .text          0x000000000600c6f0      0x134 /home/sansigolo/GameDev/joengine/Compiler/SH_NONE_ELF/bin/../lib/gcc/sh-none-elf/8.2.0/libgcc.a(_mul_sf.o)
                0x000000000600c6f0                __mulsf3
 .text          0x000000000600c824       0xdc /home/sansigolo/GameDev/joengine/Compiler/SH_NONE_ELF/bin/../lib/gcc/sh-none-elf/8.2.0/libgcc.a(_div_sf.o)
                0x000000000600c824                __divsf3
 .text          0x000000000600c900       0x84 /home/sansigolo/GameDev/joengine/Compiler/SH_NONE_ELF/bin/../lib/gcc/sh-none-elf/8.2.0/libgcc.a(_si_to_sf.o)
                0x000000000600c900                __floatsisf
 .text          0x000000000600c984       0x7c /home/sansigolo/GameDev/joengine/Compiler/SH_NONE_ELF/bin/../lib/gcc/sh-none-elf/8.2.0/libgcc.a(_sf_to_si.o)
                0x000000000600c984                __fixsfsi
 .text          0x000000000600ca00        0x0 /home/sansigolo/GameDev/joengine/Compiler/SH_NONE_ELF/bin/../lib/gcc/sh-none-elf/8.2.0/libgcc.a(_thenan_sf.o)
 .text          0x000000000600ca00       0x94 /home/sansigolo/GameDev/joengine/Compiler/SH_NONE_ELF/bin/../lib/gcc/sh-none-elf/8.2.0/libgcc.a(_usi_to_sf.o)
                0x000000000600ca00                __floatunsisf
 .text          0x000000000600ca94      0x114 /home/sansigolo/GameDev/joengine/Compiler/SH_NONE_ELF/bin/../lib/gcc/sh-none-elf/8.2.0/libgcc.a(_pack_sf.o)
                0x000000000600ca94                __pack_f
 .text          0x000000000600cba8       0xa0 /home/sansigolo/GameDev/joengine/Compiler/SH_NONE_ELF/bin/../lib/gcc/sh-none-elf/8.2.0/libgcc.a(_unpack_sf.o)
                0x000000000600cba8                __unpack_f
 .text          0x000000000600cc48       0x1e /home/sansigolo/GameDev/joengine/Compiler/SH_NONE_ELF/bin/../lib/gcc/sh-none-elf/8.2.0/../../../../sh-none-elf/lib/libc.a(lib_a-memcmp.o)
                0x000000000600cc48                memcmp
 *fill*         0x000000000600cc66        0x2 
 .text          0x000000000600cc68       0x94 /home/sansigolo/GameDev/joengine/Compiler/SH_NONE_ELF/bin/../lib/gcc/sh-none-elf/8.2.0/../../../../sh-none-elf/lib/libc.a(lib_a-memcpy.o)
                0x000000000600cc68                memcpy
 .text          0x000000000600ccfc       0x40 /home/sansigolo/GameDev/joengine/Compiler/SH_NONE_ELF/bin/../lib/gcc/sh-none-elf/8.2.0/../../../../sh-none-elf/lib/libc.a(lib_a-memset.o)
                0x000000000600ccfc                memset
 .text          0x000000000600cd3c       0x8c /home/sansigolo/GameDev/joengine/Compiler/SH_NONE_ELF/bin/../lib/gcc/sh-none-elf/8.2.0/../../../../sh-none-elf/lib/libc.a(lib_a-sprintf.o)
                0x000000000600cd3c                _sprintf_r
                0x000000000600cd7c                sprintf
 .text          0x000000000600cdc8       0x2a /home/sansigolo/GameDev/joengine/Compiler/SH_NONE_ELF/bin/../lib/gcc/sh-none-elf/8.2.0/../../../../sh-none-elf/lib/libc.a(lib_a-strncmp.o)
                0x000000000600cdc8                strncmp
 .text          0x000000000600cdf2       0x32 /home/sansigolo/GameDev/joengine/Compiler/SH_NONE_ELF/bin/../lib/gcc/sh-none-elf/8.2.0/../../../../sh-none-elf/lib/libc.a(lib_a-strncpy.o)
                0x000000000600cdf2                strncpy
 .text          0x000000000600ce24     0x1378 /home/sansigolo/GameDev/joengine/Compiler/SH_NONE_ELF/bin/../lib/gcc/sh-none-elf/8.2.0/../../../../sh-none-elf/lib/libc.a(lib_a-svfprintf.o)
                0x000000000600ce24                _svfprintf_r
 .text          0x000000000600e19c      0xef4 /home/sansigolo/GameDev/joengine/Compiler/SH_NONE_ELF/bin/../lib/gcc/sh-none-elf/8.2.0/../../../../sh-none-elf/lib/libc.a(lib_a-dtoa.o)
                0x000000000600e2d0                _dtoa_r
 .text          0x000000000600f090        0x0 /home/sansigolo/GameDev/joengine/Compiler/SH_NONE_ELF/bin/../lib/gcc/sh-none-elf/8.2.0/../../../../sh-none-elf/lib/libc.a(lib_a-impure.o)
 .text          0x000000000600f090       0x40 /home/sansigolo/GameDev/joengine/Compiler/SH_NONE_ELF/bin/../lib/gcc/sh-none-elf/8.2.0/../../../../sh-none-elf/lib/libc.a(lib_a-localeconv.o)
                0x000000000600f090                __localeconv_l
                0x000000000600f098                _localeconv_r
                0x000000000600f0b4                localeconv
 .text          0x000000000600f0d0       0xa8 /home/sansigolo/GameDev/joengine/Compiler/SH_NONE_ELF/bin/../lib/gcc/sh-none-elf/8.2.0/../../../../sh-none-elf/lib/libc.a(lib_a-locale.o)
                0x000000000600f0d0                _setlocale_r
                0x000000000600f11c                __locale_mb_cur_max
                0x000000000600f13c                __locale_ctype_ptr_l
                0x000000000600f146                __locale_ctype_ptr
                0x000000000600f164                setlocale
 .text          0x000000000600f178       0x4c /home/sansigolo/GameDev/joengine/Compiler/SH_NONE_ELF/bin/../lib/gcc/sh-none-elf/8.2.0/../../../../sh-none-elf/lib/libc.a(lib_a-mbtowc_r.o)
                0x000000000600f178                _mbtowc_r
                0x000000000600f19c                __ascii_mbtowc
 .text          0x000000000600f1c4       0x1c /home/sansigolo/GameDev/joengine/Compiler/SH_NONE_ELF/bin/../lib/gcc/sh-none-elf/8.2.0/../../../../sh-none-elf/lib/libc.a(lib_a-memchr.o)
                0x000000000600f1c4                memchr
 .text          0x000000000600f1e0      0xa9c /home/sansigolo/GameDev/joengine/Compiler/SH_NONE_ELF/bin/../lib/gcc/sh-none-elf/8.2.0/../../../../sh-none-elf/lib/libc.a(lib_a-mprec.o)
                0x000000000600f1e0                _Balloc
                0x000000000600f254                _Bfree
                0x000000000600f26c                __multadd
                0x000000000600f314                __s2b
                0x000000000600f3d4                __hi0bits
                0x000000000600f428                __lo0bits
                0x000000000600f48c                __i2b
                0x000000000600f4a8                __multiply
                0x000000000600f5ec                __pow5mult
                0x000000000600f6a8                __lshift
                0x000000000600f79c                __mcmp
                0x000000000600f7d4                __mdiff
                0x000000000600f8b0                __ulp
                0x000000000600f91c                __b2d
                0x000000000600fa04                __d2b
                0x000000000600faf0                __ratio
                0x000000000600fb74                _mprec_log10
                0x000000000600fbcc                __copybits
                0x000000000600fc10                __any_on
 .text          0x000000000600fc7c       0x34 /home/sansigolo/GameDev/joengine/Compiler/SH_NONE_ELF/bin/../lib/gcc/sh-none-elf/8.2.0/../../../../sh-none-elf/lib/libc.a(lib_a-nano-callocr.o)
                0x000000000600fc7c                _calloc_r
 .text          0x000000000600fcb0       0xf4 /home/sansigolo/GameDev/joengine/Compiler/SH_NONE_ELF/bin/../lib/gcc/sh-none-elf/8.2.0/../../../../sh-none-elf/lib/libc.a(lib_a-nano-mallocr.o)
                0x000000000600fcb0                _malloc_r
 .text          0x000000000600fda4       0x30 /home/sansigolo/GameDev/joengine/Compiler/SH_NONE_ELF/bin/../lib/gcc/sh-none-elf/8.2.0/../../../../sh-none-elf/lib/libc.a(lib_a-sbrkr.o)
                0x000000000600fda4                _sbrk_r
 .text          0x000000000600fdd4       0x38 /home/sansigolo/GameDev/joengine/Compiler/SH_NONE_ELF/bin/../lib/gcc/sh-none-elf/8.2.0/../../../../sh-none-elf/lib/libc.a(lib_a-strcmp.o)
                0x000000000600fdd4                strcmp
 .text          0x000000000600fe0c       0x20 /home/sansigolo/GameDev/joengine/Compiler/SH_NONE_ELF/bin/../lib/gcc/sh-none-elf/8.2.0/../../../../sh-none-elf/lib/libc.a(lib_a-strlen.o)
                0x000000000600fe0c                strlen
 .text          0x000000000600fe2c      0xa60 /home/sansigolo/GameDev/joengine/Compiler/SH_NONE_ELF/bin/../lib/gcc/sh-none-elf/8.2.0/../../../../sh-none-elf/lib/libc.a(lib_a-svfiprintf.o)
                0x000000000600fe2c                __ssprint_r
                0x000000000600ff60                _svfiprintf_r
 .text          0x000000000601088c      0x25c /home/sansigolo/GameDev/joengine/Compiler/SH_NONE_ELF/bin/../lib/gcc/sh-none-elf/8.2.0/../../../../sh-none-elf/lib/libc.a(lib_a-syscalls.o)
                0x0000000006010904                _read
                0x0000000006010914                _lseek
                0x0000000006010924                _write
                0x0000000006010934                _close
                0x0000000006010944                _link
                0x0000000006010948                _sbrk
                0x00000000060109a0                _fstat
                0x00000000060109aa                _open
                0x00000000060109bc                _creat
                0x00000000060109cc                _unlink
                0x00000000060109d0                isatty
                0x00000000060109d4                _isatty
                0x00000000060109d8                _exit
                0x00000000060109e8                _kill
                0x00000000060109fc                _getpid
                0x0000000006010a00                _raise
                0x0000000006010a04                _stat
                0x0000000006010a14                _chmod
                0x0000000006010a24                _chown
                0x0000000006010a34                _utime
                0x0000000006010a48                _fork
                0x0000000006010a54                _wait
                0x0000000006010a64                _execve
                0x0000000006010a74                _execv
                0x0000000006010a84                _pipe
                0x0000000006010a90                _times
                0x0000000006010a94                _gettimeofday
                0x0000000006010abc                __setup_argv_and_call_main
 .text          0x0000000006010ae8       0x14 /home/sansigolo/GameDev/joengine/Compiler/SH_NONE_ELF/bin/../lib/gcc/sh-none-elf/8.2.0/../../../../sh-none-elf/lib/libc.a(lib_a-trap.o)
                0x0000000006010ae8                __trap34
 .text          0x0000000006010afc       0x40 /home/sansigolo/GameDev/joengine/Compiler/SH_NONE_ELF/bin/../lib/gcc/sh-none-elf/8.2.0/../../../../sh-none-elf/lib/libc.a(lib_a-wctomb_r.o)
                0x0000000006010afc                _wctomb_r
                0x0000000006010b1c                __ascii_wctomb
 .text          0x0000000006010b3c       0x18 /home/sansigolo/GameDev/joengine/Compiler/SH_NONE_ELF/bin/../lib/gcc/sh-none-elf/8.2.0/../../../../sh-none-elf/lib/libc.a(lib_a-abort.o)
                0x0000000006010b3c                abort
 .text          0x0000000006010b54        0x0 /home/sansigolo/GameDev/joengine/Compiler/SH_NONE_ELF/bin/../lib/gcc/sh-none-elf/8.2.0/../../../../sh-none-elf/lib/libc.a(lib_a-ctype_.o)
 .text          0x0000000006010b54       0x3c /home/sansigolo/GameDev/joengine/Compiler/SH_NONE_ELF/bin/../lib/gcc/sh-none-elf/8.2.0/../../../../sh-none-elf/lib/libc.a(lib_a-memmove.o)
                0x0000000006010b54                memmove
 .text          0x0000000006010b90        0x8 /home/sansigolo/GameDev/joengine/Compiler/SH_NONE_ELF/bin/../lib/gcc/sh-none-elf/8.2.0/../../../../sh-none-elf/lib/libc.a(lib_a-mlock.o)
                0x0000000006010b90                __malloc_lock
                0x0000000006010b94                __malloc_unlock
 .text          0x0000000006010b98       0xc8 /home/sansigolo/GameDev/joengine/Compiler/SH_NONE_ELF/bin/../lib/gcc/sh-none-elf/8.2.0/../../../../sh-none-elf/lib/libc.a(lib_a-nano-freer.o)
                0x0000000006010b98                _free_r
 .text          0x0000000006010c60       0x7c /home/sansigolo/GameDev/joengine/Compiler/SH_NONE_ELF/bin/../lib/gcc/sh-none-elf/8.2.0/../../../../sh-none-elf/lib/libc.a(lib_a-nano-reallocr.o)
                0x0000000006010c60                _realloc_r
 .text          0x0000000006010cdc      0x1b0 /home/sansigolo/GameDev/joengine/Compiler/SH_NONE_ELF/bin/../lib/gcc/sh-none-elf/8.2.0/../../../../sh-none-elf/lib/libc.a(lib_a-signal.o)
                0x0000000006010cdc                _init_signal_r
                0x0000000006010d18                _signal_r
                0x0000000006010d64                _raise_r
                0x0000000006010ddc                __sigtramp_r
                0x0000000006010e40                raise
                0x0000000006010e54                signal
                0x0000000006010e68                _init_signal
                0x0000000006010e78                __sigtramp
 .text          0x0000000006010e8c       0x40 /home/sansigolo/GameDev/joengine/Compiler/SH_NONE_ELF/bin/../lib/gcc/sh-none-elf/8.2.0/../../../../sh-none-elf/lib/libc.a(lib_a-signalr.o)
                0x0000000006010e8c                _kill_r
                0x0000000006010ec0                _getpid_r
 .text          0x0000000006010ecc       0x16 /home/sansigolo/GameDev/joengine/Compiler/SH_NONE_ELF/bin/../lib/gcc/sh-none-elf/8.2.0/../../../../sh-none-elf/lib/libc.a(lib_a-nano-msizer.o)
                0x0000000006010ecc                _malloc_usable_size_r
 *fill*         0x0000000006010ee2        0x2 
 .text          0x0000000006010ee4       0x80 /home/sansigolo/GameDev/joengine/Compiler/SH_NONE_ELF/bin/../lib/gcc/sh-none-elf/8.2.0/libgcc.a(_ashiftrt_n.o)
                0x0000000006010ee4                __ashrsi3
 .text          0x0000000006010f64       0xbc /home/sansigolo/GameDev/joengine/Compiler/SH_NONE_ELF/bin/../lib/gcc/sh-none-elf/8.2.0/libgcc.a(_ashiftlt.o)
                0x0000000006010f64                __ashlsi3
                0x0000000006010f68                __ashlsi3_r0
 .text          0x0000000006011020       0xbc /home/sansigolo/GameDev/joengine/Compiler/SH_NONE_ELF/bin/../lib/gcc/sh-none-elf/8.2.0/libgcc.a(_lshiftrt.o)
                0x0000000006011020                __lshrsi3
                0x0000000006011024                __lshrsi3_r0
 .text          0x00000000060110dc      0x258 /home/sansigolo/GameDev/joengine/Compiler/SH_NONE_ELF/bin/../lib/gcc/sh-none-elf/8.2.0/libgcc.a(_udivdi3.o)
                0x00000000060110dc                __udivdi3
 .text          0x0000000006011334      0x2bc /home/sansigolo/GameDev/joengine/Compiler/SH_NONE_ELF/bin/../lib/gcc/sh-none-elf/8.2.0/libgcc.a(_umoddi3.o)
                0x0000000006011334                __umoddi3
 .text          0x00000000060115f0      0x3b4 /home/sansigolo/GameDev/joengine/Compiler/SH_NONE_ELF/bin/../lib/gcc/sh-none-elf/8.2.0/libgcc.a(_addsub_df.o)
                0x0000000006011900                __adddf3
                0x0000000006011950                __subdf3
 .text          0x00000000060119a4      0x208 /home/sansigolo/GameDev/joengine/Compiler/SH_NONE_ELF/bin/../lib/gcc/sh-none-elf/8.2.0/libgcc.a(_mul_df.o)
                0x00000000060119a4                __muldf3
 .text          0x0000000006011bac      0x130 /home/sansigolo/GameDev/joengine/Compiler/SH_NONE_ELF/bin/../lib/gcc/sh-none-elf/8.2.0/libgcc.a(_div_df.o)
                0x0000000006011bac                __divdf3
 .text          0x0000000006011cdc       0x58 /home/sansigolo/GameDev/joengine/Compiler/SH_NONE_ELF/bin/../lib/gcc/sh-none-elf/8.2.0/libgcc.a(_eq_df.o)
                0x0000000006011cdc                __eqdf2
 .text          0x0000000006011d34       0x58 /home/sansigolo/GameDev/joengine/Compiler/SH_NONE_ELF/bin/../lib/gcc/sh-none-elf/8.2.0/libgcc.a(_ne_df.o)
                0x0000000006011d34                __nedf2
 .text          0x0000000006011d8c       0x50 /home/sansigolo/GameDev/joengine/Compiler/SH_NONE_ELF/bin/../lib/gcc/sh-none-elf/8.2.0/libgcc.a(_gt_df.o)
                0x0000000006011d8c                __gtdf2
 .text          0x0000000006011ddc       0x50 /home/sansigolo/GameDev/joengine/Compiler/SH_NONE_ELF/bin/../lib/gcc/sh-none-elf/8.2.0/libgcc.a(_ge_df.o)
                0x0000000006011ddc                __gedf2
 .text          0x0000000006011e2c       0x58 /home/sansigolo/GameDev/joengine/Compiler/SH_NONE_ELF/bin/../lib/gcc/sh-none-elf/8.2.0/libgcc.a(_lt_df.o)
                0x0000000006011e2c                __ltdf2
 .text          0x0000000006011e84       0x58 /home/sansigolo/GameDev/joengine/Compiler/SH_NONE_ELF/bin/../lib/gcc/sh-none-elf/8.2.0/libgcc.a(_le_df.o)
                0x0000000006011e84                __ledf2
 .text          0x0000000006011edc       0x40 /home/sansigolo/GameDev/joengine/Compiler/SH_NONE_ELF/bin/../lib/gcc/sh-none-elf/8.2.0/libgcc.a(_unord_df.o)
                0x0000000006011edc                __unorddf2
 .text          0x0000000006011f1c       0xa8 /home/sansigolo/GameDev/joengine/Compiler/SH_NONE_ELF/bin/../lib/gcc/sh-none-elf/8.2.0/libgcc.a(_si_to_df.o)
                0x0000000006011f1c                __floatsidf
 .text          0x0000000006011fc4       0xa4 /home/sansigolo/GameDev/joengine/Compiler/SH_NONE_ELF/bin/../lib/gcc/sh-none-elf/8.2.0/libgcc.a(_df_to_si.o)
                0x0000000006011fc4                __fixdfsi
 .text          0x0000000006012068        0x0 /home/sansigolo/GameDev/joengine/Compiler/SH_NONE_ELF/bin/../lib/gcc/sh-none-elf/8.2.0/libgcc.a(_thenan_df.o)
 .text          0x0000000006012068       0x88 /home/sansigolo/GameDev/joengine/Compiler/SH_NONE_ELF/bin/../lib/gcc/sh-none-elf/8.2.0/libgcc.a(_usi_to_df.o)
                0x0000000006012068                __floatunsidf
 .text          0x00000000060120f0       0x60 /home/sansigolo/GameDev/joengine/Compiler/SH_NONE_ELF/bin/../lib/gcc/sh-none-elf/8.2.0/libgcc.a(_udiv_qrnnd_16.o)
                0x00000000060120f0                __udiv_qrnnd_16
 .text          0x0000000006012150        0x0 /home/sansigolo/GameDev/joengine/Compiler/SH_NONE_ELF/bin/../lib/gcc/sh-none-elf/8.2.0/libgcc.a(_clz.o)
 .text          0x0000000006012150       0x58 /home/sansigolo/GameDev/joengine/Compiler/SH_NONE_ELF/bin/../lib/gcc/sh-none-elf/8.2.0/libgcc.a(_clzsi2.o)
                0x0000000006012150                __clzsi2
 .text          0x00000000060121a8      0x25c /home/sansigolo/GameDev/joengine/Compiler/SH_NONE_ELF/bin/../lib/gcc/sh-none-elf/8.2.0/libgcc.a(_pack_df.o)
                0x00000000060121a8                __pack_d
 .text          0x0000000006012404       0xcc /home/sansigolo/GameDev/joengine/Compiler/SH_NONE_ELF/bin/../lib/gcc/sh-none-elf/8.2.0/libgcc.a(_unpack_df.o)
                0x0000000006012404                __unpack_d
 .text          0x00000000060124d0       0xc8 /home/sansigolo/GameDev/joengine/Compiler/SH_NONE_ELF/bin/../lib/gcc/sh-none-elf/8.2.0/libgcc.a(_fpcmp_parts_df.o)
                0x00000000060124d0                __fpcmp_parts_d
 *(.strings)
                0x0000000006012598                __etext = .

.text.startup   0x0000000006012598      0x48c
 .text.startup  0x0000000006012598      0x48c /tmp/ccnUbFNA.ltrans0.ltrans.o
                0x0000000006012598                main

.rodata         0x0000000006012a40      0x684
 *(.rodata)
 .rodata        0x0000000006012a40      0x174 /tmp/ccnUbFNA.ltrans0.ltrans.o
 .rodata        0x0000000006012bb4       0x10 /home/sansigolo/GameDev/joengine/Compiler/SH_NONE_ELF/bin/../lib/gcc/sh-none-elf/8.2.0/libgcc.a(_thenan_sf.o)
                0x0000000006012bb4                __thenan_sf
 .rodata        0x0000000006012bc4       0x20 /home/sansigolo/GameDev/joengine/Compiler/SH_NONE_ELF/bin/../lib/gcc/sh-none-elf/8.2.0/../../../../sh-none-elf/lib/libc.a(lib_a-svfprintf.o)
 .rodata        0x0000000006012be4        0x4 /home/sansigolo/GameDev/joengine/Compiler/SH_NONE_ELF/bin/../lib/gcc/sh-none-elf/8.2.0/../../../../sh-none-elf/lib/libc.a(lib_a-impure.o)
                0x0000000006012be4                _global_impure_ptr
 .rodata        0x0000000006012be8      0x124 /home/sansigolo/GameDev/joengine/Compiler/SH_NONE_ELF/bin/../lib/gcc/sh-none-elf/8.2.0/../../../../sh-none-elf/lib/libc.a(lib_a-mprec.o)
                0x0000000006012bf4                __mprec_tinytens
                0x0000000006012c1c                __mprec_bigtens
                0x0000000006012c44                __mprec_tens
 .rodata        0x0000000006012d0c       0x20 /home/sansigolo/GameDev/joengine/Compiler/SH_NONE_ELF/bin/../lib/gcc/sh-none-elf/8.2.0/../../../../sh-none-elf/lib/libc.a(lib_a-svfiprintf.o)
 .rodata        0x0000000006012d2c      0x284 /home/sansigolo/GameDev/joengine/Compiler/SH_NONE_ELF/bin/../lib/gcc/sh-none-elf/8.2.0/../../../../sh-none-elf/lib/libc.a(lib_a-ctype_.o)
                0x0000000006012d2c                _ctype_
                0x0000000006012e30                _ctype_b
 .rodata        0x0000000006012fb0       0x14 /home/sansigolo/GameDev/joengine/Compiler/SH_NONE_ELF/bin/../lib/gcc/sh-none-elf/8.2.0/libgcc.a(_thenan_df.o)
                0x0000000006012fb0                __thenan_df
 .rodata        0x0000000006012fc4      0x100 /home/sansigolo/GameDev/joengine/Compiler/SH_NONE_ELF/bin/../lib/gcc/sh-none-elf/8.2.0/libgcc.a(_clz.o)
                0x0000000006012fc4                __clz_tab

.rodata.str1.4  0x00000000060130c4      0x6ae
 .rodata.str1.4
                0x00000000060130c4      0x63c /tmp/ccnUbFNA.ltrans0.ltrans.o
                                        0x649 (size before relaxing)
 .rodata.str1.4
                0x0000000006013700       0x3a /home/sansigolo/GameDev/joengine/Compiler/SH_NONE_ELF/bin/../lib/gcc/sh-none-elf/8.2.0/../../../../sh-none-elf/lib/libc.a(lib_a-svfprintf.o)
 *fill*         0x000000000601373a        0x2 
 .rodata.str1.4
                0x000000000601373c        0xd /home/sansigolo/GameDev/joengine/Compiler/SH_NONE_ELF/bin/../lib/gcc/sh-none-elf/8.2.0/../../../../sh-none-elf/lib/libc.a(lib_a-dtoa.o)
                                         0x12 (size before relaxing)
 *fill*         0x0000000006013749        0x3 
 .rodata.str1.4
                0x000000000601374c        0xa /home/sansigolo/GameDev/joengine/Compiler/SH_NONE_ELF/bin/../lib/gcc/sh-none-elf/8.2.0/../../../../sh-none-elf/lib/libc.a(lib_a-locale.o)
                                         0x12 (size before relaxing)
 .rodata.str1.4
                0x0000000006013756       0x25 /home/sansigolo/GameDev/joengine/Compiler/SH_NONE_ELF/bin/../lib/gcc/sh-none-elf/8.2.0/../../../../sh-none-elf/lib/libc.a(lib_a-svfiprintf.o)
 *fill*         0x0000000006013756        0x2 
 .rodata.str1.4
                0x0000000006013758       0x1a /home/sansigolo/GameDev/joengine/Compiler/SH_NONE_ELF/bin/../lib/gcc/sh-none-elf/8.2.0/../../../../sh-none-elf/lib/libc.a(lib_a-syscalls.o)

.eh_frame       0x0000000006013774      0x170
 .eh_frame      0x0000000006013774       0xa8 /home/sansigolo/GameDev/joengine/Compiler/SH_NONE_ELF/bin/../lib/gcc/sh-none-elf/8.2.0/libgcc.a(_udivdi3.o)
 .eh_frame      0x000000000601381c       0xc8 /home/sansigolo/GameDev/joengine/Compiler/SH_NONE_ELF/bin/../lib/gcc/sh-none-elf/8.2.0/libgcc.a(_umoddi3.o)
                                         0xdc (size before relaxing)

.rela.dyn       0x00000000060138e4        0x0
 .rela.text     0x00000000060138e4        0x0 /home/sansigolo/GameDev/joengine/Compiler/SH_NONE_ELF/bin/../lib/gcc/sh-none-elf/8.2.0/../../../../sh-none-elf/lib/libc.a(lib_a-sbrkr.o)
 .rela.text.startup
                0x00000000060138e4        0x0 /home/sansigolo/GameDev/joengine/Compiler/SH_NONE_ELF/bin/../lib/gcc/sh-none-elf/8.2.0/../../../../sh-none-elf/lib/libc.a(lib_a-sbrkr.o)

SLPROG          0x0000000006013900    0x116a0
                0x0000000006013900                __slprog_start = .
 *(SLPROG)
 SLPROG         0x0000000006013900     0x6540 ../../Compiler/SGL_302j/LIB_COFF/SGLAREA.O
                0x0000000006013900                MasterStack
                0x0000000006013904                SlaveStack
                0x0000000006013908                MaxVertices
                0x000000000601390a                MaxPolygons
                0x000000000601390c                SortList
                0x0000000006013910                SortListSize
                0x0000000006013914                TransList
                0x0000000006013918                Zbuffer
                0x000000000601391c                SpriteBuf
                0x0000000006013920                SpriteBufSize
                0x0000000006013924                Pbuffer
                0x0000000006013928                CommandBuf
                0x000000000601392c                CLOfstBuf
                0x0000000006013930                PCM_Work
                0x0000000006013934                PCM_WkSize
                0x0000000006013938                MaxEvents
                0x000000000601393a                EventSize
                0x000000000601393c                MaxWorks
                0x000000000601393e                WorkSize
                0x0000000006013940                RemainEvent
                0x0000000006013a40                RemainWork
                0x0000000006013e40                EventBuf
                0x0000000006015e40                WorkBuf
 SLPROG         0x0000000006019e40       0x18 ../../Compiler/SGL_302j/LIB_COFF/LIBSGL.A(sglA15.o)
                0x0000000006019e40                slSlaveFunc
 *fill*         0x0000000006019e58        0x8 
 SLPROG         0x0000000006019e60      0x42c ../../Compiler/SGL_302j/LIB_COFF/LIBSGL.A(sglA20.o)
                0x0000000006019e60                slInitMatrix
                0x0000000006019e6a                slPushUnitMatrix
                0x0000000006019e7e                slUnitMatrix
 *fill*         0x000000000601a28c        0x4 
 SLPROG         0x000000000601a290       0x48 ../../Compiler/SGL_302j/LIB_COFF/LIBSGL.A(sglA21.o)
                0x000000000601a290                slPushMatrix
                0x000000000601a2c4                slPopMatrix
                0x000000000601a2c4                slDecMatrixPtr
 *fill*         0x000000000601a2d8        0x8 
 SLPROG         0x000000000601a2e0       0x50 ../../Compiler/SGL_302j/LIB_COFF/LIBSGL.A(sglA27.o)
                0x000000000601a2e0                slTranslate
 SLPROG         0x000000000601a330       0x20 ../../Compiler/SGL_302j/LIB_COFF/LIBSGL.A(sglB001.o)
                0x000000000601a330                slTVOn
                0x000000000601a33a                slTVOff
 SLPROG         0x000000000601a350       0x24 ../../Compiler/SGL_302j/LIB_COFF/LIBSGL.A(sglB011.o)
                0x000000000601a350                slBitMapNbg1
 *fill*         0x000000000601a374        0xc 
 SLPROG         0x000000000601a380      0x40c ../../Compiler/SGL_302j/LIB_COFF/LIBSGL.A(sglB015.o)
                0x000000000601a380                slScrAutoDisp
 *fill*         0x000000000601a78c        0x4 
 SLPROG         0x000000000601a790        0xc ../../Compiler/SGL_302j/LIB_COFF/LIBSGL.A(sglB016.o)
                0x000000000601a790                slBack1ColSet
 *fill*         0x000000000601a79c        0x4 
 SLPROG         0x000000000601a7a0       0xb4 ../../Compiler/SGL_302j/LIB_COFF/LIBSGL.A(sglB032.o)
                0x000000000601a7a0                slMapNbg1
 *fill*         0x000000000601a854        0xc 
 SLPROG         0x000000000601a860        0xc ../../Compiler/SGL_302j/LIB_COFF/LIBSGL.A(sglB053.o)
                0x000000000601a860                slZoomNbg1
 *fill*         0x000000000601a86c        0x4 
 SLPROG         0x000000000601a870        0xc ../../Compiler/SGL_302j/LIB_COFF/LIBSGL.A(sglB056.o)
                0x000000000601a870                slPlaneNbg1
 *fill*         0x000000000601a87c        0x4 
 SLPROG         0x000000000601a880        0xc ../../Compiler/SGL_302j/LIB_COFF/LIBSGL.A(sglB063.o)
                0x000000000601a880                slPriority
 *fill*         0x000000000601a88c        0x4 
 SLPROG         0x000000000601a890      0x114 ../../Compiler/SGL_302j/LIB_COFF/LIBSGL.A(sglB200.o)
                0x000000000601a890                slCharRbg0
                0x000000000601a89c                slCharNbg0
                0x000000000601a8a8                slCharNbg1
                0x000000000601a8b4                slCharNbg2
                0x000000000601a8ca                slCharNbg3
                0x000000000601a8e2                slPageRbg0
                0x000000000601a8f8                slPageNbg1
                0x000000000601a900                slPageNbg2
                0x000000000601a908                slPageNbg3
                0x000000000601a914                slPageNbg0
 *fill*         0x000000000601a9a4        0xc 
 SLPROG         0x000000000601a9b0       0xfa ../../Compiler/SGL_302j/LIB_COFF/LIBSGL.A(sglC06.o)
                0x000000000601a9b0                slDispSprite
 *fill*         0x000000000601aaaa        0x6 
 SLPROG         0x000000000601aab0      0x162 ../../Compiler/SGL_302j/LIB_COFF/LIBSGL.A(sglC07.o)
                0x000000000601aab6                slPutSprite
 *fill*         0x000000000601ac12        0xe 
 SLPROG         0x000000000601ac20     0x1218 ../../Compiler/SGL_302j/LIB_COFF/LIBSGL.A(sglC08.o)
                0x000000000601ac20                slPutPolygon
                0x000000000601b89c                MsCalcDepthFlat
 *fill*         0x000000000601be38        0x8 
 SLPROG         0x000000000601be40       0x40 ../../Compiler/SGL_302j/LIB_COFF/LIBSGL.A(sglC20.o)
                0x000000000601be40                SpriteEntry
 SLPROG         0x000000000601be80       0x84 ../../Compiler/SGL_302j/LIB_COFF/LIBSGL.A(sglD00.o)
                0x000000000601be80                slDMACopy
                0x000000000601be80                slCpuDMACopy
                0x000000000601beda                slCashPurge
                0x000000000601beda                CSH_AllClr
 *fill*         0x000000000601bf04        0xc 
 SLPROG         0x000000000601bf10       0xa0 ../../Compiler/SGL_302j/LIB_COFF/LIBSGL.A(sglD01.o)
                0x000000000601bf10                slDMAXCopy
 SLPROG         0x000000000601bfb0        0xc ../../Compiler/SGL_302j/LIB_COFF/LIBSGL.A(sglD03.o)
                0x000000000601bfb0                slDMAStatus
 *fill*         0x000000000601bfbc        0x4 
 SLPROG         0x000000000601bfc0       0x20 ../../Compiler/SGL_302j/LIB_COFF/LIBSGL.A(sglD15.o)
                0x000000000601bfc0                CSH_Purge
 SLPROG         0x000000000601bfe0       0x84 ../../Compiler/SGL_302j/LIB_COFF/LIBSGL.A(sglD16.o)
                0x000000000601bfe0                DMA_ScuSetPrm
                0x000000000601c028                DMA_SCU_PRM0
 *fill*         0x000000000601c064        0xc 
 SLPROG         0x000000000601c070       0x88 ../../Compiler/SGL_302j/LIB_COFF/LIBSGL.A(sglD17.o)
                0x000000000601c070                DMA_ScuStart
 *fill*         0x000000000601c0f8        0x8 
 SLPROG         0x000000000601c100       0x34 ../../Compiler/SGL_302j/LIB_COFF/LIBSGL.A(sglD18.o)
                0x000000000601c100                DMA_ScuGetStatus
 *fill*         0x000000000601c134        0xc 
 SLPROG         0x000000000601c140       0x4e ../../Compiler/SGL_302j/LIB_COFF/LIBSGL.A(sglF00.o)
                0x000000000601c140                slCurScrn
                0x000000000601c150                slCurColor
                0x000000000601c15a                slLocate
                0x000000000601c18c                CurrentScreen
 *fill*         0x000000000601c18e        0x2 
 SLPROG         0x000000000601c190       0x1c ../../Compiler/SGL_302j/LIB_COFF/LIBSGL.A(sglF05.o)
                0x000000000601c190                slPrint
 *fill*         0x000000000601c1ac        0x4 
 SLPROG         0x000000000601c1b0      0xfc8 ../../Compiler/SGL_302j/LIB_COFF/LIBSGL.A(sglH00.o)
                0x000000000601c1c8                slGetPortDir1
                0x000000000601c1d0                slGetPortDir2
                0x000000000601c1d8                slSetPortDir1
                0x000000000601c202                slSetPortDir2
                0x000000000601c23c                slGetPortData1
                0x000000000601c244                slGetPortData2
                0x000000000601c24c                slSetPortData1
                0x000000000601c256                slSetPortData2
                0x000000000601c268                slGetPortSelect1
                0x000000000601c272                slGetPortSelect2
                0x000000000601c27c                slSetPortSelect1
                0x000000000601c2b0                slSetPortSelect2
                0x000000000601c2ec                slGetPortExt1
                0x000000000601c2f6                slGetPortExt2
                0x000000000601c300                slSetPortExt1
                0x000000000601c330                slSetPortExt2
                0x000000000601c4a4                slSmpcDirectAccess
                0x000000000601c524                slInitPeripheral
                0x000000000601c5b6                slSetResultBuffer
                0x000000000601c642                slCheckIntBackSet
                0x000000000601c64e                slIntBackCancel
                0x000000000601c678                slCheckReset
                0x000000000601c682                slClearReset
                0x000000000601c848                slSmpcCashSend
                0x000000000601c904                slSmpcCashBlow
                0x000000000601c9e0                slGetOptimize
                0x000000000601c9ea                slSetOptimize
                0x000000000601ca10                slGetPortMode1
                0x000000000601ca1c                slGetPortMode2
                0x000000000601ca2a                slSetPortMode1
                0x000000000601ca68                slSetPortMode2
                0x000000000601cbf4                slRequestCommand
                0x000000000601cc64                Smpc_Status
                0x000000000601cc68                Smpc_Result
                0x000000000601cc6c                Smpc_Peripheral
                0x000000000601cc72                Per_Connect1
                0x000000000601cc73                Per_Connect2
                0x000000000601cc94                SmpcStatusBuf
 *fill*         0x000000000601d178        0x8 
 SLPROG         0x000000000601d180       0xa8 ../../Compiler/SGL_302j/LIB_COFF/LIBSGL.A(sglH01.o)
                0x000000000601d180                slGetLanguage
                0x000000000601d18a                slSetLanguage
                0x000000000601d1ac                slGetSoundEffect
                0x000000000601d1b8                slSetSoundEffect
                0x000000000601d1d4                slGetSoundOutput
                0x000000000601d1e0                slSetSoundOutput
                0x000000000601d1fc                slGetHelpWindow
                0x000000000601d208                slSetHelpWindow
 *fill*         0x000000000601d228        0x8 
 SLPROG         0x000000000601d230      0x470 ../../Compiler/SGL_302j/LIB_COFF/LIBSGL.A(sglH02.o)
                0x000000000601d620                smpc_pfr_tbl
                0x000000000601d660                smpc_ptf_tbl
 SLPROG         0x000000000601d6a0       0x60 ../../Compiler/SGL_302j/LIB_COFF/LIBSGL.A(sglH04.o)
                0x000000000601d6a0                slComPrmIntBack
                0x000000000601d6b4                slComPrmSetMemory
                0x000000000601d6ca                slComPrmSetTime
 SLPROG         0x000000000601d700      0x3a4 ../../Compiler/SGL_302j/LIB_COFF/LIBSGL.A(sglI01.o)
                0x000000000601d700                slInitSynch
                0x000000000601d71a                slSynch
                0x000000000601d810                slRandom
                0x000000000601d82e                PCM_EndCheck
                0x000000000601d8ea                RetPCMBuf
                0x000000000601d984                PCM_Buf
                0x000000000601da24                Sound_Buf
 *fill*         0x000000000601daa4        0xc 
 SLPROG         0x000000000601dab0       0x74 ../../Compiler/SGL_302j/LIB_COFF/LIBSGL.A(sglJ00.o)
                0x000000000601dab0                InitSlaveSH
                0x000000000601db18                SlaveCommand
 *fill*         0x000000000601db24        0xc 
 SLPROG         0x000000000601db30      0x3d0 ../../Compiler/SGL_302j/LIB_COFF/LIBSGL.A(sglJ01.o)
                0x000000000601db30                SlaveControl
                0x000000000601deec                ErasePolygonData
 SLPROG         0x000000000601df00     0x12b8 ../../Compiler/SGL_302j/LIB_COFF/LIBSGL.A(sglJ02.o)
                0x000000000601df00                sbMakePolygon
                0x000000000601e0e8                sbCalcPolygon
                0x000000000601ee20                SetTexture
                0x000000000601ee2c                SetPolygon
                0x000000000601ee34                SetPosition
                0x000000000601ee6c                stvtc_4
                0x000000000601ef24                stvtc_3
                0x000000000601f134                stvtc_1
                0x000000000601f148                stvtc_2
                0x000000000601f15c                stvtc_0
 *fill*         0x000000000601f1b8        0x8 
 SLPROG         0x000000000601f1c0      0x140 ../../Compiler/SGL_302j/LIB_COFF/LIBSGL.A(sglJ03.o)
                0x000000000601f1c0                sbMakeDMATable
 SLPROG         0x000000000601f300      0x470 ../../Compiler/SGL_302j/LIB_COFF/LIBSGL.A(sglJ04.o)
                0x000000000601f35e                sbMakeSprite
                0x000000000601f3c4                sbMakeRotSprite
 SLPROG         0x000000000601f770       0x3c ../../Compiler/SGL_302j/LIB_COFF/LIBSGL.A(sglJ05.o)
                0x000000000601f770                sbSortEntry
 *fill*         0x000000000601f7ac        0x4 
 SLPROG         0x000000000601f7b0       0x6a ../../Compiler/SGL_302j/LIB_COFF/LIBSGL.A(sglM01.o)
                0x000000000601f7b0                slSetDepthLimit
                0x000000000601f7dc                slSetDepthTbl
                0x000000000601f80c                DepthWorkArea
 *fill*         0x000000000601f81a        0x6 
 SLPROG         0x000000000601f820       0x20 ../../Compiler/SGL_302j/LIB_COFF/LIBSGL.A(sglA00.o)
                0x000000000601f820                set_imask
                0x000000000601f820                _builtin_set_imask
                0x000000000601f834                get_imask
                0x000000000601f834                _builtin_get_imask
 SLPROG         0x000000000601f840     0x411e ../../Compiler/SGL_302j/LIB_COFF/LIBSGL.A(sglA01.o)
                0x000000000601f840                slSin
                0x000000000601f864                slCos
                0x000000000601f888                GetSinCos
                0x000000000601f91c                sin_cos_index_tbl
                0x000000000601f95c                sin_tbl
 *fill*         0x000000000602395e        0x2 
 SLPROG         0x0000000006023960      0xbd0 ../../Compiler/SGL_302j/LIB_COFF/LIBSGL.A(sglB000.o)
                0x0000000006023960                slInitScroll
                0x0000000006023a80                setASC_1to8
                0x0000000006023ab0                setASC_4to8
                0x0000000006023bc0                TVSizeTbl
                0x0000000006023c40                TVModeTbl
                0x0000000006023e18                SGL_ASCII_CG
 SLPROG         0x0000000006024530       0xd4 ../../Compiler/SGL_302j/LIB_COFF/LIBSGL.A(sglB035.o)
                0x0000000006024530                sl1MapRA
                0x00000000060245c2                rbank_set
 *fill*         0x0000000006024604        0xc 
 SLPROG         0x0000000006024610      0x134 ../../Compiler/SGL_302j/LIB_COFF/LIBSGL.A(sglC00.o)
                0x0000000006024610                slInitSprite
 *fill*         0x0000000006024744        0xc 
 SLPROG         0x0000000006024750      0x75c ../../Compiler/SGL_302j/LIB_COFF/LIBSGL.A(sglI00.o)
                0x0000000006024a40                slInitInterrupt
 *fill*         0x0000000006024eac        0x4 
 SLPROG         0x0000000006024eb0       0xf0 ../../Compiler/SGL_302j/LIB_COFF/LIBSGL.A(sglH03.o)
                0x0000000006024f14                slSmpcIntBack
                0x0000000006024fa0                __slprog_end = .

.tors           0x0000000006024fa0        0x0
                0x0000000006024fa0                ___ctors = .
 *(.ctors)
                0x0000000006024fa0                ___ctors_end = .
                0x0000000006024fa0                ___dtors = .
 *(.dtors)
                0x0000000006024fa0                ___dtors_end = .

.data           0x0000000006024fa0      0x634
 *(.data)
 .data          0x0000000006024fa0        0x0 ../../Compiler/SGL_302j/LIB_COFF/SGLAREA.O
 .data          0x0000000006024fa0       0x1c /tmp/ccnUbFNA.ltrans0.ltrans.o
 *fill*         0x0000000006024fbc        0x4 
 .data          0x0000000006024fc0        0x0 ../../Compiler/SGL_302j/LIB_COFF/SEGA_SYS.A(sys_exit.o)
 .data          0x0000000006024fc0        0x0 ../../Compiler/SGL_302j/LIB_COFF/SEGA_SYS.A(sys_sub.o)
 .data          0x0000000006024fc0        0x0 ../../Compiler/SGL_302j/LIB_COFF/LIBCD.A(CDC_CMN.O)
 .data          0x0000000006024fc0        0x0 ../../Compiler/SGL_302j/LIB_COFF/LIBCD.A(CDC_CFS.O)
 .data          0x0000000006024fc0        0x0 ../../Compiler/SGL_302j/LIB_COFF/LIBCD.A(CDC_REG.O)
 .data          0x0000000006024fc0        0x0 ../../Compiler/SGL_302j/LIB_COFF/LIBCD.A(CDC_SUB.O)
 .data          0x0000000006024fc0        0x0 ../../Compiler/SGL_302j/LIB_COFF/LIBCD.A(GFS.O)
 .data          0x0000000006024fc0        0x0 ../../Compiler/SGL_302j/LIB_COFF/LIBCD.A(GFS_BUF.O)
 .data          0x0000000006024fc0        0x0 ../../Compiler/SGL_302j/LIB_COFF/LIBCD.A(GFS_CDB.O)
 .data          0x0000000006024fc0        0x0 ../../Compiler/SGL_302j/LIB_COFF/LIBCD.A(GFS_CDC.O)
 .data          0x0000000006024fc0        0x0 ../../Compiler/SGL_302j/LIB_COFF/LIBCD.A(GFS_CDF.O)
 .data          0x0000000006024fc0        0x0 ../../Compiler/SGL_302j/LIB_COFF/LIBCD.A(GFS_DIR.O)
 .data          0x0000000006024fc0        0x0 ../../Compiler/SGL_302j/LIB_COFF/LIBCD.A(GFS_TRN.O)
 .data          0x0000000006024fc0        0x0 ../../Compiler/SGL_302j/LIB_COFF/LIBCD.A(CDC_DRV.O)
 .data          0x0000000006024fc0        0x0 ../../Compiler/SGL_302j/LIB_COFF/LIBCD.A(CDC_DEV.O)
 .data          0x0000000006024fc0        0x0 ../../Compiler/SGL_302j/LIB_COFF/LIBCD.A(CDC_SEL.O)
 .data          0x0000000006024fc0        0x0 ../../Compiler/SGL_302j/LIB_COFF/LIBCD.A(CDC_BIF.O)
 .data          0x0000000006024fc0        0x0 ../../Compiler/SGL_302j/LIB_COFF/LIBCD.A(CDC_BIO.O)
 .data          0x0000000006024fc0        0x0 ../../Compiler/SGL_302j/LIB_COFF/LIBSGL.A(sglA15.o)
 .data          0x0000000006024fc0        0x0 ../../Compiler/SGL_302j/LIB_COFF/LIBSGL.A(sglA20.o)
 .data          0x0000000006024fc0        0x0 ../../Compiler/SGL_302j/LIB_COFF/LIBSGL.A(sglA21.o)
 .data          0x0000000006024fc0        0x0 ../../Compiler/SGL_302j/LIB_COFF/LIBSGL.A(sglA27.o)
 .data          0x0000000006024fc0        0x0 ../../Compiler/SGL_302j/LIB_COFF/LIBSGL.A(sglB001.o)
 .data          0x0000000006024fc0        0x0 ../../Compiler/SGL_302j/LIB_COFF/LIBSGL.A(sglB011.o)
 .data          0x0000000006024fc0        0x0 ../../Compiler/SGL_302j/LIB_COFF/LIBSGL.A(sglB015.o)
 .data          0x0000000006024fc0        0x0 ../../Compiler/SGL_302j/LIB_COFF/LIBSGL.A(sglB016.o)
 .data          0x0000000006024fc0        0x0 ../../Compiler/SGL_302j/LIB_COFF/LIBSGL.A(sglB032.o)
 .data          0x0000000006024fc0        0x0 ../../Compiler/SGL_302j/LIB_COFF/LIBSGL.A(sglB053.o)
 .data          0x0000000006024fc0        0x0 ../../Compiler/SGL_302j/LIB_COFF/LIBSGL.A(sglB056.o)
 .data          0x0000000006024fc0        0x0 ../../Compiler/SGL_302j/LIB_COFF/LIBSGL.A(sglB063.o)
 .data          0x0000000006024fc0        0x0 ../../Compiler/SGL_302j/LIB_COFF/LIBSGL.A(sglB200.o)
 .data          0x0000000006024fc0        0x0 ../../Compiler/SGL_302j/LIB_COFF/LIBSGL.A(sglC06.o)
 .data          0x0000000006024fc0        0x0 ../../Compiler/SGL_302j/LIB_COFF/LIBSGL.A(sglC07.o)
 .data          0x0000000006024fc0        0x0 ../../Compiler/SGL_302j/LIB_COFF/LIBSGL.A(sglC08.o)
 .data          0x0000000006024fc0        0x0 ../../Compiler/SGL_302j/LIB_COFF/LIBSGL.A(sglC20.o)
 .data          0x0000000006024fc0        0x0 ../../Compiler/SGL_302j/LIB_COFF/LIBSGL.A(sglD00.o)
 .data          0x0000000006024fc0        0x0 ../../Compiler/SGL_302j/LIB_COFF/LIBSGL.A(sglD01.o)
 .data          0x0000000006024fc0        0x0 ../../Compiler/SGL_302j/LIB_COFF/LIBSGL.A(sglD03.o)
 .data          0x0000000006024fc0        0x0 ../../Compiler/SGL_302j/LIB_COFF/LIBSGL.A(sglD15.o)
 .data          0x0000000006024fc0        0x0 ../../Compiler/SGL_302j/LIB_COFF/LIBSGL.A(sglD16.o)
 .data          0x0000000006024fc0        0x0 ../../Compiler/SGL_302j/LIB_COFF/LIBSGL.A(sglD17.o)
 .data          0x0000000006024fc0        0x0 ../../Compiler/SGL_302j/LIB_COFF/LIBSGL.A(sglD18.o)
 .data          0x0000000006024fc0        0x0 ../../Compiler/SGL_302j/LIB_COFF/LIBSGL.A(sglF00.o)
 .data          0x0000000006024fc0        0x0 ../../Compiler/SGL_302j/LIB_COFF/LIBSGL.A(sglF05.o)
 .data          0x0000000006024fc0        0x0 ../../Compiler/SGL_302j/LIB_COFF/LIBSGL.A(sglH00.o)
 .data          0x0000000006024fc0        0x0 ../../Compiler/SGL_302j/LIB_COFF/LIBSGL.A(sglH01.o)
 .data          0x0000000006024fc0        0x0 ../../Compiler/SGL_302j/LIB_COFF/LIBSGL.A(sglH02.o)
 .data          0x0000000006024fc0        0x0 ../../Compiler/SGL_302j/LIB_COFF/LIBSGL.A(sglH04.o)
 .data          0x0000000006024fc0        0x0 ../../Compiler/SGL_302j/LIB_COFF/LIBSGL.A(sglI01.o)
 .data          0x0000000006024fc0       0x80 ../../Compiler/SGL_302j/LIB_COFF/LIBSGL.A(sglIc0.o)
                0x0000000006024fc0                IntPrioMask
 .data          0x0000000006025040        0x0 ../../Compiler/SGL_302j/LIB_COFF/LIBSGL.A(sglJ00.o)
 .data          0x0000000006025040        0x0 ../../Compiler/SGL_302j/LIB_COFF/LIBSGL.A(sglJ01.o)
 .data          0x0000000006025040        0x0 ../../Compiler/SGL_302j/LIB_COFF/LIBSGL.A(sglJ02.o)
 .data          0x0000000006025040        0x0 ../../Compiler/SGL_302j/LIB_COFF/LIBSGL.A(sglJ03.o)
 .data          0x0000000006025040        0x0 ../../Compiler/SGL_302j/LIB_COFF/LIBSGL.A(sglJ04.o)
 .data          0x0000000006025040        0x0 ../../Compiler/SGL_302j/LIB_COFF/LIBSGL.A(sglJ05.o)
 .data          0x0000000006025040        0x0 ../../Compiler/SGL_302j/LIB_COFF/LIBSGL.A(sglK01.o)
 .data          0x0000000006025040        0x0 ../../Compiler/SGL_302j/LIB_COFF/LIBSGL.A(sglM01.o)
 .data          0x0000000006025040        0x0 ../../Compiler/SGL_302j/LIB_COFF/LIBSGL.A(sglA00.o)
 .data          0x0000000006025040        0x0 ../../Compiler/SGL_302j/LIB_COFF/LIBSGL.A(sglA01.o)
 .data          0x0000000006025040        0x0 ../../Compiler/SGL_302j/LIB_COFF/LIBSGL.A(sglB000.o)
 .data          0x0000000006025040        0x0 ../../Compiler/SGL_302j/LIB_COFF/LIBSGL.A(sglB035.o)
 .data          0x0000000006025040        0x0 ../../Compiler/SGL_302j/LIB_COFF/LIBSGL.A(sglC00.o)
 .data          0x0000000006025040        0x0 ../../Compiler/SGL_302j/LIB_COFF/LIBSGL.A(sglI00.o)
 .data          0x0000000006025040        0x0 ../../Compiler/SGL_302j/LIB_COFF/LIBSGL.A(sglH03.o)
 .data          0x0000000006025040        0x0 /home/sansigolo/GameDev/joengine/Compiler/SH_NONE_ELF/bin/../lib/gcc/sh-none-elf/8.2.0/libgcc.a(_ashiftrt.o)
 .data          0x0000000006025040        0x0 /home/sansigolo/GameDev/joengine/Compiler/SH_NONE_ELF/bin/../lib/gcc/sh-none-elf/8.2.0/libgcc.a(_sdivsi3.o)
 .data          0x0000000006025040        0x0 /home/sansigolo/GameDev/joengine/Compiler/SH_NONE_ELF/bin/../lib/gcc/sh-none-elf/8.2.0/libgcc.a(_udivsi3.o)
 .data          0x0000000006025040        0x0 /home/sansigolo/GameDev/joengine/Compiler/SH_NONE_ELF/bin/../lib/gcc/sh-none-elf/8.2.0/libgcc.a(_mul_sf.o)
 .data          0x0000000006025040        0x0 /home/sansigolo/GameDev/joengine/Compiler/SH_NONE_ELF/bin/../lib/gcc/sh-none-elf/8.2.0/libgcc.a(_div_sf.o)
 .data          0x0000000006025040        0x0 /home/sansigolo/GameDev/joengine/Compiler/SH_NONE_ELF/bin/../lib/gcc/sh-none-elf/8.2.0/libgcc.a(_si_to_sf.o)
 .data          0x0000000006025040        0x0 /home/sansigolo/GameDev/joengine/Compiler/SH_NONE_ELF/bin/../lib/gcc/sh-none-elf/8.2.0/libgcc.a(_sf_to_si.o)
 .data          0x0000000006025040        0x0 /home/sansigolo/GameDev/joengine/Compiler/SH_NONE_ELF/bin/../lib/gcc/sh-none-elf/8.2.0/libgcc.a(_thenan_sf.o)
 .data          0x0000000006025040        0x0 /home/sansigolo/GameDev/joengine/Compiler/SH_NONE_ELF/bin/../lib/gcc/sh-none-elf/8.2.0/libgcc.a(_usi_to_sf.o)
 .data          0x0000000006025040        0x0 /home/sansigolo/GameDev/joengine/Compiler/SH_NONE_ELF/bin/../lib/gcc/sh-none-elf/8.2.0/libgcc.a(_pack_sf.o)
 .data          0x0000000006025040        0x0 /home/sansigolo/GameDev/joengine/Compiler/SH_NONE_ELF/bin/../lib/gcc/sh-none-elf/8.2.0/libgcc.a(_unpack_sf.o)
 .data          0x0000000006025040        0x0 /home/sansigolo/GameDev/joengine/Compiler/SH_NONE_ELF/bin/../lib/gcc/sh-none-elf/8.2.0/../../../../sh-none-elf/lib/libc.a(lib_a-memcmp.o)
 .data          0x0000000006025040        0x0 /home/sansigolo/GameDev/joengine/Compiler/SH_NONE_ELF/bin/../lib/gcc/sh-none-elf/8.2.0/../../../../sh-none-elf/lib/libc.a(lib_a-memcpy.o)
 .data          0x0000000006025040        0x0 /home/sansigolo/GameDev/joengine/Compiler/SH_NONE_ELF/bin/../lib/gcc/sh-none-elf/8.2.0/../../../../sh-none-elf/lib/libc.a(lib_a-memset.o)
 .data          0x0000000006025040        0x0 /home/sansigolo/GameDev/joengine/Compiler/SH_NONE_ELF/bin/../lib/gcc/sh-none-elf/8.2.0/../../../../sh-none-elf/lib/libc.a(lib_a-sprintf.o)
 .data          0x0000000006025040        0x0 /home/sansigolo/GameDev/joengine/Compiler/SH_NONE_ELF/bin/../lib/gcc/sh-none-elf/8.2.0/../../../../sh-none-elf/lib/libc.a(lib_a-strncmp.o)
 .data          0x0000000006025040        0x0 /home/sansigolo/GameDev/joengine/Compiler/SH_NONE_ELF/bin/../lib/gcc/sh-none-elf/8.2.0/../../../../sh-none-elf/lib/libc.a(lib_a-strncpy.o)
 .data          0x0000000006025040        0x0 /home/sansigolo/GameDev/joengine/Compiler/SH_NONE_ELF/bin/../lib/gcc/sh-none-elf/8.2.0/../../../../sh-none-elf/lib/libc.a(lib_a-svfprintf.o)
 .data          0x0000000006025040        0x0 /home/sansigolo/GameDev/joengine/Compiler/SH_NONE_ELF/bin/../lib/gcc/sh-none-elf/8.2.0/../../../../sh-none-elf/lib/libc.a(lib_a-dtoa.o)
 .data          0x0000000006025040      0x428 /home/sansigolo/GameDev/joengine/Compiler/SH_NONE_ELF/bin/../lib/gcc/sh-none-elf/8.2.0/../../../../sh-none-elf/lib/libc.a(lib_a-impure.o)
                0x0000000006025040                _impure_ptr
 .data          0x0000000006025468        0x0 /home/sansigolo/GameDev/joengine/Compiler/SH_NONE_ELF/bin/../lib/gcc/sh-none-elf/8.2.0/../../../../sh-none-elf/lib/libc.a(lib_a-localeconv.o)
 .data          0x0000000006025468      0x16c /home/sansigolo/GameDev/joengine/Compiler/SH_NONE_ELF/bin/../lib/gcc/sh-none-elf/8.2.0/../../../../sh-none-elf/lib/libc.a(lib_a-locale.o)
                0x0000000006025468                __global_locale
 .data          0x00000000060255d4        0x0 /home/sansigolo/GameDev/joengine/Compiler/SH_NONE_ELF/bin/../lib/gcc/sh-none-elf/8.2.0/../../../../sh-none-elf/lib/libc.a(lib_a-mbtowc_r.o)
 .data          0x00000000060255d4        0x0 /home/sansigolo/GameDev/joengine/Compiler/SH_NONE_ELF/bin/../lib/gcc/sh-none-elf/8.2.0/../../../../sh-none-elf/lib/libc.a(lib_a-memchr.o)
 .data          0x00000000060255d4        0x0 /home/sansigolo/GameDev/joengine/Compiler/SH_NONE_ELF/bin/../lib/gcc/sh-none-elf/8.2.0/../../../../sh-none-elf/lib/libc.a(lib_a-mprec.o)
 .data          0x00000000060255d4        0x0 /home/sansigolo/GameDev/joengine/Compiler/SH_NONE_ELF/bin/../lib/gcc/sh-none-elf/8.2.0/../../../../sh-none-elf/lib/libc.a(lib_a-nano-callocr.o)
 .data          0x00000000060255d4        0x0 /home/sansigolo/GameDev/joengine/Compiler/SH_NONE_ELF/bin/../lib/gcc/sh-none-elf/8.2.0/../../../../sh-none-elf/lib/libc.a(lib_a-nano-mallocr.o)
 .data          0x00000000060255d4        0x0 /home/sansigolo/GameDev/joengine/Compiler/SH_NONE_ELF/bin/../lib/gcc/sh-none-elf/8.2.0/../../../../sh-none-elf/lib/libc.a(lib_a-sbrkr.o)
 .data          0x00000000060255d4        0x0 /home/sansigolo/GameDev/joengine/Compiler/SH_NONE_ELF/bin/../lib/gcc/sh-none-elf/8.2.0/../../../../sh-none-elf/lib/libc.a(lib_a-strcmp.o)
 .data          0x00000000060255d4        0x0 /home/sansigolo/GameDev/joengine/Compiler/SH_NONE_ELF/bin/../lib/gcc/sh-none-elf/8.2.0/../../../../sh-none-elf/lib/libc.a(lib_a-strlen.o)
 .data          0x00000000060255d4        0x0 /home/sansigolo/GameDev/joengine/Compiler/SH_NONE_ELF/bin/../lib/gcc/sh-none-elf/8.2.0/../../../../sh-none-elf/lib/libc.a(lib_a-svfiprintf.o)
 .data          0x00000000060255d4        0x0 /home/sansigolo/GameDev/joengine/Compiler/SH_NONE_ELF/bin/../lib/gcc/sh-none-elf/8.2.0/../../../../sh-none-elf/lib/libc.a(lib_a-syscalls.o)
 .data          0x00000000060255d4        0x0 /home/sansigolo/GameDev/joengine/Compiler/SH_NONE_ELF/bin/../lib/gcc/sh-none-elf/8.2.0/../../../../sh-none-elf/lib/libc.a(lib_a-trap.o)
 .data          0x00000000060255d4        0x0 /home/sansigolo/GameDev/joengine/Compiler/SH_NONE_ELF/bin/../lib/gcc/sh-none-elf/8.2.0/../../../../sh-none-elf/lib/libc.a(lib_a-wctomb_r.o)
 .data          0x00000000060255d4        0x0 /home/sansigolo/GameDev/joengine/Compiler/SH_NONE_ELF/bin/../lib/gcc/sh-none-elf/8.2.0/../../../../sh-none-elf/lib/libc.a(lib_a-abort.o)
 .data          0x00000000060255d4        0x0 /home/sansigolo/GameDev/joengine/Compiler/SH_NONE_ELF/bin/../lib/gcc/sh-none-elf/8.2.0/../../../../sh-none-elf/lib/libc.a(lib_a-ctype_.o)
 .data          0x00000000060255d4        0x0 /home/sansigolo/GameDev/joengine/Compiler/SH_NONE_ELF/bin/../lib/gcc/sh-none-elf/8.2.0/../../../../sh-none-elf/lib/libc.a(lib_a-memmove.o)
 .data          0x00000000060255d4        0x0 /home/sansigolo/GameDev/joengine/Compiler/SH_NONE_ELF/bin/../lib/gcc/sh-none-elf/8.2.0/../../../../sh-none-elf/lib/libc.a(lib_a-mlock.o)
 .data          0x00000000060255d4        0x0 /home/sansigolo/GameDev/joengine/Compiler/SH_NONE_ELF/bin/../lib/gcc/sh-none-elf/8.2.0/../../../../sh-none-elf/lib/libc.a(lib_a-nano-freer.o)
 .data          0x00000000060255d4        0x0 /home/sansigolo/GameDev/joengine/Compiler/SH_NONE_ELF/bin/../lib/gcc/sh-none-elf/8.2.0/../../../../sh-none-elf/lib/libc.a(lib_a-nano-reallocr.o)
 .data          0x00000000060255d4        0x0 /home/sansigolo/GameDev/joengine/Compiler/SH_NONE_ELF/bin/../lib/gcc/sh-none-elf/8.2.0/../../../../sh-none-elf/lib/libc.a(lib_a-signal.o)
 .data          0x00000000060255d4        0x0 /home/sansigolo/GameDev/joengine/Compiler/SH_NONE_ELF/bin/../lib/gcc/sh-none-elf/8.2.0/../../../../sh-none-elf/lib/libc.a(lib_a-signalr.o)
 .data          0x00000000060255d4        0x0 /home/sansigolo/GameDev/joengine/Compiler/SH_NONE_ELF/bin/../lib/gcc/sh-none-elf/8.2.0/../../../../sh-none-elf/lib/libc.a(lib_a-nano-msizer.o)
 .data          0x00000000060255d4        0x0 /home/sansigolo/GameDev/joengine/Compiler/SH_NONE_ELF/bin/../lib/gcc/sh-none-elf/8.2.0/libgcc.a(_ashiftrt_n.o)
 .data          0x00000000060255d4        0x0 /home/sansigolo/GameDev/joengine/Compiler/SH_NONE_ELF/bin/../lib/gcc/sh-none-elf/8.2.0/libgcc.a(_ashiftlt.o)
 .data          0x00000000060255d4        0x0 /home/sansigolo/GameDev/joengine/Compiler/SH_NONE_ELF/bin/../lib/gcc/sh-none-elf/8.2.0/libgcc.a(_lshiftrt.o)
 .data          0x00000000060255d4        0x0 /home/sansigolo/GameDev/joengine/Compiler/SH_NONE_ELF/bin/../lib/gcc/sh-none-elf/8.2.0/libgcc.a(_udivdi3.o)
 .data          0x00000000060255d4        0x0 /home/sansigolo/GameDev/joengine/Compiler/SH_NONE_ELF/bin/../lib/gcc/sh-none-elf/8.2.0/libgcc.a(_umoddi3.o)
 .data          0x00000000060255d4        0x0 /home/sansigolo/GameDev/joengine/Compiler/SH_NONE_ELF/bin/../lib/gcc/sh-none-elf/8.2.0/libgcc.a(_addsub_df.o)
 .data          0x00000000060255d4        0x0 /home/sansigolo/GameDev/joengine/Compiler/SH_NONE_ELF/bin/../lib/gcc/sh-none-elf/8.2.0/libgcc.a(_mul_df.o)
 .data          0x00000000060255d4        0x0 /home/sansigolo/GameDev/joengine/Compiler/SH_NONE_ELF/bin/../lib/gcc/sh-none-elf/8.2.0/libgcc.a(_div_df.o)
 .data          0x00000000060255d4        0x0 /home/sansigolo/GameDev/joengine/Compiler/SH_NONE_ELF/bin/../lib/gcc/sh-none-elf/8.2.0/libgcc.a(_eq_df.o)
 .data          0x00000000060255d4        0x0 /home/sansigolo/GameDev/joengine/Compiler/SH_NONE_ELF/bin/../lib/gcc/sh-none-elf/8.2.0/libgcc.a(_ne_df.o)
 .data          0x00000000060255d4        0x0 /home/sansigolo/GameDev/joengine/Compiler/SH_NONE_ELF/bin/../lib/gcc/sh-none-elf/8.2.0/libgcc.a(_gt_df.o)
 .data          0x00000000060255d4        0x0 /home/sansigolo/GameDev/joengine/Compiler/SH_NONE_ELF/bin/../lib/gcc/sh-none-elf/8.2.0/libgcc.a(_ge_df.o)
 .data          0x00000000060255d4        0x0 /home/sansigolo/GameDev/joengine/Compiler/SH_NONE_ELF/bin/../lib/gcc/sh-none-elf/8.2.0/libgcc.a(_lt_df.o)
 .data          0x00000000060255d4        0x0 /home/sansigolo/GameDev/joengine/Compiler/SH_NONE_ELF/bin/../lib/gcc/sh-none-elf/8.2.0/libgcc.a(_le_df.o)
 .data          0x00000000060255d4        0x0 /home/sansigolo/GameDev/joengine/Compiler/SH_NONE_ELF/bin/../lib/gcc/sh-none-elf/8.2.0/libgcc.a(_unord_df.o)
 .data          0x00000000060255d4        0x0 /home/sansigolo/GameDev/joengine/Compiler/SH_NONE_ELF/bin/../lib/gcc/sh-none-elf/8.2.0/libgcc.a(_si_to_df.o)
 .data          0x00000000060255d4        0x0 /home/sansigolo/GameDev/joengine/Compiler/SH_NONE_ELF/bin/../lib/gcc/sh-none-elf/8.2.0/libgcc.a(_df_to_si.o)
 .data          0x00000000060255d4        0x0 /home/sansigolo/GameDev/joengine/Compiler/SH_NONE_ELF/bin/../lib/gcc/sh-none-elf/8.2.0/libgcc.a(_thenan_df.o)
 .data          0x00000000060255d4        0x0 /home/sansigolo/GameDev/joengine/Compiler/SH_NONE_ELF/bin/../lib/gcc/sh-none-elf/8.2.0/libgcc.a(_usi_to_df.o)
 .data          0x00000000060255d4        0x0 /home/sansigolo/GameDev/joengine/Compiler/SH_NONE_ELF/bin/../lib/gcc/sh-none-elf/8.2.0/libgcc.a(_udiv_qrnnd_16.o)
 .data          0x00000000060255d4        0x0 /home/sansigolo/GameDev/joengine/Compiler/SH_NONE_ELF/bin/../lib/gcc/sh-none-elf/8.2.0/libgcc.a(_clz.o)
 .data          0x00000000060255d4        0x0 /home/sansigolo/GameDev/joengine/Compiler/SH_NONE_ELF/bin/../lib/gcc/sh-none-elf/8.2.0/libgcc.a(_clzsi2.o)
 .data          0x00000000060255d4        0x0 /home/sansigolo/GameDev/joengine/Compiler/SH_NONE_ELF/bin/../lib/gcc/sh-none-elf/8.2.0/libgcc.a(_pack_df.o)
 .data          0x00000000060255d4        0x0 /home/sansigolo/GameDev/joengine/Compiler/SH_NONE_ELF/bin/../lib/gcc/sh-none-elf/8.2.0/libgcc.a(_unpack_df.o)
 .data          0x00000000060255d4        0x0 /home/sansigolo/GameDev/joengine/Compiler/SH_NONE_ELF/bin/../lib/gcc/sh-none-elf/8.2.0/libgcc.a(_fpcmp_parts_df.o)
                0x00000000060255d4                __edata = .

.bss            0x00000000060255e0    0x8371c
                0x00000000060255e0                __bstart = .
 *(.bss)
 .bss           0x00000000060255e0        0x0 ../../Compiler/SGL_302j/LIB_COFF/SGLAREA.O
 .bss           0x00000000060255e0    0x83698 /tmp/ccnUbFNA.ltrans0.ltrans.o
 *fill*         0x00000000060a8c78        0x8 
 .bss           0x00000000060a8c80        0x4 ../../Compiler/SGL_302j/LIB_COFF/SEGA_SYS.A(sys_exit.o)
 *fill*         0x00000000060a8c84        0xc 
 .bss           0x00000000060a8c90        0x0 ../../Compiler/SGL_302j/LIB_COFF/SEGA_SYS.A(sys_sub.o)
 .bss           0x00000000060a8c90        0x0 ../../Compiler/SGL_302j/LIB_COFF/LIBCD.A(CDC_CMN.O)
 .bss           0x00000000060a8c90        0x0 ../../Compiler/SGL_302j/LIB_COFF/LIBCD.A(CDC_CFS.O)
 .bss           0x00000000060a8c90        0x2 ../../Compiler/SGL_302j/LIB_COFF/LIBCD.A(CDC_REG.O)
 *fill*         0x00000000060a8c92        0xe 
 .bss           0x00000000060a8ca0        0xc ../../Compiler/SGL_302j/LIB_COFF/LIBCD.A(CDC_SUB.O)
 *fill*         0x00000000060a8cac        0x4 
 .bss           0x00000000060a8cb0        0x0 ../../Compiler/SGL_302j/LIB_COFF/LIBCD.A(GFS.O)
 .bss           0x00000000060a8cb0        0x0 ../../Compiler/SGL_302j/LIB_COFF/LIBCD.A(GFS_BUF.O)
 .bss           0x00000000060a8cb0        0x0 ../../Compiler/SGL_302j/LIB_COFF/LIBCD.A(GFS_CDB.O)
 .bss           0x00000000060a8cb0        0x0 ../../Compiler/SGL_302j/LIB_COFF/LIBCD.A(GFS_CDC.O)
 .bss           0x00000000060a8cb0        0x0 ../../Compiler/SGL_302j/LIB_COFF/LIBCD.A(GFS_CDF.O)
 .bss           0x00000000060a8cb0        0x0 ../../Compiler/SGL_302j/LIB_COFF/LIBCD.A(GFS_DIR.O)
 .bss           0x00000000060a8cb0        0xc ../../Compiler/SGL_302j/LIB_COFF/LIBCD.A(GFS_TRN.O)
 *fill*         0x00000000060a8cbc        0x4 
 .bss           0x00000000060a8cc0        0x0 ../../Compiler/SGL_302j/LIB_COFF/LIBCD.A(CDC_DRV.O)
 .bss           0x00000000060a8cc0        0x0 ../../Compiler/SGL_302j/LIB_COFF/LIBCD.A(CDC_DEV.O)
 .bss           0x00000000060a8cc0        0x0 ../../Compiler/SGL_302j/LIB_COFF/LIBCD.A(CDC_SEL.O)
 .bss           0x00000000060a8cc0        0x0 ../../Compiler/SGL_302j/LIB_COFF/LIBCD.A(CDC_BIF.O)
 .bss           0x00000000060a8cc0        0x0 ../../Compiler/SGL_302j/LIB_COFF/LIBCD.A(CDC_BIO.O)
 .bss           0x00000000060a8cc0        0x0 ../../Compiler/SGL_302j/LIB_COFF/LIBSGL.A(sglA15.o)
 .bss           0x00000000060a8cc0        0x0 ../../Compiler/SGL_302j/LIB_COFF/LIBSGL.A(sglA20.o)
 .bss           0x00000000060a8cc0        0x0 ../../Compiler/SGL_302j/LIB_COFF/LIBSGL.A(sglA21.o)
 .bss           0x00000000060a8cc0        0x0 ../../Compiler/SGL_302j/LIB_COFF/LIBSGL.A(sglA27.o)
 .bss           0x00000000060a8cc0        0x0 ../../Compiler/SGL_302j/LIB_COFF/LIBSGL.A(sglB001.o)
 .bss           0x00000000060a8cc0        0x0 ../../Compiler/SGL_302j/LIB_COFF/LIBSGL.A(sglB011.o)
 .bss           0x00000000060a8cc0        0x0 ../../Compiler/SGL_302j/LIB_COFF/LIBSGL.A(sglB015.o)
 .bss           0x00000000060a8cc0        0x0 ../../Compiler/SGL_302j/LIB_COFF/LIBSGL.A(sglB016.o)
 .bss           0x00000000060a8cc0        0x0 ../../Compiler/SGL_302j/LIB_COFF/LIBSGL.A(sglB032.o)
 .bss           0x00000000060a8cc0        0x0 ../../Compiler/SGL_302j/LIB_COFF/LIBSGL.A(sglB053.o)
 .bss           0x00000000060a8cc0        0x0 ../../Compiler/SGL_302j/LIB_COFF/LIBSGL.A(sglB056.o)
 .bss           0x00000000060a8cc0        0x0 ../../Compiler/SGL_302j/LIB_COFF/LIBSGL.A(sglB063.o)
 .bss           0x00000000060a8cc0        0x0 ../../Compiler/SGL_302j/LIB_COFF/LIBSGL.A(sglB200.o)
 .bss           0x00000000060a8cc0        0x0 ../../Compiler/SGL_302j/LIB_COFF/LIBSGL.A(sglC06.o)
 .bss           0x00000000060a8cc0        0x0 ../../Compiler/SGL_302j/LIB_COFF/LIBSGL.A(sglC07.o)
 .bss           0x00000000060a8cc0        0x0 ../../Compiler/SGL_302j/LIB_COFF/LIBSGL.A(sglC08.o)
 .bss           0x00000000060a8cc0        0x0 ../../Compiler/SGL_302j/LIB_COFF/LIBSGL.A(sglC20.o)
 .bss           0x00000000060a8cc0        0x0 ../../Compiler/SGL_302j/LIB_COFF/LIBSGL.A(sglD00.o)
 .bss           0x00000000060a8cc0        0x0 ../../Compiler/SGL_302j/LIB_COFF/LIBSGL.A(sglD01.o)
 .bss           0x00000000060a8cc0        0x0 ../../Compiler/SGL_302j/LIB_COFF/LIBSGL.A(sglD03.o)
 .bss           0x00000000060a8cc0        0x0 ../../Compiler/SGL_302j/LIB_COFF/LIBSGL.A(sglD15.o)
 .bss           0x00000000060a8cc0        0x0 ../../Compiler/SGL_302j/LIB_COFF/LIBSGL.A(sglD16.o)
 .bss           0x00000000060a8cc0        0x0 ../../Compiler/SGL_302j/LIB_COFF/LIBSGL.A(sglD17.o)
 .bss           0x00000000060a8cc0        0x0 ../../Compiler/SGL_302j/LIB_COFF/LIBSGL.A(sglD18.o)
 .bss           0x00000000060a8cc0        0x0 ../../Compiler/SGL_302j/LIB_COFF/LIBSGL.A(sglF00.o)
 .bss           0x00000000060a8cc0        0x0 ../../Compiler/SGL_302j/LIB_COFF/LIBSGL.A(sglF05.o)
 .bss           0x00000000060a8cc0        0x0 ../../Compiler/SGL_302j/LIB_COFF/LIBSGL.A(sglH00.o)
 .bss           0x00000000060a8cc0        0x0 ../../Compiler/SGL_302j/LIB_COFF/LIBSGL.A(sglH01.o)
 .bss           0x00000000060a8cc0        0x0 ../../Compiler/SGL_302j/LIB_COFF/LIBSGL.A(sglH02.o)
 .bss           0x00000000060a8cc0        0x0 ../../Compiler/SGL_302j/LIB_COFF/LIBSGL.A(sglH04.o)
 .bss           0x00000000060a8cc0        0x0 ../../Compiler/SGL_302j/LIB_COFF/LIBSGL.A(sglI01.o)
 .bss           0x00000000060a8cc0        0x0 ../../Compiler/SGL_302j/LIB_COFF/LIBSGL.A(sglIc0.o)
 .bss           0x00000000060a8cc0        0x0 ../../Compiler/SGL_302j/LIB_COFF/LIBSGL.A(sglJ00.o)
 .bss           0x00000000060a8cc0        0x0 ../../Compiler/SGL_302j/LIB_COFF/LIBSGL.A(sglJ01.o)
 .bss           0x00000000060a8cc0        0x0 ../../Compiler/SGL_302j/LIB_COFF/LIBSGL.A(sglJ02.o)
 .bss           0x00000000060a8cc0        0x0 ../../Compiler/SGL_302j/LIB_COFF/LIBSGL.A(sglJ03.o)
 .bss           0x00000000060a8cc0        0x0 ../../Compiler/SGL_302j/LIB_COFF/LIBSGL.A(sglJ04.o)
 .bss           0x00000000060a8cc0        0x0 ../../Compiler/SGL_302j/LIB_COFF/LIBSGL.A(sglJ05.o)
 .bss           0x00000000060a8cc0        0x0 ../../Compiler/SGL_302j/LIB_COFF/LIBSGL.A(sglK01.o)
 .bss           0x00000000060a8cc0        0x0 ../../Compiler/SGL_302j/LIB_COFF/LIBSGL.A(sglM01.o)
 .bss           0x00000000060a8cc0        0x0 ../../Compiler/SGL_302j/LIB_COFF/LIBSGL.A(sglA00.o)
 .bss           0x00000000060a8cc0        0x0 ../../Compiler/SGL_302j/LIB_COFF/LIBSGL.A(sglA01.o)
 .bss           0x00000000060a8cc0        0x0 ../../Compiler/SGL_302j/LIB_COFF/LIBSGL.A(sglB000.o)
 .bss           0x00000000060a8cc0        0x0 ../../Compiler/SGL_302j/LIB_COFF/LIBSGL.A(sglB035.o)
 .bss           0x00000000060a8cc0        0x0 ../../Compiler/SGL_302j/LIB_COFF/LIBSGL.A(sglC00.o)
 .bss           0x00000000060a8cc0        0x0 ../../Compiler/SGL_302j/LIB_COFF/LIBSGL.A(sglI00.o)
 .bss           0x00000000060a8cc0        0x0 ../../Compiler/SGL_302j/LIB_COFF/LIBSGL.A(sglH03.o)
 .bss           0x00000000060a8cc0        0x0 /home/sansigolo/GameDev/joengine/Compiler/SH_NONE_ELF/bin/../lib/gcc/sh-none-elf/8.2.0/libgcc.a(_ashiftrt.o)
 .bss           0x00000000060a8cc0        0x0 /home/sansigolo/GameDev/joengine/Compiler/SH_NONE_ELF/bin/../lib/gcc/sh-none-elf/8.2.0/libgcc.a(_sdivsi3.o)