Archive member included to satisfy reference by file (symbol)

../../Compiler/SGL_302j/LIB_COFF/SEGA_SYS.A(sys_exit.o)
                              ../../jo_engine/core.o (symbol from plugin) (SYS_Exit)
../../Compiler/SGL_302j/LIB_COFF/SEGA_SYS.A(sys_sub.o)
                              ../../Compiler/SGL_302j/LIB_COFF/SEGA_SYS.A(sys_exit.o) (SYSUB_SetStackptr)
../../Compiler/SGL_302j/LIB_COFF/LIBCD.A(CDC_CMN.O)
                              ../../Compiler/SGL_302j/LIB_COFF/SEGA_SYS.A(sys_exit.o) (CDC_GetCurStat)
../../Compiler/SGL_302j/LIB_COFF/LIBCD.A(CDC_CFS.O)
                              ../../Compiler/SGL_302j/LIB_COFF/SEGA_SYS.A(sys_exit.o) (CDC_ChgDir)
../../Compiler/SGL_302j/LIB_COFF/LIBCD.A(CDC_REG.O)
                              ../../Compiler/SGL_302j/LIB_COFF/SEGA_SYS.A(sys_exit.o) (CDC_GetHirqReq)
../../Compiler/SGL_302j/LIB_COFF/LIBCD.A(CDC_SUB.O)
                              ../../Compiler/SGL_302j/LIB_COFF/LIBCD.A(CDC_CMN.O) (CDSUB_UpdStatus)
../../Compiler/SGL_302j/LIB_COFF/LIBCD.A(GFS.O)
                              ../../jo_engine/fs.o (symbol from plugin) (GFS_Init)
../../Compiler/SGL_302j/LIB_COFF/LIBCD.A(GFS_BUF.O)
                              ../../Compiler/SGL_302j/LIB_COFF/LIBCD.A(GFS.O) (GFBF_GetNumData)
../../Compiler/SGL_302j/LIB_COFF/LIBCD.A(GFS_CDB.O)
                              ../../Compiler/SGL_302j/LIB_COFF/LIBCD.A(GFS.O) (GFCB_Close)
../../Compiler/SGL_302j/LIB_COFF/LIBCD.A(GFS_CDC.O)
                              ../../Compiler/SGL_302j/LIB_COFF/LIBCD.A(GFS.O) (GFCD_SetCdbfs)
../../Compiler/SGL_302j/LIB_COFF/LIBCD.A(GFS_CDF.O)
                              ../../Compiler/SGL_302j/LIB_COFF/LIBCD.A(GFS.O) (GFCF_Init)
../../Compiler/SGL_302j/LIB_COFF/LIBCD.A(GFS_DIR.O)
                              ../../Compiler/SGL_302j/LIB_COFF/LIBCD.A(GFS.O) (GFDR_SetupDirTbl)
../../Compiler/SGL_302j/LIB_COFF/LIBCD.A(GFS_TRN.O)
                              ../../Compiler/SGL_302j/LIB_COFF/LIBCD.A(GFS.O) (GFTR_Setup)
../../Compiler/SGL_302j/LIB_COFF/LIBCD.A(CDC_DRV.O)
                              ../../Compiler/SGL_302j/LIB_COFF/LIBCD.A(GFS_CDC.O) (CDC_CdPlay)
../../Compiler/SGL_302j/LIB_COFF/LIBCD.A(CDC_DEV.O)
                              ../../Compiler/SGL_302j/LIB_COFF/LIBCD.A(GFS_CDC.O) (CDC_CdSetCon)
../../Compiler/SGL_302j/LIB_COFF/LIBCD.A(CDC_SEL.O)
                              ../../Compiler/SGL_302j/LIB_COFF/LIBCD.A(GFS_CDC.O) (CDC_SetFiltRange)
../../Compiler/SGL_302j/LIB_COFF/LIBCD.A(CDC_BIF.O)
                              ../../Compiler/SGL_302j/LIB_COFF/LIBCD.A(GFS_CDC.O) (CDC_GetBufSiz)
../../Compiler/SGL_302j/LIB_COFF/LIBCD.A(CDC_BIO.O)
                              ../../Compiler/SGL_302j/LIB_COFF/LIBCD.A(GFS_CDC.O) (CDC_SetSctLen)
../../Compiler/SGL_302j/LIB_COFF/LIBSGL.A(sglA15.o)
                              ../../jo_engine/core.o (symbol from plugin) (slSlaveFunc)
../../Compiler/SGL_302j/LIB_COFF/LIBSGL.A(sglA20.o)
                              ../../jo_engine/core.o (symbol from plugin) (slUnitMatrix)
../../Compiler/SGL_302j/LIB_COFF/LIBSGL.A(sglA21.o)
                              ../../jo_engine/map.o (symbol from plugin) (slPushMatrix)
../../Compiler/SGL_302j/LIB_COFF/LIBSGL.A(sglA27.o)
                              ../../jo_engine/map.o (symbol from plugin) (slTranslate)
../../Compiler/SGL_302j/LIB_COFF/LIBSGL.A(sglB001.o)
                              ../../jo_engine/core.o (symbol from plugin) (slTVOn)
../../Compiler/SGL_302j/LIB_COFF/LIBSGL.A(sglB011.o)
                              ../../jo_engine/core.o (symbol from plugin) (slBitMapNbg1)
../../Compiler/SGL_302j/LIB_COFF/LIBSGL.A(sglB015.o)
                              ../../jo_engine/core.o (symbol from plugin) (slScrAutoDisp)
../../Compiler/SGL_302j/LIB_COFF/LIBSGL.A(sglB016.o)
                              ../../jo_engine/core.o (symbol from plugin) (slBack1ColSet)
../../Compiler/SGL_302j/LIB_COFF/LIBSGL.A(sglB032.o)
                              ../../jo_engine/core.o (symbol from plugin) (slMapNbg1)
../../Compiler/SGL_302j/LIB_COFF/LIBSGL.A(sglB053.o)
                              ../../jo_engine/core.o (symbol from plugin) (slZoomNbg1)
../../Compiler/SGL_302j/LIB_COFF/LIBSGL.A(sglB056.o)
                              ../../jo_engine/core.o (symbol from plugin) (slPlaneNbg1)
../../Compiler/SGL_302j/LIB_COFF/LIBSGL.A(sglB063.o)
                              ../../jo_engine/core.o (symbol from plugin) (slPriority)
../../Compiler/SGL_302j/LIB_COFF/LIBSGL.A(sglB200.o)
                              ../../jo_engine/core.o (symbol from plugin) (slCharNbg0)
../../Compiler/SGL_302j/LIB_COFF/LIBSGL.A(sglC05.o)
                              ../../jo_engine/sprites.o (symbol from plugin) (slSetSprite)
../../Compiler/SGL_302j/LIB_COFF/LIBSGL.A(sglC06.o)
                              ../../jo_engine/sprites.o (symbol from plugin) (slDispSprite)
../../Compiler/SGL_302j/LIB_COFF/LIBSGL.A(sglC07.o)
                              ../../jo_engine/sprites.o (symbol from plugin) (slPutSprite)
[...]
Memory Configuration

Name             Origin             Length             Attributes
*default*        0x0000000000000000 0xffffffffffffffff

Linker script and memory map

TARGET(coff-sh)

SLSTART         0x0000000006004000       0x28
                0x0000000006004000                ___Start = .
 *(SLSTART)
 SLSTART        0x0000000006004000       0x28 ../../Compiler/SGL_302j/LIB_COFF/LIBSGL.A(sglI00.o)
                0x0000000006004000                SGL_Start
                0x0000000006004002                slStartSGL

.text           0x0000000006004040     0xf868
 *(.text)
 .text          0x0000000006004040        0x0 ../../Compiler/SGL_302j/LIB_COFF/SGLAREA.O
 .text          0x0000000006004040     0x2b00 /tmp/ccqU1qAT.ltrans0.ltrans.o
 .text          0x0000000006006b40      0x238 ../../Compiler/SGL_302j/LIB_COFF/SEGA_SYS.A(sys_exit.o)
                0x0000000006006b40                sys_version
                0x0000000006006b60                SYS_Exit
 *fill*         0x0000000006006d78        0x8 
 .text          0x0000000006006d80        0x6 ../../Compiler/SGL_302j/LIB_COFF/SEGA_SYS.A(sys_sub.o)
                0x0000000006006d80                SYSUB_SetStackptr
 *fill*         0x0000000006006d86        0xa 
 .text          0x0000000006006d90      0x3a0 ../../Compiler/SGL_302j/LIB_COFF/LIBCD.A(CDC_CMN.O)
                0x0000000006006d90                CDC_GetCurStat
                0x0000000006006de0                CDC_GetLastStat
                0x0000000006006df8                CDC_GetPeriStat
                0x0000000006006ecc                CDC_GetHwInfo
                0x0000000006006f34                CDC_TgetToc
                0x0000000006006f84                CDC_GetSes
                0x0000000006006fc0                CDC_CdInit
                0x0000000006007044                CDC_CdOpen
                0x000000000600706c                CDC_DataReady
                0x00000000060070d8                CDC_DataEnd
 .text          0x0000000006007130      0x194 ../../Compiler/SGL_302j/LIB_COFF/LIBCD.A(CDC_CFS.O)
                0x0000000006007130                CDC_ChgDir
                0x0000000006007164                CDC_ReadDir
                0x0000000006007198                CDC_GetFileScope
                0x00000000060071f8                CDC_TgetFileInfo
                0x0000000006007254                CDC_ReadFile
                0x0000000006007288                CDC_AbortFile
 *fill*         0x00000000060072c4        0xc 
 .text          0x00000000060072d0      0x2dc ../../Compiler/SGL_302j/LIB_COFF/LIBCD.A(CDC_REG.O)
                0x00000000060072d0                CDC_GetDataPtr
                0x00000000060072e0                CDC_GetHirqReq
                0x00000000060072f4                CDC_ClrHirqReq
                0x0000000006007324                CDREG_ClrHirqReq
                0x0000000006007334                CDREG_InitHirqReq
                0x000000000600735c                CDREG_SetHirqFlag
                0x0000000006007370                CDC_GetHirqMsk
                0x0000000006007384                CDC_SetHirqMsk
                0x0000000006007394                CDC_GetMpegPtr
                0x00000000060073a4                CDREG_TgetData
                0x0000000006007400                CDREG_CmdRsp
                0x0000000006007500                CDREG_WaitHirq
                0x0000000006007570                CDREG_ReadRsp
 *fill*         0x00000000060075ac        0x4 
 .text          0x00000000060075b0      0x152 ../../Compiler/SGL_302j/LIB_COFF/LIBCD.A(CDC_SUB.O)
                0x00000000060075b0                CDSUB_UpdStatus
                0x00000000060075c8                CDSUB_UpdCdstat
                0x00000000060075e8                CDSUB_CdCmd
                0x0000000006007658                CDSUB_GetCdstat
                0x0000000006007698                CDSUB_RspToCdstat
                0x00000000060076e0                CDSUB_SoftTimer
 *fill*         0x0000000006007702        0xe 
 .text          0x0000000006007710     0x1adc ../../Compiler/SGL_302j/LIB_COFF/LIBCD.A(GFS.O)
                0x0000000006007710                gfs_version
                0x0000000006007730                GFS_Init
                0x0000000006007818                GFS_LoadDir
                0x00000000060078c0                GFS_SetDir
                0x0000000006007928                GFS_NameToId
                0x000000000600798c                GFS_IdToName
                0x00000000060079f8                GFS_GetDirInfo
                0x0000000006007a68                GFS_Reset
                0x0000000006007aec                GFS_Open
                0x0000000006007ba0                GFS_Close
                0x0000000006007bd8                GFS_Seek
                0x0000000006007c8c                GFS_Tell
                0x0000000006007cdc                GFS_IsEof
                0x0000000006007d30                GFS_ByteToSct
                0x0000000006007d8c                GFS_GetFileSize
                0x0000000006007de8                GFS_GetFileInfo
                0x0000000006007e5c                GFS_GetNumCdbuf
                0x0000000006007e84                GFS_Load
                0x0000000006007f48                GFS_Fread
                0x0000000006007fe4                gfs_waitRead
                0x000000000600808c                GFS_NwFread
                0x0000000006008198                GFS_NwCdRead
                0x0000000006008210                GFS_NwIsComplete
                0x0000000006008248                GFS_NwStop
                0x00000000060082b4                GFS_NwGetStat
                0x0000000006008330                gfs_recovRdErr
                0x0000000006008360                GFS_NwExecOne
                0x0000000006008420                GFS_NwExecServer
                0x000000000600849c                GFS_SetGmode
                0x0000000006008500                GFS_SetTmode
                0x000000000600856c                GFS_SetReadPara
                0x00000000060085d0                GFS_SetTransPara
                0x000000000600863c                GFS_SetTrFunc
                0x00000000060086a0                GFS_StartTrans
                0x00000000060086ec                GFS_CdMovePickup
                0x0000000006008758                GFS_SetErrFunc
                0x0000000006008784                GFS_GetErrStat
                0x00000000060087a8                GFS_ConvTno
                0x00000000060087d0                gfs_chgRoot
                0x000000000600889c                gfs_aborttrans
                0x00000000060088a8                gfs_mngSetupFuncTbl
                0x00000000060088dc                gfs_mngInitWork
                0x0000000006008980                gfs_mngGetNumFile
                0x00000000060089e8                GFS_mngAllocGrp
                0x0000000006008a30                gfs_mngFreeGrp
                0x0000000006008a3c                gfs_mngTermAccess
                0x0000000006008ac0                gfs_mngSetErrCode
                0x0000000006008b40                gfs_svrSearchHndl
                0x0000000006008b80                gfs_svrAddHndl
                0x0000000006008bbc                gfs_svrRemoveHndl
                0x0000000006008c18                GFS_OpenSub
                0x0000000006008c70                gfs_loadVol
                0x0000000006008d34                gfs_getRootDir
                0x0000000006008e30                gfs_loadRootDir
                0x0000000006008eb8                gfs_flowIn
                0x0000000006008f60                gfs_transData
                0x0000000006009004                GFS_GetFad
                0x000000000600905c                gfs_SetSct
                0x000000000600909c                gfs_GetFinfo
                0x00000000060090dc                gfs_closeSub
                0x0000000006009118                gfs_getGmode
                0x0000000006009124                gfs_isTaskDone
                0x0000000006009178                gfs_convFinStat
 *fill*         0x00000000060091ec        0x4 
 .text          0x00000000060091f0      0x106 ../../Compiler/SGL_302j/LIB_COFF/LIBCD.A(GFS_BUF.O)
                0x0000000006009220                GFBF_GetTranData
                0x0000000006009248                GFBF_GetNumData
                0x0000000006009278                GFBF_GetSrcPk
                0x00000000060092a0                GFBF_GetSctData
                0x00000000060092c4                GFBF_RtnPk
                0x00000000060092ec                gfbf_getSctDt
 *fill*         0x00000000060092f6        0xa 
 .text          0x0000000006009300      0x600 ../../Compiler/SGL_302j/LIB_COFF/LIBCD.A(GFS_CDB.O)
                0x0000000006009300                GFCB_Setup
                0x0000000006009420                GFCB_Close
                0x0000000006009448                GFCB_GetLenData
                0x00000000060094f4                GFCB_GetLenRoom
                0x0000000006009500                GFCB_SetFilt
                0x0000000006009568                GFCB_DeleteAllData
                0x0000000006009590                GFCB_Tell
                0x00000000060095a0                gfcb_getSctNum
                0x00000000060095f0                GFCB_Seek
                0x00000000060096ec                GFCB_GetSrcPack
                0x00000000060097cc                GFCB_GetSctData
                0x0000000006009804                GFCB_GetDstPack
                0x0000000006009810                GFCB_RtnPk
                0x0000000006009858                GFCB_MovePickup
                0x0000000006009874                GFCB_SetCon
                0x00000000060098a8                GFCB_GetPickup
                0x00000000060098d0                GFCB_IsPuOwner
                0x00000000060098e8                GFCB_UngetPickup
 .text          0x0000000006009900     0x1a10 ../../Compiler/SGL_302j/LIB_COFF/LIBCD.A(GFS_CDC.O)
                0x0000000006009900                GFCD_SetCdbfs
                0x000000000600992c                GFCD_Init
                0x0000000006009b30                GFCD_AllocFilt
                0x0000000006009b6c                GFCD_FreeFilt
                0x0000000006009b9c                GFCD_AllocBuf
                0x0000000006009bd0                GFCD_FreeBuf
                0x0000000006009c74                GFCD_GetBaseFad
                0x0000000006009ca8                GFCD_GetPickup
                0x0000000006009cdc                GFCD_UngetPickup
                0x0000000006009d08                GFCD_IsPuOwner
                0x0000000006009d2c                GFCD_SetFilt
                0x0000000006009df0                GFCD_GetFilt
                0x0000000006009e38                GFCD_SetCon
                0x0000000006009e90                GFCD_Play
                0x0000000006009ef0                GFCD_GetLenData
                0x0000000006009f58                GFCD_ReqData
                0x0000000006009fb4                GFCD_EndData
                0x0000000006009ffc                GFCD_DelSctData
                0x000000000600a054                GFCD_CheckDelSctData
                0x000000000600a084                GFCD_GetStat
                0x000000000600a138                GFCD_MovePickup
                0x000000000600a184                GFCD_MoveSctData
                0x000000000600a1f8                GFCD_CheckMove
                0x000000000600a21c                GFCD_GetSctInfo
                0x000000000600a264                GFCD_ChgDir
                0x000000000600a2d8                GFCD_SetFiltCon
                0x000000000600a3c0                GFCD_GetFileInfo
                0x000000000600a49c                GFCD_GetBufSiz
                0x000000000600a4d4                GFCD_ExecServer
                0x000000000600a5a8                gfcd_isIdleTask
                0x000000000600a634                gfcd_doTask
                0x000000000600a6e0                GFCD_SetTimer
                0x000000000600a6f4                GFCD_WaitServer
                0x000000000600a730                gfcd_doSetFiltTsk
                0x000000000600a8f4                gfcd_doSetConTsk
                0x000000000600a984                gfcd_doGetLenDataTsk
                0x000000000600aad8                gfcd_doReqDataTsk
                0x000000000600ab78                gfcd_doDelSctDataTsk
                0x000000000600acac                gfcd_doMoveSctTsk
                0x000000000600ae10                gfcd_doChgDirTsk
                0x000000000600b00c                gfcd_doSetFiltConTsk
                0x000000000600b150                gfcd_checkEflag
                0x000000000600b174                gfcd_initCdbMng
                0x000000000600b1f4                gfcd_setStat
                0x000000000600b220                GFCD_SetCsctFunc
                0x000000000600b23c                GFCD_ChkScdqFlag
                0x000000000600b260                GFCD_ClrScdqFlag
                0x000000000600b27c                GFCD_WaitScdqFlag
                0x000000000600b2c0                GFCD_WaitPause
 .text          0x000000000600b310      0x8d8 ../../Compiler/SGL_302j/LIB_COFF/LIBCD.A(GFS_CDF.O)
                0x000000000600b310                GFCF_Init
                0x000000000600b3b0                GFCF_Setup
                0x000000000600b4f8                GFCF_SetSct
                0x000000000600b53c                GFCF_GetFileInfo
                0x000000000600b5b0                GFCF_FlowInBuf
                0x000000000600b704                GFCF_StopInBuf
                0x000000000600b7a4                GFCF_Recover
                0x000000000600b7ec                GFCF_Tell
                0x000000000600b804                GFCF_Seek
                0x000000000600b81c                GFCF_MovePickup
                0x000000000600b8b8                GFCF_cnvIntlvOfs
                0x000000000600b90c                GFCF_GetStat
                0x000000000600b9a4                gfcf_getSctSize
                0x000000000600b9e0                gfcf_isCdOk
                0x000000000600baa0                gfcf_getPlayRange
 *fill*         0x000000000600bbe8        0x8 
 .text          0x000000000600bbf0      0x92c ../../Compiler/SGL_302j/LIB_COFF/LIBCD.A(GFS_DIR.O)
                0x000000000600bbf0                GFDR_SetupDirTbl
                0x000000000600bc64                GFDR_NameToId
                0x000000000600bcc4                GFDR_GetInfoDirId
                0x000000000600bcd8                GFDR_GetInfoDirName
                0x000000000600bcec                GFDR_GetAtrDirId
                0x000000000600bd04                GFDR_GetAtrDirName
                0x000000000600bd1c                GFDR_ChgRoot
                0x000000000600bd34                GFDR_ChgDir
                0x000000000600bda8                gfdr_setupDirIdTbl
                0x000000000600be2c                gfdr_setupDirNameTbl
                0x000000000600bed8                gfdr_open
                0x000000000600bf00                gfdr_read
                0x000000000600bfc0                gfdr_readByte
                0x000000000600bfec                gfdr_readWord
                0x000000000600c018                gfdr_readWordNB
                0x000000000600c06c                gfdr_readLongNB
                0x000000000600c0b8                gfdr_readLongNM
                0x000000000600c0e0                gfdr_setNextRec
                0x000000000600c164                gfdr_readDirEnt
                0x000000000600c4e0                gfdr_setDirrecCd
 *fill*         0x000000000600c51c        0x4 
 .text          0x000000000600c520      0x9c6 ../../Compiler/SGL_302j/LIB_COFF/LIBCD.A(GFS_TRN.O)
                0x000000000600c550                GFTR_Setup
                0x000000000600c594                GFTR_SetMode
                0x000000000600c5a8                GFTR_SetUnit
                0x000000000600c5b4                GFTR_SetTransPara
                0x000000000600c5e8                GFTR_GetTransPara
                0x000000000600c5f4                GFTR_GetNumTrans
                0x000000000600c600                GFTR_SetTransMax
                0x000000000600c60c                GFTR_Start
                0x000000000600c618                GFTR_Pause
                0x000000000600c624                GFTR_Stop
                0x000000000600c6dc                GFTR_Exec
                0x000000000600c760                GFTR_Idle
                0x000000000600c7d8                GFTR_ExecSvr
                0x000000000600c8e0                gftr_getSrcPack
                0x000000000600c968                gftr_getDstPack
                0x000000000600c9c4                gftr_reqScu
                0x000000000600c9d0                gftr_execScu
                0x000000000600ca6c                gftr_remScu
                0x000000000600caa0                gfdma_canUse
                0x000000000600caac                gfdma_exec
                0x000000000600cb1c                gfdma_getBytecnt
                0x000000000600cb54                gftr_reqDma0
                0x000000000600cb6c                gftr_execSdma0
                0x000000000600cb90                gftr_remDma0
                0x000000000600cba8                gftr_reqDma1
                0x000000000600cbc0                gftr_execSdma1
                0x000000000600cbe4                gftr_remDma1
                0x000000000600cbfc                gftr_reqCpu
                0x000000000600cc08                gftr_execCpu
                0x000000000600cc48                gftr_remCpu
                0x000000000600cc54                gftr_reqTrn
                0x000000000600ccc4                gftr_execTrn
                0x000000000600cd9c                gftr_remTrn
                0x000000000600ce10                gftr_copyFrac
                0x000000000600ce38                GFTR_GetLenData
                0x000000000600ce44                GFTR_GetLenRoom
                0x000000000600ce5c                GFTR_GetDstPack
                0x000000000600ce90                GFTR_RtnDstPk
                0x000000000600ceac                GFTR_GetData
                0x000000000600cec0                GFTR_SetData
                0x000000000600ced4                GFTR_SetTransFunc
 *fill*         0x000000000600cee6        0xa 
 .text          0x000000000600cef0      0x130 ../../Compiler/SGL_302j/LIB_COFF/LIBCD.A(CDC_DRV.O)
                0x000000000600cef0                CDC_CdPlay
                0x000000000600cfbc                CDC_CdSeek
                0x000000000600cff0                CDC_CdScan
 .text          0x000000000600d020       0xa8 ../../Compiler/SGL_302j/LIB_COFF/LIBCD.A(CDC_DEV.O)
                0x000000000600d020                CDC_CdSetCon
                0x000000000600d050                CDC_CdGetCon
                0x000000000600d08c                CDC_CdGetLastBuf
 *fill*         0x000000000600d0c8        0x8 
 .text          0x000000000600d0d0      0x2b8 ../../Compiler/SGL_302j/LIB_COFF/LIBCD.A(CDC_SEL.O)
                0x000000000600d0d0                CDC_SetFiltRange
                0x000000000600d104                CDC_GetFiltRange
                0x000000000600d15c                CDC_SetFiltSubh
                0x000000000600d1cc                CDC_GetFiltSubh
                0x000000000600d248                CDC_SetFiltMode
                0x000000000600d27c                CDC_GetFiltMode
                0x000000000600d2c0                CDC_SetFiltCon
                0x000000000600d300                CDC_GetFiltCon
                0x000000000600d354                CDC_ResetSelector
 *fill*         0x000000000600d388        0x8 
 .text          0x000000000600d390      0x270 ../../Compiler/SGL_302j/LIB_COFF/LIBCD.A(CDC_BIF.O)
                0x000000000600d390                CDC_GetBufSiz
                0x000000000600d3ec                CDC_GetSctNum
                0x000000000600d430                CDC_CalActSiz
                0x000000000600d46c                CDC_GetActSiz
                0x000000000600d4ec                CDC_GetSctInfo
                0x000000000600d56c                CDC_ExeFadSearch
                0x000000000600d5a4                CDC_GetFadSearch
 .text          0x000000000600d600      0x1e4 ../../Compiler/SGL_302j/LIB_COFF/LIBCD.A(CDC_BIO.O)
                0x000000000600d600                CDC_SetSctLen
                0x000000000600d634                CDC_GetSctData
                0x000000000600d670                CDC_DelSctData
                0x000000000600d6ac                CDC_GetdelSctData
                0x000000000600d6e8                CDC_PutSctData
                0x000000000600d720                CDC_CopySctData
                0x000000000600d764                CDC_MoveSctData
                0x000000000600d7a8                CDC_GetCopyErr
 *fill*         0x000000000600d7e4        0xc 
 .text          0x000000000600d7f0        0x0 ../../Compiler/SGL_302j/LIB_COFF/LIBSGL.A(sglA15.o)
 .text          0x000000000600d7f0        0x0 ../../Compiler/SGL_302j/LIB_COFF/LIBSGL.A(sglA20.o)
 .text          0x000000000600d7f0        0x0 ../../Compiler/SGL_302j/LIB_COFF/LIBSGL.A(sglA21.o)
 .text          0x000000000600d7f0        0x0 ../../Compiler/SGL_302j/LIB_COFF/LIBSGL.A(sglA27.o)
 .text          0x000000000600d7f0        0x0 ../../Compiler/SGL_302j/LIB_COFF/LIBSGL.A(sglB001.o)
 .text          0x000000000600d7f0        0x0 ../../Compiler/SGL_302j/LIB_COFF/LIBSGL.A(sglB011.o)
 .text          0x000000000600d7f0        0x0 ../../Compiler/SGL_302j/LIB_COFF/LIBSGL.A(sglB015.o)
 .text          0x000000000600d7f0        0x0 ../../Compiler/SGL_302j/LIB_COFF/LIBSGL.A(sglB016.o)
 .text          0x000000000600d7f0        0x0 ../../Compiler/SGL_302j/LIB_COFF/LIBSGL.A(sglB032.o)
 .text          0x000000000600d7f0        0x0 ../../Compiler/SGL_302j/LIB_COFF/LIBSGL.A(sglB053.o)
 .text          0x000000000600d7f0        0x0 ../../Compiler/SGL_302j/LIB_COFF/LIBSGL.A(sglB056.o)
 .text          0x000000000600d7f0        0x0 ../../Compiler/SGL_302j/LIB_COFF/LIBSGL.A(sglB063.o)
 .text          0x000000000600d7f0        0x0 ../../Compiler/SGL_302j/LIB_COFF/LIBSGL.A(sglB200.o)
 .text          0x000000000600d7f0        0x0 ../../Compiler/SGL_302j/LIB_COFF/LIBSGL.A(sglC05.o)
 .text          0x000000000600d7f0        0x0 ../../Compiler/SGL_302j/LIB_COFF/LIBSGL.A(sglC06.o)
 .text          0x000000000600d7f0        0x0 ../../Compiler/SGL_302j/LIB_COFF/LIBSGL.A(sglC07.o)
 .text          0x000000000600d7f0        0x0 ../../Compiler/SGL_302j/LIB_COFF/LIBSGL.A(sglC08.o)
 .text          0x000000000600d7f0        0x0 ../../Compiler/SGL_302j/LIB_COFF/LIBSGL.A(sglC20.o)
 .text          0x000000000600d7f0        0x0 ../../Compiler/SGL_302j/LIB_COFF/LIBSGL.A(sglD00.o)
 .text          0x000000000600d7f0        0x0 ../../Compiler/SGL_302j/LIB_COFF/LIBSGL.A(sglD01.o)
 .text          0x000000000600d7f0        0x0 ../../Compiler/SGL_302j/LIB_COFF/LIBSGL.A(sglD03.o)
 .text          0x000000000600d7f0        0x0 ../../Compiler/SGL_302j/LIB_COFF/LIBSGL.A(sglD15.o)
 .text          0x000000000600d7f0        0x0 ../../Compiler/SGL_302j/LIB_COFF/LIBSGL.A(sglD16.o)
 .text          0x000000000600d7f0        0x0 ../../Compiler/SGL_302j/LIB_COFF/LIBSGL.A(sglD17.o)
 .text          0x000000000600d7f0        0x0 ../../Compiler/SGL_302j/LIB_COFF/LIBSGL.A(sglD18.o)
 .text          0x000000000600d7f0        0x0 ../../Compiler/SGL_302j/LIB_COFF/LIBSGL.A(sglF00.o)
 .text          0x000000000600d7f0        0x0 ../../Compiler/SGL_302j/LIB_COFF/LIBSGL.A(sglF05.o)
 .text          0x000000000600d7f0        0x0 ../../Compiler/SGL_302j/LIB_COFF/LIBSGL.A(sglH00.o)
 .text          0x000000000600d7f0        0x0 ../../Compiler/SGL_302j/LIB_COFF/LIBSGL.A(sglH01.o)
 .text          0x000000000600d7f0        0x0 ../../Compiler/SGL_302j/LIB_COFF/LIBSGL.A(sglH02.o)
 .text          0x000000000600d7f0        0x0 ../../Compiler/SGL_302j/LIB_COFF/LIBSGL.A(sglH04.o)
 .text          0x000000000600d7f0        0x0 ../../Compiler/SGL_302j/LIB_COFF/LIBSGL.A(sglI01.o)
 .text          0x000000000600d7f0      0x128 ../../Compiler/SGL_302j/LIB_COFF/LIBSGL.A(sglIc0.o)
                0x000000000600d7f0                slInitSystem
 *fill*         0x000000000600d918        0x8 
 .text          0x000000000600d920        0x0 ../../Compiler/SGL_302j/LIB_COFF/LIBSGL.A(sglJ00.o)
 .text          0x000000000600d920        0x0 ../../Compiler/SGL_302j/LIB_COFF/LIBSGL.A(sglJ01.o)
 .text          0x000000000600d920        0x0 ../../Compiler/SGL_302j/LIB_COFF/LIBSGL.A(sglJ02.o)
 .text          0x000000000600d920        0x0 ../../Compiler/SGL_302j/LIB_COFF/LIBSGL.A(sglJ03.o)
 .text          0x000000000600d920        0x0 ../../Compiler/SGL_302j/LIB_COFF/LIBSGL.A(sglJ04.o)
 .text          0x000000000600d920        0x0 ../../Compiler/SGL_302j/LIB_COFF/LIBSGL.A(sglJ05.o)
 .text          0x000000000600d920        0x0 ../../Compiler/SGL_302j/LIB_COFF/LIBSGL.A(sglK01.o)
 .text          0x000000000600d920        0x0 ../../Compiler/SGL_302j/LIB_COFF/LIBSGL.A(sglM01.o)
 .text          0x000000000600d920        0x0 ../../Compiler/SGL_302j/LIB_COFF/LIBSGL.A(sglA00.o)
 .text          0x000000000600d920        0x0 ../../Compiler/SGL_302j/LIB_COFF/LIBSGL.A(sglA01.o)
 .text          0x000000000600d920        0x0 ../../Compiler/SGL_302j/LIB_COFF/LIBSGL.A(sglB000.o)
 .text          0x000000000600d920        0x0 ../../Compiler/SGL_302j/LIB_COFF/LIBSGL.A(sglB035.o)
 .text          0x000000000600d920        0x0 ../../Compiler/SGL_302j/LIB_COFF/LIBSGL.A(sglC00.o)
 .text          0x000000000600d920        0x0 ../../Compiler/SGL_302j/LIB_COFF/LIBSGL.A(sglI00.o)
 .text          0x000000000600d920        0x0 ../../Compiler/SGL_302j/LIB_COFF/LIBSGL.A(sglH03.o)
 .text          0x000000000600d920       0x52 /home/sansigolo/Documents/joengine/Compiler/SH_NONE_ELF/bin/../lib/gcc/sh-none-elf/8.2.0/libgcc.a(_ashiftrt.o)
                0x000000000600d920                __ashiftrt_r4_31
                0x000000000600d920                __ashiftrt_r4_32
                0x000000000600d926                __ashiftrt_r4_30
                0x000000000600d928                __ashiftrt_r4_29
                0x000000000600d92a                __ashiftrt_r4_28
                0x000000000600d92c                __ashiftrt_r4_27
                0x000000000600d92e                __ashiftrt_r4_26
                0x000000000600d930                __ashiftrt_r4_25
                0x000000000600d932                __ashiftrt_r4_24
                0x000000000600d93a                __ashiftrt_r4_23
                0x000000000600d93c                __ashiftrt_r4_22
                0x000000000600d93e                __ashiftrt_r4_21
                0x000000000600d940                __ashiftrt_r4_20
                0x000000000600d942                __ashiftrt_r4_19
                0x000000000600d944                __ashiftrt_r4_18
                0x000000000600d946                __ashiftrt_r4_17
                0x000000000600d948                __ashiftrt_r4_16
                0x000000000600d94e                __ashiftrt_r4_15
                0x000000000600d950                __ashiftrt_r4_14
                0x000000000600d952                __ashiftrt_r4_13
                0x000000000600d954                __ashiftrt_r4_12
                0x000000000600d956                __ashiftrt_r4_11
                0x000000000600d958                __ashiftrt_r4_10
                0x000000000600d95a                __ashiftrt_r4_9
                0x000000000600d95c                __ashiftrt_r4_8
                0x000000000600d95e                __ashiftrt_r4_7
                0x000000000600d960                __ashiftrt_r4_6
                0x000000000600d962                __ashiftrt_r4_5
                0x000000000600d964                __ashiftrt_r4_4
                0x000000000600d966                __ashiftrt_r4_3
                0x000000000600d968                __ashiftrt_r4_2
                0x000000000600d96a                __ashiftrt_r4_1
                0x000000000600d96e                __ashiftrt_r4_0
 *fill*         0x000000000600d972        0x2 
 .text          0x000000000600d974       0xa0 /home/sansigolo/Documents/joengine/Compiler/SH_NONE_ELF/bin/../lib/gcc/sh-none-elf/8.2.0/libgcc.a(_sdivsi3.o)
                0x000000000600d974                __sdivsi3
 .text          0x000000000600da14       0x6c /home/sansigolo/Documents/joengine/Compiler/SH_NONE_ELF/bin/../lib/gcc/sh-none-elf/8.2.0/libgcc.a(_udivsi3.o)
                0x000000000600da36                __udivsi3
 .text          0x000000000600da80      0x134 /home/sansigolo/Documents/joengine/Compiler/SH_NONE_ELF/bin/../lib/gcc/sh-none-elf/8.2.0/libgcc.a(_mul_sf.o)
                0x000000000600da80                __mulsf3
 .text          0x000000000600dbb4       0xdc /home/sansigolo/Documents/joengine/Compiler/SH_NONE_ELF/bin/../lib/gcc/sh-none-elf/8.2.0/libgcc.a(_div_sf.o)
                0x000000000600dbb4                __divsf3
 .text          0x000000000600dc90       0x7c /home/sansigolo/Documents/joengine/Compiler/SH_NONE_ELF/bin/../lib/gcc/sh-none-elf/8.2.0/libgcc.a(_sf_to_si.o)
                0x000000000600dc90                __fixsfsi
 .text          0x000000000600dd0c        0x0 /home/sansigolo/Documents/joengine/Compiler/SH_NONE_ELF/bin/../lib/gcc/sh-none-elf/8.2.0/libgcc.a(_thenan_sf.o)
 .text          0x000000000600dd0c       0x94 /home/sansigolo/Documents/joengine/Compiler/SH_NONE_ELF/bin/../lib/gcc/sh-none-elf/8.2.0/libgcc.a(_usi_to_sf.o)
                0x000000000600dd0c                __floatunsisf
 .text          0x000000000600dda0      0x114 /home/sansigolo/Documents/joengine/Compiler/SH_NONE_ELF/bin/../lib/gcc/sh-none-elf/8.2.0/libgcc.a(_pack_sf.o)
                0x000000000600dda0                __pack_f
 .text          0x000000000600deb4       0xa0 /home/sansigolo/Documents/joengine/Compiler/SH_NONE_ELF/bin/../lib/gcc/sh-none-elf/8.2.0/libgcc.a(_unpack_sf.o)
                0x000000000600deb4                __unpack_f
 .text          0x000000000600df54       0x1e /home/sansigolo/Documents/joengine/Compiler/SH_NONE_ELF/bin/../lib/gcc/sh-none-elf/8.2.0/../../../../sh-none-elf/lib/libc.a(lib_a-memcmp.o)
                0x000000000600df54                memcmp
 *fill*         0x000000000600df72        0x2 
 .text          0x000000000600df74       0x94 /home/sansigolo/Documents/joengine/Compiler/SH_NONE_ELF/bin/../lib/gcc/sh-none-elf/8.2.0/../../../../sh-none-elf/lib/libc.a(lib_a-memcpy.o)
                0x000000000600df74                memcpy
 .text          0x000000000600e008       0x40 /home/sansigolo/Documents/joengine/Compiler/SH_NONE_ELF/bin/../lib/gcc/sh-none-elf/8.2.0/../../../../sh-none-elf/lib/libc.a(lib_a-memset.o)
                0x000000000600e008                memset
 .text          0x000000000600e048       0x8c /home/sansigolo/Documents/joengine/Compiler/SH_NONE_ELF/bin/../lib/gcc/sh-none-elf/8.2.0/../../../../sh-none-elf/lib/libc.a(lib_a-sprintf.o)
                0x000000000600e048                _sprintf_r
                0x000000000600e088                sprintf
 .text          0x000000000600e0d4       0x2a /home/sansigolo/Documents/joengine/Compiler/SH_NONE_ELF/bin/../lib/gcc/sh-none-elf/8.2.0/../../../../sh-none-elf/lib/libc.a(lib_a-strncmp.o)
                0x000000000600e0d4                strncmp
 .text          0x000000000600e0fe       0x32 /home/sansigolo/Documents/joengine/Compiler/SH_NONE_ELF/bin/../lib/gcc/sh-none-elf/8.2.0/../../../../sh-none-elf/lib/libc.a(lib_a-strncpy.o)
                0x000000000600e0fe                strncpy
 .text          0x000000000600e130     0x1378 /home/sansigolo/Documents/joengine/Compiler/SH_NONE_ELF/bin/../lib/gcc/sh-none-elf/8.2.0/../../../../sh-none-elf/lib/libc.a(lib_a-svfprintf.o)
                0x000000000600e130                _svfprintf_r
 .text          0x000000000600f4a8      0xef4 /home/sansigolo/Documents/joengine/Compiler/SH_NONE_ELF/bin/../lib/gcc/sh-none-elf/8.2.0/../../../../sh-none-elf/lib/libc.a(lib_a-dtoa.o)
                0x000000000600f5dc                _dtoa_r
 .text          0x000000000601039c        0x0 /home/sansigolo/Documents/joengine/Compiler/SH_NONE_ELF/bin/../lib/gcc/sh-none-elf/8.2.0/../../../../sh-none-elf/lib/libc.a(lib_a-impure.o)
 .text          0x000000000601039c       0x40 /home/sansigolo/Documents/joengine/Compiler/SH_NONE_ELF/bin/../lib/gcc/sh-none-elf/8.2.0/../../../../sh-none-elf/lib/libc.a(lib_a-localeconv.o)
                0x000000000601039c                __localeconv_l
                0x00000000060103a4                _localeconv_r
                0x00000000060103c0                localeconv
 .text          0x00000000060103dc       0xa8 /home/sansigolo/Documents/joengine/Compiler/SH_NONE_ELF/bin/../lib/gcc/sh-none-elf/8.2.0/../../../../sh-none-elf/lib/libc.a(lib_a-locale.o)
                0x00000000060103dc                _setlocale_r
                0x0000000006010428                __locale_mb_cur_max
                0x0000000006010448                __locale_ctype_ptr_l
                0x0000000006010452                __locale_ctype_ptr
                0x0000000006010470                setlocale
 .text          0x0000000006010484       0x4c /home/sansigolo/Documents/joengine/Compiler/SH_NONE_ELF/bin/../lib/gcc/sh-none-elf/8.2.0/../../../../sh-none-elf/lib/libc.a(lib_a-mbtowc_r.o)
                0x0000000006010484                _mbtowc_r
                0x00000000060104a8                __ascii_mbtowc
 .text          0x00000000060104d0       0x1c /home/sansigolo/Documents/joengine/Compiler/SH_NONE_ELF/bin/../lib/gcc/sh-none-elf/8.2.0/../../../../sh-none-elf/lib/libc.a(lib_a-memchr.o)
                0x00000000060104d0                memchr
 .text          0x00000000060104ec      0xa9c /home/sansigolo/Documents/joengine/Compiler/SH_NONE_ELF/bin/../lib/gcc/sh-none-elf/8.2.0/../../../../sh-none-elf/lib/libc.a(lib_a-mprec.o)
                0x00000000060104ec                _Balloc
                0x0000000006010560                _Bfree
                0x0000000006010578                __multadd
                0x0000000006010620                __s2b
                0x00000000060106e0                __hi0bits
                0x0000000006010734                __lo0bits
                0x0000000006010798                __i2b
                0x00000000060107b4                __multiply
                0x00000000060108f8                __pow5mult
                0x00000000060109b4                __lshift
                0x0000000006010aa8                __mcmp
                0x0000000006010ae0                __mdiff
                0x0000000006010bbc                __ulp
                0x0000000006010c28                __b2d
                0x0000000006010d10                __d2b
                0x0000000006010dfc                __ratio
                0x0000000006010e80                _mprec_log10
                0x0000000006010ed8                __copybits
                0x0000000006010f1c                __any_on
 .text          0x0000000006010f88       0x34 /home/sansigolo/Documents/joengine/Compiler/SH_NONE_ELF/bin/../lib/gcc/sh-none-elf/8.2.0/../../../../sh-none-elf/lib/libc.a(lib_a-nano-callocr.o)
                0x0000000006010f88                _calloc_r
 .text          0x0000000006010fbc       0xf4 /home/sansigolo/Documents/joengine/Compiler/SH_NONE_ELF/bin/../lib/gcc/sh-none-elf/8.2.0/../../../../sh-none-elf/lib/libc.a(lib_a-nano-mallocr.o)
                0x0000000006010fbc                _malloc_r
 .text          0x00000000060110b0       0x30 /home/sansigolo/Documents/joengine/Compiler/SH_NONE_ELF/bin/../lib/gcc/sh-none-elf/8.2.0/../../../../sh-none-elf/lib/libc.a(lib_a-sbrkr.o)
                0x00000000060110b0                _sbrk_r
 .text          0x00000000060110e0       0x38 /home/sansigolo/Documents/joengine/Compiler/SH_NONE_ELF/bin/../lib/gcc/sh-none-elf/8.2.0/../../../../sh-none-elf/lib/libc.a(lib_a-strcmp.o)
                0x00000000060110e0                strcmp
 .text          0x0000000006011118       0x20 /home/sansigolo/Documents/joengine/Compiler/SH_NONE_ELF/bin/../lib/gcc/sh-none-elf/8.2.0/../../../../sh-none-elf/lib/libc.a(lib_a-strlen.o)
                0x0000000006011118                strlen
 .text          0x0000000006011138      0xa60 /home/sansigolo/Documents/joengine/Compiler/SH_NONE_ELF/bin/../lib/gcc/sh-none-elf/8.2.0/../../../../sh-none-elf/lib/libc.a(lib_a-svfiprintf.o)
                0x0000000006011138                __ssprint_r
                0x000000000601126c                _svfiprintf_r
 .text          0x0000000006011b98      0x25c /home/sansigolo/Documents/joengine/Compiler/SH_NONE_ELF/bin/../lib/gcc/sh-none-elf/8.2.0/../../../../sh-none-elf/lib/libc.a(lib_a-syscalls.o)
                0x0000000006011c10                _read
                0x0000000006011c20                _lseek
                0x0000000006011c30                _write
                0x0000000006011c40                _close
                0x0000000006011c50                _link
                0x0000000006011c54                _sbrk
                0x0000000006011cac                _fstat
                0x0000000006011cb6                _open
                0x0000000006011cc8                _creat
                0x0000000006011cd8                _unlink
                0x0000000006011cdc                isatty
                0x0000000006011ce0                _isatty
                0x0000000006011ce4                _exit
                0x0000000006011cf4                _kill
                0x0000000006011d08                _getpid
                0x0000000006011d0c                _raise
                0x0000000006011d10                _stat
                0x0000000006011d20                _chmod
                0x0000000006011d30                _chown
                0x0000000006011d40                _utime
                0x0000000006011d54                _fork
                0x0000000006011d60                _wait
                0x0000000006011d70                _execve
                0x0000000006011d80                _execv
                0x0000000006011d90                _pipe
                0x0000000006011d9c                _times
                0x0000000006011da0                _gettimeofday
                0x0000000006011dc8                __setup_argv_and_call_main
 .text          0x0000000006011df4       0x14 /home/sansigolo/Documents/joengine/Compiler/SH_NONE_ELF/bin/../lib/gcc/sh-none-elf/8.2.0/../../../../sh-none-elf/lib/libc.a(lib_a-trap.o)
                0x0000000006011df4                __trap34
 .text          0x0000000006011e08       0x40 /home/sansigolo/Documents/joengine/Compiler/SH_NONE_ELF/bin/../lib/gcc/sh-none-elf/8.2.0/../../../../sh-none-elf/lib/libc.a(lib_a-wctomb_r.o)
                0x0000000006011e08                _wctomb_r
                0x0000000006011e28                __ascii_wctomb
 .text          0x0000000006011e48       0x18 /home/sansigolo/Documents/joengine/Compiler/SH_NONE_ELF/bin/../lib/gcc/sh-none-elf/8.2.0/../../../../sh-none-elf/lib/libc.a(lib_a-abort.o)
                0x0000000006011e48                abort
 .text          0x0000000006011e60        0x0 /home/sansigolo/Documents/joengine/Compiler/SH_NONE_ELF/bin/../lib/gcc/sh-none-elf/8.2.0/../../../../sh-none-elf/lib/libc.a(lib_a-ctype_.o)
 .text          0x0000000006011e60       0x3c /home/sansigolo/Documents/joengine/Compiler/SH_NONE_ELF/bin/../lib/gcc/sh-none-elf/8.2.0/../../../../sh-none-elf/lib/libc.a(lib_a-memmove.o)
                0x0000000006011e60                memmove
 .text          0x0000000006011e9c        0x8 /home/sansigolo/Documents/joengine/Compiler/SH_NONE_ELF/bin/../lib/gcc/sh-none-elf/8.2.0/../../../../sh-none-elf/lib/libc.a(lib_a-mlock.o)
                0x0000000006011e9c                __malloc_lock
                0x0000000006011ea0                __malloc_unlock
 .text          0x0000000006011ea4       0xc8 /home/sansigolo/Documents/joengine/Compiler/SH_NONE_ELF/bin/../lib/gcc/sh-none-elf/8.2.0/../../../../sh-none-elf/lib/libc.a(lib_a-nano-freer.o)
                0x0000000006011ea4                _free_r
 .text          0x0000000006011f6c       0x7c /home/sansigolo/Documents/joengine/Compiler/SH_NONE_ELF/bin/../lib/gcc/sh-none-elf/8.2.0/../../../../sh-none-elf/lib/libc.a(lib_a-nano-reallocr.o)
                0x0000000006011f6c                _realloc_r
 .text          0x0000000006011fe8      0x1b0 /home/sansigolo/Documents/joengine/Compiler/SH_NONE_ELF/bin/../lib/gcc/sh-none-elf/8.2.0/../../../../sh-none-elf/lib/libc.a(lib_a-signal.o)
                0x0000000006011fe8                _init_signal_r
                0x0000000006012024                _signal_r
                0x0000000006012070                _raise_r
                0x00000000060120e8                __sigtramp_r
                0x000000000601214c                raise
                0x0000000006012160                signal
                0x0000000006012174                _init_signal
                0x0000000006012184                __sigtramp
 .text          0x0000000006012198       0x40 /home/sansigolo/Documents/joengine/Compiler/SH_NONE_ELF/bin/../lib/gcc/sh-none-elf/8.2.0/../../../../sh-none-elf/lib/libc.a(lib_a-signalr.o)
                0x0000000006012198                _kill_r
                0x00000000060121cc                _getpid_r
 .text          0x00000000060121d8       0x16 /home/sansigolo/Documents/joengine/Compiler/SH_NONE_ELF/bin/../lib/gcc/sh-none-elf/8.2.0/../../../../sh-none-elf/lib/libc.a(lib_a-nano-msizer.o)
                0x00000000060121d8                _malloc_usable_size_r
 *fill*         0x00000000060121ee        0x2 
 .text          0x00000000060121f0       0x80 /home/sansigolo/Documents/joengine/Compiler/SH_NONE_ELF/bin/../lib/gcc/sh-none-elf/8.2.0/libgcc.a(_ashiftrt_n.o)
                0x00000000060121f0                __ashrsi3
 .text          0x0000000006012270       0xbc /home/sansigolo/Documents/joengine/Compiler/SH_NONE_ELF/bin/../lib/gcc/sh-none-elf/8.2.0/libgcc.a(_ashiftlt.o)
                0x0000000006012270                __ashlsi3
                0x0000000006012274                __ashlsi3_r0
 .text          0x000000000601232c       0xbc /home/sansigolo/Documents/joengine/Compiler/SH_NONE_ELF/bin/../lib/gcc/sh-none-elf/8.2.0/libgcc.a(_lshiftrt.o)
                0x000000000601232c                __lshrsi3
                0x0000000006012330                __lshrsi3_r0
 .text          0x00000000060123e8      0x258 /home/sansigolo/Documents/joengine/Compiler/SH_NONE_ELF/bin/../lib/gcc/sh-none-elf/8.2.0/libgcc.a(_udivdi3.o)
                0x00000000060123e8                __udivdi3
 .text          0x0000000006012640      0x2bc /home/sansigolo/Documents/joengine/Compiler/SH_NONE_ELF/bin/../lib/gcc/sh-none-elf/8.2.0/libgcc.a(_umoddi3.o)
                0x0000000006012640                __umoddi3
 .text          0x00000000060128fc      0x3b4 /home/sansigolo/Documents/joengine/Compiler/SH_NONE_ELF/bin/../lib/gcc/sh-none-elf/8.2.0/libgcc.a(_addsub_df.o)
                0x0000000006012c0c                __adddf3
                0x0000000006012c5c                __subdf3
 .text          0x0000000006012cb0      0x208 /home/sansigolo/Documents/joengine/Compiler/SH_NONE_ELF/bin/../lib/gcc/sh-none-elf/8.2.0/libgcc.a(_mul_df.o)
                0x0000000006012cb0                __muldf3
 .text          0x0000000006012eb8      0x130 /home/sansigolo/Documents/joengine/Compiler/SH_NONE_ELF/bin/../lib/gcc/sh-none-elf/8.2.0/libgcc.a(_div_df.o)
                0x0000000006012eb8                __divdf3
 .text          0x0000000006012fe8       0x58 /home/sansigolo/Documents/joengine/Compiler/SH_NONE_ELF/bin/../lib/gcc/sh-none-elf/8.2.0/libgcc.a(_eq_df.o)
                0x0000000006012fe8                __eqdf2
 .text          0x0000000006013040       0x58 /home/sansigolo/Documents/joengine/Compiler/SH_NONE_ELF/bin/../lib/gcc/sh-none-elf/8.2.0/libgcc.a(_ne_df.o)
                0x0000000006013040                __nedf2
 .text          0x0000000006013098       0x50 /home/sansigolo/Documents/joengine/Compiler/SH_NONE_ELF/bin/../lib/gcc/sh-none-elf/8.2.0/libgcc.a(_gt_df.o)
                0x0000000006013098                __gtdf2
 .text          0x00000000060130e8       0x50 /home/sansigolo/Documents/joengine/Compiler/SH_NONE_ELF/bin/../lib/gcc/sh-none-elf/8.2.0/libgcc.a(_ge_df.o)
                0x00000000060130e8                __gedf2
 .text          0x0000000006013138       0x58 /home/sansigolo/Documents/joengine/Compiler/SH_NONE_ELF/bin/../lib/gcc/sh-none-elf/8.2.0/libgcc.a(_lt_df.o)
                0x0000000006013138                __ltdf2
 .text          0x0000000006013190       0x58 /home/sansigolo/Documents/joengine/Compiler/SH_NONE_ELF/bin/../lib/gcc/sh-none-elf/8.2.0/libgcc.a(_le_df.o)
                0x0000000006013190                __ledf2
 .text          0x00000000060131e8       0x40 /home/sansigolo/Documents/joengine/Compiler/SH_NONE_ELF/bin/../lib/gcc/sh-none-elf/8.2.0/libgcc.a(_unord_df.o)
                0x00000000060131e8                __unorddf2
 .text          0x0000000006013228       0xa8 /home/sansigolo/Documents/joengine/Compiler/SH_NONE_ELF/bin/../lib/gcc/sh-none-elf/8.2.0/libgcc.a(_si_to_df.o)
                0x0000000006013228                __floatsidf
 .text          0x00000000060132d0       0xa4 /home/sansigolo/Documents/joengine/Compiler/SH_NONE_ELF/bin/../lib/gcc/sh-none-elf/8.2.0/libgcc.a(_df_to_si.o)
                0x00000000060132d0                __fixdfsi
 .text          0x0000000006013374        0x0 /home/sansigolo/Documents/joengine/Compiler/SH_NONE_ELF/bin/../lib/gcc/sh-none-elf/8.2.0/libgcc.a(_thenan_df.o)
 .text          0x0000000006013374       0x88 /home/sansigolo/Documents/joengine/Compiler/SH_NONE_ELF/bin/../lib/gcc/sh-none-elf/8.2.0/libgcc.a(_usi_to_df.o)
                0x0000000006013374                __floatunsidf
 *fill*         0x00000000060133fc        0x4 
 .text          0x0000000006013400       0x60 /home/sansigolo/Documents/joengine/Compiler/SH_NONE_ELF/bin/../lib/gcc/sh-none-elf/8.2.0/libgcc.a(_udiv_qrnnd_16.o)
                0x0000000006013400                __udiv_qrnnd_16
 .text          0x0000000006013460        0x0 /home/sansigolo/Documents/joengine/Compiler/SH_NONE_ELF/bin/../lib/gcc/sh-none-elf/8.2.0/libgcc.a(_clz.o)
 .text          0x0000000006013460       0x58 /home/sansigolo/Documents/joengine/Compiler/SH_NONE_ELF/bin/../lib/gcc/sh-none-elf/8.2.0/libgcc.a(_clzsi2.o)
                0x0000000006013460                __clzsi2
 .text          0x00000000060134b8      0x25c /home/sansigolo/Documents/joengine/Compiler/SH_NONE_ELF/bin/../lib/gcc/sh-none-elf/8.2.0/libgcc.a(_pack_df.o)
                0x00000000060134b8                __pack_d
 .text          0x0000000006013714       0xcc /home/sansigolo/Documents/joengine/Compiler/SH_NONE_ELF/bin/../lib/gcc/sh-none-elf/8.2.0/libgcc.a(_unpack_df.o)
                0x0000000006013714                __unpack_d
 .text          0x00000000060137e0       0xc8 /home/sansigolo/Documents/joengine/Compiler/SH_NONE_ELF/bin/../lib/gcc/sh-none-elf/8.2.0/libgcc.a(_fpcmp_parts_df.o)
                0x00000000060137e0                __fpcmp_parts_d
 *(.strings)
                0x00000000060138a8                __etext = .

.text.startup   0x00000000060138a8      0x484
 .text.startup  0x00000000060138a8      0x484 /tmp/ccqU1qAT.ltrans0.ltrans.o
                0x00000000060138a8                main

.rodata         0x0000000006013d40      0x63c
 *(.rodata)
 .rodata        0x0000000006013d40      0x12c /tmp/ccqU1qAT.ltrans0.ltrans.o
 .rodata        0x0000000006013e6c       0x10 /home/sansigolo/Documents/joengine/Compiler/SH_NONE_ELF/bin/../lib/gcc/sh-none-elf/8.2.0/libgcc.a(_thenan_sf.o)
                0x0000000006013e6c                __thenan_sf
 .rodata        0x0000000006013e7c       0x20 /home/sansigolo/Documents/joengine/Compiler/SH_NONE_ELF/bin/../lib/gcc/sh-none-elf/8.2.0/../../../../sh-none-elf/lib/libc.a(lib_a-svfprintf.o)
 .rodata        0x0000000006013e9c        0x4 /home/sansigolo/Documents/joengine/Compiler/SH_NONE_ELF/bin/../lib/gcc/sh-none-elf/8.2.0/../../../../sh-none-elf/lib/libc.a(lib_a-impure.o)
                0x0000000006013e9c                _global_impure_ptr
 .rodata        0x0000000006013ea0      0x124 /home/sansigolo/Documents/joengine/Compiler/SH_NONE_ELF/bin/../lib/gcc/sh-none-elf/8.2.0/../../../../sh-none-elf/lib/libc.a(lib_a-mprec.o)
                0x0000000006013eac                __mprec_tinytens
                0x0000000006013ed4                __mprec_bigtens
                0x0000000006013efc                __mprec_tens
 .rodata        0x0000000006013fc4       0x20 /home/sansigolo/Documents/joengine/Compiler/SH_NONE_ELF/bin/../lib/gcc/sh-none-elf/8.2.0/../../../../sh-none-elf/lib/libc.a(lib_a-svfiprintf.o)
 .rodata        0x0000000006013fe4      0x284 /home/sansigolo/Documents/joengine/Compiler/SH_NONE_ELF/bin/../lib/gcc/sh-none-elf/8.2.0/../../../../sh-none-elf/lib/libc.a(lib_a-ctype_.o)
                0x0000000006013fe4                _ctype_
                0x00000000060140e8                _ctype_b
 .rodata        0x0000000006014268       0x14 /home/sansigolo/Documents/joengine/Compiler/SH_NONE_ELF/bin/../lib/gcc/sh-none-elf/8.2.0/libgcc.a(_thenan_df.o)
                0x0000000006014268                __thenan_df
 .rodata        0x000000000601427c      0x100 /home/sansigolo/Documents/joengine/Compiler/SH_NONE_ELF/bin/../lib/gcc/sh-none-elf/8.2.0/libgcc.a(_clz.o)
                0x000000000601427c                __clz_tab

.rodata.str1.4  0x000000000601437c     0x1bca
 .rodata.str1.4
                0x000000000601437c     0x1b58 /tmp/ccqU1qAT.ltrans0.ltrans.o
                                       0x1bad (size before relaxing)
 .rodata.str1.4
                0x0000000006015ed4       0x3a /home/sansigolo/Documents/joengine/Compiler/SH_NONE_ELF/bin/../lib/gcc/sh-none-elf/8.2.0/../../../../sh-none-elf/lib/libc.a(lib_a-svfprintf.o)
 *fill*         0x0000000006015f0e        0x2 
 .rodata.str1.4
                0x0000000006015f10        0xd /home/sansigolo/Documents/joengine/Compiler/SH_NONE_ELF/bin/../lib/gcc/sh-none-elf/8.2.0/../../../../sh-none-elf/lib/libc.a(lib_a-dtoa.o)
                                         0x12 (size before relaxing)
 *fill*         0x0000000006015f1d        0x3 
 .rodata.str1.4
                0x0000000006015f20        0xa /home/sansigolo/Documents/joengine/Compiler/SH_NONE_ELF/bin/../lib/gcc/sh-none-elf/8.2.0/../../../../sh-none-elf/lib/libc.a(lib_a-locale.o)
                                         0x12 (size before relaxing)
 .rodata.str1.4
                0x0000000006015f2a       0x25 /home/sansigolo/Documents/joengine/Compiler/SH_NONE_ELF/bin/../lib/gcc/sh-none-elf/8.2.0/../../../../sh-none-elf/lib/libc.a(lib_a-svfiprintf.o)
 *fill*         0x0000000006015f2a        0x2 
 .rodata.str1.4
                0x0000000006015f2c       0x1a /home/sansigolo/Documents/joengine/Compiler/SH_NONE_ELF/bin/../lib/gcc/sh-none-elf/8.2.0/../../../../sh-none-elf/lib/libc.a(lib_a-syscalls.o)

.eh_frame       0x0000000006015f48      0x170
 .eh_frame      0x0000000006015f48       0xa8 /home/sansigolo/Documents/joengine/Compiler/SH_NONE_ELF/bin/../lib/gcc/sh-none-elf/8.2.0/libgcc.a(_udivdi3.o)
 .eh_frame      0x0000000006015ff0       0xc8 /home/sansigolo/Documents/joengine/Compiler/SH_NONE_ELF/bin/../lib/gcc/sh-none-elf/8.2.0/libgcc.a(_umoddi3.o)
                                         0xdc (size before relaxing)

.rela.dyn       0x00000000060160b8        0x0
 .rela.text     0x00000000060160b8        0x0 /home/sansigolo/Documents/joengine/Compiler/SH_NONE_ELF/bin/../lib/gcc/sh-none-elf/8.2.0/../../../../sh-none-elf/lib/libc.a(lib_a-sbrkr.o)
 .rela.text.startup
                0x00000000060160b8        0x0 /home/sansigolo/Documents/joengine/Compiler/SH_NONE_ELF/bin/../lib/gcc/sh-none-elf/8.2.0/../../../../sh-none-elf/lib/libc.a(lib_a-sbrkr.o)

SLPROG          0x00000000060160c0    0x11720
                0x00000000060160c0                __slprog_start = .
 *(SLPROG)
 SLPROG         0x00000000060160c0     0x6540 ../../Compiler/SGL_302j/LIB_COFF/SGLAREA.O
                0x00000000060160c0                MasterStack
                0x00000000060160c4                SlaveStack
                0x00000000060160c8                MaxVertices
                0x00000000060160ca                MaxPolygons
                0x00000000060160cc                SortList
                0x00000000060160d0                SortListSize
                0x00000000060160d4                TransList
                0x00000000060160d8                Zbuffer
                0x00000000060160dc                SpriteBuf
                0x00000000060160e0                SpriteBufSize
                0x00000000060160e4                Pbuffer
                0x00000000060160e8                CommandBuf
                0x00000000060160ec                CLOfstBuf
                0x00000000060160f0                PCM_Work
                0x00000000060160f4                PCM_WkSize
                0x00000000060160f8                MaxEvents
                0x00000000060160fa                EventSize
                0x00000000060160fc                MaxWorks
                0x00000000060160fe                WorkSize
                0x0000000006016100                RemainEvent
                0x0000000006016200                RemainWork
                0x0000000006016600                EventBuf
                0x0000000006018600                WorkBuf
 SLPROG         0x000000000601c600       0x18 ../../Compiler/SGL_302j/LIB_COFF/LIBSGL.A(sglA15.o)
                0x000000000601c600                slSlaveFunc
 *fill*         0x000000000601c618        0x8 
 SLPROG         0x000000000601c620      0x42c ../../Compiler/SGL_302j/LIB_COFF/LIBSGL.A(sglA20.o)
                0x000000000601c620                slInitMatrix
                0x000000000601c62a                slPushUnitMatrix
                0x000000000601c63e                slUnitMatrix
 *fill*         0x000000000601ca4c        0x4 
 SLPROG         0x000000000601ca50       0x48 ../../Compiler/SGL_302j/LIB_COFF/LIBSGL.A(sglA21.o)
                0x000000000601ca50                slPushMatrix
                0x000000000601ca84                slPopMatrix
                0x000000000601ca84                slDecMatrixPtr
 *fill*         0x000000000601ca98        0x8 
 SLPROG         0x000000000601caa0       0x50 ../../Compiler/SGL_302j/LIB_COFF/LIBSGL.A(sglA27.o)
                0x000000000601caa0                slTranslate
 SLPROG         0x000000000601caf0       0x20 ../../Compiler/SGL_302j/LIB_COFF/LIBSGL.A(sglB001.o)
                0x000000000601caf0                slTVOn
                0x000000000601cafa                slTVOff
 SLPROG         0x000000000601cb10       0x24 ../../Compiler/SGL_302j/LIB_COFF/LIBSGL.A(sglB011.o)
                0x000000000601cb10                slBitMapNbg1
 *fill*         0x000000000601cb34        0xc 
 SLPROG         0x000000000601cb40      0x40c ../../Compiler/SGL_302j/LIB_COFF/LIBSGL.A(sglB015.o)
                0x000000000601cb40                slScrAutoDisp
 *fill*         0x000000000601cf4c        0x4 
 SLPROG         0x000000000601cf50        0xc ../../Compiler/SGL_302j/LIB_COFF/LIBSGL.A(sglB016.o)
                0x000000000601cf50                slBack1ColSet
 *fill*         0x000000000601cf5c        0x4 
 SLPROG         0x000000000601cf60       0xb4 ../../Compiler/SGL_302j/LIB_COFF/LIBSGL.A(sglB032.o)
                0x000000000601cf60                slMapNbg1
 *fill*         0x000000000601d014        0xc 
 SLPROG         0x000000000601d020        0xc ../../Compiler/SGL_302j/LIB_COFF/LIBSGL.A(sglB053.o)
                0x000000000601d020                slZoomNbg1
 *fill*         0x000000000601d02c        0x4 
 SLPROG         0x000000000601d030        0xc ../../Compiler/SGL_302j/LIB_COFF/LIBSGL.A(sglB056.o)
                0x000000000601d030                slPlaneNbg1
 *fill*         0x000000000601d03c        0x4 
 SLPROG         0x000000000601d040        0xc ../../Compiler/SGL_302j/LIB_COFF/LIBSGL.A(sglB063.o)
                0x000000000601d040                slPriority
 *fill*         0x000000000601d04c        0x4 
 SLPROG         0x000000000601d050      0x114 ../../Compiler/SGL_302j/LIB_COFF/LIBSGL.A(sglB200.o)
                0x000000000601d050                slCharRbg0
                0x000000000601d05c                slCharNbg0
                0x000000000601d068                slCharNbg1
                0x000000000601d074                slCharNbg2
                0x000000000601d08a                slCharNbg3
                0x000000000601d0a2                slPageRbg0
                0x000000000601d0b8                slPageNbg1
                0x000000000601d0c0                slPageNbg2
                0x000000000601d0c8                slPageNbg3
                0x000000000601d0d4                slPageNbg0
 *fill*         0x000000000601d164        0xc 
 SLPROG         0x000000000601d170       0x78 ../../Compiler/SGL_302j/LIB_COFF/LIBSGL.A(sglC05.o)
                0x000000000601d170                slSetSprite
 *fill*         0x000000000601d1e8        0x8 
 SLPROG         0x000000000601d1f0       0xfa ../../Compiler/SGL_302j/LIB_COFF/LIBSGL.A(sglC06.o)
                0x000000000601d1f0                slDispSprite
 *fill*         0x000000000601d2ea        0x6 
 SLPROG         0x000000000601d2f0      0x162 ../../Compiler/SGL_302j/LIB_COFF/LIBSGL.A(sglC07.o)
                0x000000000601d2f6                slPutSprite
 *fill*         0x000000000601d452        0xe 
 SLPROG         0x000000000601d460     0x1218 ../../Compiler/SGL_302j/LIB_COFF/LIBSGL.A(sglC08.o)
                0x000000000601d460                slPutPolygon
                0x000000000601e0dc                MsCalcDepthFlat
 *fill*         0x000000000601e678        0x8 
 SLPROG         0x000000000601e680       0x40 ../../Compiler/SGL_302j/LIB_COFF/LIBSGL.A(sglC20.o)
                0x000000000601e680                SpriteEntry
 SLPROG         0x000000000601e6c0       0x84 ../../Compiler/SGL_302j/LIB_COFF/LIBSGL.A(sglD00.o)
                0x000000000601e6c0                slDMACopy
                0x000000000601e6c0                slCpuDMACopy
                0x000000000601e71a                slCashPurge
                0x000000000601e71a                CSH_AllClr
 *fill*         0x000000000601e744        0xc 
 SLPROG         0x000000000601e750       0xa0 ../../Compiler/SGL_302j/LIB_COFF/LIBSGL.A(sglD01.o)
                0x000000000601e750                slDMAXCopy
 SLPROG         0x000000000601e7f0        0xc ../../Compiler/SGL_302j/LIB_COFF/LIBSGL.A(sglD03.o)
                0x000000000601e7f0                slDMAStatus
 *fill*         0x000000000601e7fc        0x4 
 SLPROG         0x000000000601e800       0x20 ../../Compiler/SGL_302j/LIB_COFF/LIBSGL.A(sglD15.o)
                0x000000000601e800                CSH_Purge
 SLPROG         0x000000000601e820       0x84 ../../Compiler/SGL_302j/LIB_COFF/LIBSGL.A(sglD16.o)
                0x000000000601e820                DMA_ScuSetPrm
                0x000000000601e868                DMA_SCU_PRM0
 *fill*         0x000000000601e8a4        0xc 
 SLPROG         0x000000000601e8b0       0x88 ../../Compiler/SGL_302j/LIB_COFF/LIBSGL.A(sglD17.o)
                0x000000000601e8b0                DMA_ScuStart
 *fill*         0x000000000601e938        0x8 
 SLPROG         0x000000000601e940       0x34 ../../Compiler/SGL_302j/LIB_COFF/LIBSGL.A(sglD18.o)
                0x000000000601e940                DMA_ScuGetStatus
 *fill*         0x000000000601e974        0xc 
 SLPROG         0x000000000601e980       0x4e ../../Compiler/SGL_302j/LIB_COFF/LIBSGL.A(sglF00.o)
                0x000000000601e980                slCurScrn
                0x000000000601e990                slCurColor
                0x000000000601e99a                slLocate
                0x000000000601e9cc                CurrentScreen
 *fill*         0x000000000601e9ce        0x2 
 SLPROG         0x000000000601e9d0       0x1c ../../Compiler/SGL_302j/LIB_COFF/LIBSGL.A(sglF05.o)
                0x000000000601e9d0                slPrint
 *fill*         0x000000000601e9ec        0x4 
 SLPROG         0x000000000601e9f0      0xfc8 ../../Compiler/SGL_302j/LIB_COFF/LIBSGL.A(sglH00.o)
                0x000000000601ea08                slGetPortDir1
                0x000000000601ea10                slGetPortDir2
                0x000000000601ea18                slSetPortDir1
                0x000000000601ea42                slSetPortDir2
                0x000000000601ea7c                slGetPortData1
                0x000000000601ea84                slGetPortData2
                0x000000000601ea8c                slSetPortData1
                0x000000000601ea96                slSetPortData2
                0x000000000601eaa8                slGetPortSelect1
                0x000000000601eab2                slGetPortSelect2
                0x000000000601eabc                slSetPortSelect1
                0x000000000601eaf0                slSetPortSelect2
                0x000000000601eb2c                slGetPortExt1
                0x000000000601eb36                slGetPortExt2
                0x000000000601eb40                slSetPortExt1
                0x000000000601eb70                slSetPortExt2
                0x000000000601ece4                slSmpcDirectAccess
                0x000000000601ed64                slInitPeripheral
                0x000000000601edf6                slSetResultBuffer
                0x000000000601ee82                slCheckIntBackSet
                0x000000000601ee8e                slIntBackCancel
                0x000000000601eeb8                slCheckReset
                0x000000000601eec2                slClearReset
                0x000000000601f088                slSmpcCashSend
                0x000000000601f144                slSmpcCashBlow
                0x000000000601f220                slGetOptimize
                0x000000000601f22a                slSetOptimize
                0x000000000601f250                slGetPortMode1
                0x000000000601f25c                slGetPortMode2
                0x000000000601f26a                slSetPortMode1
                0x000000000601f2a8                slSetPortMode2
                0x000000000601f434                slRequestCommand
                0x000000000601f4a4                Smpc_Status
                0x000000000601f4a8                Smpc_Result
                0x000000000601f4ac                Smpc_Peripheral
                0x000000000601f4b2                Per_Connect1
                0x000000000601f4b3                Per_Connect2
                0x000000000601f4d4                SmpcStatusBuf
 *fill*         0x000000000601f9b8        0x8 
 SLPROG         0x000000000601f9c0       0xa8 ../../Compiler/SGL_302j/LIB_COFF/LIBSGL.A(sglH01.o)
                0x000000000601f9c0                slGetLanguage
                0x000000000601f9ca                slSetLanguage
                0x000000000601f9ec                slGetSoundEffect
                0x000000000601f9f8                slSetSoundEffect
                0x000000000601fa14                slGetSoundOutput
                0x000000000601fa20                slSetSoundOutput
                0x000000000601fa3c                slGetHelpWindow
                0x000000000601fa48                slSetHelpWindow
 *fill*         0x000000000601fa68        0x8 
 SLPROG         0x000000000601fa70      0x470 ../../Compiler/SGL_302j/LIB_COFF/LIBSGL.A(sglH02.o)
                0x000000000601fe60                smpc_pfr_tbl
                0x000000000601fea0                smpc_ptf_tbl
 SLPROG         0x000000000601fee0       0x60 ../../Compiler/SGL_302j/LIB_COFF/LIBSGL.A(sglH04.o)
                0x000000000601fee0                slComPrmIntBack
                0x000000000601fef4                slComPrmSetMemory
                0x000000000601ff0a                slComPrmSetTime
 SLPROG         0x000000000601ff40      0x3a4 ../../Compiler/SGL_302j/LIB_COFF/LIBSGL.A(sglI01.o)
                0x000000000601ff40                slInitSynch
                0x000000000601ff5a                slSynch
                0x0000000006020050                slRandom
                0x000000000602006e                PCM_EndCheck
                0x000000000602012a                RetPCMBuf
                0x00000000060201c4                PCM_Buf
                0x0000000006020264                Sound_Buf
 *fill*         0x00000000060202e4        0xc 
 SLPROG         0x00000000060202f0       0x74 ../../Compiler/SGL_302j/LIB_COFF/LIBSGL.A(sglJ00.o)
                0x00000000060202f0                InitSlaveSH
                0x0000000006020358                SlaveCommand
 *fill*         0x0000000006020364        0xc 
 SLPROG         0x0000000006020370      0x3d0 ../../Compiler/SGL_302j/LIB_COFF/LIBSGL.A(sglJ01.o)
                0x0000000006020370                SlaveControl
                0x000000000602072c                ErasePolygonData
 SLPROG         0x0000000006020740     0x12b8 ../../Compiler/SGL_302j/LIB_COFF/LIBSGL.A(sglJ02.o)
                0x0000000006020740                sbMakePolygon
                0x0000000006020928                sbCalcPolygon
                0x0000000006021660                SetTexture
                0x000000000602166c                SetPolygon
                0x0000000006021674                SetPosition
                0x00000000060216ac                stvtc_4
                0x0000000006021764                stvtc_3
                0x0000000006021974                stvtc_1
                0x0000000006021988                stvtc_2
                0x000000000602199c                stvtc_0
 *fill*         0x00000000060219f8        0x8 
 SLPROG         0x0000000006021a00      0x140 ../../Compiler/SGL_302j/LIB_COFF/LIBSGL.A(sglJ03.o)
                0x0000000006021a00                sbMakeDMATable
 SLPROG         0x0000000006021b40      0x470 ../../Compiler/SGL_302j/LIB_COFF/LIBSGL.A(sglJ04.o)
                0x0000000006021b9e                sbMakeSprite
                0x0000000006021c04                sbMakeRotSprite
 SLPROG         0x0000000006021fb0       0x3c ../../Compiler/SGL_302j/LIB_COFF/LIBSGL.A(sglJ05.o)
                0x0000000006021fb0                sbSortEntry
 *fill*         0x0000000006021fec        0x4 
 SLPROG         0x0000000006021ff0       0x6a ../../Compiler/SGL_302j/LIB_COFF/LIBSGL.A(sglM01.o)
                0x0000000006021ff0                slSetDepthLimit
                0x000000000602201c                slSetDepthTbl
                0x000000000602204c                DepthWorkArea
 *fill*         0x000000000602205a        0x6 
 SLPROG         0x0000000006022060       0x20 ../../Compiler/SGL_302j/LIB_COFF/LIBSGL.A(sglA00.o)
                0x0000000006022060                set_imask
                0x0000000006022060                _builtin_set_imask
                0x0000000006022074                get_imask
                0x0000000006022074                _builtin_get_imask
 SLPROG         0x0000000006022080     0x411e ../../Compiler/SGL_302j/LIB_COFF/LIBSGL.A(sglA01.o)
                0x0000000006022080                slSin
                0x00000000060220a4                slCos
                0x00000000060220c8                GetSinCos
                0x000000000602215c                sin_cos_index_tbl
                0x000000000602219c                sin_tbl
 *fill*         0x000000000602619e        0x2 
 SLPROG         0x00000000060261a0      0xbd0 ../../Compiler/SGL_302j/LIB_COFF/LIBSGL.A(sglB000.o)
                0x00000000060261a0                slInitScroll
                0x00000000060262c0                setASC_1to8
                0x00000000060262f0                setASC_4to8
                0x0000000006026400                TVSizeTbl
                0x0000000006026480                TVModeTbl
                0x0000000006026658                SGL_ASCII_CG
 SLPROG         0x0000000006026d70       0xd4 ../../Compiler/SGL_302j/LIB_COFF/LIBSGL.A(sglB035.o)
                0x0000000006026d70                sl1MapRA
                0x0000000006026e02                rbank_set
 *fill*         0x0000000006026e44        0xc 
 SLPROG         0x0000000006026e50      0x134 ../../Compiler/SGL_302j/LIB_COFF/LIBSGL.A(sglC00.o)
                0x0000000006026e50                slInitSprite
 *fill*         0x0000000006026f84        0xc 
 SLPROG         0x0000000006026f90      0x75c ../../Compiler/SGL_302j/LIB_COFF/LIBSGL.A(sglI00.o)
                0x0000000006027280                slInitInterrupt
 *fill*         0x00000000060276ec        0x4 
 SLPROG         0x00000000060276f0       0xf0 ../../Compiler/SGL_302j/LIB_COFF/LIBSGL.A(sglH03.o)
                0x0000000006027754                slSmpcIntBack
                0x00000000060277e0                __slprog_end = .

.tors           0x00000000060277e0        0x0
                0x00000000060277e0                ___ctors = .
 *(.ctors)
                0x00000000060277e0                ___ctors_end = .
                0x00000000060277e0                ___dtors = .
 *(.dtors)
                0x00000000060277e0                ___dtors_end = .

.data           0x00000000060277e0      0x624
 *(.data)
 .data          0x00000000060277e0        0x0 ../../Compiler/SGL_302j/LIB_COFF/SGLAREA.O
 .data          0x00000000060277e0        0xc /tmp/ccqU1qAT.ltrans0.ltrans.o
 *fill*         0x00000000060277ec        0x4 
 .data          0x00000000060277f0        0x0 ../../Compiler/SGL_302j/LIB_COFF/SEGA_SYS.A(sys_exit.o)
 .data          0x00000000060277f0        0x0 ../../Compiler/SGL_302j/LIB_COFF/SEGA_SYS.A(sys_sub.o)
 .data          0x00000000060277f0        0x0 ../../Compiler/SGL_302j/LIB_COFF/LIBCD.A(CDC_CMN.O)
 .data          0x00000000060277f0        0x0 ../../Compiler/SGL_302j/LIB_COFF/LIBCD.A(CDC_CFS.O)
 .data          0x00000000060277f0        0x0 ../../Compiler/SGL_302j/LIB_COFF/LIBCD.A(CDC_REG.O)
 .data          0x00000000060277f0        0x0 ../../Compiler/SGL_302j/LIB_COFF/LIBCD.A(CDC_SUB.O)
 .data          0x00000000060277f0        0x0 ../../Compiler/SGL_302j/LIB_COFF/LIBCD.A(GFS.O)
 .data          0x00000000060277f0        0x0 ../../Compiler/SGL_302j/LIB_COFF/LIBCD.A(GFS_BUF.O)
 .data          0x00000000060277f0        0x0 ../../Compiler/SGL_302j/LIB_COFF/LIBCD.A(GFS_CDB.O)
 .data          0x00000000060277f0        0x0 ../../Compiler/SGL_302j/LIB_COFF/LIBCD.A(GFS_CDC.O)
 .data          0x00000000060277f0        0x0 ../../Compiler/SGL_302j/LIB_COFF/LIBCD.A(GFS_CDF.O)
 .data          0x00000000060277f0        0x0 ../../Compiler/SGL_302j/LIB_COFF/LIBCD.A(GFS_DIR.O)
 .data          0x00000000060277f0        0x0 ../../Compiler/SGL_302j/LIB_COFF/LIBCD.A(GFS_TRN.O)
 .data          0x00000000060277f0        0x0 ../../Compiler/SGL_302j/LIB_COFF/LIBCD.A(CDC_DRV.O)
 .data          0x00000000060277f0        0x0 ../../Compiler/SGL_302j/LIB_COFF/LIBCD.A(CDC_DEV.O)
 .data          0x00000000060277f0        0x0 ../../Compiler/SGL_302j/LIB_COFF/LIBCD.A(CDC_SEL.O)
 .data          0x00000000060277f0        0x0 ../../Compiler/SGL_302j/LIB_COFF/LIBCD.A(CDC_BIF.O)
 .data          0x00000000060277f0        0x0 ../../Compiler/SGL_302j/LIB_COFF/LIBCD.A(CDC_BIO.O)
 .data          0x00000000060277f0        0x0 ../../Compiler/SGL_302j/LIB_COFF/LIBSGL.A(sglA15.o)
 .data          0x00000000060277f0        0x0 ../../Compiler/SGL_302j/LIB_COFF/LIBSGL.A(sglA20.o)
 .data          0x00000000060277f0        0x0 ../../Compiler/SGL_302j/LIB_COFF/LIBSGL.A(sglA21.o)
 .data          0x00000000060277f0        0x0 ../../Compiler/SGL_302j/LIB_COFF/LIBSGL.A(sglA27.o)
 .data          0x00000000060277f0        0x0 ../../Compiler/SGL_302j/LIB_COFF/LIBSGL.A(sglB001.o)
 .data          0x00000000060277f0        0x0 ../../Compiler/SGL_302j/LIB_COFF/LIBSGL.A(sglB011.o)
 .data          0x00000000060277f0        0x0 ../../Compiler/SGL_302j/LIB_COFF/LIBSGL.A(sglB015.o)
 .data          0x00000000060277f0        0x0 ../../Compiler/SGL_302j/LIB_COFF/LIBSGL.A(sglB016.o)
 .data          0x00000000060277f0        0x0 ../../Compiler/SGL_302j/LIB_COFF/LIBSGL.A(sglB032.o)
 .data          0x00000000060277f0        0x0 ../../Compiler/SGL_302j/LIB_COFF/LIBSGL.A(sglB053.o)
 .data          0x00000000060277f0        0x0 ../../Compiler/SGL_302j/LIB_COFF/LIBSGL.A(sglB056.o)
 .data          0x00000000060277f0        0x0 ../../Compiler/SGL_302j/LIB_COFF/LIBSGL.A(sglB063.o)
 .data          0x00000000060277f0        0x0 ../../Compiler/SGL_302j/LIB_COFF/LIBSGL.A(sglB200.o)
 .data          0x00000000060277f0        0x0 ../../Compiler/SGL_302j/LIB_COFF/LIBSGL.A(sglC05.o)
 .data          0x00000000060277f0        0x0 ../../Compiler/SGL_302j/LIB_COFF/LIBSGL.A(sglC06.o)
 .data          0x00000000060277f0        0x0 ../../Compiler/SGL_302j/LIB_COFF/LIBSGL.A(sglC07.o)
 .data          0x00000000060277f0        0x0 ../../Compiler/SGL_302j/LIB_COFF/LIBSGL.A(sglC08.o)
 .data          0x00000000060277f0        0x0 ../../Compiler/SGL_302j/LIB_COFF/LIBSGL.A(sglC20.o)
 .data          0x00000000060277f0        0x0 ../../Compiler/SGL_302j/LIB_COFF/LIBSGL.A(sglD00.o)
 .data          0x00000000060277f0        0x0 ../../Compiler/SGL_302j/LIB_COFF/LIBSGL.A(sglD01.o)
 .data          0x00000000060277f0        0x0 ../../Compiler/SGL_302j/LIB_COFF/LIBSGL.A(sglD03.o)
 .data          0x00000000060277f0        0x0 ../../Compiler/SGL_302j/LIB_COFF/LIBSGL.A(sglD15.o)
 .data          0x00000000060277f0        0x0 ../../Compiler/SGL_302j/LIB_COFF/LIBSGL.A(sglD16.o)
 .data          0x00000000060277f0        0x0 ../../Compiler/SGL_302j/LIB_COFF/LIBSGL.A(sglD17.o)
 .data          0x00000000060277f0        0x0 ../../Compiler/SGL_302j/LIB_COFF/LIBSGL.A(sglD18.o)
 .data          0x00000000060277f0        0x0 ../../Compiler/SGL_302j/LIB_COFF/LIBSGL.A(sglF00.o)
 .data          0x00000000060277f0        0x0 ../../Compiler/SGL_302j/LIB_COFF/LIBSGL.A(sglF05.o)
 .data          0x00000000060277f0        0x0 ../../Compiler/SGL_302j/LIB_COFF/LIBSGL.A(sglH00.o)
 .data          0x00000000060277f0        0x0 ../../Compiler/SGL_302j/LIB_COFF/LIBSGL.A(sglH01.o)
 .data          0x00000000060277f0        0x0 ../../Compiler/SGL_302j/LIB_COFF/LIBSGL.A(sglH02.o)
 .data          0x00000000060277f0        0x0 ../../Compiler/SGL_302j/LIB_COFF/LIBSGL.A(sglH04.o)
 .data          0x00000000060277f0        0x0 ../../Compiler/SGL_302j/LIB_COFF/LIBSGL.A(sglI01.o)
 .data          0x00000000060277f0       0x80 ../../Compiler/SGL_302j/LIB_COFF/LIBSGL.A(sglIc0.o)
                0x00000000060277f0                IntPrioMask
 .data          0x0000000006027870        0x0 ../../Compiler/SGL_302j/LIB_COFF/LIBSGL.A(sglJ00.o)
 .data          0x0000000006027870        0x0 ../../Compiler/SGL_302j/LIB_COFF/LIBSGL.A(sglJ01.o)
 .data          0x0000000006027870        0x0 ../../Compiler/SGL_302j/LIB_COFF/LIBSGL.A(sglJ02.o)
 .data          0x0000000006027870        0x0 ../../Compiler/SGL_302j/LIB_COFF/LIBSGL.A(sglJ03.o)
 .data          0x0000000006027870        0x0 ../../Compiler/SGL_302j/LIB_COFF/LIBSGL.A(sglJ04.o)
 .data          0x0000000006027870        0x0 ../../Compiler/SGL_302j/LIB_COFF/LIBSGL.A(sglJ05.o)
 .data          0x0000000006027870        0x0 ../../Compiler/SGL_302j/LIB_COFF/LIBSGL.A(sglK01.o)
 .data          0x0000000006027870        0x0 ../../Compiler/SGL_302j/LIB_COFF/LIBSGL.A(sglM01.o)
 .data          0x0000000006027870        0x0 ../../Compiler/SGL_302j/LIB_COFF/LIBSGL.A(sglA00.o)
 .data          0x0000000006027870        0x0 ../../Compiler/SGL_302j/LIB_COFF/LIBSGL.A(sglA01.o)
 .data          0x0000000006027870        0x0 ../../Compiler/SGL_302j/LIB_COFF/LIBSGL.A(sglB000.o)
 .data          0x0000000006027870        0x0 ../../Compiler/SGL_302j/LIB_COFF/LIBSGL.A(sglB035.o)
 .data          0x0000000006027870        0x0 ../../Compiler/SGL_302j/LIB_COFF/LIBSGL.A(sglC00.o)
 .data          0x0000000006027870        0x0 ../../Compiler/SGL_302j/LIB_COFF/LIBSGL.A(sglI00.o)
 .data          0x0000000006027870        0x0 ../../Compiler/SGL_302j/LIB_COFF/LIBSGL.A(sglH03.o)
 .data          0x0000000006027870        0x0 /home/sansigolo/Documents/joengine/Compiler/SH_NONE_ELF/bin/../lib/gcc/sh-none-elf/8.2.0/libgcc.a(_ashiftrt.o)
 .data          0x0000000006027870        0x0 /home/sansigolo/Documents/joengine/Compiler/SH_NONE_ELF/bin/../lib/gcc/sh-none-elf/8.2.0/libgcc.a(_sdivsi3.o)
 .data          0x0000000006027870        0x0 /home/sansigolo/Documents/joengine/Compiler/SH_NONE_ELF/bin/../lib/gcc/sh-none-elf/8.2.0/libgcc.a(_udivsi3.o)
 .data          0x0000000006027870        0x0 /home/sansigolo/Documents/joengine/Compiler/SH_NONE_ELF/bin/../lib/gcc/sh-none-elf/8.2.0/libgcc.a(_mul_sf.o)
 .data          0x0000000006027870        0x0 /home/sansigolo/Documents/joengine/Compiler/SH_NONE_ELF/bin/../lib/gcc/sh-none-elf/8.2.0/libgcc.a(_div_sf.o)
 .data          0x0000000006027870        0x0 /home/sansigolo/Documents/joengine/Compiler/SH_NONE_ELF/bin/../lib/gcc/sh-none-elf/8.2.0/libgcc.a(_sf_to_si.o)
 .data          0x0000000006027870        0x0 /home/sansigolo/Documents/joengine/Compiler/SH_NONE_ELF/bin/../lib/gcc/sh-none-elf/8.2.0/libgcc.a(_thenan_sf.o)
 .data          0x0000000006027870        0x0 /home/sansigolo/Documents/joengine/Compiler/SH_NONE_ELF/bin/../lib/gcc/sh-none-elf/8.2.0/libgcc.a(_usi_to_sf.o)
 .data          0x0000000006027870        0x0 /home/sansigolo/Documents/joengine/Compiler/SH_NONE_ELF/bin/../lib/gcc/sh-none-elf/8.2.0/libgcc.a(_pack_sf.o)
 .data          0x0000000006027870        0x0 /home/sansigolo/Documents/joengine/Compiler/SH_NONE_ELF/bin/../lib/gcc/sh-none-elf/8.2.0/libgcc.a(_unpack_sf.o)
 .data          0x0000000006027870        0x0 /home/sansigolo/Documents/joengine/Compiler/SH_NONE_ELF/bin/../lib/gcc/sh-none-elf/8.2.0/../../../../sh-none-elf/lib/libc.a(lib_a-memcmp.o)
 .data          0x0000000006027870        0x0 /home/sansigolo/Documents/joengine/Compiler/SH_NONE_ELF/bin/../lib/gcc/sh-none-elf/8.2.0/../../../../sh-none-elf/lib/libc.a(lib_a-memcpy.o)
 .data          0x0000000006027870        0x0 /home/sansigolo/Documents/joengine/Compiler/SH_NONE_ELF/bin/../lib/gcc/sh-none-elf/8.2.0/../../../../sh-none-elf/lib/libc.a(lib_a-memset.o)
 .data          0x0000000006027870        0x0 /home/sansigolo/Documents/joengine/Compiler/SH_NONE_ELF/bin/../lib/gcc/sh-none-elf/8.2.0/../../../../sh-none-elf/lib/libc.a(lib_a-sprintf.o)
 .data          0x0000000006027870        0x0 /home/sansigolo/Documents/joengine/Compiler/SH_NONE_ELF/bin/../lib/gcc/sh-none-elf/8.2.0/../../../../sh-none-elf/lib/libc.a(lib_a-strncmp.o)
 .data          0x0000000006027870        0x0 /home/sansigolo/Documents/joengine/Compiler/SH_NONE_ELF/bin/../lib/gcc/sh-none-elf/8.2.0/../../../../sh-none-elf/lib/libc.a(lib_a-strncpy.o)
 .data          0x0000000006027870        0x0 /home/sansigolo/Documents/joengine/Compiler/SH_NONE_ELF/bin/../lib/gcc/sh-none-elf/8.2.0/../../../../sh-none-elf/lib/libc.a(lib_a-svfprintf.o)
 .data          0x0000000006027870        0x0 /home/sansigolo/Documents/joengine/Compiler/SH_NONE_ELF/bin/../lib/gcc/sh-none-elf/8.2.0/../../../../sh-none-elf/lib/libc.a(lib_a-dtoa.o)
 .data          0x0000000006027870      0x428 /home/sansigolo/Documents/joengine/Compiler/SH_NONE_ELF/bin/../lib/gcc/sh-none-elf/8.2.0/../../../../sh-none-elf/lib/libc.a(lib_a-impure.o)
                0x0000000006027870                _impure_ptr
 .data          0x0000000006027c98        0x0 /home/sansigolo/Documents/joengine/Compiler/SH_NONE_ELF/bin/../lib/gcc/sh-none-elf/8.2.0/../../../../sh-none-elf/lib/libc.a(lib_a-localeconv.o)
 .data          0x0000000006027c98      0x16c /home/sansigolo/Documents/joengine/Compiler/SH_NONE_ELF/bin/../lib/gcc/sh-none-elf/8.2.0/../../../../sh-none-elf/lib/libc.a(lib_a-locale.o)
                0x0000000006027c98                __global_locale
 .data          0x0000000006027e04        0x0 /home/sansigolo/Documents/joengine/Compiler/SH_NONE_ELF/bin/../lib/gcc/sh-none-elf/8.2.0/../../../../sh-none-elf/lib/libc.a(lib_a-mbtowc_r.o)
 .data          0x0000000006027e04        0x0 /home/sansigolo/Documents/joengine/Compiler/SH_NONE_ELF/bin/../lib/gcc/sh-none-elf/8.2.0/../../../../sh-none-elf/lib/libc.a(lib_a-memchr.o)
 .data          0x0000000006027e04        0x0 /home/sansigolo/Documents/joengine/Compiler/SH_NONE_ELF/bin/../lib/gcc/sh-none-elf/8.2.0/../../../../sh-none-elf/lib/libc.a(lib_a-mprec.o)
 .data          0x0000000006027e04        0x0 /home/sansigolo/Documents/joengine/Compiler/SH_NONE_ELF/bin/../lib/gcc/sh-none-elf/8.2.0/../../../../sh-none-elf/lib/libc.a(lib_a-nano-callocr.o)
 .data          0x0000000006027e04        0x0 /home/sansigolo/Documents/joengine/Compiler/SH_NONE_ELF/bin/../lib/gcc/sh-none-elf/8.2.0/../../../../sh-none-elf/lib/libc.a(lib_a-nano-mallocr.o)
 .data          0x0000000006027e04        0x0 /home/sansigolo/Documents/joengine/Compiler/SH_NONE_ELF/bin/../lib/gcc/sh-none-elf/8.2.0/../../../../sh-none-elf/lib/libc.a(lib_a-sbrkr.o)
 .data          0x0000000006027e04        0x0 /home/sansigolo/Documents/joengine/Compiler/SH_NONE_ELF/bin/../lib/gcc/sh-none-elf/8.2.0/../../../../sh-none-elf/lib/libc.a(lib_a-strcmp.o)
 .data          0x0000000006027e04        0x0 /home/sansigolo/Documents/joengine/Compiler/SH_NONE_ELF/bin/../lib/gcc/sh-none-elf/8.2.0/../../../../sh-none-elf/lib/libc.a(lib_a-strlen.o)
 .data          0x0000000006027e04        0x0 /home/sansigolo/Documents/joengine/Compiler/SH_NONE_ELF/bin/../lib/gcc/sh-none-elf/8.2.0/../../../../sh-none-elf/lib/libc.a(lib_a-svfiprintf.o)
 .data          0x0000000006027e04        0x0 /home/sansigolo/Documents/joengine/Compiler/SH_NONE_ELF/bin/../lib/gcc/sh-none-elf/8.2.0/../../../../sh-none-elf/lib/libc.a(lib_a-syscalls.o)
 .data          0x0000000006027e04        0x0 /home/sansigolo/Documents/joengine/Compiler/SH_NONE_ELF/bin/../lib/gcc/sh-none-elf/8.2.0/../../../../sh-none-elf/lib/libc.a(lib_a-trap.o)
 .data          0x0000000006027e04        0x0 /home/sansigolo/Documents/joengine/Compiler/SH_NONE_ELF/bin/../lib/gcc/sh-none-elf/8.2.0/../../../../sh-none-elf/lib/libc.a(lib_a-wctomb_r.o)
 .data          0x0000000006027e04        0x0 /home/sansigolo/Documents/joengine/Compiler/SH_NONE_ELF/bin/../lib/gcc/sh-none-elf/8.2.0/../../../../sh-none-elf/lib/libc.a(lib_a-abort.o)
 .data          0x0000000006027e04        0x0 /home/sansigolo/Documents/joengine/Compiler/SH_NONE_ELF/bin/../lib/gcc/sh-none-elf/8.2.0/../../../../sh-none-elf/lib/libc.a(lib_a-ctype_.o)
 .data          0x0000000006027e04        0x0 /home/sansigolo/Documents/joengine/Compiler/SH_NONE_ELF/bin/../lib/gcc/sh-none-elf/8.2.0/../../../../sh-none-elf/lib/libc.a(lib_a-memmove.o)
 .data          0x0000000006027e04        0x0 /home/sansigolo/Documents/joengine/Compiler/SH_NONE_ELF/bin/../lib/gcc/sh-none-elf/8.2.0/../../../../sh-none-elf/lib/libc.a(lib_a-mlock.o)
 .data          0x0000000006027e04        0x0 /home/sansigolo/Documents/joengine/Compiler/SH_NONE_ELF/bin/../lib/gcc/sh-none-elf/8.2.0/../../../../sh-none-elf/lib/libc.a(lib_a-nano-freer.o)
 .data          0x0000000006027e04        0x0 /home/sansigolo/Documents/joengine/Compiler/SH_NONE_ELF/bin/../lib/gcc/sh-none-elf/8.2.0/../../../../sh-none-elf/lib/libc.a(lib_a-nano-reallocr.o)
 .data          0x0000000006027e04        0x0 /home/sansigolo/Documents/joengine/Compiler/SH_NONE_ELF/bin/../lib/gcc/sh-none-elf/8.2.0/../../../../sh-none-elf/lib/libc.a(lib_a-signal.o)
 .data          0x0000000006027e04        0x0 /home/sansigolo/Documents/joengine/Compiler/SH_NONE_ELF/bin/../lib/gcc/sh-none-elf/8.2.0/../../../../sh-none-elf/lib/libc.a(lib_a-signalr.o)
 .data          0x0000000006027e04        0x0 /home/sansigolo/Documents/joengine/Compiler/SH_NONE_ELF/bin/../lib/gcc/sh-none-elf/8.2.0/../../../../sh-none-elf/lib/libc.a(lib_a-nano-msizer.o)
 .data          0x0000000006027e04        0x0 /home/sansigolo/Documents/joengine/Compiler/SH_NONE_ELF/bin/../lib/gcc/sh-none-elf/8.2.0/libgcc.a(_ashiftrt_n.o)
 .data          0x0000000006027e04        0x0 /home/sansigolo/Documents/joengine/Compiler/SH_NONE_ELF/bin/../lib/gcc/sh-none-elf/8.2.0/libgcc.a(_ashiftlt.o)
 .data          0x0000000006027e04        0x0 /home/sansigolo/Documents/joengine/Compiler/SH_NONE_ELF/bin/../lib/gcc/sh-none-elf/8.2.0/libgcc.a(_lshiftrt.o)
 .data          0x0000000006027e04        0x0 /home/sansigolo/Documents/joengine/Compiler/SH_NONE_ELF/bin/../lib/gcc/sh-none-elf/8.2.0/libgcc.a(_udivdi3.o)
 .data          0x0000000006027e04        0x0 /home/sansigolo/Documents/joengine/Compiler/SH_NONE_ELF/bin/../lib/gcc/sh-none-elf/8.2.0/libgcc.a(_umoddi3.o)
 .data          0x0000000006027e04        0x0 /home/sansigolo/Documents/joengine/Compiler/SH_NONE_ELF/bin/../lib/gcc/sh-none-elf/8.2.0/libgcc.a(_addsub_df.o)
 .data          0x0000000006027e04        0x0 /home/sansigolo/Documents/joengine/Compiler/SH_NONE_ELF/bin/../lib/gcc/sh-none-elf/8.2.0/libgcc.a(_mul_df.o)
 .data          0x0000000006027e04        0x0 /home/sansigolo/Documents/joengine/Compiler/SH_NONE_ELF/bin/../lib/gcc/sh-none-elf/8.2.0/libgcc.a(_div_df.o)
 .data          0x0000000006027e04        0x0 /home/sansigolo/Documents/joengine/Compiler/SH_NONE_ELF/bin/../lib/gcc/sh-none-elf/8.2.0/libgcc.a(_eq_df.o)
 .data          0x0000000006027e04        0x0 /home/sansigolo/Documents/joengine/Compiler/SH_NONE_ELF/bin/../lib/gcc/sh-none-elf/8.2.0/libgcc.a(_ne_df.o)
 .data          0x0000000006027e04        0x0 /home/sansigolo/Documents/joengine/Compiler/SH_NONE_ELF/bin/../lib/gcc/sh-none-elf/8.2.0/libgcc.a(_gt_df.o)
 .data          0x0000000006027e04        0x0 /home/sansigolo/Documents/joengine/Compiler/SH_NONE_ELF/bin/../lib/gcc/sh-none-elf/8.2.0/libgcc.a(_ge_df.o)
 .data          0x0000000006027e04        0x0 /home/sansigolo/Documents/joengine/Compiler/SH_NONE_ELF/bin/../lib/gcc/sh-none-elf/8.2.0/libgcc.a(_lt_df.o)
 .data          0x0000000006027e04        0x0 /home/sansigolo/Documents/joengine/Compiler/SH_NONE_ELF/bin/../lib/gcc/sh-none-elf/8.2.0/libgcc.a(_le_df.o)
 .data          0x0000000006027e04        0x0 /home/sansigolo/Documents/joengine/Compiler/SH_NONE_ELF/bin/../lib/gcc/sh-none-elf/8.2.0/libgcc.a(_unord_df.o)
 .data          0x0000000006027e04        0x0 /home/sansigolo/Documents/joengine/Compiler/SH_NONE_ELF/bin/../lib/gcc/sh-none-elf/8.2.0/libgcc.a(_si_to_df.o)
 .data          0x0000000006027e04        0x0 /home/sansigolo/Documents/joengine/Compiler/SH_NONE_ELF/bin/../lib/gcc/sh-none-elf/8.2.0/libgcc.a(_df_to_si.o)
 .data          0x0000000006027e04        0x0 /home/sansigolo/Documents/joengine/Compiler/SH_NONE_ELF/bin/../lib/gcc/sh-none-elf/8.2.0/libgcc.a(_thenan_df.o)
 .data          0x0000000006027e04        0x0 /home/sansigolo/Documents/joengine/Compiler/SH_NONE_ELF/bin/../lib/gcc/sh-none-elf/8.2.0/libgcc.a(_usi_to_df.o)
 .data          0x0000000006027e04        0x0 /home/sansigolo/Documents/joengine/Compiler/SH_NONE_ELF/bin/../lib/gcc/sh-none-elf/8.2.0/libgcc.a(_udiv_qrnnd_16.o)
 .data          0x0000000006027e04        0x0 /home/sansigolo/Documents/joengine/Compiler/SH_NONE_ELF/bin/../lib/gcc/sh-none-elf/8.2.0/libgcc.a(_clz.o)
 .data          0x0000000006027e04        0x0 /home/sansigolo/Documents/joengine/Compiler/SH_NONE_ELF/bin/../lib/gcc/sh-none-elf/8.2.0/libgcc.a(_clzsi2.o)
 .data          0x0000000006027e04        0x0 /home/sansigolo/Documents/joengine/Compiler/SH_NONE_ELF/bin/../lib/gcc/sh-none-elf/8.2.0/libgcc.a(_pack_df.o)
 .data          0x0000000006027e04        0x0 /home/sansigolo/Documents/joengine/Compiler/SH_NONE_ELF/bin/../lib/gcc/sh-none-elf/8.2.0/libgcc.a(_unpack_df.o)
 .data          0x0000000006027e04        0x0 /home/sansigolo/Documents/joengine/Compiler/SH_NONE_ELF/bin/../lib/gcc/sh-none-elf/8.2.0/libgcc.a(_fpcmp_parts_df.o)
                0x0000000006027e04                __edata = .

.bss            0x0000000006027e10    0x82f1c
                0x0000000006027e10                __bstart = .
 *(.bss)
 .bss           0x0000000006027e10        0x0 ../../Compiler/SGL_302j/LIB_COFF/SGLAREA.O
 .bss           0x0000000006027e10    0x82e98 /tmp/ccqU1qAT.ltrans0.ltrans.o
 *fill*         0x00000000060aaca8        0x8 
 .bss           0x00000000060aacb0        0x4 ../../Compiler/SGL_302j/LIB_COFF/SEGA_SYS.A(sys_exit.o)
 *fill*         0x00000000060aacb4        0xc 
 .bss           0x00000000060aacc0        0x0 ../../Compiler/SGL_302j/LIB_COFF/SEGA_SYS.A(sys_sub.o)
 .bss           0x00000000060aacc0        0x0 ../../Compiler/SGL_302j/LIB_COFF/LIBCD.A(CDC_CMN.O)
 .bss           0x00000000060aacc0        0x0 ../../Compiler/SGL_302j/LIB_COFF/LIBCD.A(CDC_CFS.O)
 .bss           0x00000000060aacc0        0x2 ../../Compiler/SGL_302j/LIB_COFF/LIBCD.A(CDC_REG.O)
 *fill*         0x00000000060aacc2        0xe 
 .bss           0x00000000060aacd0        0xc ../../Compiler/SGL_302j/LIB_COFF/LIBCD.A(CDC_SUB.O)
 *fill*         0x00000000060aacdc        0x4 
 .bss           0x00000000060aace0        0x0 ../../Compiler/SGL_302j/LIB_COFF/LIBCD.A(GFS.O)
 .bss           0x00000000060aace0        0x0 ../../Compiler/SGL_302j/LIB_COFF/LIBCD.A(GFS_BUF.O)
 .bss           0x00000000060aace0        0x0 ../../Compiler/SGL_302j/LIB_COFF/LIBCD.A(GFS_CDB.O)
 .bss           0x00000000060aace0        0x0 ../../Compiler/SGL_302j/LIB_COFF/LIBCD.A(GFS_CDC.O)
 .bss           0x00000000060aace0        0x0 ../../Compiler/SGL_302j/LIB_COFF/LIBCD.A(GFS_CDF.O)
 .bss           0x00000000060aace0        0x0 ../../Compiler/SGL_302j/LIB_COFF/LIBCD.A(GFS_DIR.O)
 .bss           0x00000000060aace0        0xc ../../Compiler/SGL_302j/LIB_COFF/LIBCD.A(GFS_TRN.O)
 *fill*         0x00000000060aacec        0x4 
 .bss           0x00000000060aacf0        0x0 ../../Compiler/SGL_302j/LIB_COFF/LIBCD.A(CDC_DRV.O)
 .bss           0x00000000060aacf0        0x0 ../../Compiler/SGL_302j/LIB_COFF/LIBCD.A(CDC_DEV.O)
 .bss           0x00000000060aacf0        0x0 ../../Compiler/SGL_302j/LIB_COFF/LIBCD.A(CDC_SEL.O)
 .bss           0x00000000060aacf0        0x0 ../../Compiler/SGL_302j/LIB_COFF/LIBCD.A(CDC_BIF.O)
 .bss           0x00000000060aacf0        0x0 ../../Compiler/SGL_302j/LIB_COFF/LIBCD.A(CDC_BIO.O)
 .bss           0x00000000060aacf0        0x0 ../../Compiler/SGL_302j/LIB_COFF/LIBSGL.A(sglA15.o)
 .bss           0x00000000060aacf0        0x0 ../../Compiler/SGL_302j/LIB_COFF/LIBSGL.A(sglA20.o)
 .bss           0x00000000060aacf0        0x0 ../../Compiler/SGL_302j/LIB_COFF/LIBSGL.A(sglA21.o)
 .bss           0x00000000060aacf0        0x0 ../../Compiler/SGL_302j/LIB_COFF/LIBSGL.A(sglA27.o)
 .bss           0x00000000060aacf0        0x0 ../../Compiler/SGL_302j/LIB_COFF/LIBSGL.A(sglB001.o)
 .bss           0x00000000060aacf0        0x0 ../../Compiler/SGL_302j/LIB_COFF/LIBSGL.A(sglB011.o)
 .bss           0x00000000060aacf0        0x0 ../../Compiler/SGL_302j/LIB_COFF/LIBSGL.A(sglB015.o)
 .bss           0x00000000060aacf0        0x0 ../../Compiler/SGL_302j/LIB_COFF/LIBSGL.A(sglB016.o)
 .bss           0x00000000060aacf0        0x0 ../../Compiler/SGL_302j/LIB_COFF/LIBSGL.A(sglB032.o)
 .bss           0x00000000060aacf0        0x0 ../../Compiler/SGL_302j/LIB_COFF/LIBSGL.A(sglB053.o)
 .bss           0x00000000060aacf0        0x0 ../../Compiler/SGL_302j/LIB_COFF/LIBSGL.A(sglB056.o)
 .bss           0x00000000060aacf0        0x0 ../../Compiler/SGL_302j/LIB_COFF/LIBSGL.A(sglB063.o)
 .bss           0x00000000060aacf0        0x0 ../../Compiler/SGL_302j/LIB_COFF/LIBSGL.A(sglB200.o)
 .bss           0x00000000060aacf0        0x0 ../../Compiler/SGL_302j/LIB_COFF/LIBSGL.A(sglC05.o)
 .bss           0x00000000060aacf0        0x0 ../../Compiler/SGL_302j/LIB_COFF/LIBSGL.A(sglC06.o)
 .bss           0x00000000060aacf0        0x0 ../../Compiler/SGL_302j/LIB_COFF/LIBSGL.A(sglC07.o)
 .bss           0x00000000060aacf0        0x0 ../../Compiler/SGL_302j/LIB_COFF/LIBSGL.A(sglC08.o)
 .bss           0x00000000060aacf0        0x0 ../../Compiler/SGL_302j/LIB_COFF/LIBSGL.A(sglC20.o)
 .bss           0x00000000060aacf0        0x0 ../../Compiler/SGL_302j/LIB_COFF/LIBSGL.A(sglD00.o)
 .bss           0x00000000060aacf0        0x0 ../../Compiler/SGL_302j/LIB_COFF/LIBSGL.A(sglD01.o)
 .bss           0x00000000060aacf0        0x0 ../../Compiler/SGL_302j/LIB_COFF/LIBSGL.A(sglD03.o)
 .bss           0x00000000060aacf0        0x0 ../../Compiler/SGL_302j/LIB_COFF/LIBSGL.A(sglD15.o)
 .bss           0x00000000060aacf0        0x0 ../../Compiler/SGL_302j/LIB_COFF/LIBSGL.A(sglD16.o)
 .bss           0x00000000060aacf0        0x0 ../../Compiler/SGL_302j/LIB_COFF/LIBSGL.A(sglD17.o)
 .bss           0x00000000060aacf0        0x0 ../../Compiler/SGL_302j/LIB_COFF/LIBSGL.A(sglD18.o)
 .bss           0x00000000060aacf0        0x0 ../../Compiler/SGL_302j/LIB_COFF/LIBSGL.A(sglF00.o)
 .bss           0x00000000060aacf0        0x0 ../../Compiler/SGL_302j/LIB_COFF/LIBSGL.A(sglF05.o)
 .bss           0x00000000060aacf0        0x0 ../../Compiler/SGL_302j/LIB_COFF/LIBSGL.A(sglH00.o)
 .bss           0x00000000060aacf0        0x0 ../../Compiler/SGL_302j/LIB_COFF/LIBSGL.A(sglH01.o)
 .bss           0x00000000060aacf0        0x0 ../../Compiler/SGL_302j/LIB_COFF/LIBSGL.A(sglH02.o)
 .bss           0x00000000060aacf0        0x0 ../../Compiler/SGL_302j/LIB_COFF/LIBSGL.A(sglH04.o)
 .bss           0x00000000060aacf0        0x0 ../../Compiler/SGL_302j/LIB_COFF/LIBSGL.A(sglI01.o)
 .bss           0x00000000060aacf0        0x0 ../../Compiler/SGL_302j/LIB_COFF/LIBSGL.A(sglIc0.o)
 .bss           0x00000000060aacf0        0x0 ../../Compiler/SGL_302j/LIB_COFF/LIBSGL.A(sglJ00.o)
 .bss           0x00000000060aacf0        0x0 ../../Compiler/SGL_302j/LIB_COFF/LIBSGL.A(sglJ01.o)
 .bss           0x00000000060aacf0        0x0 ../../Compiler/SGL_302j/LIB_COFF/LIBSGL.A(sglJ02.o)
 .bss           0x00000000060aacf0        0x0 ../../Compiler/SGL_302j/LIB_COFF/LIBSGL.A(sglJ03.o)
 .bss           0x00000000060aacf0        0x0 ../../Compiler/SGL_302j/LIB_COFF/LIBSGL.A(sglJ04.o)
 .bss           0x00000000060aacf0        0x0 ../../Compiler/SGL_302j/LIB_COFF/LIBSGL.A(sglJ05.o)
 .bss           0x00000000060aacf0        0x0 ../../Compiler/SGL_302j/LIB_COFF/LIBSGL.A(sglK01.o)
 .bss           0x00000000060aacf0        0x0 ../../Compiler/SGL_302j/LIB_COFF/LIBSGL.A(sglM01.o)
 .bss           0x00000000060aacf0        0x0 ../../Compiler/SGL_302j/LIB_COFF/LIBSGL.A(sglA00.o)
 .bss           0x00000000060aacf0        0x0 ../../Compiler/SGL_302j/LIB_COFF/LIBSGL.A(sglA01.o)
 .bss           0x00000000060aacf0        0x0 ../../Compiler/SGL_302j/LIB_COFF/LIBSGL.A(sglB000.o)
 .bss           0x00000000060aacf0        0x0 ../../Compiler/SGL_302j/LIB_COFF/LIBSGL.A(sglB035.o)
 .bss           0x00000000060aacf0        0x0 ../../Compiler/SGL_302j/LIB_COFF/LIBSGL.A(sglC00.o)