Archive member included to satisfy reference by file (symbol)

../../Compiler/SGL_302j/LIB_COFF/SEGA_SYS.A(sys_exit.o)
                              ../../jo_engine/core.o (symbol from plugin) (SYS_Exit)
../../Compiler/SGL_302j/LIB_COFF/SEGA_SYS.A(sys_sub.o)
                              ../../Compiler/SGL_302j/LIB_COFF/SEGA_SYS.A(sys_exit.o) (SYSUB_SetStackptr)
../../Compiler/SGL_302j/LIB_COFF/LIBCD.A(CDC_CMN.O)
                              ../../Compiler/SGL_302j/LIB_COFF/SEGA_SYS.A(sys_exit.o) (CDC_GetCurStat)
../../Compiler/SGL_302j/LIB_COFF/LIBCD.A(CDC_CFS.O)
                              ../../Compiler/SGL_302j/LIB_COFF/SEGA_SYS.A(sys_exit.o) (CDC_ChgDir)
../../Compiler/SGL_302j/LIB_COFF/LIBCD.A(CDC_REG.O)
                              ../../Compiler/SGL_302j/LIB_COFF/SEGA_SYS.A(sys_exit.o) (CDC_GetHirqReq)
../../Compiler/SGL_302j/LIB_COFF/LIBCD.A(CDC_SUB.O)
                              ../../Compiler/SGL_302j/LIB_COFF/LIBCD.A(CDC_CMN.O) (CDSUB_UpdStatus)
../../Compiler/SGL_302j/LIB_COFF/LIBCD.A(GFS.O)
                              ../../jo_engine/fs.o (symbol from plugin) (GFS_Init)
../../Compiler/SGL_302j/LIB_COFF/LIBCD.A(GFS_BUF.O)
                              ../../Compiler/SGL_302j/LIB_COFF/LIBCD.A(GFS.O) (GFBF_GetNumData)
../../Compiler/SGL_302j/LIB_COFF/LIBCD.A(GFS_CDB.O)
                              ../../Compiler/SGL_302j/LIB_COFF/LIBCD.A(GFS.O) (GFCB_Close)
../../Compiler/SGL_302j/LIB_COFF/LIBCD.A(GFS_CDC.O)
                              ../../Compiler/SGL_302j/LIB_COFF/LIBCD.A(GFS.O) (GFCD_SetCdbfs)
../../Compiler/SGL_302j/LIB_COFF/LIBCD.A(GFS_CDF.O)
                              ../../Compiler/SGL_302j/LIB_COFF/LIBCD.A(GFS.O) (GFCF_Init)
../../Compiler/SGL_302j/LIB_COFF/LIBCD.A(GFS_DIR.O)
                              ../../Compiler/SGL_302j/LIB_COFF/LIBCD.A(GFS.O) (GFDR_SetupDirTbl)
../../Compiler/SGL_302j/LIB_COFF/LIBCD.A(GFS_TRN.O)
                              ../../Compiler/SGL_302j/LIB_COFF/LIBCD.A(GFS.O) (GFTR_Setup)
../../Compiler/SGL_302j/LIB_COFF/LIBCD.A(CDC_DRV.O)
                              ../../Compiler/SGL_302j/LIB_COFF/LIBCD.A(GFS_CDC.O) (CDC_CdPlay)
../../Compiler/SGL_302j/LIB_COFF/LIBCD.A(CDC_DEV.O)
                              ../../Compiler/SGL_302j/LIB_COFF/LIBCD.A(GFS_CDC.O) (CDC_CdSetCon)
../../Compiler/SGL_302j/LIB_COFF/LIBCD.A(CDC_SEL.O)
                              ../../Compiler/SGL_302j/LIB_COFF/LIBCD.A(GFS_CDC.O) (CDC_SetFiltRange)
../../Compiler/SGL_302j/LIB_COFF/LIBCD.A(CDC_BIF.O)
                              ../../Compiler/SGL_302j/LIB_COFF/LIBCD.A(GFS_CDC.O) (CDC_GetBufSiz)
../../Compiler/SGL_302j/LIB_COFF/LIBCD.A(CDC_BIO.O)
                              ../../Compiler/SGL_302j/LIB_COFF/LIBCD.A(GFS_CDC.O) (CDC_SetSctLen)
../../Compiler/SGL_302j/LIB_COFF/LIBSGL.A(sglA15.o)
                              ../../jo_engine/core.o (symbol from plugin) (slSlaveFunc)
../../Compiler/SGL_302j/LIB_COFF/LIBSGL.A(sglA20.o)
                              ../../jo_engine/core.o (symbol from plugin) (slUnitMatrix)
../../Compiler/SGL_302j/LIB_COFF/LIBSGL.A(sglA21.o)
                              ../../jo_engine/map.o (symbol from plugin) (slPushMatrix)
../../Compiler/SGL_302j/LIB_COFF/LIBSGL.A(sglA27.o)
                              ../../jo_engine/map.o (symbol from plugin) (slTranslate)
../../Compiler/SGL_302j/LIB_COFF/LIBSGL.A(sglB001.o)
                              ../../jo_engine/core.o (symbol from plugin) (slTVOn)
../../Compiler/SGL_302j/LIB_COFF/LIBSGL.A(sglB011.o)
                              ../../jo_engine/core.o (symbol from plugin) (slBitMapNbg1)
../../Compiler/SGL_302j/LIB_COFF/LIBSGL.A(sglB015.o)
                              ../../jo_engine/core.o (symbol from plugin) (slScrAutoDisp)
../../Compiler/SGL_302j/LIB_COFF/LIBSGL.A(sglB016.o)
                              ../../jo_engine/core.o (symbol from plugin) (slBack1ColSet)
../../Compiler/SGL_302j/LIB_COFF/LIBSGL.A(sglB032.o)
                              ../../jo_engine/core.o (symbol from plugin) (slMapNbg1)
../../Compiler/SGL_302j/LIB_COFF/LIBSGL.A(sglB053.o)
                              ../../jo_engine/core.o (symbol from plugin) (slZoomNbg1)
../../Compiler/SGL_302j/LIB_COFF/LIBSGL.A(sglB056.o)
                              ../../jo_engine/core.o (symbol from plugin) (slPlaneNbg1)
../../Compiler/SGL_302j/LIB_COFF/LIBSGL.A(sglB063.o)
                              ../../jo_engine/core.o (symbol from plugin) (slPriority)
../../Compiler/SGL_302j/LIB_COFF/LIBSGL.A(sglB200.o)
                              ../../jo_engine/core.o (symbol from plugin) (slCharNbg0)
../../Compiler/SGL_302j/LIB_COFF/LIBSGL.A(sglC05.o)
                              ../../jo_engine/sprites.o (symbol from plugin) (slSetSprite)
../../Compiler/SGL_302j/LIB_COFF/LIBSGL.A(sglC06.o)
                              ../../jo_engine/sprites.o (symbol from plugin) (slDispSprite)
../../Compiler/SGL_302j/LIB_COFF/LIBSGL.A(sglC07.o)
                              ../../jo_engine/sprites.o (symbol from plugin) (slPutSprite)
[...]
Memory Configuration

Name             Origin             Length             Attributes
*default*        0x0000000000000000 0xffffffffffffffff

Linker script and memory map

TARGET(coff-sh)

SLSTART         0x0000000006004000       0x28
                0x0000000006004000                ___Start = .
 *(SLSTART)
 SLSTART        0x0000000006004000       0x28 ../../Compiler/SGL_302j/LIB_COFF/LIBSGL.A(sglI00.o)
                0x0000000006004000                SGL_Start
                0x0000000006004002                slStartSGL

.text           0x0000000006004040    0x11af8
 *(.text)
 .text          0x0000000006004040        0x0 ../../Compiler/SGL_302j/LIB_COFF/SGLAREA.O
 .text          0x0000000006004040     0x4d88 /tmp/ccdRmD7Y.ltrans0.ltrans.o
 *fill*         0x0000000006008dc8        0x8 
 .text          0x0000000006008dd0      0x238 ../../Compiler/SGL_302j/LIB_COFF/SEGA_SYS.A(sys_exit.o)
                0x0000000006008dd0                sys_version
                0x0000000006008df0                SYS_Exit
 *fill*         0x0000000006009008        0x8 
 .text          0x0000000006009010        0x6 ../../Compiler/SGL_302j/LIB_COFF/SEGA_SYS.A(sys_sub.o)
                0x0000000006009010                SYSUB_SetStackptr
 *fill*         0x0000000006009016        0xa 
 .text          0x0000000006009020      0x3a0 ../../Compiler/SGL_302j/LIB_COFF/LIBCD.A(CDC_CMN.O)
                0x0000000006009020                CDC_GetCurStat
                0x0000000006009070                CDC_GetLastStat
                0x0000000006009088                CDC_GetPeriStat
                0x000000000600915c                CDC_GetHwInfo
                0x00000000060091c4                CDC_TgetToc
                0x0000000006009214                CDC_GetSes
                0x0000000006009250                CDC_CdInit
                0x00000000060092d4                CDC_CdOpen
                0x00000000060092fc                CDC_DataReady
                0x0000000006009368                CDC_DataEnd
 .text          0x00000000060093c0      0x194 ../../Compiler/SGL_302j/LIB_COFF/LIBCD.A(CDC_CFS.O)
                0x00000000060093c0                CDC_ChgDir
                0x00000000060093f4                CDC_ReadDir
                0x0000000006009428                CDC_GetFileScope
                0x0000000006009488                CDC_TgetFileInfo
                0x00000000060094e4                CDC_ReadFile
                0x0000000006009518                CDC_AbortFile
 *fill*         0x0000000006009554        0xc 
 .text          0x0000000006009560      0x2dc ../../Compiler/SGL_302j/LIB_COFF/LIBCD.A(CDC_REG.O)
                0x0000000006009560                CDC_GetDataPtr
                0x0000000006009570                CDC_GetHirqReq
                0x0000000006009584                CDC_ClrHirqReq
                0x00000000060095b4                CDREG_ClrHirqReq
                0x00000000060095c4                CDREG_InitHirqReq
                0x00000000060095ec                CDREG_SetHirqFlag
                0x0000000006009600                CDC_GetHirqMsk
                0x0000000006009614                CDC_SetHirqMsk
                0x0000000006009624                CDC_GetMpegPtr
                0x0000000006009634                CDREG_TgetData
                0x0000000006009690                CDREG_CmdRsp
                0x0000000006009790                CDREG_WaitHirq
                0x0000000006009800                CDREG_ReadRsp
 *fill*         0x000000000600983c        0x4 
 .text          0x0000000006009840      0x152 ../../Compiler/SGL_302j/LIB_COFF/LIBCD.A(CDC_SUB.O)
                0x0000000006009840                CDSUB_UpdStatus
                0x0000000006009858                CDSUB_UpdCdstat
                0x0000000006009878                CDSUB_CdCmd
                0x00000000060098e8                CDSUB_GetCdstat
                0x0000000006009928                CDSUB_RspToCdstat
                0x0000000006009970                CDSUB_SoftTimer
 *fill*         0x0000000006009992        0xe 
 .text          0x00000000060099a0     0x1adc ../../Compiler/SGL_302j/LIB_COFF/LIBCD.A(GFS.O)
                0x00000000060099a0                gfs_version
                0x00000000060099c0                GFS_Init
                0x0000000006009aa8                GFS_LoadDir
                0x0000000006009b50                GFS_SetDir
                0x0000000006009bb8                GFS_NameToId
                0x0000000006009c1c                GFS_IdToName
                0x0000000006009c88                GFS_GetDirInfo
                0x0000000006009cf8                GFS_Reset
                0x0000000006009d7c                GFS_Open
                0x0000000006009e30                GFS_Close
                0x0000000006009e68                GFS_Seek
                0x0000000006009f1c                GFS_Tell
                0x0000000006009f6c                GFS_IsEof
                0x0000000006009fc0                GFS_ByteToSct
                0x000000000600a01c                GFS_GetFileSize
                0x000000000600a078                GFS_GetFileInfo
                0x000000000600a0ec                GFS_GetNumCdbuf
                0x000000000600a114                GFS_Load
                0x000000000600a1d8                GFS_Fread
                0x000000000600a274                gfs_waitRead
                0x000000000600a31c                GFS_NwFread
                0x000000000600a428                GFS_NwCdRead
                0x000000000600a4a0                GFS_NwIsComplete
                0x000000000600a4d8                GFS_NwStop
                0x000000000600a544                GFS_NwGetStat
                0x000000000600a5c0                gfs_recovRdErr
                0x000000000600a5f0                GFS_NwExecOne
                0x000000000600a6b0                GFS_NwExecServer
                0x000000000600a72c                GFS_SetGmode
                0x000000000600a790                GFS_SetTmode
                0x000000000600a7fc                GFS_SetReadPara
                0x000000000600a860                GFS_SetTransPara
                0x000000000600a8cc                GFS_SetTrFunc
                0x000000000600a930                GFS_StartTrans
                0x000000000600a97c                GFS_CdMovePickup
                0x000000000600a9e8                GFS_SetErrFunc
                0x000000000600aa14                GFS_GetErrStat
                0x000000000600aa38                GFS_ConvTno
                0x000000000600aa60                gfs_chgRoot
                0x000000000600ab2c                gfs_aborttrans
                0x000000000600ab38                gfs_mngSetupFuncTbl
                0x000000000600ab6c                gfs_mngInitWork
                0x000000000600ac10                gfs_mngGetNumFile
                0x000000000600ac78                GFS_mngAllocGrp
                0x000000000600acc0                gfs_mngFreeGrp
                0x000000000600accc                gfs_mngTermAccess
                0x000000000600ad50                gfs_mngSetErrCode
                0x000000000600add0                gfs_svrSearchHndl
                0x000000000600ae10                gfs_svrAddHndl
                0x000000000600ae4c                gfs_svrRemoveHndl
                0x000000000600aea8                GFS_OpenSub
                0x000000000600af00                gfs_loadVol
                0x000000000600afc4                gfs_getRootDir
                0x000000000600b0c0                gfs_loadRootDir
                0x000000000600b148                gfs_flowIn
                0x000000000600b1f0                gfs_transData
                0x000000000600b294                GFS_GetFad
                0x000000000600b2ec                gfs_SetSct
                0x000000000600b32c                gfs_GetFinfo
                0x000000000600b36c                gfs_closeSub
                0x000000000600b3a8                gfs_getGmode
                0x000000000600b3b4                gfs_isTaskDone
                0x000000000600b408                gfs_convFinStat
 *fill*         0x000000000600b47c        0x4 
 .text          0x000000000600b480      0x106 ../../Compiler/SGL_302j/LIB_COFF/LIBCD.A(GFS_BUF.O)
                0x000000000600b4b0                GFBF_GetTranData
                0x000000000600b4d8                GFBF_GetNumData
                0x000000000600b508                GFBF_GetSrcPk
                0x000000000600b530                GFBF_GetSctData
                0x000000000600b554                GFBF_RtnPk
                0x000000000600b57c                gfbf_getSctDt
 *fill*         0x000000000600b586        0xa 
 .text          0x000000000600b590      0x600 ../../Compiler/SGL_302j/LIB_COFF/LIBCD.A(GFS_CDB.O)
                0x000000000600b590                GFCB_Setup
                0x000000000600b6b0                GFCB_Close
                0x000000000600b6d8                GFCB_GetLenData
                0x000000000600b784                GFCB_GetLenRoom
                0x000000000600b790                GFCB_SetFilt
                0x000000000600b7f8                GFCB_DeleteAllData
                0x000000000600b820                GFCB_Tell
                0x000000000600b830                gfcb_getSctNum
                0x000000000600b880                GFCB_Seek
                0x000000000600b97c                GFCB_GetSrcPack
                0x000000000600ba5c                GFCB_GetSctData
                0x000000000600ba94                GFCB_GetDstPack
                0x000000000600baa0                GFCB_RtnPk
                0x000000000600bae8                GFCB_MovePickup
                0x000000000600bb04                GFCB_SetCon
                0x000000000600bb38                GFCB_GetPickup
                0x000000000600bb60                GFCB_IsPuOwner
                0x000000000600bb78                GFCB_UngetPickup
 .text          0x000000000600bb90     0x1a10 ../../Compiler/SGL_302j/LIB_COFF/LIBCD.A(GFS_CDC.O)
                0x000000000600bb90                GFCD_SetCdbfs
                0x000000000600bbbc                GFCD_Init
                0x000000000600bdc0                GFCD_AllocFilt
                0x000000000600bdfc                GFCD_FreeFilt
                0x000000000600be2c                GFCD_AllocBuf
                0x000000000600be60                GFCD_FreeBuf
                0x000000000600bf04                GFCD_GetBaseFad
                0x000000000600bf38                GFCD_GetPickup
                0x000000000600bf6c                GFCD_UngetPickup
                0x000000000600bf98                GFCD_IsPuOwner
                0x000000000600bfbc                GFCD_SetFilt
                0x000000000600c080                GFCD_GetFilt
                0x000000000600c0c8                GFCD_SetCon
                0x000000000600c120                GFCD_Play
                0x000000000600c180                GFCD_GetLenData
                0x000000000600c1e8                GFCD_ReqData
                0x000000000600c244                GFCD_EndData
                0x000000000600c28c                GFCD_DelSctData
                0x000000000600c2e4                GFCD_CheckDelSctData
                0x000000000600c314                GFCD_GetStat
                0x000000000600c3c8                GFCD_MovePickup
                0x000000000600c414                GFCD_MoveSctData
                0x000000000600c488                GFCD_CheckMove
                0x000000000600c4ac                GFCD_GetSctInfo
                0x000000000600c4f4                GFCD_ChgDir
                0x000000000600c568                GFCD_SetFiltCon
                0x000000000600c650                GFCD_GetFileInfo
                0x000000000600c72c                GFCD_GetBufSiz
                0x000000000600c764                GFCD_ExecServer
                0x000000000600c838                gfcd_isIdleTask
                0x000000000600c8c4                gfcd_doTask
                0x000000000600c970                GFCD_SetTimer
                0x000000000600c984                GFCD_WaitServer
                0x000000000600c9c0                gfcd_doSetFiltTsk
                0x000000000600cb84                gfcd_doSetConTsk
                0x000000000600cc14                gfcd_doGetLenDataTsk
                0x000000000600cd68                gfcd_doReqDataTsk
                0x000000000600ce08                gfcd_doDelSctDataTsk
                0x000000000600cf3c                gfcd_doMoveSctTsk
                0x000000000600d0a0                gfcd_doChgDirTsk
                0x000000000600d29c                gfcd_doSetFiltConTsk
                0x000000000600d3e0                gfcd_checkEflag
                0x000000000600d404                gfcd_initCdbMng
                0x000000000600d484                gfcd_setStat
                0x000000000600d4b0                GFCD_SetCsctFunc
                0x000000000600d4cc                GFCD_ChkScdqFlag
                0x000000000600d4f0                GFCD_ClrScdqFlag
                0x000000000600d50c                GFCD_WaitScdqFlag
                0x000000000600d550                GFCD_WaitPause
 .text          0x000000000600d5a0      0x8d8 ../../Compiler/SGL_302j/LIB_COFF/LIBCD.A(GFS_CDF.O)
                0x000000000600d5a0                GFCF_Init
                0x000000000600d640                GFCF_Setup
                0x000000000600d788                GFCF_SetSct
                0x000000000600d7cc                GFCF_GetFileInfo
                0x000000000600d840                GFCF_FlowInBuf
                0x000000000600d994                GFCF_StopInBuf
                0x000000000600da34                GFCF_Recover
                0x000000000600da7c                GFCF_Tell
                0x000000000600da94                GFCF_Seek
                0x000000000600daac                GFCF_MovePickup
                0x000000000600db48                GFCF_cnvIntlvOfs
                0x000000000600db9c                GFCF_GetStat
                0x000000000600dc34                gfcf_getSctSize
                0x000000000600dc70                gfcf_isCdOk
                0x000000000600dd30                gfcf_getPlayRange
 *fill*         0x000000000600de78        0x8 
 .text          0x000000000600de80      0x92c ../../Compiler/SGL_302j/LIB_COFF/LIBCD.A(GFS_DIR.O)
                0x000000000600de80                GFDR_SetupDirTbl
                0x000000000600def4                GFDR_NameToId
                0x000000000600df54                GFDR_GetInfoDirId
                0x000000000600df68                GFDR_GetInfoDirName
                0x000000000600df7c                GFDR_GetAtrDirId
                0x000000000600df94                GFDR_GetAtrDirName
                0x000000000600dfac                GFDR_ChgRoot
                0x000000000600dfc4                GFDR_ChgDir
                0x000000000600e038                gfdr_setupDirIdTbl
                0x000000000600e0bc                gfdr_setupDirNameTbl
                0x000000000600e168                gfdr_open
                0x000000000600e190                gfdr_read
                0x000000000600e250                gfdr_readByte
                0x000000000600e27c                gfdr_readWord
                0x000000000600e2a8                gfdr_readWordNB
                0x000000000600e2fc                gfdr_readLongNB
                0x000000000600e348                gfdr_readLongNM
                0x000000000600e370                gfdr_setNextRec
                0x000000000600e3f4                gfdr_readDirEnt
                0x000000000600e770                gfdr_setDirrecCd
 *fill*         0x000000000600e7ac        0x4 
 .text          0x000000000600e7b0      0x9c6 ../../Compiler/SGL_302j/LIB_COFF/LIBCD.A(GFS_TRN.O)
                0x000000000600e7e0                GFTR_Setup
                0x000000000600e824                GFTR_SetMode
                0x000000000600e838                GFTR_SetUnit
                0x000000000600e844                GFTR_SetTransPara
                0x000000000600e878                GFTR_GetTransPara
                0x000000000600e884                GFTR_GetNumTrans
                0x000000000600e890                GFTR_SetTransMax
                0x000000000600e89c                GFTR_Start
                0x000000000600e8a8                GFTR_Pause
                0x000000000600e8b4                GFTR_Stop
                0x000000000600e96c                GFTR_Exec
                0x000000000600e9f0                GFTR_Idle
                0x000000000600ea68                GFTR_ExecSvr
                0x000000000600eb70                gftr_getSrcPack
                0x000000000600ebf8                gftr_getDstPack
                0x000000000600ec54                gftr_reqScu
                0x000000000600ec60                gftr_execScu
                0x000000000600ecfc                gftr_remScu
                0x000000000600ed30                gfdma_canUse
                0x000000000600ed3c                gfdma_exec
                0x000000000600edac                gfdma_getBytecnt
                0x000000000600ede4                gftr_reqDma0
                0x000000000600edfc                gftr_execSdma0
                0x000000000600ee20                gftr_remDma0
                0x000000000600ee38                gftr_reqDma1
                0x000000000600ee50                gftr_execSdma1
                0x000000000600ee74                gftr_remDma1
                0x000000000600ee8c                gftr_reqCpu
                0x000000000600ee98                gftr_execCpu
                0x000000000600eed8                gftr_remCpu
                0x000000000600eee4                gftr_reqTrn
                0x000000000600ef54                gftr_execTrn
                0x000000000600f02c                gftr_remTrn
                0x000000000600f0a0                gftr_copyFrac
                0x000000000600f0c8                GFTR_GetLenData
                0x000000000600f0d4                GFTR_GetLenRoom
                0x000000000600f0ec                GFTR_GetDstPack
                0x000000000600f120                GFTR_RtnDstPk
                0x000000000600f13c                GFTR_GetData
                0x000000000600f150                GFTR_SetData
                0x000000000600f164                GFTR_SetTransFunc
 *fill*         0x000000000600f176        0xa 
 .text          0x000000000600f180      0x130 ../../Compiler/SGL_302j/LIB_COFF/LIBCD.A(CDC_DRV.O)
                0x000000000600f180                CDC_CdPlay
                0x000000000600f24c                CDC_CdSeek
                0x000000000600f280                CDC_CdScan
 .text          0x000000000600f2b0       0xa8 ../../Compiler/SGL_302j/LIB_COFF/LIBCD.A(CDC_DEV.O)
                0x000000000600f2b0                CDC_CdSetCon
                0x000000000600f2e0                CDC_CdGetCon
                0x000000000600f31c                CDC_CdGetLastBuf
 *fill*         0x000000000600f358        0x8 
 .text          0x000000000600f360      0x2b8 ../../Compiler/SGL_302j/LIB_COFF/LIBCD.A(CDC_SEL.O)
                0x000000000600f360                CDC_SetFiltRange
                0x000000000600f394                CDC_GetFiltRange
                0x000000000600f3ec                CDC_SetFiltSubh
                0x000000000600f45c                CDC_GetFiltSubh
                0x000000000600f4d8                CDC_SetFiltMode
                0x000000000600f50c                CDC_GetFiltMode
                0x000000000600f550                CDC_SetFiltCon
                0x000000000600f590                CDC_GetFiltCon
                0x000000000600f5e4                CDC_ResetSelector
 *fill*         0x000000000600f618        0x8 
 .text          0x000000000600f620      0x270 ../../Compiler/SGL_302j/LIB_COFF/LIBCD.A(CDC_BIF.O)
                0x000000000600f620                CDC_GetBufSiz
                0x000000000600f67c                CDC_GetSctNum
                0x000000000600f6c0                CDC_CalActSiz
                0x000000000600f6fc                CDC_GetActSiz
                0x000000000600f77c                CDC_GetSctInfo
                0x000000000600f7fc                CDC_ExeFadSearch
                0x000000000600f834                CDC_GetFadSearch
 .text          0x000000000600f890      0x1e4 ../../Compiler/SGL_302j/LIB_COFF/LIBCD.A(CDC_BIO.O)
                0x000000000600f890                CDC_SetSctLen
                0x000000000600f8c4                CDC_GetSctData
                0x000000000600f900                CDC_DelSctData
                0x000000000600f93c                CDC_GetdelSctData
                0x000000000600f978                CDC_PutSctData
                0x000000000600f9b0                CDC_CopySctData
                0x000000000600f9f4                CDC_MoveSctData
                0x000000000600fa38                CDC_GetCopyErr
 *fill*         0x000000000600fa74        0xc 
 .text          0x000000000600fa80        0x0 ../../Compiler/SGL_302j/LIB_COFF/LIBSGL.A(sglA15.o)
 .text          0x000000000600fa80        0x0 ../../Compiler/SGL_302j/LIB_COFF/LIBSGL.A(sglA20.o)
 .text          0x000000000600fa80        0x0 ../../Compiler/SGL_302j/LIB_COFF/LIBSGL.A(sglA21.o)
 .text          0x000000000600fa80        0x0 ../../Compiler/SGL_302j/LIB_COFF/LIBSGL.A(sglA27.o)
 .text          0x000000000600fa80        0x0 ../../Compiler/SGL_302j/LIB_COFF/LIBSGL.A(sglB001.o)
 .text          0x000000000600fa80        0x0 ../../Compiler/SGL_302j/LIB_COFF/LIBSGL.A(sglB011.o)
 .text          0x000000000600fa80        0x0 ../../Compiler/SGL_302j/LIB_COFF/LIBSGL.A(sglB015.o)
 .text          0x000000000600fa80        0x0 ../../Compiler/SGL_302j/LIB_COFF/LIBSGL.A(sglB016.o)
 .text          0x000000000600fa80        0x0 ../../Compiler/SGL_302j/LIB_COFF/LIBSGL.A(sglB032.o)
 .text          0x000000000600fa80        0x0 ../../Compiler/SGL_302j/LIB_COFF/LIBSGL.A(sglB053.o)
 .text          0x000000000600fa80        0x0 ../../Compiler/SGL_302j/LIB_COFF/LIBSGL.A(sglB056.o)
 .text          0x000000000600fa80        0x0 ../../Compiler/SGL_302j/LIB_COFF/LIBSGL.A(sglB063.o)
 .text          0x000000000600fa80        0x0 ../../Compiler/SGL_302j/LIB_COFF/LIBSGL.A(sglB200.o)
 .text          0x000000000600fa80        0x0 ../../Compiler/SGL_302j/LIB_COFF/LIBSGL.A(sglC05.o)
 .text          0x000000000600fa80        0x0 ../../Compiler/SGL_302j/LIB_COFF/LIBSGL.A(sglC06.o)
 .text          0x000000000600fa80        0x0 ../../Compiler/SGL_302j/LIB_COFF/LIBSGL.A(sglC07.o)
 .text          0x000000000600fa80        0x0 ../../Compiler/SGL_302j/LIB_COFF/LIBSGL.A(sglC08.o)
 .text          0x000000000600fa80        0x0 ../../Compiler/SGL_302j/LIB_COFF/LIBSGL.A(sglC20.o)
 .text          0x000000000600fa80        0x0 ../../Compiler/SGL_302j/LIB_COFF/LIBSGL.A(sglD00.o)
 .text          0x000000000600fa80        0x0 ../../Compiler/SGL_302j/LIB_COFF/LIBSGL.A(sglD01.o)
 .text          0x000000000600fa80        0x0 ../../Compiler/SGL_302j/LIB_COFF/LIBSGL.A(sglD03.o)
 .text          0x000000000600fa80        0x0 ../../Compiler/SGL_302j/LIB_COFF/LIBSGL.A(sglD15.o)
 .text          0x000000000600fa80        0x0 ../../Compiler/SGL_302j/LIB_COFF/LIBSGL.A(sglD16.o)
 .text          0x000000000600fa80        0x0 ../../Compiler/SGL_302j/LIB_COFF/LIBSGL.A(sglD17.o)
 .text          0x000000000600fa80        0x0 ../../Compiler/SGL_302j/LIB_COFF/LIBSGL.A(sglD18.o)
 .text          0x000000000600fa80        0x0 ../../Compiler/SGL_302j/LIB_COFF/LIBSGL.A(sglF00.o)
 .text          0x000000000600fa80        0x0 ../../Compiler/SGL_302j/LIB_COFF/LIBSGL.A(sglF05.o)
 .text          0x000000000600fa80        0x0 ../../Compiler/SGL_302j/LIB_COFF/LIBSGL.A(sglH00.o)
 .text          0x000000000600fa80        0x0 ../../Compiler/SGL_302j/LIB_COFF/LIBSGL.A(sglH01.o)
 .text          0x000000000600fa80        0x0 ../../Compiler/SGL_302j/LIB_COFF/LIBSGL.A(sglH02.o)
 .text          0x000000000600fa80        0x0 ../../Compiler/SGL_302j/LIB_COFF/LIBSGL.A(sglH04.o)
 .text          0x000000000600fa80        0x0 ../../Compiler/SGL_302j/LIB_COFF/LIBSGL.A(sglI01.o)
 .text          0x000000000600fa80      0x128 ../../Compiler/SGL_302j/LIB_COFF/LIBSGL.A(sglIc0.o)
                0x000000000600fa80                slInitSystem
 *fill*         0x000000000600fba8        0x8 
 .text          0x000000000600fbb0        0x0 ../../Compiler/SGL_302j/LIB_COFF/LIBSGL.A(sglJ00.o)
 .text          0x000000000600fbb0        0x0 ../../Compiler/SGL_302j/LIB_COFF/LIBSGL.A(sglJ01.o)
 .text          0x000000000600fbb0        0x0 ../../Compiler/SGL_302j/LIB_COFF/LIBSGL.A(sglJ02.o)
 .text          0x000000000600fbb0        0x0 ../../Compiler/SGL_302j/LIB_COFF/LIBSGL.A(sglJ03.o)
 .text          0x000000000600fbb0        0x0 ../../Compiler/SGL_302j/LIB_COFF/LIBSGL.A(sglJ04.o)
 .text          0x000000000600fbb0        0x0 ../../Compiler/SGL_302j/LIB_COFF/LIBSGL.A(sglJ05.o)
 .text          0x000000000600fbb0        0x0 ../../Compiler/SGL_302j/LIB_COFF/LIBSGL.A(sglK01.o)
 .text          0x000000000600fbb0        0x0 ../../Compiler/SGL_302j/LIB_COFF/LIBSGL.A(sglM01.o)
 .text          0x000000000600fbb0        0x0 ../../Compiler/SGL_302j/LIB_COFF/LIBSGL.A(sglA00.o)
 .text          0x000000000600fbb0        0x0 ../../Compiler/SGL_302j/LIB_COFF/LIBSGL.A(sglA01.o)
 .text          0x000000000600fbb0        0x0 ../../Compiler/SGL_302j/LIB_COFF/LIBSGL.A(sglB000.o)
 .text          0x000000000600fbb0        0x0 ../../Compiler/SGL_302j/LIB_COFF/LIBSGL.A(sglB035.o)
 .text          0x000000000600fbb0        0x0 ../../Compiler/SGL_302j/LIB_COFF/LIBSGL.A(sglC00.o)
 .text          0x000000000600fbb0        0x0 ../../Compiler/SGL_302j/LIB_COFF/LIBSGL.A(sglI00.o)
 .text          0x000000000600fbb0        0x0 ../../Compiler/SGL_302j/LIB_COFF/LIBSGL.A(sglH03.o)
 .text          0x000000000600fbb0       0x52 /home/sansigolo/Documents/joengine/Compiler/SH_NONE_ELF/bin/../lib/gcc/sh-none-elf/8.2.0/libgcc.a(_ashiftrt.o)
                0x000000000600fbb0                __ashiftrt_r4_31
                0x000000000600fbb0                __ashiftrt_r4_32
                0x000000000600fbb6                __ashiftrt_r4_30
                0x000000000600fbb8                __ashiftrt_r4_29
                0x000000000600fbba                __ashiftrt_r4_28
                0x000000000600fbbc                __ashiftrt_r4_27
                0x000000000600fbbe                __ashiftrt_r4_26
                0x000000000600fbc0                __ashiftrt_r4_25
                0x000000000600fbc2                __ashiftrt_r4_24
                0x000000000600fbca                __ashiftrt_r4_23
                0x000000000600fbcc                __ashiftrt_r4_22
                0x000000000600fbce                __ashiftrt_r4_21
                0x000000000600fbd0                __ashiftrt_r4_20
                0x000000000600fbd2                __ashiftrt_r4_19
                0x000000000600fbd4                __ashiftrt_r4_18
                0x000000000600fbd6                __ashiftrt_r4_17
                0x000000000600fbd8                __ashiftrt_r4_16
                0x000000000600fbde                __ashiftrt_r4_15
                0x000000000600fbe0                __ashiftrt_r4_14
                0x000000000600fbe2                __ashiftrt_r4_13
                0x000000000600fbe4                __ashiftrt_r4_12
                0x000000000600fbe6                __ashiftrt_r4_11
                0x000000000600fbe8                __ashiftrt_r4_10
                0x000000000600fbea                __ashiftrt_r4_9
                0x000000000600fbec                __ashiftrt_r4_8
                0x000000000600fbee                __ashiftrt_r4_7
                0x000000000600fbf0                __ashiftrt_r4_6
                0x000000000600fbf2                __ashiftrt_r4_5
                0x000000000600fbf4                __ashiftrt_r4_4
                0x000000000600fbf6                __ashiftrt_r4_3
                0x000000000600fbf8                __ashiftrt_r4_2
                0x000000000600fbfa                __ashiftrt_r4_1
                0x000000000600fbfe                __ashiftrt_r4_0
 *fill*         0x000000000600fc02        0x2 
 .text          0x000000000600fc04       0xa0 /home/sansigolo/Documents/joengine/Compiler/SH_NONE_ELF/bin/../lib/gcc/sh-none-elf/8.2.0/libgcc.a(_sdivsi3.o)
                0x000000000600fc04                __sdivsi3
 .text          0x000000000600fca4       0x6c /home/sansigolo/Documents/joengine/Compiler/SH_NONE_ELF/bin/../lib/gcc/sh-none-elf/8.2.0/libgcc.a(_udivsi3.o)
                0x000000000600fcc6                __udivsi3
 .text          0x000000000600fd10      0x134 /home/sansigolo/Documents/joengine/Compiler/SH_NONE_ELF/bin/../lib/gcc/sh-none-elf/8.2.0/libgcc.a(_mul_sf.o)
                0x000000000600fd10                __mulsf3
 .text          0x000000000600fe44       0xdc /home/sansigolo/Documents/joengine/Compiler/SH_NONE_ELF/bin/../lib/gcc/sh-none-elf/8.2.0/libgcc.a(_div_sf.o)
                0x000000000600fe44                __divsf3
 .text          0x000000000600ff20       0x7c /home/sansigolo/Documents/joengine/Compiler/SH_NONE_ELF/bin/../lib/gcc/sh-none-elf/8.2.0/libgcc.a(_sf_to_si.o)
                0x000000000600ff20                __fixsfsi
 .text          0x000000000600ff9c        0x0 /home/sansigolo/Documents/joengine/Compiler/SH_NONE_ELF/bin/../lib/gcc/sh-none-elf/8.2.0/libgcc.a(_thenan_sf.o)
 .text          0x000000000600ff9c       0x94 /home/sansigolo/Documents/joengine/Compiler/SH_NONE_ELF/bin/../lib/gcc/sh-none-elf/8.2.0/libgcc.a(_usi_to_sf.o)
                0x000000000600ff9c                __floatunsisf
 .text          0x0000000006010030      0x114 /home/sansigolo/Documents/joengine/Compiler/SH_NONE_ELF/bin/../lib/gcc/sh-none-elf/8.2.0/libgcc.a(_pack_sf.o)
                0x0000000006010030                __pack_f
 .text          0x0000000006010144       0xa0 /home/sansigolo/Documents/joengine/Compiler/SH_NONE_ELF/bin/../lib/gcc/sh-none-elf/8.2.0/libgcc.a(_unpack_sf.o)
                0x0000000006010144                __unpack_f
 .text          0x00000000060101e4       0x1e /home/sansigolo/Documents/joengine/Compiler/SH_NONE_ELF/bin/../lib/gcc/sh-none-elf/8.2.0/../../../../sh-none-elf/lib/libc.a(lib_a-memcmp.o)
                0x00000000060101e4                memcmp
 *fill*         0x0000000006010202        0x2 
 .text          0x0000000006010204       0x94 /home/sansigolo/Documents/joengine/Compiler/SH_NONE_ELF/bin/../lib/gcc/sh-none-elf/8.2.0/../../../../sh-none-elf/lib/libc.a(lib_a-memcpy.o)
                0x0000000006010204                memcpy
 .text          0x0000000006010298       0x40 /home/sansigolo/Documents/joengine/Compiler/SH_NONE_ELF/bin/../lib/gcc/sh-none-elf/8.2.0/../../../../sh-none-elf/lib/libc.a(lib_a-memset.o)
                0x0000000006010298                memset
 .text          0x00000000060102d8       0x8c /home/sansigolo/Documents/joengine/Compiler/SH_NONE_ELF/bin/../lib/gcc/sh-none-elf/8.2.0/../../../../sh-none-elf/lib/libc.a(lib_a-sprintf.o)
                0x00000000060102d8                _sprintf_r
                0x0000000006010318                sprintf
 .text          0x0000000006010364       0x2a /home/sansigolo/Documents/joengine/Compiler/SH_NONE_ELF/bin/../lib/gcc/sh-none-elf/8.2.0/../../../../sh-none-elf/lib/libc.a(lib_a-strncmp.o)
                0x0000000006010364                strncmp
 .text          0x000000000601038e       0x32 /home/sansigolo/Documents/joengine/Compiler/SH_NONE_ELF/bin/../lib/gcc/sh-none-elf/8.2.0/../../../../sh-none-elf/lib/libc.a(lib_a-strncpy.o)
                0x000000000601038e                strncpy
 .text          0x00000000060103c0     0x1378 /home/sansigolo/Documents/joengine/Compiler/SH_NONE_ELF/bin/../lib/gcc/sh-none-elf/8.2.0/../../../../sh-none-elf/lib/libc.a(lib_a-svfprintf.o)
                0x00000000060103c0                _svfprintf_r
 .text          0x0000000006011738      0xef4 /home/sansigolo/Documents/joengine/Compiler/SH_NONE_ELF/bin/../lib/gcc/sh-none-elf/8.2.0/../../../../sh-none-elf/lib/libc.a(lib_a-dtoa.o)
                0x000000000601186c                _dtoa_r
 .text          0x000000000601262c        0x0 /home/sansigolo/Documents/joengine/Compiler/SH_NONE_ELF/bin/../lib/gcc/sh-none-elf/8.2.0/../../../../sh-none-elf/lib/libc.a(lib_a-impure.o)
 .text          0x000000000601262c       0x40 /home/sansigolo/Documents/joengine/Compiler/SH_NONE_ELF/bin/../lib/gcc/sh-none-elf/8.2.0/../../../../sh-none-elf/lib/libc.a(lib_a-localeconv.o)
                0x000000000601262c                __localeconv_l
                0x0000000006012634                _localeconv_r
                0x0000000006012650                localeconv
 .text          0x000000000601266c       0xa8 /home/sansigolo/Documents/joengine/Compiler/SH_NONE_ELF/bin/../lib/gcc/sh-none-elf/8.2.0/../../../../sh-none-elf/lib/libc.a(lib_a-locale.o)
                0x000000000601266c                _setlocale_r
                0x00000000060126b8                __locale_mb_cur_max
                0x00000000060126d8                __locale_ctype_ptr_l
                0x00000000060126e2                __locale_ctype_ptr
                0x0000000006012700                setlocale
 .text          0x0000000006012714       0x4c /home/sansigolo/Documents/joengine/Compiler/SH_NONE_ELF/bin/../lib/gcc/sh-none-elf/8.2.0/../../../../sh-none-elf/lib/libc.a(lib_a-mbtowc_r.o)
                0x0000000006012714                _mbtowc_r
                0x0000000006012738                __ascii_mbtowc
 .text          0x0000000006012760       0x1c /home/sansigolo/Documents/joengine/Compiler/SH_NONE_ELF/bin/../lib/gcc/sh-none-elf/8.2.0/../../../../sh-none-elf/lib/libc.a(lib_a-memchr.o)
                0x0000000006012760                memchr
 .text          0x000000000601277c      0xa9c /home/sansigolo/Documents/joengine/Compiler/SH_NONE_ELF/bin/../lib/gcc/sh-none-elf/8.2.0/../../../../sh-none-elf/lib/libc.a(lib_a-mprec.o)
                0x000000000601277c                _Balloc
                0x00000000060127f0                _Bfree
                0x0000000006012808                __multadd
                0x00000000060128b0                __s2b
                0x0000000006012970                __hi0bits
                0x00000000060129c4                __lo0bits
                0x0000000006012a28                __i2b
                0x0000000006012a44                __multiply
                0x0000000006012b88                __pow5mult
                0x0000000006012c44                __lshift
                0x0000000006012d38                __mcmp
                0x0000000006012d70                __mdiff
                0x0000000006012e4c                __ulp
                0x0000000006012eb8                __b2d
                0x0000000006012fa0                __d2b
                0x000000000601308c                __ratio
                0x0000000006013110                _mprec_log10
                0x0000000006013168                __copybits
                0x00000000060131ac                __any_on
 .text          0x0000000006013218       0x34 /home/sansigolo/Documents/joengine/Compiler/SH_NONE_ELF/bin/../lib/gcc/sh-none-elf/8.2.0/../../../../sh-none-elf/lib/libc.a(lib_a-nano-callocr.o)
                0x0000000006013218                _calloc_r
 .text          0x000000000601324c       0xf4 /home/sansigolo/Documents/joengine/Compiler/SH_NONE_ELF/bin/../lib/gcc/sh-none-elf/8.2.0/../../../../sh-none-elf/lib/libc.a(lib_a-nano-mallocr.o)
                0x000000000601324c                _malloc_r
 .text          0x0000000006013340       0x30 /home/sansigolo/Documents/joengine/Compiler/SH_NONE_ELF/bin/../lib/gcc/sh-none-elf/8.2.0/../../../../sh-none-elf/lib/libc.a(lib_a-sbrkr.o)
                0x0000000006013340                _sbrk_r
 .text          0x0000000006013370       0x38 /home/sansigolo/Documents/joengine/Compiler/SH_NONE_ELF/bin/../lib/gcc/sh-none-elf/8.2.0/../../../../sh-none-elf/lib/libc.a(lib_a-strcmp.o)
                0x0000000006013370                strcmp
 .text          0x00000000060133a8       0x20 /home/sansigolo/Documents/joengine/Compiler/SH_NONE_ELF/bin/../lib/gcc/sh-none-elf/8.2.0/../../../../sh-none-elf/lib/libc.a(lib_a-strlen.o)
                0x00000000060133a8                strlen
 .text          0x00000000060133c8      0xa60 /home/sansigolo/Documents/joengine/Compiler/SH_NONE_ELF/bin/../lib/gcc/sh-none-elf/8.2.0/../../../../sh-none-elf/lib/libc.a(lib_a-svfiprintf.o)
                0x00000000060133c8                __ssprint_r
                0x00000000060134fc                _svfiprintf_r
 .text          0x0000000006013e28      0x25c /home/sansigolo/Documents/joengine/Compiler/SH_NONE_ELF/bin/../lib/gcc/sh-none-elf/8.2.0/../../../../sh-none-elf/lib/libc.a(lib_a-syscalls.o)
                0x0000000006013ea0                _read
                0x0000000006013eb0                _lseek
                0x0000000006013ec0                _write
                0x0000000006013ed0                _close
                0x0000000006013ee0                _link
                0x0000000006013ee4                _sbrk
                0x0000000006013f3c                _fstat
                0x0000000006013f46                _open
                0x0000000006013f58                _creat
                0x0000000006013f68                _unlink
                0x0000000006013f6c                isatty
                0x0000000006013f70                _isatty
                0x0000000006013f74                _exit
                0x0000000006013f84                _kill
                0x0000000006013f98                _getpid
                0x0000000006013f9c                _raise
                0x0000000006013fa0                _stat
                0x0000000006013fb0                _chmod
                0x0000000006013fc0                _chown
                0x0000000006013fd0                _utime
                0x0000000006013fe4                _fork
                0x0000000006013ff0                _wait
                0x0000000006014000                _execve
                0x0000000006014010                _execv
                0x0000000006014020                _pipe
                0x000000000601402c                _times
                0x0000000006014030                _gettimeofday
                0x0000000006014058                __setup_argv_and_call_main
 .text          0x0000000006014084       0x14 /home/sansigolo/Documents/joengine/Compiler/SH_NONE_ELF/bin/../lib/gcc/sh-none-elf/8.2.0/../../../../sh-none-elf/lib/libc.a(lib_a-trap.o)
                0x0000000006014084                __trap34
 .text          0x0000000006014098       0x40 /home/sansigolo/Documents/joengine/Compiler/SH_NONE_ELF/bin/../lib/gcc/sh-none-elf/8.2.0/../../../../sh-none-elf/lib/libc.a(lib_a-wctomb_r.o)
                0x0000000006014098                _wctomb_r
                0x00000000060140b8                __ascii_wctomb
 .text          0x00000000060140d8       0x18 /home/sansigolo/Documents/joengine/Compiler/SH_NONE_ELF/bin/../lib/gcc/sh-none-elf/8.2.0/../../../../sh-none-elf/lib/libc.a(lib_a-abort.o)
                0x00000000060140d8                abort
 .text          0x00000000060140f0        0x0 /home/sansigolo/Documents/joengine/Compiler/SH_NONE_ELF/bin/../lib/gcc/sh-none-elf/8.2.0/../../../../sh-none-elf/lib/libc.a(lib_a-ctype_.o)
 .text          0x00000000060140f0       0x3c /home/sansigolo/Documents/joengine/Compiler/SH_NONE_ELF/bin/../lib/gcc/sh-none-elf/8.2.0/../../../../sh-none-elf/lib/libc.a(lib_a-memmove.o)
                0x00000000060140f0                memmove
 .text          0x000000000601412c        0x8 /home/sansigolo/Documents/joengine/Compiler/SH_NONE_ELF/bin/../lib/gcc/sh-none-elf/8.2.0/../../../../sh-none-elf/lib/libc.a(lib_a-mlock.o)
                0x000000000601412c                __malloc_lock
                0x0000000006014130                __malloc_unlock
 .text          0x0000000006014134       0xc8 /home/sansigolo/Documents/joengine/Compiler/SH_NONE_ELF/bin/../lib/gcc/sh-none-elf/8.2.0/../../../../sh-none-elf/lib/libc.a(lib_a-nano-freer.o)
                0x0000000006014134                _free_r
 .text          0x00000000060141fc       0x7c /home/sansigolo/Documents/joengine/Compiler/SH_NONE_ELF/bin/../lib/gcc/sh-none-elf/8.2.0/../../../../sh-none-elf/lib/libc.a(lib_a-nano-reallocr.o)
                0x00000000060141fc                _realloc_r
 .text          0x0000000006014278      0x1b0 /home/sansigolo/Documents/joengine/Compiler/SH_NONE_ELF/bin/../lib/gcc/sh-none-elf/8.2.0/../../../../sh-none-elf/lib/libc.a(lib_a-signal.o)
                0x0000000006014278                _init_signal_r
                0x00000000060142b4                _signal_r
                0x0000000006014300                _raise_r
                0x0000000006014378                __sigtramp_r
                0x00000000060143dc                raise
                0x00000000060143f0                signal
                0x0000000006014404                _init_signal
                0x0000000006014414                __sigtramp
 .text          0x0000000006014428       0x40 /home/sansigolo/Documents/joengine/Compiler/SH_NONE_ELF/bin/../lib/gcc/sh-none-elf/8.2.0/../../../../sh-none-elf/lib/libc.a(lib_a-signalr.o)
                0x0000000006014428                _kill_r
                0x000000000601445c                _getpid_r
 .text          0x0000000006014468       0x16 /home/sansigolo/Documents/joengine/Compiler/SH_NONE_ELF/bin/../lib/gcc/sh-none-elf/8.2.0/../../../../sh-none-elf/lib/libc.a(lib_a-nano-msizer.o)
                0x0000000006014468                _malloc_usable_size_r
 *fill*         0x000000000601447e        0x2 
 .text          0x0000000006014480       0x80 /home/sansigolo/Documents/joengine/Compiler/SH_NONE_ELF/bin/../lib/gcc/sh-none-elf/8.2.0/libgcc.a(_ashiftrt_n.o)
                0x0000000006014480                __ashrsi3
 .text          0x0000000006014500       0xbc /home/sansigolo/Documents/joengine/Compiler/SH_NONE_ELF/bin/../lib/gcc/sh-none-elf/8.2.0/libgcc.a(_ashiftlt.o)
                0x0000000006014500                __ashlsi3
                0x0000000006014504                __ashlsi3_r0
 .text          0x00000000060145bc       0xbc /home/sansigolo/Documents/joengine/Compiler/SH_NONE_ELF/bin/../lib/gcc/sh-none-elf/8.2.0/libgcc.a(_lshiftrt.o)
                0x00000000060145bc                __lshrsi3
                0x00000000060145c0                __lshrsi3_r0
 .text          0x0000000006014678      0x258 /home/sansigolo/Documents/joengine/Compiler/SH_NONE_ELF/bin/../lib/gcc/sh-none-elf/8.2.0/libgcc.a(_udivdi3.o)
                0x0000000006014678                __udivdi3
 .text          0x00000000060148d0      0x2bc /home/sansigolo/Documents/joengine/Compiler/SH_NONE_ELF/bin/../lib/gcc/sh-none-elf/8.2.0/libgcc.a(_umoddi3.o)
                0x00000000060148d0                __umoddi3
 .text          0x0000000006014b8c      0x3b4 /home/sansigolo/Documents/joengine/Compiler/SH_NONE_ELF/bin/../lib/gcc/sh-none-elf/8.2.0/libgcc.a(_addsub_df.o)
                0x0000000006014e9c                __adddf3
                0x0000000006014eec                __subdf3
 .text          0x0000000006014f40      0x208 /home/sansigolo/Documents/joengine/Compiler/SH_NONE_ELF/bin/../lib/gcc/sh-none-elf/8.2.0/libgcc.a(_mul_df.o)
                0x0000000006014f40                __muldf3
 .text          0x0000000006015148      0x130 /home/sansigolo/Documents/joengine/Compiler/SH_NONE_ELF/bin/../lib/gcc/sh-none-elf/8.2.0/libgcc.a(_div_df.o)
                0x0000000006015148                __divdf3
 .text          0x0000000006015278       0x58 /home/sansigolo/Documents/joengine/Compiler/SH_NONE_ELF/bin/../lib/gcc/sh-none-elf/8.2.0/libgcc.a(_eq_df.o)
                0x0000000006015278                __eqdf2
 .text          0x00000000060152d0       0x58 /home/sansigolo/Documents/joengine/Compiler/SH_NONE_ELF/bin/../lib/gcc/sh-none-elf/8.2.0/libgcc.a(_ne_df.o)
                0x00000000060152d0                __nedf2
 .text          0x0000000006015328       0x50 /home/sansigolo/Documents/joengine/Compiler/SH_NONE_ELF/bin/../lib/gcc/sh-none-elf/8.2.0/libgcc.a(_gt_df.o)
                0x0000000006015328                __gtdf2
 .text          0x0000000006015378       0x50 /home/sansigolo/Documents/joengine/Compiler/SH_NONE_ELF/bin/../lib/gcc/sh-none-elf/8.2.0/libgcc.a(_ge_df.o)
                0x0000000006015378                __gedf2
 .text          0x00000000060153c8       0x58 /home/sansigolo/Documents/joengine/Compiler/SH_NONE_ELF/bin/../lib/gcc/sh-none-elf/8.2.0/libgcc.a(_lt_df.o)
                0x00000000060153c8                __ltdf2
 .text          0x0000000006015420       0x58 /home/sansigolo/Documents/joengine/Compiler/SH_NONE_ELF/bin/../lib/gcc/sh-none-elf/8.2.0/libgcc.a(_le_df.o)
                0x0000000006015420                __ledf2
 .text          0x0000000006015478       0x40 /home/sansigolo/Documents/joengine/Compiler/SH_NONE_ELF/bin/../lib/gcc/sh-none-elf/8.2.0/libgcc.a(_unord_df.o)
                0x0000000006015478                __unorddf2
 .text          0x00000000060154b8       0xa8 /home/sansigolo/Documents/joengine/Compiler/SH_NONE_ELF/bin/../lib/gcc/sh-none-elf/8.2.0/libgcc.a(_si_to_df.o)
                0x00000000060154b8                __floatsidf
 .text          0x0000000006015560       0xa4 /home/sansigolo/Documents/joengine/Compiler/SH_NONE_ELF/bin/../lib/gcc/sh-none-elf/8.2.0/libgcc.a(_df_to_si.o)
                0x0000000006015560                __fixdfsi
 .text          0x0000000006015604        0x0 /home/sansigolo/Documents/joengine/Compiler/SH_NONE_ELF/bin/../lib/gcc/sh-none-elf/8.2.0/libgcc.a(_thenan_df.o)
 .text          0x0000000006015604       0x88 /home/sansigolo/Documents/joengine/Compiler/SH_NONE_ELF/bin/../lib/gcc/sh-none-elf/8.2.0/libgcc.a(_usi_to_df.o)
                0x0000000006015604                __floatunsidf
 *fill*         0x000000000601568c        0x4 
 .text          0x0000000006015690       0x60 /home/sansigolo/Documents/joengine/Compiler/SH_NONE_ELF/bin/../lib/gcc/sh-none-elf/8.2.0/libgcc.a(_udiv_qrnnd_16.o)
                0x0000000006015690                __udiv_qrnnd_16
 .text          0x00000000060156f0        0x0 /home/sansigolo/Documents/joengine/Compiler/SH_NONE_ELF/bin/../lib/gcc/sh-none-elf/8.2.0/libgcc.a(_clz.o)
 .text          0x00000000060156f0       0x58 /home/sansigolo/Documents/joengine/Compiler/SH_NONE_ELF/bin/../lib/gcc/sh-none-elf/8.2.0/libgcc.a(_clzsi2.o)
                0x00000000060156f0                __clzsi2
 .text          0x0000000006015748      0x25c /home/sansigolo/Documents/joengine/Compiler/SH_NONE_ELF/bin/../lib/gcc/sh-none-elf/8.2.0/libgcc.a(_pack_df.o)
                0x0000000006015748                __pack_d
 .text          0x00000000060159a4       0xcc /home/sansigolo/Documents/joengine/Compiler/SH_NONE_ELF/bin/../lib/gcc/sh-none-elf/8.2.0/libgcc.a(_unpack_df.o)
                0x00000000060159a4                __unpack_d
 .text          0x0000000006015a70       0xc8 /home/sansigolo/Documents/joengine/Compiler/SH_NONE_ELF/bin/../lib/gcc/sh-none-elf/8.2.0/libgcc.a(_fpcmp_parts_df.o)
                0x0000000006015a70                __fpcmp_parts_d
 *(.strings)
                0x0000000006015b38                __etext = .

.text.startup   0x0000000006015b38      0x484
 .text.startup  0x0000000006015b38      0x484 /tmp/ccdRmD7Y.ltrans0.ltrans.o
                0x0000000006015b38                main

.rodata         0x0000000006015fc0      0x63c
 *(.rodata)
 .rodata        0x0000000006015fc0      0x12c /tmp/ccdRmD7Y.ltrans0.ltrans.o
 .rodata        0x00000000060160ec       0x10 /home/sansigolo/Documents/joengine/Compiler/SH_NONE_ELF/bin/../lib/gcc/sh-none-elf/8.2.0/libgcc.a(_thenan_sf.o)
                0x00000000060160ec                __thenan_sf
 .rodata        0x00000000060160fc       0x20 /home/sansigolo/Documents/joengine/Compiler/SH_NONE_ELF/bin/../lib/gcc/sh-none-elf/8.2.0/../../../../sh-none-elf/lib/libc.a(lib_a-svfprintf.o)
 .rodata        0x000000000601611c        0x4 /home/sansigolo/Documents/joengine/Compiler/SH_NONE_ELF/bin/../lib/gcc/sh-none-elf/8.2.0/../../../../sh-none-elf/lib/libc.a(lib_a-impure.o)
                0x000000000601611c                _global_impure_ptr
 .rodata        0x0000000006016120      0x124 /home/sansigolo/Documents/joengine/Compiler/SH_NONE_ELF/bin/../lib/gcc/sh-none-elf/8.2.0/../../../../sh-none-elf/lib/libc.a(lib_a-mprec.o)
                0x000000000601612c                __mprec_tinytens
                0x0000000006016154                __mprec_bigtens
                0x000000000601617c                __mprec_tens
 .rodata        0x0000000006016244       0x20 /home/sansigolo/Documents/joengine/Compiler/SH_NONE_ELF/bin/../lib/gcc/sh-none-elf/8.2.0/../../../../sh-none-elf/lib/libc.a(lib_a-svfiprintf.o)
 .rodata        0x0000000006016264      0x284 /home/sansigolo/Documents/joengine/Compiler/SH_NONE_ELF/bin/../lib/gcc/sh-none-elf/8.2.0/../../../../sh-none-elf/lib/libc.a(lib_a-ctype_.o)
                0x0000000006016264                _ctype_
                0x0000000006016368                _ctype_b
 .rodata        0x00000000060164e8       0x14 /home/sansigolo/Documents/joengine/Compiler/SH_NONE_ELF/bin/../lib/gcc/sh-none-elf/8.2.0/libgcc.a(_thenan_df.o)
                0x00000000060164e8                __thenan_df
 .rodata        0x00000000060164fc      0x100 /home/sansigolo/Documents/joengine/Compiler/SH_NONE_ELF/bin/../lib/gcc/sh-none-elf/8.2.0/libgcc.a(_clz.o)
                0x00000000060164fc                __clz_tab

.rodata.str1.4  0x00000000060165fc     0x311a
 .rodata.str1.4
                0x00000000060165fc     0x30a8 /tmp/ccdRmD7Y.ltrans0.ltrans.o
                                       0x3119 (size before relaxing)
 .rodata.str1.4
                0x00000000060196a4       0x3a /home/sansigolo/Documents/joengine/Compiler/SH_NONE_ELF/bin/../lib/gcc/sh-none-elf/8.2.0/../../../../sh-none-elf/lib/libc.a(lib_a-svfprintf.o)
 *fill*         0x00000000060196de        0x2 
 .rodata.str1.4
                0x00000000060196e0        0xd /home/sansigolo/Documents/joengine/Compiler/SH_NONE_ELF/bin/../lib/gcc/sh-none-elf/8.2.0/../../../../sh-none-elf/lib/libc.a(lib_a-dtoa.o)
                                         0x12 (size before relaxing)
 *fill*         0x00000000060196ed        0x3 
 .rodata.str1.4
                0x00000000060196f0        0xa /home/sansigolo/Documents/joengine/Compiler/SH_NONE_ELF/bin/../lib/gcc/sh-none-elf/8.2.0/../../../../sh-none-elf/lib/libc.a(lib_a-locale.o)
                                         0x12 (size before relaxing)
 .rodata.str1.4
                0x00000000060196fa       0x25 /home/sansigolo/Documents/joengine/Compiler/SH_NONE_ELF/bin/../lib/gcc/sh-none-elf/8.2.0/../../../../sh-none-elf/lib/libc.a(lib_a-svfiprintf.o)
 *fill*         0x00000000060196fa        0x2 
 .rodata.str1.4
                0x00000000060196fc       0x1a /home/sansigolo/Documents/joengine/Compiler/SH_NONE_ELF/bin/../lib/gcc/sh-none-elf/8.2.0/../../../../sh-none-elf/lib/libc.a(lib_a-syscalls.o)

.eh_frame       0x0000000006019718      0x170
 .eh_frame      0x0000000006019718       0xa8 /home/sansigolo/Documents/joengine/Compiler/SH_NONE_ELF/bin/../lib/gcc/sh-none-elf/8.2.0/libgcc.a(_udivdi3.o)
 .eh_frame      0x00000000060197c0       0xc8 /home/sansigolo/Documents/joengine/Compiler/SH_NONE_ELF/bin/../lib/gcc/sh-none-elf/8.2.0/libgcc.a(_umoddi3.o)
                                         0xdc (size before relaxing)

.rela.dyn       0x0000000006019888        0x0
 .rela.text     0x0000000006019888        0x0 /home/sansigolo/Documents/joengine/Compiler/SH_NONE_ELF/bin/../lib/gcc/sh-none-elf/8.2.0/../../../../sh-none-elf/lib/libc.a(lib_a-sbrkr.o)
 .rela.text.startup
                0x0000000006019888        0x0 /home/sansigolo/Documents/joengine/Compiler/SH_NONE_ELF/bin/../lib/gcc/sh-none-elf/8.2.0/../../../../sh-none-elf/lib/libc.a(lib_a-sbrkr.o)

SLPROG          0x00000000060198a0    0x11720
                0x00000000060198a0                __slprog_start = .
 *(SLPROG)
 SLPROG         0x00000000060198a0     0x6540 ../../Compiler/SGL_302j/LIB_COFF/SGLAREA.O
                0x00000000060198a0                MasterStack
                0x00000000060198a4                SlaveStack
                0x00000000060198a8                MaxVertices
                0x00000000060198aa                MaxPolygons
                0x00000000060198ac                SortList
                0x00000000060198b0                SortListSize
                0x00000000060198b4                TransList
                0x00000000060198b8                Zbuffer
                0x00000000060198bc                SpriteBuf
                0x00000000060198c0                SpriteBufSize
                0x00000000060198c4                Pbuffer
                0x00000000060198c8                CommandBuf
                0x00000000060198cc                CLOfstBuf
                0x00000000060198d0                PCM_Work
                0x00000000060198d4                PCM_WkSize
                0x00000000060198d8                MaxEvents
                0x00000000060198da                EventSize
                0x00000000060198dc                MaxWorks
                0x00000000060198de                WorkSize
                0x00000000060198e0                RemainEvent
                0x00000000060199e0                RemainWork
                0x0000000006019de0                EventBuf
                0x000000000601bde0                WorkBuf
 SLPROG         0x000000000601fde0       0x18 ../../Compiler/SGL_302j/LIB_COFF/LIBSGL.A(sglA15.o)
                0x000000000601fde0                slSlaveFunc
 *fill*         0x000000000601fdf8        0x8 
 SLPROG         0x000000000601fe00      0x42c ../../Compiler/SGL_302j/LIB_COFF/LIBSGL.A(sglA20.o)
                0x000000000601fe00                slInitMatrix
                0x000000000601fe0a                slPushUnitMatrix
                0x000000000601fe1e                slUnitMatrix
 *fill*         0x000000000602022c        0x4 
 SLPROG         0x0000000006020230       0x48 ../../Compiler/SGL_302j/LIB_COFF/LIBSGL.A(sglA21.o)
                0x0000000006020230                slPushMatrix
                0x0000000006020264                slPopMatrix
                0x0000000006020264                slDecMatrixPtr
 *fill*         0x0000000006020278        0x8 
 SLPROG         0x0000000006020280       0x50 ../../Compiler/SGL_302j/LIB_COFF/LIBSGL.A(sglA27.o)
                0x0000000006020280                slTranslate
 SLPROG         0x00000000060202d0       0x20 ../../Compiler/SGL_302j/LIB_COFF/LIBSGL.A(sglB001.o)
                0x00000000060202d0                slTVOn
                0x00000000060202da                slTVOff
 SLPROG         0x00000000060202f0       0x24 ../../Compiler/SGL_302j/LIB_COFF/LIBSGL.A(sglB011.o)
                0x00000000060202f0                slBitMapNbg1
 *fill*         0x0000000006020314        0xc 
 SLPROG         0x0000000006020320      0x40c ../../Compiler/SGL_302j/LIB_COFF/LIBSGL.A(sglB015.o)
                0x0000000006020320                slScrAutoDisp
 *fill*         0x000000000602072c        0x4 
 SLPROG         0x0000000006020730        0xc ../../Compiler/SGL_302j/LIB_COFF/LIBSGL.A(sglB016.o)
                0x0000000006020730                slBack1ColSet
 *fill*         0x000000000602073c        0x4 
 SLPROG         0x0000000006020740       0xb4 ../../Compiler/SGL_302j/LIB_COFF/LIBSGL.A(sglB032.o)
                0x0000000006020740                slMapNbg1
 *fill*         0x00000000060207f4        0xc 
 SLPROG         0x0000000006020800        0xc ../../Compiler/SGL_302j/LIB_COFF/LIBSGL.A(sglB053.o)
                0x0000000006020800                slZoomNbg1
 *fill*         0x000000000602080c        0x4 
 SLPROG         0x0000000006020810        0xc ../../Compiler/SGL_302j/LIB_COFF/LIBSGL.A(sglB056.o)
                0x0000000006020810                slPlaneNbg1
 *fill*         0x000000000602081c        0x4 
 SLPROG         0x0000000006020820        0xc ../../Compiler/SGL_302j/LIB_COFF/LIBSGL.A(sglB063.o)
                0x0000000006020820                slPriority
 *fill*         0x000000000602082c        0x4 
 SLPROG         0x0000000006020830      0x114 ../../Compiler/SGL_302j/LIB_COFF/LIBSGL.A(sglB200.o)
                0x0000000006020830                slCharRbg0
                0x000000000602083c                slCharNbg0
                0x0000000006020848                slCharNbg1
                0x0000000006020854                slCharNbg2
                0x000000000602086a                slCharNbg3
                0x0000000006020882                slPageRbg0
                0x0000000006020898                slPageNbg1
                0x00000000060208a0                slPageNbg2
                0x00000000060208a8                slPageNbg3
                0x00000000060208b4                slPageNbg0
 *fill*         0x0000000006020944        0xc 
 SLPROG         0x0000000006020950       0x78 ../../Compiler/SGL_302j/LIB_COFF/LIBSGL.A(sglC05.o)
                0x0000000006020950                slSetSprite
 *fill*         0x00000000060209c8        0x8 
 SLPROG         0x00000000060209d0       0xfa ../../Compiler/SGL_302j/LIB_COFF/LIBSGL.A(sglC06.o)
                0x00000000060209d0                slDispSprite
 *fill*         0x0000000006020aca        0x6 
 SLPROG         0x0000000006020ad0      0x162 ../../Compiler/SGL_302j/LIB_COFF/LIBSGL.A(sglC07.o)
                0x0000000006020ad6                slPutSprite
 *fill*         0x0000000006020c32        0xe 
 SLPROG         0x0000000006020c40     0x1218 ../../Compiler/SGL_302j/LIB_COFF/LIBSGL.A(sglC08.o)
                0x0000000006020c40                slPutPolygon
                0x00000000060218bc                MsCalcDepthFlat
 *fill*         0x0000000006021e58        0x8 
 SLPROG         0x0000000006021e60       0x40 ../../Compiler/SGL_302j/LIB_COFF/LIBSGL.A(sglC20.o)
                0x0000000006021e60                SpriteEntry
 SLPROG         0x0000000006021ea0       0x84 ../../Compiler/SGL_302j/LIB_COFF/LIBSGL.A(sglD00.o)
                0x0000000006021ea0                slDMACopy
                0x0000000006021ea0                slCpuDMACopy
                0x0000000006021efa                slCashPurge
                0x0000000006021efa                CSH_AllClr
 *fill*         0x0000000006021f24        0xc 
 SLPROG         0x0000000006021f30       0xa0 ../../Compiler/SGL_302j/LIB_COFF/LIBSGL.A(sglD01.o)
                0x0000000006021f30                slDMAXCopy
 SLPROG         0x0000000006021fd0        0xc ../../Compiler/SGL_302j/LIB_COFF/LIBSGL.A(sglD03.o)
                0x0000000006021fd0                slDMAStatus
 *fill*         0x0000000006021fdc        0x4 
 SLPROG         0x0000000006021fe0       0x20 ../../Compiler/SGL_302j/LIB_COFF/LIBSGL.A(sglD15.o)
                0x0000000006021fe0                CSH_Purge
 SLPROG         0x0000000006022000       0x84 ../../Compiler/SGL_302j/LIB_COFF/LIBSGL.A(sglD16.o)
                0x0000000006022000                DMA_ScuSetPrm
                0x0000000006022048                DMA_SCU_PRM0
 *fill*         0x0000000006022084        0xc 
 SLPROG         0x0000000006022090       0x88 ../../Compiler/SGL_302j/LIB_COFF/LIBSGL.A(sglD17.o)
                0x0000000006022090                DMA_ScuStart
 *fill*         0x0000000006022118        0x8 
 SLPROG         0x0000000006022120       0x34 ../../Compiler/SGL_302j/LIB_COFF/LIBSGL.A(sglD18.o)
                0x0000000006022120                DMA_ScuGetStatus
 *fill*         0x0000000006022154        0xc 
 SLPROG         0x0000000006022160       0x4e ../../Compiler/SGL_302j/LIB_COFF/LIBSGL.A(sglF00.o)
                0x0000000006022160                slCurScrn
                0x0000000006022170                slCurColor
                0x000000000602217a                slLocate
                0x00000000060221ac                CurrentScreen
 *fill*         0x00000000060221ae        0x2 
 SLPROG         0x00000000060221b0       0x1c ../../Compiler/SGL_302j/LIB_COFF/LIBSGL.A(sglF05.o)
                0x00000000060221b0                slPrint
 *fill*         0x00000000060221cc        0x4 
 SLPROG         0x00000000060221d0      0xfc8 ../../Compiler/SGL_302j/LIB_COFF/LIBSGL.A(sglH00.o)
                0x00000000060221e8                slGetPortDir1
                0x00000000060221f0                slGetPortDir2
                0x00000000060221f8                slSetPortDir1
                0x0000000006022222                slSetPortDir2
                0x000000000602225c                slGetPortData1
                0x0000000006022264                slGetPortData2
                0x000000000602226c                slSetPortData1
                0x0000000006022276                slSetPortData2
                0x0000000006022288                slGetPortSelect1
                0x0000000006022292                slGetPortSelect2
                0x000000000602229c                slSetPortSelect1
                0x00000000060222d0                slSetPortSelect2
                0x000000000602230c                slGetPortExt1
                0x0000000006022316                slGetPortExt2
                0x0000000006022320                slSetPortExt1
                0x0000000006022350                slSetPortExt2
                0x00000000060224c4                slSmpcDirectAccess
                0x0000000006022544                slInitPeripheral
                0x00000000060225d6                slSetResultBuffer
                0x0000000006022662                slCheckIntBackSet
                0x000000000602266e                slIntBackCancel
                0x0000000006022698                slCheckReset
                0x00000000060226a2                slClearReset
                0x0000000006022868                slSmpcCashSend
                0x0000000006022924                slSmpcCashBlow
                0x0000000006022a00                slGetOptimize
                0x0000000006022a0a                slSetOptimize
                0x0000000006022a30                slGetPortMode1
                0x0000000006022a3c                slGetPortMode2
                0x0000000006022a4a                slSetPortMode1
                0x0000000006022a88                slSetPortMode2
                0x0000000006022c14                slRequestCommand
                0x0000000006022c84                Smpc_Status
                0x0000000006022c88                Smpc_Result
                0x0000000006022c8c                Smpc_Peripheral
                0x0000000006022c92                Per_Connect1
                0x0000000006022c93                Per_Connect2
                0x0000000006022cb4                SmpcStatusBuf
 *fill*         0x0000000006023198        0x8 
 SLPROG         0x00000000060231a0       0xa8 ../../Compiler/SGL_302j/LIB_COFF/LIBSGL.A(sglH01.o)
                0x00000000060231a0                slGetLanguage
                0x00000000060231aa                slSetLanguage
                0x00000000060231cc                slGetSoundEffect
                0x00000000060231d8                slSetSoundEffect
                0x00000000060231f4                slGetSoundOutput
                0x0000000006023200                slSetSoundOutput
                0x000000000602321c                slGetHelpWindow
                0x0000000006023228                slSetHelpWindow
 *fill*         0x0000000006023248        0x8 
 SLPROG         0x0000000006023250      0x470 ../../Compiler/SGL_302j/LIB_COFF/LIBSGL.A(sglH02.o)
                0x0000000006023640                smpc_pfr_tbl
                0x0000000006023680                smpc_ptf_tbl
 SLPROG         0x00000000060236c0       0x60 ../../Compiler/SGL_302j/LIB_COFF/LIBSGL.A(sglH04.o)
                0x00000000060236c0                slComPrmIntBack
                0x00000000060236d4                slComPrmSetMemory
                0x00000000060236ea                slComPrmSetTime
 SLPROG         0x0000000006023720      0x3a4 ../../Compiler/SGL_302j/LIB_COFF/LIBSGL.A(sglI01.o)
                0x0000000006023720                slInitSynch
                0x000000000602373a                slSynch
                0x0000000006023830                slRandom
                0x000000000602384e                PCM_EndCheck
                0x000000000602390a                RetPCMBuf
                0x00000000060239a4                PCM_Buf
                0x0000000006023a44                Sound_Buf
 *fill*         0x0000000006023ac4        0xc 
 SLPROG         0x0000000006023ad0       0x74 ../../Compiler/SGL_302j/LIB_COFF/LIBSGL.A(sglJ00.o)
                0x0000000006023ad0                InitSlaveSH
                0x0000000006023b38                SlaveCommand
 *fill*         0x0000000006023b44        0xc 
 SLPROG         0x0000000006023b50      0x3d0 ../../Compiler/SGL_302j/LIB_COFF/LIBSGL.A(sglJ01.o)
                0x0000000006023b50                SlaveControl
                0x0000000006023f0c                ErasePolygonData
 SLPROG         0x0000000006023f20     0x12b8 ../../Compiler/SGL_302j/LIB_COFF/LIBSGL.A(sglJ02.o)
                0x0000000006023f20                sbMakePolygon
                0x0000000006024108                sbCalcPolygon
                0x0000000006024e40                SetTexture
                0x0000000006024e4c                SetPolygon
                0x0000000006024e54                SetPosition
                0x0000000006024e8c                stvtc_4
                0x0000000006024f44                stvtc_3
                0x0000000006025154                stvtc_1
                0x0000000006025168                stvtc_2
                0x000000000602517c                stvtc_0
 *fill*         0x00000000060251d8        0x8 
 SLPROG         0x00000000060251e0      0x140 ../../Compiler/SGL_302j/LIB_COFF/LIBSGL.A(sglJ03.o)
                0x00000000060251e0                sbMakeDMATable
 SLPROG         0x0000000006025320      0x470 ../../Compiler/SGL_302j/LIB_COFF/LIBSGL.A(sglJ04.o)
                0x000000000602537e                sbMakeSprite
                0x00000000060253e4                sbMakeRotSprite
 SLPROG         0x0000000006025790       0x3c ../../Compiler/SGL_302j/LIB_COFF/LIBSGL.A(sglJ05.o)
                0x0000000006025790                sbSortEntry
 *fill*         0x00000000060257cc        0x4 
 SLPROG         0x00000000060257d0       0x6a ../../Compiler/SGL_302j/LIB_COFF/LIBSGL.A(sglM01.o)
                0x00000000060257d0                slSetDepthLimit
                0x00000000060257fc                slSetDepthTbl
                0x000000000602582c                DepthWorkArea
 *fill*         0x000000000602583a        0x6 
 SLPROG         0x0000000006025840       0x20 ../../Compiler/SGL_302j/LIB_COFF/LIBSGL.A(sglA00.o)
                0x0000000006025840                set_imask
                0x0000000006025840                _builtin_set_imask
                0x0000000006025854                get_imask
                0x0000000006025854                _builtin_get_imask
 SLPROG         0x0000000006025860     0x411e ../../Compiler/SGL_302j/LIB_COFF/LIBSGL.A(sglA01.o)
                0x0000000006025860                slSin
                0x0000000006025884                slCos
                0x00000000060258a8                GetSinCos
                0x000000000602593c                sin_cos_index_tbl
                0x000000000602597c                sin_tbl
 *fill*         0x000000000602997e        0x2 
 SLPROG         0x0000000006029980      0xbd0 ../../Compiler/SGL_302j/LIB_COFF/LIBSGL.A(sglB000.o)
                0x0000000006029980                slInitScroll
                0x0000000006029aa0                setASC_1to8
                0x0000000006029ad0                setASC_4to8
                0x0000000006029be0                TVSizeTbl
                0x0000000006029c60                TVModeTbl
                0x0000000006029e38                SGL_ASCII_CG
 SLPROG         0x000000000602a550       0xd4 ../../Compiler/SGL_302j/LIB_COFF/LIBSGL.A(sglB035.o)
                0x000000000602a550                sl1MapRA
                0x000000000602a5e2                rbank_set
 *fill*         0x000000000602a624        0xc 
 SLPROG         0x000000000602a630      0x134 ../../Compiler/SGL_302j/LIB_COFF/LIBSGL.A(sglC00.o)
                0x000000000602a630                slInitSprite
 *fill*         0x000000000602a764        0xc 
 SLPROG         0x000000000602a770      0x75c ../../Compiler/SGL_302j/LIB_COFF/LIBSGL.A(sglI00.o)
                0x000000000602aa60                slInitInterrupt
 *fill*         0x000000000602aecc        0x4 
 SLPROG         0x000000000602aed0       0xf0 ../../Compiler/SGL_302j/LIB_COFF/LIBSGL.A(sglH03.o)
                0x000000000602af34                slSmpcIntBack
                0x000000000602afc0                __slprog_end = .

.tors           0x000000000602afc0        0x0
                0x000000000602afc0                ___ctors = .
 *(.ctors)
                0x000000000602afc0                ___ctors_end = .
                0x000000000602afc0                ___dtors = .
 *(.dtors)
                0x000000000602afc0                ___dtors_end = .

.data           0x000000000602afc0      0x624
 *(.data)
 .data          0x000000000602afc0        0x0 ../../Compiler/SGL_302j/LIB_COFF/SGLAREA.O
 .data          0x000000000602afc0        0xc /tmp/ccdRmD7Y.ltrans0.ltrans.o
 *fill*         0x000000000602afcc        0x4 
 .data          0x000000000602afd0        0x0 ../../Compiler/SGL_302j/LIB_COFF/SEGA_SYS.A(sys_exit.o)
 .data          0x000000000602afd0        0x0 ../../Compiler/SGL_302j/LIB_COFF/SEGA_SYS.A(sys_sub.o)
 .data          0x000000000602afd0        0x0 ../../Compiler/SGL_302j/LIB_COFF/LIBCD.A(CDC_CMN.O)
 .data          0x000000000602afd0        0x0 ../../Compiler/SGL_302j/LIB_COFF/LIBCD.A(CDC_CFS.O)
 .data          0x000000000602afd0        0x0 ../../Compiler/SGL_302j/LIB_COFF/LIBCD.A(CDC_REG.O)
 .data          0x000000000602afd0        0x0 ../../Compiler/SGL_302j/LIB_COFF/LIBCD.A(CDC_SUB.O)
 .data          0x000000000602afd0        0x0 ../../Compiler/SGL_302j/LIB_COFF/LIBCD.A(GFS.O)
 .data          0x000000000602afd0        0x0 ../../Compiler/SGL_302j/LIB_COFF/LIBCD.A(GFS_BUF.O)
 .data          0x000000000602afd0        0x0 ../../Compiler/SGL_302j/LIB_COFF/LIBCD.A(GFS_CDB.O)
 .data          0x000000000602afd0        0x0 ../../Compiler/SGL_302j/LIB_COFF/LIBCD.A(GFS_CDC.O)
 .data          0x000000000602afd0        0x0 ../../Compiler/SGL_302j/LIB_COFF/LIBCD.A(GFS_CDF.O)
 .data          0x000000000602afd0        0x0 ../../Compiler/SGL_302j/LIB_COFF/LIBCD.A(GFS_DIR.O)
 .data          0x000000000602afd0        0x0 ../../Compiler/SGL_302j/LIB_COFF/LIBCD.A(GFS_TRN.O)
 .data          0x000000000602afd0        0x0 ../../Compiler/SGL_302j/LIB_COFF/LIBCD.A(CDC_DRV.O)
 .data          0x000000000602afd0        0x0 ../../Compiler/SGL_302j/LIB_COFF/LIBCD.A(CDC_DEV.O)
 .data          0x000000000602afd0        0x0 ../../Compiler/SGL_302j/LIB_COFF/LIBCD.A(CDC_SEL.O)
 .data          0x000000000602afd0        0x0 ../../Compiler/SGL_302j/LIB_COFF/LIBCD.A(CDC_BIF.O)
 .data          0x000000000602afd0        0x0 ../../Compiler/SGL_302j/LIB_COFF/LIBCD.A(CDC_BIO.O)
 .data          0x000000000602afd0        0x0 ../../Compiler/SGL_302j/LIB_COFF/LIBSGL.A(sglA15.o)
 .data          0x000000000602afd0        0x0 ../../Compiler/SGL_302j/LIB_COFF/LIBSGL.A(sglA20.o)
 .data          0x000000000602afd0        0x0 ../../Compiler/SGL_302j/LIB_COFF/LIBSGL.A(sglA21.o)
 .data          0x000000000602afd0        0x0 ../../Compiler/SGL_302j/LIB_COFF/LIBSGL.A(sglA27.o)
 .data          0x000000000602afd0        0x0 ../../Compiler/SGL_302j/LIB_COFF/LIBSGL.A(sglB001.o)
 .data          0x000000000602afd0        0x0 ../../Compiler/SGL_302j/LIB_COFF/LIBSGL.A(sglB011.o)
 .data          0x000000000602afd0        0x0 ../../Compiler/SGL_302j/LIB_COFF/LIBSGL.A(sglB015.o)
 .data          0x000000000602afd0        0x0 ../../Compiler/SGL_302j/LIB_COFF/LIBSGL.A(sglB016.o)
 .data          0x000000000602afd0        0x0 ../../Compiler/SGL_302j/LIB_COFF/LIBSGL.A(sglB032.o)
 .data          0x000000000602afd0        0x0 ../../Compiler/SGL_302j/LIB_COFF/LIBSGL.A(sglB053.o)
 .data          0x000000000602afd0        0x0 ../../Compiler/SGL_302j/LIB_COFF/LIBSGL.A(sglB056.o)
 .data          0x000000000602afd0        0x0 ../../Compiler/SGL_302j/LIB_COFF/LIBSGL.A(sglB063.o)
 .data          0x000000000602afd0        0x0 ../../Compiler/SGL_302j/LIB_COFF/LIBSGL.A(sglB200.o)
 .data          0x000000000602afd0        0x0 ../../Compiler/SGL_302j/LIB_COFF/LIBSGL.A(sglC05.o)
 .data          0x000000000602afd0        0x0 ../../Compiler/SGL_302j/LIB_COFF/LIBSGL.A(sglC06.o)
 .data          0x000000000602afd0        0x0 ../../Compiler/SGL_302j/LIB_COFF/LIBSGL.A(sglC07.o)
 .data          0x000000000602afd0        0x0 ../../Compiler/SGL_302j/LIB_COFF/LIBSGL.A(sglC08.o)
 .data          0x000000000602afd0        0x0 ../../Compiler/SGL_302j/LIB_COFF/LIBSGL.A(sglC20.o)
 .data          0x000000000602afd0        0x0 ../../Compiler/SGL_302j/LIB_COFF/LIBSGL.A(sglD00.o)
 .data          0x000000000602afd0        0x0 ../../Compiler/SGL_302j/LIB_COFF/LIBSGL.A(sglD01.o)
 .data          0x000000000602afd0        0x0 ../../Compiler/SGL_302j/LIB_COFF/LIBSGL.A(sglD03.o)
 .data          0x000000000602afd0        0x0 ../../Compiler/SGL_302j/LIB_COFF/LIBSGL.A(sglD15.o)
 .data          0x000000000602afd0        0x0 ../../Compiler/SGL_302j/LIB_COFF/LIBSGL.A(sglD16.o)
 .data          0x000000000602afd0        0x0 ../../Compiler/SGL_302j/LIB_COFF/LIBSGL.A(sglD17.o)
 .data          0x000000000602afd0        0x0 ../../Compiler/SGL_302j/LIB_COFF/LIBSGL.A(sglD18.o)
 .data          0x000000000602afd0        0x0 ../../Compiler/SGL_302j/LIB_COFF/LIBSGL.A(sglF00.o)
 .data          0x000000000602afd0        0x0 ../../Compiler/SGL_302j/LIB_COFF/LIBSGL.A(sglF05.o)
 .data          0x000000000602afd0        0x0 ../../Compiler/SGL_302j/LIB_COFF/LIBSGL.A(sglH00.o)
 .data          0x000000000602afd0        0x0 ../../Compiler/SGL_302j/LIB_COFF/LIBSGL.A(sglH01.o)
 .data          0x000000000602afd0        0x0 ../../Compiler/SGL_302j/LIB_COFF/LIBSGL.A(sglH02.o)
 .data          0x000000000602afd0        0x0 ../../Compiler/SGL_302j/LIB_COFF/LIBSGL.A(sglH04.o)
 .data          0x000000000602afd0        0x0 ../../Compiler/SGL_302j/LIB_COFF/LIBSGL.A(sglI01.o)
 .data          0x000000000602afd0       0x80 ../../Compiler/SGL_302j/LIB_COFF/LIBSGL.A(sglIc0.o)
                0x000000000602afd0                IntPrioMask
 .data          0x000000000602b050        0x0 ../../Compiler/SGL_302j/LIB_COFF/LIBSGL.A(sglJ00.o)
 .data          0x000000000602b050        0x0 ../../Compiler/SGL_302j/LIB_COFF/LIBSGL.A(sglJ01.o)
 .data          0x000000000602b050        0x0 ../../Compiler/SGL_302j/LIB_COFF/LIBSGL.A(sglJ02.o)
 .data          0x000000000602b050        0x0 ../../Compiler/SGL_302j/LIB_COFF/LIBSGL.A(sglJ03.o)
 .data          0x000000000602b050        0x0 ../../Compiler/SGL_302j/LIB_COFF/LIBSGL.A(sglJ04.o)
 .data          0x000000000602b050        0x0 ../../Compiler/SGL_302j/LIB_COFF/LIBSGL.A(sglJ05.o)
 .data          0x000000000602b050        0x0 ../../Compiler/SGL_302j/LIB_COFF/LIBSGL.A(sglK01.o)
 .data          0x000000000602b050        0x0 ../../Compiler/SGL_302j/LIB_COFF/LIBSGL.A(sglM01.o)
 .data          0x000000000602b050        0x0 ../../Compiler/SGL_302j/LIB_COFF/LIBSGL.A(sglA00.o)
 .data          0x000000000602b050        0x0 ../../Compiler/SGL_302j/LIB_COFF/LIBSGL.A(sglA01.o)
 .data          0x000000000602b050        0x0 ../../Compiler/SGL_302j/LIB_COFF/LIBSGL.A(sglB000.o)
 .data          0x000000000602b050        0x0 ../../Compiler/SGL_302j/LIB_COFF/LIBSGL.A(sglB035.o)
 .data          0x000000000602b050        0x0 ../../Compiler/SGL_302j/LIB_COFF/LIBSGL.A(sglC00.o)
 .data          0x000000000602b050        0x0 ../../Compiler/SGL_302j/LIB_COFF/LIBSGL.A(sglI00.o)
 .data          0x000000000602b050        0x0 ../../Compiler/SGL_302j/LIB_COFF/LIBSGL.A(sglH03.o)
 .data          0x000000000602b050        0x0 /home/sansigolo/Documents/joengine/Compiler/SH_NONE_ELF/bin/../lib/gcc/sh-none-elf/8.2.0/libgcc.a(_ashiftrt.o)
 .data          0x000000000602b050        0x0 /home/sansigolo/Documents/joengine/Compiler/SH_NONE_ELF/bin/../lib/gcc/sh-none-elf/8.2.0/libgcc.a(_sdivsi3.o)
 .data          0x000000000602b050        0x0 /home/sansigolo/Documents/joengine/Compiler/SH_NONE_ELF/bin/../lib/gcc/sh-none-elf/8.2.0/libgcc.a(_udivsi3.o)
 .data          0x000000000602b050        0x0 /home/sansigolo/Documents/joengine/Compiler/SH_NONE_ELF/bin/../lib/gcc/sh-none-elf/8.2.0/libgcc.a(_mul_sf.o)
 .data          0x000000000602b050        0x0 /home/sansigolo/Documents/joengine/Compiler/SH_NONE_ELF/bin/../lib/gcc/sh-none-elf/8.2.0/libgcc.a(_div_sf.o)
 .data          0x000000000602b050        0x0 /home/sansigolo/Documents/joengine/Compiler/SH_NONE_ELF/bin/../lib/gcc/sh-none-elf/8.2.0/libgcc.a(_sf_to_si.o)
 .data          0x000000000602b050        0x0 /home/sansigolo/Documents/joengine/Compiler/SH_NONE_ELF/bin/../lib/gcc/sh-none-elf/8.2.0/libgcc.a(_thenan_sf.o)
 .data          0x000000000602b050        0x0 /home/sansigolo/Documents/joengine/Compiler/SH_NONE_ELF/bin/../lib/gcc/sh-none-elf/8.2.0/libgcc.a(_usi_to_sf.o)
 .data          0x000000000602b050        0x0 /home/sansigolo/Documents/joengine/Compiler/SH_NONE_ELF/bin/../lib/gcc/sh-none-elf/8.2.0/libgcc.a(_pack_sf.o)
 .data          0x000000000602b050        0x0 /home/sansigolo/Documents/joengine/Compiler/SH_NONE_ELF/bin/../lib/gcc/sh-none-elf/8.2.0/libgcc.a(_unpack_sf.o)
 .data          0x000000000602b050        0x0 /home/sansigolo/Documents/joengine/Compiler/SH_NONE_ELF/bin/../lib/gcc/sh-none-elf/8.2.0/../../../../sh-none-elf/lib/libc.a(lib_a-memcmp.o)
 .data          0x000000000602b050        0x0 /home/sansigolo/Documents/joengine/Compiler/SH_NONE_ELF/bin/../lib/gcc/sh-none-elf/8.2.0/../../../../sh-none-elf/lib/libc.a(lib_a-memcpy.o)
 .data          0x000000000602b050        0x0 /home/sansigolo/Documents/joengine/Compiler/SH_NONE_ELF/bin/../lib/gcc/sh-none-elf/8.2.0/../../../../sh-none-elf/lib/libc.a(lib_a-memset.o)
 .data          0x000000000602b050        0x0 /home/sansigolo/Documents/joengine/Compiler/SH_NONE_ELF/bin/../lib/gcc/sh-none-elf/8.2.0/../../../../sh-none-elf/lib/libc.a(lib_a-sprintf.o)
 .data          0x000000000602b050        0x0 /home/sansigolo/Documents/joengine/Compiler/SH_NONE_ELF/bin/../lib/gcc/sh-none-elf/8.2.0/../../../../sh-none-elf/lib/libc.a(lib_a-strncmp.o)
 .data          0x000000000602b050        0x0 /home/sansigolo/Documents/joengine/Compiler/SH_NONE_ELF/bin/../lib/gcc/sh-none-elf/8.2.0/../../../../sh-none-elf/lib/libc.a(lib_a-strncpy.o)
 .data          0x000000000602b050        0x0 /home/sansigolo/Documents/joengine/Compiler/SH_NONE_ELF/bin/../lib/gcc/sh-none-elf/8.2.0/../../../../sh-none-elf/lib/libc.a(lib_a-svfprintf.o)
 .data          0x000000000602b050        0x0 /home/sansigolo/Documents/joengine/Compiler/SH_NONE_ELF/bin/../lib/gcc/sh-none-elf/8.2.0/../../../../sh-none-elf/lib/libc.a(lib_a-dtoa.o)
 .data          0x000000000602b050      0x428 /home/sansigolo/Documents/joengine/Compiler/SH_NONE_ELF/bin/../lib/gcc/sh-none-elf/8.2.0/../../../../sh-none-elf/lib/libc.a(lib_a-impure.o)
                0x000000000602b050                _impure_ptr
 .data          0x000000000602b478        0x0 /home/sansigolo/Documents/joengine/Compiler/SH_NONE_ELF/bin/../lib/gcc/sh-none-elf/8.2.0/../../../../sh-none-elf/lib/libc.a(lib_a-localeconv.o)
 .data          0x000000000602b478      0x16c /home/sansigolo/Documents/joengine/Compiler/SH_NONE_ELF/bin/../lib/gcc/sh-none-elf/8.2.0/../../../../sh-none-elf/lib/libc.a(lib_a-locale.o)
                0x000000000602b478                __global_locale
 .data          0x000000000602b5e4        0x0 /home/sansigolo/Documents/joengine/Compiler/SH_NONE_ELF/bin/../lib/gcc/sh-none-elf/8.2.0/../../../../sh-none-elf/lib/libc.a(lib_a-mbtowc_r.o)
 .data          0x000000000602b5e4        0x0 /home/sansigolo/Documents/joengine/Compiler/SH_NONE_ELF/bin/../lib/gcc/sh-none-elf/8.2.0/../../../../sh-none-elf/lib/libc.a(lib_a-memchr.o)
 .data          0x000000000602b5e4        0x0 /home/sansigolo/Documents/joengine/Compiler/SH_NONE_ELF/bin/../lib/gcc/sh-none-elf/8.2.0/../../../../sh-none-elf/lib/libc.a(lib_a-mprec.o)
 .data          0x000000000602b5e4        0x0 /home/sansigolo/Documents/joengine/Compiler/SH_NONE_ELF/bin/../lib/gcc/sh-none-elf/8.2.0/../../../../sh-none-elf/lib/libc.a(lib_a-nano-callocr.o)
 .data          0x000000000602b5e4        0x0 /home/sansigolo/Documents/joengine/Compiler/SH_NONE_ELF/bin/../lib/gcc/sh-none-elf/8.2.0/../../../../sh-none-elf/lib/libc.a(lib_a-nano-mallocr.o)
 .data          0x000000000602b5e4        0x0 /home/sansigolo/Documents/joengine/Compiler/SH_NONE_ELF/bin/../lib/gcc/sh-none-elf/8.2.0/../../../../sh-none-elf/lib/libc.a(lib_a-sbrkr.o)
 .data          0x000000000602b5e4        0x0 /home/sansigolo/Documents/joengine/Compiler/SH_NONE_ELF/bin/../lib/gcc/sh-none-elf/8.2.0/../../../../sh-none-elf/lib/libc.a(lib_a-strcmp.o)
 .data          0x000000000602b5e4        0x0 /home/sansigolo/Documents/joengine/Compiler/SH_NONE_ELF/bin/../lib/gcc/sh-none-elf/8.2.0/../../../../sh-none-elf/lib/libc.a(lib_a-strlen.o)
 .data          0x000000000602b5e4        0x0 /home/sansigolo/Documents/joengine/Compiler/SH_NONE_ELF/bin/../lib/gcc/sh-none-elf/8.2.0/../../../../sh-none-elf/lib/libc.a(lib_a-svfiprintf.o)
 .data          0x000000000602b5e4        0x0 /home/sansigolo/Documents/joengine/Compiler/SH_NONE_ELF/bin/../lib/gcc/sh-none-elf/8.2.0/../../../../sh-none-elf/lib/libc.a(lib_a-syscalls.o)
 .data          0x000000000602b5e4        0x0 /home/sansigolo/Documents/joengine/Compiler/SH_NONE_ELF/bin/../lib/gcc/sh-none-elf/8.2.0/../../../../sh-none-elf/lib/libc.a(lib_a-trap.o)
 .data          0x000000000602b5e4        0x0 /home/sansigolo/Documents/joengine/Compiler/SH_NONE_ELF/bin/../lib/gcc/sh-none-elf/8.2.0/../../../../sh-none-elf/lib/libc.a(lib_a-wctomb_r.o)
 .data          0x000000000602b5e4        0x0 /home/sansigolo/Documents/joengine/Compiler/SH_NONE_ELF/bin/../lib/gcc/sh-none-elf/8.2.0/../../../../sh-none-elf/lib/libc.a(lib_a-abort.o)
 .data          0x000000000602b5e4        0x0 /home/sansigolo/Documents/joengine/Compiler/SH_NONE_ELF/bin/../lib/gcc/sh-none-elf/8.2.0/../../../../sh-none-elf/lib/libc.a(lib_a-ctype_.o)
 .data          0x000000000602b5e4        0x0 /home/sansigolo/Documents/joengine/Compiler/SH_NONE_ELF/bin/../lib/gcc/sh-none-elf/8.2.0/../../../../sh-none-elf/lib/libc.a(lib_a-memmove.o)
 .data          0x000000000602b5e4        0x0 /home/sansigolo/Documents/joengine/Compiler/SH_NONE_ELF/bin/../lib/gcc/sh-none-elf/8.2.0/../../../../sh-none-elf/lib/libc.a(lib_a-mlock.o)
 .data          0x000000000602b5e4        0x0 /home/sansigolo/Documents/joengine/Compiler/SH_NONE_ELF/bin/../lib/gcc/sh-none-elf/8.2.0/../../../../sh-none-elf/lib/libc.a(lib_a-nano-freer.o)
 .data          0x000000000602b5e4        0x0 /home/sansigolo/Documents/joengine/Compiler/SH_NONE_ELF/bin/../lib/gcc/sh-none-elf/8.2.0/../../../../sh-none-elf/lib/libc.a(lib_a-nano-reallocr.o)
 .data          0x000000000602b5e4        0x0 /home/sansigolo/Documents/joengine/Compiler/SH_NONE_ELF/bin/../lib/gcc/sh-none-elf/8.2.0/../../../../sh-none-elf/lib/libc.a(lib_a-signal.o)
 .data          0x000000000602b5e4        0x0 /home/sansigolo/Documents/joengine/Compiler/SH_NONE_ELF/bin/../lib/gcc/sh-none-elf/8.2.0/../../../../sh-none-elf/lib/libc.a(lib_a-signalr.o)
 .data          0x000000000602b5e4        0x0 /home/sansigolo/Documents/joengine/Compiler/SH_NONE_ELF/bin/../lib/gcc/sh-none-elf/8.2.0/../../../../sh-none-elf/lib/libc.a(lib_a-nano-msizer.o)
 .data          0x000000000602b5e4        0x0 /home/sansigolo/Documents/joengine/Compiler/SH_NONE_ELF/bin/../lib/gcc/sh-none-elf/8.2.0/libgcc.a(_ashiftrt_n.o)
 .data          0x000000000602b5e4        0x0 /home/sansigolo/Documents/joengine/Compiler/SH_NONE_ELF/bin/../lib/gcc/sh-none-elf/8.2.0/libgcc.a(_ashiftlt.o)
 .data          0x000000000602b5e4        0x0 /home/sansigolo/Documents/joengine/Compiler/SH_NONE_ELF/bin/../lib/gcc/sh-none-elf/8.2.0/libgcc.a(_lshiftrt.o)
 .data          0x000000000602b5e4        0x0 /home/sansigolo/Documents/joengine/Compiler/SH_NONE_ELF/bin/../lib/gcc/sh-none-elf/8.2.0/libgcc.a(_udivdi3.o)
 .data          0x000000000602b5e4        0x0 /home/sansigolo/Documents/joengine/Compiler/SH_NONE_ELF/bin/../lib/gcc/sh-none-elf/8.2.0/libgcc.a(_umoddi3.o)
 .data          0x000000000602b5e4        0x0 /home/sansigolo/Documents/joengine/Compiler/SH_NONE_ELF/bin/../lib/gcc/sh-none-elf/8.2.0/libgcc.a(_addsub_df.o)
 .data          0x000000000602b5e4        0x0 /home/sansigolo/Documents/joengine/Compiler/SH_NONE_ELF/bin/../lib/gcc/sh-none-elf/8.2.0/libgcc.a(_mul_df.o)
 .data          0x000000000602b5e4        0x0 /home/sansigolo/Documents/joengine/Compiler/SH_NONE_ELF/bin/../lib/gcc/sh-none-elf/8.2.0/libgcc.a(_div_df.o)
 .data          0x000000000602b5e4        0x0 /home/sansigolo/Documents/joengine/Compiler/SH_NONE_ELF/bin/../lib/gcc/sh-none-elf/8.2.0/libgcc.a(_eq_df.o)
 .data          0x000000000602b5e4        0x0 /home/sansigolo/Documents/joengine/Compiler/SH_NONE_ELF/bin/../lib/gcc/sh-none-elf/8.2.0/libgcc.a(_ne_df.o)
 .data          0x000000000602b5e4        0x0 /home/sansigolo/Documents/joengine/Compiler/SH_NONE_ELF/bin/../lib/gcc/sh-none-elf/8.2.0/libgcc.a(_gt_df.o)
 .data          0x000000000602b5e4        0x0 /home/sansigolo/Documents/joengine/Compiler/SH_NONE_ELF/bin/../lib/gcc/sh-none-elf/8.2.0/libgcc.a(_ge_df.o)
 .data          0x000000000602b5e4        0x0 /home/sansigolo/Documents/joengine/Compiler/SH_NONE_ELF/bin/../lib/gcc/sh-none-elf/8.2.0/libgcc.a(_lt_df.o)
 .data          0x000000000602b5e4        0x0 /home/sansigolo/Documents/joengine/Compiler/SH_NONE_ELF/bin/../lib/gcc/sh-none-elf/8.2.0/libgcc.a(_le_df.o)
 .data          0x000000000602b5e4        0x0 /home/sansigolo/Documents/joengine/Compiler/SH_NONE_ELF/bin/../lib/gcc/sh-none-elf/8.2.0/libgcc.a(_unord_df.o)
 .data          0x000000000602b5e4        0x0 /home/sansigolo/Documents/joengine/Compiler/SH_NONE_ELF/bin/../lib/gcc/sh-none-elf/8.2.0/libgcc.a(_si_to_df.o)
 .data          0x000000000602b5e4        0x0 /home/sansigolo/Documents/joengine/Compiler/SH_NONE_ELF/bin/../lib/gcc/sh-none-elf/8.2.0/libgcc.a(_df_to_si.o)
 .data          0x000000000602b5e4        0x0 /home/sansigolo/Documents/joengine/Compiler/SH_NONE_ELF/bin/../lib/gcc/sh-none-elf/8.2.0/libgcc.a(_thenan_df.o)
 .data          0x000000000602b5e4        0x0 /home/sansigolo/Documents/joengine/Compiler/SH_NONE_ELF/bin/../lib/gcc/sh-none-elf/8.2.0/libgcc.a(_usi_to_df.o)
 .data          0x000000000602b5e4        0x0 /home/sansigolo/Documents/joengine/Compiler/SH_NONE_ELF/bin/../lib/gcc/sh-none-elf/8.2.0/libgcc.a(_udiv_qrnnd_16.o)
 .data          0x000000000602b5e4        0x0 /home/sansigolo/Documents/joengine/Compiler/SH_NONE_ELF/bin/../lib/gcc/sh-none-elf/8.2.0/libgcc.a(_clz.o)
 .data          0x000000000602b5e4        0x0 /home/sansigolo/Documents/joengine/Compiler/SH_NONE_ELF/bin/../lib/gcc/sh-none-elf/8.2.0/libgcc.a(_clzsi2.o)
 .data          0x000000000602b5e4        0x0 /home/sansigolo/Documents/joengine/Compiler/SH_NONE_ELF/bin/../lib/gcc/sh-none-elf/8.2.0/libgcc.a(_pack_df.o)
 .data          0x000000000602b5e4        0x0 /home/sansigolo/Documents/joengine/Compiler/SH_NONE_ELF/bin/../lib/gcc/sh-none-elf/8.2.0/libgcc.a(_unpack_df.o)
 .data          0x000000000602b5e4        0x0 /home/sansigolo/Documents/joengine/Compiler/SH_NONE_ELF/bin/../lib/gcc/sh-none-elf/8.2.0/libgcc.a(_fpcmp_parts_df.o)
                0x000000000602b5e4                __edata = .

.bss            0x000000000602b5f0    0x82f1c
                0x000000000602b5f0                __bstart = .
 *(.bss)
 .bss           0x000000000602b5f0        0x0 ../../Compiler/SGL_302j/LIB_COFF/SGLAREA.O
 .bss           0x000000000602b5f0    0x82e98 /tmp/ccdRmD7Y.ltrans0.ltrans.o
 *fill*         0x00000000060ae488        0x8 
 .bss           0x00000000060ae490        0x4 ../../Compiler/SGL_302j/LIB_COFF/SEGA_SYS.A(sys_exit.o)
 *fill*         0x00000000060ae494        0xc 
 .bss           0x00000000060ae4a0        0x0 ../../Compiler/SGL_302j/LIB_COFF/SEGA_SYS.A(sys_sub.o)
 .bss           0x00000000060ae4a0        0x0 ../../Compiler/SGL_302j/LIB_COFF/LIBCD.A(CDC_CMN.O)
 .bss           0x00000000060ae4a0        0x0 ../../Compiler/SGL_302j/LIB_COFF/LIBCD.A(CDC_CFS.O)
 .bss           0x00000000060ae4a0        0x2 ../../Compiler/SGL_302j/LIB_COFF/LIBCD.A(CDC_REG.O)
 *fill*         0x00000000060ae4a2        0xe 
 .bss           0x00000000060ae4b0        0xc ../../Compiler/SGL_302j/LIB_COFF/LIBCD.A(CDC_SUB.O)
 *fill*         0x00000000060ae4bc        0x4 
 .bss           0x00000000060ae4c0        0x0 ../../Compiler/SGL_302j/LIB_COFF/LIBCD.A(GFS.O)
 .bss           0x00000000060ae4c0        0x0 ../../Compiler/SGL_302j/LIB_COFF/LIBCD.A(GFS_BUF.O)
 .bss           0x00000000060ae4c0        0x0 ../../Compiler/SGL_302j/LIB_COFF/LIBCD.A(GFS_CDB.O)
 .bss           0x00000000060ae4c0        0x0 ../../Compiler/SGL_302j/LIB_COFF/LIBCD.A(GFS_CDC.O)
 .bss           0x00000000060ae4c0        0x0 ../../Compiler/SGL_302j/LIB_COFF/LIBCD.A(GFS_CDF.O)
 .bss           0x00000000060ae4c0        0x0 ../../Compiler/SGL_302j/LIB_COFF/LIBCD.A(GFS_DIR.O)
 .bss           0x00000000060ae4c0        0xc ../../Compiler/SGL_302j/LIB_COFF/LIBCD.A(GFS_TRN.O)
 *fill*         0x00000000060ae4cc        0x4 
 .bss           0x00000000060ae4d0        0x0 ../../Compiler/SGL_302j/LIB_COFF/LIBCD.A(CDC_DRV.O)
 .bss           0x00000000060ae4d0        0x0 ../../Compiler/SGL_302j/LIB_COFF/LIBCD.A(CDC_DEV.O)
 .bss           0x00000000060ae4d0        0x0 ../../Compiler/SGL_302j/LIB_COFF/LIBCD.A(CDC_SEL.O)
 .bss           0x00000000060ae4d0        0x0 ../../Compiler/SGL_302j/LIB_COFF/LIBCD.A(CDC_BIF.O)
 .bss           0x00000000060ae4d0        0x0 ../../Compiler/SGL_302j/LIB_COFF/LIBCD.A(CDC_BIO.O)
 .bss           0x00000000060ae4d0        0x0 ../../Compiler/SGL_302j/LIB_COFF/LIBSGL.A(sglA15.o)
 .bss           0x00000000060ae4d0        0x0 ../../Compiler/SGL_302j/LIB_COFF/LIBSGL.A(sglA20.o)
 .bss           0x00000000060ae4d0        0x0 ../../Compiler/SGL_302j/LIB_COFF/LIBSGL.A(sglA21.o)
 .bss           0x00000000060ae4d0        0x0 ../../Compiler/SGL_302j/LIB_COFF/LIBSGL.A(sglA27.o)
 .bss           0x00000000060ae4d0        0x0 ../../Compiler/SGL_302j/LIB_COFF/LIBSGL.A(sglB001.o)
 .bss           0x00000000060ae4d0        0x0 ../../Compiler/SGL_302j/LIB_COFF/LIBSGL.A(sglB011.o)
 .bss           0x00000000060ae4d0        0x0 ../../Compiler/SGL_302j/LIB_COFF/LIBSGL.A(sglB015.o)
 .bss           0x00000000060ae4d0        0x0 ../../Compiler/SGL_302j/LIB_COFF/LIBSGL.A(sglB016.o)
 .bss           0x00000000060ae4d0        0x0 ../../Compiler/SGL_302j/LIB_COFF/LIBSGL.A(sglB032.o)
 .bss           0x00000000060ae4d0        0x0 ../../Compiler/SGL_302j/LIB_COFF/LIBSGL.A(sglB053.o)
 .bss           0x00000000060ae4d0        0x0 ../../Compiler/SGL_302j/LIB_COFF/LIBSGL.A(sglB056.o)
 .bss           0x00000000060ae4d0        0x0 ../../Compiler/SGL_302j/LIB_COFF/LIBSGL.A(sglB063.o)
 .bss           0x00000000060ae4d0        0x0 ../../Compiler/SGL_302j/LIB_COFF/LIBSGL.A(sglB200.o)
 .bss           0x00000000060ae4d0        0x0 ../../Compiler/SGL_302j/LIB_COFF/LIBSGL.A(sglC05.o)
 .bss           0x00000000060ae4d0        0x0 ../../Compiler/SGL_302j/LIB_COFF/LIBSGL.A(sglC06.o)
 .bss           0x00000000060ae4d0        0x0 ../../Compiler/SGL_302j/LIB_COFF/LIBSGL.A(sglC07.o)
 .bss           0x00000000060ae4d0        0x0 ../../Compiler/SGL_302j/LIB_COFF/LIBSGL.A(sglC08.o)
 .bss           0x00000000060ae4d0        0x0 ../../Compiler/SGL_302j/LIB_COFF/LIBSGL.A(sglC20.o)
 .bss           0x00000000060ae4d0        0x0 ../../Compiler/SGL_302j/LIB_COFF/LIBSGL.A(sglD00.o)
 .bss           0x00000000060ae4d0        0x0 ../../Compiler/SGL_302j/LIB_COFF/LIBSGL.A(sglD01.o)
 .bss           0x00000000060ae4d0        0x0 ../../Compiler/SGL_302j/LIB_COFF/LIBSGL.A(sglD03.o)
 .bss           0x00000000060ae4d0        0x0 ../../Compiler/SGL_302j/LIB_COFF/LIBSGL.A(sglD15.o)
 .bss           0x00000000060ae4d0        0x0 ../../Compiler/SGL_302j/LIB_COFF/LIBSGL.A(sglD16.o)
 .bss           0x00000000060ae4d0        0x0 ../../Compiler/SGL_302j/LIB_COFF/LIBSGL.A(sglD17.o)
 .bss           0x00000000060ae4d0        0x0 ../../Compiler/SGL_302j/LIB_COFF/LIBSGL.A(sglD18.o)
 .bss           0x00000000060ae4d0        0x0 ../../Compiler/SGL_302j/LIB_COFF/LIBSGL.A(sglF00.o)
 .bss           0x00000000060ae4d0        0x0 ../../Compiler/SGL_302j/LIB_COFF/LIBSGL.A(sglF05.o)
 .bss           0x00000000060ae4d0        0x0 ../../Compiler/SGL_302j/LIB_COFF/LIBSGL.A(sglH00.o)
 .bss           0x00000000060ae4d0        0x0 ../../Compiler/SGL_302j/LIB_COFF/LIBSGL.A(sglH01.o)
 .bss           0x00000000060ae4d0        0x0 ../../Compiler/SGL_302j/LIB_COFF/LIBSGL.A(sglH02.o)
 .bss           0x00000000060ae4d0        0x0 ../../Compiler/SGL_302j/LIB_COFF/LIBSGL.A(sglH04.o)
 .bss           0x00000000060ae4d0        0x0 ../../Compiler/SGL_302j/LIB_COFF/LIBSGL.A(sglI01.o)
 .bss           0x00000000060ae4d0        0x0 ../../Compiler/SGL_302j/LIB_COFF/LIBSGL.A(sglIc0.o)
 .bss           0x00000000060ae4d0        0x0 ../../Compiler/SGL_302j/LIB_COFF/LIBSGL.A(sglJ00.o)
 .bss           0x00000000060ae4d0        0x0 ../../Compiler/SGL_302j/LIB_COFF/LIBSGL.A(sglJ01.o)
 .bss           0x00000000060ae4d0        0x0 ../../Compiler/SGL_302j/LIB_COFF/LIBSGL.A(sglJ02.o)
 .bss           0x00000000060ae4d0        0x0 ../../Compiler/SGL_302j/LIB_COFF/LIBSGL.A(sglJ03.o)
 .bss           0x00000000060ae4d0        0x0 ../../Compiler/SGL_302j/LIB_COFF/LIBSGL.A(sglJ04.o)
 .bss           0x00000000060ae4d0        0x0 ../../Compiler/SGL_302j/LIB_COFF/LIBSGL.A(sglJ05.o)
 .bss           0x00000000060ae4d0        0x0 ../../Compiler/SGL_302j/LIB_COFF/LIBSGL.A(sglK01.o)
 .bss           0x00000000060ae4d0        0x0 ../../Compiler/SGL_302j/LIB_COFF/LIBSGL.A(sglM01.o)
 .bss           0x00000000060ae4d0        0x0 ../../Compiler/SGL_302j/LIB_COFF/LIBSGL.A(sglA00.o)
 .bss           0x00000000060ae4d0        0x0 ../../Compiler/SGL_302j/LIB_COFF/LIBSGL.A(sglA01.o)
 .bss           0x00000000060ae4d0        0x0 ../../Compiler/SGL_302j/LIB_COFF/LIBSGL.A(sglB000.o)
 .bss           0x00000000060ae4d0        0x0 ../../Compiler/SGL_302j/LIB_COFF/LIBSGL.A(sglB035.o)
 .bss           0x00000000060ae4d0        0x0 ../../Compiler/SGL_302j/LIB_COFF/LIBSGL.A(sglC00.o)