Archive member included to satisfy reference by file (symbol)

../../Compiler/SGL_302j/LIB_COFF/SEGA_SYS.A(sys_exit.o)
                              ../../jo_engine/core.o (symbol from plugin) (SYS_Exit)
../../Compiler/SGL_302j/LIB_COFF/SEGA_SYS.A(sys_sub.o)
                              ../../Compiler/SGL_302j/LIB_COFF/SEGA_SYS.A(sys_exit.o) (SYSUB_SetStackptr)
../../Compiler/SGL_302j/LIB_COFF/LIBCD.A(CDC_CMN.O)
                              ../../Compiler/SGL_302j/LIB_COFF/SEGA_SYS.A(sys_exit.o) (CDC_GetCurStat)
../../Compiler/SGL_302j/LIB_COFF/LIBCD.A(CDC_CFS.O)
                              ../../Compiler/SGL_302j/LIB_COFF/SEGA_SYS.A(sys_exit.o) (CDC_ChgDir)
../../Compiler/SGL_302j/LIB_COFF/LIBCD.A(CDC_REG.O)
                              ../../Compiler/SGL_302j/LIB_COFF/SEGA_SYS.A(sys_exit.o) (CDC_GetHirqReq)
../../Compiler/SGL_302j/LIB_COFF/LIBCD.A(CDC_SUB.O)
                              ../../Compiler/SGL_302j/LIB_COFF/LIBCD.A(CDC_CMN.O) (CDSUB_UpdStatus)
../../Compiler/SGL_302j/LIB_COFF/LIBCD.A(GFS.O)
                              ../../jo_engine/fs.o (symbol from plugin) (GFS_Init)
../../Compiler/SGL_302j/LIB_COFF/LIBCD.A(GFS_BUF.O)
                              ../../Compiler/SGL_302j/LIB_COFF/LIBCD.A(GFS.O) (GFBF_GetNumData)
../../Compiler/SGL_302j/LIB_COFF/LIBCD.A(GFS_CDB.O)
                              ../../Compiler/SGL_302j/LIB_COFF/LIBCD.A(GFS.O) (GFCB_Close)
../../Compiler/SGL_302j/LIB_COFF/LIBCD.A(GFS_CDC.O)
                              ../../Compiler/SGL_302j/LIB_COFF/LIBCD.A(GFS.O) (GFCD_SetCdbfs)
../../Compiler/SGL_302j/LIB_COFF/LIBCD.A(GFS_CDF.O)
                              ../../Compiler/SGL_302j/LIB_COFF/LIBCD.A(GFS.O) (GFCF_Init)
../../Compiler/SGL_302j/LIB_COFF/LIBCD.A(GFS_DIR.O)
                              ../../Compiler/SGL_302j/LIB_COFF/LIBCD.A(GFS.O) (GFDR_SetupDirTbl)
../../Compiler/SGL_302j/LIB_COFF/LIBCD.A(GFS_TRN.O)
                              ../../Compiler/SGL_302j/LIB_COFF/LIBCD.A(GFS.O) (GFTR_Setup)
../../Compiler/SGL_302j/LIB_COFF/LIBCD.A(CDC_DRV.O)
                              ../../Compiler/SGL_302j/LIB_COFF/LIBCD.A(GFS_CDC.O) (CDC_CdPlay)
../../Compiler/SGL_302j/LIB_COFF/LIBCD.A(CDC_DEV.O)
                              ../../Compiler/SGL_302j/LIB_COFF/LIBCD.A(GFS_CDC.O) (CDC_CdSetCon)
../../Compiler/SGL_302j/LIB_COFF/LIBCD.A(CDC_SEL.O)
                              ../../Compiler/SGL_302j/LIB_COFF/LIBCD.A(GFS_CDC.O) (CDC_SetFiltRange)
../../Compiler/SGL_302j/LIB_COFF/LIBCD.A(CDC_BIF.O)
                              ../../Compiler/SGL_302j/LIB_COFF/LIBCD.A(GFS_CDC.O) (CDC_GetBufSiz)
../../Compiler/SGL_302j/LIB_COFF/LIBCD.A(CDC_BIO.O)
                              ../../Compiler/SGL_302j/LIB_COFF/LIBCD.A(GFS_CDC.O) (CDC_SetSctLen)
../../Compiler/SGL_302j/LIB_COFF/LIBSGL.A(sglA15.o)
                              ../../jo_engine/core.o (symbol from plugin) (slSlaveFunc)
../../Compiler/SGL_302j/LIB_COFF/LIBSGL.A(sglA20.o)
                              ../../jo_engine/core.o (symbol from plugin) (slUnitMatrix)
../../Compiler/SGL_302j/LIB_COFF/LIBSGL.A(sglA21.o)
                              ../../jo_engine/map.o (symbol from plugin) (slPushMatrix)
../../Compiler/SGL_302j/LIB_COFF/LIBSGL.A(sglA27.o)
                              ../../jo_engine/map.o (symbol from plugin) (slTranslate)
../../Compiler/SGL_302j/LIB_COFF/LIBSGL.A(sglB001.o)
                              ../../jo_engine/core.o (symbol from plugin) (slTVOn)
../../Compiler/SGL_302j/LIB_COFF/LIBSGL.A(sglB011.o)
                              ../../jo_engine/core.o (symbol from plugin) (slBitMapNbg1)
../../Compiler/SGL_302j/LIB_COFF/LIBSGL.A(sglB015.o)
                              ../../jo_engine/core.o (symbol from plugin) (slScrAutoDisp)
../../Compiler/SGL_302j/LIB_COFF/LIBSGL.A(sglB016.o)
                              ../../jo_engine/core.o (symbol from plugin) (slBack1ColSet)
../../Compiler/SGL_302j/LIB_COFF/LIBSGL.A(sglB032.o)
                              ../../jo_engine/core.o (symbol from plugin) (slMapNbg1)
../../Compiler/SGL_302j/LIB_COFF/LIBSGL.A(sglB053.o)
                              ../../jo_engine/core.o (symbol from plugin) (slZoomNbg1)
../../Compiler/SGL_302j/LIB_COFF/LIBSGL.A(sglB056.o)
                              ../../jo_engine/core.o (symbol from plugin) (slPlaneNbg1)
../../Compiler/SGL_302j/LIB_COFF/LIBSGL.A(sglB063.o)
                              ../../jo_engine/core.o (symbol from plugin) (slPriority)
../../Compiler/SGL_302j/LIB_COFF/LIBSGL.A(sglB200.o)
                              ../../jo_engine/core.o (symbol from plugin) (slCharNbg0)
../../Compiler/SGL_302j/LIB_COFF/LIBSGL.A(sglC06.o)
                              ../../jo_engine/sprites.o (symbol from plugin) (slDispSprite)
../../Compiler/SGL_302j/LIB_COFF/LIBSGL.A(sglC07.o)
                              ../../jo_engine/sprites.o (symbol from plugin) (slPutSprite)
../../Compiler/SGL_302j/LIB_COFF/LIBSGL.A(sglC08.o)
                              ../../jo_engine/map.o (symbol from plugin) (slPutPolygon)
[...]
Memory Configuration

Name             Origin             Length             Attributes
*default*        0x0000000000000000 0xffffffffffffffff

Linker script and memory map

TARGET(coff-sh)

SLSTART         0x0000000006004000       0x28
                0x0000000006004000                ___Start = .
 *(SLSTART)
 SLSTART        0x0000000006004000       0x28 ../../Compiler/SGL_302j/LIB_COFF/LIBSGL.A(sglI00.o)
                0x0000000006004000                SGL_Start
                0x0000000006004002                slStartSGL

.text           0x0000000006004040     0xe348
 *(.text)
 .text          0x0000000006004040        0x0 ../../Compiler/SGL_302j/LIB_COFF/SGLAREA.O
 .text          0x0000000006004040     0x155c /tmp/ccGTXIKE.ltrans0.ltrans.o
 *fill*         0x000000000600559c        0x4 
 .text          0x00000000060055a0      0x238 ../../Compiler/SGL_302j/LIB_COFF/SEGA_SYS.A(sys_exit.o)
                0x00000000060055a0                sys_version
                0x00000000060055c0                SYS_Exit
 *fill*         0x00000000060057d8        0x8 
 .text          0x00000000060057e0        0x6 ../../Compiler/SGL_302j/LIB_COFF/SEGA_SYS.A(sys_sub.o)
                0x00000000060057e0                SYSUB_SetStackptr
 *fill*         0x00000000060057e6        0xa 
 .text          0x00000000060057f0      0x3a0 ../../Compiler/SGL_302j/LIB_COFF/LIBCD.A(CDC_CMN.O)
                0x00000000060057f0                CDC_GetCurStat
                0x0000000006005840                CDC_GetLastStat
                0x0000000006005858                CDC_GetPeriStat
                0x000000000600592c                CDC_GetHwInfo
                0x0000000006005994                CDC_TgetToc
                0x00000000060059e4                CDC_GetSes
                0x0000000006005a20                CDC_CdInit
                0x0000000006005aa4                CDC_CdOpen
                0x0000000006005acc                CDC_DataReady
                0x0000000006005b38                CDC_DataEnd
 .text          0x0000000006005b90      0x194 ../../Compiler/SGL_302j/LIB_COFF/LIBCD.A(CDC_CFS.O)
                0x0000000006005b90                CDC_ChgDir
                0x0000000006005bc4                CDC_ReadDir
                0x0000000006005bf8                CDC_GetFileScope
                0x0000000006005c58                CDC_TgetFileInfo
                0x0000000006005cb4                CDC_ReadFile
                0x0000000006005ce8                CDC_AbortFile
 *fill*         0x0000000006005d24        0xc 
 .text          0x0000000006005d30      0x2dc ../../Compiler/SGL_302j/LIB_COFF/LIBCD.A(CDC_REG.O)
                0x0000000006005d30                CDC_GetDataPtr
                0x0000000006005d40                CDC_GetHirqReq
                0x0000000006005d54                CDC_ClrHirqReq
                0x0000000006005d84                CDREG_ClrHirqReq
                0x0000000006005d94                CDREG_InitHirqReq
                0x0000000006005dbc                CDREG_SetHirqFlag
                0x0000000006005dd0                CDC_GetHirqMsk
                0x0000000006005de4                CDC_SetHirqMsk
                0x0000000006005df4                CDC_GetMpegPtr
                0x0000000006005e04                CDREG_TgetData
                0x0000000006005e60                CDREG_CmdRsp
                0x0000000006005f60                CDREG_WaitHirq
                0x0000000006005fd0                CDREG_ReadRsp
 *fill*         0x000000000600600c        0x4 
 .text          0x0000000006006010      0x152 ../../Compiler/SGL_302j/LIB_COFF/LIBCD.A(CDC_SUB.O)
                0x0000000006006010                CDSUB_UpdStatus
                0x0000000006006028                CDSUB_UpdCdstat
                0x0000000006006048                CDSUB_CdCmd
                0x00000000060060b8                CDSUB_GetCdstat
                0x00000000060060f8                CDSUB_RspToCdstat
                0x0000000006006140                CDSUB_SoftTimer
 *fill*         0x0000000006006162        0xe 
 .text          0x0000000006006170     0x1adc ../../Compiler/SGL_302j/LIB_COFF/LIBCD.A(GFS.O)
                0x0000000006006170                gfs_version
                0x0000000006006190                GFS_Init
                0x0000000006006278                GFS_LoadDir
                0x0000000006006320                GFS_SetDir
                0x0000000006006388                GFS_NameToId
                0x00000000060063ec                GFS_IdToName
                0x0000000006006458                GFS_GetDirInfo
                0x00000000060064c8                GFS_Reset
                0x000000000600654c                GFS_Open
                0x0000000006006600                GFS_Close
                0x0000000006006638                GFS_Seek
                0x00000000060066ec                GFS_Tell
                0x000000000600673c                GFS_IsEof
                0x0000000006006790                GFS_ByteToSct
                0x00000000060067ec                GFS_GetFileSize
                0x0000000006006848                GFS_GetFileInfo
                0x00000000060068bc                GFS_GetNumCdbuf
                0x00000000060068e4                GFS_Load
                0x00000000060069a8                GFS_Fread
                0x0000000006006a44                gfs_waitRead
                0x0000000006006aec                GFS_NwFread
                0x0000000006006bf8                GFS_NwCdRead
                0x0000000006006c70                GFS_NwIsComplete
                0x0000000006006ca8                GFS_NwStop
                0x0000000006006d14                GFS_NwGetStat
                0x0000000006006d90                gfs_recovRdErr
                0x0000000006006dc0                GFS_NwExecOne
                0x0000000006006e80                GFS_NwExecServer
                0x0000000006006efc                GFS_SetGmode
                0x0000000006006f60                GFS_SetTmode
                0x0000000006006fcc                GFS_SetReadPara
                0x0000000006007030                GFS_SetTransPara
                0x000000000600709c                GFS_SetTrFunc
                0x0000000006007100                GFS_StartTrans
                0x000000000600714c                GFS_CdMovePickup
                0x00000000060071b8                GFS_SetErrFunc
                0x00000000060071e4                GFS_GetErrStat
                0x0000000006007208                GFS_ConvTno
                0x0000000006007230                gfs_chgRoot
                0x00000000060072fc                gfs_aborttrans
                0x0000000006007308                gfs_mngSetupFuncTbl
                0x000000000600733c                gfs_mngInitWork
                0x00000000060073e0                gfs_mngGetNumFile
                0x0000000006007448                GFS_mngAllocGrp
                0x0000000006007490                gfs_mngFreeGrp
                0x000000000600749c                gfs_mngTermAccess
                0x0000000006007520                gfs_mngSetErrCode
                0x00000000060075a0                gfs_svrSearchHndl
                0x00000000060075e0                gfs_svrAddHndl
                0x000000000600761c                gfs_svrRemoveHndl
                0x0000000006007678                GFS_OpenSub
                0x00000000060076d0                gfs_loadVol
                0x0000000006007794                gfs_getRootDir
                0x0000000006007890                gfs_loadRootDir
                0x0000000006007918                gfs_flowIn
                0x00000000060079c0                gfs_transData
                0x0000000006007a64                GFS_GetFad
                0x0000000006007abc                gfs_SetSct
                0x0000000006007afc                gfs_GetFinfo
                0x0000000006007b3c                gfs_closeSub
                0x0000000006007b78                gfs_getGmode
                0x0000000006007b84                gfs_isTaskDone
                0x0000000006007bd8                gfs_convFinStat
 *fill*         0x0000000006007c4c        0x4 
 .text          0x0000000006007c50      0x106 ../../Compiler/SGL_302j/LIB_COFF/LIBCD.A(GFS_BUF.O)
                0x0000000006007c80                GFBF_GetTranData
                0x0000000006007ca8                GFBF_GetNumData
                0x0000000006007cd8                GFBF_GetSrcPk
                0x0000000006007d00                GFBF_GetSctData
                0x0000000006007d24                GFBF_RtnPk
                0x0000000006007d4c                gfbf_getSctDt
 *fill*         0x0000000006007d56        0xa 
 .text          0x0000000006007d60      0x600 ../../Compiler/SGL_302j/LIB_COFF/LIBCD.A(GFS_CDB.O)
                0x0000000006007d60                GFCB_Setup
                0x0000000006007e80                GFCB_Close
                0x0000000006007ea8                GFCB_GetLenData
                0x0000000006007f54                GFCB_GetLenRoom
                0x0000000006007f60                GFCB_SetFilt
                0x0000000006007fc8                GFCB_DeleteAllData
                0x0000000006007ff0                GFCB_Tell
                0x0000000006008000                gfcb_getSctNum
                0x0000000006008050                GFCB_Seek
                0x000000000600814c                GFCB_GetSrcPack
                0x000000000600822c                GFCB_GetSctData
                0x0000000006008264                GFCB_GetDstPack
                0x0000000006008270                GFCB_RtnPk
                0x00000000060082b8                GFCB_MovePickup
                0x00000000060082d4                GFCB_SetCon
                0x0000000006008308                GFCB_GetPickup
                0x0000000006008330                GFCB_IsPuOwner
                0x0000000006008348                GFCB_UngetPickup
 .text          0x0000000006008360     0x1a10 ../../Compiler/SGL_302j/LIB_COFF/LIBCD.A(GFS_CDC.O)
                0x0000000006008360                GFCD_SetCdbfs
                0x000000000600838c                GFCD_Init
                0x0000000006008590                GFCD_AllocFilt
                0x00000000060085cc                GFCD_FreeFilt
                0x00000000060085fc                GFCD_AllocBuf
                0x0000000006008630                GFCD_FreeBuf
                0x00000000060086d4                GFCD_GetBaseFad
                0x0000000006008708                GFCD_GetPickup
                0x000000000600873c                GFCD_UngetPickup
                0x0000000006008768                GFCD_IsPuOwner
                0x000000000600878c                GFCD_SetFilt
                0x0000000006008850                GFCD_GetFilt
                0x0000000006008898                GFCD_SetCon
                0x00000000060088f0                GFCD_Play
                0x0000000006008950                GFCD_GetLenData
                0x00000000060089b8                GFCD_ReqData
                0x0000000006008a14                GFCD_EndData
                0x0000000006008a5c                GFCD_DelSctData
                0x0000000006008ab4                GFCD_CheckDelSctData
                0x0000000006008ae4                GFCD_GetStat
                0x0000000006008b98                GFCD_MovePickup
                0x0000000006008be4                GFCD_MoveSctData
                0x0000000006008c58                GFCD_CheckMove
                0x0000000006008c7c                GFCD_GetSctInfo
                0x0000000006008cc4                GFCD_ChgDir
                0x0000000006008d38                GFCD_SetFiltCon
                0x0000000006008e20                GFCD_GetFileInfo
                0x0000000006008efc                GFCD_GetBufSiz
                0x0000000006008f34                GFCD_ExecServer
                0x0000000006009008                gfcd_isIdleTask
                0x0000000006009094                gfcd_doTask
                0x0000000006009140                GFCD_SetTimer
                0x0000000006009154                GFCD_WaitServer
                0x0000000006009190                gfcd_doSetFiltTsk
                0x0000000006009354                gfcd_doSetConTsk
                0x00000000060093e4                gfcd_doGetLenDataTsk
                0x0000000006009538                gfcd_doReqDataTsk
                0x00000000060095d8                gfcd_doDelSctDataTsk
                0x000000000600970c                gfcd_doMoveSctTsk
                0x0000000006009870                gfcd_doChgDirTsk
                0x0000000006009a6c                gfcd_doSetFiltConTsk
                0x0000000006009bb0                gfcd_checkEflag
                0x0000000006009bd4                gfcd_initCdbMng
                0x0000000006009c54                gfcd_setStat
                0x0000000006009c80                GFCD_SetCsctFunc
                0x0000000006009c9c                GFCD_ChkScdqFlag
                0x0000000006009cc0                GFCD_ClrScdqFlag
                0x0000000006009cdc                GFCD_WaitScdqFlag
                0x0000000006009d20                GFCD_WaitPause
 .text          0x0000000006009d70      0x8d8 ../../Compiler/SGL_302j/LIB_COFF/LIBCD.A(GFS_CDF.O)
                0x0000000006009d70                GFCF_Init
                0x0000000006009e10                GFCF_Setup
                0x0000000006009f58                GFCF_SetSct
                0x0000000006009f9c                GFCF_GetFileInfo
                0x000000000600a010                GFCF_FlowInBuf
                0x000000000600a164                GFCF_StopInBuf
                0x000000000600a204                GFCF_Recover
                0x000000000600a24c                GFCF_Tell
                0x000000000600a264                GFCF_Seek
                0x000000000600a27c                GFCF_MovePickup
                0x000000000600a318                GFCF_cnvIntlvOfs
                0x000000000600a36c                GFCF_GetStat
                0x000000000600a404                gfcf_getSctSize
                0x000000000600a440                gfcf_isCdOk
                0x000000000600a500                gfcf_getPlayRange
 *fill*         0x000000000600a648        0x8 
 .text          0x000000000600a650      0x92c ../../Compiler/SGL_302j/LIB_COFF/LIBCD.A(GFS_DIR.O)
                0x000000000600a650                GFDR_SetupDirTbl
                0x000000000600a6c4                GFDR_NameToId
                0x000000000600a724                GFDR_GetInfoDirId
                0x000000000600a738                GFDR_GetInfoDirName
                0x000000000600a74c                GFDR_GetAtrDirId
                0x000000000600a764                GFDR_GetAtrDirName
                0x000000000600a77c                GFDR_ChgRoot
                0x000000000600a794                GFDR_ChgDir
                0x000000000600a808                gfdr_setupDirIdTbl
                0x000000000600a88c                gfdr_setupDirNameTbl
                0x000000000600a938                gfdr_open
                0x000000000600a960                gfdr_read
                0x000000000600aa20                gfdr_readByte
                0x000000000600aa4c                gfdr_readWord
                0x000000000600aa78                gfdr_readWordNB
                0x000000000600aacc                gfdr_readLongNB
                0x000000000600ab18                gfdr_readLongNM
                0x000000000600ab40                gfdr_setNextRec
                0x000000000600abc4                gfdr_readDirEnt
                0x000000000600af40                gfdr_setDirrecCd
 *fill*         0x000000000600af7c        0x4 
 .text          0x000000000600af80      0x9c6 ../../Compiler/SGL_302j/LIB_COFF/LIBCD.A(GFS_TRN.O)
                0x000000000600afb0                GFTR_Setup
                0x000000000600aff4                GFTR_SetMode
                0x000000000600b008                GFTR_SetUnit
                0x000000000600b014                GFTR_SetTransPara
                0x000000000600b048                GFTR_GetTransPara
                0x000000000600b054                GFTR_GetNumTrans
                0x000000000600b060                GFTR_SetTransMax
                0x000000000600b06c                GFTR_Start
                0x000000000600b078                GFTR_Pause
                0x000000000600b084                GFTR_Stop
                0x000000000600b13c                GFTR_Exec
                0x000000000600b1c0                GFTR_Idle
                0x000000000600b238                GFTR_ExecSvr
                0x000000000600b340                gftr_getSrcPack
                0x000000000600b3c8                gftr_getDstPack
                0x000000000600b424                gftr_reqScu
                0x000000000600b430                gftr_execScu
                0x000000000600b4cc                gftr_remScu
                0x000000000600b500                gfdma_canUse
                0x000000000600b50c                gfdma_exec
                0x000000000600b57c                gfdma_getBytecnt
                0x000000000600b5b4                gftr_reqDma0
                0x000000000600b5cc                gftr_execSdma0
                0x000000000600b5f0                gftr_remDma0
                0x000000000600b608                gftr_reqDma1
                0x000000000600b620                gftr_execSdma1
                0x000000000600b644                gftr_remDma1
                0x000000000600b65c                gftr_reqCpu
                0x000000000600b668                gftr_execCpu
                0x000000000600b6a8                gftr_remCpu
                0x000000000600b6b4                gftr_reqTrn
                0x000000000600b724                gftr_execTrn
                0x000000000600b7fc                gftr_remTrn
                0x000000000600b870                gftr_copyFrac
                0x000000000600b898                GFTR_GetLenData
                0x000000000600b8a4                GFTR_GetLenRoom
                0x000000000600b8bc                GFTR_GetDstPack
                0x000000000600b8f0                GFTR_RtnDstPk
                0x000000000600b90c                GFTR_GetData
                0x000000000600b920                GFTR_SetData
                0x000000000600b934                GFTR_SetTransFunc
 *fill*         0x000000000600b946        0xa 
 .text          0x000000000600b950      0x130 ../../Compiler/SGL_302j/LIB_COFF/LIBCD.A(CDC_DRV.O)
                0x000000000600b950                CDC_CdPlay
                0x000000000600ba1c                CDC_CdSeek
                0x000000000600ba50                CDC_CdScan
 .text          0x000000000600ba80       0xa8 ../../Compiler/SGL_302j/LIB_COFF/LIBCD.A(CDC_DEV.O)
                0x000000000600ba80                CDC_CdSetCon
                0x000000000600bab0                CDC_CdGetCon
                0x000000000600baec                CDC_CdGetLastBuf
 *fill*         0x000000000600bb28        0x8 
 .text          0x000000000600bb30      0x2b8 ../../Compiler/SGL_302j/LIB_COFF/LIBCD.A(CDC_SEL.O)
                0x000000000600bb30                CDC_SetFiltRange
                0x000000000600bb64                CDC_GetFiltRange
                0x000000000600bbbc                CDC_SetFiltSubh
                0x000000000600bc2c                CDC_GetFiltSubh
                0x000000000600bca8                CDC_SetFiltMode
                0x000000000600bcdc                CDC_GetFiltMode
                0x000000000600bd20                CDC_SetFiltCon
                0x000000000600bd60                CDC_GetFiltCon
                0x000000000600bdb4                CDC_ResetSelector
 *fill*         0x000000000600bde8        0x8 
 .text          0x000000000600bdf0      0x270 ../../Compiler/SGL_302j/LIB_COFF/LIBCD.A(CDC_BIF.O)
                0x000000000600bdf0                CDC_GetBufSiz
                0x000000000600be4c                CDC_GetSctNum
                0x000000000600be90                CDC_CalActSiz
                0x000000000600becc                CDC_GetActSiz
                0x000000000600bf4c                CDC_GetSctInfo
                0x000000000600bfcc                CDC_ExeFadSearch
                0x000000000600c004                CDC_GetFadSearch
 .text          0x000000000600c060      0x1e4 ../../Compiler/SGL_302j/LIB_COFF/LIBCD.A(CDC_BIO.O)
                0x000000000600c060                CDC_SetSctLen
                0x000000000600c094                CDC_GetSctData
                0x000000000600c0d0                CDC_DelSctData
                0x000000000600c10c                CDC_GetdelSctData
                0x000000000600c148                CDC_PutSctData
                0x000000000600c180                CDC_CopySctData
                0x000000000600c1c4                CDC_MoveSctData
                0x000000000600c208                CDC_GetCopyErr
 *fill*         0x000000000600c244        0xc 
 .text          0x000000000600c250        0x0 ../../Compiler/SGL_302j/LIB_COFF/LIBSGL.A(sglA15.o)
 .text          0x000000000600c250        0x0 ../../Compiler/SGL_302j/LIB_COFF/LIBSGL.A(sglA20.o)
 .text          0x000000000600c250        0x0 ../../Compiler/SGL_302j/LIB_COFF/LIBSGL.A(sglA21.o)
 .text          0x000000000600c250        0x0 ../../Compiler/SGL_302j/LIB_COFF/LIBSGL.A(sglA27.o)
 .text          0x000000000600c250        0x0 ../../Compiler/SGL_302j/LIB_COFF/LIBSGL.A(sglB001.o)
 .text          0x000000000600c250        0x0 ../../Compiler/SGL_302j/LIB_COFF/LIBSGL.A(sglB011.o)
 .text          0x000000000600c250        0x0 ../../Compiler/SGL_302j/LIB_COFF/LIBSGL.A(sglB015.o)
 .text          0x000000000600c250        0x0 ../../Compiler/SGL_302j/LIB_COFF/LIBSGL.A(sglB016.o)
 .text          0x000000000600c250        0x0 ../../Compiler/SGL_302j/LIB_COFF/LIBSGL.A(sglB032.o)
 .text          0x000000000600c250        0x0 ../../Compiler/SGL_302j/LIB_COFF/LIBSGL.A(sglB053.o)
 .text          0x000000000600c250        0x0 ../../Compiler/SGL_302j/LIB_COFF/LIBSGL.A(sglB056.o)
 .text          0x000000000600c250        0x0 ../../Compiler/SGL_302j/LIB_COFF/LIBSGL.A(sglB063.o)
 .text          0x000000000600c250        0x0 ../../Compiler/SGL_302j/LIB_COFF/LIBSGL.A(sglB200.o)
 .text          0x000000000600c250        0x0 ../../Compiler/SGL_302j/LIB_COFF/LIBSGL.A(sglC06.o)
 .text          0x000000000600c250        0x0 ../../Compiler/SGL_302j/LIB_COFF/LIBSGL.A(sglC07.o)
 .text          0x000000000600c250        0x0 ../../Compiler/SGL_302j/LIB_COFF/LIBSGL.A(sglC08.o)
 .text          0x000000000600c250        0x0 ../../Compiler/SGL_302j/LIB_COFF/LIBSGL.A(sglC20.o)
 .text          0x000000000600c250        0x0 ../../Compiler/SGL_302j/LIB_COFF/LIBSGL.A(sglD00.o)
 .text          0x000000000600c250        0x0 ../../Compiler/SGL_302j/LIB_COFF/LIBSGL.A(sglD01.o)
 .text          0x000000000600c250        0x0 ../../Compiler/SGL_302j/LIB_COFF/LIBSGL.A(sglD03.o)
 .text          0x000000000600c250        0x0 ../../Compiler/SGL_302j/LIB_COFF/LIBSGL.A(sglD15.o)
 .text          0x000000000600c250        0x0 ../../Compiler/SGL_302j/LIB_COFF/LIBSGL.A(sglD16.o)
 .text          0x000000000600c250        0x0 ../../Compiler/SGL_302j/LIB_COFF/LIBSGL.A(sglD17.o)
 .text          0x000000000600c250        0x0 ../../Compiler/SGL_302j/LIB_COFF/LIBSGL.A(sglD18.o)
 .text          0x000000000600c250        0x0 ../../Compiler/SGL_302j/LIB_COFF/LIBSGL.A(sglF00.o)
 .text          0x000000000600c250        0x0 ../../Compiler/SGL_302j/LIB_COFF/LIBSGL.A(sglF05.o)
 .text          0x000000000600c250        0x0 ../../Compiler/SGL_302j/LIB_COFF/LIBSGL.A(sglH00.o)
 .text          0x000000000600c250        0x0 ../../Compiler/SGL_302j/LIB_COFF/LIBSGL.A(sglH01.o)
 .text          0x000000000600c250        0x0 ../../Compiler/SGL_302j/LIB_COFF/LIBSGL.A(sglH02.o)
 .text          0x000000000600c250        0x0 ../../Compiler/SGL_302j/LIB_COFF/LIBSGL.A(sglH04.o)
 .text          0x000000000600c250        0x0 ../../Compiler/SGL_302j/LIB_COFF/LIBSGL.A(sglI01.o)
 .text          0x000000000600c250      0x128 ../../Compiler/SGL_302j/LIB_COFF/LIBSGL.A(sglIc0.o)
                0x000000000600c250                slInitSystem
 *fill*         0x000000000600c378        0x8 
 .text          0x000000000600c380        0x0 ../../Compiler/SGL_302j/LIB_COFF/LIBSGL.A(sglJ00.o)
 .text          0x000000000600c380        0x0 ../../Compiler/SGL_302j/LIB_COFF/LIBSGL.A(sglJ01.o)
 .text          0x000000000600c380        0x0 ../../Compiler/SGL_302j/LIB_COFF/LIBSGL.A(sglJ02.o)
 .text          0x000000000600c380        0x0 ../../Compiler/SGL_302j/LIB_COFF/LIBSGL.A(sglJ03.o)
 .text          0x000000000600c380        0x0 ../../Compiler/SGL_302j/LIB_COFF/LIBSGL.A(sglJ04.o)
 .text          0x000000000600c380        0x0 ../../Compiler/SGL_302j/LIB_COFF/LIBSGL.A(sglJ05.o)
 .text          0x000000000600c380        0x0 ../../Compiler/SGL_302j/LIB_COFF/LIBSGL.A(sglK01.o)
 .text          0x000000000600c380        0x0 ../../Compiler/SGL_302j/LIB_COFF/LIBSGL.A(sglM01.o)
 .text          0x000000000600c380        0x0 ../../Compiler/SGL_302j/LIB_COFF/LIBSGL.A(sglA00.o)
 .text          0x000000000600c380        0x0 ../../Compiler/SGL_302j/LIB_COFF/LIBSGL.A(sglA01.o)
 .text          0x000000000600c380        0x0 ../../Compiler/SGL_302j/LIB_COFF/LIBSGL.A(sglB000.o)
 .text          0x000000000600c380        0x0 ../../Compiler/SGL_302j/LIB_COFF/LIBSGL.A(sglB035.o)
 .text          0x000000000600c380        0x0 ../../Compiler/SGL_302j/LIB_COFF/LIBSGL.A(sglC00.o)
 .text          0x000000000600c380        0x0 ../../Compiler/SGL_302j/LIB_COFF/LIBSGL.A(sglI00.o)
 .text          0x000000000600c380        0x0 ../../Compiler/SGL_302j/LIB_COFF/LIBSGL.A(sglH03.o)
 .text          0x000000000600c380       0x52 /home/sansigolo/GameDev/joengine/Compiler/SH_NONE_ELF/bin/../lib/gcc/sh-none-elf/8.2.0/libgcc.a(_ashiftrt.o)
                0x000000000600c380                __ashiftrt_r4_31
                0x000000000600c380                __ashiftrt_r4_32
                0x000000000600c386                __ashiftrt_r4_30
                0x000000000600c388                __ashiftrt_r4_29
                0x000000000600c38a                __ashiftrt_r4_28
                0x000000000600c38c                __ashiftrt_r4_27
                0x000000000600c38e                __ashiftrt_r4_26
                0x000000000600c390                __ashiftrt_r4_25
                0x000000000600c392                __ashiftrt_r4_24
                0x000000000600c39a                __ashiftrt_r4_23
                0x000000000600c39c                __ashiftrt_r4_22
                0x000000000600c39e                __ashiftrt_r4_21
                0x000000000600c3a0                __ashiftrt_r4_20
                0x000000000600c3a2                __ashiftrt_r4_19
                0x000000000600c3a4                __ashiftrt_r4_18
                0x000000000600c3a6                __ashiftrt_r4_17
                0x000000000600c3a8                __ashiftrt_r4_16
                0x000000000600c3ae                __ashiftrt_r4_15
                0x000000000600c3b0                __ashiftrt_r4_14
                0x000000000600c3b2                __ashiftrt_r4_13
                0x000000000600c3b4                __ashiftrt_r4_12
                0x000000000600c3b6                __ashiftrt_r4_11
                0x000000000600c3b8                __ashiftrt_r4_10
                0x000000000600c3ba                __ashiftrt_r4_9
                0x000000000600c3bc                __ashiftrt_r4_8
                0x000000000600c3be                __ashiftrt_r4_7
                0x000000000600c3c0                __ashiftrt_r4_6
                0x000000000600c3c2                __ashiftrt_r4_5
                0x000000000600c3c4                __ashiftrt_r4_4
                0x000000000600c3c6                __ashiftrt_r4_3
                0x000000000600c3c8                __ashiftrt_r4_2
                0x000000000600c3ca                __ashiftrt_r4_1
                0x000000000600c3ce                __ashiftrt_r4_0
 *fill*         0x000000000600c3d2        0x2 
 .text          0x000000000600c3d4       0xa0 /home/sansigolo/GameDev/joengine/Compiler/SH_NONE_ELF/bin/../lib/gcc/sh-none-elf/8.2.0/libgcc.a(_sdivsi3.o)
                0x000000000600c3d4                __sdivsi3
 .text          0x000000000600c474       0x6c /home/sansigolo/GameDev/joengine/Compiler/SH_NONE_ELF/bin/../lib/gcc/sh-none-elf/8.2.0/libgcc.a(_udivsi3.o)
                0x000000000600c496                __udivsi3
 .text          0x000000000600c4e0      0x134 /home/sansigolo/GameDev/joengine/Compiler/SH_NONE_ELF/bin/../lib/gcc/sh-none-elf/8.2.0/libgcc.a(_mul_sf.o)
                0x000000000600c4e0                __mulsf3
 .text          0x000000000600c614       0xdc /home/sansigolo/GameDev/joengine/Compiler/SH_NONE_ELF/bin/../lib/gcc/sh-none-elf/8.2.0/libgcc.a(_div_sf.o)
                0x000000000600c614                __divsf3
 .text          0x000000000600c6f0       0x84 /home/sansigolo/GameDev/joengine/Compiler/SH_NONE_ELF/bin/../lib/gcc/sh-none-elf/8.2.0/libgcc.a(_si_to_sf.o)
                0x000000000600c6f0                __floatsisf
 .text          0x000000000600c774       0x7c /home/sansigolo/GameDev/joengine/Compiler/SH_NONE_ELF/bin/../lib/gcc/sh-none-elf/8.2.0/libgcc.a(_sf_to_si.o)
                0x000000000600c774                __fixsfsi
 .text          0x000000000600c7f0        0x0 /home/sansigolo/GameDev/joengine/Compiler/SH_NONE_ELF/bin/../lib/gcc/sh-none-elf/8.2.0/libgcc.a(_thenan_sf.o)
 .text          0x000000000600c7f0       0x94 /home/sansigolo/GameDev/joengine/Compiler/SH_NONE_ELF/bin/../lib/gcc/sh-none-elf/8.2.0/libgcc.a(_usi_to_sf.o)
                0x000000000600c7f0                __floatunsisf
 .text          0x000000000600c884      0x114 /home/sansigolo/GameDev/joengine/Compiler/SH_NONE_ELF/bin/../lib/gcc/sh-none-elf/8.2.0/libgcc.a(_pack_sf.o)
                0x000000000600c884                __pack_f
 .text          0x000000000600c998       0xa0 /home/sansigolo/GameDev/joengine/Compiler/SH_NONE_ELF/bin/../lib/gcc/sh-none-elf/8.2.0/libgcc.a(_unpack_sf.o)
                0x000000000600c998                __unpack_f
 .text          0x000000000600ca38       0x1e /home/sansigolo/GameDev/joengine/Compiler/SH_NONE_ELF/bin/../lib/gcc/sh-none-elf/8.2.0/../../../../sh-none-elf/lib/libc.a(lib_a-memcmp.o)
                0x000000000600ca38                memcmp
 *fill*         0x000000000600ca56        0x2 
 .text          0x000000000600ca58       0x94 /home/sansigolo/GameDev/joengine/Compiler/SH_NONE_ELF/bin/../lib/gcc/sh-none-elf/8.2.0/../../../../sh-none-elf/lib/libc.a(lib_a-memcpy.o)
                0x000000000600ca58                memcpy
 .text          0x000000000600caec       0x40 /home/sansigolo/GameDev/joengine/Compiler/SH_NONE_ELF/bin/../lib/gcc/sh-none-elf/8.2.0/../../../../sh-none-elf/lib/libc.a(lib_a-memset.o)
                0x000000000600caec                memset
 .text          0x000000000600cb2c       0x8c /home/sansigolo/GameDev/joengine/Compiler/SH_NONE_ELF/bin/../lib/gcc/sh-none-elf/8.2.0/../../../../sh-none-elf/lib/libc.a(lib_a-sprintf.o)
                0x000000000600cb2c                _sprintf_r
                0x000000000600cb6c                sprintf
 .text          0x000000000600cbb8       0x2a /home/sansigolo/GameDev/joengine/Compiler/SH_NONE_ELF/bin/../lib/gcc/sh-none-elf/8.2.0/../../../../sh-none-elf/lib/libc.a(lib_a-strncmp.o)
                0x000000000600cbb8                strncmp
 .text          0x000000000600cbe2       0x32 /home/sansigolo/GameDev/joengine/Compiler/SH_NONE_ELF/bin/../lib/gcc/sh-none-elf/8.2.0/../../../../sh-none-elf/lib/libc.a(lib_a-strncpy.o)
                0x000000000600cbe2                strncpy
 .text          0x000000000600cc14     0x1378 /home/sansigolo/GameDev/joengine/Compiler/SH_NONE_ELF/bin/../lib/gcc/sh-none-elf/8.2.0/../../../../sh-none-elf/lib/libc.a(lib_a-svfprintf.o)
                0x000000000600cc14                _svfprintf_r
 .text          0x000000000600df8c      0xef4 /home/sansigolo/GameDev/joengine/Compiler/SH_NONE_ELF/bin/../lib/gcc/sh-none-elf/8.2.0/../../../../sh-none-elf/lib/libc.a(lib_a-dtoa.o)
                0x000000000600e0c0                _dtoa_r
 .text          0x000000000600ee80        0x0 /home/sansigolo/GameDev/joengine/Compiler/SH_NONE_ELF/bin/../lib/gcc/sh-none-elf/8.2.0/../../../../sh-none-elf/lib/libc.a(lib_a-impure.o)
 .text          0x000000000600ee80       0x40 /home/sansigolo/GameDev/joengine/Compiler/SH_NONE_ELF/bin/../lib/gcc/sh-none-elf/8.2.0/../../../../sh-none-elf/lib/libc.a(lib_a-localeconv.o)
                0x000000000600ee80                __localeconv_l
                0x000000000600ee88                _localeconv_r
                0x000000000600eea4                localeconv
 .text          0x000000000600eec0       0xa8 /home/sansigolo/GameDev/joengine/Compiler/SH_NONE_ELF/bin/../lib/gcc/sh-none-elf/8.2.0/../../../../sh-none-elf/lib/libc.a(lib_a-locale.o)
                0x000000000600eec0                _setlocale_r
                0x000000000600ef0c                __locale_mb_cur_max
                0x000000000600ef2c                __locale_ctype_ptr_l
                0x000000000600ef36                __locale_ctype_ptr
                0x000000000600ef54                setlocale
 .text          0x000000000600ef68       0x4c /home/sansigolo/GameDev/joengine/Compiler/SH_NONE_ELF/bin/../lib/gcc/sh-none-elf/8.2.0/../../../../sh-none-elf/lib/libc.a(lib_a-mbtowc_r.o)
                0x000000000600ef68                _mbtowc_r
                0x000000000600ef8c                __ascii_mbtowc
 .text          0x000000000600efb4       0x1c /home/sansigolo/GameDev/joengine/Compiler/SH_NONE_ELF/bin/../lib/gcc/sh-none-elf/8.2.0/../../../../sh-none-elf/lib/libc.a(lib_a-memchr.o)
                0x000000000600efb4                memchr
 .text          0x000000000600efd0      0xa9c /home/sansigolo/GameDev/joengine/Compiler/SH_NONE_ELF/bin/../lib/gcc/sh-none-elf/8.2.0/../../../../sh-none-elf/lib/libc.a(lib_a-mprec.o)
                0x000000000600efd0                _Balloc
                0x000000000600f044                _Bfree
                0x000000000600f05c                __multadd
                0x000000000600f104                __s2b
                0x000000000600f1c4                __hi0bits
                0x000000000600f218                __lo0bits
                0x000000000600f27c                __i2b
                0x000000000600f298                __multiply
                0x000000000600f3dc                __pow5mult
                0x000000000600f498                __lshift
                0x000000000600f58c                __mcmp
                0x000000000600f5c4                __mdiff
                0x000000000600f6a0                __ulp
                0x000000000600f70c                __b2d
                0x000000000600f7f4                __d2b
                0x000000000600f8e0                __ratio
                0x000000000600f964                _mprec_log10
                0x000000000600f9bc                __copybits
                0x000000000600fa00                __any_on
 .text          0x000000000600fa6c       0x34 /home/sansigolo/GameDev/joengine/Compiler/SH_NONE_ELF/bin/../lib/gcc/sh-none-elf/8.2.0/../../../../sh-none-elf/lib/libc.a(lib_a-nano-callocr.o)
                0x000000000600fa6c                _calloc_r
 .text          0x000000000600faa0       0xf4 /home/sansigolo/GameDev/joengine/Compiler/SH_NONE_ELF/bin/../lib/gcc/sh-none-elf/8.2.0/../../../../sh-none-elf/lib/libc.a(lib_a-nano-mallocr.o)
                0x000000000600faa0                _malloc_r
 .text          0x000000000600fb94       0x30 /home/sansigolo/GameDev/joengine/Compiler/SH_NONE_ELF/bin/../lib/gcc/sh-none-elf/8.2.0/../../../../sh-none-elf/lib/libc.a(lib_a-sbrkr.o)
                0x000000000600fb94                _sbrk_r
 .text          0x000000000600fbc4       0x38 /home/sansigolo/GameDev/joengine/Compiler/SH_NONE_ELF/bin/../lib/gcc/sh-none-elf/8.2.0/../../../../sh-none-elf/lib/libc.a(lib_a-strcmp.o)
                0x000000000600fbc4                strcmp
 .text          0x000000000600fbfc       0x20 /home/sansigolo/GameDev/joengine/Compiler/SH_NONE_ELF/bin/../lib/gcc/sh-none-elf/8.2.0/../../../../sh-none-elf/lib/libc.a(lib_a-strlen.o)
                0x000000000600fbfc                strlen
 .text          0x000000000600fc1c      0xa60 /home/sansigolo/GameDev/joengine/Compiler/SH_NONE_ELF/bin/../lib/gcc/sh-none-elf/8.2.0/../../../../sh-none-elf/lib/libc.a(lib_a-svfiprintf.o)
                0x000000000600fc1c                __ssprint_r
                0x000000000600fd50                _svfiprintf_r
 .text          0x000000000601067c      0x25c /home/sansigolo/GameDev/joengine/Compiler/SH_NONE_ELF/bin/../lib/gcc/sh-none-elf/8.2.0/../../../../sh-none-elf/lib/libc.a(lib_a-syscalls.o)
                0x00000000060106f4                _read
                0x0000000006010704                _lseek
                0x0000000006010714                _write
                0x0000000006010724                _close
                0x0000000006010734                _link
                0x0000000006010738                _sbrk
                0x0000000006010790                _fstat
                0x000000000601079a                _open
                0x00000000060107ac                _creat
                0x00000000060107bc                _unlink
                0x00000000060107c0                isatty
                0x00000000060107c4                _isatty
                0x00000000060107c8                _exit
                0x00000000060107d8                _kill
                0x00000000060107ec                _getpid
                0x00000000060107f0                _raise
                0x00000000060107f4                _stat
                0x0000000006010804                _chmod
                0x0000000006010814                _chown
                0x0000000006010824                _utime
                0x0000000006010838                _fork
                0x0000000006010844                _wait
                0x0000000006010854                _execve
                0x0000000006010864                _execv
                0x0000000006010874                _pipe
                0x0000000006010880                _times
                0x0000000006010884                _gettimeofday
                0x00000000060108ac                __setup_argv_and_call_main
 .text          0x00000000060108d8       0x14 /home/sansigolo/GameDev/joengine/Compiler/SH_NONE_ELF/bin/../lib/gcc/sh-none-elf/8.2.0/../../../../sh-none-elf/lib/libc.a(lib_a-trap.o)
                0x00000000060108d8                __trap34
 .text          0x00000000060108ec       0x40 /home/sansigolo/GameDev/joengine/Compiler/SH_NONE_ELF/bin/../lib/gcc/sh-none-elf/8.2.0/../../../../sh-none-elf/lib/libc.a(lib_a-wctomb_r.o)
                0x00000000060108ec                _wctomb_r
                0x000000000601090c                __ascii_wctomb
 .text          0x000000000601092c       0x18 /home/sansigolo/GameDev/joengine/Compiler/SH_NONE_ELF/bin/../lib/gcc/sh-none-elf/8.2.0/../../../../sh-none-elf/lib/libc.a(lib_a-abort.o)
                0x000000000601092c                abort
 .text          0x0000000006010944        0x0 /home/sansigolo/GameDev/joengine/Compiler/SH_NONE_ELF/bin/../lib/gcc/sh-none-elf/8.2.0/../../../../sh-none-elf/lib/libc.a(lib_a-ctype_.o)
 .text          0x0000000006010944       0x3c /home/sansigolo/GameDev/joengine/Compiler/SH_NONE_ELF/bin/../lib/gcc/sh-none-elf/8.2.0/../../../../sh-none-elf/lib/libc.a(lib_a-memmove.o)
                0x0000000006010944                memmove
 .text          0x0000000006010980        0x8 /home/sansigolo/GameDev/joengine/Compiler/SH_NONE_ELF/bin/../lib/gcc/sh-none-elf/8.2.0/../../../../sh-none-elf/lib/libc.a(lib_a-mlock.o)
                0x0000000006010980                __malloc_lock
                0x0000000006010984                __malloc_unlock
 .text          0x0000000006010988       0xc8 /home/sansigolo/GameDev/joengine/Compiler/SH_NONE_ELF/bin/../lib/gcc/sh-none-elf/8.2.0/../../../../sh-none-elf/lib/libc.a(lib_a-nano-freer.o)
                0x0000000006010988                _free_r
 .text          0x0000000006010a50       0x7c /home/sansigolo/GameDev/joengine/Compiler/SH_NONE_ELF/bin/../lib/gcc/sh-none-elf/8.2.0/../../../../sh-none-elf/lib/libc.a(lib_a-nano-reallocr.o)
                0x0000000006010a50                _realloc_r
 .text          0x0000000006010acc      0x1b0 /home/sansigolo/GameDev/joengine/Compiler/SH_NONE_ELF/bin/../lib/gcc/sh-none-elf/8.2.0/../../../../sh-none-elf/lib/libc.a(lib_a-signal.o)
                0x0000000006010acc                _init_signal_r
                0x0000000006010b08                _signal_r
                0x0000000006010b54                _raise_r
                0x0000000006010bcc                __sigtramp_r
                0x0000000006010c30                raise
                0x0000000006010c44                signal
                0x0000000006010c58                _init_signal
                0x0000000006010c68                __sigtramp
 .text          0x0000000006010c7c       0x40 /home/sansigolo/GameDev/joengine/Compiler/SH_NONE_ELF/bin/../lib/gcc/sh-none-elf/8.2.0/../../../../sh-none-elf/lib/libc.a(lib_a-signalr.o)
                0x0000000006010c7c                _kill_r
                0x0000000006010cb0                _getpid_r
 .text          0x0000000006010cbc       0x16 /home/sansigolo/GameDev/joengine/Compiler/SH_NONE_ELF/bin/../lib/gcc/sh-none-elf/8.2.0/../../../../sh-none-elf/lib/libc.a(lib_a-nano-msizer.o)
                0x0000000006010cbc                _malloc_usable_size_r
 *fill*         0x0000000006010cd2        0x2 
 .text          0x0000000006010cd4       0x80 /home/sansigolo/GameDev/joengine/Compiler/SH_NONE_ELF/bin/../lib/gcc/sh-none-elf/8.2.0/libgcc.a(_ashiftrt_n.o)
                0x0000000006010cd4                __ashrsi3
 .text          0x0000000006010d54       0xbc /home/sansigolo/GameDev/joengine/Compiler/SH_NONE_ELF/bin/../lib/gcc/sh-none-elf/8.2.0/libgcc.a(_ashiftlt.o)
                0x0000000006010d54                __ashlsi3
                0x0000000006010d58                __ashlsi3_r0
 .text          0x0000000006010e10       0xbc /home/sansigolo/GameDev/joengine/Compiler/SH_NONE_ELF/bin/../lib/gcc/sh-none-elf/8.2.0/libgcc.a(_lshiftrt.o)
                0x0000000006010e10                __lshrsi3
                0x0000000006010e14                __lshrsi3_r0
 .text          0x0000000006010ecc      0x258 /home/sansigolo/GameDev/joengine/Compiler/SH_NONE_ELF/bin/../lib/gcc/sh-none-elf/8.2.0/libgcc.a(_udivdi3.o)
                0x0000000006010ecc                __udivdi3
 .text          0x0000000006011124      0x2bc /home/sansigolo/GameDev/joengine/Compiler/SH_NONE_ELF/bin/../lib/gcc/sh-none-elf/8.2.0/libgcc.a(_umoddi3.o)
                0x0000000006011124                __umoddi3
 .text          0x00000000060113e0      0x3b4 /home/sansigolo/GameDev/joengine/Compiler/SH_NONE_ELF/bin/../lib/gcc/sh-none-elf/8.2.0/libgcc.a(_addsub_df.o)
                0x00000000060116f0                __adddf3
                0x0000000006011740                __subdf3
 .text          0x0000000006011794      0x208 /home/sansigolo/GameDev/joengine/Compiler/SH_NONE_ELF/bin/../lib/gcc/sh-none-elf/8.2.0/libgcc.a(_mul_df.o)
                0x0000000006011794                __muldf3
 .text          0x000000000601199c      0x130 /home/sansigolo/GameDev/joengine/Compiler/SH_NONE_ELF/bin/../lib/gcc/sh-none-elf/8.2.0/libgcc.a(_div_df.o)
                0x000000000601199c                __divdf3
 .text          0x0000000006011acc       0x58 /home/sansigolo/GameDev/joengine/Compiler/SH_NONE_ELF/bin/../lib/gcc/sh-none-elf/8.2.0/libgcc.a(_eq_df.o)
                0x0000000006011acc                __eqdf2
 .text          0x0000000006011b24       0x58 /home/sansigolo/GameDev/joengine/Compiler/SH_NONE_ELF/bin/../lib/gcc/sh-none-elf/8.2.0/libgcc.a(_ne_df.o)
                0x0000000006011b24                __nedf2
 .text          0x0000000006011b7c       0x50 /home/sansigolo/GameDev/joengine/Compiler/SH_NONE_ELF/bin/../lib/gcc/sh-none-elf/8.2.0/libgcc.a(_gt_df.o)
                0x0000000006011b7c                __gtdf2
 .text          0x0000000006011bcc       0x50 /home/sansigolo/GameDev/joengine/Compiler/SH_NONE_ELF/bin/../lib/gcc/sh-none-elf/8.2.0/libgcc.a(_ge_df.o)
                0x0000000006011bcc                __gedf2
 .text          0x0000000006011c1c       0x58 /home/sansigolo/GameDev/joengine/Compiler/SH_NONE_ELF/bin/../lib/gcc/sh-none-elf/8.2.0/libgcc.a(_lt_df.o)
                0x0000000006011c1c                __ltdf2
 .text          0x0000000006011c74       0x58 /home/sansigolo/GameDev/joengine/Compiler/SH_NONE_ELF/bin/../lib/gcc/sh-none-elf/8.2.0/libgcc.a(_le_df.o)
                0x0000000006011c74                __ledf2
 .text          0x0000000006011ccc       0x40 /home/sansigolo/GameDev/joengine/Compiler/SH_NONE_ELF/bin/../lib/gcc/sh-none-elf/8.2.0/libgcc.a(_unord_df.o)
                0x0000000006011ccc                __unorddf2
 .text          0x0000000006011d0c       0xa8 /home/sansigolo/GameDev/joengine/Compiler/SH_NONE_ELF/bin/../lib/gcc/sh-none-elf/8.2.0/libgcc.a(_si_to_df.o)
                0x0000000006011d0c                __floatsidf
 .text          0x0000000006011db4       0xa4 /home/sansigolo/GameDev/joengine/Compiler/SH_NONE_ELF/bin/../lib/gcc/sh-none-elf/8.2.0/libgcc.a(_df_to_si.o)
                0x0000000006011db4                __fixdfsi
 .text          0x0000000006011e58        0x0 /home/sansigolo/GameDev/joengine/Compiler/SH_NONE_ELF/bin/../lib/gcc/sh-none-elf/8.2.0/libgcc.a(_thenan_df.o)
 .text          0x0000000006011e58       0x88 /home/sansigolo/GameDev/joengine/Compiler/SH_NONE_ELF/bin/../lib/gcc/sh-none-elf/8.2.0/libgcc.a(_usi_to_df.o)
                0x0000000006011e58                __floatunsidf
 .text          0x0000000006011ee0       0x60 /home/sansigolo/GameDev/joengine/Compiler/SH_NONE_ELF/bin/../lib/gcc/sh-none-elf/8.2.0/libgcc.a(_udiv_qrnnd_16.o)
                0x0000000006011ee0                __udiv_qrnnd_16
 .text          0x0000000006011f40        0x0 /home/sansigolo/GameDev/joengine/Compiler/SH_NONE_ELF/bin/../lib/gcc/sh-none-elf/8.2.0/libgcc.a(_clz.o)
 .text          0x0000000006011f40       0x58 /home/sansigolo/GameDev/joengine/Compiler/SH_NONE_ELF/bin/../lib/gcc/sh-none-elf/8.2.0/libgcc.a(_clzsi2.o)
                0x0000000006011f40                __clzsi2
 .text          0x0000000006011f98      0x25c /home/sansigolo/GameDev/joengine/Compiler/SH_NONE_ELF/bin/../lib/gcc/sh-none-elf/8.2.0/libgcc.a(_pack_df.o)
                0x0000000006011f98                __pack_d
 .text          0x00000000060121f4       0xcc /home/sansigolo/GameDev/joengine/Compiler/SH_NONE_ELF/bin/../lib/gcc/sh-none-elf/8.2.0/libgcc.a(_unpack_df.o)
                0x00000000060121f4                __unpack_d
 .text          0x00000000060122c0       0xc8 /home/sansigolo/GameDev/joengine/Compiler/SH_NONE_ELF/bin/../lib/gcc/sh-none-elf/8.2.0/libgcc.a(_fpcmp_parts_df.o)
                0x00000000060122c0                __fpcmp_parts_d
 *(.strings)
                0x0000000006012388                __etext = .

.text.startup   0x0000000006012388      0x48c
 .text.startup  0x0000000006012388      0x48c /tmp/ccGTXIKE.ltrans0.ltrans.o
                0x0000000006012388                main

.rodata         0x0000000006012820      0x684
 *(.rodata)
 .rodata        0x0000000006012820      0x174 /tmp/ccGTXIKE.ltrans0.ltrans.o
 .rodata        0x0000000006012994       0x10 /home/sansigolo/GameDev/joengine/Compiler/SH_NONE_ELF/bin/../lib/gcc/sh-none-elf/8.2.0/libgcc.a(_thenan_sf.o)
                0x0000000006012994                __thenan_sf
 .rodata        0x00000000060129a4       0x20 /home/sansigolo/GameDev/joengine/Compiler/SH_NONE_ELF/bin/../lib/gcc/sh-none-elf/8.2.0/../../../../sh-none-elf/lib/libc.a(lib_a-svfprintf.o)
 .rodata        0x00000000060129c4        0x4 /home/sansigolo/GameDev/joengine/Compiler/SH_NONE_ELF/bin/../lib/gcc/sh-none-elf/8.2.0/../../../../sh-none-elf/lib/libc.a(lib_a-impure.o)
                0x00000000060129c4                _global_impure_ptr
 .rodata        0x00000000060129c8      0x124 /home/sansigolo/GameDev/joengine/Compiler/SH_NONE_ELF/bin/../lib/gcc/sh-none-elf/8.2.0/../../../../sh-none-elf/lib/libc.a(lib_a-mprec.o)
                0x00000000060129d4                __mprec_tinytens
                0x00000000060129fc                __mprec_bigtens
                0x0000000006012a24                __mprec_tens
 .rodata        0x0000000006012aec       0x20 /home/sansigolo/GameDev/joengine/Compiler/SH_NONE_ELF/bin/../lib/gcc/sh-none-elf/8.2.0/../../../../sh-none-elf/lib/libc.a(lib_a-svfiprintf.o)
 .rodata        0x0000000006012b0c      0x284 /home/sansigolo/GameDev/joengine/Compiler/SH_NONE_ELF/bin/../lib/gcc/sh-none-elf/8.2.0/../../../../sh-none-elf/lib/libc.a(lib_a-ctype_.o)
                0x0000000006012b0c                _ctype_
                0x0000000006012c10                _ctype_b
 .rodata        0x0000000006012d90       0x14 /home/sansigolo/GameDev/joengine/Compiler/SH_NONE_ELF/bin/../lib/gcc/sh-none-elf/8.2.0/libgcc.a(_thenan_df.o)
                0x0000000006012d90                __thenan_df
 .rodata        0x0000000006012da4      0x100 /home/sansigolo/GameDev/joengine/Compiler/SH_NONE_ELF/bin/../lib/gcc/sh-none-elf/8.2.0/libgcc.a(_clz.o)
                0x0000000006012da4                __clz_tab

.rodata.str1.4  0x0000000006012ea4      0x36a
 .rodata.str1.4
                0x0000000006012ea4      0x2f4 /tmp/ccGTXIKE.ltrans0.ltrans.o
                                        0x309 (size before relaxing)
 .rodata.str1.4
                0x0000000006013198       0x3a /home/sansigolo/GameDev/joengine/Compiler/SH_NONE_ELF/bin/../lib/gcc/sh-none-elf/8.2.0/../../../../sh-none-elf/lib/libc.a(lib_a-svfprintf.o)
 *fill*         0x00000000060131d2        0x2 
 .rodata.str1.4
                0x00000000060131d4        0xd /home/sansigolo/GameDev/joengine/Compiler/SH_NONE_ELF/bin/../lib/gcc/sh-none-elf/8.2.0/../../../../sh-none-elf/lib/libc.a(lib_a-dtoa.o)
                                         0x12 (size before relaxing)
 *fill*         0x00000000060131e1        0x3 
 .rodata.str1.4
                0x00000000060131e4        0xe /home/sansigolo/GameDev/joengine/Compiler/SH_NONE_ELF/bin/../lib/gcc/sh-none-elf/8.2.0/../../../../sh-none-elf/lib/libc.a(lib_a-locale.o)
                                         0x12 (size before relaxing)
 .rodata.str1.4
                0x00000000060131f2       0x25 /home/sansigolo/GameDev/joengine/Compiler/SH_NONE_ELF/bin/../lib/gcc/sh-none-elf/8.2.0/../../../../sh-none-elf/lib/libc.a(lib_a-svfiprintf.o)
 *fill*         0x00000000060131f2        0x2 
 .rodata.str1.4
                0x00000000060131f4       0x1a /home/sansigolo/GameDev/joengine/Compiler/SH_NONE_ELF/bin/../lib/gcc/sh-none-elf/8.2.0/../../../../sh-none-elf/lib/libc.a(lib_a-syscalls.o)

.eh_frame       0x0000000006013210      0x170
 .eh_frame      0x0000000006013210       0xa8 /home/sansigolo/GameDev/joengine/Compiler/SH_NONE_ELF/bin/../lib/gcc/sh-none-elf/8.2.0/libgcc.a(_udivdi3.o)
 .eh_frame      0x00000000060132b8       0xc8 /home/sansigolo/GameDev/joengine/Compiler/SH_NONE_ELF/bin/../lib/gcc/sh-none-elf/8.2.0/libgcc.a(_umoddi3.o)
                                         0xdc (size before relaxing)

.rela.dyn       0x0000000006013380        0x0
 .rela.text     0x0000000006013380        0x0 /home/sansigolo/GameDev/joengine/Compiler/SH_NONE_ELF/bin/../lib/gcc/sh-none-elf/8.2.0/../../../../sh-none-elf/lib/libc.a(lib_a-sbrkr.o)
 .rela.text.startup
                0x0000000006013380        0x0 /home/sansigolo/GameDev/joengine/Compiler/SH_NONE_ELF/bin/../lib/gcc/sh-none-elf/8.2.0/../../../../sh-none-elf/lib/libc.a(lib_a-sbrkr.o)

SLPROG          0x0000000006013380    0x116a0
                0x0000000006013380                __slprog_start = .
 *(SLPROG)
 SLPROG         0x0000000006013380     0x6540 ../../Compiler/SGL_302j/LIB_COFF/SGLAREA.O
                0x0000000006013380                MasterStack
                0x0000000006013384                SlaveStack
                0x0000000006013388                MaxVertices
                0x000000000601338a                MaxPolygons
                0x000000000601338c                SortList
                0x0000000006013390                SortListSize
                0x0000000006013394                TransList
                0x0000000006013398                Zbuffer
                0x000000000601339c                SpriteBuf
                0x00000000060133a0                SpriteBufSize
                0x00000000060133a4                Pbuffer
                0x00000000060133a8                CommandBuf
                0x00000000060133ac                CLOfstBuf
                0x00000000060133b0                PCM_Work
                0x00000000060133b4                PCM_WkSize
                0x00000000060133b8                MaxEvents
                0x00000000060133ba                EventSize
                0x00000000060133bc                MaxWorks
                0x00000000060133be                WorkSize
                0x00000000060133c0                RemainEvent
                0x00000000060134c0                RemainWork
                0x00000000060138c0                EventBuf
                0x00000000060158c0                WorkBuf
 SLPROG         0x00000000060198c0       0x18 ../../Compiler/SGL_302j/LIB_COFF/LIBSGL.A(sglA15.o)
                0x00000000060198c0                slSlaveFunc
 *fill*         0x00000000060198d8        0x8 
 SLPROG         0x00000000060198e0      0x42c ../../Compiler/SGL_302j/LIB_COFF/LIBSGL.A(sglA20.o)
                0x00000000060198e0                slInitMatrix
                0x00000000060198ea                slPushUnitMatrix
                0x00000000060198fe                slUnitMatrix
 *fill*         0x0000000006019d0c        0x4 
 SLPROG         0x0000000006019d10       0x48 ../../Compiler/SGL_302j/LIB_COFF/LIBSGL.A(sglA21.o)
                0x0000000006019d10                slPushMatrix
                0x0000000006019d44                slPopMatrix
                0x0000000006019d44                slDecMatrixPtr
 *fill*         0x0000000006019d58        0x8 
 SLPROG         0x0000000006019d60       0x50 ../../Compiler/SGL_302j/LIB_COFF/LIBSGL.A(sglA27.o)
                0x0000000006019d60                slTranslate
 SLPROG         0x0000000006019db0       0x20 ../../Compiler/SGL_302j/LIB_COFF/LIBSGL.A(sglB001.o)
                0x0000000006019db0                slTVOn
                0x0000000006019dba                slTVOff
 SLPROG         0x0000000006019dd0       0x24 ../../Compiler/SGL_302j/LIB_COFF/LIBSGL.A(sglB011.o)
                0x0000000006019dd0                slBitMapNbg1
 *fill*         0x0000000006019df4        0xc 
 SLPROG         0x0000000006019e00      0x40c ../../Compiler/SGL_302j/LIB_COFF/LIBSGL.A(sglB015.o)
                0x0000000006019e00                slScrAutoDisp
 *fill*         0x000000000601a20c        0x4 
 SLPROG         0x000000000601a210        0xc ../../Compiler/SGL_302j/LIB_COFF/LIBSGL.A(sglB016.o)
                0x000000000601a210                slBack1ColSet
 *fill*         0x000000000601a21c        0x4 
 SLPROG         0x000000000601a220       0xb4 ../../Compiler/SGL_302j/LIB_COFF/LIBSGL.A(sglB032.o)
                0x000000000601a220                slMapNbg1
 *fill*         0x000000000601a2d4        0xc 
 SLPROG         0x000000000601a2e0        0xc ../../Compiler/SGL_302j/LIB_COFF/LIBSGL.A(sglB053.o)
                0x000000000601a2e0                slZoomNbg1
 *fill*         0x000000000601a2ec        0x4 
 SLPROG         0x000000000601a2f0        0xc ../../Compiler/SGL_302j/LIB_COFF/LIBSGL.A(sglB056.o)
                0x000000000601a2f0                slPlaneNbg1
 *fill*         0x000000000601a2fc        0x4 
 SLPROG         0x000000000601a300        0xc ../../Compiler/SGL_302j/LIB_COFF/LIBSGL.A(sglB063.o)
                0x000000000601a300                slPriority
 *fill*         0x000000000601a30c        0x4 
 SLPROG         0x000000000601a310      0x114 ../../Compiler/SGL_302j/LIB_COFF/LIBSGL.A(sglB200.o)
                0x000000000601a310                slCharRbg0
                0x000000000601a31c                slCharNbg0
                0x000000000601a328                slCharNbg1
                0x000000000601a334                slCharNbg2
                0x000000000601a34a                slCharNbg3
                0x000000000601a362                slPageRbg0
                0x000000000601a378                slPageNbg1
                0x000000000601a380                slPageNbg2
                0x000000000601a388                slPageNbg3
                0x000000000601a394                slPageNbg0
 *fill*         0x000000000601a424        0xc 
 SLPROG         0x000000000601a430       0xfa ../../Compiler/SGL_302j/LIB_COFF/LIBSGL.A(sglC06.o)
                0x000000000601a430                slDispSprite
 *fill*         0x000000000601a52a        0x6 
 SLPROG         0x000000000601a530      0x162 ../../Compiler/SGL_302j/LIB_COFF/LIBSGL.A(sglC07.o)
                0x000000000601a536                slPutSprite
 *fill*         0x000000000601a692        0xe 
 SLPROG         0x000000000601a6a0     0x1218 ../../Compiler/SGL_302j/LIB_COFF/LIBSGL.A(sglC08.o)
                0x000000000601a6a0                slPutPolygon
                0x000000000601b31c                MsCalcDepthFlat
 *fill*         0x000000000601b8b8        0x8 
 SLPROG         0x000000000601b8c0       0x40 ../../Compiler/SGL_302j/LIB_COFF/LIBSGL.A(sglC20.o)
                0x000000000601b8c0                SpriteEntry
 SLPROG         0x000000000601b900       0x84 ../../Compiler/SGL_302j/LIB_COFF/LIBSGL.A(sglD00.o)
                0x000000000601b900                slDMACopy
                0x000000000601b900                slCpuDMACopy
                0x000000000601b95a                slCashPurge
                0x000000000601b95a                CSH_AllClr
 *fill*         0x000000000601b984        0xc 
 SLPROG         0x000000000601b990       0xa0 ../../Compiler/SGL_302j/LIB_COFF/LIBSGL.A(sglD01.o)
                0x000000000601b990                slDMAXCopy
 SLPROG         0x000000000601ba30        0xc ../../Compiler/SGL_302j/LIB_COFF/LIBSGL.A(sglD03.o)
                0x000000000601ba30                slDMAStatus
 *fill*         0x000000000601ba3c        0x4 
 SLPROG         0x000000000601ba40       0x20 ../../Compiler/SGL_302j/LIB_COFF/LIBSGL.A(sglD15.o)
                0x000000000601ba40                CSH_Purge
 SLPROG         0x000000000601ba60       0x84 ../../Compiler/SGL_302j/LIB_COFF/LIBSGL.A(sglD16.o)
                0x000000000601ba60                DMA_ScuSetPrm
                0x000000000601baa8                DMA_SCU_PRM0
 *fill*         0x000000000601bae4        0xc 
 SLPROG         0x000000000601baf0       0x88 ../../Compiler/SGL_302j/LIB_COFF/LIBSGL.A(sglD17.o)
                0x000000000601baf0                DMA_ScuStart
 *fill*         0x000000000601bb78        0x8 
 SLPROG         0x000000000601bb80       0x34 ../../Compiler/SGL_302j/LIB_COFF/LIBSGL.A(sglD18.o)
                0x000000000601bb80                DMA_ScuGetStatus
 *fill*         0x000000000601bbb4        0xc 
 SLPROG         0x000000000601bbc0       0x4e ../../Compiler/SGL_302j/LIB_COFF/LIBSGL.A(sglF00.o)
                0x000000000601bbc0                slCurScrn
                0x000000000601bbd0                slCurColor
                0x000000000601bbda                slLocate
                0x000000000601bc0c                CurrentScreen
 *fill*         0x000000000601bc0e        0x2 
 SLPROG         0x000000000601bc10       0x1c ../../Compiler/SGL_302j/LIB_COFF/LIBSGL.A(sglF05.o)
                0x000000000601bc10                slPrint
 *fill*         0x000000000601bc2c        0x4 
 SLPROG         0x000000000601bc30      0xfc8 ../../Compiler/SGL_302j/LIB_COFF/LIBSGL.A(sglH00.o)
                0x000000000601bc48                slGetPortDir1
                0x000000000601bc50                slGetPortDir2
                0x000000000601bc58                slSetPortDir1
                0x000000000601bc82                slSetPortDir2
                0x000000000601bcbc                slGetPortData1
                0x000000000601bcc4                slGetPortData2
                0x000000000601bccc                slSetPortData1
                0x000000000601bcd6                slSetPortData2
                0x000000000601bce8                slGetPortSelect1
                0x000000000601bcf2                slGetPortSelect2
                0x000000000601bcfc                slSetPortSelect1
                0x000000000601bd30                slSetPortSelect2
                0x000000000601bd6c                slGetPortExt1
                0x000000000601bd76                slGetPortExt2
                0x000000000601bd80                slSetPortExt1
                0x000000000601bdb0                slSetPortExt2
                0x000000000601bf24                slSmpcDirectAccess
                0x000000000601bfa4                slInitPeripheral
                0x000000000601c036                slSetResultBuffer
                0x000000000601c0c2                slCheckIntBackSet
                0x000000000601c0ce                slIntBackCancel
                0x000000000601c0f8                slCheckReset
                0x000000000601c102                slClearReset
                0x000000000601c2c8                slSmpcCashSend
                0x000000000601c384                slSmpcCashBlow
                0x000000000601c460                slGetOptimize
                0x000000000601c46a                slSetOptimize
                0x000000000601c490                slGetPortMode1
                0x000000000601c49c                slGetPortMode2
                0x000000000601c4aa                slSetPortMode1
                0x000000000601c4e8                slSetPortMode2
                0x000000000601c674                slRequestCommand
                0x000000000601c6e4                Smpc_Status
                0x000000000601c6e8                Smpc_Result
                0x000000000601c6ec                Smpc_Peripheral
                0x000000000601c6f2                Per_Connect1
                0x000000000601c6f3                Per_Connect2
                0x000000000601c714                SmpcStatusBuf
 *fill*         0x000000000601cbf8        0x8 
 SLPROG         0x000000000601cc00       0xa8 ../../Compiler/SGL_302j/LIB_COFF/LIBSGL.A(sglH01.o)
                0x000000000601cc00                slGetLanguage
                0x000000000601cc0a                slSetLanguage
                0x000000000601cc2c                slGetSoundEffect
                0x000000000601cc38                slSetSoundEffect
                0x000000000601cc54                slGetSoundOutput
                0x000000000601cc60                slSetSoundOutput
                0x000000000601cc7c                slGetHelpWindow
                0x000000000601cc88                slSetHelpWindow
 *fill*         0x000000000601cca8        0x8 
 SLPROG         0x000000000601ccb0      0x470 ../../Compiler/SGL_302j/LIB_COFF/LIBSGL.A(sglH02.o)
                0x000000000601d0a0                smpc_pfr_tbl
                0x000000000601d0e0                smpc_ptf_tbl
 SLPROG         0x000000000601d120       0x60 ../../Compiler/SGL_302j/LIB_COFF/LIBSGL.A(sglH04.o)
                0x000000000601d120                slComPrmIntBack
                0x000000000601d134                slComPrmSetMemory
                0x000000000601d14a                slComPrmSetTime
 SLPROG         0x000000000601d180      0x3a4 ../../Compiler/SGL_302j/LIB_COFF/LIBSGL.A(sglI01.o)
                0x000000000601d180                slInitSynch
                0x000000000601d19a                slSynch
                0x000000000601d290                slRandom
                0x000000000601d2ae                PCM_EndCheck
                0x000000000601d36a                RetPCMBuf
                0x000000000601d404                PCM_Buf
                0x000000000601d4a4                Sound_Buf
 *fill*         0x000000000601d524        0xc 
 SLPROG         0x000000000601d530       0x74 ../../Compiler/SGL_302j/LIB_COFF/LIBSGL.A(sglJ00.o)
                0x000000000601d530                InitSlaveSH
                0x000000000601d598                SlaveCommand
 *fill*         0x000000000601d5a4        0xc 
 SLPROG         0x000000000601d5b0      0x3d0 ../../Compiler/SGL_302j/LIB_COFF/LIBSGL.A(sglJ01.o)
                0x000000000601d5b0                SlaveControl
                0x000000000601d96c                ErasePolygonData
 SLPROG         0x000000000601d980     0x12b8 ../../Compiler/SGL_302j/LIB_COFF/LIBSGL.A(sglJ02.o)
                0x000000000601d980                sbMakePolygon
                0x000000000601db68                sbCalcPolygon
                0x000000000601e8a0                SetTexture
                0x000000000601e8ac                SetPolygon
                0x000000000601e8b4                SetPosition
                0x000000000601e8ec                stvtc_4
                0x000000000601e9a4                stvtc_3
                0x000000000601ebb4                stvtc_1
                0x000000000601ebc8                stvtc_2
                0x000000000601ebdc                stvtc_0
 *fill*         0x000000000601ec38        0x8 
 SLPROG         0x000000000601ec40      0x140 ../../Compiler/SGL_302j/LIB_COFF/LIBSGL.A(sglJ03.o)
                0x000000000601ec40                sbMakeDMATable
 SLPROG         0x000000000601ed80      0x470 ../../Compiler/SGL_302j/LIB_COFF/LIBSGL.A(sglJ04.o)
                0x000000000601edde                sbMakeSprite
                0x000000000601ee44                sbMakeRotSprite
 SLPROG         0x000000000601f1f0       0x3c ../../Compiler/SGL_302j/LIB_COFF/LIBSGL.A(sglJ05.o)
                0x000000000601f1f0                sbSortEntry
 *fill*         0x000000000601f22c        0x4 
 SLPROG         0x000000000601f230       0x6a ../../Compiler/SGL_302j/LIB_COFF/LIBSGL.A(sglM01.o)
                0x000000000601f230                slSetDepthLimit
                0x000000000601f25c                slSetDepthTbl
                0x000000000601f28c                DepthWorkArea
 *fill*         0x000000000601f29a        0x6 
 SLPROG         0x000000000601f2a0       0x20 ../../Compiler/SGL_302j/LIB_COFF/LIBSGL.A(sglA00.o)
                0x000000000601f2a0                set_imask
                0x000000000601f2a0                _builtin_set_imask
                0x000000000601f2b4                get_imask
                0x000000000601f2b4                _builtin_get_imask
 SLPROG         0x000000000601f2c0     0x411e ../../Compiler/SGL_302j/LIB_COFF/LIBSGL.A(sglA01.o)
                0x000000000601f2c0                slSin
                0x000000000601f2e4                slCos
                0x000000000601f308                GetSinCos
                0x000000000601f39c                sin_cos_index_tbl
                0x000000000601f3dc                sin_tbl
 *fill*         0x00000000060233de        0x2 
 SLPROG         0x00000000060233e0      0xbd0 ../../Compiler/SGL_302j/LIB_COFF/LIBSGL.A(sglB000.o)
                0x00000000060233e0                slInitScroll
                0x0000000006023500                setASC_1to8
                0x0000000006023530                setASC_4to8
                0x0000000006023640                TVSizeTbl
                0x00000000060236c0                TVModeTbl
                0x0000000006023898                SGL_ASCII_CG
 SLPROG         0x0000000006023fb0       0xd4 ../../Compiler/SGL_302j/LIB_COFF/LIBSGL.A(sglB035.o)
                0x0000000006023fb0                sl1MapRA
                0x0000000006024042                rbank_set
 *fill*         0x0000000006024084        0xc 
 SLPROG         0x0000000006024090      0x134 ../../Compiler/SGL_302j/LIB_COFF/LIBSGL.A(sglC00.o)
                0x0000000006024090                slInitSprite
 *fill*         0x00000000060241c4        0xc 
 SLPROG         0x00000000060241d0      0x75c ../../Compiler/SGL_302j/LIB_COFF/LIBSGL.A(sglI00.o)
                0x00000000060244c0                slInitInterrupt
 *fill*         0x000000000602492c        0x4 
 SLPROG         0x0000000006024930       0xf0 ../../Compiler/SGL_302j/LIB_COFF/LIBSGL.A(sglH03.o)
                0x0000000006024994                slSmpcIntBack
                0x0000000006024a20                __slprog_end = .

.tors           0x0000000006024a20        0x0
                0x0000000006024a20                ___ctors = .
 *(.ctors)
                0x0000000006024a20                ___ctors_end = .
                0x0000000006024a20                ___dtors = .
 *(.dtors)
                0x0000000006024a20                ___dtors_end = .

.data           0x0000000006024a20      0x634
 *(.data)
 .data          0x0000000006024a20        0x0 ../../Compiler/SGL_302j/LIB_COFF/SGLAREA.O
 .data          0x0000000006024a20       0x1c /tmp/ccGTXIKE.ltrans0.ltrans.o
 *fill*         0x0000000006024a3c        0x4 
 .data          0x0000000006024a40        0x0 ../../Compiler/SGL_302j/LIB_COFF/SEGA_SYS.A(sys_exit.o)
 .data          0x0000000006024a40        0x0 ../../Compiler/SGL_302j/LIB_COFF/SEGA_SYS.A(sys_sub.o)
 .data          0x0000000006024a40        0x0 ../../Compiler/SGL_302j/LIB_COFF/LIBCD.A(CDC_CMN.O)
 .data          0x0000000006024a40        0x0 ../../Compiler/SGL_302j/LIB_COFF/LIBCD.A(CDC_CFS.O)
 .data          0x0000000006024a40        0x0 ../../Compiler/SGL_302j/LIB_COFF/LIBCD.A(CDC_REG.O)
 .data          0x0000000006024a40        0x0 ../../Compiler/SGL_302j/LIB_COFF/LIBCD.A(CDC_SUB.O)
 .data          0x0000000006024a40        0x0 ../../Compiler/SGL_302j/LIB_COFF/LIBCD.A(GFS.O)
 .data          0x0000000006024a40        0x0 ../../Compiler/SGL_302j/LIB_COFF/LIBCD.A(GFS_BUF.O)
 .data          0x0000000006024a40        0x0 ../../Compiler/SGL_302j/LIB_COFF/LIBCD.A(GFS_CDB.O)
 .data          0x0000000006024a40        0x0 ../../Compiler/SGL_302j/LIB_COFF/LIBCD.A(GFS_CDC.O)
 .data          0x0000000006024a40        0x0 ../../Compiler/SGL_302j/LIB_COFF/LIBCD.A(GFS_CDF.O)
 .data          0x0000000006024a40        0x0 ../../Compiler/SGL_302j/LIB_COFF/LIBCD.A(GFS_DIR.O)
 .data          0x0000000006024a40        0x0 ../../Compiler/SGL_302j/LIB_COFF/LIBCD.A(GFS_TRN.O)
 .data          0x0000000006024a40        0x0 ../../Compiler/SGL_302j/LIB_COFF/LIBCD.A(CDC_DRV.O)
 .data          0x0000000006024a40        0x0 ../../Compiler/SGL_302j/LIB_COFF/LIBCD.A(CDC_DEV.O)
 .data          0x0000000006024a40        0x0 ../../Compiler/SGL_302j/LIB_COFF/LIBCD.A(CDC_SEL.O)
 .data          0x0000000006024a40        0x0 ../../Compiler/SGL_302j/LIB_COFF/LIBCD.A(CDC_BIF.O)
 .data          0x0000000006024a40        0x0 ../../Compiler/SGL_302j/LIB_COFF/LIBCD.A(CDC_BIO.O)
 .data          0x0000000006024a40        0x0 ../../Compiler/SGL_302j/LIB_COFF/LIBSGL.A(sglA15.o)
 .data          0x0000000006024a40        0x0 ../../Compiler/SGL_302j/LIB_COFF/LIBSGL.A(sglA20.o)
 .data          0x0000000006024a40        0x0 ../../Compiler/SGL_302j/LIB_COFF/LIBSGL.A(sglA21.o)
 .data          0x0000000006024a40        0x0 ../../Compiler/SGL_302j/LIB_COFF/LIBSGL.A(sglA27.o)
 .data          0x0000000006024a40        0x0 ../../Compiler/SGL_302j/LIB_COFF/LIBSGL.A(sglB001.o)
 .data          0x0000000006024a40        0x0 ../../Compiler/SGL_302j/LIB_COFF/LIBSGL.A(sglB011.o)
 .data          0x0000000006024a40        0x0 ../../Compiler/SGL_302j/LIB_COFF/LIBSGL.A(sglB015.o)
 .data          0x0000000006024a40        0x0 ../../Compiler/SGL_302j/LIB_COFF/LIBSGL.A(sglB016.o)
 .data          0x0000000006024a40        0x0 ../../Compiler/SGL_302j/LIB_COFF/LIBSGL.A(sglB032.o)
 .data          0x0000000006024a40        0x0 ../../Compiler/SGL_302j/LIB_COFF/LIBSGL.A(sglB053.o)
 .data          0x0000000006024a40        0x0 ../../Compiler/SGL_302j/LIB_COFF/LIBSGL.A(sglB056.o)
 .data          0x0000000006024a40        0x0 ../../Compiler/SGL_302j/LIB_COFF/LIBSGL.A(sglB063.o)
 .data          0x0000000006024a40        0x0 ../../Compiler/SGL_302j/LIB_COFF/LIBSGL.A(sglB200.o)
 .data          0x0000000006024a40        0x0 ../../Compiler/SGL_302j/LIB_COFF/LIBSGL.A(sglC06.o)
 .data          0x0000000006024a40        0x0 ../../Compiler/SGL_302j/LIB_COFF/LIBSGL.A(sglC07.o)
 .data          0x0000000006024a40        0x0 ../../Compiler/SGL_302j/LIB_COFF/LIBSGL.A(sglC08.o)
 .data          0x0000000006024a40        0x0 ../../Compiler/SGL_302j/LIB_COFF/LIBSGL.A(sglC20.o)
 .data          0x0000000006024a40        0x0 ../../Compiler/SGL_302j/LIB_COFF/LIBSGL.A(sglD00.o)
 .data          0x0000000006024a40        0x0 ../../Compiler/SGL_302j/LIB_COFF/LIBSGL.A(sglD01.o)
 .data          0x0000000006024a40        0x0 ../../Compiler/SGL_302j/LIB_COFF/LIBSGL.A(sglD03.o)
 .data          0x0000000006024a40        0x0 ../../Compiler/SGL_302j/LIB_COFF/LIBSGL.A(sglD15.o)
 .data          0x0000000006024a40        0x0 ../../Compiler/SGL_302j/LIB_COFF/LIBSGL.A(sglD16.o)
 .data          0x0000000006024a40        0x0 ../../Compiler/SGL_302j/LIB_COFF/LIBSGL.A(sglD17.o)
 .data          0x0000000006024a40        0x0 ../../Compiler/SGL_302j/LIB_COFF/LIBSGL.A(sglD18.o)
 .data          0x0000000006024a40        0x0 ../../Compiler/SGL_302j/LIB_COFF/LIBSGL.A(sglF00.o)
 .data          0x0000000006024a40        0x0 ../../Compiler/SGL_302j/LIB_COFF/LIBSGL.A(sglF05.o)
 .data          0x0000000006024a40        0x0 ../../Compiler/SGL_302j/LIB_COFF/LIBSGL.A(sglH00.o)
 .data          0x0000000006024a40        0x0 ../../Compiler/SGL_302j/LIB_COFF/LIBSGL.A(sglH01.o)
 .data          0x0000000006024a40        0x0 ../../Compiler/SGL_302j/LIB_COFF/LIBSGL.A(sglH02.o)
 .data          0x0000000006024a40        0x0 ../../Compiler/SGL_302j/LIB_COFF/LIBSGL.A(sglH04.o)
 .data          0x0000000006024a40        0x0 ../../Compiler/SGL_302j/LIB_COFF/LIBSGL.A(sglI01.o)
 .data          0x0000000006024a40       0x80 ../../Compiler/SGL_302j/LIB_COFF/LIBSGL.A(sglIc0.o)
                0x0000000006024a40                IntPrioMask
 .data          0x0000000006024ac0        0x0 ../../Compiler/SGL_302j/LIB_COFF/LIBSGL.A(sglJ00.o)
 .data          0x0000000006024ac0        0x0 ../../Compiler/SGL_302j/LIB_COFF/LIBSGL.A(sglJ01.o)
 .data          0x0000000006024ac0        0x0 ../../Compiler/SGL_302j/LIB_COFF/LIBSGL.A(sglJ02.o)
 .data          0x0000000006024ac0        0x0 ../../Compiler/SGL_302j/LIB_COFF/LIBSGL.A(sglJ03.o)
 .data          0x0000000006024ac0        0x0 ../../Compiler/SGL_302j/LIB_COFF/LIBSGL.A(sglJ04.o)
 .data          0x0000000006024ac0        0x0 ../../Compiler/SGL_302j/LIB_COFF/LIBSGL.A(sglJ05.o)
 .data          0x0000000006024ac0        0x0 ../../Compiler/SGL_302j/LIB_COFF/LIBSGL.A(sglK01.o)
 .data          0x0000000006024ac0        0x0 ../../Compiler/SGL_302j/LIB_COFF/LIBSGL.A(sglM01.o)
 .data          0x0000000006024ac0        0x0 ../../Compiler/SGL_302j/LIB_COFF/LIBSGL.A(sglA00.o)
 .data          0x0000000006024ac0        0x0 ../../Compiler/SGL_302j/LIB_COFF/LIBSGL.A(sglA01.o)
 .data          0x0000000006024ac0        0x0 ../../Compiler/SGL_302j/LIB_COFF/LIBSGL.A(sglB000.o)
 .data          0x0000000006024ac0        0x0 ../../Compiler/SGL_302j/LIB_COFF/LIBSGL.A(sglB035.o)
 .data          0x0000000006024ac0        0x0 ../../Compiler/SGL_302j/LIB_COFF/LIBSGL.A(sglC00.o)
 .data          0x0000000006024ac0        0x0 ../../Compiler/SGL_302j/LIB_COFF/LIBSGL.A(sglI00.o)
 .data          0x0000000006024ac0        0x0 ../../Compiler/SGL_302j/LIB_COFF/LIBSGL.A(sglH03.o)
 .data          0x0000000006024ac0        0x0 /home/sansigolo/GameDev/joengine/Compiler/SH_NONE_ELF/bin/../lib/gcc/sh-none-elf/8.2.0/libgcc.a(_ashiftrt.o)
 .data          0x0000000006024ac0        0x0 /home/sansigolo/GameDev/joengine/Compiler/SH_NONE_ELF/bin/../lib/gcc/sh-none-elf/8.2.0/libgcc.a(_sdivsi3.o)
 .data          0x0000000006024ac0        0x0 /home/sansigolo/GameDev/joengine/Compiler/SH_NONE_ELF/bin/../lib/gcc/sh-none-elf/8.2.0/libgcc.a(_udivsi3.o)
 .data          0x0000000006024ac0        0x0 /home/sansigolo/GameDev/joengine/Compiler/SH_NONE_ELF/bin/../lib/gcc/sh-none-elf/8.2.0/libgcc.a(_mul_sf.o)
 .data          0x0000000006024ac0        0x0 /home/sansigolo/GameDev/joengine/Compiler/SH_NONE_ELF/bin/../lib/gcc/sh-none-elf/8.2.0/libgcc.a(_div_sf.o)
 .data          0x0000000006024ac0        0x0 /home/sansigolo/GameDev/joengine/Compiler/SH_NONE_ELF/bin/../lib/gcc/sh-none-elf/8.2.0/libgcc.a(_si_to_sf.o)
 .data          0x0000000006024ac0        0x0 /home/sansigolo/GameDev/joengine/Compiler/SH_NONE_ELF/bin/../lib/gcc/sh-none-elf/8.2.0/libgcc.a(_sf_to_si.o)
 .data          0x0000000006024ac0        0x0 /home/sansigolo/GameDev/joengine/Compiler/SH_NONE_ELF/bin/../lib/gcc/sh-none-elf/8.2.0/libgcc.a(_thenan_sf.o)
 .data          0x0000000006024ac0        0x0 /home/sansigolo/GameDev/joengine/Compiler/SH_NONE_ELF/bin/../lib/gcc/sh-none-elf/8.2.0/libgcc.a(_usi_to_sf.o)
 .data          0x0000000006024ac0        0x0 /home/sansigolo/GameDev/joengine/Compiler/SH_NONE_ELF/bin/../lib/gcc/sh-none-elf/8.2.0/libgcc.a(_pack_sf.o)
 .data          0x0000000006024ac0        0x0 /home/sansigolo/GameDev/joengine/Compiler/SH_NONE_ELF/bin/../lib/gcc/sh-none-elf/8.2.0/libgcc.a(_unpack_sf.o)
 .data          0x0000000006024ac0        0x0 /home/sansigolo/GameDev/joengine/Compiler/SH_NONE_ELF/bin/../lib/gcc/sh-none-elf/8.2.0/../../../../sh-none-elf/lib/libc.a(lib_a-memcmp.o)
 .data          0x0000000006024ac0        0x0 /home/sansigolo/GameDev/joengine/Compiler/SH_NONE_ELF/bin/../lib/gcc/sh-none-elf/8.2.0/../../../../sh-none-elf/lib/libc.a(lib_a-memcpy.o)
 .data          0x0000000006024ac0        0x0 /home/sansigolo/GameDev/joengine/Compiler/SH_NONE_ELF/bin/../lib/gcc/sh-none-elf/8.2.0/../../../../sh-none-elf/lib/libc.a(lib_a-memset.o)
 .data          0x0000000006024ac0        0x0 /home/sansigolo/GameDev/joengine/Compiler/SH_NONE_ELF/bin/../lib/gcc/sh-none-elf/8.2.0/../../../../sh-none-elf/lib/libc.a(lib_a-sprintf.o)
 .data          0x0000000006024ac0        0x0 /home/sansigolo/GameDev/joengine/Compiler/SH_NONE_ELF/bin/../lib/gcc/sh-none-elf/8.2.0/../../../../sh-none-elf/lib/libc.a(lib_a-strncmp.o)
 .data          0x0000000006024ac0        0x0 /home/sansigolo/GameDev/joengine/Compiler/SH_NONE_ELF/bin/../lib/gcc/sh-none-elf/8.2.0/../../../../sh-none-elf/lib/libc.a(lib_a-strncpy.o)
 .data          0x0000000006024ac0        0x0 /home/sansigolo/GameDev/joengine/Compiler/SH_NONE_ELF/bin/../lib/gcc/sh-none-elf/8.2.0/../../../../sh-none-elf/lib/libc.a(lib_a-svfprintf.o)
 .data          0x0000000006024ac0        0x0 /home/sansigolo/GameDev/joengine/Compiler/SH_NONE_ELF/bin/../lib/gcc/sh-none-elf/8.2.0/../../../../sh-none-elf/lib/libc.a(lib_a-dtoa.o)
 .data          0x0000000006024ac0      0x428 /home/sansigolo/GameDev/joengine/Compiler/SH_NONE_ELF/bin/../lib/gcc/sh-none-elf/8.2.0/../../../../sh-none-elf/lib/libc.a(lib_a-impure.o)
                0x0000000006024ac0                _impure_ptr
 .data          0x0000000006024ee8        0x0 /home/sansigolo/GameDev/joengine/Compiler/SH_NONE_ELF/bin/../lib/gcc/sh-none-elf/8.2.0/../../../../sh-none-elf/lib/libc.a(lib_a-localeconv.o)
 .data          0x0000000006024ee8      0x16c /home/sansigolo/GameDev/joengine/Compiler/SH_NONE_ELF/bin/../lib/gcc/sh-none-elf/8.2.0/../../../../sh-none-elf/lib/libc.a(lib_a-locale.o)
                0x0000000006024ee8                __global_locale
 .data          0x0000000006025054        0x0 /home/sansigolo/GameDev/joengine/Compiler/SH_NONE_ELF/bin/../lib/gcc/sh-none-elf/8.2.0/../../../../sh-none-elf/lib/libc.a(lib_a-mbtowc_r.o)
 .data          0x0000000006025054        0x0 /home/sansigolo/GameDev/joengine/Compiler/SH_NONE_ELF/bin/../lib/gcc/sh-none-elf/8.2.0/../../../../sh-none-elf/lib/libc.a(lib_a-memchr.o)
 .data          0x0000000006025054        0x0 /home/sansigolo/GameDev/joengine/Compiler/SH_NONE_ELF/bin/../lib/gcc/sh-none-elf/8.2.0/../../../../sh-none-elf/lib/libc.a(lib_a-mprec.o)
 .data          0x0000000006025054        0x0 /home/sansigolo/GameDev/joengine/Compiler/SH_NONE_ELF/bin/../lib/gcc/sh-none-elf/8.2.0/../../../../sh-none-elf/lib/libc.a(lib_a-nano-callocr.o)
 .data          0x0000000006025054        0x0 /home/sansigolo/GameDev/joengine/Compiler/SH_NONE_ELF/bin/../lib/gcc/sh-none-elf/8.2.0/../../../../sh-none-elf/lib/libc.a(lib_a-nano-mallocr.o)
 .data          0x0000000006025054        0x0 /home/sansigolo/GameDev/joengine/Compiler/SH_NONE_ELF/bin/../lib/gcc/sh-none-elf/8.2.0/../../../../sh-none-elf/lib/libc.a(lib_a-sbrkr.o)
 .data          0x0000000006025054        0x0 /home/sansigolo/GameDev/joengine/Compiler/SH_NONE_ELF/bin/../lib/gcc/sh-none-elf/8.2.0/../../../../sh-none-elf/lib/libc.a(lib_a-strcmp.o)
 .data          0x0000000006025054        0x0 /home/sansigolo/GameDev/joengine/Compiler/SH_NONE_ELF/bin/../lib/gcc/sh-none-elf/8.2.0/../../../../sh-none-elf/lib/libc.a(lib_a-strlen.o)
 .data          0x0000000006025054        0x0 /home/sansigolo/GameDev/joengine/Compiler/SH_NONE_ELF/bin/../lib/gcc/sh-none-elf/8.2.0/../../../../sh-none-elf/lib/libc.a(lib_a-svfiprintf.o)
 .data          0x0000000006025054        0x0 /home/sansigolo/GameDev/joengine/Compiler/SH_NONE_ELF/bin/../lib/gcc/sh-none-elf/8.2.0/../../../../sh-none-elf/lib/libc.a(lib_a-syscalls.o)
 .data          0x0000000006025054        0x0 /home/sansigolo/GameDev/joengine/Compiler/SH_NONE_ELF/bin/../lib/gcc/sh-none-elf/8.2.0/../../../../sh-none-elf/lib/libc.a(lib_a-trap.o)
 .data          0x0000000006025054        0x0 /home/sansigolo/GameDev/joengine/Compiler/SH_NONE_ELF/bin/../lib/gcc/sh-none-elf/8.2.0/../../../../sh-none-elf/lib/libc.a(lib_a-wctomb_r.o)
 .data          0x0000000006025054        0x0 /home/sansigolo/GameDev/joengine/Compiler/SH_NONE_ELF/bin/../lib/gcc/sh-none-elf/8.2.0/../../../../sh-none-elf/lib/libc.a(lib_a-abort.o)
 .data          0x0000000006025054        0x0 /home/sansigolo/GameDev/joengine/Compiler/SH_NONE_ELF/bin/../lib/gcc/sh-none-elf/8.2.0/../../../../sh-none-elf/lib/libc.a(lib_a-ctype_.o)
 .data          0x0000000006025054        0x0 /home/sansigolo/GameDev/joengine/Compiler/SH_NONE_ELF/bin/../lib/gcc/sh-none-elf/8.2.0/../../../../sh-none-elf/lib/libc.a(lib_a-memmove.o)
 .data          0x0000000006025054        0x0 /home/sansigolo/GameDev/joengine/Compiler/SH_NONE_ELF/bin/../lib/gcc/sh-none-elf/8.2.0/../../../../sh-none-elf/lib/libc.a(lib_a-mlock.o)
 .data          0x0000000006025054        0x0 /home/sansigolo/GameDev/joengine/Compiler/SH_NONE_ELF/bin/../lib/gcc/sh-none-elf/8.2.0/../../../../sh-none-elf/lib/libc.a(lib_a-nano-freer.o)
 .data          0x0000000006025054        0x0 /home/sansigolo/GameDev/joengine/Compiler/SH_NONE_ELF/bin/../lib/gcc/sh-none-elf/8.2.0/../../../../sh-none-elf/lib/libc.a(lib_a-nano-reallocr.o)
 .data          0x0000000006025054        0x0 /home/sansigolo/GameDev/joengine/Compiler/SH_NONE_ELF/bin/../lib/gcc/sh-none-elf/8.2.0/../../../../sh-none-elf/lib/libc.a(lib_a-signal.o)
 .data          0x0000000006025054        0x0 /home/sansigolo/GameDev/joengine/Compiler/SH_NONE_ELF/bin/../lib/gcc/sh-none-elf/8.2.0/../../../../sh-none-elf/lib/libc.a(lib_a-signalr.o)
 .data          0x0000000006025054        0x0 /home/sansigolo/GameDev/joengine/Compiler/SH_NONE_ELF/bin/../lib/gcc/sh-none-elf/8.2.0/../../../../sh-none-elf/lib/libc.a(lib_a-nano-msizer.o)
 .data          0x0000000006025054        0x0 /home/sansigolo/GameDev/joengine/Compiler/SH_NONE_ELF/bin/../lib/gcc/sh-none-elf/8.2.0/libgcc.a(_ashiftrt_n.o)
 .data          0x0000000006025054        0x0 /home/sansigolo/GameDev/joengine/Compiler/SH_NONE_ELF/bin/../lib/gcc/sh-none-elf/8.2.0/libgcc.a(_ashiftlt.o)
 .data          0x0000000006025054        0x0 /home/sansigolo/GameDev/joengine/Compiler/SH_NONE_ELF/bin/../lib/gcc/sh-none-elf/8.2.0/libgcc.a(_lshiftrt.o)
 .data          0x0000000006025054        0x0 /home/sansigolo/GameDev/joengine/Compiler/SH_NONE_ELF/bin/../lib/gcc/sh-none-elf/8.2.0/libgcc.a(_udivdi3.o)
 .data          0x0000000006025054        0x0 /home/sansigolo/GameDev/joengine/Compiler/SH_NONE_ELF/bin/../lib/gcc/sh-none-elf/8.2.0/libgcc.a(_umoddi3.o)
 .data          0x0000000006025054        0x0 /home/sansigolo/GameDev/joengine/Compiler/SH_NONE_ELF/bin/../lib/gcc/sh-none-elf/8.2.0/libgcc.a(_addsub_df.o)
 .data          0x0000000006025054        0x0 /home/sansigolo/GameDev/joengine/Compiler/SH_NONE_ELF/bin/../lib/gcc/sh-none-elf/8.2.0/libgcc.a(_mul_df.o)
 .data          0x0000000006025054        0x0 /home/sansigolo/GameDev/joengine/Compiler/SH_NONE_ELF/bin/../lib/gcc/sh-none-elf/8.2.0/libgcc.a(_div_df.o)
 .data          0x0000000006025054        0x0 /home/sansigolo/GameDev/joengine/Compiler/SH_NONE_ELF/bin/../lib/gcc/sh-none-elf/8.2.0/libgcc.a(_eq_df.o)
 .data          0x0000000006025054        0x0 /home/sansigolo/GameDev/joengine/Compiler/SH_NONE_ELF/bin/../lib/gcc/sh-none-elf/8.2.0/libgcc.a(_ne_df.o)
 .data          0x0000000006025054        0x0 /home/sansigolo/GameDev/joengine/Compiler/SH_NONE_ELF/bin/../lib/gcc/sh-none-elf/8.2.0/libgcc.a(_gt_df.o)
 .data          0x0000000006025054        0x0 /home/sansigolo/GameDev/joengine/Compiler/SH_NONE_ELF/bin/../lib/gcc/sh-none-elf/8.2.0/libgcc.a(_ge_df.o)
 .data          0x0000000006025054        0x0 /home/sansigolo/GameDev/joengine/Compiler/SH_NONE_ELF/bin/../lib/gcc/sh-none-elf/8.2.0/libgcc.a(_lt_df.o)
 .data          0x0000000006025054        0x0 /home/sansigolo/GameDev/joengine/Compiler/SH_NONE_ELF/bin/../lib/gcc/sh-none-elf/8.2.0/libgcc.a(_le_df.o)
 .data          0x0000000006025054        0x0 /home/sansigolo/GameDev/joengine/Compiler/SH_NONE_ELF/bin/../lib/gcc/sh-none-elf/8.2.0/libgcc.a(_unord_df.o)
 .data          0x0000000006025054        0x0 /home/sansigolo/GameDev/joengine/Compiler/SH_NONE_ELF/bin/../lib/gcc/sh-none-elf/8.2.0/libgcc.a(_si_to_df.o)
 .data          0x0000000006025054        0x0 /home/sansigolo/GameDev/joengine/Compiler/SH_NONE_ELF/bin/../lib/gcc/sh-none-elf/8.2.0/libgcc.a(_df_to_si.o)
 .data          0x0000000006025054        0x0 /home/sansigolo/GameDev/joengine/Compiler/SH_NONE_ELF/bin/../lib/gcc/sh-none-elf/8.2.0/libgcc.a(_thenan_df.o)
 .data          0x0000000006025054        0x0 /home/sansigolo/GameDev/joengine/Compiler/SH_NONE_ELF/bin/../lib/gcc/sh-none-elf/8.2.0/libgcc.a(_usi_to_df.o)
 .data          0x0000000006025054        0x0 /home/sansigolo/GameDev/joengine/Compiler/SH_NONE_ELF/bin/../lib/gcc/sh-none-elf/8.2.0/libgcc.a(_udiv_qrnnd_16.o)
 .data          0x0000000006025054        0x0 /home/sansigolo/GameDev/joengine/Compiler/SH_NONE_ELF/bin/../lib/gcc/sh-none-elf/8.2.0/libgcc.a(_clz.o)
 .data          0x0000000006025054        0x0 /home/sansigolo/GameDev/joengine/Compiler/SH_NONE_ELF/bin/../lib/gcc/sh-none-elf/8.2.0/libgcc.a(_clzsi2.o)
 .data          0x0000000006025054        0x0 /home/sansigolo/GameDev/joengine/Compiler/SH_NONE_ELF/bin/../lib/gcc/sh-none-elf/8.2.0/libgcc.a(_pack_df.o)
 .data          0x0000000006025054        0x0 /home/sansigolo/GameDev/joengine/Compiler/SH_NONE_ELF/bin/../lib/gcc/sh-none-elf/8.2.0/libgcc.a(_unpack_df.o)
 .data          0x0000000006025054        0x0 /home/sansigolo/GameDev/joengine/Compiler/SH_NONE_ELF/bin/../lib/gcc/sh-none-elf/8.2.0/libgcc.a(_fpcmp_parts_df.o)
                0x0000000006025054                __edata = .

.bss            0x0000000006025060    0x8370c
                0x0000000006025060                __bstart = .
 *(.bss)
 .bss           0x0000000006025060        0x0 ../../Compiler/SGL_302j/LIB_COFF/SGLAREA.O
 .bss           0x0000000006025060    0x83690 /tmp/ccGTXIKE.ltrans0.ltrans.o
 .bss           0x00000000060a86f0        0x4 ../../Compiler/SGL_302j/LIB_COFF/SEGA_SYS.A(sys_exit.o)
 *fill*         0x00000000060a86f4        0xc 
 .bss           0x00000000060a8700        0x0 ../../Compiler/SGL_302j/LIB_COFF/SEGA_SYS.A(sys_sub.o)
 .bss           0x00000000060a8700        0x0 ../../Compiler/SGL_302j/LIB_COFF/LIBCD.A(CDC_CMN.O)
 .bss           0x00000000060a8700        0x0 ../../Compiler/SGL_302j/LIB_COFF/LIBCD.A(CDC_CFS.O)
 .bss           0x00000000060a8700        0x2 ../../Compiler/SGL_302j/LIB_COFF/LIBCD.A(CDC_REG.O)
 *fill*         0x00000000060a8702        0xe 
 .bss           0x00000000060a8710        0xc ../../Compiler/SGL_302j/LIB_COFF/LIBCD.A(CDC_SUB.O)
 *fill*         0x00000000060a871c        0x4 
 .bss           0x00000000060a8720        0x0 ../../Compiler/SGL_302j/LIB_COFF/LIBCD.A(GFS.O)
 .bss           0x00000000060a8720        0x0 ../../Compiler/SGL_302j/LIB_COFF/LIBCD.A(GFS_BUF.O)
 .bss           0x00000000060a8720        0x0 ../../Compiler/SGL_302j/LIB_COFF/LIBCD.A(GFS_CDB.O)
 .bss           0x00000000060a8720        0x0 ../../Compiler/SGL_302j/LIB_COFF/LIBCD.A(GFS_CDC.O)
 .bss           0x00000000060a8720        0x0 ../../Compiler/SGL_302j/LIB_COFF/LIBCD.A(GFS_CDF.O)
 .bss           0x00000000060a8720        0x0 ../../Compiler/SGL_302j/LIB_COFF/LIBCD.A(GFS_DIR.O)
 .bss           0x00000000060a8720        0xc ../../Compiler/SGL_302j/LIB_COFF/LIBCD.A(GFS_TRN.O)
 *fill*         0x00000000060a872c        0x4 
 .bss           0x00000000060a8730        0x0 ../../Compiler/SGL_302j/LIB_COFF/LIBCD.A(CDC_DRV.O)
 .bss           0x00000000060a8730        0x0 ../../Compiler/SGL_302j/LIB_COFF/LIBCD.A(CDC_DEV.O)
 .bss           0x00000000060a8730        0x0 ../../Compiler/SGL_302j/LIB_COFF/LIBCD.A(CDC_SEL.O)
 .bss           0x00000000060a8730        0x0 ../../Compiler/SGL_302j/LIB_COFF/LIBCD.A(CDC_BIF.O)
 .bss           0x00000000060a8730        0x0 ../../Compiler/SGL_302j/LIB_COFF/LIBCD.A(CDC_BIO.O)
 .bss           0x00000000060a8730        0x0 ../../Compiler/SGL_302j/LIB_COFF/LIBSGL.A(sglA15.o)
 .bss           0x00000000060a8730        0x0 ../../Compiler/SGL_302j/LIB_COFF/LIBSGL.A(sglA20.o)
 .bss           0x00000000060a8730        0x0 ../../Compiler/SGL_302j/LIB_COFF/LIBSGL.A(sglA21.o)
 .bss           0x00000000060a8730        0x0 ../../Compiler/SGL_302j/LIB_COFF/LIBSGL.A(sglA27.o)
 .bss           0x00000000060a8730        0x0 ../../Compiler/SGL_302j/LIB_COFF/LIBSGL.A(sglB001.o)
 .bss           0x00000000060a8730        0x0 ../../Compiler/SGL_302j/LIB_COFF/LIBSGL.A(sglB011.o)
 .bss           0x00000000060a8730        0x0 ../../Compiler/SGL_302j/LIB_COFF/LIBSGL.A(sglB015.o)
 .bss           0x00000000060a8730        0x0 ../../Compiler/SGL_302j/LIB_COFF/LIBSGL.A(sglB016.o)
 .bss           0x00000000060a8730        0x0 ../../Compiler/SGL_302j/LIB_COFF/LIBSGL.A(sglB032.o)
 .bss           0x00000000060a8730        0x0 ../../Compiler/SGL_302j/LIB_COFF/LIBSGL.A(sglB053.o)
 .bss           0x00000000060a8730        0x0 ../../Compiler/SGL_302j/LIB_COFF/LIBSGL.A(sglB056.o)
 .bss           0x00000000060a8730        0x0 ../../Compiler/SGL_302j/LIB_COFF/LIBSGL.A(sglB063.o)
 .bss           0x00000000060a8730        0x0 ../../Compiler/SGL_302j/LIB_COFF/LIBSGL.A(sglB200.o)
 .bss           0x00000000060a8730        0x0 ../../Compiler/SGL_302j/LIB_COFF/LIBSGL.A(sglC06.o)
 .bss           0x00000000060a8730        0x0 ../../Compiler/SGL_302j/LIB_COFF/LIBSGL.A(sglC07.o)
 .bss           0x00000000060a8730        0x0 ../../Compiler/SGL_302j/LIB_COFF/LIBSGL.A(sglC08.o)
 .bss           0x00000000060a8730        0x0 ../../Compiler/SGL_302j/LIB_COFF/LIBSGL.A(sglC20.o)
 .bss           0x00000000060a8730        0x0 ../../Compiler/SGL_302j/LIB_COFF/LIBSGL.A(sglD00.o)
 .bss           0x00000000060a8730        0x0 ../../Compiler/SGL_302j/LIB_COFF/LIBSGL.A(sglD01.o)
 .bss           0x00000000060a8730        0x0 ../../Compiler/SGL_302j/LIB_COFF/LIBSGL.A(sglD03.o)
 .bss           0x00000000060a8730        0x0 ../../Compiler/SGL_302j/LIB_COFF/LIBSGL.A(sglD15.o)
 .bss           0x00000000060a8730        0x0 ../../Compiler/SGL_302j/LIB_COFF/LIBSGL.A(sglD16.o)
 .bss           0x00000000060a8730        0x0 ../../Compiler/SGL_302j/LIB_COFF/LIBSGL.A(sglD17.o)
 .bss           0x00000000060a8730        0x0 ../../Compiler/SGL_302j/LIB_COFF/LIBSGL.A(sglD18.o)
 .bss           0x00000000060a8730        0x0 ../../Compiler/SGL_302j/LIB_COFF/LIBSGL.A(sglF00.o)
 .bss           0x00000000060a8730        0x0 ../../Compiler/SGL_302j/LIB_COFF/LIBSGL.A(sglF05.o)
 .bss           0x00000000060a8730        0x0 ../../Compiler/SGL_302j/LIB_COFF/LIBSGL.A(sglH00.o)
 .bss           0x00000000060a8730        0x0 ../../Compiler/SGL_302j/LIB_COFF/LIBSGL.A(sglH01.o)
 .bss           0x00000000060a8730        0x0 ../../Compiler/SGL_302j/LIB_COFF/LIBSGL.A(sglH02.o)
 .bss           0x00000000060a8730        0x0 ../../Compiler/SGL_302j/LIB_COFF/LIBSGL.A(sglH04.o)
 .bss           0x00000000060a8730        0x0 ../../Compiler/SGL_302j/LIB_COFF/LIBSGL.A(sglI01.o)
 .bss           0x00000000060a8730        0x0 ../../Compiler/SGL_302j/LIB_COFF/LIBSGL.A(sglIc0.o)
 .bss           0x00000000060a8730        0x0 ../../Compiler/SGL_302j/LIB_COFF/LIBSGL.A(sglJ00.o)
 .bss           0x00000000060a8730        0x0 ../../Compiler/SGL_302j/LIB_COFF/LIBSGL.A(sglJ01.o)
 .bss           0x00000000060a8730        0x0 ../../Compiler/SGL_302j/LIB_COFF/LIBSGL.A(sglJ02.o)
 .bss           0x00000000060a8730        0x0 ../../Compiler/SGL_302j/LIB_COFF/LIBSGL.A(sglJ03.o)
 .bss           0x00000000060a8730        0x0 ../../Compiler/SGL_302j/LIB_COFF/LIBSGL.A(sglJ04.o)
 .bss           0x00000000060a8730        0x0 ../../Compiler/SGL_302j/LIB_COFF/LIBSGL.A(sglJ05.o)
 .bss           0x00000000060a8730        0x0 ../../Compiler/SGL_302j/LIB_COFF/LIBSGL.A(sglK01.o)
 .bss           0x00000000060a8730        0x0 ../../Compiler/SGL_302j/LIB_COFF/LIBSGL.A(sglM01.o)
 .bss           0x00000000060a8730        0x0 ../../Compiler/SGL_302j/LIB_COFF/LIBSGL.A(sglA00.o)
 .bss           0x00000000060a8730        0x0 ../../Compiler/SGL_302j/LIB_COFF/LIBSGL.A(sglA01.o)
 .bss           0x00000000060a8730        0x0 ../../Compiler/SGL_302j/LIB_COFF/LIBSGL.A(sglB000.o)
 .bss           0x00000000060a8730        0x0 ../../Compiler/SGL_302j/LIB_COFF/LIBSGL.A(sglB035.o)
 .bss           0x00000000060a8730        0x0 ../../Compiler/SGL_302j/LIB_COFF/LIBSGL.A(sglC00.o)
 .bss           0x00000000060a8730        0x0 ../../Compiler/SGL_302j/LIB_COFF/LIBSGL.A(sglI00.o)
 .bss           0x00000000060a8730        0x0 ../../Compiler/SGL_302j/LIB_COFF/LIBSGL.A(sglH03.o)
 .bss           0x00000000060a8730        0x0 /home/sansigolo/GameDev/joengine/Compiler/SH_NONE_ELF/bin/../lib/gcc/sh-none-elf/8.2.0/libgcc.a(_ashiftrt.o)
 .bss           0x00000000060a8730        0x0 /home/sansigolo/GameDev/joengine/Compiler/SH_NONE_ELF/bin/../lib/gcc/sh-none-elf/8.2.0/libgcc.a(_sdivsi3.o)