Archive member included to satisfy reference by file (symbol)

../../Compiler/SGL_302j/LIB_COFF/SEGA_SYS.A(sys_exit.o)
                              ../../jo_engine/core.o (symbol from plugin) (SYS_Exit)
../../Compiler/SGL_302j/LIB_COFF/SEGA_SYS.A(sys_sub.o)
                              ../../Compiler/SGL_302j/LIB_COFF/SEGA_SYS.A(sys_exit.o) (SYSUB_SetStackptr)
../../Compiler/SGL_302j/LIB_COFF/LIBCD.A(CDC_CMN.O)
                              ../../Compiler/SGL_302j/LIB_COFF/SEGA_SYS.A(sys_exit.o) (CDC_GetCurStat)
../../Compiler/SGL_302j/LIB_COFF/LIBCD.A(CDC_CFS.O)
                              ../../Compiler/SGL_302j/LIB_COFF/SEGA_SYS.A(sys_exit.o) (CDC_ChgDir)
../../Compiler/SGL_302j/LIB_COFF/LIBCD.A(CDC_REG.O)
                              ../../Compiler/SGL_302j/LIB_COFF/SEGA_SYS.A(sys_exit.o) (CDC_GetHirqReq)
../../Compiler/SGL_302j/LIB_COFF/LIBCD.A(CDC_SUB.O)
                              ../../Compiler/SGL_302j/LIB_COFF/LIBCD.A(CDC_CMN.O) (CDSUB_UpdStatus)
../../Compiler/SGL_302j/LIB_COFF/LIBCD.A(GFS.O)
                              ../../jo_engine/fs.o (symbol from plugin) (GFS_Init)
../../Compiler/SGL_302j/LIB_COFF/LIBCD.A(GFS_BUF.O)
                              ../../Compiler/SGL_302j/LIB_COFF/LIBCD.A(GFS.O) (GFBF_GetNumData)
../../Compiler/SGL_302j/LIB_COFF/LIBCD.A(GFS_CDB.O)
                              ../../Compiler/SGL_302j/LIB_COFF/LIBCD.A(GFS.O) (GFCB_Close)
../../Compiler/SGL_302j/LIB_COFF/LIBCD.A(GFS_CDC.O)
                              ../../Compiler/SGL_302j/LIB_COFF/LIBCD.A(GFS.O) (GFCD_SetCdbfs)
../../Compiler/SGL_302j/LIB_COFF/LIBCD.A(GFS_CDF.O)
                              ../../Compiler/SGL_302j/LIB_COFF/LIBCD.A(GFS.O) (GFCF_Init)
../../Compiler/SGL_302j/LIB_COFF/LIBCD.A(GFS_DIR.O)
                              ../../Compiler/SGL_302j/LIB_COFF/LIBCD.A(GFS.O) (GFDR_SetupDirTbl)
../../Compiler/SGL_302j/LIB_COFF/LIBCD.A(GFS_TRN.O)
                              ../../Compiler/SGL_302j/LIB_COFF/LIBCD.A(GFS.O) (GFTR_Setup)
../../Compiler/SGL_302j/LIB_COFF/LIBCD.A(CDC_DRV.O)
                              ../../Compiler/SGL_302j/LIB_COFF/LIBCD.A(GFS_CDC.O) (CDC_CdPlay)
../../Compiler/SGL_302j/LIB_COFF/LIBCD.A(CDC_DEV.O)
                              ../../Compiler/SGL_302j/LIB_COFF/LIBCD.A(GFS_CDC.O) (CDC_CdSetCon)
../../Compiler/SGL_302j/LIB_COFF/LIBCD.A(CDC_SEL.O)
                              ../../Compiler/SGL_302j/LIB_COFF/LIBCD.A(GFS_CDC.O) (CDC_SetFiltRange)
../../Compiler/SGL_302j/LIB_COFF/LIBCD.A(CDC_BIF.O)
                              ../../Compiler/SGL_302j/LIB_COFF/LIBCD.A(GFS_CDC.O) (CDC_GetBufSiz)
../../Compiler/SGL_302j/LIB_COFF/LIBCD.A(CDC_BIO.O)
                              ../../Compiler/SGL_302j/LIB_COFF/LIBCD.A(GFS_CDC.O) (CDC_SetSctLen)
../../Compiler/SGL_302j/LIB_COFF/LIBSGL.A(sglA15.o)
                              ../../jo_engine/core.o (symbol from plugin) (slSlaveFunc)
../../Compiler/SGL_302j/LIB_COFF/LIBSGL.A(sglA20.o)
                              ../../jo_engine/core.o (symbol from plugin) (slUnitMatrix)
../../Compiler/SGL_302j/LIB_COFF/LIBSGL.A(sglA21.o)
                              ../../jo_engine/map.o (symbol from plugin) (slPushMatrix)
../../Compiler/SGL_302j/LIB_COFF/LIBSGL.A(sglA27.o)
                              ../../jo_engine/map.o (symbol from plugin) (slTranslate)
../../Compiler/SGL_302j/LIB_COFF/LIBSGL.A(sglB001.o)
                              ../../jo_engine/core.o (symbol from plugin) (slTVOn)
../../Compiler/SGL_302j/LIB_COFF/LIBSGL.A(sglB011.o)
                              ../../jo_engine/core.o (symbol from plugin) (slBitMapNbg1)
../../Compiler/SGL_302j/LIB_COFF/LIBSGL.A(sglB015.o)
                              ../../jo_engine/core.o (symbol from plugin) (slScrAutoDisp)
../../Compiler/SGL_302j/LIB_COFF/LIBSGL.A(sglB016.o)
                              ../../jo_engine/core.o (symbol from plugin) (slBack1ColSet)
../../Compiler/SGL_302j/LIB_COFF/LIBSGL.A(sglB032.o)
                              ../../jo_engine/core.o (symbol from plugin) (slMapNbg1)
../../Compiler/SGL_302j/LIB_COFF/LIBSGL.A(sglB053.o)
                              ../../jo_engine/core.o (symbol from plugin) (slZoomNbg1)
../../Compiler/SGL_302j/LIB_COFF/LIBSGL.A(sglB056.o)
                              ../../jo_engine/core.o (symbol from plugin) (slPlaneNbg1)
../../Compiler/SGL_302j/LIB_COFF/LIBSGL.A(sglB063.o)
                              ../../jo_engine/core.o (symbol from plugin) (slPriority)
../../Compiler/SGL_302j/LIB_COFF/LIBSGL.A(sglB200.o)
                              ../../jo_engine/core.o (symbol from plugin) (slCharNbg0)
../../Compiler/SGL_302j/LIB_COFF/LIBSGL.A(sglC05.o)
                              ../../jo_engine/sprites.o (symbol from plugin) (slSetSprite)
../../Compiler/SGL_302j/LIB_COFF/LIBSGL.A(sglC06.o)
                              ../../jo_engine/sprites.o (symbol from plugin) (slDispSprite)
../../Compiler/SGL_302j/LIB_COFF/LIBSGL.A(sglC07.o)
                              ../../jo_engine/sprites.o (symbol from plugin) (slPutSprite)
[...]
Memory Configuration

Name             Origin             Length             Attributes
*default*        0x0000000000000000 0xffffffffffffffff

Linker script and memory map

TARGET(coff-sh)

SLSTART         0x0000000006004000       0x28
                0x0000000006004000                ___Start = .
 *(SLSTART)
 SLSTART        0x0000000006004000       0x28 ../../Compiler/SGL_302j/LIB_COFF/LIBSGL.A(sglI00.o)
                0x0000000006004000                SGL_Start
                0x0000000006004002                slStartSGL

.text           0x0000000006004040    0x13af8
 *(.text)
 .text          0x0000000006004040        0x0 ../../Compiler/SGL_302j/LIB_COFF/SGLAREA.O
 .text          0x0000000006004040     0x6d8c /tmp/ccArmBR7.ltrans0.ltrans.o
 *fill*         0x000000000600adcc        0x4 
 .text          0x000000000600add0      0x238 ../../Compiler/SGL_302j/LIB_COFF/SEGA_SYS.A(sys_exit.o)
                0x000000000600add0                sys_version
                0x000000000600adf0                SYS_Exit
 *fill*         0x000000000600b008        0x8 
 .text          0x000000000600b010        0x6 ../../Compiler/SGL_302j/LIB_COFF/SEGA_SYS.A(sys_sub.o)
                0x000000000600b010                SYSUB_SetStackptr
 *fill*         0x000000000600b016        0xa 
 .text          0x000000000600b020      0x3a0 ../../Compiler/SGL_302j/LIB_COFF/LIBCD.A(CDC_CMN.O)
                0x000000000600b020                CDC_GetCurStat
                0x000000000600b070                CDC_GetLastStat
                0x000000000600b088                CDC_GetPeriStat
                0x000000000600b15c                CDC_GetHwInfo
                0x000000000600b1c4                CDC_TgetToc
                0x000000000600b214                CDC_GetSes
                0x000000000600b250                CDC_CdInit
                0x000000000600b2d4                CDC_CdOpen
                0x000000000600b2fc                CDC_DataReady
                0x000000000600b368                CDC_DataEnd
 .text          0x000000000600b3c0      0x194 ../../Compiler/SGL_302j/LIB_COFF/LIBCD.A(CDC_CFS.O)
                0x000000000600b3c0                CDC_ChgDir
                0x000000000600b3f4                CDC_ReadDir
                0x000000000600b428                CDC_GetFileScope
                0x000000000600b488                CDC_TgetFileInfo
                0x000000000600b4e4                CDC_ReadFile
                0x000000000600b518                CDC_AbortFile
 *fill*         0x000000000600b554        0xc 
 .text          0x000000000600b560      0x2dc ../../Compiler/SGL_302j/LIB_COFF/LIBCD.A(CDC_REG.O)
                0x000000000600b560                CDC_GetDataPtr
                0x000000000600b570                CDC_GetHirqReq
                0x000000000600b584                CDC_ClrHirqReq
                0x000000000600b5b4                CDREG_ClrHirqReq
                0x000000000600b5c4                CDREG_InitHirqReq
                0x000000000600b5ec                CDREG_SetHirqFlag
                0x000000000600b600                CDC_GetHirqMsk
                0x000000000600b614                CDC_SetHirqMsk
                0x000000000600b624                CDC_GetMpegPtr
                0x000000000600b634                CDREG_TgetData
                0x000000000600b690                CDREG_CmdRsp
                0x000000000600b790                CDREG_WaitHirq
                0x000000000600b800                CDREG_ReadRsp
 *fill*         0x000000000600b83c        0x4 
 .text          0x000000000600b840      0x152 ../../Compiler/SGL_302j/LIB_COFF/LIBCD.A(CDC_SUB.O)
                0x000000000600b840                CDSUB_UpdStatus
                0x000000000600b858                CDSUB_UpdCdstat
                0x000000000600b878                CDSUB_CdCmd
                0x000000000600b8e8                CDSUB_GetCdstat
                0x000000000600b928                CDSUB_RspToCdstat
                0x000000000600b970                CDSUB_SoftTimer
 *fill*         0x000000000600b992        0xe 
 .text          0x000000000600b9a0     0x1adc ../../Compiler/SGL_302j/LIB_COFF/LIBCD.A(GFS.O)
                0x000000000600b9a0                gfs_version
                0x000000000600b9c0                GFS_Init
                0x000000000600baa8                GFS_LoadDir
                0x000000000600bb50                GFS_SetDir
                0x000000000600bbb8                GFS_NameToId
                0x000000000600bc1c                GFS_IdToName
                0x000000000600bc88                GFS_GetDirInfo
                0x000000000600bcf8                GFS_Reset
                0x000000000600bd7c                GFS_Open
                0x000000000600be30                GFS_Close
                0x000000000600be68                GFS_Seek
                0x000000000600bf1c                GFS_Tell
                0x000000000600bf6c                GFS_IsEof
                0x000000000600bfc0                GFS_ByteToSct
                0x000000000600c01c                GFS_GetFileSize
                0x000000000600c078                GFS_GetFileInfo
                0x000000000600c0ec                GFS_GetNumCdbuf
                0x000000000600c114                GFS_Load
                0x000000000600c1d8                GFS_Fread
                0x000000000600c274                gfs_waitRead
                0x000000000600c31c                GFS_NwFread
                0x000000000600c428                GFS_NwCdRead
                0x000000000600c4a0                GFS_NwIsComplete
                0x000000000600c4d8                GFS_NwStop
                0x000000000600c544                GFS_NwGetStat
                0x000000000600c5c0                gfs_recovRdErr
                0x000000000600c5f0                GFS_NwExecOne
                0x000000000600c6b0                GFS_NwExecServer
                0x000000000600c72c                GFS_SetGmode
                0x000000000600c790                GFS_SetTmode
                0x000000000600c7fc                GFS_SetReadPara
                0x000000000600c860                GFS_SetTransPara
                0x000000000600c8cc                GFS_SetTrFunc
                0x000000000600c930                GFS_StartTrans
                0x000000000600c97c                GFS_CdMovePickup
                0x000000000600c9e8                GFS_SetErrFunc
                0x000000000600ca14                GFS_GetErrStat
                0x000000000600ca38                GFS_ConvTno
                0x000000000600ca60                gfs_chgRoot
                0x000000000600cb2c                gfs_aborttrans
                0x000000000600cb38                gfs_mngSetupFuncTbl
                0x000000000600cb6c                gfs_mngInitWork
                0x000000000600cc10                gfs_mngGetNumFile
                0x000000000600cc78                GFS_mngAllocGrp
                0x000000000600ccc0                gfs_mngFreeGrp
                0x000000000600cccc                gfs_mngTermAccess
                0x000000000600cd50                gfs_mngSetErrCode
                0x000000000600cdd0                gfs_svrSearchHndl
                0x000000000600ce10                gfs_svrAddHndl
                0x000000000600ce4c                gfs_svrRemoveHndl
                0x000000000600cea8                GFS_OpenSub
                0x000000000600cf00                gfs_loadVol
                0x000000000600cfc4                gfs_getRootDir
                0x000000000600d0c0                gfs_loadRootDir
                0x000000000600d148                gfs_flowIn
                0x000000000600d1f0                gfs_transData
                0x000000000600d294                GFS_GetFad
                0x000000000600d2ec                gfs_SetSct
                0x000000000600d32c                gfs_GetFinfo
                0x000000000600d36c                gfs_closeSub
                0x000000000600d3a8                gfs_getGmode
                0x000000000600d3b4                gfs_isTaskDone
                0x000000000600d408                gfs_convFinStat
 *fill*         0x000000000600d47c        0x4 
 .text          0x000000000600d480      0x106 ../../Compiler/SGL_302j/LIB_COFF/LIBCD.A(GFS_BUF.O)
                0x000000000600d4b0                GFBF_GetTranData
                0x000000000600d4d8                GFBF_GetNumData
                0x000000000600d508                GFBF_GetSrcPk
                0x000000000600d530                GFBF_GetSctData
                0x000000000600d554                GFBF_RtnPk
                0x000000000600d57c                gfbf_getSctDt
 *fill*         0x000000000600d586        0xa 
 .text          0x000000000600d590      0x600 ../../Compiler/SGL_302j/LIB_COFF/LIBCD.A(GFS_CDB.O)
                0x000000000600d590                GFCB_Setup
                0x000000000600d6b0                GFCB_Close
                0x000000000600d6d8                GFCB_GetLenData
                0x000000000600d784                GFCB_GetLenRoom
                0x000000000600d790                GFCB_SetFilt
                0x000000000600d7f8                GFCB_DeleteAllData
                0x000000000600d820                GFCB_Tell
                0x000000000600d830                gfcb_getSctNum
                0x000000000600d880                GFCB_Seek
                0x000000000600d97c                GFCB_GetSrcPack
                0x000000000600da5c                GFCB_GetSctData
                0x000000000600da94                GFCB_GetDstPack
                0x000000000600daa0                GFCB_RtnPk
                0x000000000600dae8                GFCB_MovePickup
                0x000000000600db04                GFCB_SetCon
                0x000000000600db38                GFCB_GetPickup
                0x000000000600db60                GFCB_IsPuOwner
                0x000000000600db78                GFCB_UngetPickup
 .text          0x000000000600db90     0x1a10 ../../Compiler/SGL_302j/LIB_COFF/LIBCD.A(GFS_CDC.O)
                0x000000000600db90                GFCD_SetCdbfs
                0x000000000600dbbc                GFCD_Init
                0x000000000600ddc0                GFCD_AllocFilt
                0x000000000600ddfc                GFCD_FreeFilt
                0x000000000600de2c                GFCD_AllocBuf
                0x000000000600de60                GFCD_FreeBuf
                0x000000000600df04                GFCD_GetBaseFad
                0x000000000600df38                GFCD_GetPickup
                0x000000000600df6c                GFCD_UngetPickup
                0x000000000600df98                GFCD_IsPuOwner
                0x000000000600dfbc                GFCD_SetFilt
                0x000000000600e080                GFCD_GetFilt
                0x000000000600e0c8                GFCD_SetCon
                0x000000000600e120                GFCD_Play
                0x000000000600e180                GFCD_GetLenData
                0x000000000600e1e8                GFCD_ReqData
                0x000000000600e244                GFCD_EndData
                0x000000000600e28c                GFCD_DelSctData
                0x000000000600e2e4                GFCD_CheckDelSctData
                0x000000000600e314                GFCD_GetStat
                0x000000000600e3c8                GFCD_MovePickup
                0x000000000600e414                GFCD_MoveSctData
                0x000000000600e488                GFCD_CheckMove
                0x000000000600e4ac                GFCD_GetSctInfo
                0x000000000600e4f4                GFCD_ChgDir
                0x000000000600e568                GFCD_SetFiltCon
                0x000000000600e650                GFCD_GetFileInfo
                0x000000000600e72c                GFCD_GetBufSiz
                0x000000000600e764                GFCD_ExecServer
                0x000000000600e838                gfcd_isIdleTask
                0x000000000600e8c4                gfcd_doTask
                0x000000000600e970                GFCD_SetTimer
                0x000000000600e984                GFCD_WaitServer
                0x000000000600e9c0                gfcd_doSetFiltTsk
                0x000000000600eb84                gfcd_doSetConTsk
                0x000000000600ec14                gfcd_doGetLenDataTsk
                0x000000000600ed68                gfcd_doReqDataTsk
                0x000000000600ee08                gfcd_doDelSctDataTsk
                0x000000000600ef3c                gfcd_doMoveSctTsk
                0x000000000600f0a0                gfcd_doChgDirTsk
                0x000000000600f29c                gfcd_doSetFiltConTsk
                0x000000000600f3e0                gfcd_checkEflag
                0x000000000600f404                gfcd_initCdbMng
                0x000000000600f484                gfcd_setStat
                0x000000000600f4b0                GFCD_SetCsctFunc
                0x000000000600f4cc                GFCD_ChkScdqFlag
                0x000000000600f4f0                GFCD_ClrScdqFlag
                0x000000000600f50c                GFCD_WaitScdqFlag
                0x000000000600f550                GFCD_WaitPause
 .text          0x000000000600f5a0      0x8d8 ../../Compiler/SGL_302j/LIB_COFF/LIBCD.A(GFS_CDF.O)
                0x000000000600f5a0                GFCF_Init
                0x000000000600f640                GFCF_Setup
                0x000000000600f788                GFCF_SetSct
                0x000000000600f7cc                GFCF_GetFileInfo
                0x000000000600f840                GFCF_FlowInBuf
                0x000000000600f994                GFCF_StopInBuf
                0x000000000600fa34                GFCF_Recover
                0x000000000600fa7c                GFCF_Tell
                0x000000000600fa94                GFCF_Seek
                0x000000000600faac                GFCF_MovePickup
                0x000000000600fb48                GFCF_cnvIntlvOfs
                0x000000000600fb9c                GFCF_GetStat
                0x000000000600fc34                gfcf_getSctSize
                0x000000000600fc70                gfcf_isCdOk
                0x000000000600fd30                gfcf_getPlayRange
 *fill*         0x000000000600fe78        0x8 
 .text          0x000000000600fe80      0x92c ../../Compiler/SGL_302j/LIB_COFF/LIBCD.A(GFS_DIR.O)
                0x000000000600fe80                GFDR_SetupDirTbl
                0x000000000600fef4                GFDR_NameToId
                0x000000000600ff54                GFDR_GetInfoDirId
                0x000000000600ff68                GFDR_GetInfoDirName
                0x000000000600ff7c                GFDR_GetAtrDirId
                0x000000000600ff94                GFDR_GetAtrDirName
                0x000000000600ffac                GFDR_ChgRoot
                0x000000000600ffc4                GFDR_ChgDir
                0x0000000006010038                gfdr_setupDirIdTbl
                0x00000000060100bc                gfdr_setupDirNameTbl
                0x0000000006010168                gfdr_open
                0x0000000006010190                gfdr_read
                0x0000000006010250                gfdr_readByte
                0x000000000601027c                gfdr_readWord
                0x00000000060102a8                gfdr_readWordNB
                0x00000000060102fc                gfdr_readLongNB
                0x0000000006010348                gfdr_readLongNM
                0x0000000006010370                gfdr_setNextRec
                0x00000000060103f4                gfdr_readDirEnt
                0x0000000006010770                gfdr_setDirrecCd
 *fill*         0x00000000060107ac        0x4 
 .text          0x00000000060107b0      0x9c6 ../../Compiler/SGL_302j/LIB_COFF/LIBCD.A(GFS_TRN.O)
                0x00000000060107e0                GFTR_Setup
                0x0000000006010824                GFTR_SetMode
                0x0000000006010838                GFTR_SetUnit
                0x0000000006010844                GFTR_SetTransPara
                0x0000000006010878                GFTR_GetTransPara
                0x0000000006010884                GFTR_GetNumTrans
                0x0000000006010890                GFTR_SetTransMax
                0x000000000601089c                GFTR_Start
                0x00000000060108a8                GFTR_Pause
                0x00000000060108b4                GFTR_Stop
                0x000000000601096c                GFTR_Exec
                0x00000000060109f0                GFTR_Idle
                0x0000000006010a68                GFTR_ExecSvr
                0x0000000006010b70                gftr_getSrcPack
                0x0000000006010bf8                gftr_getDstPack
                0x0000000006010c54                gftr_reqScu
                0x0000000006010c60                gftr_execScu
                0x0000000006010cfc                gftr_remScu
                0x0000000006010d30                gfdma_canUse
                0x0000000006010d3c                gfdma_exec
                0x0000000006010dac                gfdma_getBytecnt
                0x0000000006010de4                gftr_reqDma0
                0x0000000006010dfc                gftr_execSdma0
                0x0000000006010e20                gftr_remDma0
                0x0000000006010e38                gftr_reqDma1
                0x0000000006010e50                gftr_execSdma1
                0x0000000006010e74                gftr_remDma1
                0x0000000006010e8c                gftr_reqCpu
                0x0000000006010e98                gftr_execCpu
                0x0000000006010ed8                gftr_remCpu
                0x0000000006010ee4                gftr_reqTrn
                0x0000000006010f54                gftr_execTrn
                0x000000000601102c                gftr_remTrn
                0x00000000060110a0                gftr_copyFrac
                0x00000000060110c8                GFTR_GetLenData
                0x00000000060110d4                GFTR_GetLenRoom
                0x00000000060110ec                GFTR_GetDstPack
                0x0000000006011120                GFTR_RtnDstPk
                0x000000000601113c                GFTR_GetData
                0x0000000006011150                GFTR_SetData
                0x0000000006011164                GFTR_SetTransFunc
 *fill*         0x0000000006011176        0xa 
 .text          0x0000000006011180      0x130 ../../Compiler/SGL_302j/LIB_COFF/LIBCD.A(CDC_DRV.O)
                0x0000000006011180                CDC_CdPlay
                0x000000000601124c                CDC_CdSeek
                0x0000000006011280                CDC_CdScan
 .text          0x00000000060112b0       0xa8 ../../Compiler/SGL_302j/LIB_COFF/LIBCD.A(CDC_DEV.O)
                0x00000000060112b0                CDC_CdSetCon
                0x00000000060112e0                CDC_CdGetCon
                0x000000000601131c                CDC_CdGetLastBuf
 *fill*         0x0000000006011358        0x8 
 .text          0x0000000006011360      0x2b8 ../../Compiler/SGL_302j/LIB_COFF/LIBCD.A(CDC_SEL.O)
                0x0000000006011360                CDC_SetFiltRange
                0x0000000006011394                CDC_GetFiltRange
                0x00000000060113ec                CDC_SetFiltSubh
                0x000000000601145c                CDC_GetFiltSubh
                0x00000000060114d8                CDC_SetFiltMode
                0x000000000601150c                CDC_GetFiltMode
                0x0000000006011550                CDC_SetFiltCon
                0x0000000006011590                CDC_GetFiltCon
                0x00000000060115e4                CDC_ResetSelector
 *fill*         0x0000000006011618        0x8 
 .text          0x0000000006011620      0x270 ../../Compiler/SGL_302j/LIB_COFF/LIBCD.A(CDC_BIF.O)
                0x0000000006011620                CDC_GetBufSiz
                0x000000000601167c                CDC_GetSctNum
                0x00000000060116c0                CDC_CalActSiz
                0x00000000060116fc                CDC_GetActSiz
                0x000000000601177c                CDC_GetSctInfo
                0x00000000060117fc                CDC_ExeFadSearch
                0x0000000006011834                CDC_GetFadSearch
 .text          0x0000000006011890      0x1e4 ../../Compiler/SGL_302j/LIB_COFF/LIBCD.A(CDC_BIO.O)
                0x0000000006011890                CDC_SetSctLen
                0x00000000060118c4                CDC_GetSctData
                0x0000000006011900                CDC_DelSctData
                0x000000000601193c                CDC_GetdelSctData
                0x0000000006011978                CDC_PutSctData
                0x00000000060119b0                CDC_CopySctData
                0x00000000060119f4                CDC_MoveSctData
                0x0000000006011a38                CDC_GetCopyErr
 *fill*         0x0000000006011a74        0xc 
 .text          0x0000000006011a80        0x0 ../../Compiler/SGL_302j/LIB_COFF/LIBSGL.A(sglA15.o)
 .text          0x0000000006011a80        0x0 ../../Compiler/SGL_302j/LIB_COFF/LIBSGL.A(sglA20.o)
 .text          0x0000000006011a80        0x0 ../../Compiler/SGL_302j/LIB_COFF/LIBSGL.A(sglA21.o)
 .text          0x0000000006011a80        0x0 ../../Compiler/SGL_302j/LIB_COFF/LIBSGL.A(sglA27.o)
 .text          0x0000000006011a80        0x0 ../../Compiler/SGL_302j/LIB_COFF/LIBSGL.A(sglB001.o)
 .text          0x0000000006011a80        0x0 ../../Compiler/SGL_302j/LIB_COFF/LIBSGL.A(sglB011.o)
 .text          0x0000000006011a80        0x0 ../../Compiler/SGL_302j/LIB_COFF/LIBSGL.A(sglB015.o)
 .text          0x0000000006011a80        0x0 ../../Compiler/SGL_302j/LIB_COFF/LIBSGL.A(sglB016.o)
 .text          0x0000000006011a80        0x0 ../../Compiler/SGL_302j/LIB_COFF/LIBSGL.A(sglB032.o)
 .text          0x0000000006011a80        0x0 ../../Compiler/SGL_302j/LIB_COFF/LIBSGL.A(sglB053.o)
 .text          0x0000000006011a80        0x0 ../../Compiler/SGL_302j/LIB_COFF/LIBSGL.A(sglB056.o)
 .text          0x0000000006011a80        0x0 ../../Compiler/SGL_302j/LIB_COFF/LIBSGL.A(sglB063.o)
 .text          0x0000000006011a80        0x0 ../../Compiler/SGL_302j/LIB_COFF/LIBSGL.A(sglB200.o)
 .text          0x0000000006011a80        0x0 ../../Compiler/SGL_302j/LIB_COFF/LIBSGL.A(sglC05.o)
 .text          0x0000000006011a80        0x0 ../../Compiler/SGL_302j/LIB_COFF/LIBSGL.A(sglC06.o)
 .text          0x0000000006011a80        0x0 ../../Compiler/SGL_302j/LIB_COFF/LIBSGL.A(sglC07.o)
 .text          0x0000000006011a80        0x0 ../../Compiler/SGL_302j/LIB_COFF/LIBSGL.A(sglC08.o)
 .text          0x0000000006011a80        0x0 ../../Compiler/SGL_302j/LIB_COFF/LIBSGL.A(sglC20.o)
 .text          0x0000000006011a80        0x0 ../../Compiler/SGL_302j/LIB_COFF/LIBSGL.A(sglD00.o)
 .text          0x0000000006011a80        0x0 ../../Compiler/SGL_302j/LIB_COFF/LIBSGL.A(sglD01.o)
 .text          0x0000000006011a80        0x0 ../../Compiler/SGL_302j/LIB_COFF/LIBSGL.A(sglD03.o)
 .text          0x0000000006011a80        0x0 ../../Compiler/SGL_302j/LIB_COFF/LIBSGL.A(sglD15.o)
 .text          0x0000000006011a80        0x0 ../../Compiler/SGL_302j/LIB_COFF/LIBSGL.A(sglD16.o)
 .text          0x0000000006011a80        0x0 ../../Compiler/SGL_302j/LIB_COFF/LIBSGL.A(sglD17.o)
 .text          0x0000000006011a80        0x0 ../../Compiler/SGL_302j/LIB_COFF/LIBSGL.A(sglD18.o)
 .text          0x0000000006011a80        0x0 ../../Compiler/SGL_302j/LIB_COFF/LIBSGL.A(sglF00.o)
 .text          0x0000000006011a80        0x0 ../../Compiler/SGL_302j/LIB_COFF/LIBSGL.A(sglF05.o)
 .text          0x0000000006011a80        0x0 ../../Compiler/SGL_302j/LIB_COFF/LIBSGL.A(sglH00.o)
 .text          0x0000000006011a80        0x0 ../../Compiler/SGL_302j/LIB_COFF/LIBSGL.A(sglH01.o)
 .text          0x0000000006011a80        0x0 ../../Compiler/SGL_302j/LIB_COFF/LIBSGL.A(sglH02.o)
 .text          0x0000000006011a80        0x0 ../../Compiler/SGL_302j/LIB_COFF/LIBSGL.A(sglH04.o)
 .text          0x0000000006011a80        0x0 ../../Compiler/SGL_302j/LIB_COFF/LIBSGL.A(sglI01.o)
 .text          0x0000000006011a80      0x128 ../../Compiler/SGL_302j/LIB_COFF/LIBSGL.A(sglIc0.o)
                0x0000000006011a80                slInitSystem
 *fill*         0x0000000006011ba8        0x8 
 .text          0x0000000006011bb0        0x0 ../../Compiler/SGL_302j/LIB_COFF/LIBSGL.A(sglJ00.o)
 .text          0x0000000006011bb0        0x0 ../../Compiler/SGL_302j/LIB_COFF/LIBSGL.A(sglJ01.o)
 .text          0x0000000006011bb0        0x0 ../../Compiler/SGL_302j/LIB_COFF/LIBSGL.A(sglJ02.o)
 .text          0x0000000006011bb0        0x0 ../../Compiler/SGL_302j/LIB_COFF/LIBSGL.A(sglJ03.o)
 .text          0x0000000006011bb0        0x0 ../../Compiler/SGL_302j/LIB_COFF/LIBSGL.A(sglJ04.o)
 .text          0x0000000006011bb0        0x0 ../../Compiler/SGL_302j/LIB_COFF/LIBSGL.A(sglJ05.o)
 .text          0x0000000006011bb0        0x0 ../../Compiler/SGL_302j/LIB_COFF/LIBSGL.A(sglK01.o)
 .text          0x0000000006011bb0        0x0 ../../Compiler/SGL_302j/LIB_COFF/LIBSGL.A(sglM01.o)
 .text          0x0000000006011bb0        0x0 ../../Compiler/SGL_302j/LIB_COFF/LIBSGL.A(sglA00.o)
 .text          0x0000000006011bb0        0x0 ../../Compiler/SGL_302j/LIB_COFF/LIBSGL.A(sglA01.o)
 .text          0x0000000006011bb0        0x0 ../../Compiler/SGL_302j/LIB_COFF/LIBSGL.A(sglB000.o)
 .text          0x0000000006011bb0        0x0 ../../Compiler/SGL_302j/LIB_COFF/LIBSGL.A(sglB035.o)
 .text          0x0000000006011bb0        0x0 ../../Compiler/SGL_302j/LIB_COFF/LIBSGL.A(sglC00.o)
 .text          0x0000000006011bb0        0x0 ../../Compiler/SGL_302j/LIB_COFF/LIBSGL.A(sglI00.o)
 .text          0x0000000006011bb0        0x0 ../../Compiler/SGL_302j/LIB_COFF/LIBSGL.A(sglH03.o)
 .text          0x0000000006011bb0       0x52 /home/sansigolo/Documents/joengine/Compiler/SH_NONE_ELF/bin/../lib/gcc/sh-none-elf/8.2.0/libgcc.a(_ashiftrt.o)
                0x0000000006011bb0                __ashiftrt_r4_31
                0x0000000006011bb0                __ashiftrt_r4_32
                0x0000000006011bb6                __ashiftrt_r4_30
                0x0000000006011bb8                __ashiftrt_r4_29
                0x0000000006011bba                __ashiftrt_r4_28
                0x0000000006011bbc                __ashiftrt_r4_27
                0x0000000006011bbe                __ashiftrt_r4_26
                0x0000000006011bc0                __ashiftrt_r4_25
                0x0000000006011bc2                __ashiftrt_r4_24
                0x0000000006011bca                __ashiftrt_r4_23
                0x0000000006011bcc                __ashiftrt_r4_22
                0x0000000006011bce                __ashiftrt_r4_21
                0x0000000006011bd0                __ashiftrt_r4_20
                0x0000000006011bd2                __ashiftrt_r4_19
                0x0000000006011bd4                __ashiftrt_r4_18
                0x0000000006011bd6                __ashiftrt_r4_17
                0x0000000006011bd8                __ashiftrt_r4_16
                0x0000000006011bde                __ashiftrt_r4_15
                0x0000000006011be0                __ashiftrt_r4_14
                0x0000000006011be2                __ashiftrt_r4_13
                0x0000000006011be4                __ashiftrt_r4_12
                0x0000000006011be6                __ashiftrt_r4_11
                0x0000000006011be8                __ashiftrt_r4_10
                0x0000000006011bea                __ashiftrt_r4_9
                0x0000000006011bec                __ashiftrt_r4_8
                0x0000000006011bee                __ashiftrt_r4_7
                0x0000000006011bf0                __ashiftrt_r4_6
                0x0000000006011bf2                __ashiftrt_r4_5
                0x0000000006011bf4                __ashiftrt_r4_4
                0x0000000006011bf6                __ashiftrt_r4_3
                0x0000000006011bf8                __ashiftrt_r4_2
                0x0000000006011bfa                __ashiftrt_r4_1
                0x0000000006011bfe                __ashiftrt_r4_0
 *fill*         0x0000000006011c02        0x2 
 .text          0x0000000006011c04       0xa0 /home/sansigolo/Documents/joengine/Compiler/SH_NONE_ELF/bin/../lib/gcc/sh-none-elf/8.2.0/libgcc.a(_sdivsi3.o)
                0x0000000006011c04                __sdivsi3
 .text          0x0000000006011ca4       0x6c /home/sansigolo/Documents/joengine/Compiler/SH_NONE_ELF/bin/../lib/gcc/sh-none-elf/8.2.0/libgcc.a(_udivsi3.o)
                0x0000000006011cc6                __udivsi3
 .text          0x0000000006011d10      0x134 /home/sansigolo/Documents/joengine/Compiler/SH_NONE_ELF/bin/../lib/gcc/sh-none-elf/8.2.0/libgcc.a(_mul_sf.o)
                0x0000000006011d10                __mulsf3
 .text          0x0000000006011e44       0xdc /home/sansigolo/Documents/joengine/Compiler/SH_NONE_ELF/bin/../lib/gcc/sh-none-elf/8.2.0/libgcc.a(_div_sf.o)
                0x0000000006011e44                __divsf3
 .text          0x0000000006011f20       0x7c /home/sansigolo/Documents/joengine/Compiler/SH_NONE_ELF/bin/../lib/gcc/sh-none-elf/8.2.0/libgcc.a(_sf_to_si.o)
                0x0000000006011f20                __fixsfsi
 .text          0x0000000006011f9c        0x0 /home/sansigolo/Documents/joengine/Compiler/SH_NONE_ELF/bin/../lib/gcc/sh-none-elf/8.2.0/libgcc.a(_thenan_sf.o)
 .text          0x0000000006011f9c       0x94 /home/sansigolo/Documents/joengine/Compiler/SH_NONE_ELF/bin/../lib/gcc/sh-none-elf/8.2.0/libgcc.a(_usi_to_sf.o)
                0x0000000006011f9c                __floatunsisf
 .text          0x0000000006012030      0x114 /home/sansigolo/Documents/joengine/Compiler/SH_NONE_ELF/bin/../lib/gcc/sh-none-elf/8.2.0/libgcc.a(_pack_sf.o)
                0x0000000006012030                __pack_f
 .text          0x0000000006012144       0xa0 /home/sansigolo/Documents/joengine/Compiler/SH_NONE_ELF/bin/../lib/gcc/sh-none-elf/8.2.0/libgcc.a(_unpack_sf.o)
                0x0000000006012144                __unpack_f
 .text          0x00000000060121e4       0x1e /home/sansigolo/Documents/joengine/Compiler/SH_NONE_ELF/bin/../lib/gcc/sh-none-elf/8.2.0/../../../../sh-none-elf/lib/libc.a(lib_a-memcmp.o)
                0x00000000060121e4                memcmp
 *fill*         0x0000000006012202        0x2 
 .text          0x0000000006012204       0x94 /home/sansigolo/Documents/joengine/Compiler/SH_NONE_ELF/bin/../lib/gcc/sh-none-elf/8.2.0/../../../../sh-none-elf/lib/libc.a(lib_a-memcpy.o)
                0x0000000006012204                memcpy
 .text          0x0000000006012298       0x40 /home/sansigolo/Documents/joengine/Compiler/SH_NONE_ELF/bin/../lib/gcc/sh-none-elf/8.2.0/../../../../sh-none-elf/lib/libc.a(lib_a-memset.o)
                0x0000000006012298                memset
 .text          0x00000000060122d8       0x8c /home/sansigolo/Documents/joengine/Compiler/SH_NONE_ELF/bin/../lib/gcc/sh-none-elf/8.2.0/../../../../sh-none-elf/lib/libc.a(lib_a-sprintf.o)
                0x00000000060122d8                _sprintf_r
                0x0000000006012318                sprintf
 .text          0x0000000006012364       0x2a /home/sansigolo/Documents/joengine/Compiler/SH_NONE_ELF/bin/../lib/gcc/sh-none-elf/8.2.0/../../../../sh-none-elf/lib/libc.a(lib_a-strncmp.o)
                0x0000000006012364                strncmp
 .text          0x000000000601238e       0x32 /home/sansigolo/Documents/joengine/Compiler/SH_NONE_ELF/bin/../lib/gcc/sh-none-elf/8.2.0/../../../../sh-none-elf/lib/libc.a(lib_a-strncpy.o)
                0x000000000601238e                strncpy
 .text          0x00000000060123c0     0x1378 /home/sansigolo/Documents/joengine/Compiler/SH_NONE_ELF/bin/../lib/gcc/sh-none-elf/8.2.0/../../../../sh-none-elf/lib/libc.a(lib_a-svfprintf.o)
                0x00000000060123c0                _svfprintf_r
 .text          0x0000000006013738      0xef4 /home/sansigolo/Documents/joengine/Compiler/SH_NONE_ELF/bin/../lib/gcc/sh-none-elf/8.2.0/../../../../sh-none-elf/lib/libc.a(lib_a-dtoa.o)
                0x000000000601386c                _dtoa_r
 .text          0x000000000601462c        0x0 /home/sansigolo/Documents/joengine/Compiler/SH_NONE_ELF/bin/../lib/gcc/sh-none-elf/8.2.0/../../../../sh-none-elf/lib/libc.a(lib_a-impure.o)
 .text          0x000000000601462c       0x40 /home/sansigolo/Documents/joengine/Compiler/SH_NONE_ELF/bin/../lib/gcc/sh-none-elf/8.2.0/../../../../sh-none-elf/lib/libc.a(lib_a-localeconv.o)
                0x000000000601462c                __localeconv_l
                0x0000000006014634                _localeconv_r
                0x0000000006014650                localeconv
 .text          0x000000000601466c       0xa8 /home/sansigolo/Documents/joengine/Compiler/SH_NONE_ELF/bin/../lib/gcc/sh-none-elf/8.2.0/../../../../sh-none-elf/lib/libc.a(lib_a-locale.o)
                0x000000000601466c                _setlocale_r
                0x00000000060146b8                __locale_mb_cur_max
                0x00000000060146d8                __locale_ctype_ptr_l
                0x00000000060146e2                __locale_ctype_ptr
                0x0000000006014700                setlocale
 .text          0x0000000006014714       0x4c /home/sansigolo/Documents/joengine/Compiler/SH_NONE_ELF/bin/../lib/gcc/sh-none-elf/8.2.0/../../../../sh-none-elf/lib/libc.a(lib_a-mbtowc_r.o)
                0x0000000006014714                _mbtowc_r
                0x0000000006014738                __ascii_mbtowc
 .text          0x0000000006014760       0x1c /home/sansigolo/Documents/joengine/Compiler/SH_NONE_ELF/bin/../lib/gcc/sh-none-elf/8.2.0/../../../../sh-none-elf/lib/libc.a(lib_a-memchr.o)
                0x0000000006014760                memchr
 .text          0x000000000601477c      0xa9c /home/sansigolo/Documents/joengine/Compiler/SH_NONE_ELF/bin/../lib/gcc/sh-none-elf/8.2.0/../../../../sh-none-elf/lib/libc.a(lib_a-mprec.o)
                0x000000000601477c                _Balloc
                0x00000000060147f0                _Bfree
                0x0000000006014808                __multadd
                0x00000000060148b0                __s2b
                0x0000000006014970                __hi0bits
                0x00000000060149c4                __lo0bits
                0x0000000006014a28                __i2b
                0x0000000006014a44                __multiply
                0x0000000006014b88                __pow5mult
                0x0000000006014c44                __lshift
                0x0000000006014d38                __mcmp
                0x0000000006014d70                __mdiff
                0x0000000006014e4c                __ulp
                0x0000000006014eb8                __b2d
                0x0000000006014fa0                __d2b
                0x000000000601508c                __ratio
                0x0000000006015110                _mprec_log10
                0x0000000006015168                __copybits
                0x00000000060151ac                __any_on
 .text          0x0000000006015218       0x34 /home/sansigolo/Documents/joengine/Compiler/SH_NONE_ELF/bin/../lib/gcc/sh-none-elf/8.2.0/../../../../sh-none-elf/lib/libc.a(lib_a-nano-callocr.o)
                0x0000000006015218                _calloc_r
 .text          0x000000000601524c       0xf4 /home/sansigolo/Documents/joengine/Compiler/SH_NONE_ELF/bin/../lib/gcc/sh-none-elf/8.2.0/../../../../sh-none-elf/lib/libc.a(lib_a-nano-mallocr.o)
                0x000000000601524c                _malloc_r
 .text          0x0000000006015340       0x30 /home/sansigolo/Documents/joengine/Compiler/SH_NONE_ELF/bin/../lib/gcc/sh-none-elf/8.2.0/../../../../sh-none-elf/lib/libc.a(lib_a-sbrkr.o)
                0x0000000006015340                _sbrk_r
 .text          0x0000000006015370       0x38 /home/sansigolo/Documents/joengine/Compiler/SH_NONE_ELF/bin/../lib/gcc/sh-none-elf/8.2.0/../../../../sh-none-elf/lib/libc.a(lib_a-strcmp.o)
                0x0000000006015370                strcmp
 .text          0x00000000060153a8       0x20 /home/sansigolo/Documents/joengine/Compiler/SH_NONE_ELF/bin/../lib/gcc/sh-none-elf/8.2.0/../../../../sh-none-elf/lib/libc.a(lib_a-strlen.o)
                0x00000000060153a8                strlen
 .text          0x00000000060153c8      0xa60 /home/sansigolo/Documents/joengine/Compiler/SH_NONE_ELF/bin/../lib/gcc/sh-none-elf/8.2.0/../../../../sh-none-elf/lib/libc.a(lib_a-svfiprintf.o)
                0x00000000060153c8                __ssprint_r
                0x00000000060154fc                _svfiprintf_r
 .text          0x0000000006015e28      0x25c /home/sansigolo/Documents/joengine/Compiler/SH_NONE_ELF/bin/../lib/gcc/sh-none-elf/8.2.0/../../../../sh-none-elf/lib/libc.a(lib_a-syscalls.o)
                0x0000000006015ea0                _read
                0x0000000006015eb0                _lseek
                0x0000000006015ec0                _write
                0x0000000006015ed0                _close
                0x0000000006015ee0                _link
                0x0000000006015ee4                _sbrk
                0x0000000006015f3c                _fstat
                0x0000000006015f46                _open
                0x0000000006015f58                _creat
                0x0000000006015f68                _unlink
                0x0000000006015f6c                isatty
                0x0000000006015f70                _isatty
                0x0000000006015f74                _exit
                0x0000000006015f84                _kill
                0x0000000006015f98                _getpid
                0x0000000006015f9c                _raise
                0x0000000006015fa0                _stat
                0x0000000006015fb0                _chmod
                0x0000000006015fc0                _chown
                0x0000000006015fd0                _utime
                0x0000000006015fe4                _fork
                0x0000000006015ff0                _wait
                0x0000000006016000                _execve
                0x0000000006016010                _execv
                0x0000000006016020                _pipe
                0x000000000601602c                _times
                0x0000000006016030                _gettimeofday
                0x0000000006016058                __setup_argv_and_call_main
 .text          0x0000000006016084       0x14 /home/sansigolo/Documents/joengine/Compiler/SH_NONE_ELF/bin/../lib/gcc/sh-none-elf/8.2.0/../../../../sh-none-elf/lib/libc.a(lib_a-trap.o)
                0x0000000006016084                __trap34
 .text          0x0000000006016098       0x40 /home/sansigolo/Documents/joengine/Compiler/SH_NONE_ELF/bin/../lib/gcc/sh-none-elf/8.2.0/../../../../sh-none-elf/lib/libc.a(lib_a-wctomb_r.o)
                0x0000000006016098                _wctomb_r
                0x00000000060160b8                __ascii_wctomb
 .text          0x00000000060160d8       0x18 /home/sansigolo/Documents/joengine/Compiler/SH_NONE_ELF/bin/../lib/gcc/sh-none-elf/8.2.0/../../../../sh-none-elf/lib/libc.a(lib_a-abort.o)
                0x00000000060160d8                abort
 .text          0x00000000060160f0        0x0 /home/sansigolo/Documents/joengine/Compiler/SH_NONE_ELF/bin/../lib/gcc/sh-none-elf/8.2.0/../../../../sh-none-elf/lib/libc.a(lib_a-ctype_.o)
 .text          0x00000000060160f0       0x3c /home/sansigolo/Documents/joengine/Compiler/SH_NONE_ELF/bin/../lib/gcc/sh-none-elf/8.2.0/../../../../sh-none-elf/lib/libc.a(lib_a-memmove.o)
                0x00000000060160f0                memmove
 .text          0x000000000601612c        0x8 /home/sansigolo/Documents/joengine/Compiler/SH_NONE_ELF/bin/../lib/gcc/sh-none-elf/8.2.0/../../../../sh-none-elf/lib/libc.a(lib_a-mlock.o)
                0x000000000601612c                __malloc_lock
                0x0000000006016130                __malloc_unlock
 .text          0x0000000006016134       0xc8 /home/sansigolo/Documents/joengine/Compiler/SH_NONE_ELF/bin/../lib/gcc/sh-none-elf/8.2.0/../../../../sh-none-elf/lib/libc.a(lib_a-nano-freer.o)
                0x0000000006016134                _free_r
 .text          0x00000000060161fc       0x7c /home/sansigolo/Documents/joengine/Compiler/SH_NONE_ELF/bin/../lib/gcc/sh-none-elf/8.2.0/../../../../sh-none-elf/lib/libc.a(lib_a-nano-reallocr.o)
                0x00000000060161fc                _realloc_r
 .text          0x0000000006016278      0x1b0 /home/sansigolo/Documents/joengine/Compiler/SH_NONE_ELF/bin/../lib/gcc/sh-none-elf/8.2.0/../../../../sh-none-elf/lib/libc.a(lib_a-signal.o)
                0x0000000006016278                _init_signal_r
                0x00000000060162b4                _signal_r
                0x0000000006016300                _raise_r
                0x0000000006016378                __sigtramp_r
                0x00000000060163dc                raise
                0x00000000060163f0                signal
                0x0000000006016404                _init_signal
                0x0000000006016414                __sigtramp
 .text          0x0000000006016428       0x40 /home/sansigolo/Documents/joengine/Compiler/SH_NONE_ELF/bin/../lib/gcc/sh-none-elf/8.2.0/../../../../sh-none-elf/lib/libc.a(lib_a-signalr.o)
                0x0000000006016428                _kill_r
                0x000000000601645c                _getpid_r
 .text          0x0000000006016468       0x16 /home/sansigolo/Documents/joengine/Compiler/SH_NONE_ELF/bin/../lib/gcc/sh-none-elf/8.2.0/../../../../sh-none-elf/lib/libc.a(lib_a-nano-msizer.o)
                0x0000000006016468                _malloc_usable_size_r
 *fill*         0x000000000601647e        0x2 
 .text          0x0000000006016480       0x80 /home/sansigolo/Documents/joengine/Compiler/SH_NONE_ELF/bin/../lib/gcc/sh-none-elf/8.2.0/libgcc.a(_ashiftrt_n.o)
                0x0000000006016480                __ashrsi3
 .text          0x0000000006016500       0xbc /home/sansigolo/Documents/joengine/Compiler/SH_NONE_ELF/bin/../lib/gcc/sh-none-elf/8.2.0/libgcc.a(_ashiftlt.o)
                0x0000000006016500                __ashlsi3
                0x0000000006016504                __ashlsi3_r0
 .text          0x00000000060165bc       0xbc /home/sansigolo/Documents/joengine/Compiler/SH_NONE_ELF/bin/../lib/gcc/sh-none-elf/8.2.0/libgcc.a(_lshiftrt.o)
                0x00000000060165bc                __lshrsi3
                0x00000000060165c0                __lshrsi3_r0
 .text          0x0000000006016678      0x258 /home/sansigolo/Documents/joengine/Compiler/SH_NONE_ELF/bin/../lib/gcc/sh-none-elf/8.2.0/libgcc.a(_udivdi3.o)
                0x0000000006016678                __udivdi3
 .text          0x00000000060168d0      0x2bc /home/sansigolo/Documents/joengine/Compiler/SH_NONE_ELF/bin/../lib/gcc/sh-none-elf/8.2.0/libgcc.a(_umoddi3.o)
                0x00000000060168d0                __umoddi3
 .text          0x0000000006016b8c      0x3b4 /home/sansigolo/Documents/joengine/Compiler/SH_NONE_ELF/bin/../lib/gcc/sh-none-elf/8.2.0/libgcc.a(_addsub_df.o)
                0x0000000006016e9c                __adddf3
                0x0000000006016eec                __subdf3
 .text          0x0000000006016f40      0x208 /home/sansigolo/Documents/joengine/Compiler/SH_NONE_ELF/bin/../lib/gcc/sh-none-elf/8.2.0/libgcc.a(_mul_df.o)
                0x0000000006016f40                __muldf3
 .text          0x0000000006017148      0x130 /home/sansigolo/Documents/joengine/Compiler/SH_NONE_ELF/bin/../lib/gcc/sh-none-elf/8.2.0/libgcc.a(_div_df.o)
                0x0000000006017148                __divdf3
 .text          0x0000000006017278       0x58 /home/sansigolo/Documents/joengine/Compiler/SH_NONE_ELF/bin/../lib/gcc/sh-none-elf/8.2.0/libgcc.a(_eq_df.o)
                0x0000000006017278                __eqdf2
 .text          0x00000000060172d0       0x58 /home/sansigolo/Documents/joengine/Compiler/SH_NONE_ELF/bin/../lib/gcc/sh-none-elf/8.2.0/libgcc.a(_ne_df.o)
                0x00000000060172d0                __nedf2
 .text          0x0000000006017328       0x50 /home/sansigolo/Documents/joengine/Compiler/SH_NONE_ELF/bin/../lib/gcc/sh-none-elf/8.2.0/libgcc.a(_gt_df.o)
                0x0000000006017328                __gtdf2
 .text          0x0000000006017378       0x50 /home/sansigolo/Documents/joengine/Compiler/SH_NONE_ELF/bin/../lib/gcc/sh-none-elf/8.2.0/libgcc.a(_ge_df.o)
                0x0000000006017378                __gedf2
 .text          0x00000000060173c8       0x58 /home/sansigolo/Documents/joengine/Compiler/SH_NONE_ELF/bin/../lib/gcc/sh-none-elf/8.2.0/libgcc.a(_lt_df.o)
                0x00000000060173c8                __ltdf2
 .text          0x0000000006017420       0x58 /home/sansigolo/Documents/joengine/Compiler/SH_NONE_ELF/bin/../lib/gcc/sh-none-elf/8.2.0/libgcc.a(_le_df.o)
                0x0000000006017420                __ledf2
 .text          0x0000000006017478       0x40 /home/sansigolo/Documents/joengine/Compiler/SH_NONE_ELF/bin/../lib/gcc/sh-none-elf/8.2.0/libgcc.a(_unord_df.o)
                0x0000000006017478                __unorddf2
 .text          0x00000000060174b8       0xa8 /home/sansigolo/Documents/joengine/Compiler/SH_NONE_ELF/bin/../lib/gcc/sh-none-elf/8.2.0/libgcc.a(_si_to_df.o)
                0x00000000060174b8                __floatsidf
 .text          0x0000000006017560       0xa4 /home/sansigolo/Documents/joengine/Compiler/SH_NONE_ELF/bin/../lib/gcc/sh-none-elf/8.2.0/libgcc.a(_df_to_si.o)
                0x0000000006017560                __fixdfsi
 .text          0x0000000006017604        0x0 /home/sansigolo/Documents/joengine/Compiler/SH_NONE_ELF/bin/../lib/gcc/sh-none-elf/8.2.0/libgcc.a(_thenan_df.o)
 .text          0x0000000006017604       0x88 /home/sansigolo/Documents/joengine/Compiler/SH_NONE_ELF/bin/../lib/gcc/sh-none-elf/8.2.0/libgcc.a(_usi_to_df.o)
                0x0000000006017604                __floatunsidf
 *fill*         0x000000000601768c        0x4 
 .text          0x0000000006017690       0x60 /home/sansigolo/Documents/joengine/Compiler/SH_NONE_ELF/bin/../lib/gcc/sh-none-elf/8.2.0/libgcc.a(_udiv_qrnnd_16.o)
                0x0000000006017690                __udiv_qrnnd_16
 .text          0x00000000060176f0        0x0 /home/sansigolo/Documents/joengine/Compiler/SH_NONE_ELF/bin/../lib/gcc/sh-none-elf/8.2.0/libgcc.a(_clz.o)
 .text          0x00000000060176f0       0x58 /home/sansigolo/Documents/joengine/Compiler/SH_NONE_ELF/bin/../lib/gcc/sh-none-elf/8.2.0/libgcc.a(_clzsi2.o)
                0x00000000060176f0                __clzsi2
 .text          0x0000000006017748      0x25c /home/sansigolo/Documents/joengine/Compiler/SH_NONE_ELF/bin/../lib/gcc/sh-none-elf/8.2.0/libgcc.a(_pack_df.o)
                0x0000000006017748                __pack_d
 .text          0x00000000060179a4       0xcc /home/sansigolo/Documents/joengine/Compiler/SH_NONE_ELF/bin/../lib/gcc/sh-none-elf/8.2.0/libgcc.a(_unpack_df.o)
                0x00000000060179a4                __unpack_d
 .text          0x0000000006017a70       0xc8 /home/sansigolo/Documents/joengine/Compiler/SH_NONE_ELF/bin/../lib/gcc/sh-none-elf/8.2.0/libgcc.a(_fpcmp_parts_df.o)
                0x0000000006017a70                __fpcmp_parts_d
 *(.strings)
                0x0000000006017b38                __etext = .

.text.startup   0x0000000006017b38      0x44c
 .text.startup  0x0000000006017b38      0x44c /tmp/ccArmBR7.ltrans0.ltrans.o
                0x0000000006017b38                main

.rodata         0x0000000006017fa0      0x63c
 *(.rodata)
 .rodata        0x0000000006017fa0      0x12c /tmp/ccArmBR7.ltrans0.ltrans.o
 .rodata        0x00000000060180cc       0x10 /home/sansigolo/Documents/joengine/Compiler/SH_NONE_ELF/bin/../lib/gcc/sh-none-elf/8.2.0/libgcc.a(_thenan_sf.o)
                0x00000000060180cc                __thenan_sf
 .rodata        0x00000000060180dc       0x20 /home/sansigolo/Documents/joengine/Compiler/SH_NONE_ELF/bin/../lib/gcc/sh-none-elf/8.2.0/../../../../sh-none-elf/lib/libc.a(lib_a-svfprintf.o)
 .rodata        0x00000000060180fc        0x4 /home/sansigolo/Documents/joengine/Compiler/SH_NONE_ELF/bin/../lib/gcc/sh-none-elf/8.2.0/../../../../sh-none-elf/lib/libc.a(lib_a-impure.o)
                0x00000000060180fc                _global_impure_ptr
 .rodata        0x0000000006018100      0x124 /home/sansigolo/Documents/joengine/Compiler/SH_NONE_ELF/bin/../lib/gcc/sh-none-elf/8.2.0/../../../../sh-none-elf/lib/libc.a(lib_a-mprec.o)
                0x000000000601810c                __mprec_tinytens
                0x0000000006018134                __mprec_bigtens
                0x000000000601815c                __mprec_tens
 .rodata        0x0000000006018224       0x20 /home/sansigolo/Documents/joengine/Compiler/SH_NONE_ELF/bin/../lib/gcc/sh-none-elf/8.2.0/../../../../sh-none-elf/lib/libc.a(lib_a-svfiprintf.o)
 .rodata        0x0000000006018244      0x284 /home/sansigolo/Documents/joengine/Compiler/SH_NONE_ELF/bin/../lib/gcc/sh-none-elf/8.2.0/../../../../sh-none-elf/lib/libc.a(lib_a-ctype_.o)
                0x0000000006018244                _ctype_
                0x0000000006018348                _ctype_b
 .rodata        0x00000000060184c8       0x14 /home/sansigolo/Documents/joengine/Compiler/SH_NONE_ELF/bin/../lib/gcc/sh-none-elf/8.2.0/libgcc.a(_thenan_df.o)
                0x00000000060184c8                __thenan_df
 .rodata        0x00000000060184dc      0x100 /home/sansigolo/Documents/joengine/Compiler/SH_NONE_ELF/bin/../lib/gcc/sh-none-elf/8.2.0/libgcc.a(_clz.o)
                0x00000000060184dc                __clz_tab

.rodata.str1.4  0x00000000060185dc     0x475a
 .rodata.str1.4
                0x00000000060185dc     0x46e8 /tmp/ccArmBR7.ltrans0.ltrans.o
                                       0x478e (size before relaxing)
 .rodata.str1.4
                0x000000000601ccc4       0x3a /home/sansigolo/Documents/joengine/Compiler/SH_NONE_ELF/bin/../lib/gcc/sh-none-elf/8.2.0/../../../../sh-none-elf/lib/libc.a(lib_a-svfprintf.o)
 *fill*         0x000000000601ccfe        0x2 
 .rodata.str1.4
                0x000000000601cd00        0xd /home/sansigolo/Documents/joengine/Compiler/SH_NONE_ELF/bin/../lib/gcc/sh-none-elf/8.2.0/../../../../sh-none-elf/lib/libc.a(lib_a-dtoa.o)
                                         0x12 (size before relaxing)
 *fill*         0x000000000601cd0d        0x3 
 .rodata.str1.4
                0x000000000601cd10        0xa /home/sansigolo/Documents/joengine/Compiler/SH_NONE_ELF/bin/../lib/gcc/sh-none-elf/8.2.0/../../../../sh-none-elf/lib/libc.a(lib_a-locale.o)
                                         0x12 (size before relaxing)
 .rodata.str1.4
                0x000000000601cd1a       0x25 /home/sansigolo/Documents/joengine/Compiler/SH_NONE_ELF/bin/../lib/gcc/sh-none-elf/8.2.0/../../../../sh-none-elf/lib/libc.a(lib_a-svfiprintf.o)
 *fill*         0x000000000601cd1a        0x2 
 .rodata.str1.4
                0x000000000601cd1c       0x1a /home/sansigolo/Documents/joengine/Compiler/SH_NONE_ELF/bin/../lib/gcc/sh-none-elf/8.2.0/../../../../sh-none-elf/lib/libc.a(lib_a-syscalls.o)

.eh_frame       0x000000000601cd38      0x170
 .eh_frame      0x000000000601cd38       0xa8 /home/sansigolo/Documents/joengine/Compiler/SH_NONE_ELF/bin/../lib/gcc/sh-none-elf/8.2.0/libgcc.a(_udivdi3.o)
 .eh_frame      0x000000000601cde0       0xc8 /home/sansigolo/Documents/joengine/Compiler/SH_NONE_ELF/bin/../lib/gcc/sh-none-elf/8.2.0/libgcc.a(_umoddi3.o)
                                         0xdc (size before relaxing)

.rela.dyn       0x000000000601cea8        0x0
 .rela.text     0x000000000601cea8        0x0 /home/sansigolo/Documents/joengine/Compiler/SH_NONE_ELF/bin/../lib/gcc/sh-none-elf/8.2.0/../../../../sh-none-elf/lib/libc.a(lib_a-sbrkr.o)
 .rela.text.startup
                0x000000000601cea8        0x0 /home/sansigolo/Documents/joengine/Compiler/SH_NONE_ELF/bin/../lib/gcc/sh-none-elf/8.2.0/../../../../sh-none-elf/lib/libc.a(lib_a-sbrkr.o)

SLPROG          0x000000000601cec0    0x11720
                0x000000000601cec0                __slprog_start = .
 *(SLPROG)
 SLPROG         0x000000000601cec0     0x6540 ../../Compiler/SGL_302j/LIB_COFF/SGLAREA.O
                0x000000000601cec0                MasterStack
                0x000000000601cec4                SlaveStack
                0x000000000601cec8                MaxVertices
                0x000000000601ceca                MaxPolygons
                0x000000000601cecc                SortList
                0x000000000601ced0                SortListSize
                0x000000000601ced4                TransList
                0x000000000601ced8                Zbuffer
                0x000000000601cedc                SpriteBuf
                0x000000000601cee0                SpriteBufSize
                0x000000000601cee4                Pbuffer
                0x000000000601cee8                CommandBuf
                0x000000000601ceec                CLOfstBuf
                0x000000000601cef0                PCM_Work
                0x000000000601cef4                PCM_WkSize
                0x000000000601cef8                MaxEvents
                0x000000000601cefa                EventSize
                0x000000000601cefc                MaxWorks
                0x000000000601cefe                WorkSize
                0x000000000601cf00                RemainEvent
                0x000000000601d000                RemainWork
                0x000000000601d400                EventBuf
                0x000000000601f400                WorkBuf
 SLPROG         0x0000000006023400       0x18 ../../Compiler/SGL_302j/LIB_COFF/LIBSGL.A(sglA15.o)
                0x0000000006023400                slSlaveFunc
 *fill*         0x0000000006023418        0x8 
 SLPROG         0x0000000006023420      0x42c ../../Compiler/SGL_302j/LIB_COFF/LIBSGL.A(sglA20.o)
                0x0000000006023420                slInitMatrix
                0x000000000602342a                slPushUnitMatrix
                0x000000000602343e                slUnitMatrix
 *fill*         0x000000000602384c        0x4 
 SLPROG         0x0000000006023850       0x48 ../../Compiler/SGL_302j/LIB_COFF/LIBSGL.A(sglA21.o)
                0x0000000006023850                slPushMatrix
                0x0000000006023884                slPopMatrix
                0x0000000006023884                slDecMatrixPtr
 *fill*         0x0000000006023898        0x8 
 SLPROG         0x00000000060238a0       0x50 ../../Compiler/SGL_302j/LIB_COFF/LIBSGL.A(sglA27.o)
                0x00000000060238a0                slTranslate
 SLPROG         0x00000000060238f0       0x20 ../../Compiler/SGL_302j/LIB_COFF/LIBSGL.A(sglB001.o)
                0x00000000060238f0                slTVOn
                0x00000000060238fa                slTVOff
 SLPROG         0x0000000006023910       0x24 ../../Compiler/SGL_302j/LIB_COFF/LIBSGL.A(sglB011.o)
                0x0000000006023910                slBitMapNbg1
 *fill*         0x0000000006023934        0xc 
 SLPROG         0x0000000006023940      0x40c ../../Compiler/SGL_302j/LIB_COFF/LIBSGL.A(sglB015.o)
                0x0000000006023940                slScrAutoDisp
 *fill*         0x0000000006023d4c        0x4 
 SLPROG         0x0000000006023d50        0xc ../../Compiler/SGL_302j/LIB_COFF/LIBSGL.A(sglB016.o)
                0x0000000006023d50                slBack1ColSet
 *fill*         0x0000000006023d5c        0x4 
 SLPROG         0x0000000006023d60       0xb4 ../../Compiler/SGL_302j/LIB_COFF/LIBSGL.A(sglB032.o)
                0x0000000006023d60                slMapNbg1
 *fill*         0x0000000006023e14        0xc 
 SLPROG         0x0000000006023e20        0xc ../../Compiler/SGL_302j/LIB_COFF/LIBSGL.A(sglB053.o)
                0x0000000006023e20                slZoomNbg1
 *fill*         0x0000000006023e2c        0x4 
 SLPROG         0x0000000006023e30        0xc ../../Compiler/SGL_302j/LIB_COFF/LIBSGL.A(sglB056.o)
                0x0000000006023e30                slPlaneNbg1
 *fill*         0x0000000006023e3c        0x4 
 SLPROG         0x0000000006023e40        0xc ../../Compiler/SGL_302j/LIB_COFF/LIBSGL.A(sglB063.o)
                0x0000000006023e40                slPriority
 *fill*         0x0000000006023e4c        0x4 
 SLPROG         0x0000000006023e50      0x114 ../../Compiler/SGL_302j/LIB_COFF/LIBSGL.A(sglB200.o)
                0x0000000006023e50                slCharRbg0
                0x0000000006023e5c                slCharNbg0
                0x0000000006023e68                slCharNbg1
                0x0000000006023e74                slCharNbg2
                0x0000000006023e8a                slCharNbg3
                0x0000000006023ea2                slPageRbg0
                0x0000000006023eb8                slPageNbg1
                0x0000000006023ec0                slPageNbg2
                0x0000000006023ec8                slPageNbg3
                0x0000000006023ed4                slPageNbg0
 *fill*         0x0000000006023f64        0xc 
 SLPROG         0x0000000006023f70       0x78 ../../Compiler/SGL_302j/LIB_COFF/LIBSGL.A(sglC05.o)
                0x0000000006023f70                slSetSprite
 *fill*         0x0000000006023fe8        0x8 
 SLPROG         0x0000000006023ff0       0xfa ../../Compiler/SGL_302j/LIB_COFF/LIBSGL.A(sglC06.o)
                0x0000000006023ff0                slDispSprite
 *fill*         0x00000000060240ea        0x6 
 SLPROG         0x00000000060240f0      0x162 ../../Compiler/SGL_302j/LIB_COFF/LIBSGL.A(sglC07.o)
                0x00000000060240f6                slPutSprite
 *fill*         0x0000000006024252        0xe 
 SLPROG         0x0000000006024260     0x1218 ../../Compiler/SGL_302j/LIB_COFF/LIBSGL.A(sglC08.o)
                0x0000000006024260                slPutPolygon
                0x0000000006024edc                MsCalcDepthFlat
 *fill*         0x0000000006025478        0x8 
 SLPROG         0x0000000006025480       0x40 ../../Compiler/SGL_302j/LIB_COFF/LIBSGL.A(sglC20.o)
                0x0000000006025480                SpriteEntry
 SLPROG         0x00000000060254c0       0x84 ../../Compiler/SGL_302j/LIB_COFF/LIBSGL.A(sglD00.o)
                0x00000000060254c0                slDMACopy
                0x00000000060254c0                slCpuDMACopy
                0x000000000602551a                slCashPurge
                0x000000000602551a                CSH_AllClr
 *fill*         0x0000000006025544        0xc 
 SLPROG         0x0000000006025550       0xa0 ../../Compiler/SGL_302j/LIB_COFF/LIBSGL.A(sglD01.o)
                0x0000000006025550                slDMAXCopy
 SLPROG         0x00000000060255f0        0xc ../../Compiler/SGL_302j/LIB_COFF/LIBSGL.A(sglD03.o)
                0x00000000060255f0                slDMAStatus
 *fill*         0x00000000060255fc        0x4 
 SLPROG         0x0000000006025600       0x20 ../../Compiler/SGL_302j/LIB_COFF/LIBSGL.A(sglD15.o)
                0x0000000006025600                CSH_Purge
 SLPROG         0x0000000006025620       0x84 ../../Compiler/SGL_302j/LIB_COFF/LIBSGL.A(sglD16.o)
                0x0000000006025620                DMA_ScuSetPrm
                0x0000000006025668                DMA_SCU_PRM0
 *fill*         0x00000000060256a4        0xc 
 SLPROG         0x00000000060256b0       0x88 ../../Compiler/SGL_302j/LIB_COFF/LIBSGL.A(sglD17.o)
                0x00000000060256b0                DMA_ScuStart
 *fill*         0x0000000006025738        0x8 
 SLPROG         0x0000000006025740       0x34 ../../Compiler/SGL_302j/LIB_COFF/LIBSGL.A(sglD18.o)
                0x0000000006025740                DMA_ScuGetStatus
 *fill*         0x0000000006025774        0xc 
 SLPROG         0x0000000006025780       0x4e ../../Compiler/SGL_302j/LIB_COFF/LIBSGL.A(sglF00.o)
                0x0000000006025780                slCurScrn
                0x0000000006025790                slCurColor
                0x000000000602579a                slLocate
                0x00000000060257cc                CurrentScreen
 *fill*         0x00000000060257ce        0x2 
 SLPROG         0x00000000060257d0       0x1c ../../Compiler/SGL_302j/LIB_COFF/LIBSGL.A(sglF05.o)
                0x00000000060257d0                slPrint
 *fill*         0x00000000060257ec        0x4 
 SLPROG         0x00000000060257f0      0xfc8 ../../Compiler/SGL_302j/LIB_COFF/LIBSGL.A(sglH00.o)
                0x0000000006025808                slGetPortDir1
                0x0000000006025810                slGetPortDir2
                0x0000000006025818                slSetPortDir1
                0x0000000006025842                slSetPortDir2
                0x000000000602587c                slGetPortData1
                0x0000000006025884                slGetPortData2
                0x000000000602588c                slSetPortData1
                0x0000000006025896                slSetPortData2
                0x00000000060258a8                slGetPortSelect1
                0x00000000060258b2                slGetPortSelect2
                0x00000000060258bc                slSetPortSelect1
                0x00000000060258f0                slSetPortSelect2
                0x000000000602592c                slGetPortExt1
                0x0000000006025936                slGetPortExt2
                0x0000000006025940                slSetPortExt1
                0x0000000006025970                slSetPortExt2
                0x0000000006025ae4                slSmpcDirectAccess
                0x0000000006025b64                slInitPeripheral
                0x0000000006025bf6                slSetResultBuffer
                0x0000000006025c82                slCheckIntBackSet
                0x0000000006025c8e                slIntBackCancel
                0x0000000006025cb8                slCheckReset
                0x0000000006025cc2                slClearReset
                0x0000000006025e88                slSmpcCashSend
                0x0000000006025f44                slSmpcCashBlow
                0x0000000006026020                slGetOptimize
                0x000000000602602a                slSetOptimize
                0x0000000006026050                slGetPortMode1
                0x000000000602605c                slGetPortMode2
                0x000000000602606a                slSetPortMode1
                0x00000000060260a8                slSetPortMode2
                0x0000000006026234                slRequestCommand
                0x00000000060262a4                Smpc_Status
                0x00000000060262a8                Smpc_Result
                0x00000000060262ac                Smpc_Peripheral
                0x00000000060262b2                Per_Connect1
                0x00000000060262b3                Per_Connect2
                0x00000000060262d4                SmpcStatusBuf
 *fill*         0x00000000060267b8        0x8 
 SLPROG         0x00000000060267c0       0xa8 ../../Compiler/SGL_302j/LIB_COFF/LIBSGL.A(sglH01.o)
                0x00000000060267c0                slGetLanguage
                0x00000000060267ca                slSetLanguage
                0x00000000060267ec                slGetSoundEffect
                0x00000000060267f8                slSetSoundEffect
                0x0000000006026814                slGetSoundOutput
                0x0000000006026820                slSetSoundOutput
                0x000000000602683c                slGetHelpWindow
                0x0000000006026848                slSetHelpWindow
 *fill*         0x0000000006026868        0x8 
 SLPROG         0x0000000006026870      0x470 ../../Compiler/SGL_302j/LIB_COFF/LIBSGL.A(sglH02.o)
                0x0000000006026c60                smpc_pfr_tbl
                0x0000000006026ca0                smpc_ptf_tbl
 SLPROG         0x0000000006026ce0       0x60 ../../Compiler/SGL_302j/LIB_COFF/LIBSGL.A(sglH04.o)
                0x0000000006026ce0                slComPrmIntBack
                0x0000000006026cf4                slComPrmSetMemory
                0x0000000006026d0a                slComPrmSetTime
 SLPROG         0x0000000006026d40      0x3a4 ../../Compiler/SGL_302j/LIB_COFF/LIBSGL.A(sglI01.o)
                0x0000000006026d40                slInitSynch
                0x0000000006026d5a                slSynch
                0x0000000006026e50                slRandom
                0x0000000006026e6e                PCM_EndCheck
                0x0000000006026f2a                RetPCMBuf
                0x0000000006026fc4                PCM_Buf
                0x0000000006027064                Sound_Buf
 *fill*         0x00000000060270e4        0xc 
 SLPROG         0x00000000060270f0       0x74 ../../Compiler/SGL_302j/LIB_COFF/LIBSGL.A(sglJ00.o)
                0x00000000060270f0                InitSlaveSH
                0x0000000006027158                SlaveCommand
 *fill*         0x0000000006027164        0xc 
 SLPROG         0x0000000006027170      0x3d0 ../../Compiler/SGL_302j/LIB_COFF/LIBSGL.A(sglJ01.o)
                0x0000000006027170                SlaveControl
                0x000000000602752c                ErasePolygonData
 SLPROG         0x0000000006027540     0x12b8 ../../Compiler/SGL_302j/LIB_COFF/LIBSGL.A(sglJ02.o)
                0x0000000006027540                sbMakePolygon
                0x0000000006027728                sbCalcPolygon
                0x0000000006028460                SetTexture
                0x000000000602846c                SetPolygon
                0x0000000006028474                SetPosition
                0x00000000060284ac                stvtc_4
                0x0000000006028564                stvtc_3
                0x0000000006028774                stvtc_1
                0x0000000006028788                stvtc_2
                0x000000000602879c                stvtc_0
 *fill*         0x00000000060287f8        0x8 
 SLPROG         0x0000000006028800      0x140 ../../Compiler/SGL_302j/LIB_COFF/LIBSGL.A(sglJ03.o)
                0x0000000006028800                sbMakeDMATable
 SLPROG         0x0000000006028940      0x470 ../../Compiler/SGL_302j/LIB_COFF/LIBSGL.A(sglJ04.o)
                0x000000000602899e                sbMakeSprite
                0x0000000006028a04                sbMakeRotSprite
 SLPROG         0x0000000006028db0       0x3c ../../Compiler/SGL_302j/LIB_COFF/LIBSGL.A(sglJ05.o)
                0x0000000006028db0                sbSortEntry
 *fill*         0x0000000006028dec        0x4 
 SLPROG         0x0000000006028df0       0x6a ../../Compiler/SGL_302j/LIB_COFF/LIBSGL.A(sglM01.o)
                0x0000000006028df0                slSetDepthLimit
                0x0000000006028e1c                slSetDepthTbl
                0x0000000006028e4c                DepthWorkArea
 *fill*         0x0000000006028e5a        0x6 
 SLPROG         0x0000000006028e60       0x20 ../../Compiler/SGL_302j/LIB_COFF/LIBSGL.A(sglA00.o)
                0x0000000006028e60                set_imask
                0x0000000006028e60                _builtin_set_imask
                0x0000000006028e74                get_imask
                0x0000000006028e74                _builtin_get_imask
 SLPROG         0x0000000006028e80     0x411e ../../Compiler/SGL_302j/LIB_COFF/LIBSGL.A(sglA01.o)
                0x0000000006028e80                slSin
                0x0000000006028ea4                slCos
                0x0000000006028ec8                GetSinCos
                0x0000000006028f5c                sin_cos_index_tbl
                0x0000000006028f9c                sin_tbl
 *fill*         0x000000000602cf9e        0x2 
 SLPROG         0x000000000602cfa0      0xbd0 ../../Compiler/SGL_302j/LIB_COFF/LIBSGL.A(sglB000.o)
                0x000000000602cfa0                slInitScroll
                0x000000000602d0c0                setASC_1to8
                0x000000000602d0f0                setASC_4to8
                0x000000000602d200                TVSizeTbl
                0x000000000602d280                TVModeTbl
                0x000000000602d458                SGL_ASCII_CG
 SLPROG         0x000000000602db70       0xd4 ../../Compiler/SGL_302j/LIB_COFF/LIBSGL.A(sglB035.o)
                0x000000000602db70                sl1MapRA
                0x000000000602dc02                rbank_set
 *fill*         0x000000000602dc44        0xc 
 SLPROG         0x000000000602dc50      0x134 ../../Compiler/SGL_302j/LIB_COFF/LIBSGL.A(sglC00.o)
                0x000000000602dc50                slInitSprite
 *fill*         0x000000000602dd84        0xc 
 SLPROG         0x000000000602dd90      0x75c ../../Compiler/SGL_302j/LIB_COFF/LIBSGL.A(sglI00.o)
                0x000000000602e080                slInitInterrupt
 *fill*         0x000000000602e4ec        0x4 
 SLPROG         0x000000000602e4f0       0xf0 ../../Compiler/SGL_302j/LIB_COFF/LIBSGL.A(sglH03.o)
                0x000000000602e554                slSmpcIntBack
                0x000000000602e5e0                __slprog_end = .

.tors           0x000000000602e5e0        0x0
                0x000000000602e5e0                ___ctors = .
 *(.ctors)
                0x000000000602e5e0                ___ctors_end = .
                0x000000000602e5e0                ___dtors = .
 *(.dtors)
                0x000000000602e5e0                ___dtors_end = .

.data           0x000000000602e5e0      0x624
 *(.data)
 .data          0x000000000602e5e0        0x0 ../../Compiler/SGL_302j/LIB_COFF/SGLAREA.O
 .data          0x000000000602e5e0        0xc /tmp/ccArmBR7.ltrans0.ltrans.o
 *fill*         0x000000000602e5ec        0x4 
 .data          0x000000000602e5f0        0x0 ../../Compiler/SGL_302j/LIB_COFF/SEGA_SYS.A(sys_exit.o)
 .data          0x000000000602e5f0        0x0 ../../Compiler/SGL_302j/LIB_COFF/SEGA_SYS.A(sys_sub.o)
 .data          0x000000000602e5f0        0x0 ../../Compiler/SGL_302j/LIB_COFF/LIBCD.A(CDC_CMN.O)
 .data          0x000000000602e5f0        0x0 ../../Compiler/SGL_302j/LIB_COFF/LIBCD.A(CDC_CFS.O)
 .data          0x000000000602e5f0        0x0 ../../Compiler/SGL_302j/LIB_COFF/LIBCD.A(CDC_REG.O)
 .data          0x000000000602e5f0        0x0 ../../Compiler/SGL_302j/LIB_COFF/LIBCD.A(CDC_SUB.O)
 .data          0x000000000602e5f0        0x0 ../../Compiler/SGL_302j/LIB_COFF/LIBCD.A(GFS.O)
 .data          0x000000000602e5f0        0x0 ../../Compiler/SGL_302j/LIB_COFF/LIBCD.A(GFS_BUF.O)
 .data          0x000000000602e5f0        0x0 ../../Compiler/SGL_302j/LIB_COFF/LIBCD.A(GFS_CDB.O)
 .data          0x000000000602e5f0        0x0 ../../Compiler/SGL_302j/LIB_COFF/LIBCD.A(GFS_CDC.O)
 .data          0x000000000602e5f0        0x0 ../../Compiler/SGL_302j/LIB_COFF/LIBCD.A(GFS_CDF.O)
 .data          0x000000000602e5f0        0x0 ../../Compiler/SGL_302j/LIB_COFF/LIBCD.A(GFS_DIR.O)
 .data          0x000000000602e5f0        0x0 ../../Compiler/SGL_302j/LIB_COFF/LIBCD.A(GFS_TRN.O)
 .data          0x000000000602e5f0        0x0 ../../Compiler/SGL_302j/LIB_COFF/LIBCD.A(CDC_DRV.O)
 .data          0x000000000602e5f0        0x0 ../../Compiler/SGL_302j/LIB_COFF/LIBCD.A(CDC_DEV.O)
 .data          0x000000000602e5f0        0x0 ../../Compiler/SGL_302j/LIB_COFF/LIBCD.A(CDC_SEL.O)
 .data          0x000000000602e5f0        0x0 ../../Compiler/SGL_302j/LIB_COFF/LIBCD.A(CDC_BIF.O)
 .data          0x000000000602e5f0        0x0 ../../Compiler/SGL_302j/LIB_COFF/LIBCD.A(CDC_BIO.O)
 .data          0x000000000602e5f0        0x0 ../../Compiler/SGL_302j/LIB_COFF/LIBSGL.A(sglA15.o)
 .data          0x000000000602e5f0        0x0 ../../Compiler/SGL_302j/LIB_COFF/LIBSGL.A(sglA20.o)
 .data          0x000000000602e5f0        0x0 ../../Compiler/SGL_302j/LIB_COFF/LIBSGL.A(sglA21.o)
 .data          0x000000000602e5f0        0x0 ../../Compiler/SGL_302j/LIB_COFF/LIBSGL.A(sglA27.o)
 .data          0x000000000602e5f0        0x0 ../../Compiler/SGL_302j/LIB_COFF/LIBSGL.A(sglB001.o)
 .data          0x000000000602e5f0        0x0 ../../Compiler/SGL_302j/LIB_COFF/LIBSGL.A(sglB011.o)
 .data          0x000000000602e5f0        0x0 ../../Compiler/SGL_302j/LIB_COFF/LIBSGL.A(sglB015.o)
 .data          0x000000000602e5f0        0x0 ../../Compiler/SGL_302j/LIB_COFF/LIBSGL.A(sglB016.o)
 .data          0x000000000602e5f0        0x0 ../../Compiler/SGL_302j/LIB_COFF/LIBSGL.A(sglB032.o)
 .data          0x000000000602e5f0        0x0 ../../Compiler/SGL_302j/LIB_COFF/LIBSGL.A(sglB053.o)
 .data          0x000000000602e5f0        0x0 ../../Compiler/SGL_302j/LIB_COFF/LIBSGL.A(sglB056.o)
 .data          0x000000000602e5f0        0x0 ../../Compiler/SGL_302j/LIB_COFF/LIBSGL.A(sglB063.o)
 .data          0x000000000602e5f0        0x0 ../../Compiler/SGL_302j/LIB_COFF/LIBSGL.A(sglB200.o)
 .data          0x000000000602e5f0        0x0 ../../Compiler/SGL_302j/LIB_COFF/LIBSGL.A(sglC05.o)
 .data          0x000000000602e5f0        0x0 ../../Compiler/SGL_302j/LIB_COFF/LIBSGL.A(sglC06.o)
 .data          0x000000000602e5f0        0x0 ../../Compiler/SGL_302j/LIB_COFF/LIBSGL.A(sglC07.o)
 .data          0x000000000602e5f0        0x0 ../../Compiler/SGL_302j/LIB_COFF/LIBSGL.A(sglC08.o)
 .data          0x000000000602e5f0        0x0 ../../Compiler/SGL_302j/LIB_COFF/LIBSGL.A(sglC20.o)
 .data          0x000000000602e5f0        0x0 ../../Compiler/SGL_302j/LIB_COFF/LIBSGL.A(sglD00.o)
 .data          0x000000000602e5f0        0x0 ../../Compiler/SGL_302j/LIB_COFF/LIBSGL.A(sglD01.o)
 .data          0x000000000602e5f0        0x0 ../../Compiler/SGL_302j/LIB_COFF/LIBSGL.A(sglD03.o)
 .data          0x000000000602e5f0        0x0 ../../Compiler/SGL_302j/LIB_COFF/LIBSGL.A(sglD15.o)
 .data          0x000000000602e5f0        0x0 ../../Compiler/SGL_302j/LIB_COFF/LIBSGL.A(sglD16.o)
 .data          0x000000000602e5f0        0x0 ../../Compiler/SGL_302j/LIB_COFF/LIBSGL.A(sglD17.o)
 .data          0x000000000602e5f0        0x0 ../../Compiler/SGL_302j/LIB_COFF/LIBSGL.A(sglD18.o)
 .data          0x000000000602e5f0        0x0 ../../Compiler/SGL_302j/LIB_COFF/LIBSGL.A(sglF00.o)
 .data          0x000000000602e5f0        0x0 ../../Compiler/SGL_302j/LIB_COFF/LIBSGL.A(sglF05.o)
 .data          0x000000000602e5f0        0x0 ../../Compiler/SGL_302j/LIB_COFF/LIBSGL.A(sglH00.o)
 .data          0x000000000602e5f0        0x0 ../../Compiler/SGL_302j/LIB_COFF/LIBSGL.A(sglH01.o)
 .data          0x000000000602e5f0        0x0 ../../Compiler/SGL_302j/LIB_COFF/LIBSGL.A(sglH02.o)
 .data          0x000000000602e5f0        0x0 ../../Compiler/SGL_302j/LIB_COFF/LIBSGL.A(sglH04.o)
 .data          0x000000000602e5f0        0x0 ../../Compiler/SGL_302j/LIB_COFF/LIBSGL.A(sglI01.o)
 .data          0x000000000602e5f0       0x80 ../../Compiler/SGL_302j/LIB_COFF/LIBSGL.A(sglIc0.o)
                0x000000000602e5f0                IntPrioMask
 .data          0x000000000602e670        0x0 ../../Compiler/SGL_302j/LIB_COFF/LIBSGL.A(sglJ00.o)
 .data          0x000000000602e670        0x0 ../../Compiler/SGL_302j/LIB_COFF/LIBSGL.A(sglJ01.o)
 .data          0x000000000602e670        0x0 ../../Compiler/SGL_302j/LIB_COFF/LIBSGL.A(sglJ02.o)
 .data          0x000000000602e670        0x0 ../../Compiler/SGL_302j/LIB_COFF/LIBSGL.A(sglJ03.o)
 .data          0x000000000602e670        0x0 ../../Compiler/SGL_302j/LIB_COFF/LIBSGL.A(sglJ04.o)
 .data          0x000000000602e670        0x0 ../../Compiler/SGL_302j/LIB_COFF/LIBSGL.A(sglJ05.o)
 .data          0x000000000602e670        0x0 ../../Compiler/SGL_302j/LIB_COFF/LIBSGL.A(sglK01.o)
 .data          0x000000000602e670        0x0 ../../Compiler/SGL_302j/LIB_COFF/LIBSGL.A(sglM01.o)
 .data          0x000000000602e670        0x0 ../../Compiler/SGL_302j/LIB_COFF/LIBSGL.A(sglA00.o)
 .data          0x000000000602e670        0x0 ../../Compiler/SGL_302j/LIB_COFF/LIBSGL.A(sglA01.o)
 .data          0x000000000602e670        0x0 ../../Compiler/SGL_302j/LIB_COFF/LIBSGL.A(sglB000.o)
 .data          0x000000000602e670        0x0 ../../Compiler/SGL_302j/LIB_COFF/LIBSGL.A(sglB035.o)
 .data          0x000000000602e670        0x0 ../../Compiler/SGL_302j/LIB_COFF/LIBSGL.A(sglC00.o)
 .data          0x000000000602e670        0x0 ../../Compiler/SGL_302j/LIB_COFF/LIBSGL.A(sglI00.o)
 .data          0x000000000602e670        0x0 ../../Compiler/SGL_302j/LIB_COFF/LIBSGL.A(sglH03.o)
 .data          0x000000000602e670        0x0 /home/sansigolo/Documents/joengine/Compiler/SH_NONE_ELF/bin/../lib/gcc/sh-none-elf/8.2.0/libgcc.a(_ashiftrt.o)
 .data          0x000000000602e670        0x0 /home/sansigolo/Documents/joengine/Compiler/SH_NONE_ELF/bin/../lib/gcc/sh-none-elf/8.2.0/libgcc.a(_sdivsi3.o)
 .data          0x000000000602e670        0x0 /home/sansigolo/Documents/joengine/Compiler/SH_NONE_ELF/bin/../lib/gcc/sh-none-elf/8.2.0/libgcc.a(_udivsi3.o)
 .data          0x000000000602e670        0x0 /home/sansigolo/Documents/joengine/Compiler/SH_NONE_ELF/bin/../lib/gcc/sh-none-elf/8.2.0/libgcc.a(_mul_sf.o)
 .data          0x000000000602e670        0x0 /home/sansigolo/Documents/joengine/Compiler/SH_NONE_ELF/bin/../lib/gcc/sh-none-elf/8.2.0/libgcc.a(_div_sf.o)
 .data          0x000000000602e670        0x0 /home/sansigolo/Documents/joengine/Compiler/SH_NONE_ELF/bin/../lib/gcc/sh-none-elf/8.2.0/libgcc.a(_sf_to_si.o)
 .data          0x000000000602e670        0x0 /home/sansigolo/Documents/joengine/Compiler/SH_NONE_ELF/bin/../lib/gcc/sh-none-elf/8.2.0/libgcc.a(_thenan_sf.o)
 .data          0x000000000602e670        0x0 /home/sansigolo/Documents/joengine/Compiler/SH_NONE_ELF/bin/../lib/gcc/sh-none-elf/8.2.0/libgcc.a(_usi_to_sf.o)
 .data          0x000000000602e670        0x0 /home/sansigolo/Documents/joengine/Compiler/SH_NONE_ELF/bin/../lib/gcc/sh-none-elf/8.2.0/libgcc.a(_pack_sf.o)
 .data          0x000000000602e670        0x0 /home/sansigolo/Documents/joengine/Compiler/SH_NONE_ELF/bin/../lib/gcc/sh-none-elf/8.2.0/libgcc.a(_unpack_sf.o)
 .data          0x000000000602e670        0x0 /home/sansigolo/Documents/joengine/Compiler/SH_NONE_ELF/bin/../lib/gcc/sh-none-elf/8.2.0/../../../../sh-none-elf/lib/libc.a(lib_a-memcmp.o)
 .data          0x000000000602e670        0x0 /home/sansigolo/Documents/joengine/Compiler/SH_NONE_ELF/bin/../lib/gcc/sh-none-elf/8.2.0/../../../../sh-none-elf/lib/libc.a(lib_a-memcpy.o)
 .data          0x000000000602e670        0x0 /home/sansigolo/Documents/joengine/Compiler/SH_NONE_ELF/bin/../lib/gcc/sh-none-elf/8.2.0/../../../../sh-none-elf/lib/libc.a(lib_a-memset.o)
 .data          0x000000000602e670        0x0 /home/sansigolo/Documents/joengine/Compiler/SH_NONE_ELF/bin/../lib/gcc/sh-none-elf/8.2.0/../../../../sh-none-elf/lib/libc.a(lib_a-sprintf.o)
 .data          0x000000000602e670        0x0 /home/sansigolo/Documents/joengine/Compiler/SH_NONE_ELF/bin/../lib/gcc/sh-none-elf/8.2.0/../../../../sh-none-elf/lib/libc.a(lib_a-strncmp.o)
 .data          0x000000000602e670        0x0 /home/sansigolo/Documents/joengine/Compiler/SH_NONE_ELF/bin/../lib/gcc/sh-none-elf/8.2.0/../../../../sh-none-elf/lib/libc.a(lib_a-strncpy.o)
 .data          0x000000000602e670        0x0 /home/sansigolo/Documents/joengine/Compiler/SH_NONE_ELF/bin/../lib/gcc/sh-none-elf/8.2.0/../../../../sh-none-elf/lib/libc.a(lib_a-svfprintf.o)
 .data          0x000000000602e670        0x0 /home/sansigolo/Documents/joengine/Compiler/SH_NONE_ELF/bin/../lib/gcc/sh-none-elf/8.2.0/../../../../sh-none-elf/lib/libc.a(lib_a-dtoa.o)
 .data          0x000000000602e670      0x428 /home/sansigolo/Documents/joengine/Compiler/SH_NONE_ELF/bin/../lib/gcc/sh-none-elf/8.2.0/../../../../sh-none-elf/lib/libc.a(lib_a-impure.o)
                0x000000000602e670                _impure_ptr
 .data          0x000000000602ea98        0x0 /home/sansigolo/Documents/joengine/Compiler/SH_NONE_ELF/bin/../lib/gcc/sh-none-elf/8.2.0/../../../../sh-none-elf/lib/libc.a(lib_a-localeconv.o)
 .data          0x000000000602ea98      0x16c /home/sansigolo/Documents/joengine/Compiler/SH_NONE_ELF/bin/../lib/gcc/sh-none-elf/8.2.0/../../../../sh-none-elf/lib/libc.a(lib_a-locale.o)
                0x000000000602ea98                __global_locale
 .data          0x000000000602ec04        0x0 /home/sansigolo/Documents/joengine/Compiler/SH_NONE_ELF/bin/../lib/gcc/sh-none-elf/8.2.0/../../../../sh-none-elf/lib/libc.a(lib_a-mbtowc_r.o)
 .data          0x000000000602ec04        0x0 /home/sansigolo/Documents/joengine/Compiler/SH_NONE_ELF/bin/../lib/gcc/sh-none-elf/8.2.0/../../../../sh-none-elf/lib/libc.a(lib_a-memchr.o)
 .data          0x000000000602ec04        0x0 /home/sansigolo/Documents/joengine/Compiler/SH_NONE_ELF/bin/../lib/gcc/sh-none-elf/8.2.0/../../../../sh-none-elf/lib/libc.a(lib_a-mprec.o)
 .data          0x000000000602ec04        0x0 /home/sansigolo/Documents/joengine/Compiler/SH_NONE_ELF/bin/../lib/gcc/sh-none-elf/8.2.0/../../../../sh-none-elf/lib/libc.a(lib_a-nano-callocr.o)
 .data          0x000000000602ec04        0x0 /home/sansigolo/Documents/joengine/Compiler/SH_NONE_ELF/bin/../lib/gcc/sh-none-elf/8.2.0/../../../../sh-none-elf/lib/libc.a(lib_a-nano-mallocr.o)
 .data          0x000000000602ec04        0x0 /home/sansigolo/Documents/joengine/Compiler/SH_NONE_ELF/bin/../lib/gcc/sh-none-elf/8.2.0/../../../../sh-none-elf/lib/libc.a(lib_a-sbrkr.o)
 .data          0x000000000602ec04        0x0 /home/sansigolo/Documents/joengine/Compiler/SH_NONE_ELF/bin/../lib/gcc/sh-none-elf/8.2.0/../../../../sh-none-elf/lib/libc.a(lib_a-strcmp.o)
 .data          0x000000000602ec04        0x0 /home/sansigolo/Documents/joengine/Compiler/SH_NONE_ELF/bin/../lib/gcc/sh-none-elf/8.2.0/../../../../sh-none-elf/lib/libc.a(lib_a-strlen.o)
 .data          0x000000000602ec04        0x0 /home/sansigolo/Documents/joengine/Compiler/SH_NONE_ELF/bin/../lib/gcc/sh-none-elf/8.2.0/../../../../sh-none-elf/lib/libc.a(lib_a-svfiprintf.o)
 .data          0x000000000602ec04        0x0 /home/sansigolo/Documents/joengine/Compiler/SH_NONE_ELF/bin/../lib/gcc/sh-none-elf/8.2.0/../../../../sh-none-elf/lib/libc.a(lib_a-syscalls.o)
 .data          0x000000000602ec04        0x0 /home/sansigolo/Documents/joengine/Compiler/SH_NONE_ELF/bin/../lib/gcc/sh-none-elf/8.2.0/../../../../sh-none-elf/lib/libc.a(lib_a-trap.o)
 .data          0x000000000602ec04        0x0 /home/sansigolo/Documents/joengine/Compiler/SH_NONE_ELF/bin/../lib/gcc/sh-none-elf/8.2.0/../../../../sh-none-elf/lib/libc.a(lib_a-wctomb_r.o)
 .data          0x000000000602ec04        0x0 /home/sansigolo/Documents/joengine/Compiler/SH_NONE_ELF/bin/../lib/gcc/sh-none-elf/8.2.0/../../../../sh-none-elf/lib/libc.a(lib_a-abort.o)
 .data          0x000000000602ec04        0x0 /home/sansigolo/Documents/joengine/Compiler/SH_NONE_ELF/bin/../lib/gcc/sh-none-elf/8.2.0/../../../../sh-none-elf/lib/libc.a(lib_a-ctype_.o)
 .data          0x000000000602ec04        0x0 /home/sansigolo/Documents/joengine/Compiler/SH_NONE_ELF/bin/../lib/gcc/sh-none-elf/8.2.0/../../../../sh-none-elf/lib/libc.a(lib_a-memmove.o)
 .data          0x000000000602ec04        0x0 /home/sansigolo/Documents/joengine/Compiler/SH_NONE_ELF/bin/../lib/gcc/sh-none-elf/8.2.0/../../../../sh-none-elf/lib/libc.a(lib_a-mlock.o)
 .data          0x000000000602ec04        0x0 /home/sansigolo/Documents/joengine/Compiler/SH_NONE_ELF/bin/../lib/gcc/sh-none-elf/8.2.0/../../../../sh-none-elf/lib/libc.a(lib_a-nano-freer.o)
 .data          0x000000000602ec04        0x0 /home/sansigolo/Documents/joengine/Compiler/SH_NONE_ELF/bin/../lib/gcc/sh-none-elf/8.2.0/../../../../sh-none-elf/lib/libc.a(lib_a-nano-reallocr.o)
 .data          0x000000000602ec04        0x0 /home/sansigolo/Documents/joengine/Compiler/SH_NONE_ELF/bin/../lib/gcc/sh-none-elf/8.2.0/../../../../sh-none-elf/lib/libc.a(lib_a-signal.o)
 .data          0x000000000602ec04        0x0 /home/sansigolo/Documents/joengine/Compiler/SH_NONE_ELF/bin/../lib/gcc/sh-none-elf/8.2.0/../../../../sh-none-elf/lib/libc.a(lib_a-signalr.o)
 .data          0x000000000602ec04        0x0 /home/sansigolo/Documents/joengine/Compiler/SH_NONE_ELF/bin/../lib/gcc/sh-none-elf/8.2.0/../../../../sh-none-elf/lib/libc.a(lib_a-nano-msizer.o)
 .data          0x000000000602ec04        0x0 /home/sansigolo/Documents/joengine/Compiler/SH_NONE_ELF/bin/../lib/gcc/sh-none-elf/8.2.0/libgcc.a(_ashiftrt_n.o)
 .data          0x000000000602ec04        0x0 /home/sansigolo/Documents/joengine/Compiler/SH_NONE_ELF/bin/../lib/gcc/sh-none-elf/8.2.0/libgcc.a(_ashiftlt.o)
 .data          0x000000000602ec04        0x0 /home/sansigolo/Documents/joengine/Compiler/SH_NONE_ELF/bin/../lib/gcc/sh-none-elf/8.2.0/libgcc.a(_lshiftrt.o)
 .data          0x000000000602ec04        0x0 /home/sansigolo/Documents/joengine/Compiler/SH_NONE_ELF/bin/../lib/gcc/sh-none-elf/8.2.0/libgcc.a(_udivdi3.o)
 .data          0x000000000602ec04        0x0 /home/sansigolo/Documents/joengine/Compiler/SH_NONE_ELF/bin/../lib/gcc/sh-none-elf/8.2.0/libgcc.a(_umoddi3.o)
 .data          0x000000000602ec04        0x0 /home/sansigolo/Documents/joengine/Compiler/SH_NONE_ELF/bin/../lib/gcc/sh-none-elf/8.2.0/libgcc.a(_addsub_df.o)
 .data          0x000000000602ec04        0x0 /home/sansigolo/Documents/joengine/Compiler/SH_NONE_ELF/bin/../lib/gcc/sh-none-elf/8.2.0/libgcc.a(_mul_df.o)
 .data          0x000000000602ec04        0x0 /home/sansigolo/Documents/joengine/Compiler/SH_NONE_ELF/bin/../lib/gcc/sh-none-elf/8.2.0/libgcc.a(_div_df.o)
 .data          0x000000000602ec04        0x0 /home/sansigolo/Documents/joengine/Compiler/SH_NONE_ELF/bin/../lib/gcc/sh-none-elf/8.2.0/libgcc.a(_eq_df.o)
 .data          0x000000000602ec04        0x0 /home/sansigolo/Documents/joengine/Compiler/SH_NONE_ELF/bin/../lib/gcc/sh-none-elf/8.2.0/libgcc.a(_ne_df.o)
 .data          0x000000000602ec04        0x0 /home/sansigolo/Documents/joengine/Compiler/SH_NONE_ELF/bin/../lib/gcc/sh-none-elf/8.2.0/libgcc.a(_gt_df.o)
 .data          0x000000000602ec04        0x0 /home/sansigolo/Documents/joengine/Compiler/SH_NONE_ELF/bin/../lib/gcc/sh-none-elf/8.2.0/libgcc.a(_ge_df.o)
 .data          0x000000000602ec04        0x0 /home/sansigolo/Documents/joengine/Compiler/SH_NONE_ELF/bin/../lib/gcc/sh-none-elf/8.2.0/libgcc.a(_lt_df.o)
 .data          0x000000000602ec04        0x0 /home/sansigolo/Documents/joengine/Compiler/SH_NONE_ELF/bin/../lib/gcc/sh-none-elf/8.2.0/libgcc.a(_le_df.o)
 .data          0x000000000602ec04        0x0 /home/sansigolo/Documents/joengine/Compiler/SH_NONE_ELF/bin/../lib/gcc/sh-none-elf/8.2.0/libgcc.a(_unord_df.o)
 .data          0x000000000602ec04        0x0 /home/sansigolo/Documents/joengine/Compiler/SH_NONE_ELF/bin/../lib/gcc/sh-none-elf/8.2.0/libgcc.a(_si_to_df.o)
 .data          0x000000000602ec04        0x0 /home/sansigolo/Documents/joengine/Compiler/SH_NONE_ELF/bin/../lib/gcc/sh-none-elf/8.2.0/libgcc.a(_df_to_si.o)
 .data          0x000000000602ec04        0x0 /home/sansigolo/Documents/joengine/Compiler/SH_NONE_ELF/bin/../lib/gcc/sh-none-elf/8.2.0/libgcc.a(_thenan_df.o)
 .data          0x000000000602ec04        0x0 /home/sansigolo/Documents/joengine/Compiler/SH_NONE_ELF/bin/../lib/gcc/sh-none-elf/8.2.0/libgcc.a(_usi_to_df.o)
 .data          0x000000000602ec04        0x0 /home/sansigolo/Documents/joengine/Compiler/SH_NONE_ELF/bin/../lib/gcc/sh-none-elf/8.2.0/libgcc.a(_udiv_qrnnd_16.o)
 .data          0x000000000602ec04        0x0 /home/sansigolo/Documents/joengine/Compiler/SH_NONE_ELF/bin/../lib/gcc/sh-none-elf/8.2.0/libgcc.a(_clz.o)
 .data          0x000000000602ec04        0x0 /home/sansigolo/Documents/joengine/Compiler/SH_NONE_ELF/bin/../lib/gcc/sh-none-elf/8.2.0/libgcc.a(_clzsi2.o)
 .data          0x000000000602ec04        0x0 /home/sansigolo/Documents/joengine/Compiler/SH_NONE_ELF/bin/../lib/gcc/sh-none-elf/8.2.0/libgcc.a(_pack_df.o)
 .data          0x000000000602ec04        0x0 /home/sansigolo/Documents/joengine/Compiler/SH_NONE_ELF/bin/../lib/gcc/sh-none-elf/8.2.0/libgcc.a(_unpack_df.o)
 .data          0x000000000602ec04        0x0 /home/sansigolo/Documents/joengine/Compiler/SH_NONE_ELF/bin/../lib/gcc/sh-none-elf/8.2.0/libgcc.a(_fpcmp_parts_df.o)
                0x000000000602ec04                __edata = .

.bss            0x000000000602ec10    0x82f1c
                0x000000000602ec10                __bstart = .
 *(.bss)
 .bss           0x000000000602ec10        0x0 ../../Compiler/SGL_302j/LIB_COFF/SGLAREA.O
 .bss           0x000000000602ec10    0x82ea0 /tmp/ccArmBR7.ltrans0.ltrans.o
 .bss           0x00000000060b1ab0        0x4 ../../Compiler/SGL_302j/LIB_COFF/SEGA_SYS.A(sys_exit.o)
 *fill*         0x00000000060b1ab4        0xc 
 .bss           0x00000000060b1ac0        0x0 ../../Compiler/SGL_302j/LIB_COFF/SEGA_SYS.A(sys_sub.o)
 .bss           0x00000000060b1ac0        0x0 ../../Compiler/SGL_302j/LIB_COFF/LIBCD.A(CDC_CMN.O)
 .bss           0x00000000060b1ac0        0x0 ../../Compiler/SGL_302j/LIB_COFF/LIBCD.A(CDC_CFS.O)
 .bss           0x00000000060b1ac0        0x2 ../../Compiler/SGL_302j/LIB_COFF/LIBCD.A(CDC_REG.O)
 *fill*         0x00000000060b1ac2        0xe 
 .bss           0x00000000060b1ad0        0xc ../../Compiler/SGL_302j/LIB_COFF/LIBCD.A(CDC_SUB.O)
 *fill*         0x00000000060b1adc        0x4 
 .bss           0x00000000060b1ae0        0x0 ../../Compiler/SGL_302j/LIB_COFF/LIBCD.A(GFS.O)
 .bss           0x00000000060b1ae0        0x0 ../../Compiler/SGL_302j/LIB_COFF/LIBCD.A(GFS_BUF.O)
 .bss           0x00000000060b1ae0        0x0 ../../Compiler/SGL_302j/LIB_COFF/LIBCD.A(GFS_CDB.O)
 .bss           0x00000000060b1ae0        0x0 ../../Compiler/SGL_302j/LIB_COFF/LIBCD.A(GFS_CDC.O)
 .bss           0x00000000060b1ae0        0x0 ../../Compiler/SGL_302j/LIB_COFF/LIBCD.A(GFS_CDF.O)
 .bss           0x00000000060b1ae0        0x0 ../../Compiler/SGL_302j/LIB_COFF/LIBCD.A(GFS_DIR.O)
 .bss           0x00000000060b1ae0        0xc ../../Compiler/SGL_302j/LIB_COFF/LIBCD.A(GFS_TRN.O)
 *fill*         0x00000000060b1aec        0x4 
 .bss           0x00000000060b1af0        0x0 ../../Compiler/SGL_302j/LIB_COFF/LIBCD.A(CDC_DRV.O)
 .bss           0x00000000060b1af0        0x0 ../../Compiler/SGL_302j/LIB_COFF/LIBCD.A(CDC_DEV.O)
 .bss           0x00000000060b1af0        0x0 ../../Compiler/SGL_302j/LIB_COFF/LIBCD.A(CDC_SEL.O)
 .bss           0x00000000060b1af0        0x0 ../../Compiler/SGL_302j/LIB_COFF/LIBCD.A(CDC_BIF.O)
 .bss           0x00000000060b1af0        0x0 ../../Compiler/SGL_302j/LIB_COFF/LIBCD.A(CDC_BIO.O)
 .bss           0x00000000060b1af0        0x0 ../../Compiler/SGL_302j/LIB_COFF/LIBSGL.A(sglA15.o)
 .bss           0x00000000060b1af0        0x0 ../../Compiler/SGL_302j/LIB_COFF/LIBSGL.A(sglA20.o)
 .bss           0x00000000060b1af0        0x0 ../../Compiler/SGL_302j/LIB_COFF/LIBSGL.A(sglA21.o)
 .bss           0x00000000060b1af0        0x0 ../../Compiler/SGL_302j/LIB_COFF/LIBSGL.A(sglA27.o)
 .bss           0x00000000060b1af0        0x0 ../../Compiler/SGL_302j/LIB_COFF/LIBSGL.A(sglB001.o)
 .bss           0x00000000060b1af0        0x0 ../../Compiler/SGL_302j/LIB_COFF/LIBSGL.A(sglB011.o)
 .bss           0x00000000060b1af0        0x0 ../../Compiler/SGL_302j/LIB_COFF/LIBSGL.A(sglB015.o)
 .bss           0x00000000060b1af0        0x0 ../../Compiler/SGL_302j/LIB_COFF/LIBSGL.A(sglB016.o)
 .bss           0x00000000060b1af0        0x0 ../../Compiler/SGL_302j/LIB_COFF/LIBSGL.A(sglB032.o)
 .bss           0x00000000060b1af0        0x0 ../../Compiler/SGL_302j/LIB_COFF/LIBSGL.A(sglB053.o)
 .bss           0x00000000060b1af0        0x0 ../../Compiler/SGL_302j/LIB_COFF/LIBSGL.A(sglB056.o)
 .bss           0x00000000060b1af0        0x0 ../../Compiler/SGL_302j/LIB_COFF/LIBSGL.A(sglB063.o)
 .bss           0x00000000060b1af0        0x0 ../../Compiler/SGL_302j/LIB_COFF/LIBSGL.A(sglB200.o)
 .bss           0x00000000060b1af0        0x0 ../../Compiler/SGL_302j/LIB_COFF/LIBSGL.A(sglC05.o)
 .bss           0x00000000060b1af0        0x0 ../../Compiler/SGL_302j/LIB_COFF/LIBSGL.A(sglC06.o)
 .bss           0x00000000060b1af0        0x0 ../../Compiler/SGL_302j/LIB_COFF/LIBSGL.A(sglC07.o)
 .bss           0x00000000060b1af0        0x0 ../../Compiler/SGL_302j/LIB_COFF/LIBSGL.A(sglC08.o)
 .bss           0x00000000060b1af0        0x0 ../../Compiler/SGL_302j/LIB_COFF/LIBSGL.A(sglC20.o)
 .bss           0x00000000060b1af0        0x0 ../../Compiler/SGL_302j/LIB_COFF/LIBSGL.A(sglD00.o)
 .bss           0x00000000060b1af0        0x0 ../../Compiler/SGL_302j/LIB_COFF/LIBSGL.A(sglD01.o)
 .bss           0x00000000060b1af0        0x0 ../../Compiler/SGL_302j/LIB_COFF/LIBSGL.A(sglD03.o)
 .bss           0x00000000060b1af0        0x0 ../../Compiler/SGL_302j/LIB_COFF/LIBSGL.A(sglD15.o)
 .bss           0x00000000060b1af0        0x0 ../../Compiler/SGL_302j/LIB_COFF/LIBSGL.A(sglD16.o)
 .bss           0x00000000060b1af0        0x0 ../../Compiler/SGL_302j/LIB_COFF/LIBSGL.A(sglD17.o)
 .bss           0x00000000060b1af0        0x0 ../../Compiler/SGL_302j/LIB_COFF/LIBSGL.A(sglD18.o)
 .bss           0x00000000060b1af0        0x0 ../../Compiler/SGL_302j/LIB_COFF/LIBSGL.A(sglF00.o)
 .bss           0x00000000060b1af0        0x0 ../../Compiler/SGL_302j/LIB_COFF/LIBSGL.A(sglF05.o)
 .bss           0x00000000060b1af0        0x0 ../../Compiler/SGL_302j/LIB_COFF/LIBSGL.A(sglH00.o)
 .bss           0x00000000060b1af0        0x0 ../../Compiler/SGL_302j/LIB_COFF/LIBSGL.A(sglH01.o)
 .bss           0x00000000060b1af0        0x0 ../../Compiler/SGL_302j/LIB_COFF/LIBSGL.A(sglH02.o)
 .bss           0x00000000060b1af0        0x0 ../../Compiler/SGL_302j/LIB_COFF/LIBSGL.A(sglH04.o)
 .bss           0x00000000060b1af0        0x0 ../../Compiler/SGL_302j/LIB_COFF/LIBSGL.A(sglI01.o)
 .bss           0x00000000060b1af0        0x0 ../../Compiler/SGL_302j/LIB_COFF/LIBSGL.A(sglIc0.o)
 .bss           0x00000000060b1af0        0x0 ../../Compiler/SGL_302j/LIB_COFF/LIBSGL.A(sglJ00.o)
 .bss           0x00000000060b1af0        0x0 ../../Compiler/SGL_302j/LIB_COFF/LIBSGL.A(sglJ01.o)
 .bss           0x00000000060b1af0        0x0 ../../Compiler/SGL_302j/LIB_COFF/LIBSGL.A(sglJ02.o)
 .bss           0x00000000060b1af0        0x0 ../../Compiler/SGL_302j/LIB_COFF/LIBSGL.A(sglJ03.o)
 .bss           0x00000000060b1af0        0x0 ../../Compiler/SGL_302j/LIB_COFF/LIBSGL.A(sglJ04.o)
 .bss           0x00000000060b1af0        0x0 ../../Compiler/SGL_302j/LIB_COFF/LIBSGL.A(sglJ05.o)
 .bss           0x00000000060b1af0        0x0 ../../Compiler/SGL_302j/LIB_COFF/LIBSGL.A(sglK01.o)
 .bss           0x00000000060b1af0        0x0 ../../Compiler/SGL_302j/LIB_COFF/LIBSGL.A(sglM01.o)
 .bss           0x00000000060b1af0        0x0 ../../Compiler/SGL_302j/LIB_COFF/LIBSGL.A(sglA00.o)
 .bss           0x00000000060b1af0        0x0 ../../Compiler/SGL_302j/LIB_COFF/LIBSGL.A(sglA01.o)
 .bss           0x00000000060b1af0        0x0 ../../Compiler/SGL_302j/LIB_COFF/LIBSGL.A(sglB000.o)
 .bss           0x00000000060b1af0        0x0 ../../Compiler/SGL_302j/LIB_COFF/LIBSGL.A(sglB035.o)
 .bss           0x00000000060b1af0        0x0 ../../Compiler/SGL_302j/LIB_COFF/LIBSGL.A(sglC00.o)