Archive member included to satisfy reference by file (symbol)

../../Compiler/SGL_302j/LIB_COFF/SEGA_SYS.A(sys_exit.o)
                              ../../jo_engine/core.o (symbol from plugin) (SYS_Exit)
../../Compiler/SGL_302j/LIB_COFF/SEGA_SYS.A(sys_sub.o)
                              ../../Compiler/SGL_302j/LIB_COFF/SEGA_SYS.A(sys_exit.o) (SYSUB_SetStackptr)
../../Compiler/SGL_302j/LIB_COFF/LIBCD.A(CDC_CMN.O)
                              ../../Compiler/SGL_302j/LIB_COFF/SEGA_SYS.A(sys_exit.o) (CDC_GetCurStat)
../../Compiler/SGL_302j/LIB_COFF/LIBCD.A(CDC_CFS.O)
                              ../../Compiler/SGL_302j/LIB_COFF/SEGA_SYS.A(sys_exit.o) (CDC_ChgDir)
../../Compiler/SGL_302j/LIB_COFF/LIBCD.A(CDC_REG.O)
                              ../../Compiler/SGL_302j/LIB_COFF/SEGA_SYS.A(sys_exit.o) (CDC_GetHirqReq)
../../Compiler/SGL_302j/LIB_COFF/LIBCD.A(CDC_SUB.O)
                              ../../Compiler/SGL_302j/LIB_COFF/LIBCD.A(CDC_CMN.O) (CDSUB_UpdStatus)
../../Compiler/SGL_302j/LIB_COFF/LIBCD.A(GFS.O)
                              ../../jo_engine/fs.o (symbol from plugin) (GFS_Init)
../../Compiler/SGL_302j/LIB_COFF/LIBCD.A(GFS_BUF.O)
                              ../../Compiler/SGL_302j/LIB_COFF/LIBCD.A(GFS.O) (GFBF_GetNumData)
../../Compiler/SGL_302j/LIB_COFF/LIBCD.A(GFS_CDB.O)
                              ../../Compiler/SGL_302j/LIB_COFF/LIBCD.A(GFS.O) (GFCB_Close)
../../Compiler/SGL_302j/LIB_COFF/LIBCD.A(GFS_CDC.O)
                              ../../Compiler/SGL_302j/LIB_COFF/LIBCD.A(GFS.O) (GFCD_SetCdbfs)
../../Compiler/SGL_302j/LIB_COFF/LIBCD.A(GFS_CDF.O)
                              ../../Compiler/SGL_302j/LIB_COFF/LIBCD.A(GFS.O) (GFCF_Init)
../../Compiler/SGL_302j/LIB_COFF/LIBCD.A(GFS_DIR.O)
                              ../../Compiler/SGL_302j/LIB_COFF/LIBCD.A(GFS.O) (GFDR_SetupDirTbl)
../../Compiler/SGL_302j/LIB_COFF/LIBCD.A(GFS_TRN.O)
                              ../../Compiler/SGL_302j/LIB_COFF/LIBCD.A(GFS.O) (GFTR_Setup)
../../Compiler/SGL_302j/LIB_COFF/LIBCD.A(CDC_DRV.O)
                              ../../Compiler/SGL_302j/LIB_COFF/LIBCD.A(GFS_CDC.O) (CDC_CdPlay)
../../Compiler/SGL_302j/LIB_COFF/LIBCD.A(CDC_DEV.O)
                              ../../Compiler/SGL_302j/LIB_COFF/LIBCD.A(GFS_CDC.O) (CDC_CdSetCon)
../../Compiler/SGL_302j/LIB_COFF/LIBCD.A(CDC_SEL.O)
                              ../../Compiler/SGL_302j/LIB_COFF/LIBCD.A(GFS_CDC.O) (CDC_SetFiltRange)
../../Compiler/SGL_302j/LIB_COFF/LIBCD.A(CDC_BIF.O)
                              ../../Compiler/SGL_302j/LIB_COFF/LIBCD.A(GFS_CDC.O) (CDC_GetBufSiz)
../../Compiler/SGL_302j/LIB_COFF/LIBCD.A(CDC_BIO.O)
                              ../../Compiler/SGL_302j/LIB_COFF/LIBCD.A(GFS_CDC.O) (CDC_SetSctLen)
../../Compiler/SGL_302j/LIB_COFF/LIBSGL.A(sglA15.o)
                              ../../jo_engine/core.o (symbol from plugin) (slSlaveFunc)
../../Compiler/SGL_302j/LIB_COFF/LIBSGL.A(sglA20.o)
                              ../../jo_engine/core.o (symbol from plugin) (slUnitMatrix)
../../Compiler/SGL_302j/LIB_COFF/LIBSGL.A(sglA21.o)
                              ../../jo_engine/map.o (symbol from plugin) (slPushMatrix)
../../Compiler/SGL_302j/LIB_COFF/LIBSGL.A(sglA27.o)
                              ../../jo_engine/map.o (symbol from plugin) (slTranslate)
../../Compiler/SGL_302j/LIB_COFF/LIBSGL.A(sglB001.o)
                              ../../jo_engine/core.o (symbol from plugin) (slTVOn)
../../Compiler/SGL_302j/LIB_COFF/LIBSGL.A(sglB011.o)
                              ../../jo_engine/core.o (symbol from plugin) (slBitMapNbg1)
../../Compiler/SGL_302j/LIB_COFF/LIBSGL.A(sglB015.o)
                              ../../jo_engine/core.o (symbol from plugin) (slScrAutoDisp)
../../Compiler/SGL_302j/LIB_COFF/LIBSGL.A(sglB016.o)
                              ../../jo_engine/core.o (symbol from plugin) (slBack1ColSet)
../../Compiler/SGL_302j/LIB_COFF/LIBSGL.A(sglB032.o)
                              ../../jo_engine/core.o (symbol from plugin) (slMapNbg1)
../../Compiler/SGL_302j/LIB_COFF/LIBSGL.A(sglB053.o)
                              ../../jo_engine/core.o (symbol from plugin) (slZoomNbg1)
../../Compiler/SGL_302j/LIB_COFF/LIBSGL.A(sglB056.o)
                              ../../jo_engine/core.o (symbol from plugin) (slPlaneNbg1)
../../Compiler/SGL_302j/LIB_COFF/LIBSGL.A(sglB063.o)
                              ../../jo_engine/core.o (symbol from plugin) (slPriority)
../../Compiler/SGL_302j/LIB_COFF/LIBSGL.A(sglB200.o)
                              ../../jo_engine/core.o (symbol from plugin) (slCharNbg0)
../../Compiler/SGL_302j/LIB_COFF/LIBSGL.A(sglC05.o)
                              ../../jo_engine/sprites.o (symbol from plugin) (slSetSprite)
../../Compiler/SGL_302j/LIB_COFF/LIBSGL.A(sglC06.o)
                              ../../jo_engine/sprites.o (symbol from plugin) (slDispSprite)
../../Compiler/SGL_302j/LIB_COFF/LIBSGL.A(sglC07.o)
                              ../../jo_engine/sprites.o (symbol from plugin) (slPutSprite)
[...]
Memory Configuration

Name             Origin             Length             Attributes
*default*        0x0000000000000000 0xffffffffffffffff

Linker script and memory map

TARGET(coff-sh)

SLSTART         0x0000000006004000       0x28
                0x0000000006004000                ___Start = .
 *(SLSTART)
 SLSTART        0x0000000006004000       0x28 ../../Compiler/SGL_302j/LIB_COFF/LIBSGL.A(sglI00.o)
                0x0000000006004000                SGL_Start
                0x0000000006004002                slStartSGL

.text           0x0000000006004040     0xe518
 *(.text)
 .text          0x0000000006004040        0x0 ../../Compiler/SGL_302j/LIB_COFF/SGLAREA.O
 .text          0x0000000006004040     0x1724 /tmp/cceyhZiT.ltrans0.ltrans.o
 *fill*         0x0000000006005764        0xc 
 .text          0x0000000006005770      0x238 ../../Compiler/SGL_302j/LIB_COFF/SEGA_SYS.A(sys_exit.o)
                0x0000000006005770                sys_version
                0x0000000006005790                SYS_Exit
 *fill*         0x00000000060059a8        0x8 
 .text          0x00000000060059b0        0x6 ../../Compiler/SGL_302j/LIB_COFF/SEGA_SYS.A(sys_sub.o)
                0x00000000060059b0                SYSUB_SetStackptr
 *fill*         0x00000000060059b6        0xa 
 .text          0x00000000060059c0      0x3a0 ../../Compiler/SGL_302j/LIB_COFF/LIBCD.A(CDC_CMN.O)
                0x00000000060059c0                CDC_GetCurStat
                0x0000000006005a10                CDC_GetLastStat
                0x0000000006005a28                CDC_GetPeriStat
                0x0000000006005afc                CDC_GetHwInfo
                0x0000000006005b64                CDC_TgetToc
                0x0000000006005bb4                CDC_GetSes
                0x0000000006005bf0                CDC_CdInit
                0x0000000006005c74                CDC_CdOpen
                0x0000000006005c9c                CDC_DataReady
                0x0000000006005d08                CDC_DataEnd
 .text          0x0000000006005d60      0x194 ../../Compiler/SGL_302j/LIB_COFF/LIBCD.A(CDC_CFS.O)
                0x0000000006005d60                CDC_ChgDir
                0x0000000006005d94                CDC_ReadDir
                0x0000000006005dc8                CDC_GetFileScope
                0x0000000006005e28                CDC_TgetFileInfo
                0x0000000006005e84                CDC_ReadFile
                0x0000000006005eb8                CDC_AbortFile
 *fill*         0x0000000006005ef4        0xc 
 .text          0x0000000006005f00      0x2dc ../../Compiler/SGL_302j/LIB_COFF/LIBCD.A(CDC_REG.O)
                0x0000000006005f00                CDC_GetDataPtr
                0x0000000006005f10                CDC_GetHirqReq
                0x0000000006005f24                CDC_ClrHirqReq
                0x0000000006005f54                CDREG_ClrHirqReq
                0x0000000006005f64                CDREG_InitHirqReq
                0x0000000006005f8c                CDREG_SetHirqFlag
                0x0000000006005fa0                CDC_GetHirqMsk
                0x0000000006005fb4                CDC_SetHirqMsk
                0x0000000006005fc4                CDC_GetMpegPtr
                0x0000000006005fd4                CDREG_TgetData
                0x0000000006006030                CDREG_CmdRsp
                0x0000000006006130                CDREG_WaitHirq
                0x00000000060061a0                CDREG_ReadRsp
 *fill*         0x00000000060061dc        0x4 
 .text          0x00000000060061e0      0x152 ../../Compiler/SGL_302j/LIB_COFF/LIBCD.A(CDC_SUB.O)
                0x00000000060061e0                CDSUB_UpdStatus
                0x00000000060061f8                CDSUB_UpdCdstat
                0x0000000006006218                CDSUB_CdCmd
                0x0000000006006288                CDSUB_GetCdstat
                0x00000000060062c8                CDSUB_RspToCdstat
                0x0000000006006310                CDSUB_SoftTimer
 *fill*         0x0000000006006332        0xe 
 .text          0x0000000006006340     0x1adc ../../Compiler/SGL_302j/LIB_COFF/LIBCD.A(GFS.O)
                0x0000000006006340                gfs_version
                0x0000000006006360                GFS_Init
                0x0000000006006448                GFS_LoadDir
                0x00000000060064f0                GFS_SetDir
                0x0000000006006558                GFS_NameToId
                0x00000000060065bc                GFS_IdToName
                0x0000000006006628                GFS_GetDirInfo
                0x0000000006006698                GFS_Reset
                0x000000000600671c                GFS_Open
                0x00000000060067d0                GFS_Close
                0x0000000006006808                GFS_Seek
                0x00000000060068bc                GFS_Tell
                0x000000000600690c                GFS_IsEof
                0x0000000006006960                GFS_ByteToSct
                0x00000000060069bc                GFS_GetFileSize
                0x0000000006006a18                GFS_GetFileInfo
                0x0000000006006a8c                GFS_GetNumCdbuf
                0x0000000006006ab4                GFS_Load
                0x0000000006006b78                GFS_Fread
                0x0000000006006c14                gfs_waitRead
                0x0000000006006cbc                GFS_NwFread
                0x0000000006006dc8                GFS_NwCdRead
                0x0000000006006e40                GFS_NwIsComplete
                0x0000000006006e78                GFS_NwStop
                0x0000000006006ee4                GFS_NwGetStat
                0x0000000006006f60                gfs_recovRdErr
                0x0000000006006f90                GFS_NwExecOne
                0x0000000006007050                GFS_NwExecServer
                0x00000000060070cc                GFS_SetGmode
                0x0000000006007130                GFS_SetTmode
                0x000000000600719c                GFS_SetReadPara
                0x0000000006007200                GFS_SetTransPara
                0x000000000600726c                GFS_SetTrFunc
                0x00000000060072d0                GFS_StartTrans
                0x000000000600731c                GFS_CdMovePickup
                0x0000000006007388                GFS_SetErrFunc
                0x00000000060073b4                GFS_GetErrStat
                0x00000000060073d8                GFS_ConvTno
                0x0000000006007400                gfs_chgRoot
                0x00000000060074cc                gfs_aborttrans
                0x00000000060074d8                gfs_mngSetupFuncTbl
                0x000000000600750c                gfs_mngInitWork
                0x00000000060075b0                gfs_mngGetNumFile
                0x0000000006007618                GFS_mngAllocGrp
                0x0000000006007660                gfs_mngFreeGrp
                0x000000000600766c                gfs_mngTermAccess
                0x00000000060076f0                gfs_mngSetErrCode
                0x0000000006007770                gfs_svrSearchHndl
                0x00000000060077b0                gfs_svrAddHndl
                0x00000000060077ec                gfs_svrRemoveHndl
                0x0000000006007848                GFS_OpenSub
                0x00000000060078a0                gfs_loadVol
                0x0000000006007964                gfs_getRootDir
                0x0000000006007a60                gfs_loadRootDir
                0x0000000006007ae8                gfs_flowIn
                0x0000000006007b90                gfs_transData
                0x0000000006007c34                GFS_GetFad
                0x0000000006007c8c                gfs_SetSct
                0x0000000006007ccc                gfs_GetFinfo
                0x0000000006007d0c                gfs_closeSub
                0x0000000006007d48                gfs_getGmode
                0x0000000006007d54                gfs_isTaskDone
                0x0000000006007da8                gfs_convFinStat
 *fill*         0x0000000006007e1c        0x4 
 .text          0x0000000006007e20      0x106 ../../Compiler/SGL_302j/LIB_COFF/LIBCD.A(GFS_BUF.O)
                0x0000000006007e50                GFBF_GetTranData
                0x0000000006007e78                GFBF_GetNumData
                0x0000000006007ea8                GFBF_GetSrcPk
                0x0000000006007ed0                GFBF_GetSctData
                0x0000000006007ef4                GFBF_RtnPk
                0x0000000006007f1c                gfbf_getSctDt
 *fill*         0x0000000006007f26        0xa 
 .text          0x0000000006007f30      0x600 ../../Compiler/SGL_302j/LIB_COFF/LIBCD.A(GFS_CDB.O)
                0x0000000006007f30                GFCB_Setup
                0x0000000006008050                GFCB_Close
                0x0000000006008078                GFCB_GetLenData
                0x0000000006008124                GFCB_GetLenRoom
                0x0000000006008130                GFCB_SetFilt
                0x0000000006008198                GFCB_DeleteAllData
                0x00000000060081c0                GFCB_Tell
                0x00000000060081d0                gfcb_getSctNum
                0x0000000006008220                GFCB_Seek
                0x000000000600831c                GFCB_GetSrcPack
                0x00000000060083fc                GFCB_GetSctData
                0x0000000006008434                GFCB_GetDstPack
                0x0000000006008440                GFCB_RtnPk
                0x0000000006008488                GFCB_MovePickup
                0x00000000060084a4                GFCB_SetCon
                0x00000000060084d8                GFCB_GetPickup
                0x0000000006008500                GFCB_IsPuOwner
                0x0000000006008518                GFCB_UngetPickup
 .text          0x0000000006008530     0x1a10 ../../Compiler/SGL_302j/LIB_COFF/LIBCD.A(GFS_CDC.O)
                0x0000000006008530                GFCD_SetCdbfs
                0x000000000600855c                GFCD_Init
                0x0000000006008760                GFCD_AllocFilt
                0x000000000600879c                GFCD_FreeFilt
                0x00000000060087cc                GFCD_AllocBuf
                0x0000000006008800                GFCD_FreeBuf
                0x00000000060088a4                GFCD_GetBaseFad
                0x00000000060088d8                GFCD_GetPickup
                0x000000000600890c                GFCD_UngetPickup
                0x0000000006008938                GFCD_IsPuOwner
                0x000000000600895c                GFCD_SetFilt
                0x0000000006008a20                GFCD_GetFilt
                0x0000000006008a68                GFCD_SetCon
                0x0000000006008ac0                GFCD_Play
                0x0000000006008b20                GFCD_GetLenData
                0x0000000006008b88                GFCD_ReqData
                0x0000000006008be4                GFCD_EndData
                0x0000000006008c2c                GFCD_DelSctData
                0x0000000006008c84                GFCD_CheckDelSctData
                0x0000000006008cb4                GFCD_GetStat
                0x0000000006008d68                GFCD_MovePickup
                0x0000000006008db4                GFCD_MoveSctData
                0x0000000006008e28                GFCD_CheckMove
                0x0000000006008e4c                GFCD_GetSctInfo
                0x0000000006008e94                GFCD_ChgDir
                0x0000000006008f08                GFCD_SetFiltCon
                0x0000000006008ff0                GFCD_GetFileInfo
                0x00000000060090cc                GFCD_GetBufSiz
                0x0000000006009104                GFCD_ExecServer
                0x00000000060091d8                gfcd_isIdleTask
                0x0000000006009264                gfcd_doTask
                0x0000000006009310                GFCD_SetTimer
                0x0000000006009324                GFCD_WaitServer
                0x0000000006009360                gfcd_doSetFiltTsk
                0x0000000006009524                gfcd_doSetConTsk
                0x00000000060095b4                gfcd_doGetLenDataTsk
                0x0000000006009708                gfcd_doReqDataTsk
                0x00000000060097a8                gfcd_doDelSctDataTsk
                0x00000000060098dc                gfcd_doMoveSctTsk
                0x0000000006009a40                gfcd_doChgDirTsk
                0x0000000006009c3c                gfcd_doSetFiltConTsk
                0x0000000006009d80                gfcd_checkEflag
                0x0000000006009da4                gfcd_initCdbMng
                0x0000000006009e24                gfcd_setStat
                0x0000000006009e50                GFCD_SetCsctFunc
                0x0000000006009e6c                GFCD_ChkScdqFlag
                0x0000000006009e90                GFCD_ClrScdqFlag
                0x0000000006009eac                GFCD_WaitScdqFlag
                0x0000000006009ef0                GFCD_WaitPause
 .text          0x0000000006009f40      0x8d8 ../../Compiler/SGL_302j/LIB_COFF/LIBCD.A(GFS_CDF.O)
                0x0000000006009f40                GFCF_Init
                0x0000000006009fe0                GFCF_Setup
                0x000000000600a128                GFCF_SetSct
                0x000000000600a16c                GFCF_GetFileInfo
                0x000000000600a1e0                GFCF_FlowInBuf
                0x000000000600a334                GFCF_StopInBuf
                0x000000000600a3d4                GFCF_Recover
                0x000000000600a41c                GFCF_Tell
                0x000000000600a434                GFCF_Seek
                0x000000000600a44c                GFCF_MovePickup
                0x000000000600a4e8                GFCF_cnvIntlvOfs
                0x000000000600a53c                GFCF_GetStat
                0x000000000600a5d4                gfcf_getSctSize
                0x000000000600a610                gfcf_isCdOk
                0x000000000600a6d0                gfcf_getPlayRange
 *fill*         0x000000000600a818        0x8 
 .text          0x000000000600a820      0x92c ../../Compiler/SGL_302j/LIB_COFF/LIBCD.A(GFS_DIR.O)
                0x000000000600a820                GFDR_SetupDirTbl
                0x000000000600a894                GFDR_NameToId
                0x000000000600a8f4                GFDR_GetInfoDirId
                0x000000000600a908                GFDR_GetInfoDirName
                0x000000000600a91c                GFDR_GetAtrDirId
                0x000000000600a934                GFDR_GetAtrDirName
                0x000000000600a94c                GFDR_ChgRoot
                0x000000000600a964                GFDR_ChgDir
                0x000000000600a9d8                gfdr_setupDirIdTbl
                0x000000000600aa5c                gfdr_setupDirNameTbl
                0x000000000600ab08                gfdr_open
                0x000000000600ab30                gfdr_read
                0x000000000600abf0                gfdr_readByte
                0x000000000600ac1c                gfdr_readWord
                0x000000000600ac48                gfdr_readWordNB
                0x000000000600ac9c                gfdr_readLongNB
                0x000000000600ace8                gfdr_readLongNM
                0x000000000600ad10                gfdr_setNextRec
                0x000000000600ad94                gfdr_readDirEnt
                0x000000000600b110                gfdr_setDirrecCd
 *fill*         0x000000000600b14c        0x4 
 .text          0x000000000600b150      0x9c6 ../../Compiler/SGL_302j/LIB_COFF/LIBCD.A(GFS_TRN.O)
                0x000000000600b180                GFTR_Setup
                0x000000000600b1c4                GFTR_SetMode
                0x000000000600b1d8                GFTR_SetUnit
                0x000000000600b1e4                GFTR_SetTransPara
                0x000000000600b218                GFTR_GetTransPara
                0x000000000600b224                GFTR_GetNumTrans
                0x000000000600b230                GFTR_SetTransMax
                0x000000000600b23c                GFTR_Start
                0x000000000600b248                GFTR_Pause
                0x000000000600b254                GFTR_Stop
                0x000000000600b30c                GFTR_Exec
                0x000000000600b390                GFTR_Idle
                0x000000000600b408                GFTR_ExecSvr
                0x000000000600b510                gftr_getSrcPack
                0x000000000600b598                gftr_getDstPack
                0x000000000600b5f4                gftr_reqScu
                0x000000000600b600                gftr_execScu
                0x000000000600b69c                gftr_remScu
                0x000000000600b6d0                gfdma_canUse
                0x000000000600b6dc                gfdma_exec
                0x000000000600b74c                gfdma_getBytecnt
                0x000000000600b784                gftr_reqDma0
                0x000000000600b79c                gftr_execSdma0
                0x000000000600b7c0                gftr_remDma0
                0x000000000600b7d8                gftr_reqDma1
                0x000000000600b7f0                gftr_execSdma1
                0x000000000600b814                gftr_remDma1
                0x000000000600b82c                gftr_reqCpu
                0x000000000600b838                gftr_execCpu
                0x000000000600b878                gftr_remCpu
                0x000000000600b884                gftr_reqTrn
                0x000000000600b8f4                gftr_execTrn
                0x000000000600b9cc                gftr_remTrn
                0x000000000600ba40                gftr_copyFrac
                0x000000000600ba68                GFTR_GetLenData
                0x000000000600ba74                GFTR_GetLenRoom
                0x000000000600ba8c                GFTR_GetDstPack
                0x000000000600bac0                GFTR_RtnDstPk
                0x000000000600badc                GFTR_GetData
                0x000000000600baf0                GFTR_SetData
                0x000000000600bb04                GFTR_SetTransFunc
 *fill*         0x000000000600bb16        0xa 
 .text          0x000000000600bb20      0x130 ../../Compiler/SGL_302j/LIB_COFF/LIBCD.A(CDC_DRV.O)
                0x000000000600bb20                CDC_CdPlay
                0x000000000600bbec                CDC_CdSeek
                0x000000000600bc20                CDC_CdScan
 .text          0x000000000600bc50       0xa8 ../../Compiler/SGL_302j/LIB_COFF/LIBCD.A(CDC_DEV.O)
                0x000000000600bc50                CDC_CdSetCon
                0x000000000600bc80                CDC_CdGetCon
                0x000000000600bcbc                CDC_CdGetLastBuf
 *fill*         0x000000000600bcf8        0x8 
 .text          0x000000000600bd00      0x2b8 ../../Compiler/SGL_302j/LIB_COFF/LIBCD.A(CDC_SEL.O)
                0x000000000600bd00                CDC_SetFiltRange
                0x000000000600bd34                CDC_GetFiltRange
                0x000000000600bd8c                CDC_SetFiltSubh
                0x000000000600bdfc                CDC_GetFiltSubh
                0x000000000600be78                CDC_SetFiltMode
                0x000000000600beac                CDC_GetFiltMode
                0x000000000600bef0                CDC_SetFiltCon
                0x000000000600bf30                CDC_GetFiltCon
                0x000000000600bf84                CDC_ResetSelector
 *fill*         0x000000000600bfb8        0x8 
 .text          0x000000000600bfc0      0x270 ../../Compiler/SGL_302j/LIB_COFF/LIBCD.A(CDC_BIF.O)
                0x000000000600bfc0                CDC_GetBufSiz
                0x000000000600c01c                CDC_GetSctNum
                0x000000000600c060                CDC_CalActSiz
                0x000000000600c09c                CDC_GetActSiz
                0x000000000600c11c                CDC_GetSctInfo
                0x000000000600c19c                CDC_ExeFadSearch
                0x000000000600c1d4                CDC_GetFadSearch
 .text          0x000000000600c230      0x1e4 ../../Compiler/SGL_302j/LIB_COFF/LIBCD.A(CDC_BIO.O)
                0x000000000600c230                CDC_SetSctLen
                0x000000000600c264                CDC_GetSctData
                0x000000000600c2a0                CDC_DelSctData
                0x000000000600c2dc                CDC_GetdelSctData
                0x000000000600c318                CDC_PutSctData
                0x000000000600c350                CDC_CopySctData
                0x000000000600c394                CDC_MoveSctData
                0x000000000600c3d8                CDC_GetCopyErr
 *fill*         0x000000000600c414        0xc 
 .text          0x000000000600c420        0x0 ../../Compiler/SGL_302j/LIB_COFF/LIBSGL.A(sglA15.o)
 .text          0x000000000600c420        0x0 ../../Compiler/SGL_302j/LIB_COFF/LIBSGL.A(sglA20.o)
 .text          0x000000000600c420        0x0 ../../Compiler/SGL_302j/LIB_COFF/LIBSGL.A(sglA21.o)
 .text          0x000000000600c420        0x0 ../../Compiler/SGL_302j/LIB_COFF/LIBSGL.A(sglA27.o)
 .text          0x000000000600c420        0x0 ../../Compiler/SGL_302j/LIB_COFF/LIBSGL.A(sglB001.o)
 .text          0x000000000600c420        0x0 ../../Compiler/SGL_302j/LIB_COFF/LIBSGL.A(sglB011.o)
 .text          0x000000000600c420        0x0 ../../Compiler/SGL_302j/LIB_COFF/LIBSGL.A(sglB015.o)
 .text          0x000000000600c420        0x0 ../../Compiler/SGL_302j/LIB_COFF/LIBSGL.A(sglB016.o)
 .text          0x000000000600c420        0x0 ../../Compiler/SGL_302j/LIB_COFF/LIBSGL.A(sglB032.o)
 .text          0x000000000600c420        0x0 ../../Compiler/SGL_302j/LIB_COFF/LIBSGL.A(sglB053.o)
 .text          0x000000000600c420        0x0 ../../Compiler/SGL_302j/LIB_COFF/LIBSGL.A(sglB056.o)
 .text          0x000000000600c420        0x0 ../../Compiler/SGL_302j/LIB_COFF/LIBSGL.A(sglB063.o)
 .text          0x000000000600c420        0x0 ../../Compiler/SGL_302j/LIB_COFF/LIBSGL.A(sglB200.o)
 .text          0x000000000600c420        0x0 ../../Compiler/SGL_302j/LIB_COFF/LIBSGL.A(sglC05.o)
 .text          0x000000000600c420        0x0 ../../Compiler/SGL_302j/LIB_COFF/LIBSGL.A(sglC06.o)
 .text          0x000000000600c420        0x0 ../../Compiler/SGL_302j/LIB_COFF/LIBSGL.A(sglC07.o)
 .text          0x000000000600c420        0x0 ../../Compiler/SGL_302j/LIB_COFF/LIBSGL.A(sglC08.o)
 .text          0x000000000600c420        0x0 ../../Compiler/SGL_302j/LIB_COFF/LIBSGL.A(sglC20.o)
 .text          0x000000000600c420        0x0 ../../Compiler/SGL_302j/LIB_COFF/LIBSGL.A(sglD00.o)
 .text          0x000000000600c420        0x0 ../../Compiler/SGL_302j/LIB_COFF/LIBSGL.A(sglD01.o)
 .text          0x000000000600c420        0x0 ../../Compiler/SGL_302j/LIB_COFF/LIBSGL.A(sglD03.o)
 .text          0x000000000600c420        0x0 ../../Compiler/SGL_302j/LIB_COFF/LIBSGL.A(sglD15.o)
 .text          0x000000000600c420        0x0 ../../Compiler/SGL_302j/LIB_COFF/LIBSGL.A(sglD16.o)
 .text          0x000000000600c420        0x0 ../../Compiler/SGL_302j/LIB_COFF/LIBSGL.A(sglD17.o)
 .text          0x000000000600c420        0x0 ../../Compiler/SGL_302j/LIB_COFF/LIBSGL.A(sglD18.o)
 .text          0x000000000600c420        0x0 ../../Compiler/SGL_302j/LIB_COFF/LIBSGL.A(sglF00.o)
 .text          0x000000000600c420        0x0 ../../Compiler/SGL_302j/LIB_COFF/LIBSGL.A(sglF05.o)
 .text          0x000000000600c420        0x0 ../../Compiler/SGL_302j/LIB_COFF/LIBSGL.A(sglH00.o)
 .text          0x000000000600c420        0x0 ../../Compiler/SGL_302j/LIB_COFF/LIBSGL.A(sglH01.o)
 .text          0x000000000600c420        0x0 ../../Compiler/SGL_302j/LIB_COFF/LIBSGL.A(sglH02.o)
 .text          0x000000000600c420        0x0 ../../Compiler/SGL_302j/LIB_COFF/LIBSGL.A(sglH04.o)
 .text          0x000000000600c420        0x0 ../../Compiler/SGL_302j/LIB_COFF/LIBSGL.A(sglI01.o)
 .text          0x000000000600c420      0x128 ../../Compiler/SGL_302j/LIB_COFF/LIBSGL.A(sglIc0.o)
                0x000000000600c420                slInitSystem
 *fill*         0x000000000600c548        0x8 
 .text          0x000000000600c550        0x0 ../../Compiler/SGL_302j/LIB_COFF/LIBSGL.A(sglJ00.o)
 .text          0x000000000600c550        0x0 ../../Compiler/SGL_302j/LIB_COFF/LIBSGL.A(sglJ01.o)
 .text          0x000000000600c550        0x0 ../../Compiler/SGL_302j/LIB_COFF/LIBSGL.A(sglJ02.o)
 .text          0x000000000600c550        0x0 ../../Compiler/SGL_302j/LIB_COFF/LIBSGL.A(sglJ03.o)
 .text          0x000000000600c550        0x0 ../../Compiler/SGL_302j/LIB_COFF/LIBSGL.A(sglJ04.o)
 .text          0x000000000600c550        0x0 ../../Compiler/SGL_302j/LIB_COFF/LIBSGL.A(sglJ05.o)
 .text          0x000000000600c550        0x0 ../../Compiler/SGL_302j/LIB_COFF/LIBSGL.A(sglK01.o)
 .text          0x000000000600c550        0x0 ../../Compiler/SGL_302j/LIB_COFF/LIBSGL.A(sglM01.o)
 .text          0x000000000600c550        0x0 ../../Compiler/SGL_302j/LIB_COFF/LIBSGL.A(sglA00.o)
 .text          0x000000000600c550        0x0 ../../Compiler/SGL_302j/LIB_COFF/LIBSGL.A(sglA01.o)
 .text          0x000000000600c550        0x0 ../../Compiler/SGL_302j/LIB_COFF/LIBSGL.A(sglB000.o)
 .text          0x000000000600c550        0x0 ../../Compiler/SGL_302j/LIB_COFF/LIBSGL.A(sglB035.o)
 .text          0x000000000600c550        0x0 ../../Compiler/SGL_302j/LIB_COFF/LIBSGL.A(sglC00.o)
 .text          0x000000000600c550        0x0 ../../Compiler/SGL_302j/LIB_COFF/LIBSGL.A(sglI00.o)
 .text          0x000000000600c550        0x0 ../../Compiler/SGL_302j/LIB_COFF/LIBSGL.A(sglH03.o)
 .text          0x000000000600c550       0x52 /home/sansigolo/Documents/joengine/Compiler/SH_NONE_ELF/bin/../lib/gcc/sh-none-elf/8.2.0/libgcc.a(_ashiftrt.o)
                0x000000000600c550                __ashiftrt_r4_31
                0x000000000600c550                __ashiftrt_r4_32
                0x000000000600c556                __ashiftrt_r4_30
                0x000000000600c558                __ashiftrt_r4_29
                0x000000000600c55a                __ashiftrt_r4_28
                0x000000000600c55c                __ashiftrt_r4_27
                0x000000000600c55e                __ashiftrt_r4_26
                0x000000000600c560                __ashiftrt_r4_25
                0x000000000600c562                __ashiftrt_r4_24
                0x000000000600c56a                __ashiftrt_r4_23
                0x000000000600c56c                __ashiftrt_r4_22
                0x000000000600c56e                __ashiftrt_r4_21
                0x000000000600c570                __ashiftrt_r4_20
                0x000000000600c572                __ashiftrt_r4_19
                0x000000000600c574                __ashiftrt_r4_18
                0x000000000600c576                __ashiftrt_r4_17
                0x000000000600c578                __ashiftrt_r4_16
                0x000000000600c57e                __ashiftrt_r4_15
                0x000000000600c580                __ashiftrt_r4_14
                0x000000000600c582                __ashiftrt_r4_13
                0x000000000600c584                __ashiftrt_r4_12
                0x000000000600c586                __ashiftrt_r4_11
                0x000000000600c588                __ashiftrt_r4_10
                0x000000000600c58a                __ashiftrt_r4_9
                0x000000000600c58c                __ashiftrt_r4_8
                0x000000000600c58e                __ashiftrt_r4_7
                0x000000000600c590                __ashiftrt_r4_6
                0x000000000600c592                __ashiftrt_r4_5
                0x000000000600c594                __ashiftrt_r4_4
                0x000000000600c596                __ashiftrt_r4_3
                0x000000000600c598                __ashiftrt_r4_2
                0x000000000600c59a                __ashiftrt_r4_1
                0x000000000600c59e                __ashiftrt_r4_0
 *fill*         0x000000000600c5a2        0x2 
 .text          0x000000000600c5a4       0xa0 /home/sansigolo/Documents/joengine/Compiler/SH_NONE_ELF/bin/../lib/gcc/sh-none-elf/8.2.0/libgcc.a(_sdivsi3.o)
                0x000000000600c5a4                __sdivsi3
 .text          0x000000000600c644       0x6c /home/sansigolo/Documents/joengine/Compiler/SH_NONE_ELF/bin/../lib/gcc/sh-none-elf/8.2.0/libgcc.a(_udivsi3.o)
                0x000000000600c666                __udivsi3
 .text          0x000000000600c6b0      0x134 /home/sansigolo/Documents/joengine/Compiler/SH_NONE_ELF/bin/../lib/gcc/sh-none-elf/8.2.0/libgcc.a(_mul_sf.o)
                0x000000000600c6b0                __mulsf3
 .text          0x000000000600c7e4       0xdc /home/sansigolo/Documents/joengine/Compiler/SH_NONE_ELF/bin/../lib/gcc/sh-none-elf/8.2.0/libgcc.a(_div_sf.o)
                0x000000000600c7e4                __divsf3
 .text          0x000000000600c8c0       0x84 /home/sansigolo/Documents/joengine/Compiler/SH_NONE_ELF/bin/../lib/gcc/sh-none-elf/8.2.0/libgcc.a(_si_to_sf.o)
                0x000000000600c8c0                __floatsisf
 .text          0x000000000600c944       0x7c /home/sansigolo/Documents/joengine/Compiler/SH_NONE_ELF/bin/../lib/gcc/sh-none-elf/8.2.0/libgcc.a(_sf_to_si.o)
                0x000000000600c944                __fixsfsi
 .text          0x000000000600c9c0        0x0 /home/sansigolo/Documents/joengine/Compiler/SH_NONE_ELF/bin/../lib/gcc/sh-none-elf/8.2.0/libgcc.a(_thenan_sf.o)
 .text          0x000000000600c9c0       0x94 /home/sansigolo/Documents/joengine/Compiler/SH_NONE_ELF/bin/../lib/gcc/sh-none-elf/8.2.0/libgcc.a(_usi_to_sf.o)
                0x000000000600c9c0                __floatunsisf
 .text          0x000000000600ca54      0x114 /home/sansigolo/Documents/joengine/Compiler/SH_NONE_ELF/bin/../lib/gcc/sh-none-elf/8.2.0/libgcc.a(_pack_sf.o)
                0x000000000600ca54                __pack_f
 .text          0x000000000600cb68       0xa0 /home/sansigolo/Documents/joengine/Compiler/SH_NONE_ELF/bin/../lib/gcc/sh-none-elf/8.2.0/libgcc.a(_unpack_sf.o)
                0x000000000600cb68                __unpack_f
 .text          0x000000000600cc08       0x1e /home/sansigolo/Documents/joengine/Compiler/SH_NONE_ELF/bin/../lib/gcc/sh-none-elf/8.2.0/../../../../sh-none-elf/lib/libc.a(lib_a-memcmp.o)
                0x000000000600cc08                memcmp
 *fill*         0x000000000600cc26        0x2 
 .text          0x000000000600cc28       0x94 /home/sansigolo/Documents/joengine/Compiler/SH_NONE_ELF/bin/../lib/gcc/sh-none-elf/8.2.0/../../../../sh-none-elf/lib/libc.a(lib_a-memcpy.o)
                0x000000000600cc28                memcpy
 .text          0x000000000600ccbc       0x40 /home/sansigolo/Documents/joengine/Compiler/SH_NONE_ELF/bin/../lib/gcc/sh-none-elf/8.2.0/../../../../sh-none-elf/lib/libc.a(lib_a-memset.o)
                0x000000000600ccbc                memset
 .text          0x000000000600ccfc       0x8c /home/sansigolo/Documents/joengine/Compiler/SH_NONE_ELF/bin/../lib/gcc/sh-none-elf/8.2.0/../../../../sh-none-elf/lib/libc.a(lib_a-sprintf.o)
                0x000000000600ccfc                _sprintf_r
                0x000000000600cd3c                sprintf
 .text          0x000000000600cd88       0x2a /home/sansigolo/Documents/joengine/Compiler/SH_NONE_ELF/bin/../lib/gcc/sh-none-elf/8.2.0/../../../../sh-none-elf/lib/libc.a(lib_a-strncmp.o)
                0x000000000600cd88                strncmp
 .text          0x000000000600cdb2       0x32 /home/sansigolo/Documents/joengine/Compiler/SH_NONE_ELF/bin/../lib/gcc/sh-none-elf/8.2.0/../../../../sh-none-elf/lib/libc.a(lib_a-strncpy.o)
                0x000000000600cdb2                strncpy
 .text          0x000000000600cde4     0x1378 /home/sansigolo/Documents/joengine/Compiler/SH_NONE_ELF/bin/../lib/gcc/sh-none-elf/8.2.0/../../../../sh-none-elf/lib/libc.a(lib_a-svfprintf.o)
                0x000000000600cde4                _svfprintf_r
 .text          0x000000000600e15c      0xef4 /home/sansigolo/Documents/joengine/Compiler/SH_NONE_ELF/bin/../lib/gcc/sh-none-elf/8.2.0/../../../../sh-none-elf/lib/libc.a(lib_a-dtoa.o)
                0x000000000600e290                _dtoa_r
 .text          0x000000000600f050        0x0 /home/sansigolo/Documents/joengine/Compiler/SH_NONE_ELF/bin/../lib/gcc/sh-none-elf/8.2.0/../../../../sh-none-elf/lib/libc.a(lib_a-impure.o)
 .text          0x000000000600f050       0x40 /home/sansigolo/Documents/joengine/Compiler/SH_NONE_ELF/bin/../lib/gcc/sh-none-elf/8.2.0/../../../../sh-none-elf/lib/libc.a(lib_a-localeconv.o)
                0x000000000600f050                __localeconv_l
                0x000000000600f058                _localeconv_r
                0x000000000600f074                localeconv
 .text          0x000000000600f090       0xa8 /home/sansigolo/Documents/joengine/Compiler/SH_NONE_ELF/bin/../lib/gcc/sh-none-elf/8.2.0/../../../../sh-none-elf/lib/libc.a(lib_a-locale.o)
                0x000000000600f090                _setlocale_r
                0x000000000600f0dc                __locale_mb_cur_max
                0x000000000600f0fc                __locale_ctype_ptr_l
                0x000000000600f106                __locale_ctype_ptr
                0x000000000600f124                setlocale
 .text          0x000000000600f138       0x4c /home/sansigolo/Documents/joengine/Compiler/SH_NONE_ELF/bin/../lib/gcc/sh-none-elf/8.2.0/../../../../sh-none-elf/lib/libc.a(lib_a-mbtowc_r.o)
                0x000000000600f138                _mbtowc_r
                0x000000000600f15c                __ascii_mbtowc
 .text          0x000000000600f184       0x1c /home/sansigolo/Documents/joengine/Compiler/SH_NONE_ELF/bin/../lib/gcc/sh-none-elf/8.2.0/../../../../sh-none-elf/lib/libc.a(lib_a-memchr.o)
                0x000000000600f184                memchr
 .text          0x000000000600f1a0      0xa9c /home/sansigolo/Documents/joengine/Compiler/SH_NONE_ELF/bin/../lib/gcc/sh-none-elf/8.2.0/../../../../sh-none-elf/lib/libc.a(lib_a-mprec.o)
                0x000000000600f1a0                _Balloc
                0x000000000600f214                _Bfree
                0x000000000600f22c                __multadd
                0x000000000600f2d4                __s2b
                0x000000000600f394                __hi0bits
                0x000000000600f3e8                __lo0bits
                0x000000000600f44c                __i2b
                0x000000000600f468                __multiply
                0x000000000600f5ac                __pow5mult
                0x000000000600f668                __lshift
                0x000000000600f75c                __mcmp
                0x000000000600f794                __mdiff
                0x000000000600f870                __ulp
                0x000000000600f8dc                __b2d
                0x000000000600f9c4                __d2b
                0x000000000600fab0                __ratio
                0x000000000600fb34                _mprec_log10
                0x000000000600fb8c                __copybits
                0x000000000600fbd0                __any_on
 .text          0x000000000600fc3c       0x34 /home/sansigolo/Documents/joengine/Compiler/SH_NONE_ELF/bin/../lib/gcc/sh-none-elf/8.2.0/../../../../sh-none-elf/lib/libc.a(lib_a-nano-callocr.o)
                0x000000000600fc3c                _calloc_r
 .text          0x000000000600fc70       0xf4 /home/sansigolo/Documents/joengine/Compiler/SH_NONE_ELF/bin/../lib/gcc/sh-none-elf/8.2.0/../../../../sh-none-elf/lib/libc.a(lib_a-nano-mallocr.o)
                0x000000000600fc70                _malloc_r
 .text          0x000000000600fd64       0x30 /home/sansigolo/Documents/joengine/Compiler/SH_NONE_ELF/bin/../lib/gcc/sh-none-elf/8.2.0/../../../../sh-none-elf/lib/libc.a(lib_a-sbrkr.o)
                0x000000000600fd64                _sbrk_r
 .text          0x000000000600fd94       0x38 /home/sansigolo/Documents/joengine/Compiler/SH_NONE_ELF/bin/../lib/gcc/sh-none-elf/8.2.0/../../../../sh-none-elf/lib/libc.a(lib_a-strcmp.o)
                0x000000000600fd94                strcmp
 .text          0x000000000600fdcc       0x20 /home/sansigolo/Documents/joengine/Compiler/SH_NONE_ELF/bin/../lib/gcc/sh-none-elf/8.2.0/../../../../sh-none-elf/lib/libc.a(lib_a-strlen.o)
                0x000000000600fdcc                strlen
 .text          0x000000000600fdec      0xa60 /home/sansigolo/Documents/joengine/Compiler/SH_NONE_ELF/bin/../lib/gcc/sh-none-elf/8.2.0/../../../../sh-none-elf/lib/libc.a(lib_a-svfiprintf.o)
                0x000000000600fdec                __ssprint_r
                0x000000000600ff20                _svfiprintf_r
 .text          0x000000000601084c      0x25c /home/sansigolo/Documents/joengine/Compiler/SH_NONE_ELF/bin/../lib/gcc/sh-none-elf/8.2.0/../../../../sh-none-elf/lib/libc.a(lib_a-syscalls.o)
                0x00000000060108c4                _read
                0x00000000060108d4                _lseek
                0x00000000060108e4                _write
                0x00000000060108f4                _close
                0x0000000006010904                _link
                0x0000000006010908                _sbrk
                0x0000000006010960                _fstat
                0x000000000601096a                _open
                0x000000000601097c                _creat
                0x000000000601098c                _unlink
                0x0000000006010990                isatty
                0x0000000006010994                _isatty
                0x0000000006010998                _exit
                0x00000000060109a8                _kill
                0x00000000060109bc                _getpid
                0x00000000060109c0                _raise
                0x00000000060109c4                _stat
                0x00000000060109d4                _chmod
                0x00000000060109e4                _chown
                0x00000000060109f4                _utime
                0x0000000006010a08                _fork
                0x0000000006010a14                _wait
                0x0000000006010a24                _execve
                0x0000000006010a34                _execv
                0x0000000006010a44                _pipe
                0x0000000006010a50                _times
                0x0000000006010a54                _gettimeofday
                0x0000000006010a7c                __setup_argv_and_call_main
 .text          0x0000000006010aa8       0x14 /home/sansigolo/Documents/joengine/Compiler/SH_NONE_ELF/bin/../lib/gcc/sh-none-elf/8.2.0/../../../../sh-none-elf/lib/libc.a(lib_a-trap.o)
                0x0000000006010aa8                __trap34
 .text          0x0000000006010abc       0x40 /home/sansigolo/Documents/joengine/Compiler/SH_NONE_ELF/bin/../lib/gcc/sh-none-elf/8.2.0/../../../../sh-none-elf/lib/libc.a(lib_a-wctomb_r.o)
                0x0000000006010abc                _wctomb_r
                0x0000000006010adc                __ascii_wctomb
 .text          0x0000000006010afc       0x18 /home/sansigolo/Documents/joengine/Compiler/SH_NONE_ELF/bin/../lib/gcc/sh-none-elf/8.2.0/../../../../sh-none-elf/lib/libc.a(lib_a-abort.o)
                0x0000000006010afc                abort
 .text          0x0000000006010b14        0x0 /home/sansigolo/Documents/joengine/Compiler/SH_NONE_ELF/bin/../lib/gcc/sh-none-elf/8.2.0/../../../../sh-none-elf/lib/libc.a(lib_a-ctype_.o)
 .text          0x0000000006010b14       0x3c /home/sansigolo/Documents/joengine/Compiler/SH_NONE_ELF/bin/../lib/gcc/sh-none-elf/8.2.0/../../../../sh-none-elf/lib/libc.a(lib_a-memmove.o)
                0x0000000006010b14                memmove
 .text          0x0000000006010b50        0x8 /home/sansigolo/Documents/joengine/Compiler/SH_NONE_ELF/bin/../lib/gcc/sh-none-elf/8.2.0/../../../../sh-none-elf/lib/libc.a(lib_a-mlock.o)
                0x0000000006010b50                __malloc_lock
                0x0000000006010b54                __malloc_unlock
 .text          0x0000000006010b58       0xc8 /home/sansigolo/Documents/joengine/Compiler/SH_NONE_ELF/bin/../lib/gcc/sh-none-elf/8.2.0/../../../../sh-none-elf/lib/libc.a(lib_a-nano-freer.o)
                0x0000000006010b58                _free_r
 .text          0x0000000006010c20       0x7c /home/sansigolo/Documents/joengine/Compiler/SH_NONE_ELF/bin/../lib/gcc/sh-none-elf/8.2.0/../../../../sh-none-elf/lib/libc.a(lib_a-nano-reallocr.o)
                0x0000000006010c20                _realloc_r
 .text          0x0000000006010c9c      0x1b0 /home/sansigolo/Documents/joengine/Compiler/SH_NONE_ELF/bin/../lib/gcc/sh-none-elf/8.2.0/../../../../sh-none-elf/lib/libc.a(lib_a-signal.o)
                0x0000000006010c9c                _init_signal_r
                0x0000000006010cd8                _signal_r
                0x0000000006010d24                _raise_r
                0x0000000006010d9c                __sigtramp_r
                0x0000000006010e00                raise
                0x0000000006010e14                signal
                0x0000000006010e28                _init_signal
                0x0000000006010e38                __sigtramp
 .text          0x0000000006010e4c       0x40 /home/sansigolo/Documents/joengine/Compiler/SH_NONE_ELF/bin/../lib/gcc/sh-none-elf/8.2.0/../../../../sh-none-elf/lib/libc.a(lib_a-signalr.o)
                0x0000000006010e4c                _kill_r
                0x0000000006010e80                _getpid_r
 .text          0x0000000006010e8c       0x16 /home/sansigolo/Documents/joengine/Compiler/SH_NONE_ELF/bin/../lib/gcc/sh-none-elf/8.2.0/../../../../sh-none-elf/lib/libc.a(lib_a-nano-msizer.o)
                0x0000000006010e8c                _malloc_usable_size_r
 *fill*         0x0000000006010ea2        0x2 
 .text          0x0000000006010ea4       0x80 /home/sansigolo/Documents/joengine/Compiler/SH_NONE_ELF/bin/../lib/gcc/sh-none-elf/8.2.0/libgcc.a(_ashiftrt_n.o)
                0x0000000006010ea4                __ashrsi3
 .text          0x0000000006010f24       0xbc /home/sansigolo/Documents/joengine/Compiler/SH_NONE_ELF/bin/../lib/gcc/sh-none-elf/8.2.0/libgcc.a(_ashiftlt.o)
                0x0000000006010f24                __ashlsi3
                0x0000000006010f28                __ashlsi3_r0
 .text          0x0000000006010fe0       0xbc /home/sansigolo/Documents/joengine/Compiler/SH_NONE_ELF/bin/../lib/gcc/sh-none-elf/8.2.0/libgcc.a(_lshiftrt.o)
                0x0000000006010fe0                __lshrsi3
                0x0000000006010fe4                __lshrsi3_r0
 .text          0x000000000601109c      0x258 /home/sansigolo/Documents/joengine/Compiler/SH_NONE_ELF/bin/../lib/gcc/sh-none-elf/8.2.0/libgcc.a(_udivdi3.o)
                0x000000000601109c                __udivdi3
 .text          0x00000000060112f4      0x2bc /home/sansigolo/Documents/joengine/Compiler/SH_NONE_ELF/bin/../lib/gcc/sh-none-elf/8.2.0/libgcc.a(_umoddi3.o)
                0x00000000060112f4                __umoddi3
 .text          0x00000000060115b0      0x3b4 /home/sansigolo/Documents/joengine/Compiler/SH_NONE_ELF/bin/../lib/gcc/sh-none-elf/8.2.0/libgcc.a(_addsub_df.o)
                0x00000000060118c0                __adddf3
                0x0000000006011910                __subdf3
 .text          0x0000000006011964      0x208 /home/sansigolo/Documents/joengine/Compiler/SH_NONE_ELF/bin/../lib/gcc/sh-none-elf/8.2.0/libgcc.a(_mul_df.o)
                0x0000000006011964                __muldf3
 .text          0x0000000006011b6c      0x130 /home/sansigolo/Documents/joengine/Compiler/SH_NONE_ELF/bin/../lib/gcc/sh-none-elf/8.2.0/libgcc.a(_div_df.o)
                0x0000000006011b6c                __divdf3
 .text          0x0000000006011c9c       0x58 /home/sansigolo/Documents/joengine/Compiler/SH_NONE_ELF/bin/../lib/gcc/sh-none-elf/8.2.0/libgcc.a(_eq_df.o)
                0x0000000006011c9c                __eqdf2
 .text          0x0000000006011cf4       0x58 /home/sansigolo/Documents/joengine/Compiler/SH_NONE_ELF/bin/../lib/gcc/sh-none-elf/8.2.0/libgcc.a(_ne_df.o)
                0x0000000006011cf4                __nedf2
 .text          0x0000000006011d4c       0x50 /home/sansigolo/Documents/joengine/Compiler/SH_NONE_ELF/bin/../lib/gcc/sh-none-elf/8.2.0/libgcc.a(_gt_df.o)
                0x0000000006011d4c                __gtdf2
 .text          0x0000000006011d9c       0x50 /home/sansigolo/Documents/joengine/Compiler/SH_NONE_ELF/bin/../lib/gcc/sh-none-elf/8.2.0/libgcc.a(_ge_df.o)
                0x0000000006011d9c                __gedf2
 .text          0x0000000006011dec       0x58 /home/sansigolo/Documents/joengine/Compiler/SH_NONE_ELF/bin/../lib/gcc/sh-none-elf/8.2.0/libgcc.a(_lt_df.o)
                0x0000000006011dec                __ltdf2
 .text          0x0000000006011e44       0x58 /home/sansigolo/Documents/joengine/Compiler/SH_NONE_ELF/bin/../lib/gcc/sh-none-elf/8.2.0/libgcc.a(_le_df.o)
                0x0000000006011e44                __ledf2
 .text          0x0000000006011e9c       0x40 /home/sansigolo/Documents/joengine/Compiler/SH_NONE_ELF/bin/../lib/gcc/sh-none-elf/8.2.0/libgcc.a(_unord_df.o)
                0x0000000006011e9c                __unorddf2
 .text          0x0000000006011edc       0xa8 /home/sansigolo/Documents/joengine/Compiler/SH_NONE_ELF/bin/../lib/gcc/sh-none-elf/8.2.0/libgcc.a(_si_to_df.o)
                0x0000000006011edc                __floatsidf
 .text          0x0000000006011f84       0xa4 /home/sansigolo/Documents/joengine/Compiler/SH_NONE_ELF/bin/../lib/gcc/sh-none-elf/8.2.0/libgcc.a(_df_to_si.o)
                0x0000000006011f84                __fixdfsi
 .text          0x0000000006012028        0x0 /home/sansigolo/Documents/joengine/Compiler/SH_NONE_ELF/bin/../lib/gcc/sh-none-elf/8.2.0/libgcc.a(_thenan_df.o)
 .text          0x0000000006012028       0x88 /home/sansigolo/Documents/joengine/Compiler/SH_NONE_ELF/bin/../lib/gcc/sh-none-elf/8.2.0/libgcc.a(_usi_to_df.o)
                0x0000000006012028                __floatunsidf
 .text          0x00000000060120b0       0x60 /home/sansigolo/Documents/joengine/Compiler/SH_NONE_ELF/bin/../lib/gcc/sh-none-elf/8.2.0/libgcc.a(_udiv_qrnnd_16.o)
                0x00000000060120b0                __udiv_qrnnd_16
 .text          0x0000000006012110        0x0 /home/sansigolo/Documents/joengine/Compiler/SH_NONE_ELF/bin/../lib/gcc/sh-none-elf/8.2.0/libgcc.a(_clz.o)
 .text          0x0000000006012110       0x58 /home/sansigolo/Documents/joengine/Compiler/SH_NONE_ELF/bin/../lib/gcc/sh-none-elf/8.2.0/libgcc.a(_clzsi2.o)
                0x0000000006012110                __clzsi2
 .text          0x0000000006012168      0x25c /home/sansigolo/Documents/joengine/Compiler/SH_NONE_ELF/bin/../lib/gcc/sh-none-elf/8.2.0/libgcc.a(_pack_df.o)
                0x0000000006012168                __pack_d
 .text          0x00000000060123c4       0xcc /home/sansigolo/Documents/joengine/Compiler/SH_NONE_ELF/bin/../lib/gcc/sh-none-elf/8.2.0/libgcc.a(_unpack_df.o)
                0x00000000060123c4                __unpack_d
 .text          0x0000000006012490       0xc8 /home/sansigolo/Documents/joengine/Compiler/SH_NONE_ELF/bin/../lib/gcc/sh-none-elf/8.2.0/libgcc.a(_fpcmp_parts_df.o)
                0x0000000006012490                __fpcmp_parts_d
 *(.strings)
                0x0000000006012558                __etext = .

.text.startup   0x0000000006012558      0x498
 .text.startup  0x0000000006012558      0x498 /tmp/cceyhZiT.ltrans0.ltrans.o
                0x0000000006012558                main

.rodata         0x0000000006012a00      0x684
 *(.rodata)
 .rodata        0x0000000006012a00      0x174 /tmp/cceyhZiT.ltrans0.ltrans.o
 .rodata        0x0000000006012b74       0x10 /home/sansigolo/Documents/joengine/Compiler/SH_NONE_ELF/bin/../lib/gcc/sh-none-elf/8.2.0/libgcc.a(_thenan_sf.o)
                0x0000000006012b74                __thenan_sf
 .rodata        0x0000000006012b84       0x20 /home/sansigolo/Documents/joengine/Compiler/SH_NONE_ELF/bin/../lib/gcc/sh-none-elf/8.2.0/../../../../sh-none-elf/lib/libc.a(lib_a-svfprintf.o)
 .rodata        0x0000000006012ba4        0x4 /home/sansigolo/Documents/joengine/Compiler/SH_NONE_ELF/bin/../lib/gcc/sh-none-elf/8.2.0/../../../../sh-none-elf/lib/libc.a(lib_a-impure.o)
                0x0000000006012ba4                _global_impure_ptr
 .rodata        0x0000000006012ba8      0x124 /home/sansigolo/Documents/joengine/Compiler/SH_NONE_ELF/bin/../lib/gcc/sh-none-elf/8.2.0/../../../../sh-none-elf/lib/libc.a(lib_a-mprec.o)
                0x0000000006012bb4                __mprec_tinytens
                0x0000000006012bdc                __mprec_bigtens
                0x0000000006012c04                __mprec_tens
 .rodata        0x0000000006012ccc       0x20 /home/sansigolo/Documents/joengine/Compiler/SH_NONE_ELF/bin/../lib/gcc/sh-none-elf/8.2.0/../../../../sh-none-elf/lib/libc.a(lib_a-svfiprintf.o)
 .rodata        0x0000000006012cec      0x284 /home/sansigolo/Documents/joengine/Compiler/SH_NONE_ELF/bin/../lib/gcc/sh-none-elf/8.2.0/../../../../sh-none-elf/lib/libc.a(lib_a-ctype_.o)
                0x0000000006012cec                _ctype_
                0x0000000006012df0                _ctype_b
 .rodata        0x0000000006012f70       0x14 /home/sansigolo/Documents/joengine/Compiler/SH_NONE_ELF/bin/../lib/gcc/sh-none-elf/8.2.0/libgcc.a(_thenan_df.o)
                0x0000000006012f70                __thenan_df
 .rodata        0x0000000006012f84      0x100 /home/sansigolo/Documents/joengine/Compiler/SH_NONE_ELF/bin/../lib/gcc/sh-none-elf/8.2.0/libgcc.a(_clz.o)
                0x0000000006012f84                __clz_tab

.rodata.str1.4  0x0000000006013084      0x6d6
 .rodata.str1.4
                0x0000000006013084      0x664 /tmp/cceyhZiT.ltrans0.ltrans.o
                                        0x671 (size before relaxing)
 .rodata.str1.4
                0x00000000060136e8       0x3a /home/sansigolo/Documents/joengine/Compiler/SH_NONE_ELF/bin/../lib/gcc/sh-none-elf/8.2.0/../../../../sh-none-elf/lib/libc.a(lib_a-svfprintf.o)
 *fill*         0x0000000006013722        0x2 
 .rodata.str1.4
                0x0000000006013724        0xd /home/sansigolo/Documents/joengine/Compiler/SH_NONE_ELF/bin/../lib/gcc/sh-none-elf/8.2.0/../../../../sh-none-elf/lib/libc.a(lib_a-dtoa.o)
                                         0x12 (size before relaxing)
 *fill*         0x0000000006013731        0x3 
 .rodata.str1.4
                0x0000000006013734        0xa /home/sansigolo/Documents/joengine/Compiler/SH_NONE_ELF/bin/../lib/gcc/sh-none-elf/8.2.0/../../../../sh-none-elf/lib/libc.a(lib_a-locale.o)
                                         0x12 (size before relaxing)
 .rodata.str1.4
                0x000000000601373e       0x25 /home/sansigolo/Documents/joengine/Compiler/SH_NONE_ELF/bin/../lib/gcc/sh-none-elf/8.2.0/../../../../sh-none-elf/lib/libc.a(lib_a-svfiprintf.o)
 *fill*         0x000000000601373e        0x2 
 .rodata.str1.4
                0x0000000006013740       0x1a /home/sansigolo/Documents/joengine/Compiler/SH_NONE_ELF/bin/../lib/gcc/sh-none-elf/8.2.0/../../../../sh-none-elf/lib/libc.a(lib_a-syscalls.o)

.eh_frame       0x000000000601375c      0x170
 .eh_frame      0x000000000601375c       0xa8 /home/sansigolo/Documents/joengine/Compiler/SH_NONE_ELF/bin/../lib/gcc/sh-none-elf/8.2.0/libgcc.a(_udivdi3.o)
 .eh_frame      0x0000000006013804       0xc8 /home/sansigolo/Documents/joengine/Compiler/SH_NONE_ELF/bin/../lib/gcc/sh-none-elf/8.2.0/libgcc.a(_umoddi3.o)
                                         0xdc (size before relaxing)

.rela.dyn       0x00000000060138cc        0x0
 .rela.text     0x00000000060138cc        0x0 /home/sansigolo/Documents/joengine/Compiler/SH_NONE_ELF/bin/../lib/gcc/sh-none-elf/8.2.0/../../../../sh-none-elf/lib/libc.a(lib_a-sbrkr.o)
 .rela.text.startup
                0x00000000060138cc        0x0 /home/sansigolo/Documents/joengine/Compiler/SH_NONE_ELF/bin/../lib/gcc/sh-none-elf/8.2.0/../../../../sh-none-elf/lib/libc.a(lib_a-sbrkr.o)

SLPROG          0x00000000060138e0    0x11720
                0x00000000060138e0                __slprog_start = .
 *(SLPROG)
 SLPROG         0x00000000060138e0     0x6540 ../../Compiler/SGL_302j/LIB_COFF/SGLAREA.O
                0x00000000060138e0                MasterStack
                0x00000000060138e4                SlaveStack
                0x00000000060138e8                MaxVertices
                0x00000000060138ea                MaxPolygons
                0x00000000060138ec                SortList
                0x00000000060138f0                SortListSize
                0x00000000060138f4                TransList
                0x00000000060138f8                Zbuffer
                0x00000000060138fc                SpriteBuf
                0x0000000006013900                SpriteBufSize
                0x0000000006013904                Pbuffer
                0x0000000006013908                CommandBuf
                0x000000000601390c                CLOfstBuf
                0x0000000006013910                PCM_Work
                0x0000000006013914                PCM_WkSize
                0x0000000006013918                MaxEvents
                0x000000000601391a                EventSize
                0x000000000601391c                MaxWorks
                0x000000000601391e                WorkSize
                0x0000000006013920                RemainEvent
                0x0000000006013a20                RemainWork
                0x0000000006013e20                EventBuf
                0x0000000006015e20                WorkBuf
 SLPROG         0x0000000006019e20       0x18 ../../Compiler/SGL_302j/LIB_COFF/LIBSGL.A(sglA15.o)
                0x0000000006019e20                slSlaveFunc
 *fill*         0x0000000006019e38        0x8 
 SLPROG         0x0000000006019e40      0x42c ../../Compiler/SGL_302j/LIB_COFF/LIBSGL.A(sglA20.o)
                0x0000000006019e40                slInitMatrix
                0x0000000006019e4a                slPushUnitMatrix
                0x0000000006019e5e                slUnitMatrix
 *fill*         0x000000000601a26c        0x4 
 SLPROG         0x000000000601a270       0x48 ../../Compiler/SGL_302j/LIB_COFF/LIBSGL.A(sglA21.o)
                0x000000000601a270                slPushMatrix
                0x000000000601a2a4                slPopMatrix
                0x000000000601a2a4                slDecMatrixPtr
 *fill*         0x000000000601a2b8        0x8 
 SLPROG         0x000000000601a2c0       0x50 ../../Compiler/SGL_302j/LIB_COFF/LIBSGL.A(sglA27.o)
                0x000000000601a2c0                slTranslate
 SLPROG         0x000000000601a310       0x20 ../../Compiler/SGL_302j/LIB_COFF/LIBSGL.A(sglB001.o)
                0x000000000601a310                slTVOn
                0x000000000601a31a                slTVOff
 SLPROG         0x000000000601a330       0x24 ../../Compiler/SGL_302j/LIB_COFF/LIBSGL.A(sglB011.o)
                0x000000000601a330                slBitMapNbg1
 *fill*         0x000000000601a354        0xc 
 SLPROG         0x000000000601a360      0x40c ../../Compiler/SGL_302j/LIB_COFF/LIBSGL.A(sglB015.o)
                0x000000000601a360                slScrAutoDisp
 *fill*         0x000000000601a76c        0x4 
 SLPROG         0x000000000601a770        0xc ../../Compiler/SGL_302j/LIB_COFF/LIBSGL.A(sglB016.o)
                0x000000000601a770                slBack1ColSet
 *fill*         0x000000000601a77c        0x4 
 SLPROG         0x000000000601a780       0xb4 ../../Compiler/SGL_302j/LIB_COFF/LIBSGL.A(sglB032.o)
                0x000000000601a780                slMapNbg1
 *fill*         0x000000000601a834        0xc 
 SLPROG         0x000000000601a840        0xc ../../Compiler/SGL_302j/LIB_COFF/LIBSGL.A(sglB053.o)
                0x000000000601a840                slZoomNbg1
 *fill*         0x000000000601a84c        0x4 
 SLPROG         0x000000000601a850        0xc ../../Compiler/SGL_302j/LIB_COFF/LIBSGL.A(sglB056.o)
                0x000000000601a850                slPlaneNbg1
 *fill*         0x000000000601a85c        0x4 
 SLPROG         0x000000000601a860        0xc ../../Compiler/SGL_302j/LIB_COFF/LIBSGL.A(sglB063.o)
                0x000000000601a860                slPriority
 *fill*         0x000000000601a86c        0x4 
 SLPROG         0x000000000601a870      0x114 ../../Compiler/SGL_302j/LIB_COFF/LIBSGL.A(sglB200.o)
                0x000000000601a870                slCharRbg0
                0x000000000601a87c                slCharNbg0
                0x000000000601a888                slCharNbg1
                0x000000000601a894                slCharNbg2
                0x000000000601a8aa                slCharNbg3
                0x000000000601a8c2                slPageRbg0
                0x000000000601a8d8                slPageNbg1
                0x000000000601a8e0                slPageNbg2
                0x000000000601a8e8                slPageNbg3
                0x000000000601a8f4                slPageNbg0
 *fill*         0x000000000601a984        0xc 
 SLPROG         0x000000000601a990       0x78 ../../Compiler/SGL_302j/LIB_COFF/LIBSGL.A(sglC05.o)
                0x000000000601a990                slSetSprite
 *fill*         0x000000000601aa08        0x8 
 SLPROG         0x000000000601aa10       0xfa ../../Compiler/SGL_302j/LIB_COFF/LIBSGL.A(sglC06.o)
                0x000000000601aa10                slDispSprite
 *fill*         0x000000000601ab0a        0x6 
 SLPROG         0x000000000601ab10      0x162 ../../Compiler/SGL_302j/LIB_COFF/LIBSGL.A(sglC07.o)
                0x000000000601ab16                slPutSprite
 *fill*         0x000000000601ac72        0xe 
 SLPROG         0x000000000601ac80     0x1218 ../../Compiler/SGL_302j/LIB_COFF/LIBSGL.A(sglC08.o)
                0x000000000601ac80                slPutPolygon
                0x000000000601b8fc                MsCalcDepthFlat
 *fill*         0x000000000601be98        0x8 
 SLPROG         0x000000000601bea0       0x40 ../../Compiler/SGL_302j/LIB_COFF/LIBSGL.A(sglC20.o)
                0x000000000601bea0                SpriteEntry
 SLPROG         0x000000000601bee0       0x84 ../../Compiler/SGL_302j/LIB_COFF/LIBSGL.A(sglD00.o)
                0x000000000601bee0                slDMACopy
                0x000000000601bee0                slCpuDMACopy
                0x000000000601bf3a                slCashPurge
                0x000000000601bf3a                CSH_AllClr
 *fill*         0x000000000601bf64        0xc 
 SLPROG         0x000000000601bf70       0xa0 ../../Compiler/SGL_302j/LIB_COFF/LIBSGL.A(sglD01.o)
                0x000000000601bf70                slDMAXCopy
 SLPROG         0x000000000601c010        0xc ../../Compiler/SGL_302j/LIB_COFF/LIBSGL.A(sglD03.o)
                0x000000000601c010                slDMAStatus
 *fill*         0x000000000601c01c        0x4 
 SLPROG         0x000000000601c020       0x20 ../../Compiler/SGL_302j/LIB_COFF/LIBSGL.A(sglD15.o)
                0x000000000601c020                CSH_Purge
 SLPROG         0x000000000601c040       0x84 ../../Compiler/SGL_302j/LIB_COFF/LIBSGL.A(sglD16.o)
                0x000000000601c040                DMA_ScuSetPrm
                0x000000000601c088                DMA_SCU_PRM0
 *fill*         0x000000000601c0c4        0xc 
 SLPROG         0x000000000601c0d0       0x88 ../../Compiler/SGL_302j/LIB_COFF/LIBSGL.A(sglD17.o)
                0x000000000601c0d0                DMA_ScuStart
 *fill*         0x000000000601c158        0x8 
 SLPROG         0x000000000601c160       0x34 ../../Compiler/SGL_302j/LIB_COFF/LIBSGL.A(sglD18.o)
                0x000000000601c160                DMA_ScuGetStatus
 *fill*         0x000000000601c194        0xc 
 SLPROG         0x000000000601c1a0       0x4e ../../Compiler/SGL_302j/LIB_COFF/LIBSGL.A(sglF00.o)
                0x000000000601c1a0                slCurScrn
                0x000000000601c1b0                slCurColor
                0x000000000601c1ba                slLocate
                0x000000000601c1ec                CurrentScreen
 *fill*         0x000000000601c1ee        0x2 
 SLPROG         0x000000000601c1f0       0x1c ../../Compiler/SGL_302j/LIB_COFF/LIBSGL.A(sglF05.o)
                0x000000000601c1f0                slPrint
 *fill*         0x000000000601c20c        0x4 
 SLPROG         0x000000000601c210      0xfc8 ../../Compiler/SGL_302j/LIB_COFF/LIBSGL.A(sglH00.o)
                0x000000000601c228                slGetPortDir1
                0x000000000601c230                slGetPortDir2
                0x000000000601c238                slSetPortDir1
                0x000000000601c262                slSetPortDir2
                0x000000000601c29c                slGetPortData1
                0x000000000601c2a4                slGetPortData2
                0x000000000601c2ac                slSetPortData1
                0x000000000601c2b6                slSetPortData2
                0x000000000601c2c8                slGetPortSelect1
                0x000000000601c2d2                slGetPortSelect2
                0x000000000601c2dc                slSetPortSelect1
                0x000000000601c310                slSetPortSelect2
                0x000000000601c34c                slGetPortExt1
                0x000000000601c356                slGetPortExt2
                0x000000000601c360                slSetPortExt1
                0x000000000601c390                slSetPortExt2
                0x000000000601c504                slSmpcDirectAccess
                0x000000000601c584                slInitPeripheral
                0x000000000601c616                slSetResultBuffer
                0x000000000601c6a2                slCheckIntBackSet
                0x000000000601c6ae                slIntBackCancel
                0x000000000601c6d8                slCheckReset
                0x000000000601c6e2                slClearReset
                0x000000000601c8a8                slSmpcCashSend
                0x000000000601c964                slSmpcCashBlow
                0x000000000601ca40                slGetOptimize
                0x000000000601ca4a                slSetOptimize
                0x000000000601ca70                slGetPortMode1
                0x000000000601ca7c                slGetPortMode2
                0x000000000601ca8a                slSetPortMode1
                0x000000000601cac8                slSetPortMode2
                0x000000000601cc54                slRequestCommand
                0x000000000601ccc4                Smpc_Status
                0x000000000601ccc8                Smpc_Result
                0x000000000601cccc                Smpc_Peripheral
                0x000000000601ccd2                Per_Connect1
                0x000000000601ccd3                Per_Connect2
                0x000000000601ccf4                SmpcStatusBuf
 *fill*         0x000000000601d1d8        0x8 
 SLPROG         0x000000000601d1e0       0xa8 ../../Compiler/SGL_302j/LIB_COFF/LIBSGL.A(sglH01.o)
                0x000000000601d1e0                slGetLanguage
                0x000000000601d1ea                slSetLanguage
                0x000000000601d20c                slGetSoundEffect
                0x000000000601d218                slSetSoundEffect
                0x000000000601d234                slGetSoundOutput
                0x000000000601d240                slSetSoundOutput
                0x000000000601d25c                slGetHelpWindow
                0x000000000601d268                slSetHelpWindow
 *fill*         0x000000000601d288        0x8 
 SLPROG         0x000000000601d290      0x470 ../../Compiler/SGL_302j/LIB_COFF/LIBSGL.A(sglH02.o)
                0x000000000601d680                smpc_pfr_tbl
                0x000000000601d6c0                smpc_ptf_tbl
 SLPROG         0x000000000601d700       0x60 ../../Compiler/SGL_302j/LIB_COFF/LIBSGL.A(sglH04.o)
                0x000000000601d700                slComPrmIntBack
                0x000000000601d714                slComPrmSetMemory
                0x000000000601d72a                slComPrmSetTime
 SLPROG         0x000000000601d760      0x3a4 ../../Compiler/SGL_302j/LIB_COFF/LIBSGL.A(sglI01.o)
                0x000000000601d760                slInitSynch
                0x000000000601d77a                slSynch
                0x000000000601d870                slRandom
                0x000000000601d88e                PCM_EndCheck
                0x000000000601d94a                RetPCMBuf
                0x000000000601d9e4                PCM_Buf
                0x000000000601da84                Sound_Buf
 *fill*         0x000000000601db04        0xc 
 SLPROG         0x000000000601db10       0x74 ../../Compiler/SGL_302j/LIB_COFF/LIBSGL.A(sglJ00.o)
                0x000000000601db10                InitSlaveSH
                0x000000000601db78                SlaveCommand
 *fill*         0x000000000601db84        0xc 
 SLPROG         0x000000000601db90      0x3d0 ../../Compiler/SGL_302j/LIB_COFF/LIBSGL.A(sglJ01.o)
                0x000000000601db90                SlaveControl
                0x000000000601df4c                ErasePolygonData
 SLPROG         0x000000000601df60     0x12b8 ../../Compiler/SGL_302j/LIB_COFF/LIBSGL.A(sglJ02.o)
                0x000000000601df60                sbMakePolygon
                0x000000000601e148                sbCalcPolygon
                0x000000000601ee80                SetTexture
                0x000000000601ee8c                SetPolygon
                0x000000000601ee94                SetPosition
                0x000000000601eecc                stvtc_4
                0x000000000601ef84                stvtc_3
                0x000000000601f194                stvtc_1
                0x000000000601f1a8                stvtc_2
                0x000000000601f1bc                stvtc_0
 *fill*         0x000000000601f218        0x8 
 SLPROG         0x000000000601f220      0x140 ../../Compiler/SGL_302j/LIB_COFF/LIBSGL.A(sglJ03.o)
                0x000000000601f220                sbMakeDMATable
 SLPROG         0x000000000601f360      0x470 ../../Compiler/SGL_302j/LIB_COFF/LIBSGL.A(sglJ04.o)
                0x000000000601f3be                sbMakeSprite
                0x000000000601f424                sbMakeRotSprite
 SLPROG         0x000000000601f7d0       0x3c ../../Compiler/SGL_302j/LIB_COFF/LIBSGL.A(sglJ05.o)
                0x000000000601f7d0                sbSortEntry
 *fill*         0x000000000601f80c        0x4 
 SLPROG         0x000000000601f810       0x6a ../../Compiler/SGL_302j/LIB_COFF/LIBSGL.A(sglM01.o)
                0x000000000601f810                slSetDepthLimit
                0x000000000601f83c                slSetDepthTbl
                0x000000000601f86c                DepthWorkArea
 *fill*         0x000000000601f87a        0x6 
 SLPROG         0x000000000601f880       0x20 ../../Compiler/SGL_302j/LIB_COFF/LIBSGL.A(sglA00.o)
                0x000000000601f880                set_imask
                0x000000000601f880                _builtin_set_imask
                0x000000000601f894                get_imask
                0x000000000601f894                _builtin_get_imask
 SLPROG         0x000000000601f8a0     0x411e ../../Compiler/SGL_302j/LIB_COFF/LIBSGL.A(sglA01.o)
                0x000000000601f8a0                slSin
                0x000000000601f8c4                slCos
                0x000000000601f8e8                GetSinCos
                0x000000000601f97c                sin_cos_index_tbl
                0x000000000601f9bc                sin_tbl
 *fill*         0x00000000060239be        0x2 
 SLPROG         0x00000000060239c0      0xbd0 ../../Compiler/SGL_302j/LIB_COFF/LIBSGL.A(sglB000.o)
                0x00000000060239c0                slInitScroll
                0x0000000006023ae0                setASC_1to8
                0x0000000006023b10                setASC_4to8
                0x0000000006023c20                TVSizeTbl
                0x0000000006023ca0                TVModeTbl
                0x0000000006023e78                SGL_ASCII_CG
 SLPROG         0x0000000006024590       0xd4 ../../Compiler/SGL_302j/LIB_COFF/LIBSGL.A(sglB035.o)
                0x0000000006024590                sl1MapRA
                0x0000000006024622                rbank_set
 *fill*         0x0000000006024664        0xc 
 SLPROG         0x0000000006024670      0x134 ../../Compiler/SGL_302j/LIB_COFF/LIBSGL.A(sglC00.o)
                0x0000000006024670                slInitSprite
 *fill*         0x00000000060247a4        0xc 
 SLPROG         0x00000000060247b0      0x75c ../../Compiler/SGL_302j/LIB_COFF/LIBSGL.A(sglI00.o)
                0x0000000006024aa0                slInitInterrupt
 *fill*         0x0000000006024f0c        0x4 
 SLPROG         0x0000000006024f10       0xf0 ../../Compiler/SGL_302j/LIB_COFF/LIBSGL.A(sglH03.o)
                0x0000000006024f74                slSmpcIntBack
                0x0000000006025000                __slprog_end = .

.tors           0x0000000006025000        0x0
                0x0000000006025000                ___ctors = .
 *(.ctors)
                0x0000000006025000                ___ctors_end = .
                0x0000000006025000                ___dtors = .
 *(.dtors)
                0x0000000006025000                ___dtors_end = .

.data           0x0000000006025000      0x634
 *(.data)
 .data          0x0000000006025000        0x0 ../../Compiler/SGL_302j/LIB_COFF/SGLAREA.O
 .data          0x0000000006025000       0x1c /tmp/cceyhZiT.ltrans0.ltrans.o
 *fill*         0x000000000602501c        0x4 
 .data          0x0000000006025020        0x0 ../../Compiler/SGL_302j/LIB_COFF/SEGA_SYS.A(sys_exit.o)
 .data          0x0000000006025020        0x0 ../../Compiler/SGL_302j/LIB_COFF/SEGA_SYS.A(sys_sub.o)
 .data          0x0000000006025020        0x0 ../../Compiler/SGL_302j/LIB_COFF/LIBCD.A(CDC_CMN.O)
 .data          0x0000000006025020        0x0 ../../Compiler/SGL_302j/LIB_COFF/LIBCD.A(CDC_CFS.O)
 .data          0x0000000006025020        0x0 ../../Compiler/SGL_302j/LIB_COFF/LIBCD.A(CDC_REG.O)
 .data          0x0000000006025020        0x0 ../../Compiler/SGL_302j/LIB_COFF/LIBCD.A(CDC_SUB.O)
 .data          0x0000000006025020        0x0 ../../Compiler/SGL_302j/LIB_COFF/LIBCD.A(GFS.O)
 .data          0x0000000006025020        0x0 ../../Compiler/SGL_302j/LIB_COFF/LIBCD.A(GFS_BUF.O)
 .data          0x0000000006025020        0x0 ../../Compiler/SGL_302j/LIB_COFF/LIBCD.A(GFS_CDB.O)
 .data          0x0000000006025020        0x0 ../../Compiler/SGL_302j/LIB_COFF/LIBCD.A(GFS_CDC.O)
 .data          0x0000000006025020        0x0 ../../Compiler/SGL_302j/LIB_COFF/LIBCD.A(GFS_CDF.O)
 .data          0x0000000006025020        0x0 ../../Compiler/SGL_302j/LIB_COFF/LIBCD.A(GFS_DIR.O)
 .data          0x0000000006025020        0x0 ../../Compiler/SGL_302j/LIB_COFF/LIBCD.A(GFS_TRN.O)
 .data          0x0000000006025020        0x0 ../../Compiler/SGL_302j/LIB_COFF/LIBCD.A(CDC_DRV.O)
 .data          0x0000000006025020        0x0 ../../Compiler/SGL_302j/LIB_COFF/LIBCD.A(CDC_DEV.O)
 .data          0x0000000006025020        0x0 ../../Compiler/SGL_302j/LIB_COFF/LIBCD.A(CDC_SEL.O)
 .data          0x0000000006025020        0x0 ../../Compiler/SGL_302j/LIB_COFF/LIBCD.A(CDC_BIF.O)
 .data          0x0000000006025020        0x0 ../../Compiler/SGL_302j/LIB_COFF/LIBCD.A(CDC_BIO.O)
 .data          0x0000000006025020        0x0 ../../Compiler/SGL_302j/LIB_COFF/LIBSGL.A(sglA15.o)
 .data          0x0000000006025020        0x0 ../../Compiler/SGL_302j/LIB_COFF/LIBSGL.A(sglA20.o)
 .data          0x0000000006025020        0x0 ../../Compiler/SGL_302j/LIB_COFF/LIBSGL.A(sglA21.o)
 .data          0x0000000006025020        0x0 ../../Compiler/SGL_302j/LIB_COFF/LIBSGL.A(sglA27.o)
 .data          0x0000000006025020        0x0 ../../Compiler/SGL_302j/LIB_COFF/LIBSGL.A(sglB001.o)
 .data          0x0000000006025020        0x0 ../../Compiler/SGL_302j/LIB_COFF/LIBSGL.A(sglB011.o)
 .data          0x0000000006025020        0x0 ../../Compiler/SGL_302j/LIB_COFF/LIBSGL.A(sglB015.o)
 .data          0x0000000006025020        0x0 ../../Compiler/SGL_302j/LIB_COFF/LIBSGL.A(sglB016.o)
 .data          0x0000000006025020        0x0 ../../Compiler/SGL_302j/LIB_COFF/LIBSGL.A(sglB032.o)
 .data          0x0000000006025020        0x0 ../../Compiler/SGL_302j/LIB_COFF/LIBSGL.A(sglB053.o)
 .data          0x0000000006025020        0x0 ../../Compiler/SGL_302j/LIB_COFF/LIBSGL.A(sglB056.o)
 .data          0x0000000006025020        0x0 ../../Compiler/SGL_302j/LIB_COFF/LIBSGL.A(sglB063.o)
 .data          0x0000000006025020        0x0 ../../Compiler/SGL_302j/LIB_COFF/LIBSGL.A(sglB200.o)
 .data          0x0000000006025020        0x0 ../../Compiler/SGL_302j/LIB_COFF/LIBSGL.A(sglC05.o)
 .data          0x0000000006025020        0x0 ../../Compiler/SGL_302j/LIB_COFF/LIBSGL.A(sglC06.o)
 .data          0x0000000006025020        0x0 ../../Compiler/SGL_302j/LIB_COFF/LIBSGL.A(sglC07.o)
 .data          0x0000000006025020        0x0 ../../Compiler/SGL_302j/LIB_COFF/LIBSGL.A(sglC08.o)
 .data          0x0000000006025020        0x0 ../../Compiler/SGL_302j/LIB_COFF/LIBSGL.A(sglC20.o)
 .data          0x0000000006025020        0x0 ../../Compiler/SGL_302j/LIB_COFF/LIBSGL.A(sglD00.o)
 .data          0x0000000006025020        0x0 ../../Compiler/SGL_302j/LIB_COFF/LIBSGL.A(sglD01.o)
 .data          0x0000000006025020        0x0 ../../Compiler/SGL_302j/LIB_COFF/LIBSGL.A(sglD03.o)
 .data          0x0000000006025020        0x0 ../../Compiler/SGL_302j/LIB_COFF/LIBSGL.A(sglD15.o)
 .data          0x0000000006025020        0x0 ../../Compiler/SGL_302j/LIB_COFF/LIBSGL.A(sglD16.o)
 .data          0x0000000006025020        0x0 ../../Compiler/SGL_302j/LIB_COFF/LIBSGL.A(sglD17.o)
 .data          0x0000000006025020        0x0 ../../Compiler/SGL_302j/LIB_COFF/LIBSGL.A(sglD18.o)
 .data          0x0000000006025020        0x0 ../../Compiler/SGL_302j/LIB_COFF/LIBSGL.A(sglF00.o)
 .data          0x0000000006025020        0x0 ../../Compiler/SGL_302j/LIB_COFF/LIBSGL.A(sglF05.o)
 .data          0x0000000006025020        0x0 ../../Compiler/SGL_302j/LIB_COFF/LIBSGL.A(sglH00.o)
 .data          0x0000000006025020        0x0 ../../Compiler/SGL_302j/LIB_COFF/LIBSGL.A(sglH01.o)
 .data          0x0000000006025020        0x0 ../../Compiler/SGL_302j/LIB_COFF/LIBSGL.A(sglH02.o)
 .data          0x0000000006025020        0x0 ../../Compiler/SGL_302j/LIB_COFF/LIBSGL.A(sglH04.o)
 .data          0x0000000006025020        0x0 ../../Compiler/SGL_302j/LIB_COFF/LIBSGL.A(sglI01.o)
 .data          0x0000000006025020       0x80 ../../Compiler/SGL_302j/LIB_COFF/LIBSGL.A(sglIc0.o)
                0x0000000006025020                IntPrioMask
 .data          0x00000000060250a0        0x0 ../../Compiler/SGL_302j/LIB_COFF/LIBSGL.A(sglJ00.o)
 .data          0x00000000060250a0        0x0 ../../Compiler/SGL_302j/LIB_COFF/LIBSGL.A(sglJ01.o)
 .data          0x00000000060250a0        0x0 ../../Compiler/SGL_302j/LIB_COFF/LIBSGL.A(sglJ02.o)
 .data          0x00000000060250a0        0x0 ../../Compiler/SGL_302j/LIB_COFF/LIBSGL.A(sglJ03.o)
 .data          0x00000000060250a0        0x0 ../../Compiler/SGL_302j/LIB_COFF/LIBSGL.A(sglJ04.o)
 .data          0x00000000060250a0        0x0 ../../Compiler/SGL_302j/LIB_COFF/LIBSGL.A(sglJ05.o)
 .data          0x00000000060250a0        0x0 ../../Compiler/SGL_302j/LIB_COFF/LIBSGL.A(sglK01.o)
 .data          0x00000000060250a0        0x0 ../../Compiler/SGL_302j/LIB_COFF/LIBSGL.A(sglM01.o)
 .data          0x00000000060250a0        0x0 ../../Compiler/SGL_302j/LIB_COFF/LIBSGL.A(sglA00.o)
 .data          0x00000000060250a0        0x0 ../../Compiler/SGL_302j/LIB_COFF/LIBSGL.A(sglA01.o)
 .data          0x00000000060250a0        0x0 ../../Compiler/SGL_302j/LIB_COFF/LIBSGL.A(sglB000.o)
 .data          0x00000000060250a0        0x0 ../../Compiler/SGL_302j/LIB_COFF/LIBSGL.A(sglB035.o)
 .data          0x00000000060250a0        0x0 ../../Compiler/SGL_302j/LIB_COFF/LIBSGL.A(sglC00.o)
 .data          0x00000000060250a0        0x0 ../../Compiler/SGL_302j/LIB_COFF/LIBSGL.A(sglI00.o)
 .data          0x00000000060250a0        0x0 ../../Compiler/SGL_302j/LIB_COFF/LIBSGL.A(sglH03.o)
 .data          0x00000000060250a0        0x0 /home/sansigolo/Documents/joengine/Compiler/SH_NONE_ELF/bin/../lib/gcc/sh-none-elf/8.2.0/libgcc.a(_ashiftrt.o)
 .data          0x00000000060250a0        0x0 /home/sansigolo/Documents/joengine/Compiler/SH_NONE_ELF/bin/../lib/gcc/sh-none-elf/8.2.0/libgcc.a(_sdivsi3.o)
 .data          0x00000000060250a0        0x0 /home/sansigolo/Documents/joengine/Compiler/SH_NONE_ELF/bin/../lib/gcc/sh-none-elf/8.2.0/libgcc.a(_udivsi3.o)
 .data          0x00000000060250a0        0x0 /home/sansigolo/Documents/joengine/Compiler/SH_NONE_ELF/bin/../lib/gcc/sh-none-elf/8.2.0/libgcc.a(_mul_sf.o)
 .data          0x00000000060250a0        0x0 /home/sansigolo/Documents/joengine/Compiler/SH_NONE_ELF/bin/../lib/gcc/sh-none-elf/8.2.0/libgcc.a(_div_sf.o)
 .data          0x00000000060250a0        0x0 /home/sansigolo/Documents/joengine/Compiler/SH_NONE_ELF/bin/../lib/gcc/sh-none-elf/8.2.0/libgcc.a(_si_to_sf.o)
 .data          0x00000000060250a0        0x0 /home/sansigolo/Documents/joengine/Compiler/SH_NONE_ELF/bin/../lib/gcc/sh-none-elf/8.2.0/libgcc.a(_sf_to_si.o)
 .data          0x00000000060250a0        0x0 /home/sansigolo/Documents/joengine/Compiler/SH_NONE_ELF/bin/../lib/gcc/sh-none-elf/8.2.0/libgcc.a(_thenan_sf.o)
 .data          0x00000000060250a0        0x0 /home/sansigolo/Documents/joengine/Compiler/SH_NONE_ELF/bin/../lib/gcc/sh-none-elf/8.2.0/libgcc.a(_usi_to_sf.o)
 .data          0x00000000060250a0        0x0 /home/sansigolo/Documents/joengine/Compiler/SH_NONE_ELF/bin/../lib/gcc/sh-none-elf/8.2.0/libgcc.a(_pack_sf.o)
 .data          0x00000000060250a0        0x0 /home/sansigolo/Documents/joengine/Compiler/SH_NONE_ELF/bin/../lib/gcc/sh-none-elf/8.2.0/libgcc.a(_unpack_sf.o)
 .data          0x00000000060250a0        0x0 /home/sansigolo/Documents/joengine/Compiler/SH_NONE_ELF/bin/../lib/gcc/sh-none-elf/8.2.0/../../../../sh-none-elf/lib/libc.a(lib_a-memcmp.o)
 .data          0x00000000060250a0        0x0 /home/sansigolo/Documents/joengine/Compiler/SH_NONE_ELF/bin/../lib/gcc/sh-none-elf/8.2.0/../../../../sh-none-elf/lib/libc.a(lib_a-memcpy.o)
 .data          0x00000000060250a0        0x0 /home/sansigolo/Documents/joengine/Compiler/SH_NONE_ELF/bin/../lib/gcc/sh-none-elf/8.2.0/../../../../sh-none-elf/lib/libc.a(lib_a-memset.o)
 .data          0x00000000060250a0        0x0 /home/sansigolo/Documents/joengine/Compiler/SH_NONE_ELF/bin/../lib/gcc/sh-none-elf/8.2.0/../../../../sh-none-elf/lib/libc.a(lib_a-sprintf.o)
 .data          0x00000000060250a0        0x0 /home/sansigolo/Documents/joengine/Compiler/SH_NONE_ELF/bin/../lib/gcc/sh-none-elf/8.2.0/../../../../sh-none-elf/lib/libc.a(lib_a-strncmp.o)
 .data          0x00000000060250a0        0x0 /home/sansigolo/Documents/joengine/Compiler/SH_NONE_ELF/bin/../lib/gcc/sh-none-elf/8.2.0/../../../../sh-none-elf/lib/libc.a(lib_a-strncpy.o)
 .data          0x00000000060250a0        0x0 /home/sansigolo/Documents/joengine/Compiler/SH_NONE_ELF/bin/../lib/gcc/sh-none-elf/8.2.0/../../../../sh-none-elf/lib/libc.a(lib_a-svfprintf.o)
 .data          0x00000000060250a0        0x0 /home/sansigolo/Documents/joengine/Compiler/SH_NONE_ELF/bin/../lib/gcc/sh-none-elf/8.2.0/../../../../sh-none-elf/lib/libc.a(lib_a-dtoa.o)
 .data          0x00000000060250a0      0x428 /home/sansigolo/Documents/joengine/Compiler/SH_NONE_ELF/bin/../lib/gcc/sh-none-elf/8.2.0/../../../../sh-none-elf/lib/libc.a(lib_a-impure.o)
                0x00000000060250a0                _impure_ptr
 .data          0x00000000060254c8        0x0 /home/sansigolo/Documents/joengine/Compiler/SH_NONE_ELF/bin/../lib/gcc/sh-none-elf/8.2.0/../../../../sh-none-elf/lib/libc.a(lib_a-localeconv.o)
 .data          0x00000000060254c8      0x16c /home/sansigolo/Documents/joengine/Compiler/SH_NONE_ELF/bin/../lib/gcc/sh-none-elf/8.2.0/../../../../sh-none-elf/lib/libc.a(lib_a-locale.o)
                0x00000000060254c8                __global_locale
 .data          0x0000000006025634        0x0 /home/sansigolo/Documents/joengine/Compiler/SH_NONE_ELF/bin/../lib/gcc/sh-none-elf/8.2.0/../../../../sh-none-elf/lib/libc.a(lib_a-mbtowc_r.o)
 .data          0x0000000006025634        0x0 /home/sansigolo/Documents/joengine/Compiler/SH_NONE_ELF/bin/../lib/gcc/sh-none-elf/8.2.0/../../../../sh-none-elf/lib/libc.a(lib_a-memchr.o)
 .data          0x0000000006025634        0x0 /home/sansigolo/Documents/joengine/Compiler/SH_NONE_ELF/bin/../lib/gcc/sh-none-elf/8.2.0/../../../../sh-none-elf/lib/libc.a(lib_a-mprec.o)
 .data          0x0000000006025634        0x0 /home/sansigolo/Documents/joengine/Compiler/SH_NONE_ELF/bin/../lib/gcc/sh-none-elf/8.2.0/../../../../sh-none-elf/lib/libc.a(lib_a-nano-callocr.o)
 .data          0x0000000006025634        0x0 /home/sansigolo/Documents/joengine/Compiler/SH_NONE_ELF/bin/../lib/gcc/sh-none-elf/8.2.0/../../../../sh-none-elf/lib/libc.a(lib_a-nano-mallocr.o)
 .data          0x0000000006025634        0x0 /home/sansigolo/Documents/joengine/Compiler/SH_NONE_ELF/bin/../lib/gcc/sh-none-elf/8.2.0/../../../../sh-none-elf/lib/libc.a(lib_a-sbrkr.o)
 .data          0x0000000006025634        0x0 /home/sansigolo/Documents/joengine/Compiler/SH_NONE_ELF/bin/../lib/gcc/sh-none-elf/8.2.0/../../../../sh-none-elf/lib/libc.a(lib_a-strcmp.o)
 .data          0x0000000006025634        0x0 /home/sansigolo/Documents/joengine/Compiler/SH_NONE_ELF/bin/../lib/gcc/sh-none-elf/8.2.0/../../../../sh-none-elf/lib/libc.a(lib_a-strlen.o)
 .data          0x0000000006025634        0x0 /home/sansigolo/Documents/joengine/Compiler/SH_NONE_ELF/bin/../lib/gcc/sh-none-elf/8.2.0/../../../../sh-none-elf/lib/libc.a(lib_a-svfiprintf.o)
 .data          0x0000000006025634        0x0 /home/sansigolo/Documents/joengine/Compiler/SH_NONE_ELF/bin/../lib/gcc/sh-none-elf/8.2.0/../../../../sh-none-elf/lib/libc.a(lib_a-syscalls.o)
 .data          0x0000000006025634        0x0 /home/sansigolo/Documents/joengine/Compiler/SH_NONE_ELF/bin/../lib/gcc/sh-none-elf/8.2.0/../../../../sh-none-elf/lib/libc.a(lib_a-trap.o)
 .data          0x0000000006025634        0x0 /home/sansigolo/Documents/joengine/Compiler/SH_NONE_ELF/bin/../lib/gcc/sh-none-elf/8.2.0/../../../../sh-none-elf/lib/libc.a(lib_a-wctomb_r.o)
 .data          0x0000000006025634        0x0 /home/sansigolo/Documents/joengine/Compiler/SH_NONE_ELF/bin/../lib/gcc/sh-none-elf/8.2.0/../../../../sh-none-elf/lib/libc.a(lib_a-abort.o)
 .data          0x0000000006025634        0x0 /home/sansigolo/Documents/joengine/Compiler/SH_NONE_ELF/bin/../lib/gcc/sh-none-elf/8.2.0/../../../../sh-none-elf/lib/libc.a(lib_a-ctype_.o)
 .data          0x0000000006025634        0x0 /home/sansigolo/Documents/joengine/Compiler/SH_NONE_ELF/bin/../lib/gcc/sh-none-elf/8.2.0/../../../../sh-none-elf/lib/libc.a(lib_a-memmove.o)
 .data          0x0000000006025634        0x0 /home/sansigolo/Documents/joengine/Compiler/SH_NONE_ELF/bin/../lib/gcc/sh-none-elf/8.2.0/../../../../sh-none-elf/lib/libc.a(lib_a-mlock.o)
 .data          0x0000000006025634        0x0 /home/sansigolo/Documents/joengine/Compiler/SH_NONE_ELF/bin/../lib/gcc/sh-none-elf/8.2.0/../../../../sh-none-elf/lib/libc.a(lib_a-nano-freer.o)
 .data          0x0000000006025634        0x0 /home/sansigolo/Documents/joengine/Compiler/SH_NONE_ELF/bin/../lib/gcc/sh-none-elf/8.2.0/../../../../sh-none-elf/lib/libc.a(lib_a-nano-reallocr.o)
 .data          0x0000000006025634        0x0 /home/sansigolo/Documents/joengine/Compiler/SH_NONE_ELF/bin/../lib/gcc/sh-none-elf/8.2.0/../../../../sh-none-elf/lib/libc.a(lib_a-signal.o)
 .data          0x0000000006025634        0x0 /home/sansigolo/Documents/joengine/Compiler/SH_NONE_ELF/bin/../lib/gcc/sh-none-elf/8.2.0/../../../../sh-none-elf/lib/libc.a(lib_a-signalr.o)
 .data          0x0000000006025634        0x0 /home/sansigolo/Documents/joengine/Compiler/SH_NONE_ELF/bin/../lib/gcc/sh-none-elf/8.2.0/../../../../sh-none-elf/lib/libc.a(lib_a-nano-msizer.o)
 .data          0x0000000006025634        0x0 /home/sansigolo/Documents/joengine/Compiler/SH_NONE_ELF/bin/../lib/gcc/sh-none-elf/8.2.0/libgcc.a(_ashiftrt_n.o)
 .data          0x0000000006025634        0x0 /home/sansigolo/Documents/joengine/Compiler/SH_NONE_ELF/bin/../lib/gcc/sh-none-elf/8.2.0/libgcc.a(_ashiftlt.o)
 .data          0x0000000006025634        0x0 /home/sansigolo/Documents/joengine/Compiler/SH_NONE_ELF/bin/../lib/gcc/sh-none-elf/8.2.0/libgcc.a(_lshiftrt.o)
 .data          0x0000000006025634        0x0 /home/sansigolo/Documents/joengine/Compiler/SH_NONE_ELF/bin/../lib/gcc/sh-none-elf/8.2.0/libgcc.a(_udivdi3.o)
 .data          0x0000000006025634        0x0 /home/sansigolo/Documents/joengine/Compiler/SH_NONE_ELF/bin/../lib/gcc/sh-none-elf/8.2.0/libgcc.a(_umoddi3.o)
 .data          0x0000000006025634        0x0 /home/sansigolo/Documents/joengine/Compiler/SH_NONE_ELF/bin/../lib/gcc/sh-none-elf/8.2.0/libgcc.a(_addsub_df.o)
 .data          0x0000000006025634        0x0 /home/sansigolo/Documents/joengine/Compiler/SH_NONE_ELF/bin/../lib/gcc/sh-none-elf/8.2.0/libgcc.a(_mul_df.o)
 .data          0x0000000006025634        0x0 /home/sansigolo/Documents/joengine/Compiler/SH_NONE_ELF/bin/../lib/gcc/sh-none-elf/8.2.0/libgcc.a(_div_df.o)
 .data          0x0000000006025634        0x0 /home/sansigolo/Documents/joengine/Compiler/SH_NONE_ELF/bin/../lib/gcc/sh-none-elf/8.2.0/libgcc.a(_eq_df.o)
 .data          0x0000000006025634        0x0 /home/sansigolo/Documents/joengine/Compiler/SH_NONE_ELF/bin/../lib/gcc/sh-none-elf/8.2.0/libgcc.a(_ne_df.o)
 .data          0x0000000006025634        0x0 /home/sansigolo/Documents/joengine/Compiler/SH_NONE_ELF/bin/../lib/gcc/sh-none-elf/8.2.0/libgcc.a(_gt_df.o)
 .data          0x0000000006025634        0x0 /home/sansigolo/Documents/joengine/Compiler/SH_NONE_ELF/bin/../lib/gcc/sh-none-elf/8.2.0/libgcc.a(_ge_df.o)
 .data          0x0000000006025634        0x0 /home/sansigolo/Documents/joengine/Compiler/SH_NONE_ELF/bin/../lib/gcc/sh-none-elf/8.2.0/libgcc.a(_lt_df.o)
 .data          0x0000000006025634        0x0 /home/sansigolo/Documents/joengine/Compiler/SH_NONE_ELF/bin/../lib/gcc/sh-none-elf/8.2.0/libgcc.a(_le_df.o)
 .data          0x0000000006025634        0x0 /home/sansigolo/Documents/joengine/Compiler/SH_NONE_ELF/bin/../lib/gcc/sh-none-elf/8.2.0/libgcc.a(_unord_df.o)
 .data          0x0000000006025634        0x0 /home/sansigolo/Documents/joengine/Compiler/SH_NONE_ELF/bin/../lib/gcc/sh-none-elf/8.2.0/libgcc.a(_si_to_df.o)
 .data          0x0000000006025634        0x0 /home/sansigolo/Documents/joengine/Compiler/SH_NONE_ELF/bin/../lib/gcc/sh-none-elf/8.2.0/libgcc.a(_df_to_si.o)
 .data          0x0000000006025634        0x0 /home/sansigolo/Documents/joengine/Compiler/SH_NONE_ELF/bin/../lib/gcc/sh-none-elf/8.2.0/libgcc.a(_thenan_df.o)
 .data          0x0000000006025634        0x0 /home/sansigolo/Documents/joengine/Compiler/SH_NONE_ELF/bin/../lib/gcc/sh-none-elf/8.2.0/libgcc.a(_usi_to_df.o)
 .data          0x0000000006025634        0x0 /home/sansigolo/Documents/joengine/Compiler/SH_NONE_ELF/bin/../lib/gcc/sh-none-elf/8.2.0/libgcc.a(_udiv_qrnnd_16.o)
 .data          0x0000000006025634        0x0 /home/sansigolo/Documents/joengine/Compiler/SH_NONE_ELF/bin/../lib/gcc/sh-none-elf/8.2.0/libgcc.a(_clz.o)
 .data          0x0000000006025634        0x0 /home/sansigolo/Documents/joengine/Compiler/SH_NONE_ELF/bin/../lib/gcc/sh-none-elf/8.2.0/libgcc.a(_clzsi2.o)
 .data          0x0000000006025634        0x0 /home/sansigolo/Documents/joengine/Compiler/SH_NONE_ELF/bin/../lib/gcc/sh-none-elf/8.2.0/libgcc.a(_pack_df.o)
 .data          0x0000000006025634        0x0 /home/sansigolo/Documents/joengine/Compiler/SH_NONE_ELF/bin/../lib/gcc/sh-none-elf/8.2.0/libgcc.a(_unpack_df.o)
 .data          0x0000000006025634        0x0 /home/sansigolo/Documents/joengine/Compiler/SH_NONE_ELF/bin/../lib/gcc/sh-none-elf/8.2.0/libgcc.a(_fpcmp_parts_df.o)
                0x0000000006025634                __edata = .

.bss            0x0000000006025640    0x8371c
                0x0000000006025640                __bstart = .
 *(.bss)
 .bss           0x0000000006025640        0x0 ../../Compiler/SGL_302j/LIB_COFF/SGLAREA.O
 .bss           0x0000000006025640    0x83694 /tmp/cceyhZiT.ltrans0.ltrans.o
 *fill*         0x00000000060a8cd4        0xc 
 .bss           0x00000000060a8ce0        0x4 ../../Compiler/SGL_302j/LIB_COFF/SEGA_SYS.A(sys_exit.o)
 *fill*         0x00000000060a8ce4        0xc 
 .bss           0x00000000060a8cf0        0x0 ../../Compiler/SGL_302j/LIB_COFF/SEGA_SYS.A(sys_sub.o)
 .bss           0x00000000060a8cf0        0x0 ../../Compiler/SGL_302j/LIB_COFF/LIBCD.A(CDC_CMN.O)
 .bss           0x00000000060a8cf0        0x0 ../../Compiler/SGL_302j/LIB_COFF/LIBCD.A(CDC_CFS.O)
 .bss           0x00000000060a8cf0        0x2 ../../Compiler/SGL_302j/LIB_COFF/LIBCD.A(CDC_REG.O)
 *fill*         0x00000000060a8cf2        0xe 
 .bss           0x00000000060a8d00        0xc ../../Compiler/SGL_302j/LIB_COFF/LIBCD.A(CDC_SUB.O)
 *fill*         0x00000000060a8d0c        0x4 
 .bss           0x00000000060a8d10        0x0 ../../Compiler/SGL_302j/LIB_COFF/LIBCD.A(GFS.O)
 .bss           0x00000000060a8d10        0x0 ../../Compiler/SGL_302j/LIB_COFF/LIBCD.A(GFS_BUF.O)
 .bss           0x00000000060a8d10        0x0 ../../Compiler/SGL_302j/LIB_COFF/LIBCD.A(GFS_CDB.O)
 .bss           0x00000000060a8d10        0x0 ../../Compiler/SGL_302j/LIB_COFF/LIBCD.A(GFS_CDC.O)
 .bss           0x00000000060a8d10        0x0 ../../Compiler/SGL_302j/LIB_COFF/LIBCD.A(GFS_CDF.O)
 .bss           0x00000000060a8d10        0x0 ../../Compiler/SGL_302j/LIB_COFF/LIBCD.A(GFS_DIR.O)
 .bss           0x00000000060a8d10        0xc ../../Compiler/SGL_302j/LIB_COFF/LIBCD.A(GFS_TRN.O)
 *fill*         0x00000000060a8d1c        0x4 
 .bss           0x00000000060a8d20        0x0 ../../Compiler/SGL_302j/LIB_COFF/LIBCD.A(CDC_DRV.O)
 .bss           0x00000000060a8d20        0x0 ../../Compiler/SGL_302j/LIB_COFF/LIBCD.A(CDC_DEV.O)
 .bss           0x00000000060a8d20        0x0 ../../Compiler/SGL_302j/LIB_COFF/LIBCD.A(CDC_SEL.O)
 .bss           0x00000000060a8d20        0x0 ../../Compiler/SGL_302j/LIB_COFF/LIBCD.A(CDC_BIF.O)
 .bss           0x00000000060a8d20        0x0 ../../Compiler/SGL_302j/LIB_COFF/LIBCD.A(CDC_BIO.O)
 .bss           0x00000000060a8d20        0x0 ../../Compiler/SGL_302j/LIB_COFF/LIBSGL.A(sglA15.o)
 .bss           0x00000000060a8d20        0x0 ../../Compiler/SGL_302j/LIB_COFF/LIBSGL.A(sglA20.o)
 .bss           0x00000000060a8d20        0x0 ../../Compiler/SGL_302j/LIB_COFF/LIBSGL.A(sglA21.o)
 .bss           0x00000000060a8d20        0x0 ../../Compiler/SGL_302j/LIB_COFF/LIBSGL.A(sglA27.o)
 .bss           0x00000000060a8d20        0x0 ../../Compiler/SGL_302j/LIB_COFF/LIBSGL.A(sglB001.o)
 .bss           0x00000000060a8d20        0x0 ../../Compiler/SGL_302j/LIB_COFF/LIBSGL.A(sglB011.o)
 .bss           0x00000000060a8d20        0x0 ../../Compiler/SGL_302j/LIB_COFF/LIBSGL.A(sglB015.o)
 .bss           0x00000000060a8d20        0x0 ../../Compiler/SGL_302j/LIB_COFF/LIBSGL.A(sglB016.o)
 .bss           0x00000000060a8d20        0x0 ../../Compiler/SGL_302j/LIB_COFF/LIBSGL.A(sglB032.o)
 .bss           0x00000000060a8d20        0x0 ../../Compiler/SGL_302j/LIB_COFF/LIBSGL.A(sglB053.o)
 .bss           0x00000000060a8d20        0x0 ../../Compiler/SGL_302j/LIB_COFF/LIBSGL.A(sglB056.o)
 .bss           0x00000000060a8d20        0x0 ../../Compiler/SGL_302j/LIB_COFF/LIBSGL.A(sglB063.o)
 .bss           0x00000000060a8d20        0x0 ../../Compiler/SGL_302j/LIB_COFF/LIBSGL.A(sglB200.o)
 .bss           0x00000000060a8d20        0x0 ../../Compiler/SGL_302j/LIB_COFF/LIBSGL.A(sglC05.o)
 .bss           0x00000000060a8d20        0x0 ../../Compiler/SGL_302j/LIB_COFF/LIBSGL.A(sglC06.o)
 .bss           0x00000000060a8d20        0x0 ../../Compiler/SGL_302j/LIB_COFF/LIBSGL.A(sglC07.o)
 .bss           0x00000000060a8d20        0x0 ../../Compiler/SGL_302j/LIB_COFF/LIBSGL.A(sglC08.o)
 .bss           0x00000000060a8d20        0x0 ../../Compiler/SGL_302j/LIB_COFF/LIBSGL.A(sglC20.o)
 .bss           0x00000000060a8d20        0x0 ../../Compiler/SGL_302j/LIB_COFF/LIBSGL.A(sglD00.o)
 .bss           0x00000000060a8d20        0x0 ../../Compiler/SGL_302j/LIB_COFF/LIBSGL.A(sglD01.o)
 .bss           0x00000000060a8d20        0x0 ../../Compiler/SGL_302j/LIB_COFF/LIBSGL.A(sglD03.o)
 .bss           0x00000000060a8d20        0x0 ../../Compiler/SGL_302j/LIB_COFF/LIBSGL.A(sglD15.o)
 .bss           0x00000000060a8d20        0x0 ../../Compiler/SGL_302j/LIB_COFF/LIBSGL.A(sglD16.o)
 .bss           0x00000000060a8d20        0x0 ../../Compiler/SGL_302j/LIB_COFF/LIBSGL.A(sglD17.o)
 .bss           0x00000000060a8d20        0x0 ../../Compiler/SGL_302j/LIB_COFF/LIBSGL.A(sglD18.o)
 .bss           0x00000000060a8d20        0x0 ../../Compiler/SGL_302j/LIB_COFF/LIBSGL.A(sglF00.o)
 .bss           0x00000000060a8d20        0x0 ../../Compiler/SGL_302j/LIB_COFF/LIBSGL.A(sglF05.o)
 .bss           0x00000000060a8d20        0x0 ../../Compiler/SGL_302j/LIB_COFF/LIBSGL.A(sglH00.o)
 .bss           0x00000000060a8d20        0x0 ../../Compiler/SGL_302j/LIB_COFF/LIBSGL.A(sglH01.o)
 .bss           0x00000000060a8d20        0x0 ../../Compiler/SGL_302j/LIB_COFF/LIBSGL.A(sglH02.o)
 .bss           0x00000000060a8d20        0x0 ../../Compiler/SGL_302j/LIB_COFF/LIBSGL.A(sglH04.o)
 .bss           0x00000000060a8d20        0x0 ../../Compiler/SGL_302j/LIB_COFF/LIBSGL.A(sglI01.o)
 .bss           0x00000000060a8d20        0x0 ../../Compiler/SGL_302j/LIB_COFF/LIBSGL.A(sglIc0.o)
 .bss           0x00000000060a8d20        0x0 ../../Compiler/SGL_302j/LIB_COFF/LIBSGL.A(sglJ00.o)
 .bss           0x00000000060a8d20        0x0 ../../Compiler/SGL_302j/LIB_COFF/LIBSGL.A(sglJ01.o)
 .bss           0x00000000060a8d20        0x0 ../../Compiler/SGL_302j/LIB_COFF/LIBSGL.A(sglJ02.o)
 .bss           0x00000000060a8d20        0x0 ../../Compiler/SGL_302j/LIB_COFF/LIBSGL.A(sglJ03.o)
 .bss           0x00000000060a8d20        0x0 ../../Compiler/SGL_302j/LIB_COFF/LIBSGL.A(sglJ04.o)
 .bss           0x00000000060a8d20        0x0 ../../Compiler/SGL_302j/LIB_COFF/LIBSGL.A(sglJ05.o)
 .bss           0x00000000060a8d20        0x0 ../../Compiler/SGL_302j/LIB_COFF/LIBSGL.A(sglK01.o)
 .bss           0x00000000060a8d20        0x0 ../../Compiler/SGL_302j/LIB_COFF/LIBSGL.A(sglM01.o)
 .bss           0x00000000060a8d20        0x0 ../../Compiler/SGL_302j/LIB_COFF/LIBSGL.A(sglA00.o)
 .bss           0x00000000060a8d20        0x0 ../../Compiler/SGL_302j/LIB_COFF/LIBSGL.A(sglA01.o)