Archive member included to satisfy reference by file (symbol)

../../Compiler/SGL_302j/LIB_COFF/SEGA_SYS.A(sys_exit.o)
                              ../../jo_engine/core.o (symbol from plugin) (SYS_Exit)
../../Compiler/SGL_302j/LIB_COFF/SEGA_SYS.A(sys_sub.o)
                              ../../Compiler/SGL_302j/LIB_COFF/SEGA_SYS.A(sys_exit.o) (SYSUB_SetStackptr)
../../Compiler/SGL_302j/LIB_COFF/LIBCD.A(CDC_CMN.O)
                              ../../Compiler/SGL_302j/LIB_COFF/SEGA_SYS.A(sys_exit.o) (CDC_GetCurStat)
../../Compiler/SGL_302j/LIB_COFF/LIBCD.A(CDC_CFS.O)
                              ../../Compiler/SGL_302j/LIB_COFF/SEGA_SYS.A(sys_exit.o) (CDC_ChgDir)
../../Compiler/SGL_302j/LIB_COFF/LIBCD.A(CDC_REG.O)
                              ../../Compiler/SGL_302j/LIB_COFF/SEGA_SYS.A(sys_exit.o) (CDC_GetHirqReq)
../../Compiler/SGL_302j/LIB_COFF/LIBCD.A(CDC_SUB.O)
                              ../../Compiler/SGL_302j/LIB_COFF/LIBCD.A(CDC_CMN.O) (CDSUB_UpdStatus)
../../Compiler/SGL_302j/LIB_COFF/LIBCD.A(GFS.O)
                              ../../jo_engine/fs.o (symbol from plugin) (GFS_Init)
../../Compiler/SGL_302j/LIB_COFF/LIBCD.A(GFS_BUF.O)
                              ../../Compiler/SGL_302j/LIB_COFF/LIBCD.A(GFS.O) (GFBF_GetNumData)
../../Compiler/SGL_302j/LIB_COFF/LIBCD.A(GFS_CDB.O)
                              ../../Compiler/SGL_302j/LIB_COFF/LIBCD.A(GFS.O) (GFCB_Close)
../../Compiler/SGL_302j/LIB_COFF/LIBCD.A(GFS_CDC.O)
                              ../../Compiler/SGL_302j/LIB_COFF/LIBCD.A(GFS.O) (GFCD_SetCdbfs)
../../Compiler/SGL_302j/LIB_COFF/LIBCD.A(GFS_CDF.O)
                              ../../Compiler/SGL_302j/LIB_COFF/LIBCD.A(GFS.O) (GFCF_Init)
../../Compiler/SGL_302j/LIB_COFF/LIBCD.A(GFS_DIR.O)
                              ../../Compiler/SGL_302j/LIB_COFF/LIBCD.A(GFS.O) (GFDR_SetupDirTbl)
../../Compiler/SGL_302j/LIB_COFF/LIBCD.A(GFS_TRN.O)
                              ../../Compiler/SGL_302j/LIB_COFF/LIBCD.A(GFS.O) (GFTR_Setup)
../../Compiler/SGL_302j/LIB_COFF/LIBCD.A(CDC_DRV.O)
                              ../../Compiler/SGL_302j/LIB_COFF/LIBCD.A(GFS_CDC.O) (CDC_CdPlay)
../../Compiler/SGL_302j/LIB_COFF/LIBCD.A(CDC_DEV.O)
                              ../../Compiler/SGL_302j/LIB_COFF/LIBCD.A(GFS_CDC.O) (CDC_CdSetCon)
../../Compiler/SGL_302j/LIB_COFF/LIBCD.A(CDC_SEL.O)
                              ../../Compiler/SGL_302j/LIB_COFF/LIBCD.A(GFS_CDC.O) (CDC_SetFiltRange)
../../Compiler/SGL_302j/LIB_COFF/LIBCD.A(CDC_BIF.O)
                              ../../Compiler/SGL_302j/LIB_COFF/LIBCD.A(GFS_CDC.O) (CDC_GetBufSiz)
../../Compiler/SGL_302j/LIB_COFF/LIBCD.A(CDC_BIO.O)
                              ../../Compiler/SGL_302j/LIB_COFF/LIBCD.A(GFS_CDC.O) (CDC_SetSctLen)
../../Compiler/SGL_302j/LIB_COFF/LIBSGL.A(sglA15.o)
                              ../../jo_engine/core.o (symbol from plugin) (slSlaveFunc)
../../Compiler/SGL_302j/LIB_COFF/LIBSGL.A(sglA20.o)
                              ../../jo_engine/core.o (symbol from plugin) (slUnitMatrix)
../../Compiler/SGL_302j/LIB_COFF/LIBSGL.A(sglA21.o)
                              ../../jo_engine/map.o (symbol from plugin) (slPushMatrix)
../../Compiler/SGL_302j/LIB_COFF/LIBSGL.A(sglA27.o)
                              ../../jo_engine/map.o (symbol from plugin) (slTranslate)
../../Compiler/SGL_302j/LIB_COFF/LIBSGL.A(sglB001.o)
                              ../../jo_engine/core.o (symbol from plugin) (slTVOn)
../../Compiler/SGL_302j/LIB_COFF/LIBSGL.A(sglB011.o)
                              ../../jo_engine/core.o (symbol from plugin) (slBitMapNbg1)
../../Compiler/SGL_302j/LIB_COFF/LIBSGL.A(sglB015.o)
                              ../../jo_engine/core.o (symbol from plugin) (slScrAutoDisp)
../../Compiler/SGL_302j/LIB_COFF/LIBSGL.A(sglB016.o)
                              ../../jo_engine/core.o (symbol from plugin) (slBack1ColSet)
../../Compiler/SGL_302j/LIB_COFF/LIBSGL.A(sglB032.o)
                              ../../jo_engine/core.o (symbol from plugin) (slMapNbg1)
../../Compiler/SGL_302j/LIB_COFF/LIBSGL.A(sglB053.o)
                              ../../jo_engine/core.o (symbol from plugin) (slZoomNbg1)
../../Compiler/SGL_302j/LIB_COFF/LIBSGL.A(sglB056.o)
                              ../../jo_engine/core.o (symbol from plugin) (slPlaneNbg1)
../../Compiler/SGL_302j/LIB_COFF/LIBSGL.A(sglB063.o)
                              ../../jo_engine/core.o (symbol from plugin) (slPriority)
../../Compiler/SGL_302j/LIB_COFF/LIBSGL.A(sglB200.o)
                              ../../jo_engine/core.o (symbol from plugin) (slCharNbg0)
../../Compiler/SGL_302j/LIB_COFF/LIBSGL.A(sglC05.o)
                              ../../jo_engine/sprites.o (symbol from plugin) (slSetSprite)
../../Compiler/SGL_302j/LIB_COFF/LIBSGL.A(sglC06.o)
                              ../../jo_engine/sprites.o (symbol from plugin) (slDispSprite)
../../Compiler/SGL_302j/LIB_COFF/LIBSGL.A(sglC07.o)
                              ../../jo_engine/sprites.o (symbol from plugin) (slPutSprite)
[...]
Memory Configuration

Name             Origin             Length             Attributes
*default*        0x0000000000000000 0xffffffffffffffff

Linker script and memory map

TARGET(coff-sh)

SLSTART         0x0000000006004000       0x28
                0x0000000006004000                ___Start = .
 *(SLSTART)
 SLSTART        0x0000000006004000       0x28 ../../Compiler/SGL_302j/LIB_COFF/LIBSGL.A(sglI00.o)
                0x0000000006004000                SGL_Start
                0x0000000006004002                slStartSGL

.text           0x0000000006004040    0x133f8
 *(.text)
 .text          0x0000000006004040        0x0 ../../Compiler/SGL_302j/LIB_COFF/SGLAREA.O
 .text          0x0000000006004040     0x6690 /tmp/ccKVe7Lk.ltrans0.ltrans.o
 .text          0x000000000600a6d0      0x238 ../../Compiler/SGL_302j/LIB_COFF/SEGA_SYS.A(sys_exit.o)
                0x000000000600a6d0                sys_version
                0x000000000600a6f0                SYS_Exit
 *fill*         0x000000000600a908        0x8 
 .text          0x000000000600a910        0x6 ../../Compiler/SGL_302j/LIB_COFF/SEGA_SYS.A(sys_sub.o)
                0x000000000600a910                SYSUB_SetStackptr
 *fill*         0x000000000600a916        0xa 
 .text          0x000000000600a920      0x3a0 ../../Compiler/SGL_302j/LIB_COFF/LIBCD.A(CDC_CMN.O)
                0x000000000600a920                CDC_GetCurStat
                0x000000000600a970                CDC_GetLastStat
                0x000000000600a988                CDC_GetPeriStat
                0x000000000600aa5c                CDC_GetHwInfo
                0x000000000600aac4                CDC_TgetToc
                0x000000000600ab14                CDC_GetSes
                0x000000000600ab50                CDC_CdInit
                0x000000000600abd4                CDC_CdOpen
                0x000000000600abfc                CDC_DataReady
                0x000000000600ac68                CDC_DataEnd
 .text          0x000000000600acc0      0x194 ../../Compiler/SGL_302j/LIB_COFF/LIBCD.A(CDC_CFS.O)
                0x000000000600acc0                CDC_ChgDir
                0x000000000600acf4                CDC_ReadDir
                0x000000000600ad28                CDC_GetFileScope
                0x000000000600ad88                CDC_TgetFileInfo
                0x000000000600ade4                CDC_ReadFile
                0x000000000600ae18                CDC_AbortFile
 *fill*         0x000000000600ae54        0xc 
 .text          0x000000000600ae60      0x2dc ../../Compiler/SGL_302j/LIB_COFF/LIBCD.A(CDC_REG.O)
                0x000000000600ae60                CDC_GetDataPtr
                0x000000000600ae70                CDC_GetHirqReq
                0x000000000600ae84                CDC_ClrHirqReq
                0x000000000600aeb4                CDREG_ClrHirqReq
                0x000000000600aec4                CDREG_InitHirqReq
                0x000000000600aeec                CDREG_SetHirqFlag
                0x000000000600af00                CDC_GetHirqMsk
                0x000000000600af14                CDC_SetHirqMsk
                0x000000000600af24                CDC_GetMpegPtr
                0x000000000600af34                CDREG_TgetData
                0x000000000600af90                CDREG_CmdRsp
                0x000000000600b090                CDREG_WaitHirq
                0x000000000600b100                CDREG_ReadRsp
 *fill*         0x000000000600b13c        0x4 
 .text          0x000000000600b140      0x152 ../../Compiler/SGL_302j/LIB_COFF/LIBCD.A(CDC_SUB.O)
                0x000000000600b140                CDSUB_UpdStatus
                0x000000000600b158                CDSUB_UpdCdstat
                0x000000000600b178                CDSUB_CdCmd
                0x000000000600b1e8                CDSUB_GetCdstat
                0x000000000600b228                CDSUB_RspToCdstat
                0x000000000600b270                CDSUB_SoftTimer
 *fill*         0x000000000600b292        0xe 
 .text          0x000000000600b2a0     0x1adc ../../Compiler/SGL_302j/LIB_COFF/LIBCD.A(GFS.O)
                0x000000000600b2a0                gfs_version
                0x000000000600b2c0                GFS_Init
                0x000000000600b3a8                GFS_LoadDir
                0x000000000600b450                GFS_SetDir
                0x000000000600b4b8                GFS_NameToId
                0x000000000600b51c                GFS_IdToName
                0x000000000600b588                GFS_GetDirInfo
                0x000000000600b5f8                GFS_Reset
                0x000000000600b67c                GFS_Open
                0x000000000600b730                GFS_Close
                0x000000000600b768                GFS_Seek
                0x000000000600b81c                GFS_Tell
                0x000000000600b86c                GFS_IsEof
                0x000000000600b8c0                GFS_ByteToSct
                0x000000000600b91c                GFS_GetFileSize
                0x000000000600b978                GFS_GetFileInfo
                0x000000000600b9ec                GFS_GetNumCdbuf
                0x000000000600ba14                GFS_Load
                0x000000000600bad8                GFS_Fread
                0x000000000600bb74                gfs_waitRead
                0x000000000600bc1c                GFS_NwFread
                0x000000000600bd28                GFS_NwCdRead
                0x000000000600bda0                GFS_NwIsComplete
                0x000000000600bdd8                GFS_NwStop
                0x000000000600be44                GFS_NwGetStat
                0x000000000600bec0                gfs_recovRdErr
                0x000000000600bef0                GFS_NwExecOne
                0x000000000600bfb0                GFS_NwExecServer
                0x000000000600c02c                GFS_SetGmode
                0x000000000600c090                GFS_SetTmode
                0x000000000600c0fc                GFS_SetReadPara
                0x000000000600c160                GFS_SetTransPara
                0x000000000600c1cc                GFS_SetTrFunc
                0x000000000600c230                GFS_StartTrans
                0x000000000600c27c                GFS_CdMovePickup
                0x000000000600c2e8                GFS_SetErrFunc
                0x000000000600c314                GFS_GetErrStat
                0x000000000600c338                GFS_ConvTno
                0x000000000600c360                gfs_chgRoot
                0x000000000600c42c                gfs_aborttrans
                0x000000000600c438                gfs_mngSetupFuncTbl
                0x000000000600c46c                gfs_mngInitWork
                0x000000000600c510                gfs_mngGetNumFile
                0x000000000600c578                GFS_mngAllocGrp
                0x000000000600c5c0                gfs_mngFreeGrp
                0x000000000600c5cc                gfs_mngTermAccess
                0x000000000600c650                gfs_mngSetErrCode
                0x000000000600c6d0                gfs_svrSearchHndl
                0x000000000600c710                gfs_svrAddHndl
                0x000000000600c74c                gfs_svrRemoveHndl
                0x000000000600c7a8                GFS_OpenSub
                0x000000000600c800                gfs_loadVol
                0x000000000600c8c4                gfs_getRootDir
                0x000000000600c9c0                gfs_loadRootDir
                0x000000000600ca48                gfs_flowIn
                0x000000000600caf0                gfs_transData
                0x000000000600cb94                GFS_GetFad
                0x000000000600cbec                gfs_SetSct
                0x000000000600cc2c                gfs_GetFinfo
                0x000000000600cc6c                gfs_closeSub
                0x000000000600cca8                gfs_getGmode
                0x000000000600ccb4                gfs_isTaskDone
                0x000000000600cd08                gfs_convFinStat
 *fill*         0x000000000600cd7c        0x4 
 .text          0x000000000600cd80      0x106 ../../Compiler/SGL_302j/LIB_COFF/LIBCD.A(GFS_BUF.O)
                0x000000000600cdb0                GFBF_GetTranData
                0x000000000600cdd8                GFBF_GetNumData
                0x000000000600ce08                GFBF_GetSrcPk
                0x000000000600ce30                GFBF_GetSctData
                0x000000000600ce54                GFBF_RtnPk
                0x000000000600ce7c                gfbf_getSctDt
 *fill*         0x000000000600ce86        0xa 
 .text          0x000000000600ce90      0x600 ../../Compiler/SGL_302j/LIB_COFF/LIBCD.A(GFS_CDB.O)
                0x000000000600ce90                GFCB_Setup
                0x000000000600cfb0                GFCB_Close
                0x000000000600cfd8                GFCB_GetLenData
                0x000000000600d084                GFCB_GetLenRoom
                0x000000000600d090                GFCB_SetFilt
                0x000000000600d0f8                GFCB_DeleteAllData
                0x000000000600d120                GFCB_Tell
                0x000000000600d130                gfcb_getSctNum
                0x000000000600d180                GFCB_Seek
                0x000000000600d27c                GFCB_GetSrcPack
                0x000000000600d35c                GFCB_GetSctData
                0x000000000600d394                GFCB_GetDstPack
                0x000000000600d3a0                GFCB_RtnPk
                0x000000000600d3e8                GFCB_MovePickup
                0x000000000600d404                GFCB_SetCon
                0x000000000600d438                GFCB_GetPickup
                0x000000000600d460                GFCB_IsPuOwner
                0x000000000600d478                GFCB_UngetPickup
 .text          0x000000000600d490     0x1a10 ../../Compiler/SGL_302j/LIB_COFF/LIBCD.A(GFS_CDC.O)
                0x000000000600d490                GFCD_SetCdbfs
                0x000000000600d4bc                GFCD_Init
                0x000000000600d6c0                GFCD_AllocFilt
                0x000000000600d6fc                GFCD_FreeFilt
                0x000000000600d72c                GFCD_AllocBuf
                0x000000000600d760                GFCD_FreeBuf
                0x000000000600d804                GFCD_GetBaseFad
                0x000000000600d838                GFCD_GetPickup
                0x000000000600d86c                GFCD_UngetPickup
                0x000000000600d898                GFCD_IsPuOwner
                0x000000000600d8bc                GFCD_SetFilt
                0x000000000600d980                GFCD_GetFilt
                0x000000000600d9c8                GFCD_SetCon
                0x000000000600da20                GFCD_Play
                0x000000000600da80                GFCD_GetLenData
                0x000000000600dae8                GFCD_ReqData
                0x000000000600db44                GFCD_EndData
                0x000000000600db8c                GFCD_DelSctData
                0x000000000600dbe4                GFCD_CheckDelSctData
                0x000000000600dc14                GFCD_GetStat
                0x000000000600dcc8                GFCD_MovePickup
                0x000000000600dd14                GFCD_MoveSctData
                0x000000000600dd88                GFCD_CheckMove
                0x000000000600ddac                GFCD_GetSctInfo
                0x000000000600ddf4                GFCD_ChgDir
                0x000000000600de68                GFCD_SetFiltCon
                0x000000000600df50                GFCD_GetFileInfo
                0x000000000600e02c                GFCD_GetBufSiz
                0x000000000600e064                GFCD_ExecServer
                0x000000000600e138                gfcd_isIdleTask
                0x000000000600e1c4                gfcd_doTask
                0x000000000600e270                GFCD_SetTimer
                0x000000000600e284                GFCD_WaitServer
                0x000000000600e2c0                gfcd_doSetFiltTsk
                0x000000000600e484                gfcd_doSetConTsk
                0x000000000600e514                gfcd_doGetLenDataTsk
                0x000000000600e668                gfcd_doReqDataTsk
                0x000000000600e708                gfcd_doDelSctDataTsk
                0x000000000600e83c                gfcd_doMoveSctTsk
                0x000000000600e9a0                gfcd_doChgDirTsk
                0x000000000600eb9c                gfcd_doSetFiltConTsk
                0x000000000600ece0                gfcd_checkEflag
                0x000000000600ed04                gfcd_initCdbMng
                0x000000000600ed84                gfcd_setStat
                0x000000000600edb0                GFCD_SetCsctFunc
                0x000000000600edcc                GFCD_ChkScdqFlag
                0x000000000600edf0                GFCD_ClrScdqFlag
                0x000000000600ee0c                GFCD_WaitScdqFlag
                0x000000000600ee50                GFCD_WaitPause
 .text          0x000000000600eea0      0x8d8 ../../Compiler/SGL_302j/LIB_COFF/LIBCD.A(GFS_CDF.O)
                0x000000000600eea0                GFCF_Init
                0x000000000600ef40                GFCF_Setup
                0x000000000600f088                GFCF_SetSct
                0x000000000600f0cc                GFCF_GetFileInfo
                0x000000000600f140                GFCF_FlowInBuf
                0x000000000600f294                GFCF_StopInBuf
                0x000000000600f334                GFCF_Recover
                0x000000000600f37c                GFCF_Tell
                0x000000000600f394                GFCF_Seek
                0x000000000600f3ac                GFCF_MovePickup
                0x000000000600f448                GFCF_cnvIntlvOfs
                0x000000000600f49c                GFCF_GetStat
                0x000000000600f534                gfcf_getSctSize
                0x000000000600f570                gfcf_isCdOk
                0x000000000600f630                gfcf_getPlayRange
 *fill*         0x000000000600f778        0x8 
 .text          0x000000000600f780      0x92c ../../Compiler/SGL_302j/LIB_COFF/LIBCD.A(GFS_DIR.O)
                0x000000000600f780                GFDR_SetupDirTbl
                0x000000000600f7f4                GFDR_NameToId
                0x000000000600f854                GFDR_GetInfoDirId
                0x000000000600f868                GFDR_GetInfoDirName
                0x000000000600f87c                GFDR_GetAtrDirId
                0x000000000600f894                GFDR_GetAtrDirName
                0x000000000600f8ac                GFDR_ChgRoot
                0x000000000600f8c4                GFDR_ChgDir
                0x000000000600f938                gfdr_setupDirIdTbl
                0x000000000600f9bc                gfdr_setupDirNameTbl
                0x000000000600fa68                gfdr_open
                0x000000000600fa90                gfdr_read
                0x000000000600fb50                gfdr_readByte
                0x000000000600fb7c                gfdr_readWord
                0x000000000600fba8                gfdr_readWordNB
                0x000000000600fbfc                gfdr_readLongNB
                0x000000000600fc48                gfdr_readLongNM
                0x000000000600fc70                gfdr_setNextRec
                0x000000000600fcf4                gfdr_readDirEnt
                0x0000000006010070                gfdr_setDirrecCd
 *fill*         0x00000000060100ac        0x4 
 .text          0x00000000060100b0      0x9c6 ../../Compiler/SGL_302j/LIB_COFF/LIBCD.A(GFS_TRN.O)
                0x00000000060100e0                GFTR_Setup
                0x0000000006010124                GFTR_SetMode
                0x0000000006010138                GFTR_SetUnit
                0x0000000006010144                GFTR_SetTransPara
                0x0000000006010178                GFTR_GetTransPara
                0x0000000006010184                GFTR_GetNumTrans
                0x0000000006010190                GFTR_SetTransMax
                0x000000000601019c                GFTR_Start
                0x00000000060101a8                GFTR_Pause
                0x00000000060101b4                GFTR_Stop
                0x000000000601026c                GFTR_Exec
                0x00000000060102f0                GFTR_Idle
                0x0000000006010368                GFTR_ExecSvr
                0x0000000006010470                gftr_getSrcPack
                0x00000000060104f8                gftr_getDstPack
                0x0000000006010554                gftr_reqScu
                0x0000000006010560                gftr_execScu
                0x00000000060105fc                gftr_remScu
                0x0000000006010630                gfdma_canUse
                0x000000000601063c                gfdma_exec
                0x00000000060106ac                gfdma_getBytecnt
                0x00000000060106e4                gftr_reqDma0
                0x00000000060106fc                gftr_execSdma0
                0x0000000006010720                gftr_remDma0
                0x0000000006010738                gftr_reqDma1
                0x0000000006010750                gftr_execSdma1
                0x0000000006010774                gftr_remDma1
                0x000000000601078c                gftr_reqCpu
                0x0000000006010798                gftr_execCpu
                0x00000000060107d8                gftr_remCpu
                0x00000000060107e4                gftr_reqTrn
                0x0000000006010854                gftr_execTrn
                0x000000000601092c                gftr_remTrn
                0x00000000060109a0                gftr_copyFrac
                0x00000000060109c8                GFTR_GetLenData
                0x00000000060109d4                GFTR_GetLenRoom
                0x00000000060109ec                GFTR_GetDstPack
                0x0000000006010a20                GFTR_RtnDstPk
                0x0000000006010a3c                GFTR_GetData
                0x0000000006010a50                GFTR_SetData
                0x0000000006010a64                GFTR_SetTransFunc
 *fill*         0x0000000006010a76        0xa 
 .text          0x0000000006010a80      0x130 ../../Compiler/SGL_302j/LIB_COFF/LIBCD.A(CDC_DRV.O)
                0x0000000006010a80                CDC_CdPlay
                0x0000000006010b4c                CDC_CdSeek
                0x0000000006010b80                CDC_CdScan
 .text          0x0000000006010bb0       0xa8 ../../Compiler/SGL_302j/LIB_COFF/LIBCD.A(CDC_DEV.O)
                0x0000000006010bb0                CDC_CdSetCon
                0x0000000006010be0                CDC_CdGetCon
                0x0000000006010c1c                CDC_CdGetLastBuf
 *fill*         0x0000000006010c58        0x8 
 .text          0x0000000006010c60      0x2b8 ../../Compiler/SGL_302j/LIB_COFF/LIBCD.A(CDC_SEL.O)
                0x0000000006010c60                CDC_SetFiltRange
                0x0000000006010c94                CDC_GetFiltRange
                0x0000000006010cec                CDC_SetFiltSubh
                0x0000000006010d5c                CDC_GetFiltSubh
                0x0000000006010dd8                CDC_SetFiltMode
                0x0000000006010e0c                CDC_GetFiltMode
                0x0000000006010e50                CDC_SetFiltCon
                0x0000000006010e90                CDC_GetFiltCon
                0x0000000006010ee4                CDC_ResetSelector
 *fill*         0x0000000006010f18        0x8 
 .text          0x0000000006010f20      0x270 ../../Compiler/SGL_302j/LIB_COFF/LIBCD.A(CDC_BIF.O)
                0x0000000006010f20                CDC_GetBufSiz
                0x0000000006010f7c                CDC_GetSctNum
                0x0000000006010fc0                CDC_CalActSiz
                0x0000000006010ffc                CDC_GetActSiz
                0x000000000601107c                CDC_GetSctInfo
                0x00000000060110fc                CDC_ExeFadSearch
                0x0000000006011134                CDC_GetFadSearch
 .text          0x0000000006011190      0x1e4 ../../Compiler/SGL_302j/LIB_COFF/LIBCD.A(CDC_BIO.O)
                0x0000000006011190                CDC_SetSctLen
                0x00000000060111c4                CDC_GetSctData
                0x0000000006011200                CDC_DelSctData
                0x000000000601123c                CDC_GetdelSctData
                0x0000000006011278                CDC_PutSctData
                0x00000000060112b0                CDC_CopySctData
                0x00000000060112f4                CDC_MoveSctData
                0x0000000006011338                CDC_GetCopyErr
 *fill*         0x0000000006011374        0xc 
 .text          0x0000000006011380        0x0 ../../Compiler/SGL_302j/LIB_COFF/LIBSGL.A(sglA15.o)
 .text          0x0000000006011380        0x0 ../../Compiler/SGL_302j/LIB_COFF/LIBSGL.A(sglA20.o)
 .text          0x0000000006011380        0x0 ../../Compiler/SGL_302j/LIB_COFF/LIBSGL.A(sglA21.o)
 .text          0x0000000006011380        0x0 ../../Compiler/SGL_302j/LIB_COFF/LIBSGL.A(sglA27.o)
 .text          0x0000000006011380        0x0 ../../Compiler/SGL_302j/LIB_COFF/LIBSGL.A(sglB001.o)
 .text          0x0000000006011380        0x0 ../../Compiler/SGL_302j/LIB_COFF/LIBSGL.A(sglB011.o)
 .text          0x0000000006011380        0x0 ../../Compiler/SGL_302j/LIB_COFF/LIBSGL.A(sglB015.o)
 .text          0x0000000006011380        0x0 ../../Compiler/SGL_302j/LIB_COFF/LIBSGL.A(sglB016.o)
 .text          0x0000000006011380        0x0 ../../Compiler/SGL_302j/LIB_COFF/LIBSGL.A(sglB032.o)
 .text          0x0000000006011380        0x0 ../../Compiler/SGL_302j/LIB_COFF/LIBSGL.A(sglB053.o)
 .text          0x0000000006011380        0x0 ../../Compiler/SGL_302j/LIB_COFF/LIBSGL.A(sglB056.o)
 .text          0x0000000006011380        0x0 ../../Compiler/SGL_302j/LIB_COFF/LIBSGL.A(sglB063.o)
 .text          0x0000000006011380        0x0 ../../Compiler/SGL_302j/LIB_COFF/LIBSGL.A(sglB200.o)
 .text          0x0000000006011380        0x0 ../../Compiler/SGL_302j/LIB_COFF/LIBSGL.A(sglC05.o)
 .text          0x0000000006011380        0x0 ../../Compiler/SGL_302j/LIB_COFF/LIBSGL.A(sglC06.o)
 .text          0x0000000006011380        0x0 ../../Compiler/SGL_302j/LIB_COFF/LIBSGL.A(sglC07.o)
 .text          0x0000000006011380        0x0 ../../Compiler/SGL_302j/LIB_COFF/LIBSGL.A(sglC08.o)
 .text          0x0000000006011380        0x0 ../../Compiler/SGL_302j/LIB_COFF/LIBSGL.A(sglC20.o)
 .text          0x0000000006011380        0x0 ../../Compiler/SGL_302j/LIB_COFF/LIBSGL.A(sglD00.o)
 .text          0x0000000006011380        0x0 ../../Compiler/SGL_302j/LIB_COFF/LIBSGL.A(sglD01.o)
 .text          0x0000000006011380        0x0 ../../Compiler/SGL_302j/LIB_COFF/LIBSGL.A(sglD03.o)
 .text          0x0000000006011380        0x0 ../../Compiler/SGL_302j/LIB_COFF/LIBSGL.A(sglD15.o)
 .text          0x0000000006011380        0x0 ../../Compiler/SGL_302j/LIB_COFF/LIBSGL.A(sglD16.o)
 .text          0x0000000006011380        0x0 ../../Compiler/SGL_302j/LIB_COFF/LIBSGL.A(sglD17.o)
 .text          0x0000000006011380        0x0 ../../Compiler/SGL_302j/LIB_COFF/LIBSGL.A(sglD18.o)
 .text          0x0000000006011380        0x0 ../../Compiler/SGL_302j/LIB_COFF/LIBSGL.A(sglF00.o)
 .text          0x0000000006011380        0x0 ../../Compiler/SGL_302j/LIB_COFF/LIBSGL.A(sglF05.o)
 .text          0x0000000006011380        0x0 ../../Compiler/SGL_302j/LIB_COFF/LIBSGL.A(sglH00.o)
 .text          0x0000000006011380        0x0 ../../Compiler/SGL_302j/LIB_COFF/LIBSGL.A(sglH01.o)
 .text          0x0000000006011380        0x0 ../../Compiler/SGL_302j/LIB_COFF/LIBSGL.A(sglH02.o)
 .text          0x0000000006011380        0x0 ../../Compiler/SGL_302j/LIB_COFF/LIBSGL.A(sglH04.o)
 .text          0x0000000006011380        0x0 ../../Compiler/SGL_302j/LIB_COFF/LIBSGL.A(sglI01.o)
 .text          0x0000000006011380      0x128 ../../Compiler/SGL_302j/LIB_COFF/LIBSGL.A(sglIc0.o)
                0x0000000006011380                slInitSystem
 *fill*         0x00000000060114a8        0x8 
 .text          0x00000000060114b0        0x0 ../../Compiler/SGL_302j/LIB_COFF/LIBSGL.A(sglJ00.o)
 .text          0x00000000060114b0        0x0 ../../Compiler/SGL_302j/LIB_COFF/LIBSGL.A(sglJ01.o)
 .text          0x00000000060114b0        0x0 ../../Compiler/SGL_302j/LIB_COFF/LIBSGL.A(sglJ02.o)
 .text          0x00000000060114b0        0x0 ../../Compiler/SGL_302j/LIB_COFF/LIBSGL.A(sglJ03.o)
 .text          0x00000000060114b0        0x0 ../../Compiler/SGL_302j/LIB_COFF/LIBSGL.A(sglJ04.o)
 .text          0x00000000060114b0        0x0 ../../Compiler/SGL_302j/LIB_COFF/LIBSGL.A(sglJ05.o)
 .text          0x00000000060114b0        0x0 ../../Compiler/SGL_302j/LIB_COFF/LIBSGL.A(sglK01.o)
 .text          0x00000000060114b0        0x0 ../../Compiler/SGL_302j/LIB_COFF/LIBSGL.A(sglM01.o)
 .text          0x00000000060114b0        0x0 ../../Compiler/SGL_302j/LIB_COFF/LIBSGL.A(sglA00.o)
 .text          0x00000000060114b0        0x0 ../../Compiler/SGL_302j/LIB_COFF/LIBSGL.A(sglA01.o)
 .text          0x00000000060114b0        0x0 ../../Compiler/SGL_302j/LIB_COFF/LIBSGL.A(sglB000.o)
 .text          0x00000000060114b0        0x0 ../../Compiler/SGL_302j/LIB_COFF/LIBSGL.A(sglB035.o)
 .text          0x00000000060114b0        0x0 ../../Compiler/SGL_302j/LIB_COFF/LIBSGL.A(sglC00.o)
 .text          0x00000000060114b0        0x0 ../../Compiler/SGL_302j/LIB_COFF/LIBSGL.A(sglI00.o)
 .text          0x00000000060114b0        0x0 ../../Compiler/SGL_302j/LIB_COFF/LIBSGL.A(sglH03.o)
 .text          0x00000000060114b0       0x52 /home/sansigolo/Documents/joengine/Compiler/SH_NONE_ELF/bin/../lib/gcc/sh-none-elf/8.2.0/libgcc.a(_ashiftrt.o)
                0x00000000060114b0                __ashiftrt_r4_31
                0x00000000060114b0                __ashiftrt_r4_32
                0x00000000060114b6                __ashiftrt_r4_30
                0x00000000060114b8                __ashiftrt_r4_29
                0x00000000060114ba                __ashiftrt_r4_28
                0x00000000060114bc                __ashiftrt_r4_27
                0x00000000060114be                __ashiftrt_r4_26
                0x00000000060114c0                __ashiftrt_r4_25
                0x00000000060114c2                __ashiftrt_r4_24
                0x00000000060114ca                __ashiftrt_r4_23
                0x00000000060114cc                __ashiftrt_r4_22
                0x00000000060114ce                __ashiftrt_r4_21
                0x00000000060114d0                __ashiftrt_r4_20
                0x00000000060114d2                __ashiftrt_r4_19
                0x00000000060114d4                __ashiftrt_r4_18
                0x00000000060114d6                __ashiftrt_r4_17
                0x00000000060114d8                __ashiftrt_r4_16
                0x00000000060114de                __ashiftrt_r4_15
                0x00000000060114e0                __ashiftrt_r4_14
                0x00000000060114e2                __ashiftrt_r4_13
                0x00000000060114e4                __ashiftrt_r4_12
                0x00000000060114e6                __ashiftrt_r4_11
                0x00000000060114e8                __ashiftrt_r4_10
                0x00000000060114ea                __ashiftrt_r4_9
                0x00000000060114ec                __ashiftrt_r4_8
                0x00000000060114ee                __ashiftrt_r4_7
                0x00000000060114f0                __ashiftrt_r4_6
                0x00000000060114f2                __ashiftrt_r4_5
                0x00000000060114f4                __ashiftrt_r4_4
                0x00000000060114f6                __ashiftrt_r4_3
                0x00000000060114f8                __ashiftrt_r4_2
                0x00000000060114fa                __ashiftrt_r4_1
                0x00000000060114fe                __ashiftrt_r4_0
 *fill*         0x0000000006011502        0x2 
 .text          0x0000000006011504       0xa0 /home/sansigolo/Documents/joengine/Compiler/SH_NONE_ELF/bin/../lib/gcc/sh-none-elf/8.2.0/libgcc.a(_sdivsi3.o)
                0x0000000006011504                __sdivsi3
 .text          0x00000000060115a4       0x6c /home/sansigolo/Documents/joengine/Compiler/SH_NONE_ELF/bin/../lib/gcc/sh-none-elf/8.2.0/libgcc.a(_udivsi3.o)
                0x00000000060115c6                __udivsi3
 .text          0x0000000006011610      0x134 /home/sansigolo/Documents/joengine/Compiler/SH_NONE_ELF/bin/../lib/gcc/sh-none-elf/8.2.0/libgcc.a(_mul_sf.o)
                0x0000000006011610                __mulsf3
 .text          0x0000000006011744       0xdc /home/sansigolo/Documents/joengine/Compiler/SH_NONE_ELF/bin/../lib/gcc/sh-none-elf/8.2.0/libgcc.a(_div_sf.o)
                0x0000000006011744                __divsf3
 .text          0x0000000006011820       0x7c /home/sansigolo/Documents/joengine/Compiler/SH_NONE_ELF/bin/../lib/gcc/sh-none-elf/8.2.0/libgcc.a(_sf_to_si.o)
                0x0000000006011820                __fixsfsi
 .text          0x000000000601189c        0x0 /home/sansigolo/Documents/joengine/Compiler/SH_NONE_ELF/bin/../lib/gcc/sh-none-elf/8.2.0/libgcc.a(_thenan_sf.o)
 .text          0x000000000601189c       0x94 /home/sansigolo/Documents/joengine/Compiler/SH_NONE_ELF/bin/../lib/gcc/sh-none-elf/8.2.0/libgcc.a(_usi_to_sf.o)
                0x000000000601189c                __floatunsisf
 .text          0x0000000006011930      0x114 /home/sansigolo/Documents/joengine/Compiler/SH_NONE_ELF/bin/../lib/gcc/sh-none-elf/8.2.0/libgcc.a(_pack_sf.o)
                0x0000000006011930                __pack_f
 .text          0x0000000006011a44       0xa0 /home/sansigolo/Documents/joengine/Compiler/SH_NONE_ELF/bin/../lib/gcc/sh-none-elf/8.2.0/libgcc.a(_unpack_sf.o)
                0x0000000006011a44                __unpack_f
 .text          0x0000000006011ae4       0x1e /home/sansigolo/Documents/joengine/Compiler/SH_NONE_ELF/bin/../lib/gcc/sh-none-elf/8.2.0/../../../../sh-none-elf/lib/libc.a(lib_a-memcmp.o)
                0x0000000006011ae4                memcmp
 *fill*         0x0000000006011b02        0x2 
 .text          0x0000000006011b04       0x94 /home/sansigolo/Documents/joengine/Compiler/SH_NONE_ELF/bin/../lib/gcc/sh-none-elf/8.2.0/../../../../sh-none-elf/lib/libc.a(lib_a-memcpy.o)
                0x0000000006011b04                memcpy
 .text          0x0000000006011b98       0x40 /home/sansigolo/Documents/joengine/Compiler/SH_NONE_ELF/bin/../lib/gcc/sh-none-elf/8.2.0/../../../../sh-none-elf/lib/libc.a(lib_a-memset.o)
                0x0000000006011b98                memset
 .text          0x0000000006011bd8       0x8c /home/sansigolo/Documents/joengine/Compiler/SH_NONE_ELF/bin/../lib/gcc/sh-none-elf/8.2.0/../../../../sh-none-elf/lib/libc.a(lib_a-sprintf.o)
                0x0000000006011bd8                _sprintf_r
                0x0000000006011c18                sprintf
 .text          0x0000000006011c64       0x2a /home/sansigolo/Documents/joengine/Compiler/SH_NONE_ELF/bin/../lib/gcc/sh-none-elf/8.2.0/../../../../sh-none-elf/lib/libc.a(lib_a-strncmp.o)
                0x0000000006011c64                strncmp
 .text          0x0000000006011c8e       0x32 /home/sansigolo/Documents/joengine/Compiler/SH_NONE_ELF/bin/../lib/gcc/sh-none-elf/8.2.0/../../../../sh-none-elf/lib/libc.a(lib_a-strncpy.o)
                0x0000000006011c8e                strncpy
 .text          0x0000000006011cc0     0x1378 /home/sansigolo/Documents/joengine/Compiler/SH_NONE_ELF/bin/../lib/gcc/sh-none-elf/8.2.0/../../../../sh-none-elf/lib/libc.a(lib_a-svfprintf.o)
                0x0000000006011cc0                _svfprintf_r
 .text          0x0000000006013038      0xef4 /home/sansigolo/Documents/joengine/Compiler/SH_NONE_ELF/bin/../lib/gcc/sh-none-elf/8.2.0/../../../../sh-none-elf/lib/libc.a(lib_a-dtoa.o)
                0x000000000601316c                _dtoa_r
 .text          0x0000000006013f2c        0x0 /home/sansigolo/Documents/joengine/Compiler/SH_NONE_ELF/bin/../lib/gcc/sh-none-elf/8.2.0/../../../../sh-none-elf/lib/libc.a(lib_a-impure.o)
 .text          0x0000000006013f2c       0x40 /home/sansigolo/Documents/joengine/Compiler/SH_NONE_ELF/bin/../lib/gcc/sh-none-elf/8.2.0/../../../../sh-none-elf/lib/libc.a(lib_a-localeconv.o)
                0x0000000006013f2c                __localeconv_l
                0x0000000006013f34                _localeconv_r
                0x0000000006013f50                localeconv
 .text          0x0000000006013f6c       0xa8 /home/sansigolo/Documents/joengine/Compiler/SH_NONE_ELF/bin/../lib/gcc/sh-none-elf/8.2.0/../../../../sh-none-elf/lib/libc.a(lib_a-locale.o)
                0x0000000006013f6c                _setlocale_r
                0x0000000006013fb8                __locale_mb_cur_max
                0x0000000006013fd8                __locale_ctype_ptr_l
                0x0000000006013fe2                __locale_ctype_ptr
                0x0000000006014000                setlocale
 .text          0x0000000006014014       0x4c /home/sansigolo/Documents/joengine/Compiler/SH_NONE_ELF/bin/../lib/gcc/sh-none-elf/8.2.0/../../../../sh-none-elf/lib/libc.a(lib_a-mbtowc_r.o)
                0x0000000006014014                _mbtowc_r
                0x0000000006014038                __ascii_mbtowc
 .text          0x0000000006014060       0x1c /home/sansigolo/Documents/joengine/Compiler/SH_NONE_ELF/bin/../lib/gcc/sh-none-elf/8.2.0/../../../../sh-none-elf/lib/libc.a(lib_a-memchr.o)
                0x0000000006014060                memchr
 .text          0x000000000601407c      0xa9c /home/sansigolo/Documents/joengine/Compiler/SH_NONE_ELF/bin/../lib/gcc/sh-none-elf/8.2.0/../../../../sh-none-elf/lib/libc.a(lib_a-mprec.o)
                0x000000000601407c                _Balloc
                0x00000000060140f0                _Bfree
                0x0000000006014108                __multadd
                0x00000000060141b0                __s2b
                0x0000000006014270                __hi0bits
                0x00000000060142c4                __lo0bits
                0x0000000006014328                __i2b
                0x0000000006014344                __multiply
                0x0000000006014488                __pow5mult
                0x0000000006014544                __lshift
                0x0000000006014638                __mcmp
                0x0000000006014670                __mdiff
                0x000000000601474c                __ulp
                0x00000000060147b8                __b2d
                0x00000000060148a0                __d2b
                0x000000000601498c                __ratio
                0x0000000006014a10                _mprec_log10
                0x0000000006014a68                __copybits
                0x0000000006014aac                __any_on
 .text          0x0000000006014b18       0x34 /home/sansigolo/Documents/joengine/Compiler/SH_NONE_ELF/bin/../lib/gcc/sh-none-elf/8.2.0/../../../../sh-none-elf/lib/libc.a(lib_a-nano-callocr.o)
                0x0000000006014b18                _calloc_r
 .text          0x0000000006014b4c       0xf4 /home/sansigolo/Documents/joengine/Compiler/SH_NONE_ELF/bin/../lib/gcc/sh-none-elf/8.2.0/../../../../sh-none-elf/lib/libc.a(lib_a-nano-mallocr.o)
                0x0000000006014b4c                _malloc_r
 .text          0x0000000006014c40       0x30 /home/sansigolo/Documents/joengine/Compiler/SH_NONE_ELF/bin/../lib/gcc/sh-none-elf/8.2.0/../../../../sh-none-elf/lib/libc.a(lib_a-sbrkr.o)
                0x0000000006014c40                _sbrk_r
 .text          0x0000000006014c70       0x38 /home/sansigolo/Documents/joengine/Compiler/SH_NONE_ELF/bin/../lib/gcc/sh-none-elf/8.2.0/../../../../sh-none-elf/lib/libc.a(lib_a-strcmp.o)
                0x0000000006014c70                strcmp
 .text          0x0000000006014ca8       0x20 /home/sansigolo/Documents/joengine/Compiler/SH_NONE_ELF/bin/../lib/gcc/sh-none-elf/8.2.0/../../../../sh-none-elf/lib/libc.a(lib_a-strlen.o)
                0x0000000006014ca8                strlen
 .text          0x0000000006014cc8      0xa60 /home/sansigolo/Documents/joengine/Compiler/SH_NONE_ELF/bin/../lib/gcc/sh-none-elf/8.2.0/../../../../sh-none-elf/lib/libc.a(lib_a-svfiprintf.o)
                0x0000000006014cc8                __ssprint_r
                0x0000000006014dfc                _svfiprintf_r
 .text          0x0000000006015728      0x25c /home/sansigolo/Documents/joengine/Compiler/SH_NONE_ELF/bin/../lib/gcc/sh-none-elf/8.2.0/../../../../sh-none-elf/lib/libc.a(lib_a-syscalls.o)
                0x00000000060157a0                _read
                0x00000000060157b0                _lseek
                0x00000000060157c0                _write
                0x00000000060157d0                _close
                0x00000000060157e0                _link
                0x00000000060157e4                _sbrk
                0x000000000601583c                _fstat
                0x0000000006015846                _open
                0x0000000006015858                _creat
                0x0000000006015868                _unlink
                0x000000000601586c                isatty
                0x0000000006015870                _isatty
                0x0000000006015874                _exit
                0x0000000006015884                _kill
                0x0000000006015898                _getpid
                0x000000000601589c                _raise
                0x00000000060158a0                _stat
                0x00000000060158b0                _chmod
                0x00000000060158c0                _chown
                0x00000000060158d0                _utime
                0x00000000060158e4                _fork
                0x00000000060158f0                _wait
                0x0000000006015900                _execve
                0x0000000006015910                _execv
                0x0000000006015920                _pipe
                0x000000000601592c                _times
                0x0000000006015930                _gettimeofday
                0x0000000006015958                __setup_argv_and_call_main
 .text          0x0000000006015984       0x14 /home/sansigolo/Documents/joengine/Compiler/SH_NONE_ELF/bin/../lib/gcc/sh-none-elf/8.2.0/../../../../sh-none-elf/lib/libc.a(lib_a-trap.o)
                0x0000000006015984                __trap34
 .text          0x0000000006015998       0x40 /home/sansigolo/Documents/joengine/Compiler/SH_NONE_ELF/bin/../lib/gcc/sh-none-elf/8.2.0/../../../../sh-none-elf/lib/libc.a(lib_a-wctomb_r.o)
                0x0000000006015998                _wctomb_r
                0x00000000060159b8                __ascii_wctomb
 .text          0x00000000060159d8       0x18 /home/sansigolo/Documents/joengine/Compiler/SH_NONE_ELF/bin/../lib/gcc/sh-none-elf/8.2.0/../../../../sh-none-elf/lib/libc.a(lib_a-abort.o)
                0x00000000060159d8                abort
 .text          0x00000000060159f0        0x0 /home/sansigolo/Documents/joengine/Compiler/SH_NONE_ELF/bin/../lib/gcc/sh-none-elf/8.2.0/../../../../sh-none-elf/lib/libc.a(lib_a-ctype_.o)
 .text          0x00000000060159f0       0x3c /home/sansigolo/Documents/joengine/Compiler/SH_NONE_ELF/bin/../lib/gcc/sh-none-elf/8.2.0/../../../../sh-none-elf/lib/libc.a(lib_a-memmove.o)
                0x00000000060159f0                memmove
 .text          0x0000000006015a2c        0x8 /home/sansigolo/Documents/joengine/Compiler/SH_NONE_ELF/bin/../lib/gcc/sh-none-elf/8.2.0/../../../../sh-none-elf/lib/libc.a(lib_a-mlock.o)
                0x0000000006015a2c                __malloc_lock
                0x0000000006015a30                __malloc_unlock
 .text          0x0000000006015a34       0xc8 /home/sansigolo/Documents/joengine/Compiler/SH_NONE_ELF/bin/../lib/gcc/sh-none-elf/8.2.0/../../../../sh-none-elf/lib/libc.a(lib_a-nano-freer.o)
                0x0000000006015a34                _free_r
 .text          0x0000000006015afc       0x7c /home/sansigolo/Documents/joengine/Compiler/SH_NONE_ELF/bin/../lib/gcc/sh-none-elf/8.2.0/../../../../sh-none-elf/lib/libc.a(lib_a-nano-reallocr.o)
                0x0000000006015afc                _realloc_r
 .text          0x0000000006015b78      0x1b0 /home/sansigolo/Documents/joengine/Compiler/SH_NONE_ELF/bin/../lib/gcc/sh-none-elf/8.2.0/../../../../sh-none-elf/lib/libc.a(lib_a-signal.o)
                0x0000000006015b78                _init_signal_r
                0x0000000006015bb4                _signal_r
                0x0000000006015c00                _raise_r
                0x0000000006015c78                __sigtramp_r
                0x0000000006015cdc                raise
                0x0000000006015cf0                signal
                0x0000000006015d04                _init_signal
                0x0000000006015d14                __sigtramp
 .text          0x0000000006015d28       0x40 /home/sansigolo/Documents/joengine/Compiler/SH_NONE_ELF/bin/../lib/gcc/sh-none-elf/8.2.0/../../../../sh-none-elf/lib/libc.a(lib_a-signalr.o)
                0x0000000006015d28                _kill_r
                0x0000000006015d5c                _getpid_r
 .text          0x0000000006015d68       0x16 /home/sansigolo/Documents/joengine/Compiler/SH_NONE_ELF/bin/../lib/gcc/sh-none-elf/8.2.0/../../../../sh-none-elf/lib/libc.a(lib_a-nano-msizer.o)
                0x0000000006015d68                _malloc_usable_size_r
 *fill*         0x0000000006015d7e        0x2 
 .text          0x0000000006015d80       0x80 /home/sansigolo/Documents/joengine/Compiler/SH_NONE_ELF/bin/../lib/gcc/sh-none-elf/8.2.0/libgcc.a(_ashiftrt_n.o)
                0x0000000006015d80                __ashrsi3
 .text          0x0000000006015e00       0xbc /home/sansigolo/Documents/joengine/Compiler/SH_NONE_ELF/bin/../lib/gcc/sh-none-elf/8.2.0/libgcc.a(_ashiftlt.o)
                0x0000000006015e00                __ashlsi3
                0x0000000006015e04                __ashlsi3_r0
 .text          0x0000000006015ebc       0xbc /home/sansigolo/Documents/joengine/Compiler/SH_NONE_ELF/bin/../lib/gcc/sh-none-elf/8.2.0/libgcc.a(_lshiftrt.o)
                0x0000000006015ebc                __lshrsi3
                0x0000000006015ec0                __lshrsi3_r0
 .text          0x0000000006015f78      0x258 /home/sansigolo/Documents/joengine/Compiler/SH_NONE_ELF/bin/../lib/gcc/sh-none-elf/8.2.0/libgcc.a(_udivdi3.o)
                0x0000000006015f78                __udivdi3
 .text          0x00000000060161d0      0x2bc /home/sansigolo/Documents/joengine/Compiler/SH_NONE_ELF/bin/../lib/gcc/sh-none-elf/8.2.0/libgcc.a(_umoddi3.o)
                0x00000000060161d0                __umoddi3
 .text          0x000000000601648c      0x3b4 /home/sansigolo/Documents/joengine/Compiler/SH_NONE_ELF/bin/../lib/gcc/sh-none-elf/8.2.0/libgcc.a(_addsub_df.o)
                0x000000000601679c                __adddf3
                0x00000000060167ec                __subdf3
 .text          0x0000000006016840      0x208 /home/sansigolo/Documents/joengine/Compiler/SH_NONE_ELF/bin/../lib/gcc/sh-none-elf/8.2.0/libgcc.a(_mul_df.o)
                0x0000000006016840                __muldf3
 .text          0x0000000006016a48      0x130 /home/sansigolo/Documents/joengine/Compiler/SH_NONE_ELF/bin/../lib/gcc/sh-none-elf/8.2.0/libgcc.a(_div_df.o)
                0x0000000006016a48                __divdf3
 .text          0x0000000006016b78       0x58 /home/sansigolo/Documents/joengine/Compiler/SH_NONE_ELF/bin/../lib/gcc/sh-none-elf/8.2.0/libgcc.a(_eq_df.o)
                0x0000000006016b78                __eqdf2
 .text          0x0000000006016bd0       0x58 /home/sansigolo/Documents/joengine/Compiler/SH_NONE_ELF/bin/../lib/gcc/sh-none-elf/8.2.0/libgcc.a(_ne_df.o)
                0x0000000006016bd0                __nedf2
 .text          0x0000000006016c28       0x50 /home/sansigolo/Documents/joengine/Compiler/SH_NONE_ELF/bin/../lib/gcc/sh-none-elf/8.2.0/libgcc.a(_gt_df.o)
                0x0000000006016c28                __gtdf2
 .text          0x0000000006016c78       0x50 /home/sansigolo/Documents/joengine/Compiler/SH_NONE_ELF/bin/../lib/gcc/sh-none-elf/8.2.0/libgcc.a(_ge_df.o)
                0x0000000006016c78                __gedf2
 .text          0x0000000006016cc8       0x58 /home/sansigolo/Documents/joengine/Compiler/SH_NONE_ELF/bin/../lib/gcc/sh-none-elf/8.2.0/libgcc.a(_lt_df.o)
                0x0000000006016cc8                __ltdf2
 .text          0x0000000006016d20       0x58 /home/sansigolo/Documents/joengine/Compiler/SH_NONE_ELF/bin/../lib/gcc/sh-none-elf/8.2.0/libgcc.a(_le_df.o)
                0x0000000006016d20                __ledf2
 .text          0x0000000006016d78       0x40 /home/sansigolo/Documents/joengine/Compiler/SH_NONE_ELF/bin/../lib/gcc/sh-none-elf/8.2.0/libgcc.a(_unord_df.o)
                0x0000000006016d78                __unorddf2
 .text          0x0000000006016db8       0xa8 /home/sansigolo/Documents/joengine/Compiler/SH_NONE_ELF/bin/../lib/gcc/sh-none-elf/8.2.0/libgcc.a(_si_to_df.o)
                0x0000000006016db8                __floatsidf
 .text          0x0000000006016e60       0xa4 /home/sansigolo/Documents/joengine/Compiler/SH_NONE_ELF/bin/../lib/gcc/sh-none-elf/8.2.0/libgcc.a(_df_to_si.o)
                0x0000000006016e60                __fixdfsi
 .text          0x0000000006016f04        0x0 /home/sansigolo/Documents/joengine/Compiler/SH_NONE_ELF/bin/../lib/gcc/sh-none-elf/8.2.0/libgcc.a(_thenan_df.o)
 .text          0x0000000006016f04       0x88 /home/sansigolo/Documents/joengine/Compiler/SH_NONE_ELF/bin/../lib/gcc/sh-none-elf/8.2.0/libgcc.a(_usi_to_df.o)
                0x0000000006016f04                __floatunsidf
 *fill*         0x0000000006016f8c        0x4 
 .text          0x0000000006016f90       0x60 /home/sansigolo/Documents/joengine/Compiler/SH_NONE_ELF/bin/../lib/gcc/sh-none-elf/8.2.0/libgcc.a(_udiv_qrnnd_16.o)
                0x0000000006016f90                __udiv_qrnnd_16
 .text          0x0000000006016ff0        0x0 /home/sansigolo/Documents/joengine/Compiler/SH_NONE_ELF/bin/../lib/gcc/sh-none-elf/8.2.0/libgcc.a(_clz.o)
 .text          0x0000000006016ff0       0x58 /home/sansigolo/Documents/joengine/Compiler/SH_NONE_ELF/bin/../lib/gcc/sh-none-elf/8.2.0/libgcc.a(_clzsi2.o)
                0x0000000006016ff0                __clzsi2
 .text          0x0000000006017048      0x25c /home/sansigolo/Documents/joengine/Compiler/SH_NONE_ELF/bin/../lib/gcc/sh-none-elf/8.2.0/libgcc.a(_pack_df.o)
                0x0000000006017048                __pack_d
 .text          0x00000000060172a4       0xcc /home/sansigolo/Documents/joengine/Compiler/SH_NONE_ELF/bin/../lib/gcc/sh-none-elf/8.2.0/libgcc.a(_unpack_df.o)
                0x00000000060172a4                __unpack_d
 .text          0x0000000006017370       0xc8 /home/sansigolo/Documents/joengine/Compiler/SH_NONE_ELF/bin/../lib/gcc/sh-none-elf/8.2.0/libgcc.a(_fpcmp_parts_df.o)
                0x0000000006017370                __fpcmp_parts_d
 *(.strings)
                0x0000000006017438                __etext = .

.text.startup   0x0000000006017438      0x464
 .text.startup  0x0000000006017438      0x464 /tmp/ccKVe7Lk.ltrans0.ltrans.o
                0x0000000006017438                main

.rodata         0x00000000060178a0      0x63c
 *(.rodata)
 .rodata        0x00000000060178a0      0x12c /tmp/ccKVe7Lk.ltrans0.ltrans.o
 .rodata        0x00000000060179cc       0x10 /home/sansigolo/Documents/joengine/Compiler/SH_NONE_ELF/bin/../lib/gcc/sh-none-elf/8.2.0/libgcc.a(_thenan_sf.o)
                0x00000000060179cc                __thenan_sf
 .rodata        0x00000000060179dc       0x20 /home/sansigolo/Documents/joengine/Compiler/SH_NONE_ELF/bin/../lib/gcc/sh-none-elf/8.2.0/../../../../sh-none-elf/lib/libc.a(lib_a-svfprintf.o)
 .rodata        0x00000000060179fc        0x4 /home/sansigolo/Documents/joengine/Compiler/SH_NONE_ELF/bin/../lib/gcc/sh-none-elf/8.2.0/../../../../sh-none-elf/lib/libc.a(lib_a-impure.o)
                0x00000000060179fc                _global_impure_ptr
 .rodata        0x0000000006017a00      0x124 /home/sansigolo/Documents/joengine/Compiler/SH_NONE_ELF/bin/../lib/gcc/sh-none-elf/8.2.0/../../../../sh-none-elf/lib/libc.a(lib_a-mprec.o)
                0x0000000006017a0c                __mprec_tinytens
                0x0000000006017a34                __mprec_bigtens
                0x0000000006017a5c                __mprec_tens
 .rodata        0x0000000006017b24       0x20 /home/sansigolo/Documents/joengine/Compiler/SH_NONE_ELF/bin/../lib/gcc/sh-none-elf/8.2.0/../../../../sh-none-elf/lib/libc.a(lib_a-svfiprintf.o)
 .rodata        0x0000000006017b44      0x284 /home/sansigolo/Documents/joengine/Compiler/SH_NONE_ELF/bin/../lib/gcc/sh-none-elf/8.2.0/../../../../sh-none-elf/lib/libc.a(lib_a-ctype_.o)
                0x0000000006017b44                _ctype_
                0x0000000006017c48                _ctype_b
 .rodata        0x0000000006017dc8       0x14 /home/sansigolo/Documents/joengine/Compiler/SH_NONE_ELF/bin/../lib/gcc/sh-none-elf/8.2.0/libgcc.a(_thenan_df.o)
                0x0000000006017dc8                __thenan_df
 .rodata        0x0000000006017ddc      0x100 /home/sansigolo/Documents/joengine/Compiler/SH_NONE_ELF/bin/../lib/gcc/sh-none-elf/8.2.0/libgcc.a(_clz.o)
                0x0000000006017ddc                __clz_tab

.rodata.str1.4  0x0000000006017edc     0x412e
 .rodata.str1.4
                0x0000000006017edc     0x40bc /tmp/ccKVe7Lk.ltrans0.ltrans.o
                                       0x415a (size before relaxing)
 .rodata.str1.4
                0x000000000601bf98       0x3a /home/sansigolo/Documents/joengine/Compiler/SH_NONE_ELF/bin/../lib/gcc/sh-none-elf/8.2.0/../../../../sh-none-elf/lib/libc.a(lib_a-svfprintf.o)
 *fill*         0x000000000601bfd2        0x2 
 .rodata.str1.4
                0x000000000601bfd4        0xd /home/sansigolo/Documents/joengine/Compiler/SH_NONE_ELF/bin/../lib/gcc/sh-none-elf/8.2.0/../../../../sh-none-elf/lib/libc.a(lib_a-dtoa.o)
                                         0x12 (size before relaxing)
 *fill*         0x000000000601bfe1        0x3 
 .rodata.str1.4
                0x000000000601bfe4        0xa /home/sansigolo/Documents/joengine/Compiler/SH_NONE_ELF/bin/../lib/gcc/sh-none-elf/8.2.0/../../../../sh-none-elf/lib/libc.a(lib_a-locale.o)
                                         0x12 (size before relaxing)
 .rodata.str1.4
                0x000000000601bfee       0x25 /home/sansigolo/Documents/joengine/Compiler/SH_NONE_ELF/bin/../lib/gcc/sh-none-elf/8.2.0/../../../../sh-none-elf/lib/libc.a(lib_a-svfiprintf.o)
 *fill*         0x000000000601bfee        0x2 
 .rodata.str1.4
                0x000000000601bff0       0x1a /home/sansigolo/Documents/joengine/Compiler/SH_NONE_ELF/bin/../lib/gcc/sh-none-elf/8.2.0/../../../../sh-none-elf/lib/libc.a(lib_a-syscalls.o)

.eh_frame       0x000000000601c00c      0x170
 .eh_frame      0x000000000601c00c       0xa8 /home/sansigolo/Documents/joengine/Compiler/SH_NONE_ELF/bin/../lib/gcc/sh-none-elf/8.2.0/libgcc.a(_udivdi3.o)
 .eh_frame      0x000000000601c0b4       0xc8 /home/sansigolo/Documents/joengine/Compiler/SH_NONE_ELF/bin/../lib/gcc/sh-none-elf/8.2.0/libgcc.a(_umoddi3.o)
                                         0xdc (size before relaxing)

.rela.dyn       0x000000000601c17c        0x0
 .rela.text     0x000000000601c17c        0x0 /home/sansigolo/Documents/joengine/Compiler/SH_NONE_ELF/bin/../lib/gcc/sh-none-elf/8.2.0/../../../../sh-none-elf/lib/libc.a(lib_a-sbrkr.o)
 .rela.text.startup
                0x000000000601c17c        0x0 /home/sansigolo/Documents/joengine/Compiler/SH_NONE_ELF/bin/../lib/gcc/sh-none-elf/8.2.0/../../../../sh-none-elf/lib/libc.a(lib_a-sbrkr.o)

SLPROG          0x000000000601c180    0x11720
                0x000000000601c180                __slprog_start = .
 *(SLPROG)
 SLPROG         0x000000000601c180     0x6540 ../../Compiler/SGL_302j/LIB_COFF/SGLAREA.O
                0x000000000601c180                MasterStack
                0x000000000601c184                SlaveStack
                0x000000000601c188                MaxVertices
                0x000000000601c18a                MaxPolygons
                0x000000000601c18c                SortList
                0x000000000601c190                SortListSize
                0x000000000601c194                TransList
                0x000000000601c198                Zbuffer
                0x000000000601c19c                SpriteBuf
                0x000000000601c1a0                SpriteBufSize
                0x000000000601c1a4                Pbuffer
                0x000000000601c1a8                CommandBuf
                0x000000000601c1ac                CLOfstBuf
                0x000000000601c1b0                PCM_Work
                0x000000000601c1b4                PCM_WkSize
                0x000000000601c1b8                MaxEvents
                0x000000000601c1ba                EventSize
                0x000000000601c1bc                MaxWorks
                0x000000000601c1be                WorkSize
                0x000000000601c1c0                RemainEvent
                0x000000000601c2c0                RemainWork
                0x000000000601c6c0                EventBuf
                0x000000000601e6c0                WorkBuf
 SLPROG         0x00000000060226c0       0x18 ../../Compiler/SGL_302j/LIB_COFF/LIBSGL.A(sglA15.o)
                0x00000000060226c0                slSlaveFunc
 *fill*         0x00000000060226d8        0x8 
 SLPROG         0x00000000060226e0      0x42c ../../Compiler/SGL_302j/LIB_COFF/LIBSGL.A(sglA20.o)
                0x00000000060226e0                slInitMatrix
                0x00000000060226ea                slPushUnitMatrix
                0x00000000060226fe                slUnitMatrix
 *fill*         0x0000000006022b0c        0x4 
 SLPROG         0x0000000006022b10       0x48 ../../Compiler/SGL_302j/LIB_COFF/LIBSGL.A(sglA21.o)
                0x0000000006022b10                slPushMatrix
                0x0000000006022b44                slPopMatrix
                0x0000000006022b44                slDecMatrixPtr
 *fill*         0x0000000006022b58        0x8 
 SLPROG         0x0000000006022b60       0x50 ../../Compiler/SGL_302j/LIB_COFF/LIBSGL.A(sglA27.o)
                0x0000000006022b60                slTranslate
 SLPROG         0x0000000006022bb0       0x20 ../../Compiler/SGL_302j/LIB_COFF/LIBSGL.A(sglB001.o)
                0x0000000006022bb0                slTVOn
                0x0000000006022bba                slTVOff
 SLPROG         0x0000000006022bd0       0x24 ../../Compiler/SGL_302j/LIB_COFF/LIBSGL.A(sglB011.o)
                0x0000000006022bd0                slBitMapNbg1
 *fill*         0x0000000006022bf4        0xc 
 SLPROG         0x0000000006022c00      0x40c ../../Compiler/SGL_302j/LIB_COFF/LIBSGL.A(sglB015.o)
                0x0000000006022c00                slScrAutoDisp
 *fill*         0x000000000602300c        0x4 
 SLPROG         0x0000000006023010        0xc ../../Compiler/SGL_302j/LIB_COFF/LIBSGL.A(sglB016.o)
                0x0000000006023010                slBack1ColSet
 *fill*         0x000000000602301c        0x4 
 SLPROG         0x0000000006023020       0xb4 ../../Compiler/SGL_302j/LIB_COFF/LIBSGL.A(sglB032.o)
                0x0000000006023020                slMapNbg1
 *fill*         0x00000000060230d4        0xc 
 SLPROG         0x00000000060230e0        0xc ../../Compiler/SGL_302j/LIB_COFF/LIBSGL.A(sglB053.o)
                0x00000000060230e0                slZoomNbg1
 *fill*         0x00000000060230ec        0x4 
 SLPROG         0x00000000060230f0        0xc ../../Compiler/SGL_302j/LIB_COFF/LIBSGL.A(sglB056.o)
                0x00000000060230f0                slPlaneNbg1
 *fill*         0x00000000060230fc        0x4 
 SLPROG         0x0000000006023100        0xc ../../Compiler/SGL_302j/LIB_COFF/LIBSGL.A(sglB063.o)
                0x0000000006023100                slPriority
 *fill*         0x000000000602310c        0x4 
 SLPROG         0x0000000006023110      0x114 ../../Compiler/SGL_302j/LIB_COFF/LIBSGL.A(sglB200.o)
                0x0000000006023110                slCharRbg0
                0x000000000602311c                slCharNbg0
                0x0000000006023128                slCharNbg1
                0x0000000006023134                slCharNbg2
                0x000000000602314a                slCharNbg3
                0x0000000006023162                slPageRbg0
                0x0000000006023178                slPageNbg1
                0x0000000006023180                slPageNbg2
                0x0000000006023188                slPageNbg3
                0x0000000006023194                slPageNbg0
 *fill*         0x0000000006023224        0xc 
 SLPROG         0x0000000006023230       0x78 ../../Compiler/SGL_302j/LIB_COFF/LIBSGL.A(sglC05.o)
                0x0000000006023230                slSetSprite
 *fill*         0x00000000060232a8        0x8 
 SLPROG         0x00000000060232b0       0xfa ../../Compiler/SGL_302j/LIB_COFF/LIBSGL.A(sglC06.o)
                0x00000000060232b0                slDispSprite
 *fill*         0x00000000060233aa        0x6 
 SLPROG         0x00000000060233b0      0x162 ../../Compiler/SGL_302j/LIB_COFF/LIBSGL.A(sglC07.o)
                0x00000000060233b6                slPutSprite
 *fill*         0x0000000006023512        0xe 
 SLPROG         0x0000000006023520     0x1218 ../../Compiler/SGL_302j/LIB_COFF/LIBSGL.A(sglC08.o)
                0x0000000006023520                slPutPolygon
                0x000000000602419c                MsCalcDepthFlat
 *fill*         0x0000000006024738        0x8 
 SLPROG         0x0000000006024740       0x40 ../../Compiler/SGL_302j/LIB_COFF/LIBSGL.A(sglC20.o)
                0x0000000006024740                SpriteEntry
 SLPROG         0x0000000006024780       0x84 ../../Compiler/SGL_302j/LIB_COFF/LIBSGL.A(sglD00.o)
                0x0000000006024780                slDMACopy
                0x0000000006024780                slCpuDMACopy
                0x00000000060247da                slCashPurge
                0x00000000060247da                CSH_AllClr
 *fill*         0x0000000006024804        0xc 
 SLPROG         0x0000000006024810       0xa0 ../../Compiler/SGL_302j/LIB_COFF/LIBSGL.A(sglD01.o)
                0x0000000006024810                slDMAXCopy
 SLPROG         0x00000000060248b0        0xc ../../Compiler/SGL_302j/LIB_COFF/LIBSGL.A(sglD03.o)
                0x00000000060248b0                slDMAStatus
 *fill*         0x00000000060248bc        0x4 
 SLPROG         0x00000000060248c0       0x20 ../../Compiler/SGL_302j/LIB_COFF/LIBSGL.A(sglD15.o)
                0x00000000060248c0                CSH_Purge
 SLPROG         0x00000000060248e0       0x84 ../../Compiler/SGL_302j/LIB_COFF/LIBSGL.A(sglD16.o)
                0x00000000060248e0                DMA_ScuSetPrm
                0x0000000006024928                DMA_SCU_PRM0
 *fill*         0x0000000006024964        0xc 
 SLPROG         0x0000000006024970       0x88 ../../Compiler/SGL_302j/LIB_COFF/LIBSGL.A(sglD17.o)
                0x0000000006024970                DMA_ScuStart
 *fill*         0x00000000060249f8        0x8 
 SLPROG         0x0000000006024a00       0x34 ../../Compiler/SGL_302j/LIB_COFF/LIBSGL.A(sglD18.o)
                0x0000000006024a00                DMA_ScuGetStatus
 *fill*         0x0000000006024a34        0xc 
 SLPROG         0x0000000006024a40       0x4e ../../Compiler/SGL_302j/LIB_COFF/LIBSGL.A(sglF00.o)
                0x0000000006024a40                slCurScrn
                0x0000000006024a50                slCurColor
                0x0000000006024a5a                slLocate
                0x0000000006024a8c                CurrentScreen
 *fill*         0x0000000006024a8e        0x2 
 SLPROG         0x0000000006024a90       0x1c ../../Compiler/SGL_302j/LIB_COFF/LIBSGL.A(sglF05.o)
                0x0000000006024a90                slPrint
 *fill*         0x0000000006024aac        0x4 
 SLPROG         0x0000000006024ab0      0xfc8 ../../Compiler/SGL_302j/LIB_COFF/LIBSGL.A(sglH00.o)
                0x0000000006024ac8                slGetPortDir1
                0x0000000006024ad0                slGetPortDir2
                0x0000000006024ad8                slSetPortDir1
                0x0000000006024b02                slSetPortDir2
                0x0000000006024b3c                slGetPortData1
                0x0000000006024b44                slGetPortData2
                0x0000000006024b4c                slSetPortData1
                0x0000000006024b56                slSetPortData2
                0x0000000006024b68                slGetPortSelect1
                0x0000000006024b72                slGetPortSelect2
                0x0000000006024b7c                slSetPortSelect1
                0x0000000006024bb0                slSetPortSelect2
                0x0000000006024bec                slGetPortExt1
                0x0000000006024bf6                slGetPortExt2
                0x0000000006024c00                slSetPortExt1
                0x0000000006024c30                slSetPortExt2
                0x0000000006024da4                slSmpcDirectAccess
                0x0000000006024e24                slInitPeripheral
                0x0000000006024eb6                slSetResultBuffer
                0x0000000006024f42                slCheckIntBackSet
                0x0000000006024f4e                slIntBackCancel
                0x0000000006024f78                slCheckReset
                0x0000000006024f82                slClearReset
                0x0000000006025148                slSmpcCashSend
                0x0000000006025204                slSmpcCashBlow
                0x00000000060252e0                slGetOptimize
                0x00000000060252ea                slSetOptimize
                0x0000000006025310                slGetPortMode1
                0x000000000602531c                slGetPortMode2
                0x000000000602532a                slSetPortMode1
                0x0000000006025368                slSetPortMode2
                0x00000000060254f4                slRequestCommand
                0x0000000006025564                Smpc_Status
                0x0000000006025568                Smpc_Result
                0x000000000602556c                Smpc_Peripheral
                0x0000000006025572                Per_Connect1
                0x0000000006025573                Per_Connect2
                0x0000000006025594                SmpcStatusBuf
 *fill*         0x0000000006025a78        0x8 
 SLPROG         0x0000000006025a80       0xa8 ../../Compiler/SGL_302j/LIB_COFF/LIBSGL.A(sglH01.o)
                0x0000000006025a80                slGetLanguage
                0x0000000006025a8a                slSetLanguage
                0x0000000006025aac                slGetSoundEffect
                0x0000000006025ab8                slSetSoundEffect
                0x0000000006025ad4                slGetSoundOutput
                0x0000000006025ae0                slSetSoundOutput
                0x0000000006025afc                slGetHelpWindow
                0x0000000006025b08                slSetHelpWindow
 *fill*         0x0000000006025b28        0x8 
 SLPROG         0x0000000006025b30      0x470 ../../Compiler/SGL_302j/LIB_COFF/LIBSGL.A(sglH02.o)
                0x0000000006025f20                smpc_pfr_tbl
                0x0000000006025f60                smpc_ptf_tbl
 SLPROG         0x0000000006025fa0       0x60 ../../Compiler/SGL_302j/LIB_COFF/LIBSGL.A(sglH04.o)
                0x0000000006025fa0                slComPrmIntBack
                0x0000000006025fb4                slComPrmSetMemory
                0x0000000006025fca                slComPrmSetTime
 SLPROG         0x0000000006026000      0x3a4 ../../Compiler/SGL_302j/LIB_COFF/LIBSGL.A(sglI01.o)
                0x0000000006026000                slInitSynch
                0x000000000602601a                slSynch
                0x0000000006026110                slRandom
                0x000000000602612e                PCM_EndCheck
                0x00000000060261ea                RetPCMBuf
                0x0000000006026284                PCM_Buf
                0x0000000006026324                Sound_Buf
 *fill*         0x00000000060263a4        0xc 
 SLPROG         0x00000000060263b0       0x74 ../../Compiler/SGL_302j/LIB_COFF/LIBSGL.A(sglJ00.o)
                0x00000000060263b0                InitSlaveSH
                0x0000000006026418                SlaveCommand
 *fill*         0x0000000006026424        0xc 
 SLPROG         0x0000000006026430      0x3d0 ../../Compiler/SGL_302j/LIB_COFF/LIBSGL.A(sglJ01.o)
                0x0000000006026430                SlaveControl
                0x00000000060267ec                ErasePolygonData
 SLPROG         0x0000000006026800     0x12b8 ../../Compiler/SGL_302j/LIB_COFF/LIBSGL.A(sglJ02.o)
                0x0000000006026800                sbMakePolygon
                0x00000000060269e8                sbCalcPolygon
                0x0000000006027720                SetTexture
                0x000000000602772c                SetPolygon
                0x0000000006027734                SetPosition
                0x000000000602776c                stvtc_4
                0x0000000006027824                stvtc_3
                0x0000000006027a34                stvtc_1
                0x0000000006027a48                stvtc_2
                0x0000000006027a5c                stvtc_0
 *fill*         0x0000000006027ab8        0x8 
 SLPROG         0x0000000006027ac0      0x140 ../../Compiler/SGL_302j/LIB_COFF/LIBSGL.A(sglJ03.o)
                0x0000000006027ac0                sbMakeDMATable
 SLPROG         0x0000000006027c00      0x470 ../../Compiler/SGL_302j/LIB_COFF/LIBSGL.A(sglJ04.o)
                0x0000000006027c5e                sbMakeSprite
                0x0000000006027cc4                sbMakeRotSprite
 SLPROG         0x0000000006028070       0x3c ../../Compiler/SGL_302j/LIB_COFF/LIBSGL.A(sglJ05.o)
                0x0000000006028070                sbSortEntry
 *fill*         0x00000000060280ac        0x4 
 SLPROG         0x00000000060280b0       0x6a ../../Compiler/SGL_302j/LIB_COFF/LIBSGL.A(sglM01.o)
                0x00000000060280b0                slSetDepthLimit
                0x00000000060280dc                slSetDepthTbl
                0x000000000602810c                DepthWorkArea
 *fill*         0x000000000602811a        0x6 
 SLPROG         0x0000000006028120       0x20 ../../Compiler/SGL_302j/LIB_COFF/LIBSGL.A(sglA00.o)
                0x0000000006028120                set_imask
                0x0000000006028120                _builtin_set_imask
                0x0000000006028134                get_imask
                0x0000000006028134                _builtin_get_imask
 SLPROG         0x0000000006028140     0x411e ../../Compiler/SGL_302j/LIB_COFF/LIBSGL.A(sglA01.o)
                0x0000000006028140                slSin
                0x0000000006028164                slCos
                0x0000000006028188                GetSinCos
                0x000000000602821c                sin_cos_index_tbl
                0x000000000602825c                sin_tbl
 *fill*         0x000000000602c25e        0x2 
 SLPROG         0x000000000602c260      0xbd0 ../../Compiler/SGL_302j/LIB_COFF/LIBSGL.A(sglB000.o)
                0x000000000602c260                slInitScroll
                0x000000000602c380                setASC_1to8
                0x000000000602c3b0                setASC_4to8
                0x000000000602c4c0                TVSizeTbl
                0x000000000602c540                TVModeTbl
                0x000000000602c718                SGL_ASCII_CG
 SLPROG         0x000000000602ce30       0xd4 ../../Compiler/SGL_302j/LIB_COFF/LIBSGL.A(sglB035.o)
                0x000000000602ce30                sl1MapRA
                0x000000000602cec2                rbank_set
 *fill*         0x000000000602cf04        0xc 
 SLPROG         0x000000000602cf10      0x134 ../../Compiler/SGL_302j/LIB_COFF/LIBSGL.A(sglC00.o)
                0x000000000602cf10                slInitSprite
 *fill*         0x000000000602d044        0xc 
 SLPROG         0x000000000602d050      0x75c ../../Compiler/SGL_302j/LIB_COFF/LIBSGL.A(sglI00.o)
                0x000000000602d340                slInitInterrupt
 *fill*         0x000000000602d7ac        0x4 
 SLPROG         0x000000000602d7b0       0xf0 ../../Compiler/SGL_302j/LIB_COFF/LIBSGL.A(sglH03.o)
                0x000000000602d814                slSmpcIntBack
                0x000000000602d8a0                __slprog_end = .

.tors           0x000000000602d8a0        0x0
                0x000000000602d8a0                ___ctors = .
 *(.ctors)
                0x000000000602d8a0                ___ctors_end = .
                0x000000000602d8a0                ___dtors = .
 *(.dtors)
                0x000000000602d8a0                ___dtors_end = .

.data           0x000000000602d8a0      0x624
 *(.data)
 .data          0x000000000602d8a0        0x0 ../../Compiler/SGL_302j/LIB_COFF/SGLAREA.O
 .data          0x000000000602d8a0        0xc /tmp/ccKVe7Lk.ltrans0.ltrans.o
 *fill*         0x000000000602d8ac        0x4 
 .data          0x000000000602d8b0        0x0 ../../Compiler/SGL_302j/LIB_COFF/SEGA_SYS.A(sys_exit.o)
 .data          0x000000000602d8b0        0x0 ../../Compiler/SGL_302j/LIB_COFF/SEGA_SYS.A(sys_sub.o)
 .data          0x000000000602d8b0        0x0 ../../Compiler/SGL_302j/LIB_COFF/LIBCD.A(CDC_CMN.O)
 .data          0x000000000602d8b0        0x0 ../../Compiler/SGL_302j/LIB_COFF/LIBCD.A(CDC_CFS.O)
 .data          0x000000000602d8b0        0x0 ../../Compiler/SGL_302j/LIB_COFF/LIBCD.A(CDC_REG.O)
 .data          0x000000000602d8b0        0x0 ../../Compiler/SGL_302j/LIB_COFF/LIBCD.A(CDC_SUB.O)
 .data          0x000000000602d8b0        0x0 ../../Compiler/SGL_302j/LIB_COFF/LIBCD.A(GFS.O)
 .data          0x000000000602d8b0        0x0 ../../Compiler/SGL_302j/LIB_COFF/LIBCD.A(GFS_BUF.O)
 .data          0x000000000602d8b0        0x0 ../../Compiler/SGL_302j/LIB_COFF/LIBCD.A(GFS_CDB.O)
 .data          0x000000000602d8b0        0x0 ../../Compiler/SGL_302j/LIB_COFF/LIBCD.A(GFS_CDC.O)
 .data          0x000000000602d8b0        0x0 ../../Compiler/SGL_302j/LIB_COFF/LIBCD.A(GFS_CDF.O)
 .data          0x000000000602d8b0        0x0 ../../Compiler/SGL_302j/LIB_COFF/LIBCD.A(GFS_DIR.O)
 .data          0x000000000602d8b0        0x0 ../../Compiler/SGL_302j/LIB_COFF/LIBCD.A(GFS_TRN.O)
 .data          0x000000000602d8b0        0x0 ../../Compiler/SGL_302j/LIB_COFF/LIBCD.A(CDC_DRV.O)
 .data          0x000000000602d8b0        0x0 ../../Compiler/SGL_302j/LIB_COFF/LIBCD.A(CDC_DEV.O)
 .data          0x000000000602d8b0        0x0 ../../Compiler/SGL_302j/LIB_COFF/LIBCD.A(CDC_SEL.O)
 .data          0x000000000602d8b0        0x0 ../../Compiler/SGL_302j/LIB_COFF/LIBCD.A(CDC_BIF.O)
 .data          0x000000000602d8b0        0x0 ../../Compiler/SGL_302j/LIB_COFF/LIBCD.A(CDC_BIO.O)
 .data          0x000000000602d8b0        0x0 ../../Compiler/SGL_302j/LIB_COFF/LIBSGL.A(sglA15.o)
 .data          0x000000000602d8b0        0x0 ../../Compiler/SGL_302j/LIB_COFF/LIBSGL.A(sglA20.o)
 .data          0x000000000602d8b0        0x0 ../../Compiler/SGL_302j/LIB_COFF/LIBSGL.A(sglA21.o)
 .data          0x000000000602d8b0        0x0 ../../Compiler/SGL_302j/LIB_COFF/LIBSGL.A(sglA27.o)
 .data          0x000000000602d8b0        0x0 ../../Compiler/SGL_302j/LIB_COFF/LIBSGL.A(sglB001.o)
 .data          0x000000000602d8b0        0x0 ../../Compiler/SGL_302j/LIB_COFF/LIBSGL.A(sglB011.o)
 .data          0x000000000602d8b0        0x0 ../../Compiler/SGL_302j/LIB_COFF/LIBSGL.A(sglB015.o)
 .data          0x000000000602d8b0        0x0 ../../Compiler/SGL_302j/LIB_COFF/LIBSGL.A(sglB016.o)
 .data          0x000000000602d8b0        0x0 ../../Compiler/SGL_302j/LIB_COFF/LIBSGL.A(sglB032.o)
 .data          0x000000000602d8b0        0x0 ../../Compiler/SGL_302j/LIB_COFF/LIBSGL.A(sglB053.o)
 .data          0x000000000602d8b0        0x0 ../../Compiler/SGL_302j/LIB_COFF/LIBSGL.A(sglB056.o)
 .data          0x000000000602d8b0        0x0 ../../Compiler/SGL_302j/LIB_COFF/LIBSGL.A(sglB063.o)
 .data          0x000000000602d8b0        0x0 ../../Compiler/SGL_302j/LIB_COFF/LIBSGL.A(sglB200.o)
 .data          0x000000000602d8b0        0x0 ../../Compiler/SGL_302j/LIB_COFF/LIBSGL.A(sglC05.o)
 .data          0x000000000602d8b0        0x0 ../../Compiler/SGL_302j/LIB_COFF/LIBSGL.A(sglC06.o)
 .data          0x000000000602d8b0        0x0 ../../Compiler/SGL_302j/LIB_COFF/LIBSGL.A(sglC07.o)
 .data          0x000000000602d8b0        0x0 ../../Compiler/SGL_302j/LIB_COFF/LIBSGL.A(sglC08.o)
 .data          0x000000000602d8b0        0x0 ../../Compiler/SGL_302j/LIB_COFF/LIBSGL.A(sglC20.o)
 .data          0x000000000602d8b0        0x0 ../../Compiler/SGL_302j/LIB_COFF/LIBSGL.A(sglD00.o)
 .data          0x000000000602d8b0        0x0 ../../Compiler/SGL_302j/LIB_COFF/LIBSGL.A(sglD01.o)
 .data          0x000000000602d8b0        0x0 ../../Compiler/SGL_302j/LIB_COFF/LIBSGL.A(sglD03.o)
 .data          0x000000000602d8b0        0x0 ../../Compiler/SGL_302j/LIB_COFF/LIBSGL.A(sglD15.o)
 .data          0x000000000602d8b0        0x0 ../../Compiler/SGL_302j/LIB_COFF/LIBSGL.A(sglD16.o)
 .data          0x000000000602d8b0        0x0 ../../Compiler/SGL_302j/LIB_COFF/LIBSGL.A(sglD17.o)
 .data          0x000000000602d8b0        0x0 ../../Compiler/SGL_302j/LIB_COFF/LIBSGL.A(sglD18.o)
 .data          0x000000000602d8b0        0x0 ../../Compiler/SGL_302j/LIB_COFF/LIBSGL.A(sglF00.o)
 .data          0x000000000602d8b0        0x0 ../../Compiler/SGL_302j/LIB_COFF/LIBSGL.A(sglF05.o)
 .data          0x000000000602d8b0        0x0 ../../Compiler/SGL_302j/LIB_COFF/LIBSGL.A(sglH00.o)
 .data          0x000000000602d8b0        0x0 ../../Compiler/SGL_302j/LIB_COFF/LIBSGL.A(sglH01.o)
 .data          0x000000000602d8b0        0x0 ../../Compiler/SGL_302j/LIB_COFF/LIBSGL.A(sglH02.o)
 .data          0x000000000602d8b0        0x0 ../../Compiler/SGL_302j/LIB_COFF/LIBSGL.A(sglH04.o)
 .data          0x000000000602d8b0        0x0 ../../Compiler/SGL_302j/LIB_COFF/LIBSGL.A(sglI01.o)
 .data          0x000000000602d8b0       0x80 ../../Compiler/SGL_302j/LIB_COFF/LIBSGL.A(sglIc0.o)
                0x000000000602d8b0                IntPrioMask
 .data          0x000000000602d930        0x0 ../../Compiler/SGL_302j/LIB_COFF/LIBSGL.A(sglJ00.o)
 .data          0x000000000602d930        0x0 ../../Compiler/SGL_302j/LIB_COFF/LIBSGL.A(sglJ01.o)
 .data          0x000000000602d930        0x0 ../../Compiler/SGL_302j/LIB_COFF/LIBSGL.A(sglJ02.o)
 .data          0x000000000602d930        0x0 ../../Compiler/SGL_302j/LIB_COFF/LIBSGL.A(sglJ03.o)
 .data          0x000000000602d930        0x0 ../../Compiler/SGL_302j/LIB_COFF/LIBSGL.A(sglJ04.o)
 .data          0x000000000602d930        0x0 ../../Compiler/SGL_302j/LIB_COFF/LIBSGL.A(sglJ05.o)
 .data          0x000000000602d930        0x0 ../../Compiler/SGL_302j/LIB_COFF/LIBSGL.A(sglK01.o)
 .data          0x000000000602d930        0x0 ../../Compiler/SGL_302j/LIB_COFF/LIBSGL.A(sglM01.o)
 .data          0x000000000602d930        0x0 ../../Compiler/SGL_302j/LIB_COFF/LIBSGL.A(sglA00.o)
 .data          0x000000000602d930        0x0 ../../Compiler/SGL_302j/LIB_COFF/LIBSGL.A(sglA01.o)
 .data          0x000000000602d930        0x0 ../../Compiler/SGL_302j/LIB_COFF/LIBSGL.A(sglB000.o)
 .data          0x000000000602d930        0x0 ../../Compiler/SGL_302j/LIB_COFF/LIBSGL.A(sglB035.o)
 .data          0x000000000602d930        0x0 ../../Compiler/SGL_302j/LIB_COFF/LIBSGL.A(sglC00.o)
 .data          0x000000000602d930        0x0 ../../Compiler/SGL_302j/LIB_COFF/LIBSGL.A(sglI00.o)
 .data          0x000000000602d930        0x0 ../../Compiler/SGL_302j/LIB_COFF/LIBSGL.A(sglH03.o)
 .data          0x000000000602d930        0x0 /home/sansigolo/Documents/joengine/Compiler/SH_NONE_ELF/bin/../lib/gcc/sh-none-elf/8.2.0/libgcc.a(_ashiftrt.o)
 .data          0x000000000602d930        0x0 /home/sansigolo/Documents/joengine/Compiler/SH_NONE_ELF/bin/../lib/gcc/sh-none-elf/8.2.0/libgcc.a(_sdivsi3.o)
 .data          0x000000000602d930        0x0 /home/sansigolo/Documents/joengine/Compiler/SH_NONE_ELF/bin/../lib/gcc/sh-none-elf/8.2.0/libgcc.a(_udivsi3.o)
 .data          0x000000000602d930        0x0 /home/sansigolo/Documents/joengine/Compiler/SH_NONE_ELF/bin/../lib/gcc/sh-none-elf/8.2.0/libgcc.a(_mul_sf.o)
 .data          0x000000000602d930        0x0 /home/sansigolo/Documents/joengine/Compiler/SH_NONE_ELF/bin/../lib/gcc/sh-none-elf/8.2.0/libgcc.a(_div_sf.o)
 .data          0x000000000602d930        0x0 /home/sansigolo/Documents/joengine/Compiler/SH_NONE_ELF/bin/../lib/gcc/sh-none-elf/8.2.0/libgcc.a(_sf_to_si.o)
 .data          0x000000000602d930        0x0 /home/sansigolo/Documents/joengine/Compiler/SH_NONE_ELF/bin/../lib/gcc/sh-none-elf/8.2.0/libgcc.a(_thenan_sf.o)
 .data          0x000000000602d930        0x0 /home/sansigolo/Documents/joengine/Compiler/SH_NONE_ELF/bin/../lib/gcc/sh-none-elf/8.2.0/libgcc.a(_usi_to_sf.o)
 .data          0x000000000602d930        0x0 /home/sansigolo/Documents/joengine/Compiler/SH_NONE_ELF/bin/../lib/gcc/sh-none-elf/8.2.0/libgcc.a(_pack_sf.o)
 .data          0x000000000602d930        0x0 /home/sansigolo/Documents/joengine/Compiler/SH_NONE_ELF/bin/../lib/gcc/sh-none-elf/8.2.0/libgcc.a(_unpack_sf.o)
 .data          0x000000000602d930        0x0 /home/sansigolo/Documents/joengine/Compiler/SH_NONE_ELF/bin/../lib/gcc/sh-none-elf/8.2.0/../../../../sh-none-elf/lib/libc.a(lib_a-memcmp.o)
 .data          0x000000000602d930        0x0 /home/sansigolo/Documents/joengine/Compiler/SH_NONE_ELF/bin/../lib/gcc/sh-none-elf/8.2.0/../../../../sh-none-elf/lib/libc.a(lib_a-memcpy.o)
 .data          0x000000000602d930        0x0 /home/sansigolo/Documents/joengine/Compiler/SH_NONE_ELF/bin/../lib/gcc/sh-none-elf/8.2.0/../../../../sh-none-elf/lib/libc.a(lib_a-memset.o)
 .data          0x000000000602d930        0x0 /home/sansigolo/Documents/joengine/Compiler/SH_NONE_ELF/bin/../lib/gcc/sh-none-elf/8.2.0/../../../../sh-none-elf/lib/libc.a(lib_a-sprintf.o)
 .data          0x000000000602d930        0x0 /home/sansigolo/Documents/joengine/Compiler/SH_NONE_ELF/bin/../lib/gcc/sh-none-elf/8.2.0/../../../../sh-none-elf/lib/libc.a(lib_a-strncmp.o)
 .data          0x000000000602d930        0x0 /home/sansigolo/Documents/joengine/Compiler/SH_NONE_ELF/bin/../lib/gcc/sh-none-elf/8.2.0/../../../../sh-none-elf/lib/libc.a(lib_a-strncpy.o)
 .data          0x000000000602d930        0x0 /home/sansigolo/Documents/joengine/Compiler/SH_NONE_ELF/bin/../lib/gcc/sh-none-elf/8.2.0/../../../../sh-none-elf/lib/libc.a(lib_a-svfprintf.o)
 .data          0x000000000602d930        0x0 /home/sansigolo/Documents/joengine/Compiler/SH_NONE_ELF/bin/../lib/gcc/sh-none-elf/8.2.0/../../../../sh-none-elf/lib/libc.a(lib_a-dtoa.o)
 .data          0x000000000602d930      0x428 /home/sansigolo/Documents/joengine/Compiler/SH_NONE_ELF/bin/../lib/gcc/sh-none-elf/8.2.0/../../../../sh-none-elf/lib/libc.a(lib_a-impure.o)
                0x000000000602d930                _impure_ptr
 .data          0x000000000602dd58        0x0 /home/sansigolo/Documents/joengine/Compiler/SH_NONE_ELF/bin/../lib/gcc/sh-none-elf/8.2.0/../../../../sh-none-elf/lib/libc.a(lib_a-localeconv.o)
 .data          0x000000000602dd58      0x16c /home/sansigolo/Documents/joengine/Compiler/SH_NONE_ELF/bin/../lib/gcc/sh-none-elf/8.2.0/../../../../sh-none-elf/lib/libc.a(lib_a-locale.o)
                0x000000000602dd58                __global_locale
 .data          0x000000000602dec4        0x0 /home/sansigolo/Documents/joengine/Compiler/SH_NONE_ELF/bin/../lib/gcc/sh-none-elf/8.2.0/../../../../sh-none-elf/lib/libc.a(lib_a-mbtowc_r.o)
 .data          0x000000000602dec4        0x0 /home/sansigolo/Documents/joengine/Compiler/SH_NONE_ELF/bin/../lib/gcc/sh-none-elf/8.2.0/../../../../sh-none-elf/lib/libc.a(lib_a-memchr.o)
 .data          0x000000000602dec4        0x0 /home/sansigolo/Documents/joengine/Compiler/SH_NONE_ELF/bin/../lib/gcc/sh-none-elf/8.2.0/../../../../sh-none-elf/lib/libc.a(lib_a-mprec.o)
 .data          0x000000000602dec4        0x0 /home/sansigolo/Documents/joengine/Compiler/SH_NONE_ELF/bin/../lib/gcc/sh-none-elf/8.2.0/../../../../sh-none-elf/lib/libc.a(lib_a-nano-callocr.o)
 .data          0x000000000602dec4        0x0 /home/sansigolo/Documents/joengine/Compiler/SH_NONE_ELF/bin/../lib/gcc/sh-none-elf/8.2.0/../../../../sh-none-elf/lib/libc.a(lib_a-nano-mallocr.o)
 .data          0x000000000602dec4        0x0 /home/sansigolo/Documents/joengine/Compiler/SH_NONE_ELF/bin/../lib/gcc/sh-none-elf/8.2.0/../../../../sh-none-elf/lib/libc.a(lib_a-sbrkr.o)
 .data          0x000000000602dec4        0x0 /home/sansigolo/Documents/joengine/Compiler/SH_NONE_ELF/bin/../lib/gcc/sh-none-elf/8.2.0/../../../../sh-none-elf/lib/libc.a(lib_a-strcmp.o)
 .data          0x000000000602dec4        0x0 /home/sansigolo/Documents/joengine/Compiler/SH_NONE_ELF/bin/../lib/gcc/sh-none-elf/8.2.0/../../../../sh-none-elf/lib/libc.a(lib_a-strlen.o)
 .data          0x000000000602dec4        0x0 /home/sansigolo/Documents/joengine/Compiler/SH_NONE_ELF/bin/../lib/gcc/sh-none-elf/8.2.0/../../../../sh-none-elf/lib/libc.a(lib_a-svfiprintf.o)
 .data          0x000000000602dec4        0x0 /home/sansigolo/Documents/joengine/Compiler/SH_NONE_ELF/bin/../lib/gcc/sh-none-elf/8.2.0/../../../../sh-none-elf/lib/libc.a(lib_a-syscalls.o)
 .data          0x000000000602dec4        0x0 /home/sansigolo/Documents/joengine/Compiler/SH_NONE_ELF/bin/../lib/gcc/sh-none-elf/8.2.0/../../../../sh-none-elf/lib/libc.a(lib_a-trap.o)
 .data          0x000000000602dec4        0x0 /home/sansigolo/Documents/joengine/Compiler/SH_NONE_ELF/bin/../lib/gcc/sh-none-elf/8.2.0/../../../../sh-none-elf/lib/libc.a(lib_a-wctomb_r.o)
 .data          0x000000000602dec4        0x0 /home/sansigolo/Documents/joengine/Compiler/SH_NONE_ELF/bin/../lib/gcc/sh-none-elf/8.2.0/../../../../sh-none-elf/lib/libc.a(lib_a-abort.o)
 .data          0x000000000602dec4        0x0 /home/sansigolo/Documents/joengine/Compiler/SH_NONE_ELF/bin/../lib/gcc/sh-none-elf/8.2.0/../../../../sh-none-elf/lib/libc.a(lib_a-ctype_.o)
 .data          0x000000000602dec4        0x0 /home/sansigolo/Documents/joengine/Compiler/SH_NONE_ELF/bin/../lib/gcc/sh-none-elf/8.2.0/../../../../sh-none-elf/lib/libc.a(lib_a-memmove.o)
 .data          0x000000000602dec4        0x0 /home/sansigolo/Documents/joengine/Compiler/SH_NONE_ELF/bin/../lib/gcc/sh-none-elf/8.2.0/../../../../sh-none-elf/lib/libc.a(lib_a-mlock.o)
 .data          0x000000000602dec4        0x0 /home/sansigolo/Documents/joengine/Compiler/SH_NONE_ELF/bin/../lib/gcc/sh-none-elf/8.2.0/../../../../sh-none-elf/lib/libc.a(lib_a-nano-freer.o)
 .data          0x000000000602dec4        0x0 /home/sansigolo/Documents/joengine/Compiler/SH_NONE_ELF/bin/../lib/gcc/sh-none-elf/8.2.0/../../../../sh-none-elf/lib/libc.a(lib_a-nano-reallocr.o)
 .data          0x000000000602dec4        0x0 /home/sansigolo/Documents/joengine/Compiler/SH_NONE_ELF/bin/../lib/gcc/sh-none-elf/8.2.0/../../../../sh-none-elf/lib/libc.a(lib_a-signal.o)
 .data          0x000000000602dec4        0x0 /home/sansigolo/Documents/joengine/Compiler/SH_NONE_ELF/bin/../lib/gcc/sh-none-elf/8.2.0/../../../../sh-none-elf/lib/libc.a(lib_a-signalr.o)
 .data          0x000000000602dec4        0x0 /home/sansigolo/Documents/joengine/Compiler/SH_NONE_ELF/bin/../lib/gcc/sh-none-elf/8.2.0/../../../../sh-none-elf/lib/libc.a(lib_a-nano-msizer.o)
 .data          0x000000000602dec4        0x0 /home/sansigolo/Documents/joengine/Compiler/SH_NONE_ELF/bin/../lib/gcc/sh-none-elf/8.2.0/libgcc.a(_ashiftrt_n.o)
 .data          0x000000000602dec4        0x0 /home/sansigolo/Documents/joengine/Compiler/SH_NONE_ELF/bin/../lib/gcc/sh-none-elf/8.2.0/libgcc.a(_ashiftlt.o)
 .data          0x000000000602dec4        0x0 /home/sansigolo/Documents/joengine/Compiler/SH_NONE_ELF/bin/../lib/gcc/sh-none-elf/8.2.0/libgcc.a(_lshiftrt.o)
 .data          0x000000000602dec4        0x0 /home/sansigolo/Documents/joengine/Compiler/SH_NONE_ELF/bin/../lib/gcc/sh-none-elf/8.2.0/libgcc.a(_udivdi3.o)
 .data          0x000000000602dec4        0x0 /home/sansigolo/Documents/joengine/Compiler/SH_NONE_ELF/bin/../lib/gcc/sh-none-elf/8.2.0/libgcc.a(_umoddi3.o)
 .data          0x000000000602dec4        0x0 /home/sansigolo/Documents/joengine/Compiler/SH_NONE_ELF/bin/../lib/gcc/sh-none-elf/8.2.0/libgcc.a(_addsub_df.o)
 .data          0x000000000602dec4        0x0 /home/sansigolo/Documents/joengine/Compiler/SH_NONE_ELF/bin/../lib/gcc/sh-none-elf/8.2.0/libgcc.a(_mul_df.o)
 .data          0x000000000602dec4        0x0 /home/sansigolo/Documents/joengine/Compiler/SH_NONE_ELF/bin/../lib/gcc/sh-none-elf/8.2.0/libgcc.a(_div_df.o)
 .data          0x000000000602dec4        0x0 /home/sansigolo/Documents/joengine/Compiler/SH_NONE_ELF/bin/../lib/gcc/sh-none-elf/8.2.0/libgcc.a(_eq_df.o)
 .data          0x000000000602dec4        0x0 /home/sansigolo/Documents/joengine/Compiler/SH_NONE_ELF/bin/../lib/gcc/sh-none-elf/8.2.0/libgcc.a(_ne_df.o)
 .data          0x000000000602dec4        0x0 /home/sansigolo/Documents/joengine/Compiler/SH_NONE_ELF/bin/../lib/gcc/sh-none-elf/8.2.0/libgcc.a(_gt_df.o)
 .data          0x000000000602dec4        0x0 /home/sansigolo/Documents/joengine/Compiler/SH_NONE_ELF/bin/../lib/gcc/sh-none-elf/8.2.0/libgcc.a(_ge_df.o)
 .data          0x000000000602dec4        0x0 /home/sansigolo/Documents/joengine/Compiler/SH_NONE_ELF/bin/../lib/gcc/sh-none-elf/8.2.0/libgcc.a(_lt_df.o)
 .data          0x000000000602dec4        0x0 /home/sansigolo/Documents/joengine/Compiler/SH_NONE_ELF/bin/../lib/gcc/sh-none-elf/8.2.0/libgcc.a(_le_df.o)
 .data          0x000000000602dec4        0x0 /home/sansigolo/Documents/joengine/Compiler/SH_NONE_ELF/bin/../lib/gcc/sh-none-elf/8.2.0/libgcc.a(_unord_df.o)
 .data          0x000000000602dec4        0x0 /home/sansigolo/Documents/joengine/Compiler/SH_NONE_ELF/bin/../lib/gcc/sh-none-elf/8.2.0/libgcc.a(_si_to_df.o)
 .data          0x000000000602dec4        0x0 /home/sansigolo/Documents/joengine/Compiler/SH_NONE_ELF/bin/../lib/gcc/sh-none-elf/8.2.0/libgcc.a(_df_to_si.o)
 .data          0x000000000602dec4        0x0 /home/sansigolo/Documents/joengine/Compiler/SH_NONE_ELF/bin/../lib/gcc/sh-none-elf/8.2.0/libgcc.a(_thenan_df.o)
 .data          0x000000000602dec4        0x0 /home/sansigolo/Documents/joengine/Compiler/SH_NONE_ELF/bin/../lib/gcc/sh-none-elf/8.2.0/libgcc.a(_usi_to_df.o)
 .data          0x000000000602dec4        0x0 /home/sansigolo/Documents/joengine/Compiler/SH_NONE_ELF/bin/../lib/gcc/sh-none-elf/8.2.0/libgcc.a(_udiv_qrnnd_16.o)
 .data          0x000000000602dec4        0x0 /home/sansigolo/Documents/joengine/Compiler/SH_NONE_ELF/bin/../lib/gcc/sh-none-elf/8.2.0/libgcc.a(_clz.o)
 .data          0x000000000602dec4        0x0 /home/sansigolo/Documents/joengine/Compiler/SH_NONE_ELF/bin/../lib/gcc/sh-none-elf/8.2.0/libgcc.a(_clzsi2.o)
 .data          0x000000000602dec4        0x0 /home/sansigolo/Documents/joengine/Compiler/SH_NONE_ELF/bin/../lib/gcc/sh-none-elf/8.2.0/libgcc.a(_pack_df.o)
 .data          0x000000000602dec4        0x0 /home/sansigolo/Documents/joengine/Compiler/SH_NONE_ELF/bin/../lib/gcc/sh-none-elf/8.2.0/libgcc.a(_unpack_df.o)
 .data          0x000000000602dec4        0x0 /home/sansigolo/Documents/joengine/Compiler/SH_NONE_ELF/bin/../lib/gcc/sh-none-elf/8.2.0/libgcc.a(_fpcmp_parts_df.o)
                0x000000000602dec4                __edata = .

.bss            0x000000000602ded0    0x82f1c
                0x000000000602ded0                __bstart = .
 *(.bss)
 .bss           0x000000000602ded0        0x0 ../../Compiler/SGL_302j/LIB_COFF/SGLAREA.O
 .bss           0x000000000602ded0    0x82e98 /tmp/ccKVe7Lk.ltrans0.ltrans.o
 *fill*         0x00000000060b0d68        0x8 
 .bss           0x00000000060b0d70        0x4 ../../Compiler/SGL_302j/LIB_COFF/SEGA_SYS.A(sys_exit.o)
 *fill*         0x00000000060b0d74        0xc 
 .bss           0x00000000060b0d80        0x0 ../../Compiler/SGL_302j/LIB_COFF/SEGA_SYS.A(sys_sub.o)
 .bss           0x00000000060b0d80        0x0 ../../Compiler/SGL_302j/LIB_COFF/LIBCD.A(CDC_CMN.O)
 .bss           0x00000000060b0d80        0x0 ../../Compiler/SGL_302j/LIB_COFF/LIBCD.A(CDC_CFS.O)
 .bss           0x00000000060b0d80        0x2 ../../Compiler/SGL_302j/LIB_COFF/LIBCD.A(CDC_REG.O)
 *fill*         0x00000000060b0d82        0xe 
 .bss           0x00000000060b0d90        0xc ../../Compiler/SGL_302j/LIB_COFF/LIBCD.A(CDC_SUB.O)
 *fill*         0x00000000060b0d9c        0x4 
 .bss           0x00000000060b0da0        0x0 ../../Compiler/SGL_302j/LIB_COFF/LIBCD.A(GFS.O)
 .bss           0x00000000060b0da0        0x0 ../../Compiler/SGL_302j/LIB_COFF/LIBCD.A(GFS_BUF.O)
 .bss           0x00000000060b0da0        0x0 ../../Compiler/SGL_302j/LIB_COFF/LIBCD.A(GFS_CDB.O)
 .bss           0x00000000060b0da0        0x0 ../../Compiler/SGL_302j/LIB_COFF/LIBCD.A(GFS_CDC.O)
 .bss           0x00000000060b0da0        0x0 ../../Compiler/SGL_302j/LIB_COFF/LIBCD.A(GFS_CDF.O)
 .bss           0x00000000060b0da0        0x0 ../../Compiler/SGL_302j/LIB_COFF/LIBCD.A(GFS_DIR.O)
 .bss           0x00000000060b0da0        0xc ../../Compiler/SGL_302j/LIB_COFF/LIBCD.A(GFS_TRN.O)
 *fill*         0x00000000060b0dac        0x4 
 .bss           0x00000000060b0db0        0x0 ../../Compiler/SGL_302j/LIB_COFF/LIBCD.A(CDC_DRV.O)
 .bss           0x00000000060b0db0        0x0 ../../Compiler/SGL_302j/LIB_COFF/LIBCD.A(CDC_DEV.O)
 .bss           0x00000000060b0db0        0x0 ../../Compiler/SGL_302j/LIB_COFF/LIBCD.A(CDC_SEL.O)
 .bss           0x00000000060b0db0        0x0 ../../Compiler/SGL_302j/LIB_COFF/LIBCD.A(CDC_BIF.O)
 .bss           0x00000000060b0db0        0x0 ../../Compiler/SGL_302j/LIB_COFF/LIBCD.A(CDC_BIO.O)
 .bss           0x00000000060b0db0        0x0 ../../Compiler/SGL_302j/LIB_COFF/LIBSGL.A(sglA15.o)
 .bss           0x00000000060b0db0        0x0 ../../Compiler/SGL_302j/LIB_COFF/LIBSGL.A(sglA20.o)
 .bss           0x00000000060b0db0        0x0 ../../Compiler/SGL_302j/LIB_COFF/LIBSGL.A(sglA21.o)
 .bss           0x00000000060b0db0        0x0 ../../Compiler/SGL_302j/LIB_COFF/LIBSGL.A(sglA27.o)
 .bss           0x00000000060b0db0        0x0 ../../Compiler/SGL_302j/LIB_COFF/LIBSGL.A(sglB001.o)
 .bss           0x00000000060b0db0        0x0 ../../Compiler/SGL_302j/LIB_COFF/LIBSGL.A(sglB011.o)
 .bss           0x00000000060b0db0        0x0 ../../Compiler/SGL_302j/LIB_COFF/LIBSGL.A(sglB015.o)
 .bss           0x00000000060b0db0        0x0 ../../Compiler/SGL_302j/LIB_COFF/LIBSGL.A(sglB016.o)
 .bss           0x00000000060b0db0        0x0 ../../Compiler/SGL_302j/LIB_COFF/LIBSGL.A(sglB032.o)
 .bss           0x00000000060b0db0        0x0 ../../Compiler/SGL_302j/LIB_COFF/LIBSGL.A(sglB053.o)
 .bss           0x00000000060b0db0        0x0 ../../Compiler/SGL_302j/LIB_COFF/LIBSGL.A(sglB056.o)
 .bss           0x00000000060b0db0        0x0 ../../Compiler/SGL_302j/LIB_COFF/LIBSGL.A(sglB063.o)
 .bss           0x00000000060b0db0        0x0 ../../Compiler/SGL_302j/LIB_COFF/LIBSGL.A(sglB200.o)
 .bss           0x00000000060b0db0        0x0 ../../Compiler/SGL_302j/LIB_COFF/LIBSGL.A(sglC05.o)
 .bss           0x00000000060b0db0        0x0 ../../Compiler/SGL_302j/LIB_COFF/LIBSGL.A(sglC06.o)
 .bss           0x00000000060b0db0        0x0 ../../Compiler/SGL_302j/LIB_COFF/LIBSGL.A(sglC07.o)
 .bss           0x00000000060b0db0        0x0 ../../Compiler/SGL_302j/LIB_COFF/LIBSGL.A(sglC08.o)
 .bss           0x00000000060b0db0        0x0 ../../Compiler/SGL_302j/LIB_COFF/LIBSGL.A(sglC20.o)
 .bss           0x00000000060b0db0        0x0 ../../Compiler/SGL_302j/LIB_COFF/LIBSGL.A(sglD00.o)
 .bss           0x00000000060b0db0        0x0 ../../Compiler/SGL_302j/LIB_COFF/LIBSGL.A(sglD01.o)
 .bss           0x00000000060b0db0        0x0 ../../Compiler/SGL_302j/LIB_COFF/LIBSGL.A(sglD03.o)
 .bss           0x00000000060b0db0        0x0 ../../Compiler/SGL_302j/LIB_COFF/LIBSGL.A(sglD15.o)
 .bss           0x00000000060b0db0        0x0 ../../Compiler/SGL_302j/LIB_COFF/LIBSGL.A(sglD16.o)
 .bss           0x00000000060b0db0        0x0 ../../Compiler/SGL_302j/LIB_COFF/LIBSGL.A(sglD17.o)
 .bss           0x00000000060b0db0        0x0 ../../Compiler/SGL_302j/LIB_COFF/LIBSGL.A(sglD18.o)
 .bss           0x00000000060b0db0        0x0 ../../Compiler/SGL_302j/LIB_COFF/LIBSGL.A(sglF00.o)
 .bss           0x00000000060b0db0        0x0 ../../Compiler/SGL_302j/LIB_COFF/LIBSGL.A(sglF05.o)
 .bss           0x00000000060b0db0        0x0 ../../Compiler/SGL_302j/LIB_COFF/LIBSGL.A(sglH00.o)
 .bss           0x00000000060b0db0        0x0 ../../Compiler/SGL_302j/LIB_COFF/LIBSGL.A(sglH01.o)
 .bss           0x00000000060b0db0        0x0 ../../Compiler/SGL_302j/LIB_COFF/LIBSGL.A(sglH02.o)
 .bss           0x00000000060b0db0        0x0 ../../Compiler/SGL_302j/LIB_COFF/LIBSGL.A(sglH04.o)
 .bss           0x00000000060b0db0        0x0 ../../Compiler/SGL_302j/LIB_COFF/LIBSGL.A(sglI01.o)
 .bss           0x00000000060b0db0        0x0 ../../Compiler/SGL_302j/LIB_COFF/LIBSGL.A(sglIc0.o)
 .bss           0x00000000060b0db0        0x0 ../../Compiler/SGL_302j/LIB_COFF/LIBSGL.A(sglJ00.o)
 .bss           0x00000000060b0db0        0x0 ../../Compiler/SGL_302j/LIB_COFF/LIBSGL.A(sglJ01.o)
 .bss           0x00000000060b0db0        0x0 ../../Compiler/SGL_302j/LIB_COFF/LIBSGL.A(sglJ02.o)
 .bss           0x00000000060b0db0        0x0 ../../Compiler/SGL_302j/LIB_COFF/LIBSGL.A(sglJ03.o)
 .bss           0x00000000060b0db0        0x0 ../../Compiler/SGL_302j/LIB_COFF/LIBSGL.A(sglJ04.o)
 .bss           0x00000000060b0db0        0x0 ../../Compiler/SGL_302j/LIB_COFF/LIBSGL.A(sglJ05.o)
 .bss           0x00000000060b0db0        0x0 ../../Compiler/SGL_302j/LIB_COFF/LIBSGL.A(sglK01.o)
 .bss           0x00000000060b0db0        0x0 ../../Compiler/SGL_302j/LIB_COFF/LIBSGL.A(sglM01.o)
 .bss           0x00000000060b0db0        0x0 ../../Compiler/SGL_302j/LIB_COFF/LIBSGL.A(sglA00.o)
 .bss           0x00000000060b0db0        0x0 ../../Compiler/SGL_302j/LIB_COFF/LIBSGL.A(sglA01.o)
 .bss           0x00000000060b0db0        0x0 ../../Compiler/SGL_302j/LIB_COFF/LIBSGL.A(sglB000.o)
 .bss           0x00000000060b0db0        0x0 ../../Compiler/SGL_302j/LIB_COFF/LIBSGL.A(sglB035.o)
 .bss           0x00000000060b0db0        0x0 ../../Compiler/SGL_302j/LIB_COFF/LIBSGL.A(sglC00.o)