Archive member included to satisfy reference by file (symbol)

../../Compiler/SGL_302j/LIB_COFF/SEGA_SYS.A(sys_exit.o)
                              ../../jo_engine/core.o (symbol from plugin) (SYS_Exit)
../../Compiler/SGL_302j/LIB_COFF/SEGA_SYS.A(sys_sub.o)
                              ../../Compiler/SGL_302j/LIB_COFF/SEGA_SYS.A(sys_exit.o) (SYSUB_SetStackptr)
../../Compiler/SGL_302j/LIB_COFF/LIBCD.A(CDC_CMN.O)
                              ../../Compiler/SGL_302j/LIB_COFF/SEGA_SYS.A(sys_exit.o) (CDC_GetCurStat)
../../Compiler/SGL_302j/LIB_COFF/LIBCD.A(CDC_CFS.O)
                              ../../Compiler/SGL_302j/LIB_COFF/SEGA_SYS.A(sys_exit.o) (CDC_ChgDir)
../../Compiler/SGL_302j/LIB_COFF/LIBCD.A(CDC_REG.O)
                              ../../Compiler/SGL_302j/LIB_COFF/SEGA_SYS.A(sys_exit.o) (CDC_GetHirqReq)
../../Compiler/SGL_302j/LIB_COFF/LIBCD.A(CDC_SUB.O)
                              ../../Compiler/SGL_302j/LIB_COFF/LIBCD.A(CDC_CMN.O) (CDSUB_UpdStatus)
../../Compiler/SGL_302j/LIB_COFF/LIBCD.A(GFS.O)
                              ../../jo_engine/fs.o (symbol from plugin) (GFS_Init)
../../Compiler/SGL_302j/LIB_COFF/LIBCD.A(GFS_BUF.O)
                              ../../Compiler/SGL_302j/LIB_COFF/LIBCD.A(GFS.O) (GFBF_GetNumData)
../../Compiler/SGL_302j/LIB_COFF/LIBCD.A(GFS_CDB.O)
                              ../../Compiler/SGL_302j/LIB_COFF/LIBCD.A(GFS.O) (GFCB_Close)
../../Compiler/SGL_302j/LIB_COFF/LIBCD.A(GFS_CDC.O)
                              ../../Compiler/SGL_302j/LIB_COFF/LIBCD.A(GFS.O) (GFCD_SetCdbfs)
../../Compiler/SGL_302j/LIB_COFF/LIBCD.A(GFS_CDF.O)
                              ../../Compiler/SGL_302j/LIB_COFF/LIBCD.A(GFS.O) (GFCF_Init)
../../Compiler/SGL_302j/LIB_COFF/LIBCD.A(GFS_DIR.O)
                              ../../Compiler/SGL_302j/LIB_COFF/LIBCD.A(GFS.O) (GFDR_SetupDirTbl)
../../Compiler/SGL_302j/LIB_COFF/LIBCD.A(GFS_TRN.O)
                              ../../Compiler/SGL_302j/LIB_COFF/LIBCD.A(GFS.O) (GFTR_Setup)
../../Compiler/SGL_302j/LIB_COFF/LIBCD.A(CDC_DRV.O)
                              ../../Compiler/SGL_302j/LIB_COFF/LIBCD.A(GFS_CDC.O) (CDC_CdPlay)
../../Compiler/SGL_302j/LIB_COFF/LIBCD.A(CDC_DEV.O)
                              ../../Compiler/SGL_302j/LIB_COFF/LIBCD.A(GFS_CDC.O) (CDC_CdSetCon)
../../Compiler/SGL_302j/LIB_COFF/LIBCD.A(CDC_SEL.O)
                              ../../Compiler/SGL_302j/LIB_COFF/LIBCD.A(GFS_CDC.O) (CDC_SetFiltRange)
../../Compiler/SGL_302j/LIB_COFF/LIBCD.A(CDC_BIF.O)
                              ../../Compiler/SGL_302j/LIB_COFF/LIBCD.A(GFS_CDC.O) (CDC_GetBufSiz)
../../Compiler/SGL_302j/LIB_COFF/LIBCD.A(CDC_BIO.O)
                              ../../Compiler/SGL_302j/LIB_COFF/LIBCD.A(GFS_CDC.O) (CDC_SetSctLen)
../../Compiler/SGL_302j/LIB_COFF/LIBSGL.A(sglA15.o)
                              ../../jo_engine/core.o (symbol from plugin) (slSlaveFunc)
../../Compiler/SGL_302j/LIB_COFF/LIBSGL.A(sglA20.o)
                              ../../jo_engine/core.o (symbol from plugin) (slUnitMatrix)
../../Compiler/SGL_302j/LIB_COFF/LIBSGL.A(sglA21.o)
                              ../../jo_engine/map.o (symbol from plugin) (slPushMatrix)
../../Compiler/SGL_302j/LIB_COFF/LIBSGL.A(sglA27.o)
                              ../../jo_engine/map.o (symbol from plugin) (slTranslate)
../../Compiler/SGL_302j/LIB_COFF/LIBSGL.A(sglB001.o)
                              ../../jo_engine/core.o (symbol from plugin) (slTVOn)
../../Compiler/SGL_302j/LIB_COFF/LIBSGL.A(sglB011.o)
                              ../../jo_engine/core.o (symbol from plugin) (slBitMapNbg1)
../../Compiler/SGL_302j/LIB_COFF/LIBSGL.A(sglB015.o)
                              ../../jo_engine/core.o (symbol from plugin) (slScrAutoDisp)
../../Compiler/SGL_302j/LIB_COFF/LIBSGL.A(sglB016.o)
                              ../../jo_engine/core.o (symbol from plugin) (slBack1ColSet)
../../Compiler/SGL_302j/LIB_COFF/LIBSGL.A(sglB032.o)
                              ../../jo_engine/core.o (symbol from plugin) (slMapNbg1)
../../Compiler/SGL_302j/LIB_COFF/LIBSGL.A(sglB053.o)
                              ../../jo_engine/core.o (symbol from plugin) (slZoomNbg1)
../../Compiler/SGL_302j/LIB_COFF/LIBSGL.A(sglB056.o)
                              ../../jo_engine/core.o (symbol from plugin) (slPlaneNbg1)
../../Compiler/SGL_302j/LIB_COFF/LIBSGL.A(sglB063.o)
                              ../../jo_engine/core.o (symbol from plugin) (slPriority)
../../Compiler/SGL_302j/LIB_COFF/LIBSGL.A(sglB200.o)
                              ../../jo_engine/core.o (symbol from plugin) (slCharNbg0)
../../Compiler/SGL_302j/LIB_COFF/LIBSGL.A(sglC05.o)
                              ../../jo_engine/sprites.o (symbol from plugin) (slSetSprite)
../../Compiler/SGL_302j/LIB_COFF/LIBSGL.A(sglC06.o)
                              ../../jo_engine/sprites.o (symbol from plugin) (slDispSprite)
../../Compiler/SGL_302j/LIB_COFF/LIBSGL.A(sglC07.o)
                              ../../jo_engine/sprites.o (symbol from plugin) (slPutSprite)
[...]
Memory Configuration

Name             Origin             Length             Attributes
*default*        0x0000000000000000 0xffffffffffffffff

Linker script and memory map

TARGET(coff-sh)

SLSTART         0x0000000006004000       0x28
                0x0000000006004000                ___Start = .
 *(SLSTART)
 SLSTART        0x0000000006004000       0x28 ../../Compiler/SGL_302j/LIB_COFF/LIBSGL.A(sglI00.o)
                0x0000000006004000                SGL_Start
                0x0000000006004002                slStartSGL

.text           0x0000000006004040    0x132e8
 *(.text)
 .text          0x0000000006004040        0x0 ../../Compiler/SGL_302j/LIB_COFF/SGLAREA.O
 .text          0x0000000006004040     0x6578 /tmp/ccCYQ0SN.ltrans0.ltrans.o
 *fill*         0x000000000600a5b8        0x8 
 .text          0x000000000600a5c0      0x238 ../../Compiler/SGL_302j/LIB_COFF/SEGA_SYS.A(sys_exit.o)
                0x000000000600a5c0                sys_version
                0x000000000600a5e0                SYS_Exit
 *fill*         0x000000000600a7f8        0x8 
 .text          0x000000000600a800        0x6 ../../Compiler/SGL_302j/LIB_COFF/SEGA_SYS.A(sys_sub.o)
                0x000000000600a800                SYSUB_SetStackptr
 *fill*         0x000000000600a806        0xa 
 .text          0x000000000600a810      0x3a0 ../../Compiler/SGL_302j/LIB_COFF/LIBCD.A(CDC_CMN.O)
                0x000000000600a810                CDC_GetCurStat
                0x000000000600a860                CDC_GetLastStat
                0x000000000600a878                CDC_GetPeriStat
                0x000000000600a94c                CDC_GetHwInfo
                0x000000000600a9b4                CDC_TgetToc
                0x000000000600aa04                CDC_GetSes
                0x000000000600aa40                CDC_CdInit
                0x000000000600aac4                CDC_CdOpen
                0x000000000600aaec                CDC_DataReady
                0x000000000600ab58                CDC_DataEnd
 .text          0x000000000600abb0      0x194 ../../Compiler/SGL_302j/LIB_COFF/LIBCD.A(CDC_CFS.O)
                0x000000000600abb0                CDC_ChgDir
                0x000000000600abe4                CDC_ReadDir
                0x000000000600ac18                CDC_GetFileScope
                0x000000000600ac78                CDC_TgetFileInfo
                0x000000000600acd4                CDC_ReadFile
                0x000000000600ad08                CDC_AbortFile
 *fill*         0x000000000600ad44        0xc 
 .text          0x000000000600ad50      0x2dc ../../Compiler/SGL_302j/LIB_COFF/LIBCD.A(CDC_REG.O)
                0x000000000600ad50                CDC_GetDataPtr
                0x000000000600ad60                CDC_GetHirqReq
                0x000000000600ad74                CDC_ClrHirqReq
                0x000000000600ada4                CDREG_ClrHirqReq
                0x000000000600adb4                CDREG_InitHirqReq
                0x000000000600addc                CDREG_SetHirqFlag
                0x000000000600adf0                CDC_GetHirqMsk
                0x000000000600ae04                CDC_SetHirqMsk
                0x000000000600ae14                CDC_GetMpegPtr
                0x000000000600ae24                CDREG_TgetData
                0x000000000600ae80                CDREG_CmdRsp
                0x000000000600af80                CDREG_WaitHirq
                0x000000000600aff0                CDREG_ReadRsp
 *fill*         0x000000000600b02c        0x4 
 .text          0x000000000600b030      0x152 ../../Compiler/SGL_302j/LIB_COFF/LIBCD.A(CDC_SUB.O)
                0x000000000600b030                CDSUB_UpdStatus
                0x000000000600b048                CDSUB_UpdCdstat
                0x000000000600b068                CDSUB_CdCmd
                0x000000000600b0d8                CDSUB_GetCdstat
                0x000000000600b118                CDSUB_RspToCdstat
                0x000000000600b160                CDSUB_SoftTimer
 *fill*         0x000000000600b182        0xe 
 .text          0x000000000600b190     0x1adc ../../Compiler/SGL_302j/LIB_COFF/LIBCD.A(GFS.O)
                0x000000000600b190                gfs_version
                0x000000000600b1b0                GFS_Init
                0x000000000600b298                GFS_LoadDir
                0x000000000600b340                GFS_SetDir
                0x000000000600b3a8                GFS_NameToId
                0x000000000600b40c                GFS_IdToName
                0x000000000600b478                GFS_GetDirInfo
                0x000000000600b4e8                GFS_Reset
                0x000000000600b56c                GFS_Open
                0x000000000600b620                GFS_Close
                0x000000000600b658                GFS_Seek
                0x000000000600b70c                GFS_Tell
                0x000000000600b75c                GFS_IsEof
                0x000000000600b7b0                GFS_ByteToSct
                0x000000000600b80c                GFS_GetFileSize
                0x000000000600b868                GFS_GetFileInfo
                0x000000000600b8dc                GFS_GetNumCdbuf
                0x000000000600b904                GFS_Load
                0x000000000600b9c8                GFS_Fread
                0x000000000600ba64                gfs_waitRead
                0x000000000600bb0c                GFS_NwFread
                0x000000000600bc18                GFS_NwCdRead
                0x000000000600bc90                GFS_NwIsComplete
                0x000000000600bcc8                GFS_NwStop
                0x000000000600bd34                GFS_NwGetStat
                0x000000000600bdb0                gfs_recovRdErr
                0x000000000600bde0                GFS_NwExecOne
                0x000000000600bea0                GFS_NwExecServer
                0x000000000600bf1c                GFS_SetGmode
                0x000000000600bf80                GFS_SetTmode
                0x000000000600bfec                GFS_SetReadPara
                0x000000000600c050                GFS_SetTransPara
                0x000000000600c0bc                GFS_SetTrFunc
                0x000000000600c120                GFS_StartTrans
                0x000000000600c16c                GFS_CdMovePickup
                0x000000000600c1d8                GFS_SetErrFunc
                0x000000000600c204                GFS_GetErrStat
                0x000000000600c228                GFS_ConvTno
                0x000000000600c250                gfs_chgRoot
                0x000000000600c31c                gfs_aborttrans
                0x000000000600c328                gfs_mngSetupFuncTbl
                0x000000000600c35c                gfs_mngInitWork
                0x000000000600c400                gfs_mngGetNumFile
                0x000000000600c468                GFS_mngAllocGrp
                0x000000000600c4b0                gfs_mngFreeGrp
                0x000000000600c4bc                gfs_mngTermAccess
                0x000000000600c540                gfs_mngSetErrCode
                0x000000000600c5c0                gfs_svrSearchHndl
                0x000000000600c600                gfs_svrAddHndl
                0x000000000600c63c                gfs_svrRemoveHndl
                0x000000000600c698                GFS_OpenSub
                0x000000000600c6f0                gfs_loadVol
                0x000000000600c7b4                gfs_getRootDir
                0x000000000600c8b0                gfs_loadRootDir
                0x000000000600c938                gfs_flowIn
                0x000000000600c9e0                gfs_transData
                0x000000000600ca84                GFS_GetFad
                0x000000000600cadc                gfs_SetSct
                0x000000000600cb1c                gfs_GetFinfo
                0x000000000600cb5c                gfs_closeSub
                0x000000000600cb98                gfs_getGmode
                0x000000000600cba4                gfs_isTaskDone
                0x000000000600cbf8                gfs_convFinStat
 *fill*         0x000000000600cc6c        0x4 
 .text          0x000000000600cc70      0x106 ../../Compiler/SGL_302j/LIB_COFF/LIBCD.A(GFS_BUF.O)
                0x000000000600cca0                GFBF_GetTranData
                0x000000000600ccc8                GFBF_GetNumData
                0x000000000600ccf8                GFBF_GetSrcPk
                0x000000000600cd20                GFBF_GetSctData
                0x000000000600cd44                GFBF_RtnPk
                0x000000000600cd6c                gfbf_getSctDt
 *fill*         0x000000000600cd76        0xa 
 .text          0x000000000600cd80      0x600 ../../Compiler/SGL_302j/LIB_COFF/LIBCD.A(GFS_CDB.O)
                0x000000000600cd80                GFCB_Setup
                0x000000000600cea0                GFCB_Close
                0x000000000600cec8                GFCB_GetLenData
                0x000000000600cf74                GFCB_GetLenRoom
                0x000000000600cf80                GFCB_SetFilt
                0x000000000600cfe8                GFCB_DeleteAllData
                0x000000000600d010                GFCB_Tell
                0x000000000600d020                gfcb_getSctNum
                0x000000000600d070                GFCB_Seek
                0x000000000600d16c                GFCB_GetSrcPack
                0x000000000600d24c                GFCB_GetSctData
                0x000000000600d284                GFCB_GetDstPack
                0x000000000600d290                GFCB_RtnPk
                0x000000000600d2d8                GFCB_MovePickup
                0x000000000600d2f4                GFCB_SetCon
                0x000000000600d328                GFCB_GetPickup
                0x000000000600d350                GFCB_IsPuOwner
                0x000000000600d368                GFCB_UngetPickup
 .text          0x000000000600d380     0x1a10 ../../Compiler/SGL_302j/LIB_COFF/LIBCD.A(GFS_CDC.O)
                0x000000000600d380                GFCD_SetCdbfs
                0x000000000600d3ac                GFCD_Init
                0x000000000600d5b0                GFCD_AllocFilt
                0x000000000600d5ec                GFCD_FreeFilt
                0x000000000600d61c                GFCD_AllocBuf
                0x000000000600d650                GFCD_FreeBuf
                0x000000000600d6f4                GFCD_GetBaseFad
                0x000000000600d728                GFCD_GetPickup
                0x000000000600d75c                GFCD_UngetPickup
                0x000000000600d788                GFCD_IsPuOwner
                0x000000000600d7ac                GFCD_SetFilt
                0x000000000600d870                GFCD_GetFilt
                0x000000000600d8b8                GFCD_SetCon
                0x000000000600d910                GFCD_Play
                0x000000000600d970                GFCD_GetLenData
                0x000000000600d9d8                GFCD_ReqData
                0x000000000600da34                GFCD_EndData
                0x000000000600da7c                GFCD_DelSctData
                0x000000000600dad4                GFCD_CheckDelSctData
                0x000000000600db04                GFCD_GetStat
                0x000000000600dbb8                GFCD_MovePickup
                0x000000000600dc04                GFCD_MoveSctData
                0x000000000600dc78                GFCD_CheckMove
                0x000000000600dc9c                GFCD_GetSctInfo
                0x000000000600dce4                GFCD_ChgDir
                0x000000000600dd58                GFCD_SetFiltCon
                0x000000000600de40                GFCD_GetFileInfo
                0x000000000600df1c                GFCD_GetBufSiz
                0x000000000600df54                GFCD_ExecServer
                0x000000000600e028                gfcd_isIdleTask
                0x000000000600e0b4                gfcd_doTask
                0x000000000600e160                GFCD_SetTimer
                0x000000000600e174                GFCD_WaitServer
                0x000000000600e1b0                gfcd_doSetFiltTsk
                0x000000000600e374                gfcd_doSetConTsk
                0x000000000600e404                gfcd_doGetLenDataTsk
                0x000000000600e558                gfcd_doReqDataTsk
                0x000000000600e5f8                gfcd_doDelSctDataTsk
                0x000000000600e72c                gfcd_doMoveSctTsk
                0x000000000600e890                gfcd_doChgDirTsk
                0x000000000600ea8c                gfcd_doSetFiltConTsk
                0x000000000600ebd0                gfcd_checkEflag
                0x000000000600ebf4                gfcd_initCdbMng
                0x000000000600ec74                gfcd_setStat
                0x000000000600eca0                GFCD_SetCsctFunc
                0x000000000600ecbc                GFCD_ChkScdqFlag
                0x000000000600ece0                GFCD_ClrScdqFlag
                0x000000000600ecfc                GFCD_WaitScdqFlag
                0x000000000600ed40                GFCD_WaitPause
 .text          0x000000000600ed90      0x8d8 ../../Compiler/SGL_302j/LIB_COFF/LIBCD.A(GFS_CDF.O)
                0x000000000600ed90                GFCF_Init
                0x000000000600ee30                GFCF_Setup
                0x000000000600ef78                GFCF_SetSct
                0x000000000600efbc                GFCF_GetFileInfo
                0x000000000600f030                GFCF_FlowInBuf
                0x000000000600f184                GFCF_StopInBuf
                0x000000000600f224                GFCF_Recover
                0x000000000600f26c                GFCF_Tell
                0x000000000600f284                GFCF_Seek
                0x000000000600f29c                GFCF_MovePickup
                0x000000000600f338                GFCF_cnvIntlvOfs
                0x000000000600f38c                GFCF_GetStat
                0x000000000600f424                gfcf_getSctSize
                0x000000000600f460                gfcf_isCdOk
                0x000000000600f520                gfcf_getPlayRange
 *fill*         0x000000000600f668        0x8 
 .text          0x000000000600f670      0x92c ../../Compiler/SGL_302j/LIB_COFF/LIBCD.A(GFS_DIR.O)
                0x000000000600f670                GFDR_SetupDirTbl
                0x000000000600f6e4                GFDR_NameToId
                0x000000000600f744                GFDR_GetInfoDirId
                0x000000000600f758                GFDR_GetInfoDirName
                0x000000000600f76c                GFDR_GetAtrDirId
                0x000000000600f784                GFDR_GetAtrDirName
                0x000000000600f79c                GFDR_ChgRoot
                0x000000000600f7b4                GFDR_ChgDir
                0x000000000600f828                gfdr_setupDirIdTbl
                0x000000000600f8ac                gfdr_setupDirNameTbl
                0x000000000600f958                gfdr_open
                0x000000000600f980                gfdr_read
                0x000000000600fa40                gfdr_readByte
                0x000000000600fa6c                gfdr_readWord
                0x000000000600fa98                gfdr_readWordNB
                0x000000000600faec                gfdr_readLongNB
                0x000000000600fb38                gfdr_readLongNM
                0x000000000600fb60                gfdr_setNextRec
                0x000000000600fbe4                gfdr_readDirEnt
                0x000000000600ff60                gfdr_setDirrecCd
 *fill*         0x000000000600ff9c        0x4 
 .text          0x000000000600ffa0      0x9c6 ../../Compiler/SGL_302j/LIB_COFF/LIBCD.A(GFS_TRN.O)
                0x000000000600ffd0                GFTR_Setup
                0x0000000006010014                GFTR_SetMode
                0x0000000006010028                GFTR_SetUnit
                0x0000000006010034                GFTR_SetTransPara
                0x0000000006010068                GFTR_GetTransPara
                0x0000000006010074                GFTR_GetNumTrans
                0x0000000006010080                GFTR_SetTransMax
                0x000000000601008c                GFTR_Start
                0x0000000006010098                GFTR_Pause
                0x00000000060100a4                GFTR_Stop
                0x000000000601015c                GFTR_Exec
                0x00000000060101e0                GFTR_Idle
                0x0000000006010258                GFTR_ExecSvr
                0x0000000006010360                gftr_getSrcPack
                0x00000000060103e8                gftr_getDstPack
                0x0000000006010444                gftr_reqScu
                0x0000000006010450                gftr_execScu
                0x00000000060104ec                gftr_remScu
                0x0000000006010520                gfdma_canUse
                0x000000000601052c                gfdma_exec
                0x000000000601059c                gfdma_getBytecnt
                0x00000000060105d4                gftr_reqDma0
                0x00000000060105ec                gftr_execSdma0
                0x0000000006010610                gftr_remDma0
                0x0000000006010628                gftr_reqDma1
                0x0000000006010640                gftr_execSdma1
                0x0000000006010664                gftr_remDma1
                0x000000000601067c                gftr_reqCpu
                0x0000000006010688                gftr_execCpu
                0x00000000060106c8                gftr_remCpu
                0x00000000060106d4                gftr_reqTrn
                0x0000000006010744                gftr_execTrn
                0x000000000601081c                gftr_remTrn
                0x0000000006010890                gftr_copyFrac
                0x00000000060108b8                GFTR_GetLenData
                0x00000000060108c4                GFTR_GetLenRoom
                0x00000000060108dc                GFTR_GetDstPack
                0x0000000006010910                GFTR_RtnDstPk
                0x000000000601092c                GFTR_GetData
                0x0000000006010940                GFTR_SetData
                0x0000000006010954                GFTR_SetTransFunc
 *fill*         0x0000000006010966        0xa 
 .text          0x0000000006010970      0x130 ../../Compiler/SGL_302j/LIB_COFF/LIBCD.A(CDC_DRV.O)
                0x0000000006010970                CDC_CdPlay
                0x0000000006010a3c                CDC_CdSeek
                0x0000000006010a70                CDC_CdScan
 .text          0x0000000006010aa0       0xa8 ../../Compiler/SGL_302j/LIB_COFF/LIBCD.A(CDC_DEV.O)
                0x0000000006010aa0                CDC_CdSetCon
                0x0000000006010ad0                CDC_CdGetCon
                0x0000000006010b0c                CDC_CdGetLastBuf
 *fill*         0x0000000006010b48        0x8 
 .text          0x0000000006010b50      0x2b8 ../../Compiler/SGL_302j/LIB_COFF/LIBCD.A(CDC_SEL.O)
                0x0000000006010b50                CDC_SetFiltRange
                0x0000000006010b84                CDC_GetFiltRange
                0x0000000006010bdc                CDC_SetFiltSubh
                0x0000000006010c4c                CDC_GetFiltSubh
                0x0000000006010cc8                CDC_SetFiltMode
                0x0000000006010cfc                CDC_GetFiltMode
                0x0000000006010d40                CDC_SetFiltCon
                0x0000000006010d80                CDC_GetFiltCon
                0x0000000006010dd4                CDC_ResetSelector
 *fill*         0x0000000006010e08        0x8 
 .text          0x0000000006010e10      0x270 ../../Compiler/SGL_302j/LIB_COFF/LIBCD.A(CDC_BIF.O)
                0x0000000006010e10                CDC_GetBufSiz
                0x0000000006010e6c                CDC_GetSctNum
                0x0000000006010eb0                CDC_CalActSiz
                0x0000000006010eec                CDC_GetActSiz
                0x0000000006010f6c                CDC_GetSctInfo
                0x0000000006010fec                CDC_ExeFadSearch
                0x0000000006011024                CDC_GetFadSearch
 .text          0x0000000006011080      0x1e4 ../../Compiler/SGL_302j/LIB_COFF/LIBCD.A(CDC_BIO.O)
                0x0000000006011080                CDC_SetSctLen
                0x00000000060110b4                CDC_GetSctData
                0x00000000060110f0                CDC_DelSctData
                0x000000000601112c                CDC_GetdelSctData
                0x0000000006011168                CDC_PutSctData
                0x00000000060111a0                CDC_CopySctData
                0x00000000060111e4                CDC_MoveSctData
                0x0000000006011228                CDC_GetCopyErr
 *fill*         0x0000000006011264        0xc 
 .text          0x0000000006011270        0x0 ../../Compiler/SGL_302j/LIB_COFF/LIBSGL.A(sglA15.o)
 .text          0x0000000006011270        0x0 ../../Compiler/SGL_302j/LIB_COFF/LIBSGL.A(sglA20.o)
 .text          0x0000000006011270        0x0 ../../Compiler/SGL_302j/LIB_COFF/LIBSGL.A(sglA21.o)
 .text          0x0000000006011270        0x0 ../../Compiler/SGL_302j/LIB_COFF/LIBSGL.A(sglA27.o)
 .text          0x0000000006011270        0x0 ../../Compiler/SGL_302j/LIB_COFF/LIBSGL.A(sglB001.o)
 .text          0x0000000006011270        0x0 ../../Compiler/SGL_302j/LIB_COFF/LIBSGL.A(sglB011.o)
 .text          0x0000000006011270        0x0 ../../Compiler/SGL_302j/LIB_COFF/LIBSGL.A(sglB015.o)
 .text          0x0000000006011270        0x0 ../../Compiler/SGL_302j/LIB_COFF/LIBSGL.A(sglB016.o)
 .text          0x0000000006011270        0x0 ../../Compiler/SGL_302j/LIB_COFF/LIBSGL.A(sglB032.o)
 .text          0x0000000006011270        0x0 ../../Compiler/SGL_302j/LIB_COFF/LIBSGL.A(sglB053.o)
 .text          0x0000000006011270        0x0 ../../Compiler/SGL_302j/LIB_COFF/LIBSGL.A(sglB056.o)
 .text          0x0000000006011270        0x0 ../../Compiler/SGL_302j/LIB_COFF/LIBSGL.A(sglB063.o)
 .text          0x0000000006011270        0x0 ../../Compiler/SGL_302j/LIB_COFF/LIBSGL.A(sglB200.o)
 .text          0x0000000006011270        0x0 ../../Compiler/SGL_302j/LIB_COFF/LIBSGL.A(sglC05.o)
 .text          0x0000000006011270        0x0 ../../Compiler/SGL_302j/LIB_COFF/LIBSGL.A(sglC06.o)
 .text          0x0000000006011270        0x0 ../../Compiler/SGL_302j/LIB_COFF/LIBSGL.A(sglC07.o)
 .text          0x0000000006011270        0x0 ../../Compiler/SGL_302j/LIB_COFF/LIBSGL.A(sglC08.o)
 .text          0x0000000006011270        0x0 ../../Compiler/SGL_302j/LIB_COFF/LIBSGL.A(sglC20.o)
 .text          0x0000000006011270        0x0 ../../Compiler/SGL_302j/LIB_COFF/LIBSGL.A(sglD00.o)
 .text          0x0000000006011270        0x0 ../../Compiler/SGL_302j/LIB_COFF/LIBSGL.A(sglD01.o)
 .text          0x0000000006011270        0x0 ../../Compiler/SGL_302j/LIB_COFF/LIBSGL.A(sglD03.o)
 .text          0x0000000006011270        0x0 ../../Compiler/SGL_302j/LIB_COFF/LIBSGL.A(sglD15.o)
 .text          0x0000000006011270        0x0 ../../Compiler/SGL_302j/LIB_COFF/LIBSGL.A(sglD16.o)
 .text          0x0000000006011270        0x0 ../../Compiler/SGL_302j/LIB_COFF/LIBSGL.A(sglD17.o)
 .text          0x0000000006011270        0x0 ../../Compiler/SGL_302j/LIB_COFF/LIBSGL.A(sglD18.o)
 .text          0x0000000006011270        0x0 ../../Compiler/SGL_302j/LIB_COFF/LIBSGL.A(sglF00.o)
 .text          0x0000000006011270        0x0 ../../Compiler/SGL_302j/LIB_COFF/LIBSGL.A(sglF05.o)
 .text          0x0000000006011270        0x0 ../../Compiler/SGL_302j/LIB_COFF/LIBSGL.A(sglH00.o)
 .text          0x0000000006011270        0x0 ../../Compiler/SGL_302j/LIB_COFF/LIBSGL.A(sglH01.o)
 .text          0x0000000006011270        0x0 ../../Compiler/SGL_302j/LIB_COFF/LIBSGL.A(sglH02.o)
 .text          0x0000000006011270        0x0 ../../Compiler/SGL_302j/LIB_COFF/LIBSGL.A(sglH04.o)
 .text          0x0000000006011270        0x0 ../../Compiler/SGL_302j/LIB_COFF/LIBSGL.A(sglI01.o)
 .text          0x0000000006011270      0x128 ../../Compiler/SGL_302j/LIB_COFF/LIBSGL.A(sglIc0.o)
                0x0000000006011270                slInitSystem
 *fill*         0x0000000006011398        0x8 
 .text          0x00000000060113a0        0x0 ../../Compiler/SGL_302j/LIB_COFF/LIBSGL.A(sglJ00.o)
 .text          0x00000000060113a0        0x0 ../../Compiler/SGL_302j/LIB_COFF/LIBSGL.A(sglJ01.o)
 .text          0x00000000060113a0        0x0 ../../Compiler/SGL_302j/LIB_COFF/LIBSGL.A(sglJ02.o)
 .text          0x00000000060113a0        0x0 ../../Compiler/SGL_302j/LIB_COFF/LIBSGL.A(sglJ03.o)
 .text          0x00000000060113a0        0x0 ../../Compiler/SGL_302j/LIB_COFF/LIBSGL.A(sglJ04.o)
 .text          0x00000000060113a0        0x0 ../../Compiler/SGL_302j/LIB_COFF/LIBSGL.A(sglJ05.o)
 .text          0x00000000060113a0        0x0 ../../Compiler/SGL_302j/LIB_COFF/LIBSGL.A(sglK01.o)
 .text          0x00000000060113a0        0x0 ../../Compiler/SGL_302j/LIB_COFF/LIBSGL.A(sglM01.o)
 .text          0x00000000060113a0        0x0 ../../Compiler/SGL_302j/LIB_COFF/LIBSGL.A(sglA00.o)
 .text          0x00000000060113a0        0x0 ../../Compiler/SGL_302j/LIB_COFF/LIBSGL.A(sglA01.o)
 .text          0x00000000060113a0        0x0 ../../Compiler/SGL_302j/LIB_COFF/LIBSGL.A(sglB000.o)
 .text          0x00000000060113a0        0x0 ../../Compiler/SGL_302j/LIB_COFF/LIBSGL.A(sglB035.o)
 .text          0x00000000060113a0        0x0 ../../Compiler/SGL_302j/LIB_COFF/LIBSGL.A(sglC00.o)
 .text          0x00000000060113a0        0x0 ../../Compiler/SGL_302j/LIB_COFF/LIBSGL.A(sglI00.o)
 .text          0x00000000060113a0        0x0 ../../Compiler/SGL_302j/LIB_COFF/LIBSGL.A(sglH03.o)
 .text          0x00000000060113a0       0x52 /home/sansigolo/Documents/joengine/Compiler/SH_NONE_ELF/bin/../lib/gcc/sh-none-elf/8.2.0/libgcc.a(_ashiftrt.o)
                0x00000000060113a0                __ashiftrt_r4_31
                0x00000000060113a0                __ashiftrt_r4_32
                0x00000000060113a6                __ashiftrt_r4_30
                0x00000000060113a8                __ashiftrt_r4_29
                0x00000000060113aa                __ashiftrt_r4_28
                0x00000000060113ac                __ashiftrt_r4_27
                0x00000000060113ae                __ashiftrt_r4_26
                0x00000000060113b0                __ashiftrt_r4_25
                0x00000000060113b2                __ashiftrt_r4_24
                0x00000000060113ba                __ashiftrt_r4_23
                0x00000000060113bc                __ashiftrt_r4_22
                0x00000000060113be                __ashiftrt_r4_21
                0x00000000060113c0                __ashiftrt_r4_20
                0x00000000060113c2                __ashiftrt_r4_19
                0x00000000060113c4                __ashiftrt_r4_18
                0x00000000060113c6                __ashiftrt_r4_17
                0x00000000060113c8                __ashiftrt_r4_16
                0x00000000060113ce                __ashiftrt_r4_15
                0x00000000060113d0                __ashiftrt_r4_14
                0x00000000060113d2                __ashiftrt_r4_13
                0x00000000060113d4                __ashiftrt_r4_12
                0x00000000060113d6                __ashiftrt_r4_11
                0x00000000060113d8                __ashiftrt_r4_10
                0x00000000060113da                __ashiftrt_r4_9
                0x00000000060113dc                __ashiftrt_r4_8
                0x00000000060113de                __ashiftrt_r4_7
                0x00000000060113e0                __ashiftrt_r4_6
                0x00000000060113e2                __ashiftrt_r4_5
                0x00000000060113e4                __ashiftrt_r4_4
                0x00000000060113e6                __ashiftrt_r4_3
                0x00000000060113e8                __ashiftrt_r4_2
                0x00000000060113ea                __ashiftrt_r4_1
                0x00000000060113ee                __ashiftrt_r4_0
 *fill*         0x00000000060113f2        0x2 
 .text          0x00000000060113f4       0xa0 /home/sansigolo/Documents/joengine/Compiler/SH_NONE_ELF/bin/../lib/gcc/sh-none-elf/8.2.0/libgcc.a(_sdivsi3.o)
                0x00000000060113f4                __sdivsi3
 .text          0x0000000006011494       0x6c /home/sansigolo/Documents/joengine/Compiler/SH_NONE_ELF/bin/../lib/gcc/sh-none-elf/8.2.0/libgcc.a(_udivsi3.o)
                0x00000000060114b6                __udivsi3
 .text          0x0000000006011500      0x134 /home/sansigolo/Documents/joengine/Compiler/SH_NONE_ELF/bin/../lib/gcc/sh-none-elf/8.2.0/libgcc.a(_mul_sf.o)
                0x0000000006011500                __mulsf3
 .text          0x0000000006011634       0xdc /home/sansigolo/Documents/joengine/Compiler/SH_NONE_ELF/bin/../lib/gcc/sh-none-elf/8.2.0/libgcc.a(_div_sf.o)
                0x0000000006011634                __divsf3
 .text          0x0000000006011710       0x7c /home/sansigolo/Documents/joengine/Compiler/SH_NONE_ELF/bin/../lib/gcc/sh-none-elf/8.2.0/libgcc.a(_sf_to_si.o)
                0x0000000006011710                __fixsfsi
 .text          0x000000000601178c        0x0 /home/sansigolo/Documents/joengine/Compiler/SH_NONE_ELF/bin/../lib/gcc/sh-none-elf/8.2.0/libgcc.a(_thenan_sf.o)
 .text          0x000000000601178c       0x94 /home/sansigolo/Documents/joengine/Compiler/SH_NONE_ELF/bin/../lib/gcc/sh-none-elf/8.2.0/libgcc.a(_usi_to_sf.o)
                0x000000000601178c                __floatunsisf
 .text          0x0000000006011820      0x114 /home/sansigolo/Documents/joengine/Compiler/SH_NONE_ELF/bin/../lib/gcc/sh-none-elf/8.2.0/libgcc.a(_pack_sf.o)
                0x0000000006011820                __pack_f
 .text          0x0000000006011934       0xa0 /home/sansigolo/Documents/joengine/Compiler/SH_NONE_ELF/bin/../lib/gcc/sh-none-elf/8.2.0/libgcc.a(_unpack_sf.o)
                0x0000000006011934                __unpack_f
 .text          0x00000000060119d4       0x1e /home/sansigolo/Documents/joengine/Compiler/SH_NONE_ELF/bin/../lib/gcc/sh-none-elf/8.2.0/../../../../sh-none-elf/lib/libc.a(lib_a-memcmp.o)
                0x00000000060119d4                memcmp
 *fill*         0x00000000060119f2        0x2 
 .text          0x00000000060119f4       0x94 /home/sansigolo/Documents/joengine/Compiler/SH_NONE_ELF/bin/../lib/gcc/sh-none-elf/8.2.0/../../../../sh-none-elf/lib/libc.a(lib_a-memcpy.o)
                0x00000000060119f4                memcpy
 .text          0x0000000006011a88       0x40 /home/sansigolo/Documents/joengine/Compiler/SH_NONE_ELF/bin/../lib/gcc/sh-none-elf/8.2.0/../../../../sh-none-elf/lib/libc.a(lib_a-memset.o)
                0x0000000006011a88                memset
 .text          0x0000000006011ac8       0x8c /home/sansigolo/Documents/joengine/Compiler/SH_NONE_ELF/bin/../lib/gcc/sh-none-elf/8.2.0/../../../../sh-none-elf/lib/libc.a(lib_a-sprintf.o)
                0x0000000006011ac8                _sprintf_r
                0x0000000006011b08                sprintf
 .text          0x0000000006011b54       0x2a /home/sansigolo/Documents/joengine/Compiler/SH_NONE_ELF/bin/../lib/gcc/sh-none-elf/8.2.0/../../../../sh-none-elf/lib/libc.a(lib_a-strncmp.o)
                0x0000000006011b54                strncmp
 .text          0x0000000006011b7e       0x32 /home/sansigolo/Documents/joengine/Compiler/SH_NONE_ELF/bin/../lib/gcc/sh-none-elf/8.2.0/../../../../sh-none-elf/lib/libc.a(lib_a-strncpy.o)
                0x0000000006011b7e                strncpy
 .text          0x0000000006011bb0     0x1378 /home/sansigolo/Documents/joengine/Compiler/SH_NONE_ELF/bin/../lib/gcc/sh-none-elf/8.2.0/../../../../sh-none-elf/lib/libc.a(lib_a-svfprintf.o)
                0x0000000006011bb0                _svfprintf_r
 .text          0x0000000006012f28      0xef4 /home/sansigolo/Documents/joengine/Compiler/SH_NONE_ELF/bin/../lib/gcc/sh-none-elf/8.2.0/../../../../sh-none-elf/lib/libc.a(lib_a-dtoa.o)
                0x000000000601305c                _dtoa_r
 .text          0x0000000006013e1c        0x0 /home/sansigolo/Documents/joengine/Compiler/SH_NONE_ELF/bin/../lib/gcc/sh-none-elf/8.2.0/../../../../sh-none-elf/lib/libc.a(lib_a-impure.o)
 .text          0x0000000006013e1c       0x40 /home/sansigolo/Documents/joengine/Compiler/SH_NONE_ELF/bin/../lib/gcc/sh-none-elf/8.2.0/../../../../sh-none-elf/lib/libc.a(lib_a-localeconv.o)
                0x0000000006013e1c                __localeconv_l
                0x0000000006013e24                _localeconv_r
                0x0000000006013e40                localeconv
 .text          0x0000000006013e5c       0xa8 /home/sansigolo/Documents/joengine/Compiler/SH_NONE_ELF/bin/../lib/gcc/sh-none-elf/8.2.0/../../../../sh-none-elf/lib/libc.a(lib_a-locale.o)
                0x0000000006013e5c                _setlocale_r
                0x0000000006013ea8                __locale_mb_cur_max
                0x0000000006013ec8                __locale_ctype_ptr_l
                0x0000000006013ed2                __locale_ctype_ptr
                0x0000000006013ef0                setlocale
 .text          0x0000000006013f04       0x4c /home/sansigolo/Documents/joengine/Compiler/SH_NONE_ELF/bin/../lib/gcc/sh-none-elf/8.2.0/../../../../sh-none-elf/lib/libc.a(lib_a-mbtowc_r.o)
                0x0000000006013f04                _mbtowc_r
                0x0000000006013f28                __ascii_mbtowc
 .text          0x0000000006013f50       0x1c /home/sansigolo/Documents/joengine/Compiler/SH_NONE_ELF/bin/../lib/gcc/sh-none-elf/8.2.0/../../../../sh-none-elf/lib/libc.a(lib_a-memchr.o)
                0x0000000006013f50                memchr
 .text          0x0000000006013f6c      0xa9c /home/sansigolo/Documents/joengine/Compiler/SH_NONE_ELF/bin/../lib/gcc/sh-none-elf/8.2.0/../../../../sh-none-elf/lib/libc.a(lib_a-mprec.o)
                0x0000000006013f6c                _Balloc
                0x0000000006013fe0                _Bfree
                0x0000000006013ff8                __multadd
                0x00000000060140a0                __s2b
                0x0000000006014160                __hi0bits
                0x00000000060141b4                __lo0bits
                0x0000000006014218                __i2b
                0x0000000006014234                __multiply
                0x0000000006014378                __pow5mult
                0x0000000006014434                __lshift
                0x0000000006014528                __mcmp
                0x0000000006014560                __mdiff
                0x000000000601463c                __ulp
                0x00000000060146a8                __b2d
                0x0000000006014790                __d2b
                0x000000000601487c                __ratio
                0x0000000006014900                _mprec_log10
                0x0000000006014958                __copybits
                0x000000000601499c                __any_on
 .text          0x0000000006014a08       0x34 /home/sansigolo/Documents/joengine/Compiler/SH_NONE_ELF/bin/../lib/gcc/sh-none-elf/8.2.0/../../../../sh-none-elf/lib/libc.a(lib_a-nano-callocr.o)
                0x0000000006014a08                _calloc_r
 .text          0x0000000006014a3c       0xf4 /home/sansigolo/Documents/joengine/Compiler/SH_NONE_ELF/bin/../lib/gcc/sh-none-elf/8.2.0/../../../../sh-none-elf/lib/libc.a(lib_a-nano-mallocr.o)
                0x0000000006014a3c                _malloc_r
 .text          0x0000000006014b30       0x30 /home/sansigolo/Documents/joengine/Compiler/SH_NONE_ELF/bin/../lib/gcc/sh-none-elf/8.2.0/../../../../sh-none-elf/lib/libc.a(lib_a-sbrkr.o)
                0x0000000006014b30                _sbrk_r
 .text          0x0000000006014b60       0x38 /home/sansigolo/Documents/joengine/Compiler/SH_NONE_ELF/bin/../lib/gcc/sh-none-elf/8.2.0/../../../../sh-none-elf/lib/libc.a(lib_a-strcmp.o)
                0x0000000006014b60                strcmp
 .text          0x0000000006014b98       0x20 /home/sansigolo/Documents/joengine/Compiler/SH_NONE_ELF/bin/../lib/gcc/sh-none-elf/8.2.0/../../../../sh-none-elf/lib/libc.a(lib_a-strlen.o)
                0x0000000006014b98                strlen
 .text          0x0000000006014bb8      0xa60 /home/sansigolo/Documents/joengine/Compiler/SH_NONE_ELF/bin/../lib/gcc/sh-none-elf/8.2.0/../../../../sh-none-elf/lib/libc.a(lib_a-svfiprintf.o)
                0x0000000006014bb8                __ssprint_r
                0x0000000006014cec                _svfiprintf_r
 .text          0x0000000006015618      0x25c /home/sansigolo/Documents/joengine/Compiler/SH_NONE_ELF/bin/../lib/gcc/sh-none-elf/8.2.0/../../../../sh-none-elf/lib/libc.a(lib_a-syscalls.o)
                0x0000000006015690                _read
                0x00000000060156a0                _lseek
                0x00000000060156b0                _write
                0x00000000060156c0                _close
                0x00000000060156d0                _link
                0x00000000060156d4                _sbrk
                0x000000000601572c                _fstat
                0x0000000006015736                _open
                0x0000000006015748                _creat
                0x0000000006015758                _unlink
                0x000000000601575c                isatty
                0x0000000006015760                _isatty
                0x0000000006015764                _exit
                0x0000000006015774                _kill
                0x0000000006015788                _getpid
                0x000000000601578c                _raise
                0x0000000006015790                _stat
                0x00000000060157a0                _chmod
                0x00000000060157b0                _chown
                0x00000000060157c0                _utime
                0x00000000060157d4                _fork
                0x00000000060157e0                _wait
                0x00000000060157f0                _execve
                0x0000000006015800                _execv
                0x0000000006015810                _pipe
                0x000000000601581c                _times
                0x0000000006015820                _gettimeofday
                0x0000000006015848                __setup_argv_and_call_main
 .text          0x0000000006015874       0x14 /home/sansigolo/Documents/joengine/Compiler/SH_NONE_ELF/bin/../lib/gcc/sh-none-elf/8.2.0/../../../../sh-none-elf/lib/libc.a(lib_a-trap.o)
                0x0000000006015874                __trap34
 .text          0x0000000006015888       0x40 /home/sansigolo/Documents/joengine/Compiler/SH_NONE_ELF/bin/../lib/gcc/sh-none-elf/8.2.0/../../../../sh-none-elf/lib/libc.a(lib_a-wctomb_r.o)
                0x0000000006015888                _wctomb_r
                0x00000000060158a8                __ascii_wctomb
 .text          0x00000000060158c8       0x18 /home/sansigolo/Documents/joengine/Compiler/SH_NONE_ELF/bin/../lib/gcc/sh-none-elf/8.2.0/../../../../sh-none-elf/lib/libc.a(lib_a-abort.o)
                0x00000000060158c8                abort
 .text          0x00000000060158e0        0x0 /home/sansigolo/Documents/joengine/Compiler/SH_NONE_ELF/bin/../lib/gcc/sh-none-elf/8.2.0/../../../../sh-none-elf/lib/libc.a(lib_a-ctype_.o)
 .text          0x00000000060158e0       0x3c /home/sansigolo/Documents/joengine/Compiler/SH_NONE_ELF/bin/../lib/gcc/sh-none-elf/8.2.0/../../../../sh-none-elf/lib/libc.a(lib_a-memmove.o)
                0x00000000060158e0                memmove
 .text          0x000000000601591c        0x8 /home/sansigolo/Documents/joengine/Compiler/SH_NONE_ELF/bin/../lib/gcc/sh-none-elf/8.2.0/../../../../sh-none-elf/lib/libc.a(lib_a-mlock.o)
                0x000000000601591c                __malloc_lock
                0x0000000006015920                __malloc_unlock
 .text          0x0000000006015924       0xc8 /home/sansigolo/Documents/joengine/Compiler/SH_NONE_ELF/bin/../lib/gcc/sh-none-elf/8.2.0/../../../../sh-none-elf/lib/libc.a(lib_a-nano-freer.o)
                0x0000000006015924                _free_r
 .text          0x00000000060159ec       0x7c /home/sansigolo/Documents/joengine/Compiler/SH_NONE_ELF/bin/../lib/gcc/sh-none-elf/8.2.0/../../../../sh-none-elf/lib/libc.a(lib_a-nano-reallocr.o)
                0x00000000060159ec                _realloc_r
 .text          0x0000000006015a68      0x1b0 /home/sansigolo/Documents/joengine/Compiler/SH_NONE_ELF/bin/../lib/gcc/sh-none-elf/8.2.0/../../../../sh-none-elf/lib/libc.a(lib_a-signal.o)
                0x0000000006015a68                _init_signal_r
                0x0000000006015aa4                _signal_r
                0x0000000006015af0                _raise_r
                0x0000000006015b68                __sigtramp_r
                0x0000000006015bcc                raise
                0x0000000006015be0                signal
                0x0000000006015bf4                _init_signal
                0x0000000006015c04                __sigtramp
 .text          0x0000000006015c18       0x40 /home/sansigolo/Documents/joengine/Compiler/SH_NONE_ELF/bin/../lib/gcc/sh-none-elf/8.2.0/../../../../sh-none-elf/lib/libc.a(lib_a-signalr.o)
                0x0000000006015c18                _kill_r
                0x0000000006015c4c                _getpid_r
 .text          0x0000000006015c58       0x16 /home/sansigolo/Documents/joengine/Compiler/SH_NONE_ELF/bin/../lib/gcc/sh-none-elf/8.2.0/../../../../sh-none-elf/lib/libc.a(lib_a-nano-msizer.o)
                0x0000000006015c58                _malloc_usable_size_r
 *fill*         0x0000000006015c6e        0x2 
 .text          0x0000000006015c70       0x80 /home/sansigolo/Documents/joengine/Compiler/SH_NONE_ELF/bin/../lib/gcc/sh-none-elf/8.2.0/libgcc.a(_ashiftrt_n.o)
                0x0000000006015c70                __ashrsi3
 .text          0x0000000006015cf0       0xbc /home/sansigolo/Documents/joengine/Compiler/SH_NONE_ELF/bin/../lib/gcc/sh-none-elf/8.2.0/libgcc.a(_ashiftlt.o)
                0x0000000006015cf0                __ashlsi3
                0x0000000006015cf4                __ashlsi3_r0
 .text          0x0000000006015dac       0xbc /home/sansigolo/Documents/joengine/Compiler/SH_NONE_ELF/bin/../lib/gcc/sh-none-elf/8.2.0/libgcc.a(_lshiftrt.o)
                0x0000000006015dac                __lshrsi3
                0x0000000006015db0                __lshrsi3_r0
 .text          0x0000000006015e68      0x258 /home/sansigolo/Documents/joengine/Compiler/SH_NONE_ELF/bin/../lib/gcc/sh-none-elf/8.2.0/libgcc.a(_udivdi3.o)
                0x0000000006015e68                __udivdi3
 .text          0x00000000060160c0      0x2bc /home/sansigolo/Documents/joengine/Compiler/SH_NONE_ELF/bin/../lib/gcc/sh-none-elf/8.2.0/libgcc.a(_umoddi3.o)
                0x00000000060160c0                __umoddi3
 .text          0x000000000601637c      0x3b4 /home/sansigolo/Documents/joengine/Compiler/SH_NONE_ELF/bin/../lib/gcc/sh-none-elf/8.2.0/libgcc.a(_addsub_df.o)
                0x000000000601668c                __adddf3
                0x00000000060166dc                __subdf3
 .text          0x0000000006016730      0x208 /home/sansigolo/Documents/joengine/Compiler/SH_NONE_ELF/bin/../lib/gcc/sh-none-elf/8.2.0/libgcc.a(_mul_df.o)
                0x0000000006016730                __muldf3
 .text          0x0000000006016938      0x130 /home/sansigolo/Documents/joengine/Compiler/SH_NONE_ELF/bin/../lib/gcc/sh-none-elf/8.2.0/libgcc.a(_div_df.o)
                0x0000000006016938                __divdf3
 .text          0x0000000006016a68       0x58 /home/sansigolo/Documents/joengine/Compiler/SH_NONE_ELF/bin/../lib/gcc/sh-none-elf/8.2.0/libgcc.a(_eq_df.o)
                0x0000000006016a68                __eqdf2
 .text          0x0000000006016ac0       0x58 /home/sansigolo/Documents/joengine/Compiler/SH_NONE_ELF/bin/../lib/gcc/sh-none-elf/8.2.0/libgcc.a(_ne_df.o)
                0x0000000006016ac0                __nedf2
 .text          0x0000000006016b18       0x50 /home/sansigolo/Documents/joengine/Compiler/SH_NONE_ELF/bin/../lib/gcc/sh-none-elf/8.2.0/libgcc.a(_gt_df.o)
                0x0000000006016b18                __gtdf2
 .text          0x0000000006016b68       0x50 /home/sansigolo/Documents/joengine/Compiler/SH_NONE_ELF/bin/../lib/gcc/sh-none-elf/8.2.0/libgcc.a(_ge_df.o)
                0x0000000006016b68                __gedf2
 .text          0x0000000006016bb8       0x58 /home/sansigolo/Documents/joengine/Compiler/SH_NONE_ELF/bin/../lib/gcc/sh-none-elf/8.2.0/libgcc.a(_lt_df.o)
                0x0000000006016bb8                __ltdf2
 .text          0x0000000006016c10       0x58 /home/sansigolo/Documents/joengine/Compiler/SH_NONE_ELF/bin/../lib/gcc/sh-none-elf/8.2.0/libgcc.a(_le_df.o)
                0x0000000006016c10                __ledf2
 .text          0x0000000006016c68       0x40 /home/sansigolo/Documents/joengine/Compiler/SH_NONE_ELF/bin/../lib/gcc/sh-none-elf/8.2.0/libgcc.a(_unord_df.o)
                0x0000000006016c68                __unorddf2
 .text          0x0000000006016ca8       0xa8 /home/sansigolo/Documents/joengine/Compiler/SH_NONE_ELF/bin/../lib/gcc/sh-none-elf/8.2.0/libgcc.a(_si_to_df.o)
                0x0000000006016ca8                __floatsidf
 .text          0x0000000006016d50       0xa4 /home/sansigolo/Documents/joengine/Compiler/SH_NONE_ELF/bin/../lib/gcc/sh-none-elf/8.2.0/libgcc.a(_df_to_si.o)
                0x0000000006016d50                __fixdfsi
 .text          0x0000000006016df4        0x0 /home/sansigolo/Documents/joengine/Compiler/SH_NONE_ELF/bin/../lib/gcc/sh-none-elf/8.2.0/libgcc.a(_thenan_df.o)
 .text          0x0000000006016df4       0x88 /home/sansigolo/Documents/joengine/Compiler/SH_NONE_ELF/bin/../lib/gcc/sh-none-elf/8.2.0/libgcc.a(_usi_to_df.o)
                0x0000000006016df4                __floatunsidf
 *fill*         0x0000000006016e7c        0x4 
 .text          0x0000000006016e80       0x60 /home/sansigolo/Documents/joengine/Compiler/SH_NONE_ELF/bin/../lib/gcc/sh-none-elf/8.2.0/libgcc.a(_udiv_qrnnd_16.o)
                0x0000000006016e80                __udiv_qrnnd_16
 .text          0x0000000006016ee0        0x0 /home/sansigolo/Documents/joengine/Compiler/SH_NONE_ELF/bin/../lib/gcc/sh-none-elf/8.2.0/libgcc.a(_clz.o)
 .text          0x0000000006016ee0       0x58 /home/sansigolo/Documents/joengine/Compiler/SH_NONE_ELF/bin/../lib/gcc/sh-none-elf/8.2.0/libgcc.a(_clzsi2.o)
                0x0000000006016ee0                __clzsi2
 .text          0x0000000006016f38      0x25c /home/sansigolo/Documents/joengine/Compiler/SH_NONE_ELF/bin/../lib/gcc/sh-none-elf/8.2.0/libgcc.a(_pack_df.o)
                0x0000000006016f38                __pack_d
 .text          0x0000000006017194       0xcc /home/sansigolo/Documents/joengine/Compiler/SH_NONE_ELF/bin/../lib/gcc/sh-none-elf/8.2.0/libgcc.a(_unpack_df.o)
                0x0000000006017194                __unpack_d
 .text          0x0000000006017260       0xc8 /home/sansigolo/Documents/joengine/Compiler/SH_NONE_ELF/bin/../lib/gcc/sh-none-elf/8.2.0/libgcc.a(_fpcmp_parts_df.o)
                0x0000000006017260                __fpcmp_parts_d
 *(.strings)
                0x0000000006017328                __etext = .

.text.startup   0x0000000006017328      0x484
 .text.startup  0x0000000006017328      0x484 /tmp/ccCYQ0SN.ltrans0.ltrans.o
                0x0000000006017328                main

.rodata         0x00000000060177c0      0x63c
 *(.rodata)
 .rodata        0x00000000060177c0      0x12c /tmp/ccCYQ0SN.ltrans0.ltrans.o
 .rodata        0x00000000060178ec       0x10 /home/sansigolo/Documents/joengine/Compiler/SH_NONE_ELF/bin/../lib/gcc/sh-none-elf/8.2.0/libgcc.a(_thenan_sf.o)
                0x00000000060178ec                __thenan_sf
 .rodata        0x00000000060178fc       0x20 /home/sansigolo/Documents/joengine/Compiler/SH_NONE_ELF/bin/../lib/gcc/sh-none-elf/8.2.0/../../../../sh-none-elf/lib/libc.a(lib_a-svfprintf.o)
 .rodata        0x000000000601791c        0x4 /home/sansigolo/Documents/joengine/Compiler/SH_NONE_ELF/bin/../lib/gcc/sh-none-elf/8.2.0/../../../../sh-none-elf/lib/libc.a(lib_a-impure.o)
                0x000000000601791c                _global_impure_ptr
 .rodata        0x0000000006017920      0x124 /home/sansigolo/Documents/joengine/Compiler/SH_NONE_ELF/bin/../lib/gcc/sh-none-elf/8.2.0/../../../../sh-none-elf/lib/libc.a(lib_a-mprec.o)
                0x000000000601792c                __mprec_tinytens
                0x0000000006017954                __mprec_bigtens
                0x000000000601797c                __mprec_tens
 .rodata        0x0000000006017a44       0x20 /home/sansigolo/Documents/joengine/Compiler/SH_NONE_ELF/bin/../lib/gcc/sh-none-elf/8.2.0/../../../../sh-none-elf/lib/libc.a(lib_a-svfiprintf.o)
 .rodata        0x0000000006017a64      0x284 /home/sansigolo/Documents/joengine/Compiler/SH_NONE_ELF/bin/../lib/gcc/sh-none-elf/8.2.0/../../../../sh-none-elf/lib/libc.a(lib_a-ctype_.o)
                0x0000000006017a64                _ctype_
                0x0000000006017b68                _ctype_b
 .rodata        0x0000000006017ce8       0x14 /home/sansigolo/Documents/joengine/Compiler/SH_NONE_ELF/bin/../lib/gcc/sh-none-elf/8.2.0/libgcc.a(_thenan_df.o)
                0x0000000006017ce8                __thenan_df
 .rodata        0x0000000006017cfc      0x100 /home/sansigolo/Documents/joengine/Compiler/SH_NONE_ELF/bin/../lib/gcc/sh-none-elf/8.2.0/libgcc.a(_clz.o)
                0x0000000006017cfc                __clz_tab

.rodata.str1.4  0x0000000006017dfc     0x4122
 .rodata.str1.4
                0x0000000006017dfc     0x40b0 /tmp/ccCYQ0SN.ltrans0.ltrans.o
                                       0x414d (size before relaxing)
 .rodata.str1.4
                0x000000000601beac       0x3a /home/sansigolo/Documents/joengine/Compiler/SH_NONE_ELF/bin/../lib/gcc/sh-none-elf/8.2.0/../../../../sh-none-elf/lib/libc.a(lib_a-svfprintf.o)
 *fill*         0x000000000601bee6        0x2 
 .rodata.str1.4
                0x000000000601bee8        0xd /home/sansigolo/Documents/joengine/Compiler/SH_NONE_ELF/bin/../lib/gcc/sh-none-elf/8.2.0/../../../../sh-none-elf/lib/libc.a(lib_a-dtoa.o)
                                         0x12 (size before relaxing)
 *fill*         0x000000000601bef5        0x3 
 .rodata.str1.4
                0x000000000601bef8        0xa /home/sansigolo/Documents/joengine/Compiler/SH_NONE_ELF/bin/../lib/gcc/sh-none-elf/8.2.0/../../../../sh-none-elf/lib/libc.a(lib_a-locale.o)
                                         0x12 (size before relaxing)
 .rodata.str1.4
                0x000000000601bf02       0x25 /home/sansigolo/Documents/joengine/Compiler/SH_NONE_ELF/bin/../lib/gcc/sh-none-elf/8.2.0/../../../../sh-none-elf/lib/libc.a(lib_a-svfiprintf.o)
 *fill*         0x000000000601bf02        0x2 
 .rodata.str1.4
                0x000000000601bf04       0x1a /home/sansigolo/Documents/joengine/Compiler/SH_NONE_ELF/bin/../lib/gcc/sh-none-elf/8.2.0/../../../../sh-none-elf/lib/libc.a(lib_a-syscalls.o)

.eh_frame       0x000000000601bf20      0x170
 .eh_frame      0x000000000601bf20       0xa8 /home/sansigolo/Documents/joengine/Compiler/SH_NONE_ELF/bin/../lib/gcc/sh-none-elf/8.2.0/libgcc.a(_udivdi3.o)
 .eh_frame      0x000000000601bfc8       0xc8 /home/sansigolo/Documents/joengine/Compiler/SH_NONE_ELF/bin/../lib/gcc/sh-none-elf/8.2.0/libgcc.a(_umoddi3.o)
                                         0xdc (size before relaxing)

.rela.dyn       0x000000000601c090        0x0
 .rela.text     0x000000000601c090        0x0 /home/sansigolo/Documents/joengine/Compiler/SH_NONE_ELF/bin/../lib/gcc/sh-none-elf/8.2.0/../../../../sh-none-elf/lib/libc.a(lib_a-sbrkr.o)
 .rela.text.startup
                0x000000000601c090        0x0 /home/sansigolo/Documents/joengine/Compiler/SH_NONE_ELF/bin/../lib/gcc/sh-none-elf/8.2.0/../../../../sh-none-elf/lib/libc.a(lib_a-sbrkr.o)

SLPROG          0x000000000601c0a0    0x11720
                0x000000000601c0a0                __slprog_start = .
 *(SLPROG)
 SLPROG         0x000000000601c0a0     0x6540 ../../Compiler/SGL_302j/LIB_COFF/SGLAREA.O
                0x000000000601c0a0                MasterStack
                0x000000000601c0a4                SlaveStack
                0x000000000601c0a8                MaxVertices
                0x000000000601c0aa                MaxPolygons
                0x000000000601c0ac                SortList
                0x000000000601c0b0                SortListSize
                0x000000000601c0b4                TransList
                0x000000000601c0b8                Zbuffer
                0x000000000601c0bc                SpriteBuf
                0x000000000601c0c0                SpriteBufSize
                0x000000000601c0c4                Pbuffer
                0x000000000601c0c8                CommandBuf
                0x000000000601c0cc                CLOfstBuf
                0x000000000601c0d0                PCM_Work
                0x000000000601c0d4                PCM_WkSize
                0x000000000601c0d8                MaxEvents
                0x000000000601c0da                EventSize
                0x000000000601c0dc                MaxWorks
                0x000000000601c0de                WorkSize
                0x000000000601c0e0                RemainEvent
                0x000000000601c1e0                RemainWork
                0x000000000601c5e0                EventBuf
                0x000000000601e5e0                WorkBuf
 SLPROG         0x00000000060225e0       0x18 ../../Compiler/SGL_302j/LIB_COFF/LIBSGL.A(sglA15.o)
                0x00000000060225e0                slSlaveFunc
 *fill*         0x00000000060225f8        0x8 
 SLPROG         0x0000000006022600      0x42c ../../Compiler/SGL_302j/LIB_COFF/LIBSGL.A(sglA20.o)
                0x0000000006022600                slInitMatrix
                0x000000000602260a                slPushUnitMatrix
                0x000000000602261e                slUnitMatrix
 *fill*         0x0000000006022a2c        0x4 
 SLPROG         0x0000000006022a30       0x48 ../../Compiler/SGL_302j/LIB_COFF/LIBSGL.A(sglA21.o)
                0x0000000006022a30                slPushMatrix
                0x0000000006022a64                slPopMatrix
                0x0000000006022a64                slDecMatrixPtr
 *fill*         0x0000000006022a78        0x8 
 SLPROG         0x0000000006022a80       0x50 ../../Compiler/SGL_302j/LIB_COFF/LIBSGL.A(sglA27.o)
                0x0000000006022a80                slTranslate
 SLPROG         0x0000000006022ad0       0x20 ../../Compiler/SGL_302j/LIB_COFF/LIBSGL.A(sglB001.o)
                0x0000000006022ad0                slTVOn
                0x0000000006022ada                slTVOff
 SLPROG         0x0000000006022af0       0x24 ../../Compiler/SGL_302j/LIB_COFF/LIBSGL.A(sglB011.o)
                0x0000000006022af0                slBitMapNbg1
 *fill*         0x0000000006022b14        0xc 
 SLPROG         0x0000000006022b20      0x40c ../../Compiler/SGL_302j/LIB_COFF/LIBSGL.A(sglB015.o)
                0x0000000006022b20                slScrAutoDisp
 *fill*         0x0000000006022f2c        0x4 
 SLPROG         0x0000000006022f30        0xc ../../Compiler/SGL_302j/LIB_COFF/LIBSGL.A(sglB016.o)
                0x0000000006022f30                slBack1ColSet
 *fill*         0x0000000006022f3c        0x4 
 SLPROG         0x0000000006022f40       0xb4 ../../Compiler/SGL_302j/LIB_COFF/LIBSGL.A(sglB032.o)
                0x0000000006022f40                slMapNbg1
 *fill*         0x0000000006022ff4        0xc 
 SLPROG         0x0000000006023000        0xc ../../Compiler/SGL_302j/LIB_COFF/LIBSGL.A(sglB053.o)
                0x0000000006023000                slZoomNbg1
 *fill*         0x000000000602300c        0x4 
 SLPROG         0x0000000006023010        0xc ../../Compiler/SGL_302j/LIB_COFF/LIBSGL.A(sglB056.o)
                0x0000000006023010                slPlaneNbg1
 *fill*         0x000000000602301c        0x4 
 SLPROG         0x0000000006023020        0xc ../../Compiler/SGL_302j/LIB_COFF/LIBSGL.A(sglB063.o)
                0x0000000006023020                slPriority
 *fill*         0x000000000602302c        0x4 
 SLPROG         0x0000000006023030      0x114 ../../Compiler/SGL_302j/LIB_COFF/LIBSGL.A(sglB200.o)
                0x0000000006023030                slCharRbg0
                0x000000000602303c                slCharNbg0
                0x0000000006023048                slCharNbg1
                0x0000000006023054                slCharNbg2
                0x000000000602306a                slCharNbg3
                0x0000000006023082                slPageRbg0
                0x0000000006023098                slPageNbg1
                0x00000000060230a0                slPageNbg2
                0x00000000060230a8                slPageNbg3
                0x00000000060230b4                slPageNbg0
 *fill*         0x0000000006023144        0xc 
 SLPROG         0x0000000006023150       0x78 ../../Compiler/SGL_302j/LIB_COFF/LIBSGL.A(sglC05.o)
                0x0000000006023150                slSetSprite
 *fill*         0x00000000060231c8        0x8 
 SLPROG         0x00000000060231d0       0xfa ../../Compiler/SGL_302j/LIB_COFF/LIBSGL.A(sglC06.o)
                0x00000000060231d0                slDispSprite
 *fill*         0x00000000060232ca        0x6 
 SLPROG         0x00000000060232d0      0x162 ../../Compiler/SGL_302j/LIB_COFF/LIBSGL.A(sglC07.o)
                0x00000000060232d6                slPutSprite
 *fill*         0x0000000006023432        0xe 
 SLPROG         0x0000000006023440     0x1218 ../../Compiler/SGL_302j/LIB_COFF/LIBSGL.A(sglC08.o)
                0x0000000006023440                slPutPolygon
                0x00000000060240bc                MsCalcDepthFlat
 *fill*         0x0000000006024658        0x8 
 SLPROG         0x0000000006024660       0x40 ../../Compiler/SGL_302j/LIB_COFF/LIBSGL.A(sglC20.o)
                0x0000000006024660                SpriteEntry
 SLPROG         0x00000000060246a0       0x84 ../../Compiler/SGL_302j/LIB_COFF/LIBSGL.A(sglD00.o)
                0x00000000060246a0                slDMACopy
                0x00000000060246a0                slCpuDMACopy
                0x00000000060246fa                slCashPurge
                0x00000000060246fa                CSH_AllClr
 *fill*         0x0000000006024724        0xc 
 SLPROG         0x0000000006024730       0xa0 ../../Compiler/SGL_302j/LIB_COFF/LIBSGL.A(sglD01.o)
                0x0000000006024730                slDMAXCopy
 SLPROG         0x00000000060247d0        0xc ../../Compiler/SGL_302j/LIB_COFF/LIBSGL.A(sglD03.o)
                0x00000000060247d0                slDMAStatus
 *fill*         0x00000000060247dc        0x4 
 SLPROG         0x00000000060247e0       0x20 ../../Compiler/SGL_302j/LIB_COFF/LIBSGL.A(sglD15.o)
                0x00000000060247e0                CSH_Purge
 SLPROG         0x0000000006024800       0x84 ../../Compiler/SGL_302j/LIB_COFF/LIBSGL.A(sglD16.o)
                0x0000000006024800                DMA_ScuSetPrm
                0x0000000006024848                DMA_SCU_PRM0
 *fill*         0x0000000006024884        0xc 
 SLPROG         0x0000000006024890       0x88 ../../Compiler/SGL_302j/LIB_COFF/LIBSGL.A(sglD17.o)
                0x0000000006024890                DMA_ScuStart
 *fill*         0x0000000006024918        0x8 
 SLPROG         0x0000000006024920       0x34 ../../Compiler/SGL_302j/LIB_COFF/LIBSGL.A(sglD18.o)
                0x0000000006024920                DMA_ScuGetStatus
 *fill*         0x0000000006024954        0xc 
 SLPROG         0x0000000006024960       0x4e ../../Compiler/SGL_302j/LIB_COFF/LIBSGL.A(sglF00.o)
                0x0000000006024960                slCurScrn
                0x0000000006024970                slCurColor
                0x000000000602497a                slLocate
                0x00000000060249ac                CurrentScreen
 *fill*         0x00000000060249ae        0x2 
 SLPROG         0x00000000060249b0       0x1c ../../Compiler/SGL_302j/LIB_COFF/LIBSGL.A(sglF05.o)
                0x00000000060249b0                slPrint
 *fill*         0x00000000060249cc        0x4 
 SLPROG         0x00000000060249d0      0xfc8 ../../Compiler/SGL_302j/LIB_COFF/LIBSGL.A(sglH00.o)
                0x00000000060249e8                slGetPortDir1
                0x00000000060249f0                slGetPortDir2
                0x00000000060249f8                slSetPortDir1
                0x0000000006024a22                slSetPortDir2
                0x0000000006024a5c                slGetPortData1
                0x0000000006024a64                slGetPortData2
                0x0000000006024a6c                slSetPortData1
                0x0000000006024a76                slSetPortData2
                0x0000000006024a88                slGetPortSelect1
                0x0000000006024a92                slGetPortSelect2
                0x0000000006024a9c                slSetPortSelect1
                0x0000000006024ad0                slSetPortSelect2
                0x0000000006024b0c                slGetPortExt1
                0x0000000006024b16                slGetPortExt2
                0x0000000006024b20                slSetPortExt1
                0x0000000006024b50                slSetPortExt2
                0x0000000006024cc4                slSmpcDirectAccess
                0x0000000006024d44                slInitPeripheral
                0x0000000006024dd6                slSetResultBuffer
                0x0000000006024e62                slCheckIntBackSet
                0x0000000006024e6e                slIntBackCancel
                0x0000000006024e98                slCheckReset
                0x0000000006024ea2                slClearReset
                0x0000000006025068                slSmpcCashSend
                0x0000000006025124                slSmpcCashBlow
                0x0000000006025200                slGetOptimize
                0x000000000602520a                slSetOptimize
                0x0000000006025230                slGetPortMode1
                0x000000000602523c                slGetPortMode2
                0x000000000602524a                slSetPortMode1
                0x0000000006025288                slSetPortMode2
                0x0000000006025414                slRequestCommand
                0x0000000006025484                Smpc_Status
                0x0000000006025488                Smpc_Result
                0x000000000602548c                Smpc_Peripheral
                0x0000000006025492                Per_Connect1
                0x0000000006025493                Per_Connect2
                0x00000000060254b4                SmpcStatusBuf
 *fill*         0x0000000006025998        0x8 
 SLPROG         0x00000000060259a0       0xa8 ../../Compiler/SGL_302j/LIB_COFF/LIBSGL.A(sglH01.o)
                0x00000000060259a0                slGetLanguage
                0x00000000060259aa                slSetLanguage
                0x00000000060259cc                slGetSoundEffect
                0x00000000060259d8                slSetSoundEffect
                0x00000000060259f4                slGetSoundOutput
                0x0000000006025a00                slSetSoundOutput
                0x0000000006025a1c                slGetHelpWindow
                0x0000000006025a28                slSetHelpWindow
 *fill*         0x0000000006025a48        0x8 
 SLPROG         0x0000000006025a50      0x470 ../../Compiler/SGL_302j/LIB_COFF/LIBSGL.A(sglH02.o)
                0x0000000006025e40                smpc_pfr_tbl
                0x0000000006025e80                smpc_ptf_tbl
 SLPROG         0x0000000006025ec0       0x60 ../../Compiler/SGL_302j/LIB_COFF/LIBSGL.A(sglH04.o)
                0x0000000006025ec0                slComPrmIntBack
                0x0000000006025ed4                slComPrmSetMemory
                0x0000000006025eea                slComPrmSetTime
 SLPROG         0x0000000006025f20      0x3a4 ../../Compiler/SGL_302j/LIB_COFF/LIBSGL.A(sglI01.o)
                0x0000000006025f20                slInitSynch
                0x0000000006025f3a                slSynch
                0x0000000006026030                slRandom
                0x000000000602604e                PCM_EndCheck
                0x000000000602610a                RetPCMBuf
                0x00000000060261a4                PCM_Buf
                0x0000000006026244                Sound_Buf
 *fill*         0x00000000060262c4        0xc 
 SLPROG         0x00000000060262d0       0x74 ../../Compiler/SGL_302j/LIB_COFF/LIBSGL.A(sglJ00.o)
                0x00000000060262d0                InitSlaveSH
                0x0000000006026338                SlaveCommand
 *fill*         0x0000000006026344        0xc 
 SLPROG         0x0000000006026350      0x3d0 ../../Compiler/SGL_302j/LIB_COFF/LIBSGL.A(sglJ01.o)
                0x0000000006026350                SlaveControl
                0x000000000602670c                ErasePolygonData
 SLPROG         0x0000000006026720     0x12b8 ../../Compiler/SGL_302j/LIB_COFF/LIBSGL.A(sglJ02.o)
                0x0000000006026720                sbMakePolygon
                0x0000000006026908                sbCalcPolygon
                0x0000000006027640                SetTexture
                0x000000000602764c                SetPolygon
                0x0000000006027654                SetPosition
                0x000000000602768c                stvtc_4
                0x0000000006027744                stvtc_3
                0x0000000006027954                stvtc_1
                0x0000000006027968                stvtc_2
                0x000000000602797c                stvtc_0
 *fill*         0x00000000060279d8        0x8 
 SLPROG         0x00000000060279e0      0x140 ../../Compiler/SGL_302j/LIB_COFF/LIBSGL.A(sglJ03.o)
                0x00000000060279e0                sbMakeDMATable
 SLPROG         0x0000000006027b20      0x470 ../../Compiler/SGL_302j/LIB_COFF/LIBSGL.A(sglJ04.o)
                0x0000000006027b7e                sbMakeSprite
                0x0000000006027be4                sbMakeRotSprite
 SLPROG         0x0000000006027f90       0x3c ../../Compiler/SGL_302j/LIB_COFF/LIBSGL.A(sglJ05.o)
                0x0000000006027f90                sbSortEntry
 *fill*         0x0000000006027fcc        0x4 
 SLPROG         0x0000000006027fd0       0x6a ../../Compiler/SGL_302j/LIB_COFF/LIBSGL.A(sglM01.o)
                0x0000000006027fd0                slSetDepthLimit
                0x0000000006027ffc                slSetDepthTbl
                0x000000000602802c                DepthWorkArea
 *fill*         0x000000000602803a        0x6 
 SLPROG         0x0000000006028040       0x20 ../../Compiler/SGL_302j/LIB_COFF/LIBSGL.A(sglA00.o)
                0x0000000006028040                set_imask
                0x0000000006028040                _builtin_set_imask
                0x0000000006028054                get_imask
                0x0000000006028054                _builtin_get_imask
 SLPROG         0x0000000006028060     0x411e ../../Compiler/SGL_302j/LIB_COFF/LIBSGL.A(sglA01.o)
                0x0000000006028060                slSin
                0x0000000006028084                slCos
                0x00000000060280a8                GetSinCos
                0x000000000602813c                sin_cos_index_tbl
                0x000000000602817c                sin_tbl
 *fill*         0x000000000602c17e        0x2 
 SLPROG         0x000000000602c180      0xbd0 ../../Compiler/SGL_302j/LIB_COFF/LIBSGL.A(sglB000.o)
                0x000000000602c180                slInitScroll
                0x000000000602c2a0                setASC_1to8
                0x000000000602c2d0                setASC_4to8
                0x000000000602c3e0                TVSizeTbl
                0x000000000602c460                TVModeTbl
                0x000000000602c638                SGL_ASCII_CG
 SLPROG         0x000000000602cd50       0xd4 ../../Compiler/SGL_302j/LIB_COFF/LIBSGL.A(sglB035.o)
                0x000000000602cd50                sl1MapRA
                0x000000000602cde2                rbank_set
 *fill*         0x000000000602ce24        0xc 
 SLPROG         0x000000000602ce30      0x134 ../../Compiler/SGL_302j/LIB_COFF/LIBSGL.A(sglC00.o)
                0x000000000602ce30                slInitSprite
 *fill*         0x000000000602cf64        0xc 
 SLPROG         0x000000000602cf70      0x75c ../../Compiler/SGL_302j/LIB_COFF/LIBSGL.A(sglI00.o)
                0x000000000602d260                slInitInterrupt
 *fill*         0x000000000602d6cc        0x4 
 SLPROG         0x000000000602d6d0       0xf0 ../../Compiler/SGL_302j/LIB_COFF/LIBSGL.A(sglH03.o)
                0x000000000602d734                slSmpcIntBack
                0x000000000602d7c0                __slprog_end = .

.tors           0x000000000602d7c0        0x0
                0x000000000602d7c0                ___ctors = .
 *(.ctors)
                0x000000000602d7c0                ___ctors_end = .
                0x000000000602d7c0                ___dtors = .
 *(.dtors)
                0x000000000602d7c0                ___dtors_end = .

.data           0x000000000602d7c0      0x624
 *(.data)
 .data          0x000000000602d7c0        0x0 ../../Compiler/SGL_302j/LIB_COFF/SGLAREA.O
 .data          0x000000000602d7c0        0xc /tmp/ccCYQ0SN.ltrans0.ltrans.o
 *fill*         0x000000000602d7cc        0x4 
 .data          0x000000000602d7d0        0x0 ../../Compiler/SGL_302j/LIB_COFF/SEGA_SYS.A(sys_exit.o)
 .data          0x000000000602d7d0        0x0 ../../Compiler/SGL_302j/LIB_COFF/SEGA_SYS.A(sys_sub.o)
 .data          0x000000000602d7d0        0x0 ../../Compiler/SGL_302j/LIB_COFF/LIBCD.A(CDC_CMN.O)
 .data          0x000000000602d7d0        0x0 ../../Compiler/SGL_302j/LIB_COFF/LIBCD.A(CDC_CFS.O)
 .data          0x000000000602d7d0        0x0 ../../Compiler/SGL_302j/LIB_COFF/LIBCD.A(CDC_REG.O)
 .data          0x000000000602d7d0        0x0 ../../Compiler/SGL_302j/LIB_COFF/LIBCD.A(CDC_SUB.O)
 .data          0x000000000602d7d0        0x0 ../../Compiler/SGL_302j/LIB_COFF/LIBCD.A(GFS.O)
 .data          0x000000000602d7d0        0x0 ../../Compiler/SGL_302j/LIB_COFF/LIBCD.A(GFS_BUF.O)
 .data          0x000000000602d7d0        0x0 ../../Compiler/SGL_302j/LIB_COFF/LIBCD.A(GFS_CDB.O)
 .data          0x000000000602d7d0        0x0 ../../Compiler/SGL_302j/LIB_COFF/LIBCD.A(GFS_CDC.O)
 .data          0x000000000602d7d0        0x0 ../../Compiler/SGL_302j/LIB_COFF/LIBCD.A(GFS_CDF.O)
 .data          0x000000000602d7d0        0x0 ../../Compiler/SGL_302j/LIB_COFF/LIBCD.A(GFS_DIR.O)
 .data          0x000000000602d7d0        0x0 ../../Compiler/SGL_302j/LIB_COFF/LIBCD.A(GFS_TRN.O)
 .data          0x000000000602d7d0        0x0 ../../Compiler/SGL_302j/LIB_COFF/LIBCD.A(CDC_DRV.O)
 .data          0x000000000602d7d0        0x0 ../../Compiler/SGL_302j/LIB_COFF/LIBCD.A(CDC_DEV.O)
 .data          0x000000000602d7d0        0x0 ../../Compiler/SGL_302j/LIB_COFF/LIBCD.A(CDC_SEL.O)
 .data          0x000000000602d7d0        0x0 ../../Compiler/SGL_302j/LIB_COFF/LIBCD.A(CDC_BIF.O)
 .data          0x000000000602d7d0        0x0 ../../Compiler/SGL_302j/LIB_COFF/LIBCD.A(CDC_BIO.O)
 .data          0x000000000602d7d0        0x0 ../../Compiler/SGL_302j/LIB_COFF/LIBSGL.A(sglA15.o)
 .data          0x000000000602d7d0        0x0 ../../Compiler/SGL_302j/LIB_COFF/LIBSGL.A(sglA20.o)
 .data          0x000000000602d7d0        0x0 ../../Compiler/SGL_302j/LIB_COFF/LIBSGL.A(sglA21.o)
 .data          0x000000000602d7d0        0x0 ../../Compiler/SGL_302j/LIB_COFF/LIBSGL.A(sglA27.o)
 .data          0x000000000602d7d0        0x0 ../../Compiler/SGL_302j/LIB_COFF/LIBSGL.A(sglB001.o)
 .data          0x000000000602d7d0        0x0 ../../Compiler/SGL_302j/LIB_COFF/LIBSGL.A(sglB011.o)
 .data          0x000000000602d7d0        0x0 ../../Compiler/SGL_302j/LIB_COFF/LIBSGL.A(sglB015.o)
 .data          0x000000000602d7d0        0x0 ../../Compiler/SGL_302j/LIB_COFF/LIBSGL.A(sglB016.o)
 .data          0x000000000602d7d0        0x0 ../../Compiler/SGL_302j/LIB_COFF/LIBSGL.A(sglB032.o)
 .data          0x000000000602d7d0        0x0 ../../Compiler/SGL_302j/LIB_COFF/LIBSGL.A(sglB053.o)
 .data          0x000000000602d7d0        0x0 ../../Compiler/SGL_302j/LIB_COFF/LIBSGL.A(sglB056.o)
 .data          0x000000000602d7d0        0x0 ../../Compiler/SGL_302j/LIB_COFF/LIBSGL.A(sglB063.o)
 .data          0x000000000602d7d0        0x0 ../../Compiler/SGL_302j/LIB_COFF/LIBSGL.A(sglB200.o)
 .data          0x000000000602d7d0        0x0 ../../Compiler/SGL_302j/LIB_COFF/LIBSGL.A(sglC05.o)
 .data          0x000000000602d7d0        0x0 ../../Compiler/SGL_302j/LIB_COFF/LIBSGL.A(sglC06.o)
 .data          0x000000000602d7d0        0x0 ../../Compiler/SGL_302j/LIB_COFF/LIBSGL.A(sglC07.o)
 .data          0x000000000602d7d0        0x0 ../../Compiler/SGL_302j/LIB_COFF/LIBSGL.A(sglC08.o)
 .data          0x000000000602d7d0        0x0 ../../Compiler/SGL_302j/LIB_COFF/LIBSGL.A(sglC20.o)
 .data          0x000000000602d7d0        0x0 ../../Compiler/SGL_302j/LIB_COFF/LIBSGL.A(sglD00.o)
 .data          0x000000000602d7d0        0x0 ../../Compiler/SGL_302j/LIB_COFF/LIBSGL.A(sglD01.o)
 .data          0x000000000602d7d0        0x0 ../../Compiler/SGL_302j/LIB_COFF/LIBSGL.A(sglD03.o)
 .data          0x000000000602d7d0        0x0 ../../Compiler/SGL_302j/LIB_COFF/LIBSGL.A(sglD15.o)
 .data          0x000000000602d7d0        0x0 ../../Compiler/SGL_302j/LIB_COFF/LIBSGL.A(sglD16.o)
 .data          0x000000000602d7d0        0x0 ../../Compiler/SGL_302j/LIB_COFF/LIBSGL.A(sglD17.o)
 .data          0x000000000602d7d0        0x0 ../../Compiler/SGL_302j/LIB_COFF/LIBSGL.A(sglD18.o)
 .data          0x000000000602d7d0        0x0 ../../Compiler/SGL_302j/LIB_COFF/LIBSGL.A(sglF00.o)
 .data          0x000000000602d7d0        0x0 ../../Compiler/SGL_302j/LIB_COFF/LIBSGL.A(sglF05.o)
 .data          0x000000000602d7d0        0x0 ../../Compiler/SGL_302j/LIB_COFF/LIBSGL.A(sglH00.o)
 .data          0x000000000602d7d0        0x0 ../../Compiler/SGL_302j/LIB_COFF/LIBSGL.A(sglH01.o)
 .data          0x000000000602d7d0        0x0 ../../Compiler/SGL_302j/LIB_COFF/LIBSGL.A(sglH02.o)
 .data          0x000000000602d7d0        0x0 ../../Compiler/SGL_302j/LIB_COFF/LIBSGL.A(sglH04.o)
 .data          0x000000000602d7d0        0x0 ../../Compiler/SGL_302j/LIB_COFF/LIBSGL.A(sglI01.o)
 .data          0x000000000602d7d0       0x80 ../../Compiler/SGL_302j/LIB_COFF/LIBSGL.A(sglIc0.o)
                0x000000000602d7d0                IntPrioMask
 .data          0x000000000602d850        0x0 ../../Compiler/SGL_302j/LIB_COFF/LIBSGL.A(sglJ00.o)
 .data          0x000000000602d850        0x0 ../../Compiler/SGL_302j/LIB_COFF/LIBSGL.A(sglJ01.o)
 .data          0x000000000602d850        0x0 ../../Compiler/SGL_302j/LIB_COFF/LIBSGL.A(sglJ02.o)
 .data          0x000000000602d850        0x0 ../../Compiler/SGL_302j/LIB_COFF/LIBSGL.A(sglJ03.o)
 .data          0x000000000602d850        0x0 ../../Compiler/SGL_302j/LIB_COFF/LIBSGL.A(sglJ04.o)
 .data          0x000000000602d850        0x0 ../../Compiler/SGL_302j/LIB_COFF/LIBSGL.A(sglJ05.o)
 .data          0x000000000602d850        0x0 ../../Compiler/SGL_302j/LIB_COFF/LIBSGL.A(sglK01.o)
 .data          0x000000000602d850        0x0 ../../Compiler/SGL_302j/LIB_COFF/LIBSGL.A(sglM01.o)
 .data          0x000000000602d850        0x0 ../../Compiler/SGL_302j/LIB_COFF/LIBSGL.A(sglA00.o)
 .data          0x000000000602d850        0x0 ../../Compiler/SGL_302j/LIB_COFF/LIBSGL.A(sglA01.o)
 .data          0x000000000602d850        0x0 ../../Compiler/SGL_302j/LIB_COFF/LIBSGL.A(sglB000.o)
 .data          0x000000000602d850        0x0 ../../Compiler/SGL_302j/LIB_COFF/LIBSGL.A(sglB035.o)
 .data          0x000000000602d850        0x0 ../../Compiler/SGL_302j/LIB_COFF/LIBSGL.A(sglC00.o)
 .data          0x000000000602d850        0x0 ../../Compiler/SGL_302j/LIB_COFF/LIBSGL.A(sglI00.o)
 .data          0x000000000602d850        0x0 ../../Compiler/SGL_302j/LIB_COFF/LIBSGL.A(sglH03.o)
 .data          0x000000000602d850        0x0 /home/sansigolo/Documents/joengine/Compiler/SH_NONE_ELF/bin/../lib/gcc/sh-none-elf/8.2.0/libgcc.a(_ashiftrt.o)
 .data          0x000000000602d850        0x0 /home/sansigolo/Documents/joengine/Compiler/SH_NONE_ELF/bin/../lib/gcc/sh-none-elf/8.2.0/libgcc.a(_sdivsi3.o)
 .data          0x000000000602d850        0x0 /home/sansigolo/Documents/joengine/Compiler/SH_NONE_ELF/bin/../lib/gcc/sh-none-elf/8.2.0/libgcc.a(_udivsi3.o)
 .data          0x000000000602d850        0x0 /home/sansigolo/Documents/joengine/Compiler/SH_NONE_ELF/bin/../lib/gcc/sh-none-elf/8.2.0/libgcc.a(_mul_sf.o)
 .data          0x000000000602d850        0x0 /home/sansigolo/Documents/joengine/Compiler/SH_NONE_ELF/bin/../lib/gcc/sh-none-elf/8.2.0/libgcc.a(_div_sf.o)
 .data          0x000000000602d850        0x0 /home/sansigolo/Documents/joengine/Compiler/SH_NONE_ELF/bin/../lib/gcc/sh-none-elf/8.2.0/libgcc.a(_sf_to_si.o)
 .data          0x000000000602d850        0x0 /home/sansigolo/Documents/joengine/Compiler/SH_NONE_ELF/bin/../lib/gcc/sh-none-elf/8.2.0/libgcc.a(_thenan_sf.o)
 .data          0x000000000602d850        0x0 /home/sansigolo/Documents/joengine/Compiler/SH_NONE_ELF/bin/../lib/gcc/sh-none-elf/8.2.0/libgcc.a(_usi_to_sf.o)
 .data          0x000000000602d850        0x0 /home/sansigolo/Documents/joengine/Compiler/SH_NONE_ELF/bin/../lib/gcc/sh-none-elf/8.2.0/libgcc.a(_pack_sf.o)
 .data          0x000000000602d850        0x0 /home/sansigolo/Documents/joengine/Compiler/SH_NONE_ELF/bin/../lib/gcc/sh-none-elf/8.2.0/libgcc.a(_unpack_sf.o)
 .data          0x000000000602d850        0x0 /home/sansigolo/Documents/joengine/Compiler/SH_NONE_ELF/bin/../lib/gcc/sh-none-elf/8.2.0/../../../../sh-none-elf/lib/libc.a(lib_a-memcmp.o)
 .data          0x000000000602d850        0x0 /home/sansigolo/Documents/joengine/Compiler/SH_NONE_ELF/bin/../lib/gcc/sh-none-elf/8.2.0/../../../../sh-none-elf/lib/libc.a(lib_a-memcpy.o)
 .data          0x000000000602d850        0x0 /home/sansigolo/Documents/joengine/Compiler/SH_NONE_ELF/bin/../lib/gcc/sh-none-elf/8.2.0/../../../../sh-none-elf/lib/libc.a(lib_a-memset.o)
 .data          0x000000000602d850        0x0 /home/sansigolo/Documents/joengine/Compiler/SH_NONE_ELF/bin/../lib/gcc/sh-none-elf/8.2.0/../../../../sh-none-elf/lib/libc.a(lib_a-sprintf.o)
 .data          0x000000000602d850        0x0 /home/sansigolo/Documents/joengine/Compiler/SH_NONE_ELF/bin/../lib/gcc/sh-none-elf/8.2.0/../../../../sh-none-elf/lib/libc.a(lib_a-strncmp.o)
 .data          0x000000000602d850        0x0 /home/sansigolo/Documents/joengine/Compiler/SH_NONE_ELF/bin/../lib/gcc/sh-none-elf/8.2.0/../../../../sh-none-elf/lib/libc.a(lib_a-strncpy.o)
 .data          0x000000000602d850        0x0 /home/sansigolo/Documents/joengine/Compiler/SH_NONE_ELF/bin/../lib/gcc/sh-none-elf/8.2.0/../../../../sh-none-elf/lib/libc.a(lib_a-svfprintf.o)
 .data          0x000000000602d850        0x0 /home/sansigolo/Documents/joengine/Compiler/SH_NONE_ELF/bin/../lib/gcc/sh-none-elf/8.2.0/../../../../sh-none-elf/lib/libc.a(lib_a-dtoa.o)
 .data          0x000000000602d850      0x428 /home/sansigolo/Documents/joengine/Compiler/SH_NONE_ELF/bin/../lib/gcc/sh-none-elf/8.2.0/../../../../sh-none-elf/lib/libc.a(lib_a-impure.o)
                0x000000000602d850                _impure_ptr
 .data          0x000000000602dc78        0x0 /home/sansigolo/Documents/joengine/Compiler/SH_NONE_ELF/bin/../lib/gcc/sh-none-elf/8.2.0/../../../../sh-none-elf/lib/libc.a(lib_a-localeconv.o)
 .data          0x000000000602dc78      0x16c /home/sansigolo/Documents/joengine/Compiler/SH_NONE_ELF/bin/../lib/gcc/sh-none-elf/8.2.0/../../../../sh-none-elf/lib/libc.a(lib_a-locale.o)
                0x000000000602dc78                __global_locale
 .data          0x000000000602dde4        0x0 /home/sansigolo/Documents/joengine/Compiler/SH_NONE_ELF/bin/../lib/gcc/sh-none-elf/8.2.0/../../../../sh-none-elf/lib/libc.a(lib_a-mbtowc_r.o)
 .data          0x000000000602dde4        0x0 /home/sansigolo/Documents/joengine/Compiler/SH_NONE_ELF/bin/../lib/gcc/sh-none-elf/8.2.0/../../../../sh-none-elf/lib/libc.a(lib_a-memchr.o)
 .data          0x000000000602dde4        0x0 /home/sansigolo/Documents/joengine/Compiler/SH_NONE_ELF/bin/../lib/gcc/sh-none-elf/8.2.0/../../../../sh-none-elf/lib/libc.a(lib_a-mprec.o)
 .data          0x000000000602dde4        0x0 /home/sansigolo/Documents/joengine/Compiler/SH_NONE_ELF/bin/../lib/gcc/sh-none-elf/8.2.0/../../../../sh-none-elf/lib/libc.a(lib_a-nano-callocr.o)
 .data          0x000000000602dde4        0x0 /home/sansigolo/Documents/joengine/Compiler/SH_NONE_ELF/bin/../lib/gcc/sh-none-elf/8.2.0/../../../../sh-none-elf/lib/libc.a(lib_a-nano-mallocr.o)
 .data          0x000000000602dde4        0x0 /home/sansigolo/Documents/joengine/Compiler/SH_NONE_ELF/bin/../lib/gcc/sh-none-elf/8.2.0/../../../../sh-none-elf/lib/libc.a(lib_a-sbrkr.o)
 .data          0x000000000602dde4        0x0 /home/sansigolo/Documents/joengine/Compiler/SH_NONE_ELF/bin/../lib/gcc/sh-none-elf/8.2.0/../../../../sh-none-elf/lib/libc.a(lib_a-strcmp.o)
 .data          0x000000000602dde4        0x0 /home/sansigolo/Documents/joengine/Compiler/SH_NONE_ELF/bin/../lib/gcc/sh-none-elf/8.2.0/../../../../sh-none-elf/lib/libc.a(lib_a-strlen.o)
 .data          0x000000000602dde4        0x0 /home/sansigolo/Documents/joengine/Compiler/SH_NONE_ELF/bin/../lib/gcc/sh-none-elf/8.2.0/../../../../sh-none-elf/lib/libc.a(lib_a-svfiprintf.o)
 .data          0x000000000602dde4        0x0 /home/sansigolo/Documents/joengine/Compiler/SH_NONE_ELF/bin/../lib/gcc/sh-none-elf/8.2.0/../../../../sh-none-elf/lib/libc.a(lib_a-syscalls.o)
 .data          0x000000000602dde4        0x0 /home/sansigolo/Documents/joengine/Compiler/SH_NONE_ELF/bin/../lib/gcc/sh-none-elf/8.2.0/../../../../sh-none-elf/lib/libc.a(lib_a-trap.o)
 .data          0x000000000602dde4        0x0 /home/sansigolo/Documents/joengine/Compiler/SH_NONE_ELF/bin/../lib/gcc/sh-none-elf/8.2.0/../../../../sh-none-elf/lib/libc.a(lib_a-wctomb_r.o)
 .data          0x000000000602dde4        0x0 /home/sansigolo/Documents/joengine/Compiler/SH_NONE_ELF/bin/../lib/gcc/sh-none-elf/8.2.0/../../../../sh-none-elf/lib/libc.a(lib_a-abort.o)
 .data          0x000000000602dde4        0x0 /home/sansigolo/Documents/joengine/Compiler/SH_NONE_ELF/bin/../lib/gcc/sh-none-elf/8.2.0/../../../../sh-none-elf/lib/libc.a(lib_a-ctype_.o)
 .data          0x000000000602dde4        0x0 /home/sansigolo/Documents/joengine/Compiler/SH_NONE_ELF/bin/../lib/gcc/sh-none-elf/8.2.0/../../../../sh-none-elf/lib/libc.a(lib_a-memmove.o)
 .data          0x000000000602dde4        0x0 /home/sansigolo/Documents/joengine/Compiler/SH_NONE_ELF/bin/../lib/gcc/sh-none-elf/8.2.0/../../../../sh-none-elf/lib/libc.a(lib_a-mlock.o)
 .data          0x000000000602dde4        0x0 /home/sansigolo/Documents/joengine/Compiler/SH_NONE_ELF/bin/../lib/gcc/sh-none-elf/8.2.0/../../../../sh-none-elf/lib/libc.a(lib_a-nano-freer.o)
 .data          0x000000000602dde4        0x0 /home/sansigolo/Documents/joengine/Compiler/SH_NONE_ELF/bin/../lib/gcc/sh-none-elf/8.2.0/../../../../sh-none-elf/lib/libc.a(lib_a-nano-reallocr.o)
 .data          0x000000000602dde4        0x0 /home/sansigolo/Documents/joengine/Compiler/SH_NONE_ELF/bin/../lib/gcc/sh-none-elf/8.2.0/../../../../sh-none-elf/lib/libc.a(lib_a-signal.o)
 .data          0x000000000602dde4        0x0 /home/sansigolo/Documents/joengine/Compiler/SH_NONE_ELF/bin/../lib/gcc/sh-none-elf/8.2.0/../../../../sh-none-elf/lib/libc.a(lib_a-signalr.o)
 .data          0x000000000602dde4        0x0 /home/sansigolo/Documents/joengine/Compiler/SH_NONE_ELF/bin/../lib/gcc/sh-none-elf/8.2.0/../../../../sh-none-elf/lib/libc.a(lib_a-nano-msizer.o)
 .data          0x000000000602dde4        0x0 /home/sansigolo/Documents/joengine/Compiler/SH_NONE_ELF/bin/../lib/gcc/sh-none-elf/8.2.0/libgcc.a(_ashiftrt_n.o)
 .data          0x000000000602dde4        0x0 /home/sansigolo/Documents/joengine/Compiler/SH_NONE_ELF/bin/../lib/gcc/sh-none-elf/8.2.0/libgcc.a(_ashiftlt.o)
 .data          0x000000000602dde4        0x0 /home/sansigolo/Documents/joengine/Compiler/SH_NONE_ELF/bin/../lib/gcc/sh-none-elf/8.2.0/libgcc.a(_lshiftrt.o)
 .data          0x000000000602dde4        0x0 /home/sansigolo/Documents/joengine/Compiler/SH_NONE_ELF/bin/../lib/gcc/sh-none-elf/8.2.0/libgcc.a(_udivdi3.o)
 .data          0x000000000602dde4        0x0 /home/sansigolo/Documents/joengine/Compiler/SH_NONE_ELF/bin/../lib/gcc/sh-none-elf/8.2.0/libgcc.a(_umoddi3.o)
 .data          0x000000000602dde4        0x0 /home/sansigolo/Documents/joengine/Compiler/SH_NONE_ELF/bin/../lib/gcc/sh-none-elf/8.2.0/libgcc.a(_addsub_df.o)
 .data          0x000000000602dde4        0x0 /home/sansigolo/Documents/joengine/Compiler/SH_NONE_ELF/bin/../lib/gcc/sh-none-elf/8.2.0/libgcc.a(_mul_df.o)
 .data          0x000000000602dde4        0x0 /home/sansigolo/Documents/joengine/Compiler/SH_NONE_ELF/bin/../lib/gcc/sh-none-elf/8.2.0/libgcc.a(_div_df.o)
 .data          0x000000000602dde4        0x0 /home/sansigolo/Documents/joengine/Compiler/SH_NONE_ELF/bin/../lib/gcc/sh-none-elf/8.2.0/libgcc.a(_eq_df.o)
 .data          0x000000000602dde4        0x0 /home/sansigolo/Documents/joengine/Compiler/SH_NONE_ELF/bin/../lib/gcc/sh-none-elf/8.2.0/libgcc.a(_ne_df.o)
 .data          0x000000000602dde4        0x0 /home/sansigolo/Documents/joengine/Compiler/SH_NONE_ELF/bin/../lib/gcc/sh-none-elf/8.2.0/libgcc.a(_gt_df.o)
 .data          0x000000000602dde4        0x0 /home/sansigolo/Documents/joengine/Compiler/SH_NONE_ELF/bin/../lib/gcc/sh-none-elf/8.2.0/libgcc.a(_ge_df.o)
 .data          0x000000000602dde4        0x0 /home/sansigolo/Documents/joengine/Compiler/SH_NONE_ELF/bin/../lib/gcc/sh-none-elf/8.2.0/libgcc.a(_lt_df.o)
 .data          0x000000000602dde4        0x0 /home/sansigolo/Documents/joengine/Compiler/SH_NONE_ELF/bin/../lib/gcc/sh-none-elf/8.2.0/libgcc.a(_le_df.o)
 .data          0x000000000602dde4        0x0 /home/sansigolo/Documents/joengine/Compiler/SH_NONE_ELF/bin/../lib/gcc/sh-none-elf/8.2.0/libgcc.a(_unord_df.o)
 .data          0x000000000602dde4        0x0 /home/sansigolo/Documents/joengine/Compiler/SH_NONE_ELF/bin/../lib/gcc/sh-none-elf/8.2.0/libgcc.a(_si_to_df.o)
 .data          0x000000000602dde4        0x0 /home/sansigolo/Documents/joengine/Compiler/SH_NONE_ELF/bin/../lib/gcc/sh-none-elf/8.2.0/libgcc.a(_df_to_si.o)
 .data          0x000000000602dde4        0x0 /home/sansigolo/Documents/joengine/Compiler/SH_NONE_ELF/bin/../lib/gcc/sh-none-elf/8.2.0/libgcc.a(_thenan_df.o)
 .data          0x000000000602dde4        0x0 /home/sansigolo/Documents/joengine/Compiler/SH_NONE_ELF/bin/../lib/gcc/sh-none-elf/8.2.0/libgcc.a(_usi_to_df.o)
 .data          0x000000000602dde4        0x0 /home/sansigolo/Documents/joengine/Compiler/SH_NONE_ELF/bin/../lib/gcc/sh-none-elf/8.2.0/libgcc.a(_udiv_qrnnd_16.o)
 .data          0x000000000602dde4        0x0 /home/sansigolo/Documents/joengine/Compiler/SH_NONE_ELF/bin/../lib/gcc/sh-none-elf/8.2.0/libgcc.a(_clz.o)
 .data          0x000000000602dde4        0x0 /home/sansigolo/Documents/joengine/Compiler/SH_NONE_ELF/bin/../lib/gcc/sh-none-elf/8.2.0/libgcc.a(_clzsi2.o)
 .data          0x000000000602dde4        0x0 /home/sansigolo/Documents/joengine/Compiler/SH_NONE_ELF/bin/../lib/gcc/sh-none-elf/8.2.0/libgcc.a(_pack_df.o)
 .data          0x000000000602dde4        0x0 /home/sansigolo/Documents/joengine/Compiler/SH_NONE_ELF/bin/../lib/gcc/sh-none-elf/8.2.0/libgcc.a(_unpack_df.o)
 .data          0x000000000602dde4        0x0 /home/sansigolo/Documents/joengine/Compiler/SH_NONE_ELF/bin/../lib/gcc/sh-none-elf/8.2.0/libgcc.a(_fpcmp_parts_df.o)
                0x000000000602dde4                __edata = .

.bss            0x000000000602ddf0    0x82f1c
                0x000000000602ddf0                __bstart = .
 *(.bss)
 .bss           0x000000000602ddf0        0x0 ../../Compiler/SGL_302j/LIB_COFF/SGLAREA.O
 .bss           0x000000000602ddf0    0x82e98 /tmp/ccCYQ0SN.ltrans0.ltrans.o
 *fill*         0x00000000060b0c88        0x8 
 .bss           0x00000000060b0c90        0x4 ../../Compiler/SGL_302j/LIB_COFF/SEGA_SYS.A(sys_exit.o)
 *fill*         0x00000000060b0c94        0xc 
 .bss           0x00000000060b0ca0        0x0 ../../Compiler/SGL_302j/LIB_COFF/SEGA_SYS.A(sys_sub.o)
 .bss           0x00000000060b0ca0        0x0 ../../Compiler/SGL_302j/LIB_COFF/LIBCD.A(CDC_CMN.O)
 .bss           0x00000000060b0ca0        0x0 ../../Compiler/SGL_302j/LIB_COFF/LIBCD.A(CDC_CFS.O)
 .bss           0x00000000060b0ca0        0x2 ../../Compiler/SGL_302j/LIB_COFF/LIBCD.A(CDC_REG.O)
 *fill*         0x00000000060b0ca2        0xe 
 .bss           0x00000000060b0cb0        0xc ../../Compiler/SGL_302j/LIB_COFF/LIBCD.A(CDC_SUB.O)
 *fill*         0x00000000060b0cbc        0x4 
 .bss           0x00000000060b0cc0        0x0 ../../Compiler/SGL_302j/LIB_COFF/LIBCD.A(GFS.O)
 .bss           0x00000000060b0cc0        0x0 ../../Compiler/SGL_302j/LIB_COFF/LIBCD.A(GFS_BUF.O)
 .bss           0x00000000060b0cc0        0x0 ../../Compiler/SGL_302j/LIB_COFF/LIBCD.A(GFS_CDB.O)
 .bss           0x00000000060b0cc0        0x0 ../../Compiler/SGL_302j/LIB_COFF/LIBCD.A(GFS_CDC.O)
 .bss           0x00000000060b0cc0        0x0 ../../Compiler/SGL_302j/LIB_COFF/LIBCD.A(GFS_CDF.O)
 .bss           0x00000000060b0cc0        0x0 ../../Compiler/SGL_302j/LIB_COFF/LIBCD.A(GFS_DIR.O)
 .bss           0x00000000060b0cc0        0xc ../../Compiler/SGL_302j/LIB_COFF/LIBCD.A(GFS_TRN.O)
 *fill*         0x00000000060b0ccc        0x4 
 .bss           0x00000000060b0cd0        0x0 ../../Compiler/SGL_302j/LIB_COFF/LIBCD.A(CDC_DRV.O)
 .bss           0x00000000060b0cd0        0x0 ../../Compiler/SGL_302j/LIB_COFF/LIBCD.A(CDC_DEV.O)
 .bss           0x00000000060b0cd0        0x0 ../../Compiler/SGL_302j/LIB_COFF/LIBCD.A(CDC_SEL.O)
 .bss           0x00000000060b0cd0        0x0 ../../Compiler/SGL_302j/LIB_COFF/LIBCD.A(CDC_BIF.O)
 .bss           0x00000000060b0cd0        0x0 ../../Compiler/SGL_302j/LIB_COFF/LIBCD.A(CDC_BIO.O)
 .bss           0x00000000060b0cd0        0x0 ../../Compiler/SGL_302j/LIB_COFF/LIBSGL.A(sglA15.o)
 .bss           0x00000000060b0cd0        0x0 ../../Compiler/SGL_302j/LIB_COFF/LIBSGL.A(sglA20.o)
 .bss           0x00000000060b0cd0        0x0 ../../Compiler/SGL_302j/LIB_COFF/LIBSGL.A(sglA21.o)
 .bss           0x00000000060b0cd0        0x0 ../../Compiler/SGL_302j/LIB_COFF/LIBSGL.A(sglA27.o)
 .bss           0x00000000060b0cd0        0x0 ../../Compiler/SGL_302j/LIB_COFF/LIBSGL.A(sglB001.o)
 .bss           0x00000000060b0cd0        0x0 ../../Compiler/SGL_302j/LIB_COFF/LIBSGL.A(sglB011.o)
 .bss           0x00000000060b0cd0        0x0 ../../Compiler/SGL_302j/LIB_COFF/LIBSGL.A(sglB015.o)
 .bss           0x00000000060b0cd0        0x0 ../../Compiler/SGL_302j/LIB_COFF/LIBSGL.A(sglB016.o)
 .bss           0x00000000060b0cd0        0x0 ../../Compiler/SGL_302j/LIB_COFF/LIBSGL.A(sglB032.o)
 .bss           0x00000000060b0cd0        0x0 ../../Compiler/SGL_302j/LIB_COFF/LIBSGL.A(sglB053.o)
 .bss           0x00000000060b0cd0        0x0 ../../Compiler/SGL_302j/LIB_COFF/LIBSGL.A(sglB056.o)
 .bss           0x00000000060b0cd0        0x0 ../../Compiler/SGL_302j/LIB_COFF/LIBSGL.A(sglB063.o)
 .bss           0x00000000060b0cd0        0x0 ../../Compiler/SGL_302j/LIB_COFF/LIBSGL.A(sglB200.o)
 .bss           0x00000000060b0cd0        0x0 ../../Compiler/SGL_302j/LIB_COFF/LIBSGL.A(sglC05.o)
 .bss           0x00000000060b0cd0        0x0 ../../Compiler/SGL_302j/LIB_COFF/LIBSGL.A(sglC06.o)
 .bss           0x00000000060b0cd0        0x0 ../../Compiler/SGL_302j/LIB_COFF/LIBSGL.A(sglC07.o)
 .bss           0x00000000060b0cd0        0x0 ../../Compiler/SGL_302j/LIB_COFF/LIBSGL.A(sglC08.o)
 .bss           0x00000000060b0cd0        0x0 ../../Compiler/SGL_302j/LIB_COFF/LIBSGL.A(sglC20.o)
 .bss           0x00000000060b0cd0        0x0 ../../Compiler/SGL_302j/LIB_COFF/LIBSGL.A(sglD00.o)
 .bss           0x00000000060b0cd0        0x0 ../../Compiler/SGL_302j/LIB_COFF/LIBSGL.A(sglD01.o)
 .bss           0x00000000060b0cd0        0x0 ../../Compiler/SGL_302j/LIB_COFF/LIBSGL.A(sglD03.o)
 .bss           0x00000000060b0cd0        0x0 ../../Compiler/SGL_302j/LIB_COFF/LIBSGL.A(sglD15.o)
 .bss           0x00000000060b0cd0        0x0 ../../Compiler/SGL_302j/LIB_COFF/LIBSGL.A(sglD16.o)
 .bss           0x00000000060b0cd0        0x0 ../../Compiler/SGL_302j/LIB_COFF/LIBSGL.A(sglD17.o)
 .bss           0x00000000060b0cd0        0x0 ../../Compiler/SGL_302j/LIB_COFF/LIBSGL.A(sglD18.o)
 .bss           0x00000000060b0cd0        0x0 ../../Compiler/SGL_302j/LIB_COFF/LIBSGL.A(sglF00.o)
 .bss           0x00000000060b0cd0        0x0 ../../Compiler/SGL_302j/LIB_COFF/LIBSGL.A(sglF05.o)
 .bss           0x00000000060b0cd0        0x0 ../../Compiler/SGL_302j/LIB_COFF/LIBSGL.A(sglH00.o)
 .bss           0x00000000060b0cd0        0x0 ../../Compiler/SGL_302j/LIB_COFF/LIBSGL.A(sglH01.o)
 .bss           0x00000000060b0cd0        0x0 ../../Compiler/SGL_302j/LIB_COFF/LIBSGL.A(sglH02.o)
 .bss           0x00000000060b0cd0        0x0 ../../Compiler/SGL_302j/LIB_COFF/LIBSGL.A(sglH04.o)
 .bss           0x00000000060b0cd0        0x0 ../../Compiler/SGL_302j/LIB_COFF/LIBSGL.A(sglI01.o)
 .bss           0x00000000060b0cd0        0x0 ../../Compiler/SGL_302j/LIB_COFF/LIBSGL.A(sglIc0.o)
 .bss           0x00000000060b0cd0        0x0 ../../Compiler/SGL_302j/LIB_COFF/LIBSGL.A(sglJ00.o)
 .bss           0x00000000060b0cd0        0x0 ../../Compiler/SGL_302j/LIB_COFF/LIBSGL.A(sglJ01.o)
 .bss           0x00000000060b0cd0        0x0 ../../Compiler/SGL_302j/LIB_COFF/LIBSGL.A(sglJ02.o)
 .bss           0x00000000060b0cd0        0x0 ../../Compiler/SGL_302j/LIB_COFF/LIBSGL.A(sglJ03.o)
 .bss           0x00000000060b0cd0        0x0 ../../Compiler/SGL_302j/LIB_COFF/LIBSGL.A(sglJ04.o)
 .bss           0x00000000060b0cd0        0x0 ../../Compiler/SGL_302j/LIB_COFF/LIBSGL.A(sglJ05.o)
 .bss           0x00000000060b0cd0        0x0 ../../Compiler/SGL_302j/LIB_COFF/LIBSGL.A(sglK01.o)
 .bss           0x00000000060b0cd0        0x0 ../../Compiler/SGL_302j/LIB_COFF/LIBSGL.A(sglM01.o)
 .bss           0x00000000060b0cd0        0x0 ../../Compiler/SGL_302j/LIB_COFF/LIBSGL.A(sglA00.o)
 .bss           0x00000000060b0cd0        0x0 ../../Compiler/SGL_302j/LIB_COFF/LIBSGL.A(sglA01.o)
 .bss           0x00000000060b0cd0        0x0 ../../Compiler/SGL_302j/LIB_COFF/LIBSGL.A(sglB000.o)
 .bss           0x00000000060b0cd0        0x0 ../../Compiler/SGL_302j/LIB_COFF/LIBSGL.A(sglB035.o)
 .bss           0x00000000060b0cd0        0x0 ../../Compiler/SGL_302j/LIB_COFF/LIBSGL.A(sglC00.o)