Archive member included to satisfy reference by file (symbol)

../../Compiler/SGL_302j/LIB_COFF/SEGA_SYS.A(sys_exit.o)
                              ../../jo_engine/core.o (symbol from plugin) (SYS_Exit)
../../Compiler/SGL_302j/LIB_COFF/SEGA_SYS.A(sys_sub.o)
                              ../../Compiler/SGL_302j/LIB_COFF/SEGA_SYS.A(sys_exit.o) (SYSUB_SetStackptr)
../../Compiler/SGL_302j/LIB_COFF/LIBCD.A(CDC_CMN.O)
                              ../../Compiler/SGL_302j/LIB_COFF/SEGA_SYS.A(sys_exit.o) (CDC_GetCurStat)
../../Compiler/SGL_302j/LIB_COFF/LIBCD.A(CDC_CFS.O)
                              ../../Compiler/SGL_302j/LIB_COFF/SEGA_SYS.A(sys_exit.o) (CDC_ChgDir)
../../Compiler/SGL_302j/LIB_COFF/LIBCD.A(CDC_REG.O)
                              ../../Compiler/SGL_302j/LIB_COFF/SEGA_SYS.A(sys_exit.o) (CDC_GetHirqReq)
../../Compiler/SGL_302j/LIB_COFF/LIBCD.A(CDC_SUB.O)
                              ../../Compiler/SGL_302j/LIB_COFF/LIBCD.A(CDC_CMN.O) (CDSUB_UpdStatus)
../../Compiler/SGL_302j/LIB_COFF/LIBCD.A(GFS.O)
                              ../../jo_engine/fs.o (symbol from plugin) (GFS_Init)
../../Compiler/SGL_302j/LIB_COFF/LIBCD.A(GFS_BUF.O)
                              ../../Compiler/SGL_302j/LIB_COFF/LIBCD.A(GFS.O) (GFBF_GetNumData)
../../Compiler/SGL_302j/LIB_COFF/LIBCD.A(GFS_CDB.O)
                              ../../Compiler/SGL_302j/LIB_COFF/LIBCD.A(GFS.O) (GFCB_Close)
../../Compiler/SGL_302j/LIB_COFF/LIBCD.A(GFS_CDC.O)
                              ../../Compiler/SGL_302j/LIB_COFF/LIBCD.A(GFS.O) (GFCD_SetCdbfs)
../../Compiler/SGL_302j/LIB_COFF/LIBCD.A(GFS_CDF.O)
                              ../../Compiler/SGL_302j/LIB_COFF/LIBCD.A(GFS.O) (GFCF_Init)
../../Compiler/SGL_302j/LIB_COFF/LIBCD.A(GFS_DIR.O)
                              ../../Compiler/SGL_302j/LIB_COFF/LIBCD.A(GFS.O) (GFDR_SetupDirTbl)
../../Compiler/SGL_302j/LIB_COFF/LIBCD.A(GFS_TRN.O)
                              ../../Compiler/SGL_302j/LIB_COFF/LIBCD.A(GFS.O) (GFTR_Setup)
../../Compiler/SGL_302j/LIB_COFF/LIBCD.A(CDC_DRV.O)
                              ../../Compiler/SGL_302j/LIB_COFF/LIBCD.A(GFS_CDC.O) (CDC_CdPlay)
../../Compiler/SGL_302j/LIB_COFF/LIBCD.A(CDC_DEV.O)
                              ../../Compiler/SGL_302j/LIB_COFF/LIBCD.A(GFS_CDC.O) (CDC_CdSetCon)
../../Compiler/SGL_302j/LIB_COFF/LIBCD.A(CDC_SEL.O)
                              ../../Compiler/SGL_302j/LIB_COFF/LIBCD.A(GFS_CDC.O) (CDC_SetFiltRange)
../../Compiler/SGL_302j/LIB_COFF/LIBCD.A(CDC_BIF.O)
                              ../../Compiler/SGL_302j/LIB_COFF/LIBCD.A(GFS_CDC.O) (CDC_GetBufSiz)
../../Compiler/SGL_302j/LIB_COFF/LIBCD.A(CDC_BIO.O)
                              ../../Compiler/SGL_302j/LIB_COFF/LIBCD.A(GFS_CDC.O) (CDC_SetSctLen)
../../Compiler/SGL_302j/LIB_COFF/LIBSGL.A(sglA15.o)
                              ../../jo_engine/core.o (symbol from plugin) (slSlaveFunc)
../../Compiler/SGL_302j/LIB_COFF/LIBSGL.A(sglA20.o)
                              ../../jo_engine/core.o (symbol from plugin) (slUnitMatrix)
../../Compiler/SGL_302j/LIB_COFF/LIBSGL.A(sglA21.o)
                              ../../jo_engine/map.o (symbol from plugin) (slPushMatrix)
../../Compiler/SGL_302j/LIB_COFF/LIBSGL.A(sglA27.o)
                              ../../jo_engine/map.o (symbol from plugin) (slTranslate)
../../Compiler/SGL_302j/LIB_COFF/LIBSGL.A(sglB001.o)
                              ../../jo_engine/core.o (symbol from plugin) (slTVOn)
../../Compiler/SGL_302j/LIB_COFF/LIBSGL.A(sglB011.o)
                              ../../jo_engine/core.o (symbol from plugin) (slBitMapNbg1)
../../Compiler/SGL_302j/LIB_COFF/LIBSGL.A(sglB015.o)
                              ../../jo_engine/core.o (symbol from plugin) (slScrAutoDisp)
../../Compiler/SGL_302j/LIB_COFF/LIBSGL.A(sglB016.o)
                              ../../jo_engine/core.o (symbol from plugin) (slBack1ColSet)
../../Compiler/SGL_302j/LIB_COFF/LIBSGL.A(sglB032.o)
                              ../../jo_engine/core.o (symbol from plugin) (slMapNbg1)
../../Compiler/SGL_302j/LIB_COFF/LIBSGL.A(sglB053.o)
                              ../../jo_engine/core.o (symbol from plugin) (slZoomNbg1)
../../Compiler/SGL_302j/LIB_COFF/LIBSGL.A(sglB056.o)
                              ../../jo_engine/core.o (symbol from plugin) (slPlaneNbg1)
../../Compiler/SGL_302j/LIB_COFF/LIBSGL.A(sglB063.o)
                              ../../jo_engine/core.o (symbol from plugin) (slPriority)
../../Compiler/SGL_302j/LIB_COFF/LIBSGL.A(sglB200.o)
                              ../../jo_engine/core.o (symbol from plugin) (slCharNbg0)
../../Compiler/SGL_302j/LIB_COFF/LIBSGL.A(sglC05.o)
                              ../../jo_engine/sprites.o (symbol from plugin) (slSetSprite)
../../Compiler/SGL_302j/LIB_COFF/LIBSGL.A(sglC06.o)
                              ../../jo_engine/sprites.o (symbol from plugin) (slDispSprite)
../../Compiler/SGL_302j/LIB_COFF/LIBSGL.A(sglC07.o)
                              ../../jo_engine/sprites.o (symbol from plugin) (slPutSprite)
[...]
Memory Configuration

Name             Origin             Length             Attributes
*default*        0x0000000000000000 0xffffffffffffffff

Linker script and memory map

TARGET(coff-sh)

SLSTART         0x0000000006004000       0x28
                0x0000000006004000                ___Start = .
 *(SLSTART)
 SLSTART        0x0000000006004000       0x28 ../../Compiler/SGL_302j/LIB_COFF/LIBSGL.A(sglI00.o)
                0x0000000006004000                SGL_Start
                0x0000000006004002                slStartSGL

.text           0x0000000006004040    0x110d8
 *(.text)
 .text          0x0000000006004040        0x0 ../../Compiler/SGL_302j/LIB_COFF/SGLAREA.O
 .text          0x0000000006004040     0x4364 /tmp/cclZ70aE.ltrans0.ltrans.o
 *fill*         0x00000000060083a4        0xc 
 .text          0x00000000060083b0      0x238 ../../Compiler/SGL_302j/LIB_COFF/SEGA_SYS.A(sys_exit.o)
                0x00000000060083b0                sys_version
                0x00000000060083d0                SYS_Exit
 *fill*         0x00000000060085e8        0x8 
 .text          0x00000000060085f0        0x6 ../../Compiler/SGL_302j/LIB_COFF/SEGA_SYS.A(sys_sub.o)
                0x00000000060085f0                SYSUB_SetStackptr
 *fill*         0x00000000060085f6        0xa 
 .text          0x0000000006008600      0x3a0 ../../Compiler/SGL_302j/LIB_COFF/LIBCD.A(CDC_CMN.O)
                0x0000000006008600                CDC_GetCurStat
                0x0000000006008650                CDC_GetLastStat
                0x0000000006008668                CDC_GetPeriStat
                0x000000000600873c                CDC_GetHwInfo
                0x00000000060087a4                CDC_TgetToc
                0x00000000060087f4                CDC_GetSes
                0x0000000006008830                CDC_CdInit
                0x00000000060088b4                CDC_CdOpen
                0x00000000060088dc                CDC_DataReady
                0x0000000006008948                CDC_DataEnd
 .text          0x00000000060089a0      0x194 ../../Compiler/SGL_302j/LIB_COFF/LIBCD.A(CDC_CFS.O)
                0x00000000060089a0                CDC_ChgDir
                0x00000000060089d4                CDC_ReadDir
                0x0000000006008a08                CDC_GetFileScope
                0x0000000006008a68                CDC_TgetFileInfo
                0x0000000006008ac4                CDC_ReadFile
                0x0000000006008af8                CDC_AbortFile
 *fill*         0x0000000006008b34        0xc 
 .text          0x0000000006008b40      0x2dc ../../Compiler/SGL_302j/LIB_COFF/LIBCD.A(CDC_REG.O)
                0x0000000006008b40                CDC_GetDataPtr
                0x0000000006008b50                CDC_GetHirqReq
                0x0000000006008b64                CDC_ClrHirqReq
                0x0000000006008b94                CDREG_ClrHirqReq
                0x0000000006008ba4                CDREG_InitHirqReq
                0x0000000006008bcc                CDREG_SetHirqFlag
                0x0000000006008be0                CDC_GetHirqMsk
                0x0000000006008bf4                CDC_SetHirqMsk
                0x0000000006008c04                CDC_GetMpegPtr
                0x0000000006008c14                CDREG_TgetData
                0x0000000006008c70                CDREG_CmdRsp
                0x0000000006008d70                CDREG_WaitHirq
                0x0000000006008de0                CDREG_ReadRsp
 *fill*         0x0000000006008e1c        0x4 
 .text          0x0000000006008e20      0x152 ../../Compiler/SGL_302j/LIB_COFF/LIBCD.A(CDC_SUB.O)
                0x0000000006008e20                CDSUB_UpdStatus
                0x0000000006008e38                CDSUB_UpdCdstat
                0x0000000006008e58                CDSUB_CdCmd
                0x0000000006008ec8                CDSUB_GetCdstat
                0x0000000006008f08                CDSUB_RspToCdstat
                0x0000000006008f50                CDSUB_SoftTimer
 *fill*         0x0000000006008f72        0xe 
 .text          0x0000000006008f80     0x1adc ../../Compiler/SGL_302j/LIB_COFF/LIBCD.A(GFS.O)
                0x0000000006008f80                gfs_version
                0x0000000006008fa0                GFS_Init
                0x0000000006009088                GFS_LoadDir
                0x0000000006009130                GFS_SetDir
                0x0000000006009198                GFS_NameToId
                0x00000000060091fc                GFS_IdToName
                0x0000000006009268                GFS_GetDirInfo
                0x00000000060092d8                GFS_Reset
                0x000000000600935c                GFS_Open
                0x0000000006009410                GFS_Close
                0x0000000006009448                GFS_Seek
                0x00000000060094fc                GFS_Tell
                0x000000000600954c                GFS_IsEof
                0x00000000060095a0                GFS_ByteToSct
                0x00000000060095fc                GFS_GetFileSize
                0x0000000006009658                GFS_GetFileInfo
                0x00000000060096cc                GFS_GetNumCdbuf
                0x00000000060096f4                GFS_Load
                0x00000000060097b8                GFS_Fread
                0x0000000006009854                gfs_waitRead
                0x00000000060098fc                GFS_NwFread
                0x0000000006009a08                GFS_NwCdRead
                0x0000000006009a80                GFS_NwIsComplete
                0x0000000006009ab8                GFS_NwStop
                0x0000000006009b24                GFS_NwGetStat
                0x0000000006009ba0                gfs_recovRdErr
                0x0000000006009bd0                GFS_NwExecOne
                0x0000000006009c90                GFS_NwExecServer
                0x0000000006009d0c                GFS_SetGmode
                0x0000000006009d70                GFS_SetTmode
                0x0000000006009ddc                GFS_SetReadPara
                0x0000000006009e40                GFS_SetTransPara
                0x0000000006009eac                GFS_SetTrFunc
                0x0000000006009f10                GFS_StartTrans
                0x0000000006009f5c                GFS_CdMovePickup
                0x0000000006009fc8                GFS_SetErrFunc
                0x0000000006009ff4                GFS_GetErrStat
                0x000000000600a018                GFS_ConvTno
                0x000000000600a040                gfs_chgRoot
                0x000000000600a10c                gfs_aborttrans
                0x000000000600a118                gfs_mngSetupFuncTbl
                0x000000000600a14c                gfs_mngInitWork
                0x000000000600a1f0                gfs_mngGetNumFile
                0x000000000600a258                GFS_mngAllocGrp
                0x000000000600a2a0                gfs_mngFreeGrp
                0x000000000600a2ac                gfs_mngTermAccess
                0x000000000600a330                gfs_mngSetErrCode
                0x000000000600a3b0                gfs_svrSearchHndl
                0x000000000600a3f0                gfs_svrAddHndl
                0x000000000600a42c                gfs_svrRemoveHndl
                0x000000000600a488                GFS_OpenSub
                0x000000000600a4e0                gfs_loadVol
                0x000000000600a5a4                gfs_getRootDir
                0x000000000600a6a0                gfs_loadRootDir
                0x000000000600a728                gfs_flowIn
                0x000000000600a7d0                gfs_transData
                0x000000000600a874                GFS_GetFad
                0x000000000600a8cc                gfs_SetSct
                0x000000000600a90c                gfs_GetFinfo
                0x000000000600a94c                gfs_closeSub
                0x000000000600a988                gfs_getGmode
                0x000000000600a994                gfs_isTaskDone
                0x000000000600a9e8                gfs_convFinStat
 *fill*         0x000000000600aa5c        0x4 
 .text          0x000000000600aa60      0x106 ../../Compiler/SGL_302j/LIB_COFF/LIBCD.A(GFS_BUF.O)
                0x000000000600aa90                GFBF_GetTranData
                0x000000000600aab8                GFBF_GetNumData
                0x000000000600aae8                GFBF_GetSrcPk
                0x000000000600ab10                GFBF_GetSctData
                0x000000000600ab34                GFBF_RtnPk
                0x000000000600ab5c                gfbf_getSctDt
 *fill*         0x000000000600ab66        0xa 
 .text          0x000000000600ab70      0x600 ../../Compiler/SGL_302j/LIB_COFF/LIBCD.A(GFS_CDB.O)
                0x000000000600ab70                GFCB_Setup
                0x000000000600ac90                GFCB_Close
                0x000000000600acb8                GFCB_GetLenData
                0x000000000600ad64                GFCB_GetLenRoom
                0x000000000600ad70                GFCB_SetFilt
                0x000000000600add8                GFCB_DeleteAllData
                0x000000000600ae00                GFCB_Tell
                0x000000000600ae10                gfcb_getSctNum
                0x000000000600ae60                GFCB_Seek
                0x000000000600af5c                GFCB_GetSrcPack
                0x000000000600b03c                GFCB_GetSctData
                0x000000000600b074                GFCB_GetDstPack
                0x000000000600b080                GFCB_RtnPk
                0x000000000600b0c8                GFCB_MovePickup
                0x000000000600b0e4                GFCB_SetCon
                0x000000000600b118                GFCB_GetPickup
                0x000000000600b140                GFCB_IsPuOwner
                0x000000000600b158                GFCB_UngetPickup
 .text          0x000000000600b170     0x1a10 ../../Compiler/SGL_302j/LIB_COFF/LIBCD.A(GFS_CDC.O)
                0x000000000600b170                GFCD_SetCdbfs
                0x000000000600b19c                GFCD_Init
                0x000000000600b3a0                GFCD_AllocFilt
                0x000000000600b3dc                GFCD_FreeFilt
                0x000000000600b40c                GFCD_AllocBuf
                0x000000000600b440                GFCD_FreeBuf
                0x000000000600b4e4                GFCD_GetBaseFad
                0x000000000600b518                GFCD_GetPickup
                0x000000000600b54c                GFCD_UngetPickup
                0x000000000600b578                GFCD_IsPuOwner
                0x000000000600b59c                GFCD_SetFilt
                0x000000000600b660                GFCD_GetFilt
                0x000000000600b6a8                GFCD_SetCon
                0x000000000600b700                GFCD_Play
                0x000000000600b760                GFCD_GetLenData
                0x000000000600b7c8                GFCD_ReqData
                0x000000000600b824                GFCD_EndData
                0x000000000600b86c                GFCD_DelSctData
                0x000000000600b8c4                GFCD_CheckDelSctData
                0x000000000600b8f4                GFCD_GetStat
                0x000000000600b9a8                GFCD_MovePickup
                0x000000000600b9f4                GFCD_MoveSctData
                0x000000000600ba68                GFCD_CheckMove
                0x000000000600ba8c                GFCD_GetSctInfo
                0x000000000600bad4                GFCD_ChgDir
                0x000000000600bb48                GFCD_SetFiltCon
                0x000000000600bc30                GFCD_GetFileInfo
                0x000000000600bd0c                GFCD_GetBufSiz
                0x000000000600bd44                GFCD_ExecServer
                0x000000000600be18                gfcd_isIdleTask
                0x000000000600bea4                gfcd_doTask
                0x000000000600bf50                GFCD_SetTimer
                0x000000000600bf64                GFCD_WaitServer
                0x000000000600bfa0                gfcd_doSetFiltTsk
                0x000000000600c164                gfcd_doSetConTsk
                0x000000000600c1f4                gfcd_doGetLenDataTsk
                0x000000000600c348                gfcd_doReqDataTsk
                0x000000000600c3e8                gfcd_doDelSctDataTsk
                0x000000000600c51c                gfcd_doMoveSctTsk
                0x000000000600c680                gfcd_doChgDirTsk
                0x000000000600c87c                gfcd_doSetFiltConTsk
                0x000000000600c9c0                gfcd_checkEflag
                0x000000000600c9e4                gfcd_initCdbMng
                0x000000000600ca64                gfcd_setStat
                0x000000000600ca90                GFCD_SetCsctFunc
                0x000000000600caac                GFCD_ChkScdqFlag
                0x000000000600cad0                GFCD_ClrScdqFlag
                0x000000000600caec                GFCD_WaitScdqFlag
                0x000000000600cb30                GFCD_WaitPause
 .text          0x000000000600cb80      0x8d8 ../../Compiler/SGL_302j/LIB_COFF/LIBCD.A(GFS_CDF.O)
                0x000000000600cb80                GFCF_Init
                0x000000000600cc20                GFCF_Setup
                0x000000000600cd68                GFCF_SetSct
                0x000000000600cdac                GFCF_GetFileInfo
                0x000000000600ce20                GFCF_FlowInBuf
                0x000000000600cf74                GFCF_StopInBuf
                0x000000000600d014                GFCF_Recover
                0x000000000600d05c                GFCF_Tell
                0x000000000600d074                GFCF_Seek
                0x000000000600d08c                GFCF_MovePickup
                0x000000000600d128                GFCF_cnvIntlvOfs
                0x000000000600d17c                GFCF_GetStat
                0x000000000600d214                gfcf_getSctSize
                0x000000000600d250                gfcf_isCdOk
                0x000000000600d310                gfcf_getPlayRange
 *fill*         0x000000000600d458        0x8 
 .text          0x000000000600d460      0x92c ../../Compiler/SGL_302j/LIB_COFF/LIBCD.A(GFS_DIR.O)
                0x000000000600d460                GFDR_SetupDirTbl
                0x000000000600d4d4                GFDR_NameToId
                0x000000000600d534                GFDR_GetInfoDirId
                0x000000000600d548                GFDR_GetInfoDirName
                0x000000000600d55c                GFDR_GetAtrDirId
                0x000000000600d574                GFDR_GetAtrDirName
                0x000000000600d58c                GFDR_ChgRoot
                0x000000000600d5a4                GFDR_ChgDir
                0x000000000600d618                gfdr_setupDirIdTbl
                0x000000000600d69c                gfdr_setupDirNameTbl
                0x000000000600d748                gfdr_open
                0x000000000600d770                gfdr_read
                0x000000000600d830                gfdr_readByte
                0x000000000600d85c                gfdr_readWord
                0x000000000600d888                gfdr_readWordNB
                0x000000000600d8dc                gfdr_readLongNB
                0x000000000600d928                gfdr_readLongNM
                0x000000000600d950                gfdr_setNextRec
                0x000000000600d9d4                gfdr_readDirEnt
                0x000000000600dd50                gfdr_setDirrecCd
 *fill*         0x000000000600dd8c        0x4 
 .text          0x000000000600dd90      0x9c6 ../../Compiler/SGL_302j/LIB_COFF/LIBCD.A(GFS_TRN.O)
                0x000000000600ddc0                GFTR_Setup
                0x000000000600de04                GFTR_SetMode
                0x000000000600de18                GFTR_SetUnit
                0x000000000600de24                GFTR_SetTransPara
                0x000000000600de58                GFTR_GetTransPara
                0x000000000600de64                GFTR_GetNumTrans
                0x000000000600de70                GFTR_SetTransMax
                0x000000000600de7c                GFTR_Start
                0x000000000600de88                GFTR_Pause
                0x000000000600de94                GFTR_Stop
                0x000000000600df4c                GFTR_Exec
                0x000000000600dfd0                GFTR_Idle
                0x000000000600e048                GFTR_ExecSvr
                0x000000000600e150                gftr_getSrcPack
                0x000000000600e1d8                gftr_getDstPack
                0x000000000600e234                gftr_reqScu
                0x000000000600e240                gftr_execScu
                0x000000000600e2dc                gftr_remScu
                0x000000000600e310                gfdma_canUse
                0x000000000600e31c                gfdma_exec
                0x000000000600e38c                gfdma_getBytecnt
                0x000000000600e3c4                gftr_reqDma0
                0x000000000600e3dc                gftr_execSdma0
                0x000000000600e400                gftr_remDma0
                0x000000000600e418                gftr_reqDma1
                0x000000000600e430                gftr_execSdma1
                0x000000000600e454                gftr_remDma1
                0x000000000600e46c                gftr_reqCpu
                0x000000000600e478                gftr_execCpu
                0x000000000600e4b8                gftr_remCpu
                0x000000000600e4c4                gftr_reqTrn
                0x000000000600e534                gftr_execTrn
                0x000000000600e60c                gftr_remTrn
                0x000000000600e680                gftr_copyFrac
                0x000000000600e6a8                GFTR_GetLenData
                0x000000000600e6b4                GFTR_GetLenRoom
                0x000000000600e6cc                GFTR_GetDstPack
                0x000000000600e700                GFTR_RtnDstPk
                0x000000000600e71c                GFTR_GetData
                0x000000000600e730                GFTR_SetData
                0x000000000600e744                GFTR_SetTransFunc
 *fill*         0x000000000600e756        0xa 
 .text          0x000000000600e760      0x130 ../../Compiler/SGL_302j/LIB_COFF/LIBCD.A(CDC_DRV.O)
                0x000000000600e760                CDC_CdPlay
                0x000000000600e82c                CDC_CdSeek
                0x000000000600e860                CDC_CdScan
 .text          0x000000000600e890       0xa8 ../../Compiler/SGL_302j/LIB_COFF/LIBCD.A(CDC_DEV.O)
                0x000000000600e890                CDC_CdSetCon
                0x000000000600e8c0                CDC_CdGetCon
                0x000000000600e8fc                CDC_CdGetLastBuf
 *fill*         0x000000000600e938        0x8 
 .text          0x000000000600e940      0x2b8 ../../Compiler/SGL_302j/LIB_COFF/LIBCD.A(CDC_SEL.O)
                0x000000000600e940                CDC_SetFiltRange
                0x000000000600e974                CDC_GetFiltRange
                0x000000000600e9cc                CDC_SetFiltSubh
                0x000000000600ea3c                CDC_GetFiltSubh
                0x000000000600eab8                CDC_SetFiltMode
                0x000000000600eaec                CDC_GetFiltMode
                0x000000000600eb30                CDC_SetFiltCon
                0x000000000600eb70                CDC_GetFiltCon
                0x000000000600ebc4                CDC_ResetSelector
 *fill*         0x000000000600ebf8        0x8 
 .text          0x000000000600ec00      0x270 ../../Compiler/SGL_302j/LIB_COFF/LIBCD.A(CDC_BIF.O)
                0x000000000600ec00                CDC_GetBufSiz
                0x000000000600ec5c                CDC_GetSctNum
                0x000000000600eca0                CDC_CalActSiz
                0x000000000600ecdc                CDC_GetActSiz
                0x000000000600ed5c                CDC_GetSctInfo
                0x000000000600eddc                CDC_ExeFadSearch
                0x000000000600ee14                CDC_GetFadSearch
 .text          0x000000000600ee70      0x1e4 ../../Compiler/SGL_302j/LIB_COFF/LIBCD.A(CDC_BIO.O)
                0x000000000600ee70                CDC_SetSctLen
                0x000000000600eea4                CDC_GetSctData
                0x000000000600eee0                CDC_DelSctData
                0x000000000600ef1c                CDC_GetdelSctData
                0x000000000600ef58                CDC_PutSctData
                0x000000000600ef90                CDC_CopySctData
                0x000000000600efd4                CDC_MoveSctData
                0x000000000600f018                CDC_GetCopyErr
 *fill*         0x000000000600f054        0xc 
 .text          0x000000000600f060        0x0 ../../Compiler/SGL_302j/LIB_COFF/LIBSGL.A(sglA15.o)
 .text          0x000000000600f060        0x0 ../../Compiler/SGL_302j/LIB_COFF/LIBSGL.A(sglA20.o)
 .text          0x000000000600f060        0x0 ../../Compiler/SGL_302j/LIB_COFF/LIBSGL.A(sglA21.o)
 .text          0x000000000600f060        0x0 ../../Compiler/SGL_302j/LIB_COFF/LIBSGL.A(sglA27.o)
 .text          0x000000000600f060        0x0 ../../Compiler/SGL_302j/LIB_COFF/LIBSGL.A(sglB001.o)
 .text          0x000000000600f060        0x0 ../../Compiler/SGL_302j/LIB_COFF/LIBSGL.A(sglB011.o)
 .text          0x000000000600f060        0x0 ../../Compiler/SGL_302j/LIB_COFF/LIBSGL.A(sglB015.o)
 .text          0x000000000600f060        0x0 ../../Compiler/SGL_302j/LIB_COFF/LIBSGL.A(sglB016.o)
 .text          0x000000000600f060        0x0 ../../Compiler/SGL_302j/LIB_COFF/LIBSGL.A(sglB032.o)
 .text          0x000000000600f060        0x0 ../../Compiler/SGL_302j/LIB_COFF/LIBSGL.A(sglB053.o)
 .text          0x000000000600f060        0x0 ../../Compiler/SGL_302j/LIB_COFF/LIBSGL.A(sglB056.o)
 .text          0x000000000600f060        0x0 ../../Compiler/SGL_302j/LIB_COFF/LIBSGL.A(sglB063.o)
 .text          0x000000000600f060        0x0 ../../Compiler/SGL_302j/LIB_COFF/LIBSGL.A(sglB200.o)
 .text          0x000000000600f060        0x0 ../../Compiler/SGL_302j/LIB_COFF/LIBSGL.A(sglC05.o)
 .text          0x000000000600f060        0x0 ../../Compiler/SGL_302j/LIB_COFF/LIBSGL.A(sglC06.o)
 .text          0x000000000600f060        0x0 ../../Compiler/SGL_302j/LIB_COFF/LIBSGL.A(sglC07.o)
 .text          0x000000000600f060        0x0 ../../Compiler/SGL_302j/LIB_COFF/LIBSGL.A(sglC08.o)
 .text          0x000000000600f060        0x0 ../../Compiler/SGL_302j/LIB_COFF/LIBSGL.A(sglC20.o)
 .text          0x000000000600f060        0x0 ../../Compiler/SGL_302j/LIB_COFF/LIBSGL.A(sglD00.o)
 .text          0x000000000600f060        0x0 ../../Compiler/SGL_302j/LIB_COFF/LIBSGL.A(sglD01.o)
 .text          0x000000000600f060        0x0 ../../Compiler/SGL_302j/LIB_COFF/LIBSGL.A(sglD03.o)
 .text          0x000000000600f060        0x0 ../../Compiler/SGL_302j/LIB_COFF/LIBSGL.A(sglD15.o)
 .text          0x000000000600f060        0x0 ../../Compiler/SGL_302j/LIB_COFF/LIBSGL.A(sglD16.o)
 .text          0x000000000600f060        0x0 ../../Compiler/SGL_302j/LIB_COFF/LIBSGL.A(sglD17.o)
 .text          0x000000000600f060        0x0 ../../Compiler/SGL_302j/LIB_COFF/LIBSGL.A(sglD18.o)
 .text          0x000000000600f060        0x0 ../../Compiler/SGL_302j/LIB_COFF/LIBSGL.A(sglF00.o)
 .text          0x000000000600f060        0x0 ../../Compiler/SGL_302j/LIB_COFF/LIBSGL.A(sglF05.o)
 .text          0x000000000600f060        0x0 ../../Compiler/SGL_302j/LIB_COFF/LIBSGL.A(sglH00.o)
 .text          0x000000000600f060        0x0 ../../Compiler/SGL_302j/LIB_COFF/LIBSGL.A(sglH01.o)
 .text          0x000000000600f060        0x0 ../../Compiler/SGL_302j/LIB_COFF/LIBSGL.A(sglH02.o)
 .text          0x000000000600f060        0x0 ../../Compiler/SGL_302j/LIB_COFF/LIBSGL.A(sglH04.o)
 .text          0x000000000600f060        0x0 ../../Compiler/SGL_302j/LIB_COFF/LIBSGL.A(sglI01.o)
 .text          0x000000000600f060      0x128 ../../Compiler/SGL_302j/LIB_COFF/LIBSGL.A(sglIc0.o)
                0x000000000600f060                slInitSystem
 *fill*         0x000000000600f188        0x8 
 .text          0x000000000600f190        0x0 ../../Compiler/SGL_302j/LIB_COFF/LIBSGL.A(sglJ00.o)
 .text          0x000000000600f190        0x0 ../../Compiler/SGL_302j/LIB_COFF/LIBSGL.A(sglJ01.o)
 .text          0x000000000600f190        0x0 ../../Compiler/SGL_302j/LIB_COFF/LIBSGL.A(sglJ02.o)
 .text          0x000000000600f190        0x0 ../../Compiler/SGL_302j/LIB_COFF/LIBSGL.A(sglJ03.o)
 .text          0x000000000600f190        0x0 ../../Compiler/SGL_302j/LIB_COFF/LIBSGL.A(sglJ04.o)
 .text          0x000000000600f190        0x0 ../../Compiler/SGL_302j/LIB_COFF/LIBSGL.A(sglJ05.o)
 .text          0x000000000600f190        0x0 ../../Compiler/SGL_302j/LIB_COFF/LIBSGL.A(sglK01.o)
 .text          0x000000000600f190        0x0 ../../Compiler/SGL_302j/LIB_COFF/LIBSGL.A(sglM01.o)
 .text          0x000000000600f190        0x0 ../../Compiler/SGL_302j/LIB_COFF/LIBSGL.A(sglA00.o)
 .text          0x000000000600f190        0x0 ../../Compiler/SGL_302j/LIB_COFF/LIBSGL.A(sglA01.o)
 .text          0x000000000600f190        0x0 ../../Compiler/SGL_302j/LIB_COFF/LIBSGL.A(sglB000.o)
 .text          0x000000000600f190        0x0 ../../Compiler/SGL_302j/LIB_COFF/LIBSGL.A(sglB035.o)
 .text          0x000000000600f190        0x0 ../../Compiler/SGL_302j/LIB_COFF/LIBSGL.A(sglC00.o)
 .text          0x000000000600f190        0x0 ../../Compiler/SGL_302j/LIB_COFF/LIBSGL.A(sglI00.o)
 .text          0x000000000600f190        0x0 ../../Compiler/SGL_302j/LIB_COFF/LIBSGL.A(sglH03.o)
 .text          0x000000000600f190       0x52 /home/sansigolo/Documents/joengine/Compiler/SH_NONE_ELF/bin/../lib/gcc/sh-none-elf/8.2.0/libgcc.a(_ashiftrt.o)
                0x000000000600f190                __ashiftrt_r4_31
                0x000000000600f190                __ashiftrt_r4_32
                0x000000000600f196                __ashiftrt_r4_30
                0x000000000600f198                __ashiftrt_r4_29
                0x000000000600f19a                __ashiftrt_r4_28
                0x000000000600f19c                __ashiftrt_r4_27
                0x000000000600f19e                __ashiftrt_r4_26
                0x000000000600f1a0                __ashiftrt_r4_25
                0x000000000600f1a2                __ashiftrt_r4_24
                0x000000000600f1aa                __ashiftrt_r4_23
                0x000000000600f1ac                __ashiftrt_r4_22
                0x000000000600f1ae                __ashiftrt_r4_21
                0x000000000600f1b0                __ashiftrt_r4_20
                0x000000000600f1b2                __ashiftrt_r4_19
                0x000000000600f1b4                __ashiftrt_r4_18
                0x000000000600f1b6                __ashiftrt_r4_17
                0x000000000600f1b8                __ashiftrt_r4_16
                0x000000000600f1be                __ashiftrt_r4_15
                0x000000000600f1c0                __ashiftrt_r4_14
                0x000000000600f1c2                __ashiftrt_r4_13
                0x000000000600f1c4                __ashiftrt_r4_12
                0x000000000600f1c6                __ashiftrt_r4_11
                0x000000000600f1c8                __ashiftrt_r4_10
                0x000000000600f1ca                __ashiftrt_r4_9
                0x000000000600f1cc                __ashiftrt_r4_8
                0x000000000600f1ce                __ashiftrt_r4_7
                0x000000000600f1d0                __ashiftrt_r4_6
                0x000000000600f1d2                __ashiftrt_r4_5
                0x000000000600f1d4                __ashiftrt_r4_4
                0x000000000600f1d6                __ashiftrt_r4_3
                0x000000000600f1d8                __ashiftrt_r4_2
                0x000000000600f1da                __ashiftrt_r4_1
                0x000000000600f1de                __ashiftrt_r4_0
 *fill*         0x000000000600f1e2        0x2 
 .text          0x000000000600f1e4       0xa0 /home/sansigolo/Documents/joengine/Compiler/SH_NONE_ELF/bin/../lib/gcc/sh-none-elf/8.2.0/libgcc.a(_sdivsi3.o)
                0x000000000600f1e4                __sdivsi3
 .text          0x000000000600f284       0x6c /home/sansigolo/Documents/joengine/Compiler/SH_NONE_ELF/bin/../lib/gcc/sh-none-elf/8.2.0/libgcc.a(_udivsi3.o)
                0x000000000600f2a6                __udivsi3
 .text          0x000000000600f2f0      0x134 /home/sansigolo/Documents/joengine/Compiler/SH_NONE_ELF/bin/../lib/gcc/sh-none-elf/8.2.0/libgcc.a(_mul_sf.o)
                0x000000000600f2f0                __mulsf3
 .text          0x000000000600f424       0xdc /home/sansigolo/Documents/joengine/Compiler/SH_NONE_ELF/bin/../lib/gcc/sh-none-elf/8.2.0/libgcc.a(_div_sf.o)
                0x000000000600f424                __divsf3
 .text          0x000000000600f500       0x7c /home/sansigolo/Documents/joengine/Compiler/SH_NONE_ELF/bin/../lib/gcc/sh-none-elf/8.2.0/libgcc.a(_sf_to_si.o)
                0x000000000600f500                __fixsfsi
 .text          0x000000000600f57c        0x0 /home/sansigolo/Documents/joengine/Compiler/SH_NONE_ELF/bin/../lib/gcc/sh-none-elf/8.2.0/libgcc.a(_thenan_sf.o)
 .text          0x000000000600f57c       0x94 /home/sansigolo/Documents/joengine/Compiler/SH_NONE_ELF/bin/../lib/gcc/sh-none-elf/8.2.0/libgcc.a(_usi_to_sf.o)
                0x000000000600f57c                __floatunsisf
 .text          0x000000000600f610      0x114 /home/sansigolo/Documents/joengine/Compiler/SH_NONE_ELF/bin/../lib/gcc/sh-none-elf/8.2.0/libgcc.a(_pack_sf.o)
                0x000000000600f610                __pack_f
 .text          0x000000000600f724       0xa0 /home/sansigolo/Documents/joengine/Compiler/SH_NONE_ELF/bin/../lib/gcc/sh-none-elf/8.2.0/libgcc.a(_unpack_sf.o)
                0x000000000600f724                __unpack_f
 .text          0x000000000600f7c4       0x1e /home/sansigolo/Documents/joengine/Compiler/SH_NONE_ELF/bin/../lib/gcc/sh-none-elf/8.2.0/../../../../sh-none-elf/lib/libc.a(lib_a-memcmp.o)
                0x000000000600f7c4                memcmp
 *fill*         0x000000000600f7e2        0x2 
 .text          0x000000000600f7e4       0x94 /home/sansigolo/Documents/joengine/Compiler/SH_NONE_ELF/bin/../lib/gcc/sh-none-elf/8.2.0/../../../../sh-none-elf/lib/libc.a(lib_a-memcpy.o)
                0x000000000600f7e4                memcpy
 .text          0x000000000600f878       0x40 /home/sansigolo/Documents/joengine/Compiler/SH_NONE_ELF/bin/../lib/gcc/sh-none-elf/8.2.0/../../../../sh-none-elf/lib/libc.a(lib_a-memset.o)
                0x000000000600f878                memset
 .text          0x000000000600f8b8       0x8c /home/sansigolo/Documents/joengine/Compiler/SH_NONE_ELF/bin/../lib/gcc/sh-none-elf/8.2.0/../../../../sh-none-elf/lib/libc.a(lib_a-sprintf.o)
                0x000000000600f8b8                _sprintf_r
                0x000000000600f8f8                sprintf
 .text          0x000000000600f944       0x2a /home/sansigolo/Documents/joengine/Compiler/SH_NONE_ELF/bin/../lib/gcc/sh-none-elf/8.2.0/../../../../sh-none-elf/lib/libc.a(lib_a-strncmp.o)
                0x000000000600f944                strncmp
 .text          0x000000000600f96e       0x32 /home/sansigolo/Documents/joengine/Compiler/SH_NONE_ELF/bin/../lib/gcc/sh-none-elf/8.2.0/../../../../sh-none-elf/lib/libc.a(lib_a-strncpy.o)
                0x000000000600f96e                strncpy
 .text          0x000000000600f9a0     0x1378 /home/sansigolo/Documents/joengine/Compiler/SH_NONE_ELF/bin/../lib/gcc/sh-none-elf/8.2.0/../../../../sh-none-elf/lib/libc.a(lib_a-svfprintf.o)
                0x000000000600f9a0                _svfprintf_r
 .text          0x0000000006010d18      0xef4 /home/sansigolo/Documents/joengine/Compiler/SH_NONE_ELF/bin/../lib/gcc/sh-none-elf/8.2.0/../../../../sh-none-elf/lib/libc.a(lib_a-dtoa.o)
                0x0000000006010e4c                _dtoa_r
 .text          0x0000000006011c0c        0x0 /home/sansigolo/Documents/joengine/Compiler/SH_NONE_ELF/bin/../lib/gcc/sh-none-elf/8.2.0/../../../../sh-none-elf/lib/libc.a(lib_a-impure.o)
 .text          0x0000000006011c0c       0x40 /home/sansigolo/Documents/joengine/Compiler/SH_NONE_ELF/bin/../lib/gcc/sh-none-elf/8.2.0/../../../../sh-none-elf/lib/libc.a(lib_a-localeconv.o)
                0x0000000006011c0c                __localeconv_l
                0x0000000006011c14                _localeconv_r
                0x0000000006011c30                localeconv
 .text          0x0000000006011c4c       0xa8 /home/sansigolo/Documents/joengine/Compiler/SH_NONE_ELF/bin/../lib/gcc/sh-none-elf/8.2.0/../../../../sh-none-elf/lib/libc.a(lib_a-locale.o)
                0x0000000006011c4c                _setlocale_r
                0x0000000006011c98                __locale_mb_cur_max
                0x0000000006011cb8                __locale_ctype_ptr_l
                0x0000000006011cc2                __locale_ctype_ptr
                0x0000000006011ce0                setlocale
 .text          0x0000000006011cf4       0x4c /home/sansigolo/Documents/joengine/Compiler/SH_NONE_ELF/bin/../lib/gcc/sh-none-elf/8.2.0/../../../../sh-none-elf/lib/libc.a(lib_a-mbtowc_r.o)
                0x0000000006011cf4                _mbtowc_r
                0x0000000006011d18                __ascii_mbtowc
 .text          0x0000000006011d40       0x1c /home/sansigolo/Documents/joengine/Compiler/SH_NONE_ELF/bin/../lib/gcc/sh-none-elf/8.2.0/../../../../sh-none-elf/lib/libc.a(lib_a-memchr.o)
                0x0000000006011d40                memchr
 .text          0x0000000006011d5c      0xa9c /home/sansigolo/Documents/joengine/Compiler/SH_NONE_ELF/bin/../lib/gcc/sh-none-elf/8.2.0/../../../../sh-none-elf/lib/libc.a(lib_a-mprec.o)
                0x0000000006011d5c                _Balloc
                0x0000000006011dd0                _Bfree
                0x0000000006011de8                __multadd
                0x0000000006011e90                __s2b
                0x0000000006011f50                __hi0bits
                0x0000000006011fa4                __lo0bits
                0x0000000006012008                __i2b
                0x0000000006012024                __multiply
                0x0000000006012168                __pow5mult
                0x0000000006012224                __lshift
                0x0000000006012318                __mcmp
                0x0000000006012350                __mdiff
                0x000000000601242c                __ulp
                0x0000000006012498                __b2d
                0x0000000006012580                __d2b
                0x000000000601266c                __ratio
                0x00000000060126f0                _mprec_log10
                0x0000000006012748                __copybits
                0x000000000601278c                __any_on
 .text          0x00000000060127f8       0x34 /home/sansigolo/Documents/joengine/Compiler/SH_NONE_ELF/bin/../lib/gcc/sh-none-elf/8.2.0/../../../../sh-none-elf/lib/libc.a(lib_a-nano-callocr.o)
                0x00000000060127f8                _calloc_r
 .text          0x000000000601282c       0xf4 /home/sansigolo/Documents/joengine/Compiler/SH_NONE_ELF/bin/../lib/gcc/sh-none-elf/8.2.0/../../../../sh-none-elf/lib/libc.a(lib_a-nano-mallocr.o)
                0x000000000601282c                _malloc_r
 .text          0x0000000006012920       0x30 /home/sansigolo/Documents/joengine/Compiler/SH_NONE_ELF/bin/../lib/gcc/sh-none-elf/8.2.0/../../../../sh-none-elf/lib/libc.a(lib_a-sbrkr.o)
                0x0000000006012920                _sbrk_r
 .text          0x0000000006012950       0x38 /home/sansigolo/Documents/joengine/Compiler/SH_NONE_ELF/bin/../lib/gcc/sh-none-elf/8.2.0/../../../../sh-none-elf/lib/libc.a(lib_a-strcmp.o)
                0x0000000006012950                strcmp
 .text          0x0000000006012988       0x20 /home/sansigolo/Documents/joengine/Compiler/SH_NONE_ELF/bin/../lib/gcc/sh-none-elf/8.2.0/../../../../sh-none-elf/lib/libc.a(lib_a-strlen.o)
                0x0000000006012988                strlen
 .text          0x00000000060129a8      0xa60 /home/sansigolo/Documents/joengine/Compiler/SH_NONE_ELF/bin/../lib/gcc/sh-none-elf/8.2.0/../../../../sh-none-elf/lib/libc.a(lib_a-svfiprintf.o)
                0x00000000060129a8                __ssprint_r
                0x0000000006012adc                _svfiprintf_r
 .text          0x0000000006013408      0x25c /home/sansigolo/Documents/joengine/Compiler/SH_NONE_ELF/bin/../lib/gcc/sh-none-elf/8.2.0/../../../../sh-none-elf/lib/libc.a(lib_a-syscalls.o)
                0x0000000006013480                _read
                0x0000000006013490                _lseek
                0x00000000060134a0                _write
                0x00000000060134b0                _close
                0x00000000060134c0                _link
                0x00000000060134c4                _sbrk
                0x000000000601351c                _fstat
                0x0000000006013526                _open
                0x0000000006013538                _creat
                0x0000000006013548                _unlink
                0x000000000601354c                isatty
                0x0000000006013550                _isatty
                0x0000000006013554                _exit
                0x0000000006013564                _kill
                0x0000000006013578                _getpid
                0x000000000601357c                _raise
                0x0000000006013580                _stat
                0x0000000006013590                _chmod
                0x00000000060135a0                _chown
                0x00000000060135b0                _utime
                0x00000000060135c4                _fork
                0x00000000060135d0                _wait
                0x00000000060135e0                _execve
                0x00000000060135f0                _execv
                0x0000000006013600                _pipe
                0x000000000601360c                _times
                0x0000000006013610                _gettimeofday
                0x0000000006013638                __setup_argv_and_call_main
 .text          0x0000000006013664       0x14 /home/sansigolo/Documents/joengine/Compiler/SH_NONE_ELF/bin/../lib/gcc/sh-none-elf/8.2.0/../../../../sh-none-elf/lib/libc.a(lib_a-trap.o)
                0x0000000006013664                __trap34
 .text          0x0000000006013678       0x40 /home/sansigolo/Documents/joengine/Compiler/SH_NONE_ELF/bin/../lib/gcc/sh-none-elf/8.2.0/../../../../sh-none-elf/lib/libc.a(lib_a-wctomb_r.o)
                0x0000000006013678                _wctomb_r
                0x0000000006013698                __ascii_wctomb
 .text          0x00000000060136b8       0x18 /home/sansigolo/Documents/joengine/Compiler/SH_NONE_ELF/bin/../lib/gcc/sh-none-elf/8.2.0/../../../../sh-none-elf/lib/libc.a(lib_a-abort.o)
                0x00000000060136b8                abort
 .text          0x00000000060136d0        0x0 /home/sansigolo/Documents/joengine/Compiler/SH_NONE_ELF/bin/../lib/gcc/sh-none-elf/8.2.0/../../../../sh-none-elf/lib/libc.a(lib_a-ctype_.o)
 .text          0x00000000060136d0       0x3c /home/sansigolo/Documents/joengine/Compiler/SH_NONE_ELF/bin/../lib/gcc/sh-none-elf/8.2.0/../../../../sh-none-elf/lib/libc.a(lib_a-memmove.o)
                0x00000000060136d0                memmove
 .text          0x000000000601370c        0x8 /home/sansigolo/Documents/joengine/Compiler/SH_NONE_ELF/bin/../lib/gcc/sh-none-elf/8.2.0/../../../../sh-none-elf/lib/libc.a(lib_a-mlock.o)
                0x000000000601370c                __malloc_lock
                0x0000000006013710                __malloc_unlock
 .text          0x0000000006013714       0xc8 /home/sansigolo/Documents/joengine/Compiler/SH_NONE_ELF/bin/../lib/gcc/sh-none-elf/8.2.0/../../../../sh-none-elf/lib/libc.a(lib_a-nano-freer.o)
                0x0000000006013714                _free_r
 .text          0x00000000060137dc       0x7c /home/sansigolo/Documents/joengine/Compiler/SH_NONE_ELF/bin/../lib/gcc/sh-none-elf/8.2.0/../../../../sh-none-elf/lib/libc.a(lib_a-nano-reallocr.o)
                0x00000000060137dc                _realloc_r
 .text          0x0000000006013858      0x1b0 /home/sansigolo/Documents/joengine/Compiler/SH_NONE_ELF/bin/../lib/gcc/sh-none-elf/8.2.0/../../../../sh-none-elf/lib/libc.a(lib_a-signal.o)
                0x0000000006013858                _init_signal_r
                0x0000000006013894                _signal_r
                0x00000000060138e0                _raise_r
                0x0000000006013958                __sigtramp_r
                0x00000000060139bc                raise
                0x00000000060139d0                signal
                0x00000000060139e4                _init_signal
                0x00000000060139f4                __sigtramp
 .text          0x0000000006013a08       0x40 /home/sansigolo/Documents/joengine/Compiler/SH_NONE_ELF/bin/../lib/gcc/sh-none-elf/8.2.0/../../../../sh-none-elf/lib/libc.a(lib_a-signalr.o)
                0x0000000006013a08                _kill_r
                0x0000000006013a3c                _getpid_r
 .text          0x0000000006013a48       0x16 /home/sansigolo/Documents/joengine/Compiler/SH_NONE_ELF/bin/../lib/gcc/sh-none-elf/8.2.0/../../../../sh-none-elf/lib/libc.a(lib_a-nano-msizer.o)
                0x0000000006013a48                _malloc_usable_size_r
 *fill*         0x0000000006013a5e        0x2 
 .text          0x0000000006013a60       0x80 /home/sansigolo/Documents/joengine/Compiler/SH_NONE_ELF/bin/../lib/gcc/sh-none-elf/8.2.0/libgcc.a(_ashiftrt_n.o)
                0x0000000006013a60                __ashrsi3
 .text          0x0000000006013ae0       0xbc /home/sansigolo/Documents/joengine/Compiler/SH_NONE_ELF/bin/../lib/gcc/sh-none-elf/8.2.0/libgcc.a(_ashiftlt.o)
                0x0000000006013ae0                __ashlsi3
                0x0000000006013ae4                __ashlsi3_r0
 .text          0x0000000006013b9c       0xbc /home/sansigolo/Documents/joengine/Compiler/SH_NONE_ELF/bin/../lib/gcc/sh-none-elf/8.2.0/libgcc.a(_lshiftrt.o)
                0x0000000006013b9c                __lshrsi3
                0x0000000006013ba0                __lshrsi3_r0
 .text          0x0000000006013c58      0x258 /home/sansigolo/Documents/joengine/Compiler/SH_NONE_ELF/bin/../lib/gcc/sh-none-elf/8.2.0/libgcc.a(_udivdi3.o)
                0x0000000006013c58                __udivdi3
 .text          0x0000000006013eb0      0x2bc /home/sansigolo/Documents/joengine/Compiler/SH_NONE_ELF/bin/../lib/gcc/sh-none-elf/8.2.0/libgcc.a(_umoddi3.o)
                0x0000000006013eb0                __umoddi3
 .text          0x000000000601416c      0x3b4 /home/sansigolo/Documents/joengine/Compiler/SH_NONE_ELF/bin/../lib/gcc/sh-none-elf/8.2.0/libgcc.a(_addsub_df.o)
                0x000000000601447c                __adddf3
                0x00000000060144cc                __subdf3
 .text          0x0000000006014520      0x208 /home/sansigolo/Documents/joengine/Compiler/SH_NONE_ELF/bin/../lib/gcc/sh-none-elf/8.2.0/libgcc.a(_mul_df.o)
                0x0000000006014520                __muldf3
 .text          0x0000000006014728      0x130 /home/sansigolo/Documents/joengine/Compiler/SH_NONE_ELF/bin/../lib/gcc/sh-none-elf/8.2.0/libgcc.a(_div_df.o)
                0x0000000006014728                __divdf3
 .text          0x0000000006014858       0x58 /home/sansigolo/Documents/joengine/Compiler/SH_NONE_ELF/bin/../lib/gcc/sh-none-elf/8.2.0/libgcc.a(_eq_df.o)
                0x0000000006014858                __eqdf2
 .text          0x00000000060148b0       0x58 /home/sansigolo/Documents/joengine/Compiler/SH_NONE_ELF/bin/../lib/gcc/sh-none-elf/8.2.0/libgcc.a(_ne_df.o)
                0x00000000060148b0                __nedf2
 .text          0x0000000006014908       0x50 /home/sansigolo/Documents/joengine/Compiler/SH_NONE_ELF/bin/../lib/gcc/sh-none-elf/8.2.0/libgcc.a(_gt_df.o)
                0x0000000006014908                __gtdf2
 .text          0x0000000006014958       0x50 /home/sansigolo/Documents/joengine/Compiler/SH_NONE_ELF/bin/../lib/gcc/sh-none-elf/8.2.0/libgcc.a(_ge_df.o)
                0x0000000006014958                __gedf2
 .text          0x00000000060149a8       0x58 /home/sansigolo/Documents/joengine/Compiler/SH_NONE_ELF/bin/../lib/gcc/sh-none-elf/8.2.0/libgcc.a(_lt_df.o)
                0x00000000060149a8                __ltdf2
 .text          0x0000000006014a00       0x58 /home/sansigolo/Documents/joengine/Compiler/SH_NONE_ELF/bin/../lib/gcc/sh-none-elf/8.2.0/libgcc.a(_le_df.o)
                0x0000000006014a00                __ledf2
 .text          0x0000000006014a58       0x40 /home/sansigolo/Documents/joengine/Compiler/SH_NONE_ELF/bin/../lib/gcc/sh-none-elf/8.2.0/libgcc.a(_unord_df.o)
                0x0000000006014a58                __unorddf2
 .text          0x0000000006014a98       0xa8 /home/sansigolo/Documents/joengine/Compiler/SH_NONE_ELF/bin/../lib/gcc/sh-none-elf/8.2.0/libgcc.a(_si_to_df.o)
                0x0000000006014a98                __floatsidf
 .text          0x0000000006014b40       0xa4 /home/sansigolo/Documents/joengine/Compiler/SH_NONE_ELF/bin/../lib/gcc/sh-none-elf/8.2.0/libgcc.a(_df_to_si.o)
                0x0000000006014b40                __fixdfsi
 .text          0x0000000006014be4        0x0 /home/sansigolo/Documents/joengine/Compiler/SH_NONE_ELF/bin/../lib/gcc/sh-none-elf/8.2.0/libgcc.a(_thenan_df.o)
 .text          0x0000000006014be4       0x88 /home/sansigolo/Documents/joengine/Compiler/SH_NONE_ELF/bin/../lib/gcc/sh-none-elf/8.2.0/libgcc.a(_usi_to_df.o)
                0x0000000006014be4                __floatunsidf
 *fill*         0x0000000006014c6c        0x4 
 .text          0x0000000006014c70       0x60 /home/sansigolo/Documents/joengine/Compiler/SH_NONE_ELF/bin/../lib/gcc/sh-none-elf/8.2.0/libgcc.a(_udiv_qrnnd_16.o)
                0x0000000006014c70                __udiv_qrnnd_16
 .text          0x0000000006014cd0        0x0 /home/sansigolo/Documents/joengine/Compiler/SH_NONE_ELF/bin/../lib/gcc/sh-none-elf/8.2.0/libgcc.a(_clz.o)
 .text          0x0000000006014cd0       0x58 /home/sansigolo/Documents/joengine/Compiler/SH_NONE_ELF/bin/../lib/gcc/sh-none-elf/8.2.0/libgcc.a(_clzsi2.o)
                0x0000000006014cd0                __clzsi2
 .text          0x0000000006014d28      0x25c /home/sansigolo/Documents/joengine/Compiler/SH_NONE_ELF/bin/../lib/gcc/sh-none-elf/8.2.0/libgcc.a(_pack_df.o)
                0x0000000006014d28                __pack_d
 .text          0x0000000006014f84       0xcc /home/sansigolo/Documents/joengine/Compiler/SH_NONE_ELF/bin/../lib/gcc/sh-none-elf/8.2.0/libgcc.a(_unpack_df.o)
                0x0000000006014f84                __unpack_d
 .text          0x0000000006015050       0xc8 /home/sansigolo/Documents/joengine/Compiler/SH_NONE_ELF/bin/../lib/gcc/sh-none-elf/8.2.0/libgcc.a(_fpcmp_parts_df.o)
                0x0000000006015050                __fpcmp_parts_d
 *(.strings)
                0x0000000006015118                __etext = .

.text.startup   0x0000000006015118      0x484
 .text.startup  0x0000000006015118      0x484 /tmp/cclZ70aE.ltrans0.ltrans.o
                0x0000000006015118                main

.rodata         0x00000000060155a0      0x63c
 *(.rodata)
 .rodata        0x00000000060155a0      0x12c /tmp/cclZ70aE.ltrans0.ltrans.o
 .rodata        0x00000000060156cc       0x10 /home/sansigolo/Documents/joengine/Compiler/SH_NONE_ELF/bin/../lib/gcc/sh-none-elf/8.2.0/libgcc.a(_thenan_sf.o)
                0x00000000060156cc                __thenan_sf
 .rodata        0x00000000060156dc       0x20 /home/sansigolo/Documents/joengine/Compiler/SH_NONE_ELF/bin/../lib/gcc/sh-none-elf/8.2.0/../../../../sh-none-elf/lib/libc.a(lib_a-svfprintf.o)
 .rodata        0x00000000060156fc        0x4 /home/sansigolo/Documents/joengine/Compiler/SH_NONE_ELF/bin/../lib/gcc/sh-none-elf/8.2.0/../../../../sh-none-elf/lib/libc.a(lib_a-impure.o)
                0x00000000060156fc                _global_impure_ptr
 .rodata        0x0000000006015700      0x124 /home/sansigolo/Documents/joengine/Compiler/SH_NONE_ELF/bin/../lib/gcc/sh-none-elf/8.2.0/../../../../sh-none-elf/lib/libc.a(lib_a-mprec.o)
                0x000000000601570c                __mprec_tinytens
                0x0000000006015734                __mprec_bigtens
                0x000000000601575c                __mprec_tens
 .rodata        0x0000000006015824       0x20 /home/sansigolo/Documents/joengine/Compiler/SH_NONE_ELF/bin/../lib/gcc/sh-none-elf/8.2.0/../../../../sh-none-elf/lib/libc.a(lib_a-svfiprintf.o)
 .rodata        0x0000000006015844      0x284 /home/sansigolo/Documents/joengine/Compiler/SH_NONE_ELF/bin/../lib/gcc/sh-none-elf/8.2.0/../../../../sh-none-elf/lib/libc.a(lib_a-ctype_.o)
                0x0000000006015844                _ctype_
                0x0000000006015948                _ctype_b
 .rodata        0x0000000006015ac8       0x14 /home/sansigolo/Documents/joengine/Compiler/SH_NONE_ELF/bin/../lib/gcc/sh-none-elf/8.2.0/libgcc.a(_thenan_df.o)
                0x0000000006015ac8                __thenan_df
 .rodata        0x0000000006015adc      0x100 /home/sansigolo/Documents/joengine/Compiler/SH_NONE_ELF/bin/../lib/gcc/sh-none-elf/8.2.0/libgcc.a(_clz.o)
                0x0000000006015adc                __clz_tab

.rodata.str1.4  0x0000000006015bdc     0x2c02
 .rodata.str1.4
                0x0000000006015bdc     0x2b90 /tmp/cclZ70aE.ltrans0.ltrans.o
                                       0x2c01 (size before relaxing)
 .rodata.str1.4
                0x000000000601876c       0x3a /home/sansigolo/Documents/joengine/Compiler/SH_NONE_ELF/bin/../lib/gcc/sh-none-elf/8.2.0/../../../../sh-none-elf/lib/libc.a(lib_a-svfprintf.o)
 *fill*         0x00000000060187a6        0x2 
 .rodata.str1.4
                0x00000000060187a8        0xd /home/sansigolo/Documents/joengine/Compiler/SH_NONE_ELF/bin/../lib/gcc/sh-none-elf/8.2.0/../../../../sh-none-elf/lib/libc.a(lib_a-dtoa.o)
                                         0x12 (size before relaxing)
 *fill*         0x00000000060187b5        0x3 
 .rodata.str1.4
                0x00000000060187b8        0xa /home/sansigolo/Documents/joengine/Compiler/SH_NONE_ELF/bin/../lib/gcc/sh-none-elf/8.2.0/../../../../sh-none-elf/lib/libc.a(lib_a-locale.o)
                                         0x12 (size before relaxing)
 .rodata.str1.4
                0x00000000060187c2       0x25 /home/sansigolo/Documents/joengine/Compiler/SH_NONE_ELF/bin/../lib/gcc/sh-none-elf/8.2.0/../../../../sh-none-elf/lib/libc.a(lib_a-svfiprintf.o)
 *fill*         0x00000000060187c2        0x2 
 .rodata.str1.4
                0x00000000060187c4       0x1a /home/sansigolo/Documents/joengine/Compiler/SH_NONE_ELF/bin/../lib/gcc/sh-none-elf/8.2.0/../../../../sh-none-elf/lib/libc.a(lib_a-syscalls.o)

.eh_frame       0x00000000060187e0      0x170
 .eh_frame      0x00000000060187e0       0xa8 /home/sansigolo/Documents/joengine/Compiler/SH_NONE_ELF/bin/../lib/gcc/sh-none-elf/8.2.0/libgcc.a(_udivdi3.o)
 .eh_frame      0x0000000006018888       0xc8 /home/sansigolo/Documents/joengine/Compiler/SH_NONE_ELF/bin/../lib/gcc/sh-none-elf/8.2.0/libgcc.a(_umoddi3.o)
                                         0xdc (size before relaxing)

.rela.dyn       0x0000000006018950        0x0
 .rela.text     0x0000000006018950        0x0 /home/sansigolo/Documents/joengine/Compiler/SH_NONE_ELF/bin/../lib/gcc/sh-none-elf/8.2.0/../../../../sh-none-elf/lib/libc.a(lib_a-sbrkr.o)
 .rela.text.startup
                0x0000000006018950        0x0 /home/sansigolo/Documents/joengine/Compiler/SH_NONE_ELF/bin/../lib/gcc/sh-none-elf/8.2.0/../../../../sh-none-elf/lib/libc.a(lib_a-sbrkr.o)

SLPROG          0x0000000006018960    0x11720
                0x0000000006018960                __slprog_start = .
 *(SLPROG)
 SLPROG         0x0000000006018960     0x6540 ../../Compiler/SGL_302j/LIB_COFF/SGLAREA.O
                0x0000000006018960                MasterStack
                0x0000000006018964                SlaveStack
                0x0000000006018968                MaxVertices
                0x000000000601896a                MaxPolygons
                0x000000000601896c                SortList
                0x0000000006018970                SortListSize
                0x0000000006018974                TransList
                0x0000000006018978                Zbuffer
                0x000000000601897c                SpriteBuf
                0x0000000006018980                SpriteBufSize
                0x0000000006018984                Pbuffer
                0x0000000006018988                CommandBuf
                0x000000000601898c                CLOfstBuf
                0x0000000006018990                PCM_Work
                0x0000000006018994                PCM_WkSize
                0x0000000006018998                MaxEvents
                0x000000000601899a                EventSize
                0x000000000601899c                MaxWorks
                0x000000000601899e                WorkSize
                0x00000000060189a0                RemainEvent
                0x0000000006018aa0                RemainWork
                0x0000000006018ea0                EventBuf
                0x000000000601aea0                WorkBuf
 SLPROG         0x000000000601eea0       0x18 ../../Compiler/SGL_302j/LIB_COFF/LIBSGL.A(sglA15.o)
                0x000000000601eea0                slSlaveFunc
 *fill*         0x000000000601eeb8        0x8 
 SLPROG         0x000000000601eec0      0x42c ../../Compiler/SGL_302j/LIB_COFF/LIBSGL.A(sglA20.o)
                0x000000000601eec0                slInitMatrix
                0x000000000601eeca                slPushUnitMatrix
                0x000000000601eede                slUnitMatrix
 *fill*         0x000000000601f2ec        0x4 
 SLPROG         0x000000000601f2f0       0x48 ../../Compiler/SGL_302j/LIB_COFF/LIBSGL.A(sglA21.o)
                0x000000000601f2f0                slPushMatrix
                0x000000000601f324                slPopMatrix
                0x000000000601f324                slDecMatrixPtr
 *fill*         0x000000000601f338        0x8 
 SLPROG         0x000000000601f340       0x50 ../../Compiler/SGL_302j/LIB_COFF/LIBSGL.A(sglA27.o)
                0x000000000601f340                slTranslate
 SLPROG         0x000000000601f390       0x20 ../../Compiler/SGL_302j/LIB_COFF/LIBSGL.A(sglB001.o)
                0x000000000601f390                slTVOn
                0x000000000601f39a                slTVOff
 SLPROG         0x000000000601f3b0       0x24 ../../Compiler/SGL_302j/LIB_COFF/LIBSGL.A(sglB011.o)
                0x000000000601f3b0                slBitMapNbg1
 *fill*         0x000000000601f3d4        0xc 
 SLPROG         0x000000000601f3e0      0x40c ../../Compiler/SGL_302j/LIB_COFF/LIBSGL.A(sglB015.o)
                0x000000000601f3e0                slScrAutoDisp
 *fill*         0x000000000601f7ec        0x4 
 SLPROG         0x000000000601f7f0        0xc ../../Compiler/SGL_302j/LIB_COFF/LIBSGL.A(sglB016.o)
                0x000000000601f7f0                slBack1ColSet
 *fill*         0x000000000601f7fc        0x4 
 SLPROG         0x000000000601f800       0xb4 ../../Compiler/SGL_302j/LIB_COFF/LIBSGL.A(sglB032.o)
                0x000000000601f800                slMapNbg1
 *fill*         0x000000000601f8b4        0xc 
 SLPROG         0x000000000601f8c0        0xc ../../Compiler/SGL_302j/LIB_COFF/LIBSGL.A(sglB053.o)
                0x000000000601f8c0                slZoomNbg1
 *fill*         0x000000000601f8cc        0x4 
 SLPROG         0x000000000601f8d0        0xc ../../Compiler/SGL_302j/LIB_COFF/LIBSGL.A(sglB056.o)
                0x000000000601f8d0                slPlaneNbg1
 *fill*         0x000000000601f8dc        0x4 
 SLPROG         0x000000000601f8e0        0xc ../../Compiler/SGL_302j/LIB_COFF/LIBSGL.A(sglB063.o)
                0x000000000601f8e0                slPriority
 *fill*         0x000000000601f8ec        0x4 
 SLPROG         0x000000000601f8f0      0x114 ../../Compiler/SGL_302j/LIB_COFF/LIBSGL.A(sglB200.o)
                0x000000000601f8f0                slCharRbg0
                0x000000000601f8fc                slCharNbg0
                0x000000000601f908                slCharNbg1
                0x000000000601f914                slCharNbg2
                0x000000000601f92a                slCharNbg3
                0x000000000601f942                slPageRbg0
                0x000000000601f958                slPageNbg1
                0x000000000601f960                slPageNbg2
                0x000000000601f968                slPageNbg3
                0x000000000601f974                slPageNbg0
 *fill*         0x000000000601fa04        0xc 
 SLPROG         0x000000000601fa10       0x78 ../../Compiler/SGL_302j/LIB_COFF/LIBSGL.A(sglC05.o)
                0x000000000601fa10                slSetSprite
 *fill*         0x000000000601fa88        0x8 
 SLPROG         0x000000000601fa90       0xfa ../../Compiler/SGL_302j/LIB_COFF/LIBSGL.A(sglC06.o)
                0x000000000601fa90                slDispSprite
 *fill*         0x000000000601fb8a        0x6 
 SLPROG         0x000000000601fb90      0x162 ../../Compiler/SGL_302j/LIB_COFF/LIBSGL.A(sglC07.o)
                0x000000000601fb96                slPutSprite
 *fill*         0x000000000601fcf2        0xe 
 SLPROG         0x000000000601fd00     0x1218 ../../Compiler/SGL_302j/LIB_COFF/LIBSGL.A(sglC08.o)
                0x000000000601fd00                slPutPolygon
                0x000000000602097c                MsCalcDepthFlat
 *fill*         0x0000000006020f18        0x8 
 SLPROG         0x0000000006020f20       0x40 ../../Compiler/SGL_302j/LIB_COFF/LIBSGL.A(sglC20.o)
                0x0000000006020f20                SpriteEntry
 SLPROG         0x0000000006020f60       0x84 ../../Compiler/SGL_302j/LIB_COFF/LIBSGL.A(sglD00.o)
                0x0000000006020f60                slDMACopy
                0x0000000006020f60                slCpuDMACopy
                0x0000000006020fba                slCashPurge
                0x0000000006020fba                CSH_AllClr
 *fill*         0x0000000006020fe4        0xc 
 SLPROG         0x0000000006020ff0       0xa0 ../../Compiler/SGL_302j/LIB_COFF/LIBSGL.A(sglD01.o)
                0x0000000006020ff0                slDMAXCopy
 SLPROG         0x0000000006021090        0xc ../../Compiler/SGL_302j/LIB_COFF/LIBSGL.A(sglD03.o)
                0x0000000006021090                slDMAStatus
 *fill*         0x000000000602109c        0x4 
 SLPROG         0x00000000060210a0       0x20 ../../Compiler/SGL_302j/LIB_COFF/LIBSGL.A(sglD15.o)
                0x00000000060210a0                CSH_Purge
 SLPROG         0x00000000060210c0       0x84 ../../Compiler/SGL_302j/LIB_COFF/LIBSGL.A(sglD16.o)
                0x00000000060210c0                DMA_ScuSetPrm
                0x0000000006021108                DMA_SCU_PRM0
 *fill*         0x0000000006021144        0xc 
 SLPROG         0x0000000006021150       0x88 ../../Compiler/SGL_302j/LIB_COFF/LIBSGL.A(sglD17.o)
                0x0000000006021150                DMA_ScuStart
 *fill*         0x00000000060211d8        0x8 
 SLPROG         0x00000000060211e0       0x34 ../../Compiler/SGL_302j/LIB_COFF/LIBSGL.A(sglD18.o)
                0x00000000060211e0                DMA_ScuGetStatus
 *fill*         0x0000000006021214        0xc 
 SLPROG         0x0000000006021220       0x4e ../../Compiler/SGL_302j/LIB_COFF/LIBSGL.A(sglF00.o)
                0x0000000006021220                slCurScrn
                0x0000000006021230                slCurColor
                0x000000000602123a                slLocate
                0x000000000602126c                CurrentScreen
 *fill*         0x000000000602126e        0x2 
 SLPROG         0x0000000006021270       0x1c ../../Compiler/SGL_302j/LIB_COFF/LIBSGL.A(sglF05.o)
                0x0000000006021270                slPrint
 *fill*         0x000000000602128c        0x4 
 SLPROG         0x0000000006021290      0xfc8 ../../Compiler/SGL_302j/LIB_COFF/LIBSGL.A(sglH00.o)
                0x00000000060212a8                slGetPortDir1
                0x00000000060212b0                slGetPortDir2
                0x00000000060212b8                slSetPortDir1
                0x00000000060212e2                slSetPortDir2
                0x000000000602131c                slGetPortData1
                0x0000000006021324                slGetPortData2
                0x000000000602132c                slSetPortData1
                0x0000000006021336                slSetPortData2
                0x0000000006021348                slGetPortSelect1
                0x0000000006021352                slGetPortSelect2
                0x000000000602135c                slSetPortSelect1
                0x0000000006021390                slSetPortSelect2
                0x00000000060213cc                slGetPortExt1
                0x00000000060213d6                slGetPortExt2
                0x00000000060213e0                slSetPortExt1
                0x0000000006021410                slSetPortExt2
                0x0000000006021584                slSmpcDirectAccess
                0x0000000006021604                slInitPeripheral
                0x0000000006021696                slSetResultBuffer
                0x0000000006021722                slCheckIntBackSet
                0x000000000602172e                slIntBackCancel
                0x0000000006021758                slCheckReset
                0x0000000006021762                slClearReset
                0x0000000006021928                slSmpcCashSend
                0x00000000060219e4                slSmpcCashBlow
                0x0000000006021ac0                slGetOptimize
                0x0000000006021aca                slSetOptimize
                0x0000000006021af0                slGetPortMode1
                0x0000000006021afc                slGetPortMode2
                0x0000000006021b0a                slSetPortMode1
                0x0000000006021b48                slSetPortMode2
                0x0000000006021cd4                slRequestCommand
                0x0000000006021d44                Smpc_Status
                0x0000000006021d48                Smpc_Result
                0x0000000006021d4c                Smpc_Peripheral
                0x0000000006021d52                Per_Connect1
                0x0000000006021d53                Per_Connect2
                0x0000000006021d74                SmpcStatusBuf
 *fill*         0x0000000006022258        0x8 
 SLPROG         0x0000000006022260       0xa8 ../../Compiler/SGL_302j/LIB_COFF/LIBSGL.A(sglH01.o)
                0x0000000006022260                slGetLanguage
                0x000000000602226a                slSetLanguage
                0x000000000602228c                slGetSoundEffect
                0x0000000006022298                slSetSoundEffect
                0x00000000060222b4                slGetSoundOutput
                0x00000000060222c0                slSetSoundOutput
                0x00000000060222dc                slGetHelpWindow
                0x00000000060222e8                slSetHelpWindow
 *fill*         0x0000000006022308        0x8 
 SLPROG         0x0000000006022310      0x470 ../../Compiler/SGL_302j/LIB_COFF/LIBSGL.A(sglH02.o)
                0x0000000006022700                smpc_pfr_tbl
                0x0000000006022740                smpc_ptf_tbl
 SLPROG         0x0000000006022780       0x60 ../../Compiler/SGL_302j/LIB_COFF/LIBSGL.A(sglH04.o)
                0x0000000006022780                slComPrmIntBack
                0x0000000006022794                slComPrmSetMemory
                0x00000000060227aa                slComPrmSetTime
 SLPROG         0x00000000060227e0      0x3a4 ../../Compiler/SGL_302j/LIB_COFF/LIBSGL.A(sglI01.o)
                0x00000000060227e0                slInitSynch
                0x00000000060227fa                slSynch
                0x00000000060228f0                slRandom
                0x000000000602290e                PCM_EndCheck
                0x00000000060229ca                RetPCMBuf
                0x0000000006022a64                PCM_Buf
                0x0000000006022b04                Sound_Buf
 *fill*         0x0000000006022b84        0xc 
 SLPROG         0x0000000006022b90       0x74 ../../Compiler/SGL_302j/LIB_COFF/LIBSGL.A(sglJ00.o)
                0x0000000006022b90                InitSlaveSH
                0x0000000006022bf8                SlaveCommand
 *fill*         0x0000000006022c04        0xc 
 SLPROG         0x0000000006022c10      0x3d0 ../../Compiler/SGL_302j/LIB_COFF/LIBSGL.A(sglJ01.o)
                0x0000000006022c10                SlaveControl
                0x0000000006022fcc                ErasePolygonData
 SLPROG         0x0000000006022fe0     0x12b8 ../../Compiler/SGL_302j/LIB_COFF/LIBSGL.A(sglJ02.o)
                0x0000000006022fe0                sbMakePolygon
                0x00000000060231c8                sbCalcPolygon
                0x0000000006023f00                SetTexture
                0x0000000006023f0c                SetPolygon
                0x0000000006023f14                SetPosition
                0x0000000006023f4c                stvtc_4
                0x0000000006024004                stvtc_3
                0x0000000006024214                stvtc_1
                0x0000000006024228                stvtc_2
                0x000000000602423c                stvtc_0
 *fill*         0x0000000006024298        0x8 
 SLPROG         0x00000000060242a0      0x140 ../../Compiler/SGL_302j/LIB_COFF/LIBSGL.A(sglJ03.o)
                0x00000000060242a0                sbMakeDMATable
 SLPROG         0x00000000060243e0      0x470 ../../Compiler/SGL_302j/LIB_COFF/LIBSGL.A(sglJ04.o)
                0x000000000602443e                sbMakeSprite
                0x00000000060244a4                sbMakeRotSprite
 SLPROG         0x0000000006024850       0x3c ../../Compiler/SGL_302j/LIB_COFF/LIBSGL.A(sglJ05.o)
                0x0000000006024850                sbSortEntry
 *fill*         0x000000000602488c        0x4 
 SLPROG         0x0000000006024890       0x6a ../../Compiler/SGL_302j/LIB_COFF/LIBSGL.A(sglM01.o)
                0x0000000006024890                slSetDepthLimit
                0x00000000060248bc                slSetDepthTbl
                0x00000000060248ec                DepthWorkArea
 *fill*         0x00000000060248fa        0x6 
 SLPROG         0x0000000006024900       0x20 ../../Compiler/SGL_302j/LIB_COFF/LIBSGL.A(sglA00.o)
                0x0000000006024900                set_imask
                0x0000000006024900                _builtin_set_imask
                0x0000000006024914                get_imask
                0x0000000006024914                _builtin_get_imask
 SLPROG         0x0000000006024920     0x411e ../../Compiler/SGL_302j/LIB_COFF/LIBSGL.A(sglA01.o)
                0x0000000006024920                slSin
                0x0000000006024944                slCos
                0x0000000006024968                GetSinCos
                0x00000000060249fc                sin_cos_index_tbl
                0x0000000006024a3c                sin_tbl
 *fill*         0x0000000006028a3e        0x2 
 SLPROG         0x0000000006028a40      0xbd0 ../../Compiler/SGL_302j/LIB_COFF/LIBSGL.A(sglB000.o)
                0x0000000006028a40                slInitScroll
                0x0000000006028b60                setASC_1to8
                0x0000000006028b90                setASC_4to8
                0x0000000006028ca0                TVSizeTbl
                0x0000000006028d20                TVModeTbl
                0x0000000006028ef8                SGL_ASCII_CG
 SLPROG         0x0000000006029610       0xd4 ../../Compiler/SGL_302j/LIB_COFF/LIBSGL.A(sglB035.o)
                0x0000000006029610                sl1MapRA
                0x00000000060296a2                rbank_set
 *fill*         0x00000000060296e4        0xc 
 SLPROG         0x00000000060296f0      0x134 ../../Compiler/SGL_302j/LIB_COFF/LIBSGL.A(sglC00.o)
                0x00000000060296f0                slInitSprite
 *fill*         0x0000000006029824        0xc 
 SLPROG         0x0000000006029830      0x75c ../../Compiler/SGL_302j/LIB_COFF/LIBSGL.A(sglI00.o)
                0x0000000006029b20                slInitInterrupt
 *fill*         0x0000000006029f8c        0x4 
 SLPROG         0x0000000006029f90       0xf0 ../../Compiler/SGL_302j/LIB_COFF/LIBSGL.A(sglH03.o)
                0x0000000006029ff4                slSmpcIntBack
                0x000000000602a080                __slprog_end = .

.tors           0x000000000602a080        0x0
                0x000000000602a080                ___ctors = .
 *(.ctors)
                0x000000000602a080                ___ctors_end = .
                0x000000000602a080                ___dtors = .
 *(.dtors)
                0x000000000602a080                ___dtors_end = .

.data           0x000000000602a080      0x624
 *(.data)
 .data          0x000000000602a080        0x0 ../../Compiler/SGL_302j/LIB_COFF/SGLAREA.O
 .data          0x000000000602a080        0xc /tmp/cclZ70aE.ltrans0.ltrans.o
 *fill*         0x000000000602a08c        0x4 
 .data          0x000000000602a090        0x0 ../../Compiler/SGL_302j/LIB_COFF/SEGA_SYS.A(sys_exit.o)
 .data          0x000000000602a090        0x0 ../../Compiler/SGL_302j/LIB_COFF/SEGA_SYS.A(sys_sub.o)
 .data          0x000000000602a090        0x0 ../../Compiler/SGL_302j/LIB_COFF/LIBCD.A(CDC_CMN.O)
 .data          0x000000000602a090        0x0 ../../Compiler/SGL_302j/LIB_COFF/LIBCD.A(CDC_CFS.O)
 .data          0x000000000602a090        0x0 ../../Compiler/SGL_302j/LIB_COFF/LIBCD.A(CDC_REG.O)
 .data          0x000000000602a090        0x0 ../../Compiler/SGL_302j/LIB_COFF/LIBCD.A(CDC_SUB.O)
 .data          0x000000000602a090        0x0 ../../Compiler/SGL_302j/LIB_COFF/LIBCD.A(GFS.O)
 .data          0x000000000602a090        0x0 ../../Compiler/SGL_302j/LIB_COFF/LIBCD.A(GFS_BUF.O)
 .data          0x000000000602a090        0x0 ../../Compiler/SGL_302j/LIB_COFF/LIBCD.A(GFS_CDB.O)
 .data          0x000000000602a090        0x0 ../../Compiler/SGL_302j/LIB_COFF/LIBCD.A(GFS_CDC.O)
 .data          0x000000000602a090        0x0 ../../Compiler/SGL_302j/LIB_COFF/LIBCD.A(GFS_CDF.O)
 .data          0x000000000602a090        0x0 ../../Compiler/SGL_302j/LIB_COFF/LIBCD.A(GFS_DIR.O)
 .data          0x000000000602a090        0x0 ../../Compiler/SGL_302j/LIB_COFF/LIBCD.A(GFS_TRN.O)
 .data          0x000000000602a090        0x0 ../../Compiler/SGL_302j/LIB_COFF/LIBCD.A(CDC_DRV.O)
 .data          0x000000000602a090        0x0 ../../Compiler/SGL_302j/LIB_COFF/LIBCD.A(CDC_DEV.O)
 .data          0x000000000602a090        0x0 ../../Compiler/SGL_302j/LIB_COFF/LIBCD.A(CDC_SEL.O)
 .data          0x000000000602a090        0x0 ../../Compiler/SGL_302j/LIB_COFF/LIBCD.A(CDC_BIF.O)
 .data          0x000000000602a090        0x0 ../../Compiler/SGL_302j/LIB_COFF/LIBCD.A(CDC_BIO.O)
 .data          0x000000000602a090        0x0 ../../Compiler/SGL_302j/LIB_COFF/LIBSGL.A(sglA15.o)
 .data          0x000000000602a090        0x0 ../../Compiler/SGL_302j/LIB_COFF/LIBSGL.A(sglA20.o)
 .data          0x000000000602a090        0x0 ../../Compiler/SGL_302j/LIB_COFF/LIBSGL.A(sglA21.o)
 .data          0x000000000602a090        0x0 ../../Compiler/SGL_302j/LIB_COFF/LIBSGL.A(sglA27.o)
 .data          0x000000000602a090        0x0 ../../Compiler/SGL_302j/LIB_COFF/LIBSGL.A(sglB001.o)
 .data          0x000000000602a090        0x0 ../../Compiler/SGL_302j/LIB_COFF/LIBSGL.A(sglB011.o)
 .data          0x000000000602a090        0x0 ../../Compiler/SGL_302j/LIB_COFF/LIBSGL.A(sglB015.o)
 .data          0x000000000602a090        0x0 ../../Compiler/SGL_302j/LIB_COFF/LIBSGL.A(sglB016.o)
 .data          0x000000000602a090        0x0 ../../Compiler/SGL_302j/LIB_COFF/LIBSGL.A(sglB032.o)
 .data          0x000000000602a090        0x0 ../../Compiler/SGL_302j/LIB_COFF/LIBSGL.A(sglB053.o)
 .data          0x000000000602a090        0x0 ../../Compiler/SGL_302j/LIB_COFF/LIBSGL.A(sglB056.o)
 .data          0x000000000602a090        0x0 ../../Compiler/SGL_302j/LIB_COFF/LIBSGL.A(sglB063.o)
 .data          0x000000000602a090        0x0 ../../Compiler/SGL_302j/LIB_COFF/LIBSGL.A(sglB200.o)
 .data          0x000000000602a090        0x0 ../../Compiler/SGL_302j/LIB_COFF/LIBSGL.A(sglC05.o)
 .data          0x000000000602a090        0x0 ../../Compiler/SGL_302j/LIB_COFF/LIBSGL.A(sglC06.o)
 .data          0x000000000602a090        0x0 ../../Compiler/SGL_302j/LIB_COFF/LIBSGL.A(sglC07.o)
 .data          0x000000000602a090        0x0 ../../Compiler/SGL_302j/LIB_COFF/LIBSGL.A(sglC08.o)
 .data          0x000000000602a090        0x0 ../../Compiler/SGL_302j/LIB_COFF/LIBSGL.A(sglC20.o)
 .data          0x000000000602a090        0x0 ../../Compiler/SGL_302j/LIB_COFF/LIBSGL.A(sglD00.o)
 .data          0x000000000602a090        0x0 ../../Compiler/SGL_302j/LIB_COFF/LIBSGL.A(sglD01.o)
 .data          0x000000000602a090        0x0 ../../Compiler/SGL_302j/LIB_COFF/LIBSGL.A(sglD03.o)
 .data          0x000000000602a090        0x0 ../../Compiler/SGL_302j/LIB_COFF/LIBSGL.A(sglD15.o)
 .data          0x000000000602a090        0x0 ../../Compiler/SGL_302j/LIB_COFF/LIBSGL.A(sglD16.o)
 .data          0x000000000602a090        0x0 ../../Compiler/SGL_302j/LIB_COFF/LIBSGL.A(sglD17.o)
 .data          0x000000000602a090        0x0 ../../Compiler/SGL_302j/LIB_COFF/LIBSGL.A(sglD18.o)
 .data          0x000000000602a090        0x0 ../../Compiler/SGL_302j/LIB_COFF/LIBSGL.A(sglF00.o)
 .data          0x000000000602a090        0x0 ../../Compiler/SGL_302j/LIB_COFF/LIBSGL.A(sglF05.o)
 .data          0x000000000602a090        0x0 ../../Compiler/SGL_302j/LIB_COFF/LIBSGL.A(sglH00.o)
 .data          0x000000000602a090        0x0 ../../Compiler/SGL_302j/LIB_COFF/LIBSGL.A(sglH01.o)
 .data          0x000000000602a090        0x0 ../../Compiler/SGL_302j/LIB_COFF/LIBSGL.A(sglH02.o)
 .data          0x000000000602a090        0x0 ../../Compiler/SGL_302j/LIB_COFF/LIBSGL.A(sglH04.o)
 .data          0x000000000602a090        0x0 ../../Compiler/SGL_302j/LIB_COFF/LIBSGL.A(sglI01.o)
 .data          0x000000000602a090       0x80 ../../Compiler/SGL_302j/LIB_COFF/LIBSGL.A(sglIc0.o)
                0x000000000602a090                IntPrioMask
 .data          0x000000000602a110        0x0 ../../Compiler/SGL_302j/LIB_COFF/LIBSGL.A(sglJ00.o)
 .data          0x000000000602a110        0x0 ../../Compiler/SGL_302j/LIB_COFF/LIBSGL.A(sglJ01.o)
 .data          0x000000000602a110        0x0 ../../Compiler/SGL_302j/LIB_COFF/LIBSGL.A(sglJ02.o)
 .data          0x000000000602a110        0x0 ../../Compiler/SGL_302j/LIB_COFF/LIBSGL.A(sglJ03.o)
 .data          0x000000000602a110        0x0 ../../Compiler/SGL_302j/LIB_COFF/LIBSGL.A(sglJ04.o)
 .data          0x000000000602a110        0x0 ../../Compiler/SGL_302j/LIB_COFF/LIBSGL.A(sglJ05.o)
 .data          0x000000000602a110        0x0 ../../Compiler/SGL_302j/LIB_COFF/LIBSGL.A(sglK01.o)
 .data          0x000000000602a110        0x0 ../../Compiler/SGL_302j/LIB_COFF/LIBSGL.A(sglM01.o)
 .data          0x000000000602a110        0x0 ../../Compiler/SGL_302j/LIB_COFF/LIBSGL.A(sglA00.o)
 .data          0x000000000602a110        0x0 ../../Compiler/SGL_302j/LIB_COFF/LIBSGL.A(sglA01.o)
 .data          0x000000000602a110        0x0 ../../Compiler/SGL_302j/LIB_COFF/LIBSGL.A(sglB000.o)
 .data          0x000000000602a110        0x0 ../../Compiler/SGL_302j/LIB_COFF/LIBSGL.A(sglB035.o)
 .data          0x000000000602a110        0x0 ../../Compiler/SGL_302j/LIB_COFF/LIBSGL.A(sglC00.o)
 .data          0x000000000602a110        0x0 ../../Compiler/SGL_302j/LIB_COFF/LIBSGL.A(sglI00.o)
 .data          0x000000000602a110        0x0 ../../Compiler/SGL_302j/LIB_COFF/LIBSGL.A(sglH03.o)
 .data          0x000000000602a110        0x0 /home/sansigolo/Documents/joengine/Compiler/SH_NONE_ELF/bin/../lib/gcc/sh-none-elf/8.2.0/libgcc.a(_ashiftrt.o)
 .data          0x000000000602a110        0x0 /home/sansigolo/Documents/joengine/Compiler/SH_NONE_ELF/bin/../lib/gcc/sh-none-elf/8.2.0/libgcc.a(_sdivsi3.o)
 .data          0x000000000602a110        0x0 /home/sansigolo/Documents/joengine/Compiler/SH_NONE_ELF/bin/../lib/gcc/sh-none-elf/8.2.0/libgcc.a(_udivsi3.o)
 .data          0x000000000602a110        0x0 /home/sansigolo/Documents/joengine/Compiler/SH_NONE_ELF/bin/../lib/gcc/sh-none-elf/8.2.0/libgcc.a(_mul_sf.o)
 .data          0x000000000602a110        0x0 /home/sansigolo/Documents/joengine/Compiler/SH_NONE_ELF/bin/../lib/gcc/sh-none-elf/8.2.0/libgcc.a(_div_sf.o)
 .data          0x000000000602a110        0x0 /home/sansigolo/Documents/joengine/Compiler/SH_NONE_ELF/bin/../lib/gcc/sh-none-elf/8.2.0/libgcc.a(_sf_to_si.o)
 .data          0x000000000602a110        0x0 /home/sansigolo/Documents/joengine/Compiler/SH_NONE_ELF/bin/../lib/gcc/sh-none-elf/8.2.0/libgcc.a(_thenan_sf.o)
 .data          0x000000000602a110        0x0 /home/sansigolo/Documents/joengine/Compiler/SH_NONE_ELF/bin/../lib/gcc/sh-none-elf/8.2.0/libgcc.a(_usi_to_sf.o)
 .data          0x000000000602a110        0x0 /home/sansigolo/Documents/joengine/Compiler/SH_NONE_ELF/bin/../lib/gcc/sh-none-elf/8.2.0/libgcc.a(_pack_sf.o)
 .data          0x000000000602a110        0x0 /home/sansigolo/Documents/joengine/Compiler/SH_NONE_ELF/bin/../lib/gcc/sh-none-elf/8.2.0/libgcc.a(_unpack_sf.o)
 .data          0x000000000602a110        0x0 /home/sansigolo/Documents/joengine/Compiler/SH_NONE_ELF/bin/../lib/gcc/sh-none-elf/8.2.0/../../../../sh-none-elf/lib/libc.a(lib_a-memcmp.o)
 .data          0x000000000602a110        0x0 /home/sansigolo/Documents/joengine/Compiler/SH_NONE_ELF/bin/../lib/gcc/sh-none-elf/8.2.0/../../../../sh-none-elf/lib/libc.a(lib_a-memcpy.o)
 .data          0x000000000602a110        0x0 /home/sansigolo/Documents/joengine/Compiler/SH_NONE_ELF/bin/../lib/gcc/sh-none-elf/8.2.0/../../../../sh-none-elf/lib/libc.a(lib_a-memset.o)
 .data          0x000000000602a110        0x0 /home/sansigolo/Documents/joengine/Compiler/SH_NONE_ELF/bin/../lib/gcc/sh-none-elf/8.2.0/../../../../sh-none-elf/lib/libc.a(lib_a-sprintf.o)
 .data          0x000000000602a110        0x0 /home/sansigolo/Documents/joengine/Compiler/SH_NONE_ELF/bin/../lib/gcc/sh-none-elf/8.2.0/../../../../sh-none-elf/lib/libc.a(lib_a-strncmp.o)
 .data          0x000000000602a110        0x0 /home/sansigolo/Documents/joengine/Compiler/SH_NONE_ELF/bin/../lib/gcc/sh-none-elf/8.2.0/../../../../sh-none-elf/lib/libc.a(lib_a-strncpy.o)
 .data          0x000000000602a110        0x0 /home/sansigolo/Documents/joengine/Compiler/SH_NONE_ELF/bin/../lib/gcc/sh-none-elf/8.2.0/../../../../sh-none-elf/lib/libc.a(lib_a-svfprintf.o)
 .data          0x000000000602a110        0x0 /home/sansigolo/Documents/joengine/Compiler/SH_NONE_ELF/bin/../lib/gcc/sh-none-elf/8.2.0/../../../../sh-none-elf/lib/libc.a(lib_a-dtoa.o)
 .data          0x000000000602a110      0x428 /home/sansigolo/Documents/joengine/Compiler/SH_NONE_ELF/bin/../lib/gcc/sh-none-elf/8.2.0/../../../../sh-none-elf/lib/libc.a(lib_a-impure.o)
                0x000000000602a110                _impure_ptr
 .data          0x000000000602a538        0x0 /home/sansigolo/Documents/joengine/Compiler/SH_NONE_ELF/bin/../lib/gcc/sh-none-elf/8.2.0/../../../../sh-none-elf/lib/libc.a(lib_a-localeconv.o)
 .data          0x000000000602a538      0x16c /home/sansigolo/Documents/joengine/Compiler/SH_NONE_ELF/bin/../lib/gcc/sh-none-elf/8.2.0/../../../../sh-none-elf/lib/libc.a(lib_a-locale.o)
                0x000000000602a538                __global_locale
 .data          0x000000000602a6a4        0x0 /home/sansigolo/Documents/joengine/Compiler/SH_NONE_ELF/bin/../lib/gcc/sh-none-elf/8.2.0/../../../../sh-none-elf/lib/libc.a(lib_a-mbtowc_r.o)
 .data          0x000000000602a6a4        0x0 /home/sansigolo/Documents/joengine/Compiler/SH_NONE_ELF/bin/../lib/gcc/sh-none-elf/8.2.0/../../../../sh-none-elf/lib/libc.a(lib_a-memchr.o)
 .data          0x000000000602a6a4        0x0 /home/sansigolo/Documents/joengine/Compiler/SH_NONE_ELF/bin/../lib/gcc/sh-none-elf/8.2.0/../../../../sh-none-elf/lib/libc.a(lib_a-mprec.o)
 .data          0x000000000602a6a4        0x0 /home/sansigolo/Documents/joengine/Compiler/SH_NONE_ELF/bin/../lib/gcc/sh-none-elf/8.2.0/../../../../sh-none-elf/lib/libc.a(lib_a-nano-callocr.o)
 .data          0x000000000602a6a4        0x0 /home/sansigolo/Documents/joengine/Compiler/SH_NONE_ELF/bin/../lib/gcc/sh-none-elf/8.2.0/../../../../sh-none-elf/lib/libc.a(lib_a-nano-mallocr.o)
 .data          0x000000000602a6a4        0x0 /home/sansigolo/Documents/joengine/Compiler/SH_NONE_ELF/bin/../lib/gcc/sh-none-elf/8.2.0/../../../../sh-none-elf/lib/libc.a(lib_a-sbrkr.o)
 .data          0x000000000602a6a4        0x0 /home/sansigolo/Documents/joengine/Compiler/SH_NONE_ELF/bin/../lib/gcc/sh-none-elf/8.2.0/../../../../sh-none-elf/lib/libc.a(lib_a-strcmp.o)
 .data          0x000000000602a6a4        0x0 /home/sansigolo/Documents/joengine/Compiler/SH_NONE_ELF/bin/../lib/gcc/sh-none-elf/8.2.0/../../../../sh-none-elf/lib/libc.a(lib_a-strlen.o)
 .data          0x000000000602a6a4        0x0 /home/sansigolo/Documents/joengine/Compiler/SH_NONE_ELF/bin/../lib/gcc/sh-none-elf/8.2.0/../../../../sh-none-elf/lib/libc.a(lib_a-svfiprintf.o)
 .data          0x000000000602a6a4        0x0 /home/sansigolo/Documents/joengine/Compiler/SH_NONE_ELF/bin/../lib/gcc/sh-none-elf/8.2.0/../../../../sh-none-elf/lib/libc.a(lib_a-syscalls.o)
 .data          0x000000000602a6a4        0x0 /home/sansigolo/Documents/joengine/Compiler/SH_NONE_ELF/bin/../lib/gcc/sh-none-elf/8.2.0/../../../../sh-none-elf/lib/libc.a(lib_a-trap.o)
 .data          0x000000000602a6a4        0x0 /home/sansigolo/Documents/joengine/Compiler/SH_NONE_ELF/bin/../lib/gcc/sh-none-elf/8.2.0/../../../../sh-none-elf/lib/libc.a(lib_a-wctomb_r.o)
 .data          0x000000000602a6a4        0x0 /home/sansigolo/Documents/joengine/Compiler/SH_NONE_ELF/bin/../lib/gcc/sh-none-elf/8.2.0/../../../../sh-none-elf/lib/libc.a(lib_a-abort.o)
 .data          0x000000000602a6a4        0x0 /home/sansigolo/Documents/joengine/Compiler/SH_NONE_ELF/bin/../lib/gcc/sh-none-elf/8.2.0/../../../../sh-none-elf/lib/libc.a(lib_a-ctype_.o)
 .data          0x000000000602a6a4        0x0 /home/sansigolo/Documents/joengine/Compiler/SH_NONE_ELF/bin/../lib/gcc/sh-none-elf/8.2.0/../../../../sh-none-elf/lib/libc.a(lib_a-memmove.o)
 .data          0x000000000602a6a4        0x0 /home/sansigolo/Documents/joengine/Compiler/SH_NONE_ELF/bin/../lib/gcc/sh-none-elf/8.2.0/../../../../sh-none-elf/lib/libc.a(lib_a-mlock.o)
 .data          0x000000000602a6a4        0x0 /home/sansigolo/Documents/joengine/Compiler/SH_NONE_ELF/bin/../lib/gcc/sh-none-elf/8.2.0/../../../../sh-none-elf/lib/libc.a(lib_a-nano-freer.o)
 .data          0x000000000602a6a4        0x0 /home/sansigolo/Documents/joengine/Compiler/SH_NONE_ELF/bin/../lib/gcc/sh-none-elf/8.2.0/../../../../sh-none-elf/lib/libc.a(lib_a-nano-reallocr.o)
 .data          0x000000000602a6a4        0x0 /home/sansigolo/Documents/joengine/Compiler/SH_NONE_ELF/bin/../lib/gcc/sh-none-elf/8.2.0/../../../../sh-none-elf/lib/libc.a(lib_a-signal.o)
 .data          0x000000000602a6a4        0x0 /home/sansigolo/Documents/joengine/Compiler/SH_NONE_ELF/bin/../lib/gcc/sh-none-elf/8.2.0/../../../../sh-none-elf/lib/libc.a(lib_a-signalr.o)
 .data          0x000000000602a6a4        0x0 /home/sansigolo/Documents/joengine/Compiler/SH_NONE_ELF/bin/../lib/gcc/sh-none-elf/8.2.0/../../../../sh-none-elf/lib/libc.a(lib_a-nano-msizer.o)
 .data          0x000000000602a6a4        0x0 /home/sansigolo/Documents/joengine/Compiler/SH_NONE_ELF/bin/../lib/gcc/sh-none-elf/8.2.0/libgcc.a(_ashiftrt_n.o)
 .data          0x000000000602a6a4        0x0 /home/sansigolo/Documents/joengine/Compiler/SH_NONE_ELF/bin/../lib/gcc/sh-none-elf/8.2.0/libgcc.a(_ashiftlt.o)
 .data          0x000000000602a6a4        0x0 /home/sansigolo/Documents/joengine/Compiler/SH_NONE_ELF/bin/../lib/gcc/sh-none-elf/8.2.0/libgcc.a(_lshiftrt.o)
 .data          0x000000000602a6a4        0x0 /home/sansigolo/Documents/joengine/Compiler/SH_NONE_ELF/bin/../lib/gcc/sh-none-elf/8.2.0/libgcc.a(_udivdi3.o)
 .data          0x000000000602a6a4        0x0 /home/sansigolo/Documents/joengine/Compiler/SH_NONE_ELF/bin/../lib/gcc/sh-none-elf/8.2.0/libgcc.a(_umoddi3.o)
 .data          0x000000000602a6a4        0x0 /home/sansigolo/Documents/joengine/Compiler/SH_NONE_ELF/bin/../lib/gcc/sh-none-elf/8.2.0/libgcc.a(_addsub_df.o)
 .data          0x000000000602a6a4        0x0 /home/sansigolo/Documents/joengine/Compiler/SH_NONE_ELF/bin/../lib/gcc/sh-none-elf/8.2.0/libgcc.a(_mul_df.o)
 .data          0x000000000602a6a4        0x0 /home/sansigolo/Documents/joengine/Compiler/SH_NONE_ELF/bin/../lib/gcc/sh-none-elf/8.2.0/libgcc.a(_div_df.o)
 .data          0x000000000602a6a4        0x0 /home/sansigolo/Documents/joengine/Compiler/SH_NONE_ELF/bin/../lib/gcc/sh-none-elf/8.2.0/libgcc.a(_eq_df.o)
 .data          0x000000000602a6a4        0x0 /home/sansigolo/Documents/joengine/Compiler/SH_NONE_ELF/bin/../lib/gcc/sh-none-elf/8.2.0/libgcc.a(_ne_df.o)
 .data          0x000000000602a6a4        0x0 /home/sansigolo/Documents/joengine/Compiler/SH_NONE_ELF/bin/../lib/gcc/sh-none-elf/8.2.0/libgcc.a(_gt_df.o)
 .data          0x000000000602a6a4        0x0 /home/sansigolo/Documents/joengine/Compiler/SH_NONE_ELF/bin/../lib/gcc/sh-none-elf/8.2.0/libgcc.a(_ge_df.o)
 .data          0x000000000602a6a4        0x0 /home/sansigolo/Documents/joengine/Compiler/SH_NONE_ELF/bin/../lib/gcc/sh-none-elf/8.2.0/libgcc.a(_lt_df.o)
 .data          0x000000000602a6a4        0x0 /home/sansigolo/Documents/joengine/Compiler/SH_NONE_ELF/bin/../lib/gcc/sh-none-elf/8.2.0/libgcc.a(_le_df.o)
 .data          0x000000000602a6a4        0x0 /home/sansigolo/Documents/joengine/Compiler/SH_NONE_ELF/bin/../lib/gcc/sh-none-elf/8.2.0/libgcc.a(_unord_df.o)
 .data          0x000000000602a6a4        0x0 /home/sansigolo/Documents/joengine/Compiler/SH_NONE_ELF/bin/../lib/gcc/sh-none-elf/8.2.0/libgcc.a(_si_to_df.o)
 .data          0x000000000602a6a4        0x0 /home/sansigolo/Documents/joengine/Compiler/SH_NONE_ELF/bin/../lib/gcc/sh-none-elf/8.2.0/libgcc.a(_df_to_si.o)
 .data          0x000000000602a6a4        0x0 /home/sansigolo/Documents/joengine/Compiler/SH_NONE_ELF/bin/../lib/gcc/sh-none-elf/8.2.0/libgcc.a(_thenan_df.o)
 .data          0x000000000602a6a4        0x0 /home/sansigolo/Documents/joengine/Compiler/SH_NONE_ELF/bin/../lib/gcc/sh-none-elf/8.2.0/libgcc.a(_usi_to_df.o)
 .data          0x000000000602a6a4        0x0 /home/sansigolo/Documents/joengine/Compiler/SH_NONE_ELF/bin/../lib/gcc/sh-none-elf/8.2.0/libgcc.a(_udiv_qrnnd_16.o)
 .data          0x000000000602a6a4        0x0 /home/sansigolo/Documents/joengine/Compiler/SH_NONE_ELF/bin/../lib/gcc/sh-none-elf/8.2.0/libgcc.a(_clz.o)
 .data          0x000000000602a6a4        0x0 /home/sansigolo/Documents/joengine/Compiler/SH_NONE_ELF/bin/../lib/gcc/sh-none-elf/8.2.0/libgcc.a(_clzsi2.o)
 .data          0x000000000602a6a4        0x0 /home/sansigolo/Documents/joengine/Compiler/SH_NONE_ELF/bin/../lib/gcc/sh-none-elf/8.2.0/libgcc.a(_pack_df.o)
 .data          0x000000000602a6a4        0x0 /home/sansigolo/Documents/joengine/Compiler/SH_NONE_ELF/bin/../lib/gcc/sh-none-elf/8.2.0/libgcc.a(_unpack_df.o)
 .data          0x000000000602a6a4        0x0 /home/sansigolo/Documents/joengine/Compiler/SH_NONE_ELF/bin/../lib/gcc/sh-none-elf/8.2.0/libgcc.a(_fpcmp_parts_df.o)
                0x000000000602a6a4                __edata = .

.bss            0x000000000602a6b0    0x82f1c
                0x000000000602a6b0                __bstart = .
 *(.bss)
 .bss           0x000000000602a6b0        0x0 ../../Compiler/SGL_302j/LIB_COFF/SGLAREA.O
 .bss           0x000000000602a6b0    0x82e98 /tmp/cclZ70aE.ltrans0.ltrans.o
 *fill*         0x00000000060ad548        0x8 
 .bss           0x00000000060ad550        0x4 ../../Compiler/SGL_302j/LIB_COFF/SEGA_SYS.A(sys_exit.o)
 *fill*         0x00000000060ad554        0xc 
 .bss           0x00000000060ad560        0x0 ../../Compiler/SGL_302j/LIB_COFF/SEGA_SYS.A(sys_sub.o)
 .bss           0x00000000060ad560        0x0 ../../Compiler/SGL_302j/LIB_COFF/LIBCD.A(CDC_CMN.O)
 .bss           0x00000000060ad560        0x0 ../../Compiler/SGL_302j/LIB_COFF/LIBCD.A(CDC_CFS.O)
 .bss           0x00000000060ad560        0x2 ../../Compiler/SGL_302j/LIB_COFF/LIBCD.A(CDC_REG.O)
 *fill*         0x00000000060ad562        0xe 
 .bss           0x00000000060ad570        0xc ../../Compiler/SGL_302j/LIB_COFF/LIBCD.A(CDC_SUB.O)
 *fill*         0x00000000060ad57c        0x4 
 .bss           0x00000000060ad580        0x0 ../../Compiler/SGL_302j/LIB_COFF/LIBCD.A(GFS.O)
 .bss           0x00000000060ad580        0x0 ../../Compiler/SGL_302j/LIB_COFF/LIBCD.A(GFS_BUF.O)
 .bss           0x00000000060ad580        0x0 ../../Compiler/SGL_302j/LIB_COFF/LIBCD.A(GFS_CDB.O)
 .bss           0x00000000060ad580        0x0 ../../Compiler/SGL_302j/LIB_COFF/LIBCD.A(GFS_CDC.O)
 .bss           0x00000000060ad580        0x0 ../../Compiler/SGL_302j/LIB_COFF/LIBCD.A(GFS_CDF.O)
 .bss           0x00000000060ad580        0x0 ../../Compiler/SGL_302j/LIB_COFF/LIBCD.A(GFS_DIR.O)
 .bss           0x00000000060ad580        0xc ../../Compiler/SGL_302j/LIB_COFF/LIBCD.A(GFS_TRN.O)
 *fill*         0x00000000060ad58c        0x4 
 .bss           0x00000000060ad590        0x0 ../../Compiler/SGL_302j/LIB_COFF/LIBCD.A(CDC_DRV.O)
 .bss           0x00000000060ad590        0x0 ../../Compiler/SGL_302j/LIB_COFF/LIBCD.A(CDC_DEV.O)
 .bss           0x00000000060ad590        0x0 ../../Compiler/SGL_302j/LIB_COFF/LIBCD.A(CDC_SEL.O)
 .bss           0x00000000060ad590        0x0 ../../Compiler/SGL_302j/LIB_COFF/LIBCD.A(CDC_BIF.O)
 .bss           0x00000000060ad590        0x0 ../../Compiler/SGL_302j/LIB_COFF/LIBCD.A(CDC_BIO.O)
 .bss           0x00000000060ad590        0x0 ../../Compiler/SGL_302j/LIB_COFF/LIBSGL.A(sglA15.o)
 .bss           0x00000000060ad590        0x0 ../../Compiler/SGL_302j/LIB_COFF/LIBSGL.A(sglA20.o)
 .bss           0x00000000060ad590        0x0 ../../Compiler/SGL_302j/LIB_COFF/LIBSGL.A(sglA21.o)
 .bss           0x00000000060ad590        0x0 ../../Compiler/SGL_302j/LIB_COFF/LIBSGL.A(sglA27.o)
 .bss           0x00000000060ad590        0x0 ../../Compiler/SGL_302j/LIB_COFF/LIBSGL.A(sglB001.o)
 .bss           0x00000000060ad590        0x0 ../../Compiler/SGL_302j/LIB_COFF/LIBSGL.A(sglB011.o)
 .bss           0x00000000060ad590        0x0 ../../Compiler/SGL_302j/LIB_COFF/LIBSGL.A(sglB015.o)
 .bss           0x00000000060ad590        0x0 ../../Compiler/SGL_302j/LIB_COFF/LIBSGL.A(sglB016.o)
 .bss           0x00000000060ad590        0x0 ../../Compiler/SGL_302j/LIB_COFF/LIBSGL.A(sglB032.o)
 .bss           0x00000000060ad590        0x0 ../../Compiler/SGL_302j/LIB_COFF/LIBSGL.A(sglB053.o)
 .bss           0x00000000060ad590        0x0 ../../Compiler/SGL_302j/LIB_COFF/LIBSGL.A(sglB056.o)
 .bss           0x00000000060ad590        0x0 ../../Compiler/SGL_302j/LIB_COFF/LIBSGL.A(sglB063.o)
 .bss           0x00000000060ad590        0x0 ../../Compiler/SGL_302j/LIB_COFF/LIBSGL.A(sglB200.o)
 .bss           0x00000000060ad590        0x0 ../../Compiler/SGL_302j/LIB_COFF/LIBSGL.A(sglC05.o)
 .bss           0x00000000060ad590        0x0 ../../Compiler/SGL_302j/LIB_COFF/LIBSGL.A(sglC06.o)
 .bss           0x00000000060ad590        0x0 ../../Compiler/SGL_302j/LIB_COFF/LIBSGL.A(sglC07.o)
 .bss           0x00000000060ad590        0x0 ../../Compiler/SGL_302j/LIB_COFF/LIBSGL.A(sglC08.o)
 .bss           0x00000000060ad590        0x0 ../../Compiler/SGL_302j/LIB_COFF/LIBSGL.A(sglC20.o)
 .bss           0x00000000060ad590        0x0 ../../Compiler/SGL_302j/LIB_COFF/LIBSGL.A(sglD00.o)
 .bss           0x00000000060ad590        0x0 ../../Compiler/SGL_302j/LIB_COFF/LIBSGL.A(sglD01.o)
 .bss           0x00000000060ad590        0x0 ../../Compiler/SGL_302j/LIB_COFF/LIBSGL.A(sglD03.o)
 .bss           0x00000000060ad590        0x0 ../../Compiler/SGL_302j/LIB_COFF/LIBSGL.A(sglD15.o)
 .bss           0x00000000060ad590        0x0 ../../Compiler/SGL_302j/LIB_COFF/LIBSGL.A(sglD16.o)
 .bss           0x00000000060ad590        0x0 ../../Compiler/SGL_302j/LIB_COFF/LIBSGL.A(sglD17.o)
 .bss           0x00000000060ad590        0x0 ../../Compiler/SGL_302j/LIB_COFF/LIBSGL.A(sglD18.o)
 .bss           0x00000000060ad590        0x0 ../../Compiler/SGL_302j/LIB_COFF/LIBSGL.A(sglF00.o)
 .bss           0x00000000060ad590        0x0 ../../Compiler/SGL_302j/LIB_COFF/LIBSGL.A(sglF05.o)
 .bss           0x00000000060ad590        0x0 ../../Compiler/SGL_302j/LIB_COFF/LIBSGL.A(sglH00.o)
 .bss           0x00000000060ad590        0x0 ../../Compiler/SGL_302j/LIB_COFF/LIBSGL.A(sglH01.o)
 .bss           0x00000000060ad590        0x0 ../../Compiler/SGL_302j/LIB_COFF/LIBSGL.A(sglH02.o)
 .bss           0x00000000060ad590        0x0 ../../Compiler/SGL_302j/LIB_COFF/LIBSGL.A(sglH04.o)
 .bss           0x00000000060ad590        0x0 ../../Compiler/SGL_302j/LIB_COFF/LIBSGL.A(sglI01.o)
 .bss           0x00000000060ad590        0x0 ../../Compiler/SGL_302j/LIB_COFF/LIBSGL.A(sglIc0.o)
 .bss           0x00000000060ad590        0x0 ../../Compiler/SGL_302j/LIB_COFF/LIBSGL.A(sglJ00.o)
 .bss           0x00000000060ad590        0x0 ../../Compiler/SGL_302j/LIB_COFF/LIBSGL.A(sglJ01.o)
 .bss           0x00000000060ad590        0x0 ../../Compiler/SGL_302j/LIB_COFF/LIBSGL.A(sglJ02.o)
 .bss           0x00000000060ad590        0x0 ../../Compiler/SGL_302j/LIB_COFF/LIBSGL.A(sglJ03.o)
 .bss           0x00000000060ad590        0x0 ../../Compiler/SGL_302j/LIB_COFF/LIBSGL.A(sglJ04.o)
 .bss           0x00000000060ad590        0x0 ../../Compiler/SGL_302j/LIB_COFF/LIBSGL.A(sglJ05.o)
 .bss           0x00000000060ad590        0x0 ../../Compiler/SGL_302j/LIB_COFF/LIBSGL.A(sglK01.o)
 .bss           0x00000000060ad590        0x0 ../../Compiler/SGL_302j/LIB_COFF/LIBSGL.A(sglM01.o)
 .bss           0x00000000060ad590        0x0 ../../Compiler/SGL_302j/LIB_COFF/LIBSGL.A(sglA00.o)
 .bss           0x00000000060ad590        0x0 ../../Compiler/SGL_302j/LIB_COFF/LIBSGL.A(sglA01.o)
 .bss           0x00000000060ad590        0x0 ../../Compiler/SGL_302j/LIB_COFF/LIBSGL.A(sglB000.o)
 .bss           0x00000000060ad590        0x0 ../../Compiler/SGL_302j/LIB_COFF/LIBSGL.A(sglB035.o)
 .bss           0x00000000060ad590        0x0 ../../Compiler/SGL_302j/LIB_COFF/LIBSGL.A(sglC00.o)